== blob, 3000 bots, 60s -> baselines/2026-10-07-aws-full/blob-3k-sendmmsg-1
== summary: 1708 steady-state ticks (after warmup, before clients drain), peak 3000 clients ==
  phase        p50 ms   p99 ms   max ms
  ingress        0.68     0.83     1.02
  events         1.26     1.62     1.83
  movement       0.45     0.73     0.77
  grid           0.22     0.28     0.33
  separate       0.36     0.43     0.66
  history        0.01     0.02     0.03
  shots          0.02     0.03     0.09
  serialize      0.19     0.23     0.33
  assembly       1.50     2.08     2.50
  transport      0.81     1.16     1.40
  egress         1.44     1.82     2.10
  tick           7.05     7.80     8.15
  overruns 0 | spawns 3000 despawns 3000 (5380 joins deferred) | deaths 0 respawns 0 | stand-ins: repeated 0 frozen 0 | late inputs 0 discarded 0 | bad messages 0 | recv errors 0 send errors 0
  egress (whole run): 10758282 datagrams in 10758282 sends (1.00 per send), 115200 syscalls
  ingress (whole run): 5394427 datagrams in 122882 receive calls (43.90 per call)
  ticks per ladder level (whole run): L0: 1816
  input wait on the server (datagram arrival -> applied): p50 49.7 p99 66.4 max 76.5 mean 49.3 ms
  steady state: stand-ins repeated 0 frozen 0 | late inputs 0 discarded 0
  rewind of near targets (applied step - the input's render step for that tier): p50 133 p99 167 max 200 mean 138.4 ms (n=5337475)
  rewind of mid/far targets (applied step - the input's render step for that tier): p50 267 p99 300 max 300 mean 271.4 ms (n=5337475)
  render times ahead of the server (bogus) 0
  shots 0 (late 0, refused 0, rewinds capped 0) | hits head 0 body 0 (after cover 0, too late 0), kills 0 | ground 0 cover 0 expired 0 | segments 0 candidates 0
== bots summary ==
  started 3000 welcomed 3000 failed 0
  join latency ms: p50 290 p99 678 max 943 (n=3000)
  corrections 0 (0.00/bot-minute), mean error 0.000 m, max 0.000 m
  push corrections (the server pushed us apart from a crowd) 238626 (79.54/bot-minute), max 0.229 m
  snapshots 5371589 (entities per snapshot: near 64.0 mid 86.0 far 0.0), stale 0, unmatched acks 0, resyncs 0
  input -> applied on server (est. RTT/2 + server wait): p50 53.0 p99 70.0 max 80.0 mean 52.4 ms (n=5370714)
    of which server wait (arrival -> applied): p50 49.7 p99 66.4 max 76.5 mean 49.3 ms (n=5370714)
  input -> seen acked (round trip): p50 67.0 p99 100.0 max 121.0 mean 71.9 ms (n=5370714)
  near entity update interval (tracked bots): p50 66.0 p99 66.0 max 133.0 mean 53.3 ms (n=17162331)
  mid entity update interval (tracked bots): p50 100.0 p99 100.0 max 2200.0 mean 100.5 ms (n=22837875)
  far entity update interval (tracked bots): p50 0.0 p99 0.0 max 0.0 mean 0.0 ms (n=0)
  near drawn (tracked bots): 99.71% interpolated, 0.08% extrapolated, 0.00% held, 0.21% new | pops p50 0 p99 0 max 367 mm
  mid drawn (tracked bots): 92.05% interpolated, 2.64% extrapolated, 3.25% held, 2.06% new | pops p50 0 p99 0 max 17965 mm
  far drawn (tracked bots): 0.00% interpolated, 0.00% extrapolated, 0.00% held, 0.00% new | pops p50 0 p99 0 max 0 mm
  render delay (near) 82.3 ms behind the newest step, clock snaps 0 (backwards 0), slewing 0.88% of frames, near delay changes 203 | streak entity-frames (drawn > 20 m/s) 13459
  input clock: 3112 extra inputs, 160 skipped ticks, 0 backlog skips | near decode errors (tracked bots) 0
  bytes down 8018.0 MB up 338.5 MB | swarm busy 7% of its threads' time, tick overruns 199
