preallocated connections for 10000 clients in 248.577864ms
listening on 172.31.17.93:40500 | spawn Blob | tiers near 64@150 m, mid 500 m, far 1500 m, budget 6250 B/tick, squads of 4 | 64 rayon threads, 64 shards, 1 socket(s), 256 accepts/tick, egress SendMmsg, ingress RecvMmsg | socket buffers rcv 32768 KiB snd 32768 KiB
[    5s] clients 3000 | level 0 (0-0 in window: 30 Hz, dilation 1.0), pace 1.00, 0.0% clients bandwidth-degraded | tick p50 6.96 p99 9.07 max 9.64 ms, 0 overruns | out 154.6k pps 363 kbps/client, 923 Mbps | in 78.3k pps 17 kbps/client, 44.5 per recv, receive thread busy 8% | stand-ins: repeated 0.00% frozen 0.00%, 0 late inputs | per client-tick: 1438 B (near 431 B, 97% deltas), near 64.0 mid 86.0 far 0.0, far skipped 0 starved 0 | input wait p50 49.8 p99 66.5 ms | 5380 joins deferred | kernel drops rcv 0 snd 0
         p50/p99 ms: ingress 0.68/1.58  events 1.23/2.84  movement 0.42/0.70  grid 0.21/0.28  separate 0.36/0.42  history 0.01/0.07  shots 0.02/0.02  serialize 0.19/0.27  assembly 1.45/2.14  transport 0.79/1.25  egress 1.43/1.87
[   10s] clients 3000 | level 0 (0-0 in window: 30 Hz, dilation 1.0), pace 1.00, 0.0% clients bandwidth-degraded | tick p50 7.11 p99 7.89 max 7.96 ms, 0 overruns | out 180.0k pps 358 kbps/client, 1074 Mbps | in 90.0k pps 15 kbps/client, 45.0 per recv, receive thread busy 9% | stand-ins: repeated 0.00% frozen 0.00%, 0 late inputs | per client-tick: 1426 B (near 418 B, 99% deltas), near 64.0 mid 86.0 far 0.0, far skipped 0 starved 0 | input wait p50 49.6 p99 66.4 ms | 0 joins deferred | kernel drops rcv 0 snd 0
         p50/p99 ms: ingress 0.68/0.79  events 1.28/1.65  movement 0.45/0.74  grid 0.22/0.28  separate 0.37/0.42  history 0.01/0.03  shots 0.02/0.08  serialize 0.19/0.24  assembly 1.50/2.05  transport 0.81/1.12  egress 1.42/1.74
[   15s] clients 3000 | level 0 (0-0 in window: 30 Hz, dilation 1.0), pace 1.00, 0.0% clients bandwidth-degraded | tick p50 6.93 p99 7.87 max 8.01 ms, 0 overruns | out 180.0k pps 358 kbps/client, 1073 Mbps | in 90.0k pps 15 kbps/client, 44.1 per recv, receive thread busy 9% | stand-ins: repeated 0.00% frozen 0.00%, 0 late inputs | per client-tick: 1426 B (near 418 B, 99% deltas), near 64.0 mid 86.0 far 0.0, far skipped 0 starved 0 | input wait p50 49.6 p99 66.4 ms | 0 joins deferred | kernel drops rcv 0 snd 0
         p50/p99 ms: ingress 0.67/0.85  events 1.24/1.55  movement 0.44/0.68  grid 0.21/0.26  separate 0.35/0.43  history 0.01/0.02  shots 0.02/0.04  serialize 0.19/0.24  assembly 1.49/2.14  transport 0.80/1.22  egress 1.43/1.76
[   20s] clients 3000 | level 0 (0-0 in window: 30 Hz, dilation 1.0), pace 1.00, 0.0% clients bandwidth-degraded | tick p50 7.02 p99 7.86 max 8.08 ms, 0 overruns | out 180.0k pps 358 kbps/client, 1073 Mbps | in 90.0k pps 15 kbps/client, 44.1 per recv, receive thread busy 9% | stand-ins: repeated 0.00% frozen 0.00%, 0 late inputs | per client-tick: 1426 B (near 418 B, 99% deltas), near 64.0 mid 86.0 far 0.0, far skipped 0 starved 0 | input wait p50 49.6 p99 66.4 ms | 0 joins deferred | kernel drops rcv 0 snd 0
         p50/p99 ms: ingress 0.68/0.81  events 1.26/1.56  movement 0.44/0.73  grid 0.21/0.30  separate 0.36/0.49  history 0.01/0.02  shots 0.02/0.03  serialize 0.19/0.23  assembly 1.53/2.17  transport 0.81/1.11  egress 1.44/1.74
[   25s] clients 3000 | level 0 (0-0 in window: 30 Hz, dilation 1.0), pace 1.00, 0.0% clients bandwidth-degraded | tick p50 7.05 p99 7.68 max 7.81 ms, 0 overruns | out 180.0k pps 358 kbps/client, 1074 Mbps | in 90.0k pps 15 kbps/client, 44.2 per recv, receive thread busy 9% | stand-ins: repeated 0.00% frozen 0.00%, 0 late inputs | per client-tick: 1426 B (near 418 B, 99% deltas), near 64.0 mid 86.0 far 0.0, far skipped 0 starved 0 | input wait p50 49.6 p99 66.4 ms | 0 joins deferred | kernel drops rcv 0 snd 0
         p50/p99 ms: ingress 0.68/0.81  events 1.26/1.62  movement 0.45/0.69  grid 0.22/0.28  separate 0.36/0.50  history 0.01/0.02  shots 0.02/0.03  serialize 0.19/0.23  assembly 1.51/2.00  transport 0.81/1.16  egress 1.44/1.99
[   30s] clients 3000 | level 0 (0-0 in window: 30 Hz, dilation 1.0), pace 1.00, 0.0% clients bandwidth-degraded | tick p50 7.03 p99 7.90 max 7.92 ms, 0 overruns | out 180.0k pps 358 kbps/client, 1073 Mbps | in 90.0k pps 15 kbps/client, 44.0 per recv, receive thread busy 9% | stand-ins: repeated 0.00% frozen 0.00%, 0 late inputs | per client-tick: 1426 B (near 418 B, 99% deltas), near 64.0 mid 86.0 far 0.0, far skipped 0 starved 0 | input wait p50 49.6 p99 66.4 ms | 0 joins deferred | kernel drops rcv 0 snd 0
         p50/p99 ms: ingress 0.68/0.90  events 1.26/1.54  movement 0.45/0.74  grid 0.22/0.28  separate 0.36/0.42  history 0.01/0.02  shots 0.02/0.03  serialize 0.19/0.22  assembly 1.52/2.14  transport 0.81/1.16  egress 1.44/1.81
[   35s] clients 3000 | level 0 (0-0 in window: 30 Hz, dilation 1.0), pace 1.00, 0.0% clients bandwidth-degraded | tick p50 7.06 p99 7.66 max 7.78 ms, 0 overruns | out 180.0k pps 358 kbps/client, 1073 Mbps | in 89.9k pps 15 kbps/client, 44.1 per recv, receive thread busy 9% | stand-ins: repeated 0.00% frozen 0.00%, 0 late inputs | per client-tick: 1426 B (near 418 B, 99% deltas), near 64.0 mid 86.0 far 0.0, far skipped 0 starved 0 | input wait p50 49.6 p99 66.4 ms | 0 joins deferred | kernel drops rcv 0 snd 0
         p50/p99 ms: ingress 0.69/0.90  events 1.27/1.61  movement 0.45/0.73  grid 0.21/0.26  separate 0.36/0.43  history 0.01/0.02  shots 0.02/0.03  serialize 0.19/0.23  assembly 1.50/2.02  transport 0.81/1.15  egress 1.44/1.99
[   40s] clients 3000 | level 0 (0-0 in window: 30 Hz, dilation 1.0), pace 1.00, 0.0% clients bandwidth-degraded | tick p50 7.09 p99 7.80 max 8.06 ms, 0 overruns | out 180.0k pps 358 kbps/client, 1073 Mbps | in 90.0k pps 15 kbps/client, 43.6 per recv, receive thread busy 9% | stand-ins: repeated 0.00% frozen 0.00%, 0 late inputs | per client-tick: 1426 B (near 418 B, 99% deltas), near 64.0 mid 86.0 far 0.0, far skipped 0 starved 0 | input wait p50 49.6 p99 66.4 ms | 0 joins deferred | kernel drops rcv 0 snd 0
         p50/p99 ms: ingress 0.68/0.86  events 1.30/1.59  movement 0.45/0.71  grid 0.22/0.31  separate 0.36/0.54  history 0.01/0.03  shots 0.02/0.08  serialize 0.18/0.24  assembly 1.49/2.14  transport 0.81/1.10  egress 1.45/1.79
[   45s] clients 3000 | level 0 (0-0 in window: 30 Hz, dilation 1.0), pace 1.00, 0.0% clients bandwidth-degraded | tick p50 7.06 p99 7.66 max 7.95 ms, 0 overruns | out 180.0k pps 358 kbps/client, 1074 Mbps | in 90.0k pps 15 kbps/client, 43.3 per recv, receive thread busy 9% | stand-ins: repeated 0.00% frozen 0.00%, 0 late inputs | per client-tick: 1426 B (near 418 B, 99% deltas), near 64.0 mid 86.0 far 0.0, far skipped 0 starved 0 | input wait p50 49.6 p99 66.4 ms | 0 joins deferred | kernel drops rcv 0 snd 0
         p50/p99 ms: ingress 0.68/0.80  events 1.26/1.66  movement 0.45/0.70  grid 0.22/0.31  separate 0.36/0.42  history 0.01/0.02  shots 0.02/0.03  serialize 0.19/0.22  assembly 1.48/2.03  transport 0.81/1.10  egress 1.45/1.85
[   50s] clients 3000 | level 0 (0-0 in window: 30 Hz, dilation 1.0), pace 1.00, 0.0% clients bandwidth-degraded | tick p50 7.01 p99 7.67 max 7.78 ms, 0 overruns | out 180.0k pps 358 kbps/client, 1074 Mbps | in 90.0k pps 15 kbps/client, 43.4 per recv, receive thread busy 9% | stand-ins: repeated 0.00% frozen 0.00%, 0 late inputs | per client-tick: 1426 B (near 418 B, 99% deltas), near 64.0 mid 86.0 far 0.0, far skipped 0 starved 0 | input wait p50 49.7 p99 66.4 ms | 0 joins deferred | kernel drops rcv 0 snd 0
         p50/p99 ms: ingress 0.67/0.83  events 1.26/1.70  movement 0.45/0.76  grid 0.22/0.29  separate 0.36/0.45  history 0.01/0.02  shots 0.02/0.03  serialize 0.19/0.22  assembly 1.51/2.10  transport 0.81/1.19  egress 1.43/1.74
[   55s] clients 3000 | level 0 (0-0 in window: 30 Hz, dilation 1.0), pace 1.00, 0.0% clients bandwidth-degraded | tick p50 7.06 p99 7.85 max 8.15 ms, 0 overruns | out 180.0k pps 358 kbps/client, 1073 Mbps | in 90.0k pps 15 kbps/client, 43.0 per recv, receive thread busy 9% | stand-ins: repeated 0.00% frozen 0.00%, 0 late inputs | per client-tick: 1425 B (near 417 B, 99% deltas), near 64.0 mid 86.0 far 0.0, far skipped 0 starved 0 | input wait p50 49.7 p99 66.4 ms | 0 joins deferred | kernel drops rcv 0 snd 0
         p50/p99 ms: ingress 0.68/0.82  events 1.25/1.56  movement 0.45/0.72  grid 0.21/0.28  separate 0.36/0.44  history 0.01/0.02  shots 0.02/0.03  serialize 0.19/0.22  assembly 1.51/2.12  transport 0.82/1.16  egress 1.43/1.78
[   60s] clients 3000 | level 0 (0-0 in window: 30 Hz, dilation 1.0), pace 1.00, 0.0% clients bandwidth-degraded | tick p50 7.09 p99 7.98 max 7.98 ms, 0 overruns | out 180.0k pps 358 kbps/client, 1074 Mbps | in 90.0k pps 15 kbps/client, 43.4 per recv, receive thread busy 9% | stand-ins: repeated 0.00% frozen 0.00%, 0 late inputs | per client-tick: 1426 B (near 418 B, 99% deltas), near 64.0 mid 86.0 far 0.0, far skipped 0 starved 0 | input wait p50 49.7 p99 66.4 ms | 0 joins deferred | kernel drops rcv 0 snd 0
         p50/p99 ms: ingress 0.68/0.80  events 1.28/1.81  movement 0.45/0.74  grid 0.21/0.29  separate 0.36/0.41  history 0.01/0.02  shots 0.02/0.03  serialize 0.19/0.24  assembly 1.50/2.02  transport 0.81/1.16  egress 1.43/1.94
[   61s] clients 0 | level 0 (0-0 in window: 30 Hz, dilation 1.0), pace 1.00, 0.0% clients bandwidth-degraded | tick p50 7.02 p99 13.87 max 13.87 ms, 0 overruns | out 156.2k pps 349 kbps/client, 931 Mbps | in 111.2k pps 17 kbps/client, 47.3 per recv, receive thread busy 11% | stand-ins: repeated 0.00% frozen 0.00%, 0 late inputs | per client-tick: 1425 B (near 417 B, 99% deltas), near 64.0 mid 86.0 far 0.0, far skipped 0 starved 0 | input wait p50 49.7 p99 66.4 ms | 0 joins deferred | kernel drops rcv 0 snd 0
         p50/p99 ms: ingress 0.68/3.06  events 1.30/9.68  movement 0.43/0.68  grid 0.21/0.23  separate 0.36/0.39  history 0.01/0.01  shots 0.02/0.06  serialize 0.19/0.21  assembly 1.49/1.88  transport 0.79/0.84  egress 1.38/1.84

== summary: 1708 steady-state ticks (after warmup, before clients drain), peak 3000 clients ==
  phase        p50 ms   p99 ms   max ms
  ingress        0.68     0.83     1.02
  events         1.26     1.62     1.83
  movement       0.45     0.73     0.77
  grid           0.22     0.28     0.33
  separate       0.36     0.43     0.66
  history        0.01     0.02     0.03
  shots          0.02     0.03     0.09
  serialize      0.19     0.23     0.33
  assembly       1.50     2.08     2.50
  transport      0.81     1.16     1.40
  egress         1.44     1.82     2.10
  tick           7.05     7.80     8.15
  overruns 0 | spawns 3000 despawns 3000 (5380 joins deferred) | deaths 0 respawns 0 | stand-ins: repeated 0 frozen 0 | late inputs 0 discarded 0 | bad messages 0 | recv errors 0 send errors 0
  egress (whole run): 10758282 datagrams in 10758282 sends (1.00 per send), 115200 syscalls
  ingress (whole run): 5394427 datagrams in 122882 receive calls (43.90 per call)
  ticks per ladder level (whole run): L0: 1816
  input wait on the server (datagram arrival -> applied): p50 49.7 p99 66.4 max 76.5 mean 49.3 ms
  steady state: stand-ins repeated 0 frozen 0 | late inputs 0 discarded 0
  rewind of near targets (applied step - the input's render step for that tier): p50 133 p99 167 max 200 mean 138.4 ms (n=5337475)
  rewind of mid/far targets (applied step - the input's render step for that tier): p50 267 p99 300 max 300 mean 271.4 ms (n=5337475)
  render times ahead of the server (bogus) 0
  shots 0 (late 0, refused 0, rewinds capped 0) | hits head 0 body 0 (after cover 0, too late 0), kills 0 | ground 0 cover 0 expired 0 | segments 0 candidates 0
