spawn=blob
egress=sendmmsg
ingress=recvmmsg
rx_gather_us=1000
ladder=on
threads=64
shards=64
sockets=1
peak_clients=3000
steady_ticks=1708
steady_secs=56.9
ingress_p50_ms=0.68
ingress_p99_ms=0.83
ingress_max_ms=1.02
events_p50_ms=1.26
events_p99_ms=1.62
events_max_ms=1.83
movement_p50_ms=0.45
movement_p99_ms=0.73
movement_max_ms=0.77
grid_p50_ms=0.22
grid_p99_ms=0.28
grid_max_ms=0.33
separate_p50_ms=0.36
separate_p99_ms=0.43
separate_max_ms=0.66
history_p50_ms=0.01
history_p99_ms=0.02
history_max_ms=0.03
shots_p50_ms=0.02
shots_p99_ms=0.03
shots_max_ms=0.09
serialize_p50_ms=0.19
serialize_p99_ms=0.23
serialize_max_ms=0.33
assembly_p50_ms=1.50
assembly_p99_ms=2.08
assembly_max_ms=2.50
transport_p50_ms=0.81
transport_p99_ms=1.16
transport_max_ms=1.40
egress_p50_ms=1.44
egress_p99_ms=1.82
egress_max_ms=2.10
tick_p50_ms=7.05
tick_p99_ms=7.80
tick_max_ms=8.15
steady_overruns=0
level_mode=0
tick_hz=30
dilation=1
levels=L0:1708
clients_avg=3000
out_pps=180084
in_pps=90171
egress_mbps=1074.0
packets_per_client_tick=2.00
wire_bytes_per_client_tick=1491
down_kbps_per_client=358.0
up_kbps_per_client=15.1
recv_per_call=43.89
ingress_thread_busy_max_pct=9.3
ingress_thread_busy_mean_pct=9.3
kernel_rcvbuf_drops=0
kernel_sndbuf_drops=0
snapshot_bytes_per_client_tick=1426
near_bytes_per_client_tick=418
activity_bytes_per_client_tick=0.0
near_per_client_tick=64.0
mid_per_client_tick=86.0
far_per_client_tick=0.0
near_scanned_per_query=228
mid_scanned_per_query=256
far_skipped=0
far_starved=0
repeated=0
frozen=0
late_inputs=0
discarded_inputs=0
input_wait_p10_ms=35.2
input_wait_p50_ms=49.7
input_wait_p90_ms=63.3
input_wait_p99_ms=66.4
spawns=3000
despawns=3000
deaths=0
respawns=0
shots=0
shots_late=0
shots_refused=0
rewinds_capped=0
rewinds_trimmed=0
hits_head=0
hits_body=0
hits_ground=0
hits_cover=0
projectiles_expired=0
kills=0
hits_after_cover=0
hits_too_late=0
events=0
tracer_bytes=0
activity_cells=0
activity_sent=0
activity_bytes=0
activity_cut=0
projectile_segments=0
hit_candidates=0
joins_deferred=5380
bad_messages=0
recv_errors=0
send_errors=0
datagrams=10758282
sends=10758282
send_syscalls=115200
rewind_near_p50_ms=133
rewind_near_p99_ms=167
rewind_near_mean_ms=138.4
rewind_mid_p50_ms=267
rewind_mid_p99_ms=300
rewind_mid_mean_ms=271.4
ingress_longest_p50_ms=0.22
ingress_work_p50_ms=9.81
assembly_longest_p50_ms=1.00
assembly_work_p50_ms=47.81
transport_longest_p50_ms=0.53
transport_work_p50_ms=24.21
egress_longest_p50_ms=1.35
egress_work_p50_ms=41.27
