preallocated connections for 10000 clients in 221.984533ms
listening on 127.0.0.1:40500 | spawn Hotspots | tiers near 64@150 m, mid 500 m, far 1500 m, budget 6250 B/tick, squads of 4 | 8 rayon threads, 64 shards, 256 accepts/tick, egress SendMmsg | socket buffers rcv 8192 KiB snd 8192 KiB
WARNING: token key is the public dev key; anyone can mint tokens for this server (--token-key)
[    5s] clients 5000 | level 0 (0-0 in window: 30 Hz, dilation 1.0), pace 1.00, 0.0% clients bandwidth-degraded | tick p50 22.57 p99 28.18 max 28.66 ms, 0 overruns | out 153.7k pps 193 kbps/client, 824 Mbps | in 132.2k pps 14 kbps/client | stand-ins: repeated 0.00% frozen 0.00%, 0 late inputs | per client-tick: 760 B (near 208 B, 98% deltas), near 35.9 mid 25.0 far 20.8, far skipped 0 starved 0 | input wait p50 49.2 p99 68.2 ms | 13865 joins deferred | kernel drops rcv 0 snd 0
         p50/p99 ms: ingress 1.87/3.85  events 0.75/3.77  movement 0.43/0.98  grid 0.13/0.19  history 0.00/0.07  serialize 0.55/0.89  assembly 8.40/9.71  transport 3.35/5.23  egress 6.77/7.87
[   10s] clients 5000 | level 0 (0-0 in window: 30 Hz, dilation 1.0), pace 1.00, 0.0% clients bandwidth-degraded | tick p50 22.42 p99 26.19 max 29.01 ms, 0 overruns | out 176.1k pps 193 kbps/client, 963 Mbps | in 149.9k pps 12 kbps/client | stand-ins: repeated 0.00% frozen 0.00%, 0 late inputs | per client-tick: 760 B (near 194 B, 100% deltas), near 34.6 mid 25.1 far 22.1, far skipped 0 starved 0 | input wait p50 48.6 p99 66.4 ms | 0 joins deferred | kernel drops rcv 0 snd 0
         p50/p99 ms: ingress 1.91/2.37  events 0.72/1.04  movement 0.39/0.97  grid 0.14/0.18  history 0.00/0.01  serialize 0.55/0.78  assembly 8.44/9.94  transport 3.40/5.48  egress 6.77/7.99
[   15s] clients 5000 | level 0 (0-0 in window: 30 Hz, dilation 1.0), pace 1.00, 0.0% clients bandwidth-degraded | tick p50 22.29 p99 27.68 max 30.70 ms, 0 overruns | out 176.1k pps 193 kbps/client, 963 Mbps | in 149.9k pps 12 kbps/client | stand-ins: repeated 0.00% frozen 0.00%, 0 late inputs | per client-tick: 760 B (near 194 B, 100% deltas), near 34.6 mid 25.0 far 22.1, far skipped 0 starved 0 | input wait p50 48.8 p99 66.4 ms | 0 joins deferred | kernel drops rcv 0 snd 0
         p50/p99 ms: ingress 1.87/2.70  events 0.70/1.06  movement 0.40/0.92  grid 0.14/0.18  history 0.00/0.00  serialize 0.56/0.74  assembly 8.35/9.36  transport 3.41/4.49  egress 6.80/7.83
[   20s] clients 5000 | level 0 (0-0 in window: 30 Hz, dilation 1.0), pace 1.00, 0.0% clients bandwidth-degraded | tick p50 22.47 p99 27.66 max 29.32 ms, 0 overruns | out 176.1k pps 192 kbps/client, 962 Mbps | in 149.9k pps 12 kbps/client | stand-ins: repeated 0.00% frozen 0.00%, 0 late inputs | per client-tick: 760 B (near 194 B, 100% deltas), near 34.6 mid 25.0 far 22.1, far skipped 0 starved 0 | input wait p50 48.6 p99 66.5 ms | 0 joins deferred | kernel drops rcv 0 snd 0
         p50/p99 ms: ingress 1.89/2.37  events 0.71/1.07  movement 0.42/0.93  grid 0.13/0.19  history 0.00/0.00  serialize 0.56/0.79  assembly 8.44/9.96  transport 3.41/4.45  egress 6.88/7.96
[   25s] clients 5000 | level 0 (0-0 in window: 30 Hz, dilation 1.0), pace 1.00, 0.0% clients bandwidth-degraded | tick p50 22.05 p99 26.40 max 26.65 ms, 0 overruns | out 176.1k pps 192 kbps/client, 962 Mbps | in 149.9k pps 12 kbps/client | stand-ins: repeated 0.00% frozen 0.00%, 0 late inputs | per client-tick: 759 B (near 194 B, 100% deltas), near 34.6 mid 25.0 far 22.1, far skipped 0 starved 0 | input wait p50 49.0 p99 66.5 ms | 0 joins deferred | kernel drops rcv 0 snd 0
         p50/p99 ms: ingress 1.87/2.54  events 0.69/1.16  movement 0.40/0.86  grid 0.13/0.19  history 0.00/0.00  serialize 0.55/0.79  assembly 8.37/9.85  transport 3.37/4.37  egress 6.58/7.93
[   30s] clients 5000 | level 0 (0-0 in window: 30 Hz, dilation 1.0), pace 1.00, 0.0% clients bandwidth-degraded | tick p50 21.77 p99 25.01 max 25.59 ms, 0 overruns | out 176.2k pps 192 kbps/client, 962 Mbps | in 150.0k pps 12 kbps/client | stand-ins: repeated 0.00% frozen 0.00%, 0 late inputs | per client-tick: 759 B (near 194 B, 100% deltas), near 34.6 mid 25.0 far 22.1, far skipped 0 starved 0 | input wait p50 49.0 p99 66.4 ms | 0 joins deferred | kernel drops rcv 0 snd 0
         p50/p99 ms: ingress 1.81/2.17  events 0.68/1.03  movement 0.41/1.05  grid 0.13/0.20  history 0.00/0.00  serialize 0.54/0.75  assembly 8.32/10.94  transport 3.30/4.03  egress 6.47/7.78
[   35s] clients 5000 | level 0 (0-0 in window: 30 Hz, dilation 1.0), pace 1.00, 0.0% clients bandwidth-degraded | tick p50 21.89 p99 27.77 max 37.00 ms, 1 overruns | out 176.0k pps 192 kbps/client, 962 Mbps | in 149.9k pps 12 kbps/client | stand-ins: repeated 0.00% frozen 0.00%, 0 late inputs | per client-tick: 760 B (near 194 B, 100% deltas), near 34.6 mid 25.0 far 22.1, far skipped 0 starved 0 | input wait p50 49.7 p99 68.0 ms | 0 joins deferred | kernel drops rcv 0 snd 0
         p50/p99 ms: ingress 1.86/2.42  events 0.67/1.07  movement 0.38/0.87  grid 0.13/0.19  history 0.00/0.00  serialize 0.54/0.76  assembly 8.31/14.48  transport 3.32/4.09  egress 6.67/7.98
[   40s] clients 5000 | level 0 (0-0 in window: 30 Hz, dilation 1.0), pace 1.00, 0.0% clients bandwidth-degraded | tick p50 22.15 p99 25.68 max 25.78 ms, 0 overruns | out 176.0k pps 192 kbps/client, 962 Mbps | in 149.9k pps 12 kbps/client | stand-ins: repeated 0.00% frozen 0.00%, 0 late inputs | per client-tick: 760 B (near 194 B, 100% deltas), near 34.6 mid 25.0 far 22.2, far skipped 0 starved 0 | input wait p50 49.1 p99 66.4 ms | 0 joins deferred | kernel drops rcv 0 snd 0
         p50/p99 ms: ingress 1.90/3.00  events 0.70/1.15  movement 0.43/0.91  grid 0.13/0.19  history 0.00/0.00  serialize 0.55/0.77  assembly 8.36/9.81  transport 3.34/4.23  egress 6.71/7.66
[   45s] clients 5000 | level 0 (0-0 in window: 30 Hz, dilation 1.0), pace 1.00, 0.0% clients bandwidth-degraded | tick p50 21.90 p99 24.17 max 34.61 ms, 1 overruns | out 176.1k pps 192 kbps/client, 962 Mbps | in 149.9k pps 12 kbps/client | stand-ins: repeated 0.00% frozen 0.00%, 0 late inputs | per client-tick: 759 B (near 194 B, 100% deltas), near 34.6 mid 25.0 far 22.1, far skipped 0 starved 0 | input wait p50 49.3 p99 66.7 ms | 0 joins deferred | kernel drops rcv 0 snd 0
         p50/p99 ms: ingress 1.86/2.24  events 0.68/1.05  movement 0.41/0.94  grid 0.13/0.26  history 0.00/0.00  serialize 0.54/0.77  assembly 8.40/9.28  transport 3.29/4.04  egress 6.60/7.69
[   50s] clients 5000 | level 0 (0-0 in window: 30 Hz, dilation 1.0), pace 1.00, 0.0% clients bandwidth-degraded | tick p50 22.30 p99 25.11 max 27.73 ms, 0 overruns | out 176.1k pps 192 kbps/client, 962 Mbps | in 150.0k pps 12 kbps/client | stand-ins: repeated 0.00% frozen 0.00%, 0 late inputs | per client-tick: 759 B (near 194 B, 100% deltas), near 34.6 mid 25.0 far 22.1, far skipped 0 starved 0 | input wait p50 48.8 p99 66.2 ms | 0 joins deferred | kernel drops rcv 0 snd 0
         p50/p99 ms: ingress 1.88/2.40  events 0.70/1.15  movement 0.44/0.93  grid 0.13/0.19  history 0.00/0.00  serialize 0.54/0.74  assembly 8.40/9.44  transport 3.33/4.54  egress 6.74/7.56
[   55s] clients 5000 | level 0 (0-0 in window: 30 Hz, dilation 1.0), pace 1.00, 0.0% clients bandwidth-degraded | tick p50 22.31 p99 24.80 max 27.01 ms, 0 overruns | out 176.1k pps 192 kbps/client, 962 Mbps | in 149.9k pps 12 kbps/client | stand-ins: repeated 0.00% frozen 0.00%, 0 late inputs | per client-tick: 760 B (near 194 B, 100% deltas), near 34.6 mid 25.0 far 22.1, far skipped 0 starved 0 | input wait p50 48.9 p99 66.2 ms | 0 joins deferred | kernel drops rcv 0 snd 0
         p50/p99 ms: ingress 1.90/2.36  events 0.73/1.05  movement 0.41/1.02  grid 0.13/0.19  history 0.00/0.00  serialize 0.54/0.77  assembly 8.53/9.53  transport 3.35/4.01  egress 6.64/8.26
[   60s] clients 5000 | level 0 (0-0 in window: 30 Hz, dilation 1.0), pace 1.00, 0.0% clients bandwidth-degraded | tick p50 22.68 p99 27.92 max 31.71 ms, 0 overruns | out 176.1k pps 193 kbps/client, 963 Mbps | in 150.0k pps 12 kbps/client | stand-ins: repeated 0.00% frozen 0.00%, 0 late inputs | per client-tick: 760 B (near 194 B, 100% deltas), near 34.6 mid 25.0 far 22.2, far skipped 0 starved 0 | input wait p50 48.8 p99 66.2 ms | 0 joins deferred | kernel drops rcv 0 snd 0
         p50/p99 ms: ingress 1.98/2.84  events 0.77/1.19  movement 0.39/0.93  grid 0.14/0.23  history 0.00/0.00  serialize 0.53/0.76  assembly 8.71/11.03  transport 3.44/5.37  egress 6.76/7.87
[   60s] clients 0 | level 0 (0-0 in window: 30 Hz, dilation 1.0), pace 1.00, 0.0% clients bandwidth-degraded | tick p50 22.41 p99 24.78 max 24.78 ms, 0 overruns | out 152.9k pps 205 kbps/client, 832 Mbps | in 176.8k pps 14 kbps/client | stand-ins: repeated 0.00% frozen 0.00%, 0 late inputs | per client-tick: 755 B (near 201 B, 96% deltas), near 34.3 mid 24.5 far 21.6, far skipped 0 starved 0 | input wait p50 50.1 p99 66.9 ms | 0 joins deferred | kernel drops rcv 0 snd 0
         p50/p99 ms: ingress 1.81/2.10  events 0.82/6.12  movement 0.42/0.80  grid 0.13/0.19  history 0.00/0.00  serialize 0.51/0.77  assembly 8.54/10.29  transport 3.08/3.90  egress 6.42/7.08

== summary: 1708 steady-state ticks (after warmup, before clients drain), peak 5000 clients ==
  phase        p50 ms   p99 ms   max ms
  ingress        1.88     2.50     4.79
  events         0.70     1.09     1.45
  movement       0.41     0.93     4.72
  grid           0.13     0.19     0.28
  history        0.00     0.00     0.02
  serialize      0.54     0.76     3.97
  assembly       8.42    10.15    20.49
  transport      3.36     4.49     8.85
  egress         6.71     7.88    15.20
  tick          22.22    26.87    37.00
  overruns 2 | spawns 5000 despawns 5000 (13865 joins deferred) | stand-ins: repeated 0 frozen 0 | late inputs 0 discarded 0 | bad messages 0 | recv errors 0 send errors 0
  egress (whole run): 10513849 datagrams in 10513849 sends (1.00 per send), 115264 syscalls
  ticks per ladder level (whole run): L0: 1812
  input wait on the server (datagram arrival -> applied): p50 49.0 p99 66.6 max 73.5 mean 49.1 ms
  steady state: stand-ins repeated 0 frozen 0 | late inputs 0 discarded 0
