spawn=hotspots
egress=sendmmsg
ladder=on
threads=8
shards=64
peak_clients=5000
steady_ticks=1708
steady_secs=56.9
ingress_p50_ms=1.88
ingress_p99_ms=2.50
ingress_max_ms=4.79
events_p50_ms=0.70
events_p99_ms=1.09
events_max_ms=1.45
movement_p50_ms=0.41
movement_p99_ms=0.93
movement_max_ms=4.72
grid_p50_ms=0.13
grid_p99_ms=0.19
grid_max_ms=0.28
history_p50_ms=0.00
history_p99_ms=0.00
history_max_ms=0.02
serialize_p50_ms=0.54
serialize_p99_ms=0.76
serialize_max_ms=3.97
assembly_p50_ms=8.42
assembly_p99_ms=10.15
assembly_max_ms=20.49
transport_p50_ms=3.36
transport_p99_ms=4.49
transport_max_ms=8.85
egress_p50_ms=6.71
egress_p99_ms=7.88
egress_max_ms=15.20
tick_p50_ms=22.22
tick_p99_ms=26.87
tick_max_ms=37.00
steady_overruns=2
level_mode=0
tick_hz=30
dilation=1
levels=L0:1708
clients_avg=5000
out_pps=176136
in_pps=150128
egress_mbps=962.6
packets_per_client_tick=1.17
wire_bytes_per_client_tick=802
down_kbps_per_client=192.5
up_kbps_per_client=12.0
kernel_rcvbuf_drops=0
kernel_sndbuf_drops=0
snapshot_bytes_per_client_tick=760
near_bytes_per_client_tick=194
near_per_client_tick=34.6
mid_per_client_tick=25.0
far_per_client_tick=22.1
far_skipped=0
far_starved=0
repeated=0
frozen=0
late_inputs=0
discarded_inputs=0
input_wait_p50_ms=49.0
input_wait_p99_ms=66.6
spawns=5000
despawns=5000
joins_deferred=13865
bad_messages=0
recv_errors=0
send_errors=0
datagrams=10513849
sends=10513849
send_syscalls=115264
