preallocated connections for 10000 clients in 257.155468ms
listening on 127.0.0.1:40500 | spawn Uniform | tiers near 64@150 m, mid 500 m, far 1500 m, budget 6250 B/tick, squads of 4 | 8 rayon threads, 64 shards, 1 socket(s), 256 accepts/tick, egress SendMmsg | socket buffers rcv 8192 KiB snd 8192 KiB
WARNING: token key is the public dev key; anyone can mint tokens for this server (--token-key)
[    5s] clients 1000 | level 0 (0-0 in window: 30 Hz, dilation 1.0), pace 1.00, 0.0% clients bandwidth-degraded | tick p50 4.55 p99 7.17 max 20.81 ms, 0 overruns | out 27.4k pps 60 kbps/client, 53 Mbps | in 25.8k pps 16 kbps/client | stand-ins: repeated 0.12% frozen 0.00%, 152 late inputs | per client-tick: 213 B (near 40 B, 95% deltas), near 4.3 mid 4.1 far 6.2, far skipped 0 starved 0 | input wait p50 48.2 p99 90.4 ms | 345 joins deferred | kernel drops rcv 0 snd 0
         p50/p99 ms: ingress 0.37/1.11  events 0.10/1.57  movement 0.29/0.52  grid 0.15/0.28  separate 0.17/0.31  history 0.00/0.02  serialize 0.04/0.08  assembly 0.86/1.45  transport 0.41/0.98  egress 2.00/2.60
[   10s] clients 1000 | level 0 (0-0 in window: 30 Hz, dilation 1.0), pace 1.00, 0.0% clients bandwidth-degraded | tick p50 4.64 p99 5.83 max 6.00 ms, 0 overruns | out 30.0k pps 60 kbps/client, 60 Mbps | in 29.6k pps 15 kbps/client | stand-ins: repeated 0.11% frozen 0.00%, 161 late inputs | per client-tick: 213 B (near 38 B, 100% deltas), near 4.4 mid 4.2 far 6.3, far skipped 0 starved 0 | input wait p50 48.2 p99 88.1 ms | 0 joins deferred | kernel drops rcv 0 snd 0
         p50/p99 ms: ingress 0.37/0.86  events 0.10/0.31  movement 0.30/0.65  grid 0.15/0.35  separate 0.17/0.36  history 0.00/0.00  serialize 0.04/0.09  assembly 0.91/1.28  transport 0.42/1.15  egress 2.07/2.61
[   15s] clients 1000 | level 0 (0-0 in window: 30 Hz, dilation 1.0), pace 1.00, 0.0% clients bandwidth-degraded | tick p50 4.51 p99 5.23 max 5.85 ms, 0 overruns | out 30.0k pps 60 kbps/client, 60 Mbps | in 29.6k pps 15 kbps/client | stand-ins: repeated 0.10% frozen 0.00%, 157 late inputs | per client-tick: 213 B (near 38 B, 100% deltas), near 4.4 mid 4.2 far 6.3, far skipped 0 starved 0 | input wait p50 48.4 p99 89.4 ms | 0 joins deferred | kernel drops rcv 0 snd 0
         p50/p99 ms: ingress 0.37/0.90  events 0.10/0.14  movement 0.29/0.39  grid 0.16/0.21  separate 0.17/0.31  history 0.00/0.00  serialize 0.04/0.09  assembly 0.86/1.20  transport 0.42/0.84  egress 2.04/2.50
[   20s] clients 1000 | level 0 (0-0 in window: 30 Hz, dilation 1.0), pace 1.00, 0.0% clients bandwidth-degraded | tick p50 4.65 p99 5.71 max 5.74 ms, 0 overruns | out 30.0k pps 60 kbps/client, 60 Mbps | in 29.6k pps 15 kbps/client | stand-ins: repeated 0.11% frozen 0.00%, 161 late inputs | per client-tick: 213 B (near 38 B, 100% deltas), near 4.4 mid 4.2 far 6.3, far skipped 0 starved 0 | input wait p50 48.4 p99 89.7 ms | 0 joins deferred | kernel drops rcv 0 snd 0
         p50/p99 ms: ingress 0.38/0.74  events 0.10/0.28  movement 0.30/0.57  grid 0.16/0.40  separate 0.18/0.40  history 0.00/0.01  serialize 0.04/0.14  assembly 0.89/1.27  transport 0.41/0.95  egress 2.08/2.56
[   25s] clients 1000 | level 0 (0-0 in window: 30 Hz, dilation 1.0), pace 1.00, 0.0% clients bandwidth-degraded | tick p50 4.76 p99 6.07 max 6.23 ms, 0 overruns | out 30.0k pps 60 kbps/client, 60 Mbps | in 29.6k pps 15 kbps/client | stand-ins: repeated 0.09% frozen 0.00%, 138 late inputs | per client-tick: 214 B (near 39 B, 100% deltas), near 4.4 mid 4.2 far 6.3, far skipped 0 starved 0 | input wait p50 48.5 p99 89.6 ms | 0 joins deferred | kernel drops rcv 0 snd 0
         p50/p99 ms: ingress 0.40/1.25  events 0.10/0.39  movement 0.32/0.68  grid 0.16/0.52  separate 0.18/0.42  history 0.00/0.00  serialize 0.04/0.15  assembly 0.91/1.42  transport 0.44/0.93  egress 2.06/2.57
[   30s] clients 1000 | level 0 (0-0 in window: 30 Hz, dilation 1.0), pace 1.00, 0.0% clients bandwidth-degraded | tick p50 4.59 p99 5.97 max 6.16 ms, 0 overruns | out 30.0k pps 60 kbps/client, 60 Mbps | in 29.6k pps 15 kbps/client | stand-ins: repeated 0.12% frozen 0.00%, 180 late inputs | per client-tick: 213 B (near 38 B, 100% deltas), near 4.4 mid 4.2 far 6.3, far skipped 0 starved 0 | input wait p50 48.6 p99 91.1 ms | 0 joins deferred | kernel drops rcv 0 snd 0
         p50/p99 ms: ingress 0.38/0.98  events 0.10/0.17  movement 0.31/0.59  grid 0.16/0.26  separate 0.17/0.38  history 0.00/0.01  serialize 0.04/0.07  assembly 0.89/1.30  transport 0.42/0.97  egress 2.04/2.58
[   35s] clients 1000 | level 0 (0-0 in window: 30 Hz, dilation 1.0), pace 1.00, 0.0% clients bandwidth-degraded | tick p50 4.55 p99 5.93 max 6.00 ms, 0 overruns | out 30.0k pps 60 kbps/client, 60 Mbps | in 29.6k pps 15 kbps/client | stand-ins: repeated 0.11% frozen 0.00%, 163 late inputs | per client-tick: 213 B (near 38 B, 100% deltas), near 4.4 mid 4.2 far 6.3, far skipped 0 starved 0 | input wait p50 48.5 p99 90.6 ms | 0 joins deferred | kernel drops rcv 0 snd 0
         p50/p99 ms: ingress 0.38/1.11  events 0.10/0.15  movement 0.30/0.41  grid 0.16/0.27  separate 0.17/0.28  history 0.00/0.00  serialize 0.04/0.07  assembly 0.83/1.34  transport 0.42/1.07  egress 2.08/2.62
[   40s] clients 1000 | level 0 (0-0 in window: 30 Hz, dilation 1.0), pace 1.00, 0.0% clients bandwidth-degraded | tick p50 4.57 p99 5.49 max 5.77 ms, 0 overruns | out 30.0k pps 60 kbps/client, 60 Mbps | in 29.6k pps 15 kbps/client | stand-ins: repeated 0.11% frozen 0.00%, 162 late inputs | per client-tick: 213 B (near 38 B, 100% deltas), near 4.3 mid 4.2 far 6.3, far skipped 0 starved 0 | input wait p50 48.7 p99 90.8 ms | 0 joins deferred | kernel drops rcv 0 snd 0
         p50/p99 ms: ingress 0.38/0.80  events 0.10/0.14  movement 0.30/0.51  grid 0.16/0.24  separate 0.17/0.31  history 0.00/0.00  serialize 0.04/0.07  assembly 0.88/1.30  transport 0.41/0.97  egress 2.02/2.55
[   45s] clients 1000 | level 0 (0-0 in window: 30 Hz, dilation 1.0), pace 1.00, 0.0% clients bandwidth-degraded | tick p50 4.61 p99 5.41 max 5.42 ms, 0 overruns | out 30.0k pps 60 kbps/client, 60 Mbps | in 29.6k pps 15 kbps/client | stand-ins: repeated 0.11% frozen 0.00%, 163 late inputs | per client-tick: 213 B (near 38 B, 100% deltas), near 4.3 mid 4.2 far 6.3, far skipped 0 starved 0 | input wait p50 48.6 p99 91.0 ms | 0 joins deferred | kernel drops rcv 0 snd 0
         p50/p99 ms: ingress 0.38/0.79  events 0.10/0.16  movement 0.32/0.39  grid 0.15/0.23  separate 0.17/0.23  history 0.00/0.00  serialize 0.04/0.07  assembly 0.90/1.25  transport 0.42/0.87  egress 2.07/2.48
[   50s] clients 1000 | level 0 (0-0 in window: 30 Hz, dilation 1.0), pace 1.00, 0.0% clients bandwidth-degraded | tick p50 4.63 p99 5.90 max 6.42 ms, 0 overruns | out 30.0k pps 60 kbps/client, 60 Mbps | in 29.6k pps 15 kbps/client | stand-ins: repeated 0.11% frozen 0.00%, 166 late inputs | per client-tick: 213 B (near 38 B, 100% deltas), near 4.3 mid 4.2 far 6.3, far skipped 0 starved 0 | input wait p50 48.6 p99 90.7 ms | 0 joins deferred | kernel drops rcv 0 snd 0
         p50/p99 ms: ingress 0.37/0.70  events 0.10/0.19  movement 0.30/0.56  grid 0.16/0.21  separate 0.17/0.32  history 0.00/0.00  serialize 0.04/0.07  assembly 0.92/1.33  transport 0.42/1.00  egress 2.08/2.62
[   55s] clients 1000 | level 0 (0-0 in window: 30 Hz, dilation 1.0), pace 1.00, 0.0% clients bandwidth-degraded | tick p50 4.57 p99 5.58 max 6.04 ms, 0 overruns | out 30.0k pps 60 kbps/client, 60 Mbps | in 29.6k pps 15 kbps/client | stand-ins: repeated 0.11% frozen 0.00%, 167 late inputs | per client-tick: 213 B (near 38 B, 100% deltas), near 4.3 mid 4.2 far 6.3, far skipped 0 starved 0 | input wait p50 48.6 p99 91.1 ms | 0 joins deferred | kernel drops rcv 0 snd 0
         p50/p99 ms: ingress 0.38/0.60  events 0.10/0.34  movement 0.31/0.43  grid 0.16/0.34  separate 0.18/0.29  history 0.00/0.00  serialize 0.04/0.14  assembly 0.88/1.18  transport 0.42/0.95  egress 2.09/2.48
[   60s] clients 1000 | level 0 (0-0 in window: 30 Hz, dilation 1.0), pace 1.00, 0.0% clients bandwidth-degraded | tick p50 4.62 p99 5.67 max 5.69 ms, 0 overruns | out 30.0k pps 60 kbps/client, 60 Mbps | in 29.6k pps 15 kbps/client | stand-ins: repeated 0.11% frozen 0.00%, 165 late inputs | per client-tick: 213 B (near 38 B, 100% deltas), near 4.3 mid 4.2 far 6.3, far skipped 0 starved 0 | input wait p50 48.6 p99 91.2 ms | 0 joins deferred | kernel drops rcv 0 snd 0
         p50/p99 ms: ingress 0.38/0.73  events 0.10/0.37  movement 0.31/0.50  grid 0.16/0.45  separate 0.18/0.30  history 0.00/0.00  serialize 0.04/0.12  assembly 0.92/1.34  transport 0.42/0.94  egress 2.00/2.50
[   60s] clients 0 | level 0 (0-0 in window: 30 Hz, dilation 1.0), pace 1.00, 0.0% clients bandwidth-degraded | tick p50 4.44 p99 4.88 max 4.88 ms, 0 overruns | out 20.7k pps 59 kbps/client, 40 Mbps | in 33.6k pps 18 kbps/client | stand-ins: repeated 0.10% frozen 0.00%, 5 late inputs | per client-tick: 209 B (near 37 B, 100% deltas), near 4.2 mid 4.0 far 6.2, far skipped 0 starved 0 | input wait p50 48.8 p99 91.0 ms | 0 joins deferred | kernel drops rcv 0 snd 0
         p50/p99 ms: ingress 0.40/1.53  events 0.14/0.44  movement 0.29/0.36  grid 0.15/0.16  separate 0.17/0.17  history 0.00/0.00  serialize 0.04/0.06  assembly 0.59/1.03  transport 0.39/0.67  egress 2.00/2.34

== summary: 1706 steady-state ticks (after warmup, before clients drain), peak 1000 clients ==
  phase        p50 ms   p99 ms   max ms
  ingress        0.38     0.89     1.33
  events         0.10     0.28     0.52
  movement       0.30     0.55     0.83
  grid           0.16     0.36     0.54
  separate       0.17     0.32     0.53
  history        0.00     0.00     0.05
  serialize      0.04     0.11     0.19
  assembly       0.89     1.31     1.59
  transport      0.42     0.96     1.24
  egress         2.06     2.55     2.95
  tick           4.61     5.83     6.42
  overruns 0 | spawns 1000 despawns 1000 (345 joins deferred) | stand-ins: repeated 1944 frozen 0 | late inputs 1940 discarded 1 | bad messages 0 | recv errors 0 send errors 0
  egress (whole run): 1796918 datagrams in 1796918 sends (1.00 per send), 115224 syscalls
  ticks per ladder level (whole run): L0: 1813
  input wait on the server (datagram arrival -> applied): p50 48.5 p99 90.3 max 536.2 mean 50.0 ms
  steady state: stand-ins repeated 1843 frozen 0 | late inputs 1838 discarded 0
  rewind of near targets (applied step - the input's render step for that tier): p50 267 p99 301 max 736 mean 270.3 ms (n=1775148)
  rewind of mid/far targets (applied step - the input's render step for that tier): p50 400 p99 434 max 870 mean 403.5 ms (n=1775148)
  render times ahead of the server (bogus) 0
