spawn=uniform
egress=sendmmsg
ladder=on
threads=8
shards=64
sockets=1
peak_clients=1000
steady_ticks=1706
steady_secs=56.8
ingress_p50_ms=0.38
ingress_p99_ms=0.89
ingress_max_ms=1.33
events_p50_ms=0.10
events_p99_ms=0.28
events_max_ms=0.52
movement_p50_ms=0.30
movement_p99_ms=0.55
movement_max_ms=0.83
grid_p50_ms=0.16
grid_p99_ms=0.36
grid_max_ms=0.54
separate_p50_ms=0.17
separate_p99_ms=0.32
separate_max_ms=0.53
history_p50_ms=0.00
history_p99_ms=0.00
history_max_ms=0.05
serialize_p50_ms=0.04
serialize_p99_ms=0.11
serialize_max_ms=0.19
assembly_p50_ms=0.89
assembly_p99_ms=1.31
assembly_max_ms=1.59
transport_p50_ms=0.42
transport_p99_ms=0.96
transport_max_ms=1.24
egress_p50_ms=2.06
egress_p99_ms=2.55
egress_max_ms=2.95
tick_p50_ms=4.61
tick_p99_ms=5.83
tick_max_ms=6.42
steady_overruns=0
level_mode=0
tick_hz=30
dilation=1
levels=L0:1706
clients_avg=1000
out_pps=30015
in_pps=29617
egress_mbps=59.6
packets_per_client_tick=1.00
wire_bytes_per_client_tick=248
down_kbps_per_client=59.6
up_kbps_per_client=14.9
kernel_rcvbuf_drops=0
kernel_sndbuf_drops=0
snapshot_bytes_per_client_tick=213
near_bytes_per_client_tick=38
near_per_client_tick=4.4
mid_per_client_tick=4.2
far_per_client_tick=6.3
near_scanned_per_query=3
mid_scanned_per_query=6
far_skipped=0
far_starved=0
repeated=1843
frozen=0
late_inputs=1838
discarded_inputs=0
input_wait_p50_ms=48.5
input_wait_p99_ms=90.3
spawns=1000
despawns=1000
joins_deferred=345
bad_messages=0
recv_errors=0
send_errors=0
datagrams=1796918
sends=1796918
send_syscalls=115224
rewind_near_p50_ms=267
rewind_near_p99_ms=301
rewind_near_mean_ms=270.3
rewind_mid_p50_ms=400
rewind_mid_p99_ms=434
rewind_mid_mean_ms=403.5
ingress_longest_p50_ms=0.02
ingress_work_p50_ms=0.80
assembly_longest_p50_ms=0.09
assembly_work_p50_ms=2.90
transport_longest_p50_ms=0.06
transport_work_p50_ms=1.47
egress_longest_p50_ms=0.33
egress_work_p50_ms=11.52
