warning: use of deprecated method `std::sync::atomic::Atomic::<usize>::fetch_update`: renamed to `try_update` for consistency
   --> src/server.rs:140:14
    |
140 |             .fetch_update(Ordering::AcqRel, Ordering::Acquire, |n| (n < self.max_clients).then_some(n + 1))
    |              ^^^^^^^^^^^^
    |
    = note: `#[warn(deprecated)]` on by default
help: replace the use of the deprecated method
    |
140 -             .fetch_update(Ordering::AcqRel, Ordering::Acquire, |n| (n < self.max_clients).then_some(n + 1))
140 +             .try_update(Ordering::AcqRel, Ordering::Acquire, |n| (n < self.max_clients).then_some(n + 1))
    |

== uniform, 10000 bots, 60s -> baselines/2026-10-04-scaleway-128t/uniform-10k-noladder-2
== summary: 1708 steady-state ticks (after warmup, before clients drain), peak 10000 clients ==
  phase        p50 ms   p99 ms   max ms
  ingress        1.55     1.89     2.01
  events         2.59     3.24     3.71
  movement       0.47     0.57     0.85
  grid           0.47     0.54     0.57
  history        0.01     0.01     0.02
  serialize      0.20     0.28     0.55
  assembly       2.79     4.19     5.00
  transport      1.94     2.26     2.76
  egress         3.76     4.25     4.66
  tick          13.88    15.44    16.27
  overruns 0 | spawns 10000 despawns 10000 (53224 joins deferred) | stand-ins: repeated 0 frozen 0 | late inputs 0 discarded 0 | bad messages 0 | recv errors 0 send errors 0
  egress (whole run): 30965943 datagrams in 30965943 sends (1.00 per send), 202028 syscalls
  ticks per ladder level (whole run): L0: 1821
  input wait on the server (datagram arrival -> applied): p50 49.4 p99 65.3 max 70.0 mean 49.7 ms
  steady state: stand-ins repeated 0 frozen 0 | late inputs 0 discarded 0
== bots summary ==
  started 10000 welcomed 10000 failed 0
  join latency ms: p50 705 p99 1551 max 1754 (n=10000)
  corrections 0 (0.00/bot-minute), mean error 0.000 m, max 0.000 m
  snapshots 17774987 (entities per snapshot: near 15.6 mid 41.8 far 58.5), stale 0, unmatched acks 0, resyncs 0
  input -> applied on server (est. RTT/2 + server wait): p50 57.0 p99 74.0 max 79.0 mean 57.4 ms (n=17771838)
    of which server wait (arrival -> applied): p50 49.4 p99 65.3 max 70.0 mean 49.7 ms (n=17771838)
  input -> seen acked (round trip): p50 67.0 p99 100.0 max 100.0 mean 79.1 ms (n=17771838)
  near entity update interval (tracked bots): p50 33.0 p99 33.0 max 100.0 mean 33.0 ms (n=14124405)
  mid entity update interval (tracked bots): p50 100.0 p99 100.0 max 500.0 mean 100.2 ms (n=38021282)
  far entity update interval (tracked bots): p50 500.0 p99 500.0 max 59000.0 mean 516.3 ms (n=52136048)
  input clock: 10656 extra inputs, 601 skipped ticks, 0 backlog skips | near decode errors (tracked bots) 0
  bytes down 23253.6 MB up 889.2 MB | swarm busy 18% of its threads' time, tick overruns 0
