preallocated connections for 10000 clients in 219.225931ms
listening on 172.16.8.2:40500 | spawn Uniform | tiers near 64@150 m, mid 500 m, far 1500 m, budget 6250 B/tick, squads of 4 | 128 rayon threads, 64 shards, 256 accepts/tick, egress SendMmsg | socket buffers rcv 32768 KiB snd 32768 KiB
[    5s] clients 10000 | level 0 (0-0 in window: 30 Hz, dilation 1.0), pace 1.00, 0.0% clients bandwidth-degraded | tick p50 13.77 p99 16.14 max 16.67 ms, 0 overruns | out 373.0k pps 300 kbps/client, 2217 Mbps | in 235.2k pps 16 kbps/client | stand-ins: repeated 0.00% frozen 0.00%, 0 late inputs | per client-tick: 1189 B (near 92 B, 99% deltas), near 14.9 mid 39.4 far 55.7, far skipped 0 starved 0 | input wait p50 50.1 p99 66.1 ms | 53224 joins deferred | kernel drops rcv 0 snd 0
         p50/p99 ms: ingress 1.55/6.94  events 2.64/4.27  movement 0.44/0.56  grid 0.44/0.54  history 0.01/0.05  serialize 0.21/0.42  assembly 2.75/3.86  transport 1.87/2.24  egress 3.68/4.23
[   10s] clients 10000 | level 0 (0-0 in window: 30 Hz, dilation 1.0), pace 1.00, 0.0% clients bandwidth-degraded | tick p50 13.86 p99 15.51 max 15.56 ms, 0 overruns | out 523.3k pps 315 kbps/client, 3149 Mbps | in 300.0k pps 12 kbps/client | stand-ins: repeated 0.00% frozen 0.00%, 0 late inputs | per client-tick: 1253 B (near 95 B, 100% deltas), near 15.7 mid 42.0 far 58.7, far skipped 0 starved 0 | input wait p50 49.4 p99 65.3 ms | 0 joins deferred | kernel drops rcv 0 snd 0
         p50/p99 ms: ingress 1.55/1.86  events 2.59/3.13  movement 0.47/0.61  grid 0.48/0.55  history 0.01/0.01  serialize 0.21/0.32  assembly 2.78/4.16  transport 1.94/2.17  egress 3.73/4.18
[   15s] clients 10000 | level 0 (0-0 in window: 30 Hz, dilation 1.0), pace 1.00, 0.0% clients bandwidth-degraded | tick p50 13.91 p99 15.61 max 15.78 ms, 0 overruns | out 523.3k pps 315 kbps/client, 3149 Mbps | in 299.9k pps 12 kbps/client | stand-ins: repeated 0.00% frozen 0.00%, 0 late inputs | per client-tick: 1253 B (near 94 B, 100% deltas), near 15.7 mid 42.0 far 58.7, far skipped 0 starved 0 | input wait p50 49.4 p99 65.3 ms | 0 joins deferred | kernel drops rcv 0 snd 0
         p50/p99 ms: ingress 1.55/1.91  events 2.61/3.39  movement 0.47/0.57  grid 0.47/0.54  history 0.01/0.01  serialize 0.20/0.26  assembly 2.80/4.32  transport 1.94/2.34  egress 3.75/4.16
[   20s] clients 10000 | level 0 (0-0 in window: 30 Hz, dilation 1.0), pace 1.00, 0.0% clients bandwidth-degraded | tick p50 13.83 p99 15.56 max 15.70 ms, 0 overruns | out 523.3k pps 315 kbps/client, 3149 Mbps | in 300.0k pps 12 kbps/client | stand-ins: repeated 0.00% frozen 0.00%, 0 late inputs | per client-tick: 1253 B (near 94 B, 100% deltas), near 15.7 mid 42.0 far 58.7, far skipped 0 starved 0 | input wait p50 49.4 p99 65.3 ms | 0 joins deferred | kernel drops rcv 0 snd 0
         p50/p99 ms: ingress 1.54/1.87  events 2.53/3.14  movement 0.46/0.56  grid 0.48/0.53  history 0.01/0.01  serialize 0.20/0.27  assembly 2.79/4.15  transport 1.94/2.36  egress 3.79/4.24
[   25s] clients 10000 | level 0 (0-0 in window: 30 Hz, dilation 1.0), pace 1.00, 0.0% clients bandwidth-degraded | tick p50 13.83 p99 15.48 max 15.55 ms, 0 overruns | out 523.2k pps 315 kbps/client, 3148 Mbps | in 300.0k pps 12 kbps/client | stand-ins: repeated 0.00% frozen 0.00%, 0 late inputs | per client-tick: 1253 B (near 94 B, 100% deltas), near 15.7 mid 41.9 far 58.7, far skipped 0 starved 0 | input wait p50 49.4 p99 65.3 ms | 0 joins deferred | kernel drops rcv 0 snd 0
         p50/p99 ms: ingress 1.55/1.87  events 2.54/3.03  movement 0.46/0.55  grid 0.48/0.53  history 0.01/0.02  serialize 0.21/0.27  assembly 2.79/4.21  transport 1.93/2.35  egress 3.74/4.23
[   30s] clients 10000 | level 0 (0-0 in window: 30 Hz, dilation 1.0), pace 1.00, 0.0% clients bandwidth-degraded | tick p50 13.89 p99 15.57 max 15.91 ms, 0 overruns | out 523.2k pps 315 kbps/client, 3148 Mbps | in 300.0k pps 12 kbps/client | stand-ins: repeated 0.00% frozen 0.00%, 0 late inputs | per client-tick: 1253 B (near 95 B, 100% deltas), near 15.7 mid 41.9 far 58.7, far skipped 0 starved 0 | input wait p50 49.4 p99 65.3 ms | 0 joins deferred | kernel drops rcv 0 snd 0
         p50/p99 ms: ingress 1.56/1.88  events 2.59/3.59  movement 0.47/0.57  grid 0.47/0.55  history 0.01/0.01  serialize 0.21/0.27  assembly 2.78/4.31  transport 1.94/2.17  egress 3.73/4.23
[   35s] clients 10000 | level 0 (0-0 in window: 30 Hz, dilation 1.0), pace 1.00, 0.0% clients bandwidth-degraded | tick p50 13.92 p99 15.26 max 15.65 ms, 0 overruns | out 523.4k pps 315 kbps/client, 3148 Mbps | in 300.0k pps 12 kbps/client | stand-ins: repeated 0.00% frozen 0.00%, 0 late inputs | per client-tick: 1252 B (near 95 B, 100% deltas), near 15.7 mid 41.9 far 58.7, far skipped 0 starved 0 | input wait p50 49.4 p99 65.3 ms | 0 joins deferred | kernel drops rcv 0 snd 0
         p50/p99 ms: ingress 1.55/1.90  events 2.66/3.03  movement 0.47/0.57  grid 0.47/0.56  history 0.01/0.02  serialize 0.20/0.29  assembly 2.79/4.09  transport 1.93/2.22  egress 3.77/4.33
[   40s] clients 10000 | level 0 (0-0 in window: 30 Hz, dilation 1.0), pace 1.00, 0.0% clients bandwidth-degraded | tick p50 13.84 p99 15.32 max 15.80 ms, 0 overruns | out 523.4k pps 315 kbps/client, 3147 Mbps | in 300.0k pps 12 kbps/client | stand-ins: repeated 0.00% frozen 0.00%, 0 late inputs | per client-tick: 1252 B (near 94 B, 100% deltas), near 15.7 mid 41.9 far 58.7, far skipped 0 starved 0 | input wait p50 49.4 p99 65.3 ms | 0 joins deferred | kernel drops rcv 0 snd 0
         p50/p99 ms: ingress 1.55/1.92  events 2.56/2.94  movement 0.46/0.57  grid 0.48/0.54  history 0.01/0.01  serialize 0.20/0.30  assembly 2.81/3.91  transport 1.94/2.19  egress 3.77/4.49
[   45s] clients 10000 | level 0 (0-0 in window: 30 Hz, dilation 1.0), pace 1.00, 0.0% clients bandwidth-degraded | tick p50 13.84 p99 15.08 max 15.09 ms, 0 overruns | out 523.1k pps 315 kbps/client, 3147 Mbps | in 300.0k pps 12 kbps/client | stand-ins: repeated 0.00% frozen 0.00%, 0 late inputs | per client-tick: 1252 B (near 94 B, 100% deltas), near 15.6 mid 41.9 far 58.7, far skipped 0 starved 0 | input wait p50 49.3 p99 65.3 ms | 0 joins deferred | kernel drops rcv 0 snd 0
         p50/p99 ms: ingress 1.55/1.96  events 2.59/3.28  movement 0.46/0.57  grid 0.47/0.54  history 0.01/0.01  serialize 0.20/0.30  assembly 2.79/4.20  transport 1.94/2.26  egress 3.74/4.16
[   50s] clients 10000 | level 0 (0-0 in window: 30 Hz, dilation 1.0), pace 1.00, 0.0% clients bandwidth-degraded | tick p50 13.93 p99 15.68 max 16.27 ms, 0 overruns | out 523.0k pps 315 kbps/client, 3147 Mbps | in 300.0k pps 12 kbps/client | stand-ins: repeated 0.00% frozen 0.00%, 0 late inputs | per client-tick: 1252 B (near 94 B, 100% deltas), near 15.6 mid 41.9 far 58.7, far skipped 0 starved 0 | input wait p50 49.4 p99 65.3 ms | 0 joins deferred | kernel drops rcv 0 snd 0
         p50/p99 ms: ingress 1.56/1.87  events 2.59/3.04  movement 0.47/0.57  grid 0.48/0.54  history 0.01/0.01  serialize 0.20/0.26  assembly 2.79/4.47  transport 1.94/2.19  egress 3.78/4.37
[   55s] clients 10000 | level 0 (0-0 in window: 30 Hz, dilation 1.0), pace 1.00, 0.0% clients bandwidth-degraded | tick p50 13.82 p99 15.21 max 15.42 ms, 0 overruns | out 523.0k pps 315 kbps/client, 3147 Mbps | in 300.0k pps 12 kbps/client | stand-ins: repeated 0.00% frozen 0.00%, 0 late inputs | per client-tick: 1252 B (near 95 B, 100% deltas), near 15.7 mid 41.9 far 58.7, far skipped 0 starved 0 | input wait p50 49.3 p99 65.3 ms | 0 joins deferred | kernel drops rcv 0 snd 0
         p50/p99 ms: ingress 1.55/1.89  events 2.57/3.12  movement 0.46/0.57  grid 0.47/0.53  history 0.01/0.01  serialize 0.21/0.29  assembly 2.78/3.91  transport 1.93/2.50  egress 3.78/4.29
[   60s] clients 10000 | level 0 (0-0 in window: 30 Hz, dilation 1.0), pace 1.00, 0.0% clients bandwidth-degraded | tick p50 13.96 p99 15.01 max 15.29 ms, 0 overruns | out 523.0k pps 315 kbps/client, 3147 Mbps | in 300.0k pps 12 kbps/client | stand-ins: repeated 0.00% frozen 0.00%, 0 late inputs | per client-tick: 1252 B (near 94 B, 100% deltas), near 15.6 mid 41.9 far 58.7, far skipped 0 starved 0 | input wait p50 49.3 p99 65.3 ms | 0 joins deferred | kernel drops rcv 0 snd 0
         p50/p99 ms: ingress 1.55/1.88  events 2.63/3.45  movement 0.47/0.59  grid 0.47/0.54  history 0.01/0.01  serialize 0.20/0.29  assembly 2.79/3.90  transport 1.93/2.27  egress 3.79/4.19
[   61s] clients 0 | level 0 (0-0 in window: 30 Hz, dilation 1.0), pace 1.00, 0.0% clients bandwidth-degraded | tick p50 13.89 p99 20.91 max 20.91 ms, 0 overruns | out 448.1k pps 304 kbps/client, 2699 Mbps | in 316.0k pps 12 kbps/client | stand-ins: repeated 0.00% frozen 0.00%, 0 late inputs | per client-tick: 1227 B (near 93 B, 100% deltas), near 15.3 mid 41.0 far 57.5, far skipped 0 starved 0 | input wait p50 49.5 p99 65.4 ms | 0 joins deferred | kernel drops rcv 0 snd 0
         p50/p99 ms: ingress 1.51/5.68  events 2.65/12.39  movement 0.47/0.51  grid 0.47/0.51  history 0.01/0.02  serialize 0.20/0.25  assembly 2.76/4.09  transport 1.93/2.06  egress 3.70/4.05

== summary: 1708 steady-state ticks (after warmup, before clients drain), peak 10000 clients ==
  phase        p50 ms   p99 ms   max ms
  ingress        1.55     1.89     2.01
  events         2.59     3.24     3.71
  movement       0.47     0.57     0.85
  grid           0.47     0.54     0.57
  history        0.01     0.01     0.02
  serialize      0.20     0.28     0.55
  assembly       2.79     4.19     5.00
  transport      1.94     2.26     2.76
  egress         3.76     4.25     4.66
  tick          13.88    15.44    16.27
  overruns 0 | spawns 10000 despawns 10000 (53224 joins deferred) | stand-ins: repeated 0 frozen 0 | late inputs 0 discarded 0 | bad messages 0 | recv errors 0 send errors 0
  egress (whole run): 30965943 datagrams in 30965943 sends (1.00 per send), 202028 syscalls
  ticks per ladder level (whole run): L0: 1821
  input wait on the server (datagram arrival -> applied): p50 49.4 p99 65.3 max 70.0 mean 49.7 ms
  steady state: stand-ins repeated 0 frozen 0 | late inputs 0 discarded 0
