5000 bots -> 172.31.17.93:40500 on 28 threads x 8 slots, ramp 0/s, 60s, 5000 full + 0 sink bots
[    5s] bots 5000/5000 connected, 5000 welcomed, 0 failed | 24.9 snaps/s/bot, entities/snap near 9.3 mid 20.5 far 32.1 | corrections 0.000/s/bot | down 148 up 13 kbps/bot | rtt 7.5 ms loss 0.00% | input->applied ~ p50 56 p99 74 ms, round trip p50 67 p99 100 ms | joins 5000 (p50 378 p99 835 ms) | server pace 1.00 level 0, 0 bots bandwidth-degraded | swarm busy 8%, overruns 199
[   10s] bots 5000/5000 connected, 5000 welcomed, 0 failed | 29.9 snaps/s/bot, entities/snap near 9.4 mid 20.9 far 32.7 | corrections 0.000/s/bot | down 181 up 15 kbps/bot | rtt 7.4 ms loss 0.00% | input->applied ~ p50 55 p99 70 ms, round trip p50 67 p99 100 ms | joins 0 (p50 0 p99 0 ms) | server pace 1.00 level 0, 0 bots bandwidth-degraded | swarm busy 9%, overruns 0
[   15s] bots 5000/5000 connected, 5000 welcomed, 0 failed | 30.2 snaps/s/bot, entities/snap near 9.4 mid 20.9 far 32.7 | corrections 0.000/s/bot | down 182 up 15 kbps/bot | rtt 7.5 ms loss 0.00% | input->applied ~ p50 55 p99 70 ms, round trip p50 67 p99 100 ms | joins 0 (p50 0 p99 0 ms) | server pace 1.00 level 0, 0 bots bandwidth-degraded | swarm busy 9%, overruns 0
[   20s] bots 5000/5000 connected, 5000 welcomed, 0 failed | 30.1 snaps/s/bot, entities/snap near 9.5 mid 21.4 far 33.4 | corrections 0.000/s/bot | down 185 up 15 kbps/bot | rtt 7.8 ms loss 0.00% | input->applied ~ p50 55 p99 70 ms, round trip p50 67 p99 100 ms | joins 0 (p50 0 p99 0 ms) | server pace 1.00 level 0, 0 bots bandwidth-degraded | swarm busy 9%, overruns 0
[   25s] bots 5000/5000 connected, 5000 welcomed, 0 failed | 30.1 snaps/s/bot, entities/snap near 9.8 mid 22.4 far 35.0 | corrections 0.000/s/bot | down 193 up 15 kbps/bot | rtt 8.0 ms loss 0.00% | input->applied ~ p50 55 p99 70 ms, round trip p50 67 p99 100 ms | joins 0 (p50 0 p99 0 ms) | server pace 1.00 level 0, 0 bots bandwidth-degraded | swarm busy 9%, overruns 0
[   30s] bots 5000/5000 connected, 5000 welcomed, 0 failed | 30.1 snaps/s/bot, entities/snap near 10.0 mid 23.1 far 35.9 | corrections 0.000/s/bot | down 198 up 15 kbps/bot | rtt 8.2 ms loss 0.00% | input->applied ~ p50 55 p99 70 ms, round trip p50 67 p99 100 ms | joins 0 (p50 0 p99 0 ms) | server pace 1.00 level 0, 0 bots bandwidth-degraded | swarm busy 9%, overruns 0
[   35s] bots 5000/5000 connected, 5000 welcomed, 0 failed | 30.1 snaps/s/bot, entities/snap near 10.0 mid 23.0 far 35.9 | corrections 0.000/s/bot | down 198 up 15 kbps/bot | rtt 8.0 ms loss 0.00% | input->applied ~ p50 55 p99 70 ms, round trip p50 67 p99 100 ms | joins 0 (p50 0 p99 0 ms) | server pace 1.00 level 0, 0 bots bandwidth-degraded | swarm busy 9%, overruns 0
[   40s] bots 5000/5000 connected, 5000 welcomed, 0 failed | 30.1 snaps/s/bot, entities/snap near 10.0 mid 23.0 far 35.9 | corrections 0.000/s/bot | down 198 up 15 kbps/bot | rtt 8.1 ms loss 0.00% | input->applied ~ p50 55 p99 70 ms, round trip p50 67 p99 100 ms | joins 0 (p50 0 p99 0 ms) | server pace 1.00 level 0, 0 bots bandwidth-degraded | swarm busy 9%, overruns 0
[   45s] bots 5000/5000 connected, 5000 welcomed, 0 failed | 30.2 snaps/s/bot, entities/snap near 10.0 mid 23.0 far 35.9 | corrections 0.000/s/bot | down 198 up 15 kbps/bot | rtt 8.0 ms loss 0.00% | input->applied ~ p50 55 p99 70 ms, round trip p50 67 p99 100 ms | joins 0 (p50 0 p99 0 ms) | server pace 1.00 level 0, 0 bots bandwidth-degraded | swarm busy 9%, overruns 0
[   50s] bots 5000/5000 connected, 5000 welcomed, 0 failed | 30.1 snaps/s/bot, entities/snap near 10.1 mid 23.0 far 35.9 | corrections 0.000/s/bot | down 198 up 15 kbps/bot | rtt 8.0 ms loss 0.00% | input->applied ~ p50 55 p99 70 ms, round trip p50 67 p99 100 ms | joins 0 (p50 0 p99 0 ms) | server pace 1.00 level 0, 0 bots bandwidth-degraded | swarm busy 9%, overruns 0
[   55s] bots 5000/5000 connected, 5000 welcomed, 0 failed | 30.2 snaps/s/bot, entities/snap near 10.1 mid 23.0 far 35.9 | corrections 0.000/s/bot | down 198 up 15 kbps/bot | rtt 8.0 ms loss 0.00% | input->applied ~ p50 55 p99 70 ms, round trip p50 67 p99 100 ms | joins 0 (p50 0 p99 0 ms) | server pace 1.00 level 0, 0 bots bandwidth-degraded | swarm busy 9%, overruns 0
[   60s] bots 5000/5000 connected, 5000 welcomed, 0 failed | 30.3 snaps/s/bot, entities/snap near 10.1 mid 23.0 far 35.9 | corrections 0.000/s/bot | down 198 up 15 kbps/bot | rtt 8.0 ms loss 0.00% | input->applied ~ p50 55 p99 70 ms, round trip p50 67 p99 100 ms | joins 0 (p50 0 p99 0 ms) | server pace 1.00 level 0, 0 bots bandwidth-degraded | swarm busy 9%, overruns 0

== bots summary ==
  started 5000 welcomed 5000 failed 0
  join latency ms: p50 378 p99 835 max 936 (n=5000)
  corrections 0 (0.00/bot-minute), mean error 0.000 m, max 0.000 m
  push corrections (the server pushed us apart from a crowd) 1881 (0.38/bot-minute), max 0.101 m
  snapshots 8939855 (entities per snapshot: near 9.8 mid 22.3 far 34.8), stale 0, unmatched acks 0, resyncs 0
  input -> applied on server (est. RTT/2 + server wait): p50 55.0 p99 70.0 max 108.0 mean 54.6 ms (n=8938070)
    of which server wait (arrival -> applied): p50 51.2 p99 66.1 max 103.9 mean 50.6 ms (n=8938070)
  input -> seen acked (round trip): p50 67.0 p99 100.0 max 136.0 mean 75.4 ms (n=8938070)
  near entity update interval (tracked bots): p50 33.0 p99 33.0 max 100.0 mean 33.0 ms (n=4284120)
  mid entity update interval (tracked bots): p50 100.0 p99 100.0 max 500.0 mean 100.2 ms (n=10033804)
  far entity update interval (tracked bots): p50 500.0 p99 500.0 max 2000.0 mean 499.9 ms (n=15757926)
  near drawn (tracked bots): 99.85% interpolated, 0.02% extrapolated, 0.00% held, 0.13% new | pops p50 0 p99 0 max 48 mm
  mid drawn (tracked bots): 99.52% interpolated, 0.13% extrapolated, 0.01% held, 0.34% new | pops p50 0 p99 0 max 4594 mm
  far drawn (tracked bots): 40.27% interpolated, 59.04% extrapolated, 0.27% held, 0.42% new | pops p50 404 p99 3655 max 16252 mm
  render delay (near) 67.2 ms behind the newest step, clock snaps 0 (backwards 0), slewing 1.01% of frames, near delay changes 13 | streak entity-frames (drawn > 20 m/s) 4382720
  input clock: 5000 extra inputs, 341 skipped ticks, 0 backlog skips | near decode errors (tracked bots) 0
  bytes down 7132.4 MB up 563.4 MB | swarm busy 9% of its threads' time, tick overruns 199
