== joins, 5000 bots, 60s -> baselines/2026-10-07-aws-full/joins-5k-2
== summary: 1708 steady-state ticks (after warmup, before clients drain), peak 5500 clients ==
  phase        p50 ms   p99 ms   max ms
  ingress        0.83     1.11     1.42
  events         2.17     2.75     3.05
  movement       0.65     0.75     0.78
  grid           0.36     0.39     0.44
  separate       0.36     0.64     0.77
  history        0.01     0.03     0.05
  shots          0.03     0.08     0.16
  serialize      0.24     0.29     0.36
  assembly       1.38     1.85     2.20
  transport      0.91     1.15     1.25
  egress         1.30     1.58     1.94
  tick           8.39     9.35     9.98
  overruns 0 | spawns 5500 despawns 5500 (12114 joins deferred) | deaths 0 respawns 0 | stand-ins: repeated 0 frozen 0 | late inputs 0 discarded 0 | bad messages 0 | recv errors 0 send errors 0
  egress (whole run): 9602367 datagrams in 9602367 sends (1.00 per send), 115264 syscalls
  ingress (whole run): 9582843 datagrams in 180609 receive calls (53.06 per call)
  ticks per ladder level (whole run): L0: 1817
  input wait on the server (datagram arrival -> applied): p50 51.2 p99 66.1 max 103.9 mean 50.6 ms
  steady state: stand-ins repeated 0 frozen 0 | late inputs 0 discarded 0
  rewind of near targets (applied step - the input's render step for that tier): p50 133 p99 167 max 193 mean 141.4 ms (n=9484356)
  rewind of mid/far targets (applied step - the input's render step for that tier): p50 267 p99 300 max 327 mean 275.1 ms (n=9484356)
  render times ahead of the server (bogus) 0
  shots 0 (late 0, refused 0, rewinds capped 0) | hits head 0 body 0 (after cover 0, too late 0), kills 0 | ground 0 cover 0 expired 0 | segments 0 candidates 0
== bots summary ==
  started 5000 welcomed 5000 failed 0
  join latency ms: p50 378 p99 835 max 936 (n=5000)
  corrections 0 (0.00/bot-minute), mean error 0.000 m, max 0.000 m
  push corrections (the server pushed us apart from a crowd) 1881 (0.38/bot-minute), max 0.101 m
  snapshots 8939855 (entities per snapshot: near 9.8 mid 22.3 far 34.8), stale 0, unmatched acks 0, resyncs 0
  input -> applied on server (est. RTT/2 + server wait): p50 55.0 p99 70.0 max 108.0 mean 54.6 ms (n=8938070)
    of which server wait (arrival -> applied): p50 51.2 p99 66.1 max 103.9 mean 50.6 ms (n=8938070)
  input -> seen acked (round trip): p50 67.0 p99 100.0 max 136.0 mean 75.4 ms (n=8938070)
  near entity update interval (tracked bots): p50 33.0 p99 33.0 max 100.0 mean 33.0 ms (n=4284120)
  mid entity update interval (tracked bots): p50 100.0 p99 100.0 max 500.0 mean 100.2 ms (n=10033804)
  far entity update interval (tracked bots): p50 500.0 p99 500.0 max 2000.0 mean 499.9 ms (n=15757926)
  near drawn (tracked bots): 99.85% interpolated, 0.02% extrapolated, 0.00% held, 0.13% new | pops p50 0 p99 0 max 48 mm
  mid drawn (tracked bots): 99.52% interpolated, 0.13% extrapolated, 0.01% held, 0.34% new | pops p50 0 p99 0 max 4594 mm
  far drawn (tracked bots): 40.27% interpolated, 59.04% extrapolated, 0.27% held, 0.42% new | pops p50 404 p99 3655 max 16252 mm
  render delay (near) 67.2 ms behind the newest step, clock snaps 0 (backwards 0), slewing 1.01% of frames, near delay changes 13 | streak entity-frames (drawn > 20 m/s) 4382720
  input clock: 5000 extra inputs, 341 skipped ticks, 0 backlog skips | near decode errors (tracked bots) 0
  bytes down 7132.4 MB up 563.4 MB | swarm busy 9% of its threads' time, tick overruns 199
== bots summary ==
  started 500 welcomed 500 failed 0
  join latency ms: p50 89 p99 165 max 166 (n=500)
  corrections 0 (0.00/bot-minute), mean error 0.000 m, max 0.000 m
  push corrections (the server pushed us apart from a crowd) 181 (0.48/bot-minute), max 0.100 m
  snapshots 598366 (entities per snapshot: near 10.2 mid 23.0 far 35.4), stale 0, unmatched acks 0, resyncs 0
  input -> applied on server (est. RTT/2 + server wait): p50 55.0 p99 70.0 max 72.0 mean 54.4 ms (n=598229)
    of which server wait (arrival -> applied): p50 50.8 p99 66.3 max 68.8 mean 50.5 ms (n=598229)
  input -> seen acked (round trip): p50 67.0 p99 100.0 max 129.0 mean 76.2 ms (n=598229)
  near entity update interval (tracked bots): p50 33.0 p99 33.0 max 100.0 mean 33.0 ms (n=272371)
  mid entity update interval (tracked bots): p50 100.0 p99 100.0 max 500.0 mean 100.2 ms (n=654631)
  far entity update interval (tracked bots): p50 500.0 p99 500.0 max 2000.0 mean 499.9 ms (n=1024252)
  near drawn (tracked bots): 99.79% interpolated, 0.02% extrapolated, 0.00% held, 0.20% new | pops p50 0 p99 0 max 15 mm
  mid drawn (tracked bots): 99.35% interpolated, 0.13% extrapolated, 0.01% held, 0.51% new | pops p50 0 p99 0 max 3733 mm
  far drawn (tracked bots): 40.37% interpolated, 58.75% extrapolated, 0.30% held, 0.57% new | pops p50 409 p99 3646 max 16078 mm
  render delay (near) 66.7 ms behind the newest step, clock snaps 0 (backwards 0), slewing 1.68% of frames, near delay changes 0 | streak entity-frames (drawn > 20 m/s) 290388
  input clock: 500 extra inputs, 1 skipped ticks, 0 backlog skips | near decode errors (tracked bots) 0
  bytes down 487.7 MB up 37.7 MB | swarm busy 1% of its threads' time, tick overruns 17
