preallocated connections for 10000 clients in 248.382734ms
listening on 172.31.17.93:40500 | spawn Uniform | tiers near 64@150 m, mid 500 m, far 1500 m, budget 6250 B/tick, squads of 4 | 64 rayon threads, 64 shards, 1 socket(s), 256 accepts/tick, egress SendMmsg, ingress RecvMmsg | socket buffers rcv 32768 KiB snd 32768 KiB
[    5s] clients 5000 | level 0 (0-0 in window: 30 Hz, dilation 1.0), pace 1.00, 0.0% clients bandwidth-degraded | tick p50 7.82 p99 9.98 max 9.98 ms, 0 overruns | out 127.2k pps 179 kbps/client, 741 Mbps | in 128.5k pps 17 kbps/client, 52.5 per recv, receive thread busy 13% | stand-ins: repeated 0.00% frozen 0.00%, 0 late inputs | per client-tick: 703 B (near 67 B, 99% deltas), near 9.2 mid 20.3 far 31.8, far skipped 0 starved 0 | input wait p50 51.7 p99 69.9 ms | 12114 joins deferred | kernel drops rcv 0 snd 0
         p50/p99 ms: ingress 0.82/3.60  events 1.99/3.41  movement 0.62/0.70  grid 0.34/0.37  separate 0.33/0.67  history 0.01/0.07  shots 0.03/0.04  serialize 0.23/0.30  assembly 1.26/1.79  transport 0.84/1.24  egress 1.20/1.77
[   10s] clients 5000 | level 0 (0-0 in window: 30 Hz, dilation 1.0), pace 1.00, 0.0% clients bandwidth-degraded | tick p50 7.95 p99 8.68 max 8.88 ms, 0 overruns | out 150.1k pps 181 kbps/client, 907 Mbps | in 150.0k pps 15 kbps/client, 52.9 per recv, receive thread busy 15% | stand-ins: repeated 0.00% frozen 0.00%, 0 late inputs | per client-tick: 719 B (near 67 B, 100% deltas), near 9.4 mid 20.9 far 32.7, far skipped 0 starved 0 | input wait p50 51.2 p99 66.1 ms | 0 joins deferred | kernel drops rcv 0 snd 0
         p50/p99 ms: ingress 0.81/1.13  events 2.03/2.58  movement 0.63/0.69  grid 0.34/0.37  separate 0.46/0.67  history 0.01/0.03  shots 0.03/0.14  serialize 0.23/0.27  assembly 1.26/1.81  transport 0.85/1.02  egress 1.20/1.63
[   15s] clients 5000 | level 0 (0-0 in window: 30 Hz, dilation 1.0), pace 1.00, 0.0% clients bandwidth-degraded | tick p50 7.86 p99 8.74 max 8.93 ms, 0 overruns | out 150.1k pps 182 kbps/client, 908 Mbps | in 150.0k pps 15 kbps/client, 53.0 per recv, receive thread busy 15% | stand-ins: repeated 0.00% frozen 0.00%, 0 late inputs | per client-tick: 719 B (near 67 B, 100% deltas), near 9.4 mid 20.9 far 32.7, far skipped 0 starved 0 | input wait p50 51.2 p99 66.1 ms | 0 joins deferred | kernel drops rcv 0 snd 0
         p50/p99 ms: ingress 0.81/1.05  events 2.00/2.63  movement 0.63/0.68  grid 0.34/0.38  separate 0.36/0.62  history 0.01/0.03  shots 0.03/0.13  serialize 0.23/0.28  assembly 1.24/1.63  transport 0.86/1.21  egress 1.21/1.39
[   20s] clients 5227 | level 0 (0-0 in window: 30 Hz, dilation 1.0), pace 1.00, 0.0% clients bandwidth-degraded | tick p50 8.02 p99 9.22 max 9.25 ms, 0 overruns | out 153.3k pps 185 kbps/client, 943 Mbps | in 153.1k pps 15 kbps/client, 52.8 per recv, receive thread busy 15% | stand-ins: repeated 0.00% frozen 0.00%, 0 late inputs | per client-tick: 733 B (near 68 B, 100% deltas), near 9.5 mid 21.4 far 33.4, far skipped 0 starved 0 | input wait p50 51.3 p99 66.1 ms | 0 joins deferred | kernel drops rcv 0 snd 0
         p50/p99 ms: ingress 0.82/1.16  events 2.04/2.93  movement 0.64/0.69  grid 0.35/0.39  separate 0.36/0.62  history 0.01/0.04  shots 0.03/0.08  serialize 0.24/0.31  assembly 1.30/1.59  transport 0.88/1.15  egress 1.24/1.44
[   25s] clients 5475 | level 0 (0-0 in window: 30 Hz, dilation 1.0), pace 1.00, 0.0% clients bandwidth-degraded | tick p50 8.30 p99 9.02 max 9.12 ms, 0 overruns | out 161.2k pps 193 kbps/client, 1031 Mbps | in 160.6k pps 15 kbps/client, 53.4 per recv, receive thread busy 15% | stand-ins: repeated 0.00% frozen 0.00%, 0 late inputs | per client-tick: 765 B (near 70 B, 100% deltas), near 9.8 mid 22.5 far 35.1, far skipped 0 starved 0 | input wait p50 51.2 p99 66.1 ms | 0 joins deferred | kernel drops rcv 0 snd 0
         p50/p99 ms: ingress 0.82/1.01  events 2.13/2.74  movement 0.65/0.69  grid 0.36/0.39  separate 0.37/0.66  history 0.01/0.02  shots 0.03/0.05  serialize 0.24/0.32  assembly 1.35/1.72  transport 0.89/1.09  egress 1.28/1.47
[   30s] clients 5500 | level 0 (0-0 in window: 30 Hz, dilation 1.0), pace 1.00, 0.0% clients bandwidth-degraded | tick p50 8.49 p99 9.42 max 9.69 ms, 0 overruns | out 166.0k pps 197 kbps/client, 1081 Mbps | in 165.0k pps 15 kbps/client, 52.9 per recv, receive thread busy 16% | stand-ins: repeated 0.00% frozen 0.00%, 0 late inputs | per client-tick: 782 B (near 72 B, 100% deltas), near 10.0 mid 23.1 far 35.9, far skipped 0 starved 0 | input wait p50 51.0 p99 66.1 ms | 0 joins deferred | kernel drops rcv 0 snd 0
         p50/p99 ms: ingress 0.84/1.10  events 2.21/2.83  movement 0.66/0.71  grid 0.36/0.38  separate 0.34/0.66  history 0.01/0.03  shots 0.04/0.06  serialize 0.24/0.29  assembly 1.41/1.83  transport 0.93/1.16  egress 1.32/1.59
[   35s] clients 5500 | level 0 (0-0 in window: 30 Hz, dilation 1.0), pace 1.00, 0.0% clients bandwidth-degraded | tick p50 8.47 p99 9.50 max 9.56 ms, 0 overruns | out 166.0k pps 197 kbps/client, 1081 Mbps | in 164.9k pps 15 kbps/client, 53.2 per recv, receive thread busy 16% | stand-ins: repeated 0.00% frozen 0.00%, 0 late inputs | per client-tick: 782 B (near 72 B, 100% deltas), near 10.0 mid 23.0 far 35.9, far skipped 0 starved 0 | input wait p50 51.0 p99 66.1 ms | 0 joins deferred | kernel drops rcv 0 snd 0
         p50/p99 ms: ingress 0.83/1.14  events 2.20/2.69  movement 0.66/0.73  grid 0.36/0.39  separate 0.35/0.64  history 0.01/0.02  shots 0.04/0.05  serialize 0.24/0.29  assembly 1.41/2.14  transport 0.93/1.15  egress 1.33/1.65
[   40s] clients 5500 | level 0 (0-0 in window: 30 Hz, dilation 1.0), pace 1.00, 0.0% clients bandwidth-degraded | tick p50 8.56 p99 9.35 max 9.98 ms, 0 overruns | out 166.0k pps 197 kbps/client, 1081 Mbps | in 165.0k pps 15 kbps/client, 53.2 per recv, receive thread busy 16% | stand-ins: repeated 0.00% frozen 0.00%, 0 late inputs | per client-tick: 782 B (near 72 B, 100% deltas), near 10.1 mid 23.0 far 35.9, far skipped 0 starved 0 | input wait p50 51.0 p99 66.1 ms | 0 joins deferred | kernel drops rcv 0 snd 0
         p50/p99 ms: ingress 0.84/1.07  events 2.21/2.95  movement 0.66/0.72  grid 0.36/0.40  separate 0.49/0.64  history 0.01/0.02  shots 0.04/0.06  serialize 0.24/0.29  assembly 1.43/1.85  transport 0.93/1.15  egress 1.32/1.68
[   45s] clients 5500 | level 0 (0-0 in window: 30 Hz, dilation 1.0), pace 1.00, 0.0% clients bandwidth-degraded | tick p50 8.54 p99 9.57 max 9.90 ms, 0 overruns | out 166.0k pps 197 kbps/client, 1081 Mbps | in 165.0k pps 15 kbps/client, 53.0 per recv, receive thread busy 16% | stand-ins: repeated 0.00% frozen 0.00%, 0 late inputs | per client-tick: 782 B (near 72 B, 100% deltas), near 10.0 mid 23.0 far 35.9, far skipped 0 starved 0 | input wait p50 51.0 p99 66.1 ms | 0 joins deferred | kernel drops rcv 0 snd 0
         p50/p99 ms: ingress 0.84/1.12  events 2.20/2.78  movement 0.66/0.78  grid 0.36/0.39  separate 0.37/0.67  history 0.01/0.04  shots 0.04/0.15  serialize 0.24/0.29  assembly 1.40/1.94  transport 0.95/1.20  egress 1.35/1.54
[   50s] clients 5500 | level 0 (0-0 in window: 30 Hz, dilation 1.0), pace 1.00, 0.0% clients bandwidth-degraded | tick p50 8.51 p99 9.45 max 9.54 ms, 0 overruns | out 166.0k pps 197 kbps/client, 1081 Mbps | in 165.0k pps 15 kbps/client, 53.0 per recv, receive thread busy 16% | stand-ins: repeated 0.00% frozen 0.00%, 0 late inputs | per client-tick: 782 B (near 72 B, 100% deltas), near 10.1 mid 23.0 far 35.9, far skipped 0 starved 0 | input wait p50 51.0 p99 66.1 ms | 0 joins deferred | kernel drops rcv 0 snd 0
         p50/p99 ms: ingress 0.83/1.24  events 2.20/2.76  movement 0.65/0.72  grid 0.36/0.39  separate 0.47/0.66  history 0.01/0.02  shots 0.04/0.06  serialize 0.24/0.28  assembly 1.42/1.88  transport 0.92/1.14  egress 1.31/1.64
[   55s] clients 5500 | level 0 (0-0 in window: 30 Hz, dilation 1.0), pace 1.00, 0.0% clients bandwidth-degraded | tick p50 8.42 p99 9.27 max 9.28 ms, 0 overruns | out 166.0k pps 197 kbps/client, 1081 Mbps | in 165.0k pps 15 kbps/client, 53.2 per recv, receive thread busy 16% | stand-ins: repeated 0.00% frozen 0.00%, 0 late inputs | per client-tick: 782 B (near 72 B, 100% deltas), near 10.1 mid 23.0 far 35.9, far skipped 0 starved 0 | input wait p50 51.0 p99 66.1 ms | 0 joins deferred | kernel drops rcv 0 snd 0
         p50/p99 ms: ingress 0.84/1.14  events 2.16/2.58  movement 0.65/0.72  grid 0.36/0.38  separate 0.34/0.61  history 0.01/0.01  shots 0.03/0.05  serialize 0.24/0.28  assembly 1.41/1.89  transport 0.94/1.23  egress 1.32/1.66
[   60s] clients 5500 | level 0 (0-0 in window: 30 Hz, dilation 1.0), pace 1.00, 0.0% clients bandwidth-degraded | tick p50 8.57 p99 9.44 max 9.89 ms, 0 overruns | out 166.0k pps 197 kbps/client, 1081 Mbps | in 165.0k pps 15 kbps/client, 53.3 per recv, receive thread busy 16% | stand-ins: repeated 0.00% frozen 0.00%, 0 late inputs | per client-tick: 782 B (near 72 B, 100% deltas), near 10.1 mid 23.0 far 35.9, far skipped 0 starved 0 | input wait p50 50.9 p99 66.1 ms | 0 joins deferred | kernel drops rcv 0 snd 0
         p50/p99 ms: ingress 0.84/1.08  events 2.21/2.69  movement 0.72/0.76  grid 0.36/0.40  separate 0.35/0.63  history 0.01/0.04  shots 0.04/0.14  serialize 0.24/0.28  assembly 1.42/1.80  transport 0.94/1.10  egress 1.33/1.66
[   61s] clients 0 | level 0 (0-0 in window: 30 Hz, dilation 1.0), pace 1.00, 0.0% clients bandwidth-degraded | tick p50 8.54 p99 14.53 max 14.53 ms, 0 overruns | out 138.4k pps 188 kbps/client, 882 Mbps | in 193.2k pps 16 kbps/client, 56.3 per recv, receive thread busy 19% | stand-ins: repeated 0.00% frozen 0.00%, 0 late inputs | per client-tick: 765 B (near 70 B, 100% deltas), near 9.8 mid 22.5 far 35.0, far skipped 0 starved 0 | input wait p50 50.9 p99 66.1 ms | 0 joins deferred | kernel drops rcv 0 snd 0
         p50/p99 ms: ingress 0.92/4.02  events 2.25/8.89  movement 0.65/0.68  grid 0.36/0.38  separate 0.33/0.55  history 0.01/0.01  shots 0.04/0.11  serialize 0.24/0.28  assembly 1.38/1.59  transport 0.90/1.02  egress 1.34/1.41

== summary: 1708 steady-state ticks (after warmup, before clients drain), peak 5500 clients ==
  phase        p50 ms   p99 ms   max ms
  ingress        0.83     1.11     1.42
  events         2.17     2.75     3.05
  movement       0.65     0.75     0.78
  grid           0.36     0.39     0.44
  separate       0.36     0.64     0.77
  history        0.01     0.03     0.05
  shots          0.03     0.08     0.16
  serialize      0.24     0.29     0.36
  assembly       1.38     1.85     2.20
  transport      0.91     1.15     1.25
  egress         1.30     1.58     1.94
  tick           8.39     9.35     9.98
  overruns 0 | spawns 5500 despawns 5500 (12114 joins deferred) | deaths 0 respawns 0 | stand-ins: repeated 0 frozen 0 | late inputs 0 discarded 0 | bad messages 0 | recv errors 0 send errors 0
  egress (whole run): 9602367 datagrams in 9602367 sends (1.00 per send), 115264 syscalls
  ingress (whole run): 9582843 datagrams in 180609 receive calls (53.06 per call)
  ticks per ladder level (whole run): L0: 1817
  input wait on the server (datagram arrival -> applied): p50 51.2 p99 66.1 max 103.9 mean 50.6 ms
  steady state: stand-ins repeated 0 frozen 0 | late inputs 0 discarded 0
  rewind of near targets (applied step - the input's render step for that tier): p50 133 p99 167 max 193 mean 141.4 ms (n=9484356)
  rewind of mid/far targets (applied step - the input's render step for that tier): p50 267 p99 300 max 327 mean 275.1 ms (n=9484356)
  render times ahead of the server (bogus) 0
  shots 0 (late 0, refused 0, rewinds capped 0) | hits head 0 body 0 (after cover 0, too late 0), kills 0 | ground 0 cover 0 expired 0 | segments 0 candidates 0
