minting tokens with the public dev key (--token-key to change)
1000 bots -> 127.0.0.1:40500 on 8 threads, ramp 0/s, 60s, 1000 full + 0 sink bots
[    5s] bots 1000/1000 connected, 1000 welcomed, 0 failed | 27.1 snaps/s/bot, entities/snap near 64.5 mid 86.6 far 0.0 | corrections 0.000/s/bot | down 325 up 13 kbps/bot | rtt 7.0 ms loss 0.00% | input->applied ~ p50 54 p99 83 ms, round trip p50 67 p99 100 ms | joins 1000 (p50 150 p99 431 ms) | server pace 1.00 level 0, 0 bots bandwidth-degraded | swarm busy 12%, overruns 4
[   10s] bots 1000/1000 connected, 1000 welcomed, 0 failed | 31.2 snaps/s/bot, entities/snap near 64.0 mid 86.0 far 0.0 | corrections 0.000/s/bot | down 369 up 15 kbps/bot | rtt 7.1 ms loss 0.00% | input->applied ~ p50 53 p99 67 ms, round trip p50 67 p99 100 ms | joins 0 (p50 0 p99 0 ms) | server pace 1.00 level 0, 0 bots bandwidth-degraded | swarm busy 11%, overruns 0
[   15s] bots 1000/1000 connected, 1000 welcomed, 0 failed | 29.0 snaps/s/bot, entities/snap near 64.0 mid 86.0 far 0.0 | corrections 0.000/s/bot | down 343 up 14 kbps/bot | rtt 7.0 ms loss 0.00% | input->applied ~ p50 53 p99 67 ms, round trip p50 67 p99 100 ms | joins 0 (p50 0 p99 0 ms) | server pace 1.00 level 0, 0 bots bandwidth-degraded | swarm busy 11%, overruns 0
[   20s] bots 1000/1000 connected, 1000 welcomed, 0 failed | 30.1 snaps/s/bot, entities/snap near 64.0 mid 86.0 far 0.0 | corrections 0.000/s/bot | down 355 up 15 kbps/bot | rtt 7.2 ms loss 0.00% | input->applied ~ p50 53 p99 67 ms, round trip p50 67 p99 100 ms | joins 0 (p50 0 p99 0 ms) | server pace 1.00 level 0, 0 bots bandwidth-degraded | swarm busy 11%, overruns 0
[   25s] bots 1000/1000 connected, 1000 welcomed, 0 failed | 31.1 snaps/s/bot, entities/snap near 64.0 mid 86.0 far 0.0 | corrections 0.000/s/bot | down 367 up 15 kbps/bot | rtt 7.1 ms loss 0.00% | input->applied ~ p50 53 p99 67 ms, round trip p50 67 p99 100 ms | joins 0 (p50 0 p99 0 ms) | server pace 1.00 level 0, 0 bots bandwidth-degraded | swarm busy 11%, overruns 0
[   30s] bots 1000/1000 connected, 1000 welcomed, 0 failed | 28.4 snaps/s/bot, entities/snap near 64.0 mid 86.0 far 0.0 | corrections 0.000/s/bot | down 335 up 14 kbps/bot | rtt 7.1 ms loss 0.00% | input->applied ~ p50 53 p99 67 ms, round trip p50 67 p99 100 ms | joins 0 (p50 0 p99 0 ms) | server pace 1.00 level 0, 0 bots bandwidth-degraded | swarm busy 11%, overruns 0
[   35s] bots 1000/1000 connected, 1000 welcomed, 0 failed | 30.7 snaps/s/bot, entities/snap near 64.0 mid 86.0 far 0.0 | corrections 0.000/s/bot | down 362 up 15 kbps/bot | rtt 7.0 ms loss 0.00% | input->applied ~ p50 53 p99 67 ms, round trip p50 67 p99 100 ms | joins 0 (p50 0 p99 0 ms) | server pace 1.00 level 0, 0 bots bandwidth-degraded | swarm busy 11%, overruns 0
[   40s] bots 1000/1000 connected, 1000 welcomed, 0 failed | 30.4 snaps/s/bot, entities/snap near 64.0 mid 86.0 far 0.0 | corrections 0.000/s/bot | down 359 up 15 kbps/bot | rtt 7.0 ms loss 0.00% | input->applied ~ p50 53 p99 67 ms, round trip p50 67 p99 100 ms | joins 0 (p50 0 p99 0 ms) | server pace 1.00 level 0, 0 bots bandwidth-degraded | swarm busy 11%, overruns 0
[   45s] bots 1000/1000 connected, 1000 welcomed, 0 failed | 28.9 snaps/s/bot, entities/snap near 64.0 mid 86.0 far 0.0 | corrections 0.000/s/bot | down 341 up 14 kbps/bot | rtt 7.2 ms loss 0.00% | input->applied ~ p50 53 p99 67 ms, round trip p50 67 p99 100 ms | joins 0 (p50 0 p99 0 ms) | server pace 1.00 level 0, 0 bots bandwidth-degraded | swarm busy 11%, overruns 0
[   50s] bots 1000/1000 connected, 1000 welcomed, 0 failed | 31.0 snaps/s/bot, entities/snap near 64.0 mid 86.0 far 0.0 | corrections 0.000/s/bot | down 366 up 15 kbps/bot | rtt 7.0 ms loss 0.00% | input->applied ~ p50 53 p99 67 ms, round trip p50 67 p99 100 ms | joins 0 (p50 0 p99 0 ms) | server pace 1.00 level 0, 0 bots bandwidth-degraded | swarm busy 11%, overruns 0
[   55s] bots 1000/1000 connected, 1000 welcomed, 0 failed | 30.0 snaps/s/bot, entities/snap near 64.0 mid 86.0 far 0.0 | corrections 0.000/s/bot | down 354 up 15 kbps/bot | rtt 7.0 ms loss 0.00% | input->applied ~ p50 53 p99 67 ms, round trip p50 67 p99 100 ms | joins 0 (p50 0 p99 0 ms) | server pace 1.00 level 0, 0 bots bandwidth-degraded | swarm busy 11%, overruns 0
[   60s] bots 1000/1000 connected, 1000 welcomed, 0 failed | 29.2 snaps/s/bot, entities/snap near 64.0 mid 86.0 far 0.0 | corrections 0.000/s/bot | down 345 up 14 kbps/bot | rtt 7.0 ms loss 0.00% | input->applied ~ p50 53 p99 67 ms, round trip p50 67 p99 100 ms | joins 0 (p50 0 p99 0 ms) | server pace 1.00 level 0, 0 bots bandwidth-degraded | swarm busy 11%, overruns 0

== bots summary ==
  started 1000 welcomed 1000 failed 0
  join latency ms: p50 150 p99 431 max 434 (n=1000)
  corrections 0 (0.00/bot-minute), mean error 0.000 m, max 0.000 m
  push corrections (the server pushed us apart from a crowd) 26423 (26.42/bot-minute), max 0.186 m
  snapshots 1795304 (entities per snapshot: near 64.0 mid 86.0 far 0.0), stale 0, unmatched acks 0, resyncs 0
  input -> applied on server (est. RTT/2 + server wait): p50 53.0 p99 67.0 max 87.0 mean 54.0 ms (n=1794449)
    of which server wait (arrival -> applied): p50 49.8 p99 64.0 max 84.1 mean 50.5 ms (n=1794449)
  input -> seen acked (round trip): p50 67.0 p99 100.0 max 142.0 mean 69.4 ms (n=1794449)
  near entity update interval (tracked bots): p50 66.0 p99 66.0 max 133.0 mean 53.2 ms (n=5739646)
  mid entity update interval (tracked bots): p50 100.0 p99 100.0 max 2100.0 mean 100.4 ms (n=7676160)
  far entity update interval (tracked bots): p50 0.0 p99 0.0 max 0.0 mean 0.0 ms (n=0)
  near drawn (tracked bots): 99.74% interpolated, 0.07% extrapolated, 0.00% held, 0.20% new | pops p50 0 p99 0 max 285 mm
  mid drawn (tracked bots): 95.08% interpolated, 2.32% extrapolated, 2.04% held, 0.56% new | pops p50 0 p99 117 max 17234 mm
  far drawn (tracked bots): 0.00% interpolated, 0.00% extrapolated, 0.00% held, 0.00% new | pops p50 0 p99 0 max 0 mm
  render delay 100.1 ms behind the newest step, clock snaps 0 (backwards 0)
  input clock: 1029 extra inputs, 276 skipped ticks, 0 backlog skips | near decode errors (tracked bots) 0
  bytes down 2652.2 MB up 111.3 MB | swarm busy 11% of its threads' time, tick overruns 4
