== blob, 1000 bots, 60s -> baselines/2026-10-05-wsl2-m3b-netem/clean-blob-1k-1
== summary: 1708 steady-state ticks (after warmup, before clients drain), peak 1000 clients ==
  phase        p50 ms   p99 ms   max ms
  ingress        0.35     0.55     0.93
  events         0.09     0.15     0.27
  movement       0.24     0.33     0.47
  grid           0.17     0.21     0.27
  separate       0.29     0.38     0.54
  history        0.00     0.00     0.02
  serialize      0.04     0.07     0.09
  assembly       2.20     2.62     5.15
  transport      0.98     1.32     1.49
  egress         1.95     2.37     3.46
  tick           6.35     7.33     9.11
  overruns 0 | spawns 1000 despawns 1000 (444 joins deferred) | stand-ins: repeated 0 frozen 0 | late inputs 0 discarded 0 | bad messages 0 | recv errors 0 send errors 0
  egress (whole run): 3596784 datagrams in 3596784 sends (1.00 per send), 115263 syscalls
  ticks per ladder level (whole run): L0: 1810
  input wait on the server (datagram arrival -> applied): p50 49.8 p99 64.0 max 84.1 mean 50.5 ms
  steady state: stand-ins repeated 0 frozen 0 | late inputs 0 discarded 0
  rewind (applied step - the input's render step, what lag compensation would rewind): p50 167 p99 200 max 227 mean 168.2 ms (n=1791056), render times ahead of the server 0
== bots summary ==
  started 1000 welcomed 1000 failed 0
  join latency ms: p50 150 p99 431 max 434 (n=1000)
  corrections 0 (0.00/bot-minute), mean error 0.000 m, max 0.000 m
  push corrections (the server pushed us apart from a crowd) 26423 (26.42/bot-minute), max 0.186 m
  snapshots 1795304 (entities per snapshot: near 64.0 mid 86.0 far 0.0), stale 0, unmatched acks 0, resyncs 0
  input -> applied on server (est. RTT/2 + server wait): p50 53.0 p99 67.0 max 87.0 mean 54.0 ms (n=1794449)
    of which server wait (arrival -> applied): p50 49.8 p99 64.0 max 84.1 mean 50.5 ms (n=1794449)
  input -> seen acked (round trip): p50 67.0 p99 100.0 max 142.0 mean 69.4 ms (n=1794449)
  near entity update interval (tracked bots): p50 66.0 p99 66.0 max 133.0 mean 53.2 ms (n=5739646)
  mid entity update interval (tracked bots): p50 100.0 p99 100.0 max 2100.0 mean 100.4 ms (n=7676160)
  far entity update interval (tracked bots): p50 0.0 p99 0.0 max 0.0 mean 0.0 ms (n=0)
  near drawn (tracked bots): 99.74% interpolated, 0.07% extrapolated, 0.00% held, 0.20% new | pops p50 0 p99 0 max 285 mm
  mid drawn (tracked bots): 95.08% interpolated, 2.32% extrapolated, 2.04% held, 0.56% new | pops p50 0 p99 117 max 17234 mm
  far drawn (tracked bots): 0.00% interpolated, 0.00% extrapolated, 0.00% held, 0.00% new | pops p50 0 p99 0 max 0 mm
  render delay 100.1 ms behind the newest step, clock snaps 0 (backwards 0)
  input clock: 1029 extra inputs, 276 skipped ticks, 0 backlog skips | near decode errors (tracked bots) 0
  bytes down 2652.2 MB up 111.3 MB | swarm busy 11% of its threads' time, tick overruns 4
