preallocated connections for 10000 clients in 256.281786ms
listening on 127.0.0.1:40500 | spawn Blob | tiers near 64@150 m, mid 500 m, far 1500 m, budget 6250 B/tick, squads of 4 | 8 rayon threads, 64 shards, 1 socket(s), 256 accepts/tick, egress SendMmsg | socket buffers rcv 8192 KiB snd 8192 KiB
WARNING: token key is the public dev key; anyone can mint tokens for this server (--token-key)
[    5s] clients 1000 | level 0 (0-0 in window: 30 Hz, dilation 1.0), pace 1.00, 0.0% clients bandwidth-degraded | tick p50 6.36 p99 8.79 max 30.77 ms, 0 overruns | out 56.2k pps 359 kbps/client, 332 Mbps | in 28.0k pps 16 kbps/client | stand-ins: repeated 0.00% frozen 0.00%, 0 late inputs | per client-tick: 1421 B (near 416 B, 98% deltas), near 64.0 mid 85.9 far 0.0, far skipped 0 starved 0 | input wait p50 50.3 p99 80.0 ms | 444 joins deferred | kernel drops rcv 0 snd 0
         p50/p99 ms: ingress 0.35/1.19  events 0.09/1.59  movement 0.23/0.30  grid 0.17/0.20  separate 0.29/0.35  history 0.00/0.01  serialize 0.04/0.08  assembly 2.16/2.68  transport 1.01/1.78  egress 1.91/2.42
[   10s] clients 1000 | level 0 (0-0 in window: 30 Hz, dilation 1.0), pace 1.00, 0.0% clients bandwidth-degraded | tick p50 6.36 p99 7.77 max 8.56 ms, 0 overruns | out 60.0k pps 354 kbps/client, 354 Mbps | in 30.0k pps 15 kbps/client | stand-ins: repeated 0.00% frozen 0.00%, 0 late inputs | per client-tick: 1410 B (near 404 B, 100% deltas), near 64.0 mid 86.0 far 0.0, far skipped 0 starved 0 | input wait p50 49.8 p99 63.8 ms | 0 joins deferred | kernel drops rcv 0 snd 0
         p50/p99 ms: ingress 0.35/0.54  events 0.09/0.18  movement 0.24/0.39  grid 0.18/0.21  separate 0.29/0.42  history 0.00/0.00  serialize 0.04/0.07  assembly 2.22/2.75  transport 0.97/1.27  egress 1.95/2.40
[   15s] clients 1000 | level 0 (0-0 in window: 30 Hz, dilation 1.0), pace 1.00, 0.0% clients bandwidth-degraded | tick p50 6.35 p99 7.28 max 7.70 ms, 0 overruns | out 60.0k pps 354 kbps/client, 354 Mbps | in 30.0k pps 15 kbps/client | stand-ins: repeated 0.00% frozen 0.00%, 0 late inputs | per client-tick: 1411 B (near 405 B, 100% deltas), near 64.0 mid 86.0 far 0.0, far skipped 0 starved 0 | input wait p50 49.8 p99 63.8 ms | 0 joins deferred | kernel drops rcv 0 snd 0
         p50/p99 ms: ingress 0.35/0.45  events 0.09/0.12  movement 0.24/0.35  grid 0.17/0.21  separate 0.29/0.44  history 0.00/0.00  serialize 0.04/0.07  assembly 2.21/2.56  transport 0.96/1.33  egress 1.97/2.35
[   20s] clients 1000 | level 0 (0-0 in window: 30 Hz, dilation 1.0), pace 1.00, 0.0% clients bandwidth-degraded | tick p50 6.38 p99 7.04 max 7.09 ms, 0 overruns | out 60.0k pps 354 kbps/client, 354 Mbps | in 30.0k pps 15 kbps/client | stand-ins: repeated 0.00% frozen 0.00%, 0 late inputs | per client-tick: 1410 B (near 404 B, 100% deltas), near 64.0 mid 86.0 far 0.0, far skipped 0 starved 0 | input wait p50 49.8 p99 63.9 ms | 0 joins deferred | kernel drops rcv 0 snd 0
         p50/p99 ms: ingress 0.34/0.50  events 0.09/0.13  movement 0.24/0.32  grid 0.17/0.21  separate 0.29/0.35  history 0.00/0.00  serialize 0.04/0.07  assembly 2.21/2.60  transport 1.00/1.27  egress 1.97/2.35
[   25s] clients 1000 | level 0 (0-0 in window: 30 Hz, dilation 1.0), pace 1.00, 0.0% clients bandwidth-degraded | tick p50 6.35 p99 7.39 max 8.50 ms, 0 overruns | out 60.0k pps 354 kbps/client, 354 Mbps | in 30.0k pps 15 kbps/client | stand-ins: repeated 0.00% frozen 0.00%, 0 late inputs | per client-tick: 1411 B (near 405 B, 100% deltas), near 64.0 mid 86.0 far 0.0, far skipped 0 starved 0 | input wait p50 49.8 p99 63.8 ms | 0 joins deferred | kernel drops rcv 0 snd 0
         p50/p99 ms: ingress 0.35/0.59  events 0.09/0.14  movement 0.24/0.30  grid 0.17/0.20  separate 0.30/0.36  history 0.00/0.00  serialize 0.04/0.07  assembly 2.19/2.59  transport 0.98/1.40  egress 1.96/2.35
[   30s] clients 1000 | level 0 (0-0 in window: 30 Hz, dilation 1.0), pace 1.00, 0.0% clients bandwidth-degraded | tick p50 6.37 p99 7.20 max 7.28 ms, 0 overruns | out 60.0k pps 354 kbps/client, 354 Mbps | in 30.0k pps 15 kbps/client | stand-ins: repeated 0.00% frozen 0.00%, 0 late inputs | per client-tick: 1411 B (near 405 B, 100% deltas), near 64.0 mid 86.0 far 0.0, far skipped 0 starved 0 | input wait p50 49.8 p99 63.8 ms | 0 joins deferred | kernel drops rcv 0 snd 0
         p50/p99 ms: ingress 0.35/0.72  events 0.09/0.16  movement 0.24/0.38  grid 0.17/0.21  separate 0.29/0.44  history 0.00/0.00  serialize 0.04/0.07  assembly 2.20/2.65  transport 0.96/1.23  egress 1.97/2.31
[   35s] clients 1000 | level 0 (0-0 in window: 30 Hz, dilation 1.0), pace 1.00, 0.0% clients bandwidth-degraded | tick p50 6.37 p99 7.11 max 7.44 ms, 0 overruns | out 60.0k pps 354 kbps/client, 354 Mbps | in 30.0k pps 15 kbps/client | stand-ins: repeated 0.00% frozen 0.00%, 0 late inputs | per client-tick: 1410 B (near 404 B, 100% deltas), near 64.0 mid 86.0 far 0.0, far skipped 0 starved 0 | input wait p50 49.8 p99 63.8 ms | 0 joins deferred | kernel drops rcv 0 snd 0
         p50/p99 ms: ingress 0.34/0.48  events 0.09/0.13  movement 0.24/0.33  grid 0.17/0.20  separate 0.30/0.38  history 0.00/0.00  serialize 0.04/0.07  assembly 2.20/2.61  transport 0.99/1.27  egress 1.97/2.35
[   40s] clients 1000 | level 0 (0-0 in window: 30 Hz, dilation 1.0), pace 1.00, 0.0% clients bandwidth-degraded | tick p50 6.33 p99 7.40 max 9.11 ms, 0 overruns | out 60.0k pps 354 kbps/client, 354 Mbps | in 30.0k pps 15 kbps/client | stand-ins: repeated 0.00% frozen 0.00%, 0 late inputs | per client-tick: 1410 B (near 404 B, 100% deltas), near 64.0 mid 86.0 far 0.0, far skipped 0 starved 0 | input wait p50 49.8 p99 63.8 ms | 0 joins deferred | kernel drops rcv 0 snd 0
         p50/p99 ms: ingress 0.35/0.52  events 0.09/0.14  movement 0.23/0.32  grid 0.18/0.20  separate 0.29/0.37  history 0.00/0.00  serialize 0.04/0.07  assembly 2.20/2.78  transport 0.99/1.42  egress 1.95/2.30
[   45s] clients 1000 | level 0 (0-0 in window: 30 Hz, dilation 1.0), pace 1.00, 0.0% clients bandwidth-degraded | tick p50 6.33 p99 7.35 max 7.45 ms, 0 overruns | out 60.0k pps 354 kbps/client, 354 Mbps | in 30.0k pps 15 kbps/client | stand-ins: repeated 0.00% frozen 0.00%, 0 late inputs | per client-tick: 1411 B (near 405 B, 100% deltas), near 64.0 mid 86.0 far 0.0, far skipped 0 starved 0 | input wait p50 49.8 p99 63.9 ms | 0 joins deferred | kernel drops rcv 0 snd 0
         p50/p99 ms: ingress 0.35/0.62  events 0.09/0.12  movement 0.24/0.31  grid 0.16/0.27  separate 0.29/0.35  history 0.00/0.00  serialize 0.04/0.06  assembly 2.19/2.58  transport 0.98/1.32  egress 1.94/2.39
[   50s] clients 1000 | level 0 (0-0 in window: 30 Hz, dilation 1.0), pace 1.00, 0.0% clients bandwidth-degraded | tick p50 6.34 p99 7.55 max 7.87 ms, 0 overruns | out 60.0k pps 354 kbps/client, 354 Mbps | in 30.0k pps 15 kbps/client | stand-ins: repeated 0.00% frozen 0.00%, 0 late inputs | per client-tick: 1412 B (near 406 B, 100% deltas), near 64.0 mid 86.0 far 0.0, far skipped 0 starved 0 | input wait p50 49.8 p99 63.9 ms | 0 joins deferred | kernel drops rcv 0 snd 0
         p50/p99 ms: ingress 0.35/0.55  events 0.09/0.16  movement 0.24/0.39  grid 0.18/0.21  separate 0.29/0.41  history 0.00/0.00  serialize 0.04/0.06  assembly 2.20/2.58  transport 0.99/1.36  egress 1.95/2.57
[   55s] clients 1000 | level 0 (0-0 in window: 30 Hz, dilation 1.0), pace 1.00, 0.0% clients bandwidth-degraded | tick p50 6.33 p99 7.26 max 8.44 ms, 0 overruns | out 60.0k pps 354 kbps/client, 354 Mbps | in 30.0k pps 15 kbps/client | stand-ins: repeated 0.00% frozen 0.00%, 0 late inputs | per client-tick: 1411 B (near 405 B, 100% deltas), near 64.0 mid 86.0 far 0.0, far skipped 0 starved 0 | input wait p50 49.8 p99 63.9 ms | 0 joins deferred | kernel drops rcv 0 snd 0
         p50/p99 ms: ingress 0.35/0.49  events 0.09/0.19  movement 0.24/0.31  grid 0.17/0.23  separate 0.29/0.36  history 0.00/0.00  serialize 0.04/0.07  assembly 2.19/2.73  transport 0.97/1.26  egress 1.93/2.37
[   60s] clients 1000 | level 0 (0-0 in window: 30 Hz, dilation 1.0), pace 1.00, 0.0% clients bandwidth-degraded | tick p50 6.30 p99 7.34 max 8.15 ms, 0 overruns | out 60.0k pps 354 kbps/client, 354 Mbps | in 30.0k pps 15 kbps/client | stand-ins: repeated 0.00% frozen 0.00%, 0 late inputs | per client-tick: 1411 B (near 405 B, 100% deltas), near 64.0 mid 86.0 far 0.0, far skipped 0 starved 0 | input wait p50 49.8 p99 63.8 ms | 0 joins deferred | kernel drops rcv 0 snd 0
         p50/p99 ms: ingress 0.34/0.48  events 0.09/0.15  movement 0.24/0.31  grid 0.16/0.20  separate 0.29/0.36  history 0.00/0.00  serialize 0.04/0.07  assembly 2.21/2.59  transport 0.96/1.32  egress 1.91/2.50
[   60s] clients 0 | level 0 (0-0 in window: 30 Hz, dilation 1.0), pace 1.00, 0.0% clients bandwidth-degraded | tick p50 5.81 p99 6.78 max 6.78 ms, 0 overruns | out 42.0k pps 369 kbps/client, 254 Mbps | in 43.3k pps 20 kbps/client | stand-ins: repeated 0.00% frozen 0.00%, 0 late inputs | per client-tick: 1442 B (near 436 B, 93% deltas), near 64.0 mid 86.0 far 0.0, far skipped 0 starved 0 | input wait p50 50.3 p99 63.8 ms | 0 joins deferred | kernel drops rcv 0 snd 0
         p50/p99 ms: ingress 0.36/0.48  events 0.12/0.97  movement 0.24/0.29  grid 0.15/0.18  separate 0.28/0.32  history 0.00/0.00  serialize 0.04/0.04  assembly 1.65/2.43  transport 0.77/1.12  egress 1.75/2.01

== summary: 1708 steady-state ticks (after warmup, before clients drain), peak 1000 clients ==
  phase        p50 ms   p99 ms   max ms
  ingress        0.35     0.55     0.93
  events         0.09     0.15     0.27
  movement       0.24     0.33     0.47
  grid           0.17     0.21     0.27
  separate       0.29     0.38     0.54
  history        0.00     0.00     0.02
  serialize      0.04     0.07     0.09
  assembly       2.20     2.62     5.15
  transport      0.98     1.32     1.49
  egress         1.95     2.37     3.46
  tick           6.35     7.33     9.11
  overruns 0 | spawns 1000 despawns 1000 (444 joins deferred) | stand-ins: repeated 0 frozen 0 | late inputs 0 discarded 0 | bad messages 0 | recv errors 0 send errors 0
  egress (whole run): 3596784 datagrams in 3596784 sends (1.00 per send), 115263 syscalls
  ticks per ladder level (whole run): L0: 1810
  input wait on the server (datagram arrival -> applied): p50 49.8 p99 64.0 max 84.1 mean 50.5 ms
  steady state: stand-ins repeated 0 frozen 0 | late inputs 0 discarded 0
  rewind (applied step - the input's render step, what lag compensation would rewind): p50 167 p99 200 max 227 mean 168.2 ms (n=1791056), render times ahead of the server 0
