10000 bots -> 172.16.16.2:40500 on 24 threads, ramp 0/s, 60s, 10000 full + 0 sink bots
[    5s] bots 10000/10000 connected, 10000 welcomed, 0 failed | 18.7 snaps/s/bot, entities/snap near 15.1 mid 24.9 far 25.5 | corrections 0.010/s/bot | down 111 up 8 kbps/bot | rtt 105.3 ms loss 0.00% | input->applied ~ p50 114 p99 248 ms, round trip p50 167 p99 333 ms | joins 10000 (p50 915 p99 1794 ms) | server pace 0.90 level 4, 0 bots bandwidth-degraded | swarm busy 15%, overruns 0
[   10s] bots 10000/10000 connected, 10000 welcomed, 0 failed | 22.7 snaps/s/bot, entities/snap near 15.7 mid 11.2 far 6.0 | corrections 0.034/s/bot | down 67 up 12 kbps/bot | rtt 109.6 ms loss 5.01% | input->applied ~ p50 109 p99 158 ms, round trip p50 167 p99 233 ms | joins 0 (p50 0 p99 0 ms) | server pace 1.00 level 6, 0 bots bandwidth-degraded | swarm busy 17%, overruns 0
[   15s] bots 10000/10000 connected, 10000 welcomed, 0 failed | 18.1 snaps/s/bot, entities/snap near 15.7 mid 11.2 far 6.0 | corrections 0.002/s/bot | down 54 up 11 kbps/bot | rtt 109.7 ms loss 5.02% | input->applied ~ p50 112 p99 155 ms, round trip p50 167 p99 233 ms | joins 0 (p50 0 p99 0 ms) | server pace 1.00 level 6, 0 bots bandwidth-degraded | swarm busy 17%, overruns 0
[   20s] bots 10000/10000 connected, 10000 welcomed, 0 failed | 19.5 snaps/s/bot, entities/snap near 15.7 mid 11.2 far 6.0 | corrections 0.002/s/bot | down 58 up 12 kbps/bot | rtt 109.9 ms loss 5.00% | input->applied ~ p50 112 p99 155 ms, round trip p50 167 p99 233 ms | joins 0 (p50 0 p99 0 ms) | server pace 1.00 level 6, 0 bots bandwidth-degraded | swarm busy 17%, overruns 0
[   25s] bots 10000/10000 connected, 10000 welcomed, 0 failed | 19.3 snaps/s/bot, entities/snap near 15.7 mid 11.2 far 6.0 | corrections 0.002/s/bot | down 58 up 12 kbps/bot | rtt 109.8 ms loss 5.01% | input->applied ~ p50 112 p99 155 ms, round trip p50 167 p99 233 ms | joins 0 (p50 0 p99 0 ms) | server pace 1.00 level 6, 0 bots bandwidth-degraded | swarm busy 17%, overruns 0
[   30s] bots 10000/10000 connected, 10000 welcomed, 0 failed | 18.2 snaps/s/bot, entities/snap near 15.7 mid 11.2 far 6.0 | corrections 0.003/s/bot | down 54 up 11 kbps/bot | rtt 109.9 ms loss 5.05% | input->applied ~ p50 112 p99 154 ms, round trip p50 167 p99 233 ms | joins 0 (p50 0 p99 0 ms) | server pace 1.00 level 6, 0 bots bandwidth-degraded | swarm busy 17%, overruns 0
[   35s] bots 10000/10000 connected, 10000 welcomed, 0 failed | 19.7 snaps/s/bot, entities/snap near 15.7 mid 11.2 far 6.0 | corrections 0.003/s/bot | down 59 up 12 kbps/bot | rtt 109.8 ms loss 5.05% | input->applied ~ p50 112 p99 154 ms, round trip p50 167 p99 233 ms | joins 0 (p50 0 p99 0 ms) | server pace 1.00 level 6, 0 bots bandwidth-degraded | swarm busy 17%, overruns 0
[   40s] bots 10000/10000 connected, 10000 welcomed, 0 failed | 19.1 snaps/s/bot, entities/snap near 15.7 mid 11.2 far 6.0 | corrections 0.002/s/bot | down 57 up 12 kbps/bot | rtt 109.6 ms loss 4.94% | input->applied ~ p50 112 p99 155 ms, round trip p50 167 p99 233 ms | joins 0 (p50 0 p99 0 ms) | server pace 1.00 level 6, 0 bots bandwidth-degraded | swarm busy 17%, overruns 0
[   45s] bots 10000/10000 connected, 10000 welcomed, 0 failed | 18.5 snaps/s/bot, entities/snap near 15.7 mid 11.2 far 6.0 | corrections 0.002/s/bot | down 55 up 12 kbps/bot | rtt 109.4 ms loss 5.01% | input->applied ~ p50 112 p99 155 ms, round trip p50 167 p99 233 ms | joins 0 (p50 0 p99 0 ms) | server pace 1.00 level 6, 0 bots bandwidth-degraded | swarm busy 17%, overruns 0
[   50s] bots 10000/10000 connected, 10000 welcomed, 0 failed | 19.3 snaps/s/bot, entities/snap near 15.7 mid 11.2 far 6.0 | corrections 0.003/s/bot | down 58 up 12 kbps/bot | rtt 109.8 ms loss 5.03% | input->applied ~ p50 112 p99 155 ms, round trip p50 167 p99 233 ms | joins 0 (p50 0 p99 0 ms) | server pace 1.00 level 6, 0 bots bandwidth-degraded | swarm busy 17%, overruns 0
[   55s] bots 10000/10000 connected, 10000 welcomed, 0 failed | 19.1 snaps/s/bot, entities/snap near 15.7 mid 11.2 far 6.0 | corrections 0.003/s/bot | down 57 up 12 kbps/bot | rtt 109.7 ms loss 5.00% | input->applied ~ p50 112 p99 154 ms, round trip p50 167 p99 233 ms | joins 0 (p50 0 p99 0 ms) | server pace 1.00 level 6, 0 bots bandwidth-degraded | swarm busy 17%, overruns 0
[   60s] bots 10000/10000 connected, 10000 welcomed, 0 failed | 18.9 snaps/s/bot, entities/snap near 15.7 mid 11.2 far 6.0 | corrections 0.003/s/bot | down 56 up 12 kbps/bot | rtt 110.0 ms loss 5.01% | input->applied ~ p50 112 p99 154 ms, round trip p50 167 p99 233 ms | joins 0 (p50 0 p99 0 ms) | server pace 1.00 level 6, 0 bots bandwidth-degraded | swarm busy 17%, overruns 0

== bots summary ==
  started 10000 welcomed 10000 failed 0
  join latency ms: p50 915 p99 1794 max 2207 (n=10000)
  corrections 3428 (0.34/bot-minute), mean error 0.085 m, max 0.532 m
  snapshots 11593752 (entities per snapshot: near 15.6 mid 12.3 far 7.6), stale 3, unmatched acks 0, resyncs 0
  input -> applied on server (est. RTT/2 + server wait): p50 112.0 p99 198.0 max 724.0 mean 112.6 ms (n=11475864)
    of which server wait (arrival -> applied): p50 57.2 p99 144.5 max 666.1 mean 58.0 ms (n=11475864)
  input -> seen acked (round trip): p50 167.0 p99 267.0 max 800.0 mean 183.4 ms (n=11566637)
  near entity update interval (tracked bots): p50 50.0 p99 100.0 max 950.0 mean 50.5 ms (n=9135548)
  mid entity update interval (tracked bots): p50 250.0 p99 500.0 max 5750.0 mean 236.6 ms (n=7064514)
  far entity update interval (tracked bots): p50 1500.0 p99 4500.0 max 59250.0 mean 1498.6 ms (n=4025728)
  input clock: 122608 extra inputs, 318721 skipped ticks, 16981 backlog skips | near decode errors (tracked bots) 0
  bytes down 4669.4 MB up 870.5 MB | swarm busy 17% of its threads' time, tick overruns 0
