spawn=uniform
egress=sendmmsg
ladder=on
threads=64
shards=64
peak_clients=10000
steady_ticks=1164
steady_secs=56.9
ingress_p50_ms=1.80
ingress_p99_ms=2.20
ingress_max_ms=2.34
events_p50_ms=3.62
events_p99_ms=3.98
events_max_ms=4.49
movement_p50_ms=0.36
movement_p99_ms=0.55
movement_max_ms=0.68
grid_p50_ms=0.38
grid_p99_ms=0.43
grid_max_ms=0.46
history_p50_ms=0.01
history_p99_ms=0.01
history_max_ms=0.02
serialize_p50_ms=0.20
serialize_p99_ms=0.27
serialize_max_ms=0.35
assembly_p50_ms=4.28
assembly_p99_ms=6.57
assembly_max_ms=12.49
transport_p50_ms=2.96
transport_p99_ms=3.89
transport_max_ms=4.11
egress_p50_ms=25.47
egress_p99_ms=29.05
egress_max_ms=29.28
tick_p50_ms=39.14
tick_p99_ms=41.39
tick_max_ms=45.61
steady_overruns=101
level_mode=6
tick_hz=20
dilation=1
levels=L2:8,L3:31,L4:31,L5:31,L6:1063
clients_avg=10000
out_pps=204520
in_pps=281451
egress_mbps=620.1
packets_per_client_tick=1.00
wire_bytes_per_client_tick=379
down_kbps_per_client=62.0
up_kbps_per_client=11.2
kernel_rcvbuf_drops=0
kernel_sndbuf_drops=0
snapshot_bytes_per_client_tick=343
near_bytes_per_client_tick=102
near_per_client_tick=15.7
mid_per_client_tick=11.4
far_per_client_tick=6.3
far_skipped=0
far_starved=0
repeated=95109
frozen=1130
late_inputs=93436
discarded_inputs=0
input_wait_p50_ms=56.9
input_wait_p99_ms=110.4
spawns=10000
despawns=10000
joins_deferred=46564
bad_messages=0
recv_errors=0
send_errors=0
datagrams=12323942
sends=12323942
send_syscalls=79977
