preallocated connections for 10000 clients in 221.340015ms
listening on 172.16.16.2:40500 | spawn Uniform | tiers near 64@150 m, mid 500 m, far 1500 m, budget 6250 B/tick, squads of 4 | 64 rayon threads, 64 shards, 256 accepts/tick, egress SendMmsg | socket buffers rcv 32768 KiB snd 32768 KiB
[    5s] clients 10000 | level 1 (0-1 in window: 30 Hz, dilation 1.0), pace 0.84, 0.0% clients bandwidth-degraded | tick p50 1.06 p99 44.91 max 45.43 ms, 27 overruns | out 85.1k pps 210 kbps/client, 531 Mbps | in 81.4k pps 22 kbps/client | stand-ins: repeated 0.19% frozen 0.00%, 547 late inputs | per client-tick: 868 B (near 104 B, 86% deltas), near 13.3 mid 28.2 far 37.1, far skipped 0 starved 0 | input wait p50 89.9 p99 201.8 ms | 46564 joins deferred | kernel drops rcv 0 snd 0
         p50/p99 ms: ingress 0.56/5.08  events 0.00/4.18  movement 0.00/0.37  grid 0.07/0.39  history 0.00/0.05  serialize 0.00/0.35  assembly 0.18/3.88  transport 0.15/2.87  egress 0.14/32.37
[   10s] clients 10000 | level 6 (1-6 in window: 20 Hz, dilation 1.0), pace 0.91, 0.0% clients bandwidth-degraded | tick p50 37.20 p99 41.99 max 42.37 ms, 126 overruns | out 264.5k pps 105 kbps/client, 1047 Mbps | in 248.9k pps 10 kbps/client | stand-ins: repeated 1.08% frozen 0.01%, 13984 late inputs | per client-tick: 460 B (near 100 B, 100% deltas), near 15.7 mid 16.6 far 11.9, far skipped 0 starved 0 | input wait p50 59.7 p99 165.2 ms | 0 joins deferred | kernel drops rcv 0 snd 0
         p50/p99 ms: ingress 1.35/1.94  events 2.49/3.28  movement 0.34/0.44  grid 0.37/0.39  history 0.01/0.02  serialize 0.21/0.37  assembly 2.23/6.13  transport 1.60/2.87  egress 28.63/32.11
[   15s] clients 10000 | level 6 (6-6 in window: 20 Hz, dilation 1.0), pace 1.00, 0.0% clients bandwidth-degraded | tick p50 39.05 p99 41.03 max 41.10 ms, 0 overruns | out 200.0k pps 60 kbps/client, 596 Mbps | in 281.1k pps 11 kbps/client | stand-ins: repeated 2.61% frozen 0.06%, 40106 late inputs | per client-tick: 337 B (near 102 B, 100% deltas), near 15.7 mid 11.2 far 6.0, far skipped 0 starved 0 | input wait p50 50.7 p99 97.8 ms | 0 joins deferred | kernel drops rcv 0 snd 0
         p50/p99 ms: ingress 1.86/2.28  events 3.46/3.68  movement 0.36/0.51  grid 0.36/0.38  history 0.01/0.01  serialize 0.20/0.27  assembly 4.32/5.91  transport 2.96/3.80  egress 25.50/26.29
[   20s] clients 10000 | level 6 (6-6 in window: 20 Hz, dilation 1.0), pace 1.00, 0.0% clients bandwidth-degraded | tick p50 39.23 p99 41.13 max 41.43 ms, 0 overruns | out 200.0k pps 60 kbps/client, 596 Mbps | in 283.5k pps 11 kbps/client | stand-ins: repeated 0.31% frozen 0.00%, 4448 late inputs | per client-tick: 337 B (near 102 B, 100% deltas), near 15.7 mid 11.2 far 6.0, far skipped 0 starved 0 | input wait p50 57.2 p99 98.0 ms | 0 joins deferred | kernel drops rcv 0 snd 0
         p50/p99 ms: ingress 1.81/2.18  events 3.68/3.95  movement 0.36/0.52  grid 0.40/0.43  history 0.01/0.01  serialize 0.19/0.30  assembly 4.27/6.76  transport 3.03/3.83  egress 25.46/26.40
[   25s] clients 10000 | level 6 (6-6 in window: 20 Hz, dilation 1.0), pace 1.00, 0.0% clients bandwidth-degraded | tick p50 39.52 p99 41.45 max 44.14 ms, 0 overruns | out 199.9k pps 60 kbps/client, 596 Mbps | in 283.5k pps 11 kbps/client | stand-ins: repeated 0.31% frozen 0.00%, 4443 late inputs | per client-tick: 337 B (near 102 B, 100% deltas), near 15.7 mid 11.2 far 6.0, far skipped 0 starved 0 | input wait p50 57.1 p99 98.2 ms | 0 joins deferred | kernel drops rcv 0 snd 0
         p50/p99 ms: ingress 1.82/2.27  events 3.67/3.88  movement 0.37/0.51  grid 0.40/0.43  history 0.01/0.01  serialize 0.19/0.23  assembly 4.46/6.40  transport 3.07/4.10  egress 25.50/26.35
[   30s] clients 10000 | level 6 (6-6 in window: 20 Hz, dilation 1.0), pace 1.00, 0.0% clients bandwidth-degraded | tick p50 39.27 p99 40.95 max 41.02 ms, 0 overruns | out 200.0k pps 60 kbps/client, 596 Mbps | in 283.5k pps 11 kbps/client | stand-ins: repeated 0.30% frozen 0.00%, 4434 late inputs | per client-tick: 337 B (near 102 B, 100% deltas), near 15.7 mid 11.2 far 6.0, far skipped 0 starved 0 | input wait p50 57.2 p99 97.8 ms | 0 joins deferred | kernel drops rcv 0 snd 0
         p50/p99 ms: ingress 1.80/2.12  events 3.65/3.86  movement 0.36/0.50  grid 0.39/0.43  history 0.01/0.01  serialize 0.19/0.24  assembly 4.30/5.92  transport 3.03/3.74  egress 25.47/26.12
[   35s] clients 10000 | level 6 (6-6 in window: 20 Hz, dilation 1.0), pace 1.00, 0.0% clients bandwidth-degraded | tick p50 39.32 p99 41.84 max 41.88 ms, 0 overruns | out 200.0k pps 60 kbps/client, 597 Mbps | in 283.5k pps 11 kbps/client | stand-ins: repeated 0.31% frozen 0.00%, 4393 late inputs | per client-tick: 337 B (near 102 B, 100% deltas), near 15.7 mid 11.2 far 6.0, far skipped 0 starved 0 | input wait p50 57.1 p99 97.9 ms | 0 joins deferred | kernel drops rcv 0 snd 0
         p50/p99 ms: ingress 1.80/2.18  events 3.63/3.83  movement 0.35/0.63  grid 0.39/0.42  history 0.01/0.01  serialize 0.20/0.26  assembly 4.54/6.64  transport 3.03/3.82  egress 25.39/26.40
[   40s] clients 10000 | level 6 (6-6 in window: 20 Hz, dilation 1.0), pace 1.00, 0.0% clients bandwidth-degraded | tick p50 39.28 p99 40.81 max 45.61 ms, 0 overruns | out 200.0k pps 60 kbps/client, 597 Mbps | in 283.6k pps 11 kbps/client | stand-ins: repeated 0.31% frozen 0.00%, 4442 late inputs | per client-tick: 337 B (near 102 B, 100% deltas), near 15.7 mid 11.2 far 6.0, far skipped 0 starved 0 | input wait p50 57.2 p99 97.9 ms | 0 joins deferred | kernel drops rcv 0 snd 0
         p50/p99 ms: ingress 1.83/2.10  events 3.66/3.80  movement 0.36/0.62  grid 0.39/0.43  history 0.01/0.01  serialize 0.19/0.27  assembly 4.45/6.00  transport 3.10/3.80  egress 25.30/26.19
[   45s] clients 10000 | level 6 (6-6 in window: 20 Hz, dilation 1.0), pace 1.00, 0.0% clients bandwidth-degraded | tick p50 39.18 p99 41.00 max 41.98 ms, 0 overruns | out 200.0k pps 60 kbps/client, 597 Mbps | in 283.5k pps 11 kbps/client | stand-ins: repeated 0.31% frozen 0.00%, 4341 late inputs | per client-tick: 337 B (near 102 B, 100% deltas), near 15.7 mid 11.2 far 6.0, far skipped 0 starved 0 | input wait p50 57.1 p99 98.1 ms | 0 joins deferred | kernel drops rcv 0 snd 0
         p50/p99 ms: ingress 1.81/2.20  events 3.64/3.93  movement 0.35/0.55  grid 0.38/0.44  history 0.01/0.01  serialize 0.20/0.25  assembly 4.45/6.26  transport 2.98/3.98  egress 25.28/26.19
[   50s] clients 10000 | level 6 (6-6 in window: 20 Hz, dilation 1.0), pace 1.00, 0.0% clients bandwidth-degraded | tick p50 38.95 p99 41.56 max 41.98 ms, 0 overruns | out 200.0k pps 60 kbps/client, 597 Mbps | in 283.5k pps 11 kbps/client | stand-ins: repeated 0.30% frozen 0.00%, 4291 late inputs | per client-tick: 337 B (near 102 B, 100% deltas), near 15.7 mid 11.2 far 6.0, far skipped 0 starved 0 | input wait p50 57.2 p99 98.1 ms | 0 joins deferred | kernel drops rcv 0 snd 0
         p50/p99 ms: ingress 1.77/2.21  events 3.62/3.80  movement 0.36/0.48  grid 0.39/0.43  history 0.01/0.01  serialize 0.19/0.27  assembly 4.29/6.46  transport 2.96/4.00  egress 25.36/26.31
[   55s] clients 10000 | level 6 (6-6 in window: 20 Hz, dilation 1.0), pace 1.00, 0.0% clients bandwidth-degraded | tick p50 39.20 p99 40.92 max 41.30 ms, 0 overruns | out 200.1k pps 60 kbps/client, 597 Mbps | in 283.5k pps 11 kbps/client | stand-ins: repeated 0.30% frozen 0.00%, 4340 late inputs | per client-tick: 337 B (near 102 B, 100% deltas), near 15.7 mid 11.2 far 6.0, far skipped 0 starved 0 | input wait p50 57.0 p99 97.7 ms | 0 joins deferred | kernel drops rcv 0 snd 0
         p50/p99 ms: ingress 1.84/2.13  events 3.63/4.44  movement 0.36/0.53  grid 0.38/0.43  history 0.01/0.01  serialize 0.20/0.28  assembly 4.32/5.97  transport 2.97/3.75  egress 25.39/26.18
[   60s] clients 10000 | level 6 (6-6 in window: 20 Hz, dilation 1.0), pace 1.00, 0.0% clients bandwidth-degraded | tick p50 39.20 p99 41.39 max 41.79 ms, 0 overruns | out 200.0k pps 60 kbps/client, 597 Mbps | in 283.5k pps 11 kbps/client | stand-ins: repeated 0.31% frozen 0.00%, 4345 late inputs | per client-tick: 337 B (near 102 B, 100% deltas), near 15.7 mid 11.2 far 6.0, far skipped 0 starved 0 | input wait p50 57.1 p99 97.9 ms | 0 joins deferred | kernel drops rcv 0 snd 0
         p50/p99 ms: ingress 1.75/2.15  events 3.63/3.96  movement 0.35/0.52  grid 0.39/0.43  history 0.01/0.01  serialize 0.20/0.26  assembly 4.43/6.46  transport 2.90/3.82  egress 25.56/26.47
[   65s] clients 1 | level 6 (6-6 in window: 20 Hz, dilation 1.0), pace 1.00, 0.0% clients bandwidth-degraded | tick p50 38.17 p99 41.06 max 41.23 ms, 0 overruns | out 106.2k pps 60 kbps/client, 316 Mbps | in 153.7k pps 11 kbps/client | stand-ins: repeated 0.33% frozen 0.01%, 2367 late inputs | per client-tick: 336 B (near 102 B, 100% deltas), near 15.6 mid 11.1 far 6.0, far skipped 0 starved 0 | input wait p50 57.2 p99 97.9 ms | 0 joins deferred | kernel drops rcv 0 snd 0
         p50/p99 ms: ingress 1.66/2.40  events 3.56/5.74  movement 0.31/0.48  grid 0.36/0.46  history 0.01/0.04  serialize 0.19/0.35  assembly 3.32/6.19  transport 2.38/3.71  egress 24.61/26.32
[   68s] clients 0 | level 5 (5-6 in window: 30 Hz, dilation 1.0), pace 1.00, 0.0% clients bandwidth-degraded | tick p50 1.48 p99 1.74 max 1.74 ms, 0 overruns | out 0.0k pps 11 kbps/client, 0 Mbps | in 0.0k pps 0 kbps/client | stand-ins: repeated 0.00% frozen 100.00%, 0 late inputs | per client-tick: 32 B (near 0 B, 0% deltas), near 0.0 mid 0.0 far 0.0, far skipped 0 starved 0 | input wait p50 0.0 p99 0.0 ms | 0 joins deferred | kernel drops rcv 0 snd 0
         p50/p99 ms: ingress 0.45/0.61  events 0.00/0.01  movement 0.12/0.18  grid 0.17/0.21  history 0.01/0.04  serialize 0.16/0.30  assembly 0.17/0.35  transport 0.15/0.23  egress 0.12/0.19

== summary: 1164 steady-state ticks (after warmup, before clients drain), peak 10000 clients ==
  phase        p50 ms   p99 ms   max ms
  ingress        1.80     2.20     2.34
  events         3.62     3.98     4.49
  movement       0.36     0.55     0.68
  grid           0.38     0.43     0.46
  history        0.01     0.01     0.02
  serialize      0.20     0.27     0.35
  assembly       4.28     6.57    12.49
  transport      2.96     3.89     4.11
  egress        25.47    29.05    29.28
  tick          39.14    41.39    45.61
  overruns 101 | spawns 10000 despawns 10000 (46564 joins deferred) | stand-ins: repeated 98675 frozen 1292 | late inputs 96481 discarded 30 | bad messages 0 | recv errors 0 send errors 0
  egress (whole run): 12323942 datagrams in 12323942 sends (1.00 per send), 79977 syscalls
  ticks per ladder level (whole run): L0: 116, L1: 31, L2: 31, L3: 31, L4: 31, L5: 45, L6: 1154
  input wait on the server (datagram arrival -> applied): p50 56.9 p99 110.4 max 666.1 mean 56.9 ms
  steady state: stand-ins repeated 95109 frozen 1130 | late inputs 93436 discarded 0
