minting tokens with the public dev key (--token-key to change)
1000 bots -> 127.0.0.1:40540 on 8 threads, ramp 0/s, 60s, 1000 full + 0 sink bots
[    5s] bots 1000/1000 connected, 1000 welcomed, 0 failed | 26.1 snaps/s/bot, entities/snap near 4.4 mid 4.2 far 6.3 | corrections 0.000/s/bot | down 48 up 11 kbps/bot | rtt 33.7 ms loss 0.00% | input->applied ~ p50 68 p99 85 ms, round trip p50 100 p99 133 ms | joins 1000 (p50 283 p99 595 ms) | server pace 1.00 level 0, 0 bots bandwidth-degraded | swarm busy 6%, overruns 0
[   10s] bots 1000/1000 connected, 1000 welcomed, 0 failed | 31.1 snaps/s/bot, entities/snap near 4.3 mid 4.2 far 6.3 | corrections 0.000/s/bot | down 56 up 12 kbps/bot | rtt 33.5 ms loss 0.00% | input->applied ~ p50 68 p99 85 ms, round trip p50 100 p99 133 ms | joins 0 (p50 0 p99 0 ms) | server pace 1.00 level 0, 0 bots bandwidth-degraded | swarm busy 6%, overruns 0
[   15s] bots 1000/1000 connected, 1000 welcomed, 0 failed | 28.5 snaps/s/bot, entities/snap near 4.3 mid 4.2 far 6.3 | corrections 0.000/s/bot | down 51 up 11 kbps/bot | rtt 33.7 ms loss 0.00% | input->applied ~ p50 68 p99 85 ms, round trip p50 100 p99 133 ms | joins 0 (p50 0 p99 0 ms) | server pace 1.00 level 0, 0 bots bandwidth-degraded | swarm busy 6%, overruns 0
[   20s] bots 1000/1000 connected, 1000 welcomed, 0 failed | 30.7 snaps/s/bot, entities/snap near 4.3 mid 4.2 far 6.3 | corrections 0.000/s/bot | down 55 up 12 kbps/bot | rtt 33.6 ms loss 0.00% | input->applied ~ p50 68 p99 85 ms, round trip p50 100 p99 133 ms | joins 0 (p50 0 p99 0 ms) | server pace 1.00 level 0, 0 bots bandwidth-degraded | swarm busy 6%, overruns 0
[   25s] bots 1000/1000 connected, 1000 welcomed, 0 failed | 30.9 snaps/s/bot, entities/snap near 4.3 mid 4.2 far 6.3 | corrections 0.000/s/bot | down 56 up 12 kbps/bot | rtt 33.7 ms loss 0.00% | input->applied ~ p50 68 p99 85 ms, round trip p50 100 p99 133 ms | joins 0 (p50 0 p99 0 ms) | server pace 1.00 level 0, 0 bots bandwidth-degraded | swarm busy 6%, overruns 0
[   30s] bots 1000/1000 connected, 1000 welcomed, 0 failed | 28.8 snaps/s/bot, entities/snap near 4.3 mid 4.2 far 6.3 | corrections 0.000/s/bot | down 52 up 12 kbps/bot | rtt 33.7 ms loss 0.00% | input->applied ~ p50 69 p99 85 ms, round trip p50 100 p99 133 ms | joins 0 (p50 0 p99 0 ms) | server pace 1.00 level 0, 0 bots bandwidth-degraded | swarm busy 6%, overruns 0
[   35s] bots 1000/1000 connected, 1000 welcomed, 0 failed | 30.9 snaps/s/bot, entities/snap near 4.3 mid 4.2 far 6.3 | corrections 0.000/s/bot | down 56 up 12 kbps/bot | rtt 33.5 ms loss 0.00% | input->applied ~ p50 68 p99 85 ms, round trip p50 100 p99 133 ms | joins 0 (p50 0 p99 0 ms) | server pace 1.00 level 0, 0 bots bandwidth-degraded | swarm busy 6%, overruns 0
[   40s] bots 1000/1000 connected, 1000 welcomed, 0 failed | 29.3 snaps/s/bot, entities/snap near 4.3 mid 4.2 far 6.3 | corrections 0.000/s/bot | down 53 up 12 kbps/bot | rtt 33.7 ms loss 0.00% | input->applied ~ p50 68 p99 85 ms, round trip p50 100 p99 133 ms | joins 0 (p50 0 p99 0 ms) | server pace 1.00 level 0, 0 bots bandwidth-degraded | swarm busy 6%, overruns 0
[   45s] bots 1000/1000 connected, 1000 welcomed, 0 failed | 30.1 snaps/s/bot, entities/snap near 4.3 mid 4.2 far 6.3 | corrections 0.000/s/bot | down 54 up 12 kbps/bot | rtt 33.5 ms loss 0.00% | input->applied ~ p50 69 p99 85 ms, round trip p50 100 p99 133 ms | joins 0 (p50 0 p99 0 ms) | server pace 1.00 level 0, 0 bots bandwidth-degraded | swarm busy 6%, overruns 0
[   50s] bots 1000/1000 connected, 1000 welcomed, 0 failed | 30.0 snaps/s/bot, entities/snap near 4.3 mid 4.1 far 6.3 | corrections 0.000/s/bot | down 54 up 12 kbps/bot | rtt 33.7 ms loss 0.00% | input->applied ~ p50 68 p99 85 ms, round trip p50 100 p99 133 ms | joins 0 (p50 0 p99 0 ms) | server pace 1.00 level 0, 0 bots bandwidth-degraded | swarm busy 6%, overruns 0
[   55s] bots 1000/1000 connected, 1000 welcomed, 0 failed | 30.4 snaps/s/bot, entities/snap near 4.3 mid 4.2 far 6.3 | corrections 0.000/s/bot | down 55 up 12 kbps/bot | rtt 33.6 ms loss 0.00% | input->applied ~ p50 68 p99 85 ms, round trip p50 100 p99 133 ms | joins 0 (p50 0 p99 0 ms) | server pace 1.00 level 0, 0 bots bandwidth-degraded | swarm busy 6%, overruns 0
[   60s] bots 1000/1000 connected, 1000 welcomed, 0 failed | 29.9 snaps/s/bot, entities/snap near 4.3 mid 4.2 far 6.3 | corrections 0.000/s/bot | down 54 up 12 kbps/bot | rtt 33.7 ms loss 0.00% | input->applied ~ p50 68 p99 85 ms, round trip p50 100 p99 133 ms | joins 0 (p50 0 p99 0 ms) | server pace 1.00 level 0, 0 bots bandwidth-degraded | swarm busy 6%, overruns 0

== bots summary ==
  started 1000 welcomed 1000 failed 0
  join latency ms: p50 283 p99 595 max 658 (n=1000)
  corrections 0 (0.00/bot-minute), mean error 0.000 m, max 0.000 m
  snapshots 1790035 (entities per snapshot: near 4.3 mid 4.2 far 6.3), stale 0, unmatched acks 0, resyncs 0
  input -> applied on server (est. RTT/2 + server wait): p50 68.0 p99 85.0 max 94.0 mean 68.0 ms (n=1789015)
    of which server wait (arrival -> applied): p50 51.5 p99 68.3 max 77.5 mean 51.2 ms (n=1789015)
  input -> seen acked (round trip): p50 100.0 p99 133.0 max 134.0 mean 100.0 ms (n=1789015)
  near entity update interval (tracked bots): p50 33.0 p99 33.0 max 100.0 mean 33.0 ms (n=389901)
  mid entity update interval (tracked bots): p50 100.0 p99 100.0 max 500.0 mean 100.2 ms (n=370188)
  far entity update interval (tracked bots): p50 500.0 p99 500.0 max 50500.0 mean 508.9 ms (n=559944)
  input clock: 2682 extra inputs, 1661 skipped ticks, 0 backlog skips | near decode errors (tracked bots) 0
  bytes down 404.4 MB up 89.5 MB | swarm busy 6% of its threads' time, tick overruns 0
