== uniform, 1000 bots, 60s -> baselines/2026-10-04-wsl2-netem/lan-uniform-1k-1
== summary: 1710 steady-state ticks (after warmup, before clients drain), peak 1000 clients ==
  phase        p50 ms   p99 ms   max ms
  ingress        0.33     0.65     0.99
  events         0.09     0.21     0.32
  movement       0.17     0.29     0.39
  grid           0.06     0.15     0.26
  history        0.00     0.00     0.13
  serialize      0.04     0.13     0.19
  assembly       0.65     1.06     1.23
  transport      0.36     0.71     0.87
  egress         1.88     2.38     7.72
  tick           3.66     4.44     9.73
  overruns 0 | spawns 1000 despawns 1000 (886 joins deferred) | stand-ins: repeated 0 frozen 0 | late inputs 0 discarded 0 | bad messages 0 | recv errors 0 send errors 0
  egress (whole run): 1796938 datagrams in 1796938 sends (1.00 per send), 115264 syscalls
  ticks per ladder level (whole run): L0: 1813
  input wait on the server (datagram arrival -> applied): p50 51.5 p99 68.3 max 77.5 mean 51.2 ms
  steady state: stand-ins repeated 0 frozen 0 | late inputs 0 discarded 0
== bots summary ==
  started 1000 welcomed 1000 failed 0
  join latency ms: p50 283 p99 595 max 658 (n=1000)
  corrections 0 (0.00/bot-minute), mean error 0.000 m, max 0.000 m
  snapshots 1790035 (entities per snapshot: near 4.3 mid 4.2 far 6.3), stale 0, unmatched acks 0, resyncs 0
  input -> applied on server (est. RTT/2 + server wait): p50 68.0 p99 85.0 max 94.0 mean 68.0 ms (n=1789015)
    of which server wait (arrival -> applied): p50 51.5 p99 68.3 max 77.5 mean 51.2 ms (n=1789015)
  input -> seen acked (round trip): p50 100.0 p99 133.0 max 134.0 mean 100.0 ms (n=1789015)
  near entity update interval (tracked bots): p50 33.0 p99 33.0 max 100.0 mean 33.0 ms (n=389901)
  mid entity update interval (tracked bots): p50 100.0 p99 100.0 max 500.0 mean 100.2 ms (n=370188)
  far entity update interval (tracked bots): p50 500.0 p99 500.0 max 50500.0 mean 508.9 ms (n=559944)
  input clock: 2682 extra inputs, 1661 skipped ticks, 0 backlog skips | near decode errors (tracked bots) 0
  bytes down 404.4 MB up 89.5 MB | swarm busy 6% of its threads' time, tick overruns 0
