preallocated connections for 10000 clients in 189.81909ms
listening on 127.0.0.1:40540 | spawn Uniform | tiers near 64@150 m, mid 500 m, far 1500 m, budget 6250 B/tick, squads of 4 | 8 rayon threads, 64 shards, 256 accepts/tick, egress SendMmsg | socket buffers rcv 8192 KiB snd 8192 KiB
WARNING: token key is the public dev key; anyone can mint tokens for this server (--token-key)
[    5s] clients 1000 | level 0 (0-0 in window: 30 Hz, dilation 1.0), pace 1.00, 0.0% clients bandwidth-degraded | tick p50 3.67 p99 5.06 max 5.74 ms, 0 overruns | out 27.4k pps 55 kbps/client, 49 Mbps | in 26.9k pps 13 kbps/client | stand-ins: repeated 0.00% frozen 0.00%, 0 late inputs | per client-tick: 190 B (near 31 B, 97% deltas), near 4.3 mid 4.1 far 6.2, far skipped 0 starved 0 | input wait p50 51.3 p99 68.1 ms | 886 joins deferred | kernel drops rcv 0 snd 0
         p50/p99 ms: ingress 0.33/0.97  events 0.08/1.40  movement 0.17/0.36  grid 0.05/0.10  history 0.00/0.02  serialize 0.04/0.07  assembly 0.66/1.11  transport 0.35/0.80  egress 1.88/2.32
[   10s] clients 1000 | level 0 (0-0 in window: 30 Hz, dilation 1.0), pace 1.00, 0.0% clients bandwidth-degraded | tick p50 3.59 p99 4.44 max 4.73 ms, 0 overruns | out 30.0k pps 54 kbps/client, 54 Mbps | in 30.0k pps 12 kbps/client | stand-ins: repeated 0.00% frozen 0.00%, 0 late inputs | per client-tick: 191 B (near 30 B, 100% deltas), near 4.3 mid 4.2 far 6.3, far skipped 0 starved 0 | input wait p50 51.5 p99 68.2 ms | 0 joins deferred | kernel drops rcv 0 snd 0
         p50/p99 ms: ingress 0.33/0.72  events 0.08/0.16  movement 0.17/0.23  grid 0.06/0.10  history 0.00/0.00  serialize 0.04/0.09  assembly 0.66/1.04  transport 0.36/0.72  egress 1.84/2.38
[   15s] clients 1000 | level 0 (0-0 in window: 30 Hz, dilation 1.0), pace 1.00, 0.0% clients bandwidth-degraded | tick p50 3.66 p99 4.30 max 4.31 ms, 0 overruns | out 30.0k pps 54 kbps/client, 54 Mbps | in 30.0k pps 12 kbps/client | stand-ins: repeated 0.00% frozen 0.00%, 0 late inputs | per client-tick: 191 B (near 30 B, 100% deltas), near 4.3 mid 4.2 far 6.3, far skipped 0 starved 0 | input wait p50 51.5 p99 68.3 ms | 0 joins deferred | kernel drops rcv 0 snd 0
         p50/p99 ms: ingress 0.33/0.65  events 0.09/0.12  movement 0.16/0.21  grid 0.06/0.08  history 0.00/0.00  serialize 0.04/0.07  assembly 0.65/1.05  transport 0.36/0.73  egress 1.89/2.30
[   20s] clients 1000 | level 0 (0-0 in window: 30 Hz, dilation 1.0), pace 1.00, 0.0% clients bandwidth-degraded | tick p50 3.67 p99 4.36 max 4.58 ms, 0 overruns | out 30.0k pps 54 kbps/client, 54 Mbps | in 30.0k pps 12 kbps/client | stand-ins: repeated 0.00% frozen 0.00%, 0 late inputs | per client-tick: 191 B (near 30 B, 100% deltas), near 4.3 mid 4.2 far 6.3, far skipped 0 starved 0 | input wait p50 51.5 p99 68.3 ms | 0 joins deferred | kernel drops rcv 0 snd 0
         p50/p99 ms: ingress 0.33/0.67  events 0.08/0.16  movement 0.17/0.24  grid 0.06/0.12  history 0.00/0.02  serialize 0.04/0.12  assembly 0.63/1.02  transport 0.36/0.68  egress 1.91/2.44
[   25s] clients 1000 | level 0 (0-0 in window: 30 Hz, dilation 1.0), pace 1.00, 0.0% clients bandwidth-degraded | tick p50 3.70 p99 8.35 max 9.73 ms, 0 overruns | out 30.0k pps 54 kbps/client, 54 Mbps | in 30.0k pps 12 kbps/client | stand-ins: repeated 0.00% frozen 0.00%, 0 late inputs | per client-tick: 191 B (near 30 B, 100% deltas), near 4.4 mid 4.2 far 6.3, far skipped 0 starved 0 | input wait p50 51.5 p99 68.4 ms | 0 joins deferred | kernel drops rcv 0 snd 0
         p50/p99 ms: ingress 0.34/0.57  events 0.09/0.23  movement 0.17/0.35  grid 0.06/0.24  history 0.00/0.00  serialize 0.04/0.17  assembly 0.66/1.06  transport 0.36/0.79  egress 1.88/5.80
[   30s] clients 1000 | level 0 (0-0 in window: 30 Hz, dilation 1.0), pace 1.00, 0.0% clients bandwidth-degraded | tick p50 3.67 p99 4.33 max 5.01 ms, 0 overruns | out 30.0k pps 54 kbps/client, 54 Mbps | in 30.0k pps 12 kbps/client | stand-ins: repeated 0.00% frozen 0.00%, 0 late inputs | per client-tick: 191 B (near 30 B, 100% deltas), near 4.3 mid 4.2 far 6.3, far skipped 0 starved 0 | input wait p50 51.5 p99 68.3 ms | 0 joins deferred | kernel drops rcv 0 snd 0
         p50/p99 ms: ingress 0.34/0.55  events 0.09/0.25  movement 0.17/0.25  grid 0.06/0.17  history 0.00/0.00  serialize 0.04/0.15  assembly 0.67/1.03  transport 0.36/0.71  egress 1.88/2.62
[   35s] clients 1000 | level 0 (0-0 in window: 30 Hz, dilation 1.0), pace 1.00, 0.0% clients bandwidth-degraded | tick p50 3.69 p99 4.42 max 4.61 ms, 0 overruns | out 30.0k pps 54 kbps/client, 54 Mbps | in 30.0k pps 12 kbps/client | stand-ins: repeated 0.00% frozen 0.00%, 0 late inputs | per client-tick: 191 B (near 30 B, 100% deltas), near 4.3 mid 4.2 far 6.3, far skipped 0 starved 0 | input wait p50 51.5 p99 68.3 ms | 0 joins deferred | kernel drops rcv 0 snd 0
         p50/p99 ms: ingress 0.33/0.58  events 0.09/0.21  movement 0.17/0.26  grid 0.06/0.18  history 0.00/0.00  serialize 0.04/0.12  assembly 0.66/1.06  transport 0.35/0.71  egress 1.88/2.48
[   40s] clients 1000 | level 0 (0-0 in window: 30 Hz, dilation 1.0), pace 1.00, 0.0% clients bandwidth-degraded | tick p50 3.63 p99 4.34 max 4.37 ms, 0 overruns | out 30.0k pps 54 kbps/client, 54 Mbps | in 30.0k pps 12 kbps/client | stand-ins: repeated 0.00% frozen 0.00%, 0 late inputs | per client-tick: 190 B (near 30 B, 100% deltas), near 4.3 mid 4.2 far 6.3, far skipped 0 starved 0 | input wait p50 51.5 p99 68.4 ms | 0 joins deferred | kernel drops rcv 0 snd 0
         p50/p99 ms: ingress 0.34/0.63  events 0.08/0.23  movement 0.17/0.35  grid 0.06/0.18  history 0.00/0.00  serialize 0.04/0.10  assembly 0.65/1.11  transport 0.36/0.66  egress 1.88/2.23
[   45s] clients 1000 | level 0 (0-0 in window: 30 Hz, dilation 1.0), pace 1.00, 0.0% clients bandwidth-degraded | tick p50 3.60 p99 4.21 max 4.51 ms, 0 overruns | out 30.0k pps 54 kbps/client, 54 Mbps | in 30.0k pps 12 kbps/client | stand-ins: repeated 0.00% frozen 0.00%, 0 late inputs | per client-tick: 190 B (near 30 B, 100% deltas), near 4.3 mid 4.2 far 6.3, far skipped 0 starved 0 | input wait p50 51.5 p99 68.4 ms | 0 joins deferred | kernel drops rcv 0 snd 0
         p50/p99 ms: ingress 0.33/0.63  events 0.08/0.13  movement 0.16/0.22  grid 0.06/0.09  history 0.00/0.00  serialize 0.04/0.07  assembly 0.62/1.08  transport 0.36/0.68  egress 1.92/2.19
[   50s] clients 1000 | level 0 (0-0 in window: 30 Hz, dilation 1.0), pace 1.00, 0.0% clients bandwidth-degraded | tick p50 3.69 p99 5.08 max 5.42 ms, 0 overruns | out 30.0k pps 54 kbps/client, 54 Mbps | in 30.0k pps 12 kbps/client | stand-ins: repeated 0.00% frozen 0.00%, 0 late inputs | per client-tick: 190 B (near 30 B, 100% deltas), near 4.3 mid 4.1 far 6.3, far skipped 0 starved 0 | input wait p50 51.5 p99 68.3 ms | 0 joins deferred | kernel drops rcv 0 snd 0
         p50/p99 ms: ingress 0.34/0.55  events 0.09/0.26  movement 0.17/0.27  grid 0.06/0.22  history 0.00/0.00  serialize 0.04/0.17  assembly 0.66/1.11  transport 0.36/0.81  egress 1.86/2.45
[   55s] clients 1000 | level 0 (0-0 in window: 30 Hz, dilation 1.0), pace 1.00, 0.0% clients bandwidth-degraded | tick p50 3.68 p99 4.47 max 5.20 ms, 0 overruns | out 30.0k pps 54 kbps/client, 54 Mbps | in 30.0k pps 12 kbps/client | stand-ins: repeated 0.00% frozen 0.00%, 0 late inputs | per client-tick: 191 B (near 30 B, 100% deltas), near 4.3 mid 4.2 far 6.3, far skipped 0 starved 0 | input wait p50 51.6 p99 68.5 ms | 0 joins deferred | kernel drops rcv 0 snd 0
         p50/p99 ms: ingress 0.33/0.62  events 0.08/0.14  movement 0.17/0.27  grid 0.06/0.09  history 0.00/0.01  serialize 0.04/0.07  assembly 0.68/1.07  transport 0.36/0.62  egress 1.87/2.41
[   60s] clients 1000 | level 0 (0-0 in window: 30 Hz, dilation 1.0), pace 1.00, 0.0% clients bandwidth-degraded | tick p50 3.67 p99 4.44 max 4.65 ms, 0 overruns | out 30.0k pps 54 kbps/client, 54 Mbps | in 30.0k pps 12 kbps/client | stand-ins: repeated 0.00% frozen 0.00%, 0 late inputs | per client-tick: 191 B (near 30 B, 100% deltas), near 4.3 mid 4.2 far 6.3, far skipped 0 starved 0 | input wait p50 51.5 p99 68.3 ms | 0 joins deferred | kernel drops rcv 0 snd 0
         p50/p99 ms: ingress 0.33/0.78  events 0.08/0.15  movement 0.16/0.35  grid 0.05/0.08  history 0.00/0.00  serialize 0.04/0.08  assembly 0.72/1.01  transport 0.35/0.69  egress 1.86/2.22
[   60s] clients 0 | level 0 (0-0 in window: 30 Hz, dilation 1.0), pace 1.00, 0.0% clients bandwidth-degraded | tick p50 2.35 p99 4.28 max 4.28 ms, 0 overruns | out 10.8k pps 50 kbps/client, 18 Mbps | in 39.6k pps 23 kbps/client | stand-ins: repeated 0.00% frozen 0.00%, 0 late inputs | per client-tick: 170 B (near 27 B, 100% deltas), near 3.9 mid 3.6 far 5.3, far skipped 0 starved 0 | input wait p50 49.4 p99 68.2 ms | 0 joins deferred | kernel drops rcv 0 snd 0
         p50/p99 ms: ingress 0.32/0.79  events 0.12/0.48  movement 0.10/0.17  grid 0.04/0.05  history 0.00/0.00  serialize 0.01/0.04  assembly 0.34/0.62  transport 0.27/0.33  egress 0.35/2.64

== summary: 1710 steady-state ticks (after warmup, before clients drain), peak 1000 clients ==
  phase        p50 ms   p99 ms   max ms
  ingress        0.33     0.65     0.99
  events         0.09     0.21     0.32
  movement       0.17     0.29     0.39
  grid           0.06     0.15     0.26
  history        0.00     0.00     0.13
  serialize      0.04     0.13     0.19
  assembly       0.65     1.06     1.23
  transport      0.36     0.71     0.87
  egress         1.88     2.38     7.72
  tick           3.66     4.44     9.73
  overruns 0 | spawns 1000 despawns 1000 (886 joins deferred) | stand-ins: repeated 0 frozen 0 | late inputs 0 discarded 0 | bad messages 0 | recv errors 0 send errors 0
  egress (whole run): 1796938 datagrams in 1796938 sends (1.00 per send), 115264 syscalls
  ticks per ladder level (whole run): L0: 1813
  input wait on the server (datagram arrival -> applied): p50 51.5 p99 68.3 max 77.5 mean 51.2 ms
  steady state: stand-ins repeated 0 frozen 0 | late inputs 0 discarded 0
