== disk:25, 10000 bots, 240s -> baselines/2026-10-07-aws-limits/pile-25m-10k-1
== summary: 7107 steady-state ticks (after warmup, before clients drain), peak 10000 clients ==
  phase        p50 ms   p99 ms   max ms
  ingress        0.92     2.00    37.32
  events         2.82     5.94     8.67
  movement       0.66     1.19     1.44
  grid           0.42     0.70     1.03
  separate       0.78     1.35     1.75
  history        0.02     0.08     0.18
  shots          0.04     0.26     0.44
  serialize      0.25     0.47     0.75
  assembly       3.78     7.53     8.81
  transport      1.47     2.88     3.30
  egress         2.82     5.24    10.75
  tick          14.01    25.66    62.42
  overruns 1 | spawns 10000 despawns 10000 (0 joins deferred) | deaths 0 respawns 0 | stand-ins: repeated 1330 frozen 96999 | late inputs 0 discarded 0 | bad messages 0 | recv errors 0 send errors 0
  egress (whole run): 84157596 datagrams in 84157596 sends (1.00 per send), 611642 syscalls
  ingress (whole run): 42008100 datagrams in 789857 receive calls (53.18 per call)
  ticks per ladder level (whole run): L0: 7366
  input wait on the server (datagram arrival -> applied): p50 49.9 p99 66.5 max 96.8 mean 50.0 ms
  steady state: stand-ins repeated 0 frozen 0 | late inputs 0 discarded 0
  rewind of near targets (applied step - the input's render step for that tier): p50 133 p99 200 max 226 mean 148.2 ms (n=41893003)
  rewind of mid/far targets (applied step - the input's render step for that tier): p50 267 p99 300 max 325 mean 280.7 ms (n=41893003)
  render times ahead of the server (bogus) 0
  shots 0 (late 0, refused 0, rewinds capped 0) | hits head 0 body 0 (after cover 0, too late 0), kills 0 | ground 0 cover 0 expired 0 | segments 0 candidates 0
== bots summary ==
  started 10000 welcomed 10000 failed 0
  join latency ms: p50 91 p99 165 max 166 (n=10000)
  corrections 0 (0.00/bot-minute), mean error 0.000 m, max 0.000 m
  push corrections (the server pushed us apart from a crowd) 41182879 (1029.57/bot-minute), max 0.301 m
  snapshots 41955392 (entities per snapshot: near 64.0 mid 86.0 far 0.0), stale 0, unmatched acks 0, resyncs 0
  input -> applied on server (est. RTT/2 + server wait): p50 58.0 p99 77.0 max 110.0 mean 58.1 ms (n=41952254)
    of which server wait (arrival -> applied): p50 49.9 p99 66.5 max 96.8 mean 50.0 ms (n=41952254)
  input -> seen acked (round trip): p50 67.0 p99 100.0 max 139.0 mean 82.5 ms (n=41952254)
  near entity update interval (tracked bots): p50 66.0 p99 100.0 max 133.0 mean 54.6 ms (n=134333200)
  mid entity update interval (tracked bots): p50 100.0 p99 200.0 max 2200.0 mean 102.3 ms (n=161474046)
  far entity update interval (tracked bots): p50 0.0 p99 0.0 max 0.0 mean 0.0 ms (n=0)
  near drawn (tracked bots): 98.11% interpolated, 0.54% extrapolated, 0.00% held, 1.35% new | pops p50 0 p99 0 max 487 mm
  mid drawn (tracked bots): 52.67% interpolated, 17.52% extrapolated, 17.61% held, 12.21% new | pops p50 0 p99 119 max 18274 mm
  far drawn (tracked bots): 0.00% interpolated, 0.00% extrapolated, 0.00% held, 0.00% new | pops p50 0 p99 0 max 0 mm
  render delay (near) 87.2 ms behind the newest step, clock snaps 0 (backwards 0), slewing 5.33% of frames, near delay changes 1197 | streak entity-frames (drawn > 20 m/s) 436803
  input clock: 18136 extra inputs, 16800 skipped ticks, 0 backlog skips | near decode errors (tracked bots) 0
  bytes down 64788.0 MB up 2643.2 MB | swarm busy 14% of its threads' time, tick overruns 175
