spawn=disk(25.0)
egress=sendmmsg
ingress=recvmmsg
rx_gather_us=1000
ladder=on
threads=64
shards=64
sockets=1
peak_clients=10000
steady_ticks=7107
steady_secs=236.9
ingress_p50_ms=0.92
ingress_p99_ms=2.00
ingress_max_ms=37.32
events_p50_ms=2.82
events_p99_ms=5.94
events_max_ms=8.67
movement_p50_ms=0.66
movement_p99_ms=1.19
movement_max_ms=1.44
grid_p50_ms=0.42
grid_p99_ms=0.70
grid_max_ms=1.03
separate_p50_ms=0.78
separate_p99_ms=1.35
separate_max_ms=1.75
history_p50_ms=0.02
history_p99_ms=0.08
history_max_ms=0.18
shots_p50_ms=0.04
shots_p99_ms=0.26
shots_max_ms=0.44
serialize_p50_ms=0.25
serialize_p99_ms=0.47
serialize_max_ms=0.75
assembly_p50_ms=3.78
assembly_p99_ms=7.53
assembly_max_ms=8.81
transport_p50_ms=1.47
transport_p99_ms=2.88
transport_max_ms=3.30
egress_p50_ms=2.82
egress_p99_ms=5.24
egress_max_ms=10.75
tick_p50_ms=14.01
tick_p99_ms=25.66
tick_max_ms=62.42
steady_overruns=1
level_mode=0
tick_hz=30
dilation=1
levels=L0:7107
clients_avg=5905
out_pps=354283
in_pps=177276
egress_mbps=2188.1
packets_per_client_tick=2.00
wire_bytes_per_client_tick=1544
down_kbps_per_client=370.5
up_kbps_per_client=15.1
recv_per_call=53.25
ingress_thread_busy_max_pct=18.3
ingress_thread_busy_mean_pct=18.3
kernel_rcvbuf_drops=0
kernel_sndbuf_drops=0
snapshot_bytes_per_client_tick=1479
near_bytes_per_client_tick=471
activity_bytes_per_client_tick=0.0
near_per_client_tick=64.0
mid_per_client_tick=86.0
far_per_client_tick=0.0
near_scanned_per_query=451
mid_scanned_per_query=594
far_skipped=0
far_starved=0
repeated=0
frozen=0
late_inputs=0
discarded_inputs=0
input_wait_p10_ms=36.7
input_wait_p50_ms=49.9
input_wait_p90_ms=63.4
input_wait_p99_ms=66.5
spawns=10000
despawns=10000
deaths=0
respawns=0
shots=0
shots_late=0
shots_refused=0
rewinds_capped=0
rewinds_trimmed=0
hits_head=0
hits_body=0
hits_ground=0
hits_cover=0
projectiles_expired=0
kills=0
hits_after_cover=0
hits_too_late=0
events=0
tracer_bytes=0
activity_cells=0
activity_sent=0
activity_bytes=0
activity_cut=0
projectile_segments=0
hit_candidates=0
joins_deferred=0
bad_messages=0
recv_errors=0
send_errors=0
datagrams=84157596
sends=84157596
send_syscalls=611642
rewind_near_p50_ms=133
rewind_near_p99_ms=200
rewind_near_mean_ms=148.2
rewind_mid_p50_ms=267
rewind_mid_p99_ms=300
rewind_mid_mean_ms=280.7
ingress_longest_p50_ms=0.45
ingress_work_p50_ms=21.52
assembly_longest_p50_ms=2.63
assembly_work_p50_ms=129.62
transport_longest_p50_ms=1.11
transport_work_p50_ms=52.33
egress_longest_p50_ms=2.67
egress_work_p50_ms=84.32
