started=1000
welcomed=1000
failed=0
join_p50_ms=341
join_p99_ms=613
join_max_ms=694
corrections=0
corrections_per_bot_minute=0.000
correction_max_m=0.000
push_corrections=35077
push_corrections_per_bot_minute=35.077
push_max_m=0.359
snapshots=1781505
near_per_snapshot=64.1
mid_per_snapshot=86.1
far_per_snapshot=0.0
stale_snapshots=0
resyncs=0
input_applied_p50_ms=103.0
input_applied_p99_ms=143.0
input_applied_mean_ms=97.1
server_wait_p50_ms=49.5
server_wait_p99_ms=67.3
server_wait_mean_ms=49.8
round_trip_p50_ms=167.0
round_trip_p99_ms=233.0
round_trip_mean_ms=161.4
slot_work_p50_ms=0.1
slot_work_p99_ms=1.2
slot_work_mean_ms=0.4
slot_late_p50_ms=0.0
slot_late_p99_ms=0.0
slot_late_mean_ms=0.0
near_interval_p50_ms=66.0
near_interval_p99_ms=66.0
near_interval_mean_ms=54.8
mid_interval_p50_ms=100.0
mid_interval_p99_ms=100.0
mid_interval_mean_ms=101.2
far_interval_p50_ms=0.0
far_interval_p99_ms=0.0
far_interval_mean_ms=0.0
slot_late_max_ms=33.2
near_interpolated_pct=96.58
near_extrapolated_pct=1.36
near_held_pct=1.28
near_new_pct=0.79
near_pop_p50_mm=0
near_pop_p99_mm=0
mid_interpolated_pct=90.77
mid_extrapolated_pct=3.26
mid_held_pct=3.51
mid_new_pct=2.46
mid_pop_p50_mm=0
mid_pop_p99_mm=0
far_interpolated_pct=0.00
far_extrapolated_pct=0.00
far_held_pct=0.00
far_new_pct=0.00
far_pop_p50_mm=0
far_pop_p99_mm=0
render_delay_ms=92.4
render_snaps=0
class0_fighters=167
class0_shots=31903
class0_hits=7210
class0_kills=1403
class0_hit_pct=22.6
class0_rtt_ms=25.0
class1_fighters=166
class1_shots=32429
class1_hits=6767
class1_kills=1345
class1_hit_pct=20.9
class1_rtt_ms=105.0
class2_fighters=167
class2_shots=33488
class2_hits=6118
class2_kills=1300
class2_hit_pct=18.3
class2_rtt_ms=155.1
shots_seen=8330303
activity_cells=939671
activity_shots=73662022
ambient=17733752
streak_frames_per_million=47
clock_slewing_pct=9.75
delay_changes=3593
render_backwards=0
clock_extra=2374
clock_skipped=1396
backlog_skips=0
near_decode_errors=0
bytes_down_mb=2743.0
bytes_up_mb=115.9
swarm_busy_pct=12
swarm_overruns=231
