preallocated connections for 10000 clients in 253.487995ms
listening on 172.31.17.93:14500 | spawn Blob | tiers near 64@150 m, mid 500 m, far 1500 m, budget 6250 B/tick, squads of 4 | 64 rayon threads, 64 shards, 1 socket(s), 256 accepts/tick, egress SendMmsg, ingress RecvMmsg | socket buffers rcv 32768 KiB snd 32768 KiB
[    5s] clients 1000 | level 0 (0-0 in window: 30 Hz, dilation 1.0), pace 1.00, 0.0% clients bandwidth-degraded | tick p50 4.30 p99 8.72 max 9.26 ms, 0 overruns | out 52.8k pps 365 kbps/client, 315 Mbps | in 25.7k pps 16 kbps/client, 26.5 per recv, receive thread busy 4% | stand-ins: repeated 0.00% frozen 0.00%, 0 late inputs | per client-tick: 1441 B (near 364 B, 95% deltas), near 64.0 mid 85.8 far 0.0, far skipped 0 starved 0 | input wait p50 49.4 p99 67.9 ms | 93 joins deferred | kernel drops rcv 0 snd 0
         p50/p99 ms: ingress 0.54/0.88  events 0.42/1.52  movement 0.33/0.38  grid 0.17/0.21  separate 0.11/0.18  history 0.00/0.04  shots 0.66/1.03  serialize 0.06/0.10  assembly 1.05/4.53  transport 0.31/0.92  egress 0.55/0.86
[   10s] clients 1000 | level 0 (0-0 in window: 30 Hz, dilation 1.0), pace 1.00, 0.0% clients bandwidth-degraded | tick p50 4.97 p99 6.92 max 7.08 ms, 0 overruns | out 60.0k pps 363 kbps/client, 363 Mbps | in 30.0k pps 15 kbps/client, 27.7 per recv, receive thread busy 6% | stand-ins: repeated 0.00% frozen 0.00%, 0 late inputs | per client-tick: 1447 B (near 369 B, 95% deltas), near 64.0 mid 86.0 far 0.0, far skipped 0 starved 0 | input wait p50 49.5 p99 67.2 ms | 0 joins deferred | kernel drops rcv 0 snd 0
         p50/p99 ms: ingress 0.53/0.65  events 0.43/0.56  movement 0.33/0.36  grid 0.18/0.23  separate 0.14/0.33  history 0.00/0.01  shots 0.80/1.40  serialize 0.06/0.10  assembly 1.50/2.92  transport 0.33/0.78  egress 0.55/0.88
[   15s] clients 1000 | level 0 (0-0 in window: 30 Hz, dilation 1.0), pace 1.00, 0.0% clients bandwidth-degraded | tick p50 5.56 p99 6.63 max 6.77 ms, 0 overruns | out 60.0k pps 376 kbps/client, 376 Mbps | in 30.0k pps 16 kbps/client, 28.0 per recv, receive thread busy 6% | stand-ins: repeated 0.00% frozen 0.00%, 0 late inputs | per client-tick: 1497 B (near 399 B, 98% deltas), near 64.0 mid 86.0 far 0.0, far skipped 0 starved 0 | input wait p50 49.4 p99 67.2 ms | 0 joins deferred | kernel drops rcv 0 snd 0
         p50/p99 ms: ingress 0.52/0.64  events 0.43/0.56  movement 0.33/0.37  grid 0.19/0.21  separate 0.16/0.19  history 0.01/0.01  shots 1.22/1.49  serialize 0.06/0.10  assembly 1.72/2.66  transport 0.33/0.57  egress 0.54/0.81
[   20s] clients 1000 | level 0 (0-0 in window: 30 Hz, dilation 1.0), pace 1.00, 0.0% clients bandwidth-degraded | tick p50 5.14 p99 5.88 max 5.92 ms, 0 overruns | out 60.0k pps 368 kbps/client, 368 Mbps | in 30.0k pps 16 kbps/client, 28.2 per recv, receive thread busy 5% | stand-ins: repeated 0.00% frozen 0.00%, 0 late inputs | per client-tick: 1464 B (near 378 B, 98% deltas), near 64.0 mid 86.0 far 0.0, far skipped 0 starved 0 | input wait p50 49.4 p99 67.2 ms | 0 joins deferred | kernel drops rcv 0 snd 0
         p50/p99 ms: ingress 0.53/0.62  events 0.42/0.56  movement 0.33/0.36  grid 0.18/0.35  separate 0.15/0.40  history 0.01/0.01  shots 1.11/1.46  serialize 0.06/0.10  assembly 1.40/1.98  transport 0.31/0.48  egress 0.55/0.74
[   25s] clients 1000 | level 0 (0-0 in window: 30 Hz, dilation 1.0), pace 1.00, 0.0% clients bandwidth-degraded | tick p50 5.05 p99 5.80 max 5.86 ms, 0 overruns | out 60.0k pps 370 kbps/client, 370 Mbps | in 30.0k pps 16 kbps/client, 28.2 per recv, receive thread busy 5% | stand-ins: repeated 0.00% frozen 0.00%, 0 late inputs | per client-tick: 1472 B (near 386 B, 98% deltas), near 64.0 mid 86.0 far 0.0, far skipped 0 starved 0 | input wait p50 49.4 p99 67.2 ms | 0 joins deferred | kernel drops rcv 0 snd 0
         p50/p99 ms: ingress 0.53/0.61  events 0.44/0.56  movement 0.33/0.36  grid 0.19/0.38  separate 0.16/0.18  history 0.01/0.01  shots 1.12/1.41  serialize 0.06/0.10  assembly 1.32/1.84  transport 0.31/0.51  egress 0.54/0.83
[   30s] clients 1000 | level 0 (0-0 in window: 30 Hz, dilation 1.0), pace 1.00, 0.0% clients bandwidth-degraded | tick p50 5.11 p99 6.02 max 6.14 ms, 0 overruns | out 60.0k pps 370 kbps/client, 370 Mbps | in 30.0k pps 16 kbps/client, 28.2 per recv, receive thread busy 5% | stand-ins: repeated 0.00% frozen 0.00%, 0 late inputs | per client-tick: 1475 B (near 387 B, 98% deltas), near 64.0 mid 86.0 far 0.0, far skipped 0 starved 0 | input wait p50 49.5 p99 67.3 ms | 0 joins deferred | kernel drops rcv 0 snd 0
         p50/p99 ms: ingress 0.53/0.61  events 0.44/0.55  movement 0.33/0.38  grid 0.19/0.27  separate 0.15/0.43  history 0.01/0.01  shots 1.11/1.43  serialize 0.06/0.10  assembly 1.36/1.93  transport 0.33/0.45  egress 0.54/0.66
[   35s] clients 1000 | level 0 (0-0 in window: 30 Hz, dilation 1.0), pace 1.00, 0.0% clients bandwidth-degraded | tick p50 5.00 p99 5.67 max 5.81 ms, 0 overruns | out 60.0k pps 369 kbps/client, 369 Mbps | in 30.0k pps 16 kbps/client, 28.2 per recv, receive thread busy 5% | stand-ins: repeated 0.00% frozen 0.00%, 0 late inputs | per client-tick: 1471 B (near 385 B, 98% deltas), near 64.0 mid 86.0 far 0.0, far skipped 0 starved 0 | input wait p50 49.5 p99 67.2 ms | 0 joins deferred | kernel drops rcv 0 snd 0
         p50/p99 ms: ingress 0.53/0.67  events 0.43/0.61  movement 0.33/0.37  grid 0.18/0.22  separate 0.16/0.42  history 0.01/0.01  shots 1.09/1.35  serialize 0.06/0.10  assembly 1.30/1.78  transport 0.34/0.48  egress 0.54/0.72
[   40s] clients 1000 | level 0 (0-0 in window: 30 Hz, dilation 1.0), pace 1.00, 0.0% clients bandwidth-degraded | tick p50 5.17 p99 5.90 max 5.96 ms, 0 overruns | out 60.0k pps 370 kbps/client, 370 Mbps | in 30.0k pps 16 kbps/client, 28.0 per recv, receive thread busy 5% | stand-ins: repeated 0.00% frozen 0.00%, 0 late inputs | per client-tick: 1476 B (near 391 B, 98% deltas), near 64.0 mid 86.0 far 0.0, far skipped 0 starved 0 | input wait p50 49.5 p99 67.2 ms | 0 joins deferred | kernel drops rcv 0 snd 0
         p50/p99 ms: ingress 0.53/0.65  events 0.42/0.56  movement 0.33/0.37  grid 0.19/0.22  separate 0.15/0.38  history 0.01/0.01  shots 1.08/1.34  serialize 0.06/0.10  assembly 1.44/2.01  transport 0.33/0.69  egress 0.55/0.86
[   45s] clients 1000 | level 0 (0-0 in window: 30 Hz, dilation 1.0), pace 1.00, 0.0% clients bandwidth-degraded | tick p50 5.08 p99 5.62 max 5.67 ms, 0 overruns | out 60.0k pps 370 kbps/client, 370 Mbps | in 30.0k pps 16 kbps/client, 28.0 per recv, receive thread busy 5% | stand-ins: repeated 0.00% frozen 0.00%, 0 late inputs | per client-tick: 1474 B (near 389 B, 98% deltas), near 64.0 mid 86.0 far 0.0, far skipped 0 starved 0 | input wait p50 49.5 p99 67.3 ms | 0 joins deferred | kernel drops rcv 0 snd 0
         p50/p99 ms: ingress 0.53/0.66  events 0.42/0.55  movement 0.33/0.40  grid 0.18/0.21  separate 0.16/0.39  history 0.01/0.01  shots 1.10/1.35  serialize 0.06/0.10  assembly 1.33/1.74  transport 0.34/0.64  egress 0.55/0.74
[   50s] clients 1000 | level 0 (0-0 in window: 30 Hz, dilation 1.0), pace 1.00, 0.0% clients bandwidth-degraded | tick p50 4.99 p99 5.61 max 5.62 ms, 0 overruns | out 60.0k pps 370 kbps/client, 370 Mbps | in 30.0k pps 16 kbps/client, 28.0 per recv, receive thread busy 5% | stand-ins: repeated 0.00% frozen 0.00%, 0 late inputs | per client-tick: 1473 B (near 390 B, 98% deltas), near 64.0 mid 86.0 far 0.0, far skipped 0 starved 0 | input wait p50 49.5 p99 67.2 ms | 0 joins deferred | kernel drops rcv 0 snd 0
         p50/p99 ms: ingress 0.54/0.66  events 0.44/0.56  movement 0.33/0.37  grid 0.19/0.22  separate 0.16/0.40  history 0.01/0.01  shots 1.06/1.33  serialize 0.06/0.10  assembly 1.30/1.75  transport 0.34/0.50  egress 0.54/0.70
[   55s] clients 1000 | level 0 (0-0 in window: 30 Hz, dilation 1.0), pace 1.00, 0.0% clients bandwidth-degraded | tick p50 5.13 p99 5.90 max 6.06 ms, 0 overruns | out 60.0k pps 370 kbps/client, 370 Mbps | in 30.0k pps 16 kbps/client, 27.9 per recv, receive thread busy 5% | stand-ins: repeated 0.00% frozen 0.00%, 0 late inputs | per client-tick: 1476 B (near 392 B, 98% deltas), near 64.0 mid 86.0 far 0.0, far skipped 0 starved 0 | input wait p50 49.5 p99 67.2 ms | 0 joins deferred | kernel drops rcv 0 snd 0
         p50/p99 ms: ingress 0.53/0.66  events 0.43/0.57  movement 0.33/0.37  grid 0.18/0.21  separate 0.16/0.39  history 0.01/0.01  shots 1.10/1.31  serialize 0.06/0.10  assembly 1.40/1.88  transport 0.33/0.51  egress 0.55/0.66
[   60s] clients 1000 | level 0 (0-0 in window: 30 Hz, dilation 1.0), pace 1.00, 0.0% clients bandwidth-degraded | tick p50 4.95 p99 5.74 max 5.90 ms, 0 overruns | out 60.0k pps 370 kbps/client, 370 Mbps | in 30.0k pps 16 kbps/client, 28.1 per recv, receive thread busy 5% | stand-ins: repeated 0.00% frozen 0.00%, 0 late inputs | per client-tick: 1474 B (near 392 B, 98% deltas), near 64.0 mid 86.0 far 0.0, far skipped 0 starved 0 | input wait p50 49.5 p99 67.2 ms | 0 joins deferred | kernel drops rcv 0 snd 0
         p50/p99 ms: ingress 0.53/0.62  events 0.42/0.56  movement 0.33/0.36  grid 0.18/0.22  separate 0.16/0.40  history 0.01/0.01  shots 1.05/1.33  serialize 0.06/0.10  assembly 1.27/1.93  transport 0.34/0.59  egress 0.54/0.67
[   61s] clients 0 | level 0 (0-0 in window: 30 Hz, dilation 1.0), pace 1.00, 0.0% clients bandwidth-degraded | tick p50 5.09 p99 5.98 max 5.98 ms, 0 overruns | out 50.7k pps 378 kbps/client, 320 Mbps | in 33.5k pps 18 kbps/client, 29.8 per recv, receive thread busy 5% | stand-ins: repeated 0.00% frozen 0.00%, 0 late inputs | per client-tick: 1500 B (near 421 B, 94% deltas), near 64.0 mid 85.2 far 0.0, far skipped 0 starved 0 | input wait p50 49.5 p99 67.3 ms | 0 joins deferred | kernel drops rcv 0 snd 0
         p50/p99 ms: ingress 0.56/0.72  events 0.44/1.89  movement 0.34/0.37  grid 0.17/0.20  separate 0.16/0.18  history 0.01/0.01  shots 1.09/1.31  serialize 0.06/0.10  assembly 1.21/1.81  transport 0.30/0.37  egress 0.55/0.62

== summary: 1709 steady-state ticks (after warmup, before clients drain), peak 1000 clients ==
  phase        p50 ms   p99 ms   max ms
  ingress        0.53     0.65     0.90
  events         0.43     0.56     0.65
  movement       0.33     0.37     0.61
  grid           0.18     0.22     0.45
  separate       0.15     0.39     0.44
  history        0.01     0.01     0.02
  shots          1.09     1.41     1.50
  serialize      0.06     0.10     0.14
  assembly       1.36     2.62     2.96
  transport      0.33     0.54     0.85
  egress         0.55     0.78     0.90
  tick           5.09     6.61     7.08
  overruns 0 | spawns 1000 despawns 1000 (93 joins deferred) | deaths 4157 respawns 3906 | stand-ins: repeated 0 frozen 0 | late inputs 0 discarded 0 | bad messages 0 | recv errors 0 send errors 0
  egress (whole run): 3594022 datagrams in 3594022 sends (1.00 per send), 115322 syscalls
  ingress (whole run): 1795905 datagrams in 64257 receive calls (27.95 per call)
  ticks per ladder level (whole run): L0: 1818
  input wait on the server (datagram arrival -> applied): p50 49.5 p99 67.3 max 77.6 mean 49.8 ms
  steady state: stand-ins repeated 0 frozen 0 | late inputs 0 discarded 0
  rewind of near targets (applied step - the input's render step for that tier): p50 242 p99 342 max 367 mean 238.5 ms (n=1774863)
  rewind of mid/far targets (applied step - the input's render step for that tier): p50 367 p99 433 max 492 mean 359.0 ms (n=1774863)
  render times ahead of the server (bogus) 0
  shots 149425 (late 0, refused 2968, rewinds capped 99342) | hits head 2077 body 28911 (after cover 961, too late 10200), kills 4157 | ground 84803 cover 8732 expired 23581 | segments 4684301 candidates 2801833
