preallocated connections for 10000 clients in 190.87848ms
listening on 127.0.0.1:40540 | spawn Blob | tiers near 64@150 m, mid 500 m, far 1500 m, budget 6250 B/tick, squads of 4 | 8 rayon threads, 64 shards, 256 accepts/tick, egress SendMmsg | socket buffers rcv 8192 KiB snd 8192 KiB
WARNING: token key is the public dev key; anyone can mint tokens for this server (--token-key)
[    5s] clients 1000 | level 0 (0-0 in window: 30 Hz, dilation 1.0), pace 1.00, 0.0% clients bandwidth-degraded | tick p50 7.99 p99 9.71 max 9.76 ms, 0 overruns | out 54.5k pps 348 kbps/client, 311 Mbps | in 26.5k pps 13 kbps/client | stand-ins: repeated 0.51% frozen 0.01%, 670 late inputs | per client-tick: 1376 B (near 385 B, 95% deltas), near 64.0 mid 85.9 far 0.0, far skipped 0 starved 0 | input wait p50 54.8 p99 106.7 ms | 177 joins deferred | kernel drops rcv 0 snd 0
         p50/p99 ms: ingress 0.36/0.93  events 0.10/1.20  movement 0.16/0.21  grid 0.05/0.07  history 0.00/0.01  serialize 0.04/0.07  assembly 2.27/2.93  transport 0.89/1.62  egress 4.04/4.75
[   10s] clients 1000 | level 0 (0-0 in window: 30 Hz, dilation 1.0), pace 1.00, 0.0% clients bandwidth-degraded | tick p50 8.06 p99 9.37 max 11.76 ms, 0 overruns | out 60.0k pps 341 kbps/client, 341 Mbps | in 29.8k pps 12 kbps/client | stand-ins: repeated 0.32% frozen 0.00%, 481 late inputs | per client-tick: 1355 B (near 363 B, 99% deltas), near 64.0 mid 86.0 far 0.0, far skipped 0 starved 0 | input wait p50 55.6 p99 107.3 ms | 0 joins deferred | kernel drops rcv 0 snd 0
         p50/p99 ms: ingress 0.36/0.81  events 0.10/0.19  movement 0.17/0.24  grid 0.05/0.08  history 0.00/0.00  serialize 0.04/0.07  assembly 2.30/2.71  transport 0.89/1.31  egress 4.12/4.81
[   15s] clients 1000 | level 0 (0-0 in window: 30 Hz, dilation 1.0), pace 1.00, 0.0% clients bandwidth-degraded | tick p50 8.04 p99 9.13 max 11.44 ms, 0 overruns | out 60.0k pps 341 kbps/client, 341 Mbps | in 29.8k pps 12 kbps/client | stand-ins: repeated 0.32% frozen 0.00%, 490 late inputs | per client-tick: 1354 B (near 362 B, 99% deltas), near 64.0 mid 86.0 far 0.0, far skipped 0 starved 0 | input wait p50 55.8 p99 107.9 ms | 0 joins deferred | kernel drops rcv 0 snd 0
         p50/p99 ms: ingress 0.37/0.73  events 0.10/0.20  movement 0.16/0.23  grid 0.05/0.07  history 0.00/0.00  serialize 0.04/0.06  assembly 2.30/2.75  transport 0.89/1.14  egress 4.11/5.50
[   20s] clients 1000 | level 0 (0-0 in window: 30 Hz, dilation 1.0), pace 1.00, 0.0% clients bandwidth-degraded | tick p50 8.10 p99 9.43 max 9.46 ms, 0 overruns | out 60.0k pps 341 kbps/client, 341 Mbps | in 29.8k pps 12 kbps/client | stand-ins: repeated 0.31% frozen 0.00%, 458 late inputs | per client-tick: 1354 B (near 362 B, 99% deltas), near 64.0 mid 86.0 far 0.0, far skipped 0 starved 0 | input wait p50 55.6 p99 107.4 ms | 0 joins deferred | kernel drops rcv 0 snd 0
         p50/p99 ms: ingress 0.36/0.75  events 0.10/0.17  movement 0.16/0.21  grid 0.06/0.08  history 0.00/0.00  serialize 0.04/0.07  assembly 2.30/2.90  transport 0.90/1.21  egress 4.13/4.72
[   25s] clients 1000 | level 0 (0-0 in window: 30 Hz, dilation 1.0), pace 1.00, 0.0% clients bandwidth-degraded | tick p50 8.05 p99 9.49 max 10.34 ms, 0 overruns | out 60.0k pps 341 kbps/client, 341 Mbps | in 29.8k pps 12 kbps/client | stand-ins: repeated 0.31% frozen 0.00%, 464 late inputs | per client-tick: 1354 B (near 362 B, 99% deltas), near 64.0 mid 86.0 far 0.0, far skipped 0 starved 0 | input wait p50 55.8 p99 107.5 ms | 0 joins deferred | kernel drops rcv 0 snd 0
         p50/p99 ms: ingress 0.36/0.66  events 0.11/0.18  movement 0.16/0.29  grid 0.06/0.07  history 0.00/0.00  serialize 0.04/0.06  assembly 2.32/2.77  transport 0.90/1.25  egress 4.12/4.97
[   30s] clients 1000 | level 0 (0-0 in window: 30 Hz, dilation 1.0), pace 1.00, 0.0% clients bandwidth-degraded | tick p50 7.97 p99 8.99 max 9.01 ms, 0 overruns | out 60.0k pps 341 kbps/client, 341 Mbps | in 29.8k pps 12 kbps/client | stand-ins: repeated 0.32% frozen 0.00%, 477 late inputs | per client-tick: 1355 B (near 363 B, 99% deltas), near 64.0 mid 86.0 far 0.0, far skipped 0 starved 0 | input wait p50 55.8 p99 107.2 ms | 0 joins deferred | kernel drops rcv 0 snd 0
         p50/p99 ms: ingress 0.36/0.77  events 0.11/0.18  movement 0.17/0.23  grid 0.05/0.08  history 0.00/0.00  serialize 0.04/0.06  assembly 2.29/2.70  transport 0.88/1.15  egress 4.04/4.77
[   35s] clients 1000 | level 0 (0-0 in window: 30 Hz, dilation 1.0), pace 1.00, 0.0% clients bandwidth-degraded | tick p50 8.07 p99 12.05 max 15.44 ms, 0 overruns | out 60.0k pps 341 kbps/client, 341 Mbps | in 29.8k pps 12 kbps/client | stand-ins: repeated 0.31% frozen 0.00%, 473 late inputs | per client-tick: 1355 B (near 363 B, 99% deltas), near 64.0 mid 86.0 far 0.0, far skipped 0 starved 0 | input wait p50 56.0 p99 107.9 ms | 0 joins deferred | kernel drops rcv 0 snd 0
         p50/p99 ms: ingress 0.36/0.81  events 0.11/0.21  movement 0.17/0.26  grid 0.06/0.08  history 0.00/0.00  serialize 0.04/0.06  assembly 2.27/3.06  transport 0.90/1.29  egress 4.14/8.26
[   40s] clients 1000 | level 0 (0-0 in window: 30 Hz, dilation 1.0), pace 1.00, 0.0% clients bandwidth-degraded | tick p50 8.07 p99 9.20 max 9.51 ms, 0 overruns | out 60.0k pps 341 kbps/client, 341 Mbps | in 29.8k pps 12 kbps/client | stand-ins: repeated 0.31% frozen 0.00%, 464 late inputs | per client-tick: 1355 B (near 363 B, 99% deltas), near 64.0 mid 86.0 far 0.0, far skipped 0 starved 0 | input wait p50 56.1 p99 107.8 ms | 0 joins deferred | kernel drops rcv 0 snd 0
         p50/p99 ms: ingress 0.36/0.72  events 0.11/0.17  movement 0.16/0.23  grid 0.06/0.09  history 0.00/0.00  serialize 0.04/0.06  assembly 2.30/2.74  transport 0.89/1.30  egress 4.09/4.93
[   45s] clients 1000 | level 0 (0-0 in window: 30 Hz, dilation 1.0), pace 1.00, 0.0% clients bandwidth-degraded | tick p50 8.14 p99 8.91 max 9.54 ms, 0 overruns | out 60.0k pps 341 kbps/client, 341 Mbps | in 29.8k pps 12 kbps/client | stand-ins: repeated 0.34% frozen 0.00%, 513 late inputs | per client-tick: 1354 B (near 362 B, 99% deltas), near 64.0 mid 86.0 far 0.0, far skipped 0 starved 0 | input wait p50 56.3 p99 108.5 ms | 0 joins deferred | kernel drops rcv 0 snd 0
         p50/p99 ms: ingress 0.36/0.71  events 0.11/0.17  movement 0.17/0.25  grid 0.06/0.07  history 0.00/0.00  serialize 0.04/0.05  assembly 2.29/2.64  transport 0.92/1.25  egress 4.14/5.01
[   50s] clients 1000 | level 0 (0-0 in window: 30 Hz, dilation 1.0), pace 1.00, 0.0% clients bandwidth-degraded | tick p50 8.10 p99 9.28 max 9.29 ms, 0 overruns | out 60.0k pps 341 kbps/client, 341 Mbps | in 29.8k pps 12 kbps/client | stand-ins: repeated 0.33% frozen 0.00%, 493 late inputs | per client-tick: 1355 B (near 363 B, 99% deltas), near 64.0 mid 86.0 far 0.0, far skipped 0 starved 0 | input wait p50 55.9 p99 107.5 ms | 0 joins deferred | kernel drops rcv 0 snd 0
         p50/p99 ms: ingress 0.36/1.01  events 0.11/0.22  movement 0.17/0.23  grid 0.05/0.07  history 0.00/0.00  serialize 0.04/0.07  assembly 2.29/2.89  transport 0.91/1.18  egress 4.13/4.85
[   55s] clients 1000 | level 0 (0-0 in window: 30 Hz, dilation 1.0), pace 1.00, 0.0% clients bandwidth-degraded | tick p50 8.03 p99 8.98 max 9.98 ms, 0 overruns | out 60.0k pps 341 kbps/client, 341 Mbps | in 29.8k pps 12 kbps/client | stand-ins: repeated 0.31% frozen 0.00%, 466 late inputs | per client-tick: 1355 B (near 363 B, 99% deltas), near 64.0 mid 86.0 far 0.0, far skipped 0 starved 0 | input wait p50 55.7 p99 108.0 ms | 0 joins deferred | kernel drops rcv 0 snd 0
         p50/p99 ms: ingress 0.36/0.86  events 0.11/0.20  movement 0.17/0.29  grid 0.05/0.10  history 0.00/0.00  serialize 0.04/0.07  assembly 2.27/2.85  transport 0.89/1.14  egress 4.10/4.79
[   60s] clients 1000 | level 0 (0-0 in window: 30 Hz, dilation 1.0), pace 1.00, 0.0% clients bandwidth-degraded | tick p50 8.07 p99 10.29 max 10.64 ms, 0 overruns | out 60.0k pps 341 kbps/client, 341 Mbps | in 29.8k pps 12 kbps/client | stand-ins: repeated 0.35% frozen 0.00%, 520 late inputs | per client-tick: 1354 B (near 362 B, 99% deltas), near 64.0 mid 86.0 far 0.0, far skipped 0 starved 0 | input wait p50 56.1 p99 108.2 ms | 0 joins deferred | kernel drops rcv 0 snd 0
         p50/p99 ms: ingress 0.36/0.72  events 0.11/0.22  movement 0.17/0.25  grid 0.06/0.07  history 0.00/0.00  serialize 0.04/0.07  assembly 2.27/2.75  transport 0.90/1.21  egress 4.11/5.90
[   60s] clients 0 | level 0 (0-0 in window: 30 Hz, dilation 1.0), pace 1.00, 0.0% clients bandwidth-degraded | tick p50 7.82 p99 11.14 max 11.14 ms, 0 overruns | out 40.3k pps 353 kbps/client, 231 Mbps | in 32.4k pps 15 kbps/client | stand-ins: repeated 0.27% frozen 0.00%, 15 late inputs | per client-tick: 1367 B (near 388 B, 94% deltas), near 63.9 mid 84.8 far 0.0, far skipped 0 starved 0 | input wait p50 55.9 p99 106.5 ms | 0 joins deferred | kernel drops rcv 0 snd 0
         p50/p99 ms: ingress 0.38/1.49  events 0.10/0.84  movement 0.15/0.67  grid 0.05/0.13  history 0.00/0.00  serialize 0.04/0.04  assembly 2.00/2.34  transport 0.79/3.26  egress 3.95/4.56

== summary: 1710 steady-state ticks (after warmup, before clients drain), peak 1000 clients ==
  phase        p50 ms   p99 ms   max ms
  ingress        0.36     0.76     1.05
  events         0.11     0.19     0.28
  movement       0.17     0.25     0.36
  grid           0.05     0.08     0.14
  history        0.00     0.00     0.01
  serialize      0.04     0.06     0.12
  assembly       2.29     2.81     4.45
  transport      0.90     1.22     4.47
  egress         4.11     4.89    10.17
  tick           8.06     9.34    15.44
  overruns 0 | spawns 1000 despawns 1000 (177 joins deferred) | stand-ins: repeated 5963 frozen 23 | late inputs 5984 discarded 0 | bad messages 0 | recv errors 0 send errors 0
  egress (whole run): 3593410 datagrams in 3593410 sends (1.00 per send), 115285 syscalls
  ticks per ladder level (whole run): L0: 1814
  input wait on the server (datagram arrival -> applied): p50 55.8 p99 107.7 max 154.9 mean 56.3 ms
  steady state: stand-ins repeated 5469 frozen 8 | late inputs 5477 discarded 0
