spawn=blob
egress=sendmmsg
ladder=on
threads=8
shards=64
peak_clients=1000
steady_ticks=1710
steady_secs=57.0
ingress_p50_ms=0.36
ingress_p99_ms=0.76
ingress_max_ms=1.05
events_p50_ms=0.11
events_p99_ms=0.19
events_max_ms=0.28
movement_p50_ms=0.17
movement_p99_ms=0.25
movement_max_ms=0.36
grid_p50_ms=0.05
grid_p99_ms=0.08
grid_max_ms=0.14
history_p50_ms=0.00
history_p99_ms=0.00
history_max_ms=0.01
serialize_p50_ms=0.04
serialize_p99_ms=0.06
serialize_max_ms=0.12
assembly_p50_ms=2.29
assembly_p99_ms=2.81
assembly_max_ms=4.45
transport_p50_ms=0.90
transport_p99_ms=1.22
transport_max_ms=4.47
egress_p50_ms=4.11
egress_p99_ms=4.89
egress_max_ms=10.17
tick_p50_ms=8.06
tick_p99_ms=9.34
tick_max_ms=15.44
steady_overruns=0
level_mode=0
tick_hz=30
dilation=1
levels=L0:1710
clients_avg=1000
out_pps=60023
in_pps=29816
egress_mbps=340.8
packets_per_client_tick=2.00
wire_bytes_per_client_tick=1420
down_kbps_per_client=340.8
up_kbps_per_client=11.9
kernel_rcvbuf_drops=0
kernel_sndbuf_drops=0
snapshot_bytes_per_client_tick=1355
near_bytes_per_client_tick=363
near_per_client_tick=64.0
mid_per_client_tick=86.0
far_per_client_tick=0.0
far_skipped=0
far_starved=0
repeated=5469
frozen=8
late_inputs=5477
discarded_inputs=0
input_wait_p50_ms=55.8
input_wait_p99_ms=107.7
spawns=1000
despawns=1000
joins_deferred=177
bad_messages=0
recv_errors=0
send_errors=0
datagrams=3593410
sends=3593410
send_syscalls=115285
