minting tokens with the public dev key (--token-key to change)
1000 bots -> 127.0.0.1:40500 on 8 threads, ramp 0/s, 60s, 1000 full + 0 sink bots
[    5s] bots 1000/1000 connected, 1000 welcomed, 0 failed | 23.0 snaps/s/bot, entities/snap near 73.9 mid 99.2 far 0.0 | corrections 0.006/s/bot | down 325 up 13 kbps/bot | rtt 68.5 ms loss 0.00% | input->applied ~ p50 89 p99 140 ms, round trip p50 167 p99 200 ms | joins 1000 (p50 345 p99 557 ms) | server pace 1.00 level 0, 0 bots bandwidth-degraded | swarm busy 12%, overruns 4
[   10s] bots 1000/1000 connected, 1000 welcomed, 0 failed | 27.3 snaps/s/bot, entities/snap near 72.6 mid 97.5 far 0.0 | corrections 0.002/s/bot | down 374 up 15 kbps/bot | rtt 68.7 ms loss 0.00% | input->applied ~ p50 89 p99 137 ms, round trip p50 167 p99 200 ms | joins 0 (p50 0 p99 0 ms) | server pace 1.00 level 0, 0 bots bandwidth-degraded | swarm busy 12%, overruns 0
[   15s] bots 1000/1000 connected, 1000 welcomed, 0 failed | 25.1 snaps/s/bot, entities/snap near 72.8 mid 97.9 far 0.0 | corrections 0.002/s/bot | down 345 up 14 kbps/bot | rtt 68.8 ms loss 0.00% | input->applied ~ p50 90 p99 137 ms, round trip p50 167 p99 200 ms | joins 0 (p50 0 p99 0 ms) | server pace 1.00 level 0, 0 bots bandwidth-degraded | swarm busy 12%, overruns 0
[   20s] bots 1000/1000 connected, 1000 welcomed, 0 failed | 27.6 snaps/s/bot, entities/snap near 72.6 mid 97.6 far 0.0 | corrections 0.002/s/bot | down 378 up 15 kbps/bot | rtt 68.5 ms loss 0.00% | input->applied ~ p50 90 p99 137 ms, round trip p50 167 p99 200 ms | joins 0 (p50 0 p99 0 ms) | server pace 1.00 level 0, 0 bots bandwidth-degraded | swarm busy 12%, overruns 0
[   25s] bots 1000/1000 connected, 1000 welcomed, 0 failed | 26.2 snaps/s/bot, entities/snap near 72.6 mid 97.5 far 0.0 | corrections 0.002/s/bot | down 358 up 15 kbps/bot | rtt 68.5 ms loss 0.00% | input->applied ~ p50 90 p99 136 ms, round trip p50 167 p99 200 ms | joins 0 (p50 0 p99 0 ms) | server pace 1.00 level 0, 0 bots bandwidth-degraded | swarm busy 12%, overruns 0
[   30s] bots 1000/1000 connected, 1000 welcomed, 0 failed | 26.2 snaps/s/bot, entities/snap near 72.7 mid 97.7 far 0.0 | corrections 0.001/s/bot | down 359 up 15 kbps/bot | rtt 68.6 ms loss 0.00% | input->applied ~ p50 90 p99 137 ms, round trip p50 167 p99 200 ms | joins 0 (p50 0 p99 0 ms) | server pace 1.00 level 0, 0 bots bandwidth-degraded | swarm busy 12%, overruns 0
[   35s] bots 1000/1000 connected, 1000 welcomed, 0 failed | 26.7 snaps/s/bot, entities/snap near 72.7 mid 97.6 far 0.0 | corrections 0.002/s/bot | down 366 up 15 kbps/bot | rtt 68.8 ms loss 0.00% | input->applied ~ p50 90 p99 137 ms, round trip p50 167 p99 200 ms | joins 0 (p50 0 p99 0 ms) | server pace 1.00 level 0, 0 bots bandwidth-degraded | swarm busy 12%, overruns 0
[   40s] bots 1000/1000 connected, 1000 welcomed, 0 failed | 26.0 snaps/s/bot, entities/snap near 72.6 mid 97.6 far 0.0 | corrections 0.002/s/bot | down 356 up 15 kbps/bot | rtt 68.8 ms loss 0.00% | input->applied ~ p50 90 p99 137 ms, round trip p50 167 p99 200 ms | joins 0 (p50 0 p99 0 ms) | server pace 1.00 level 0, 0 bots bandwidth-degraded | swarm busy 12%, overruns 0
[   45s] bots 1000/1000 connected, 1000 welcomed, 0 failed | 26.8 snaps/s/bot, entities/snap near 72.7 mid 97.7 far 0.0 | corrections 0.002/s/bot | down 367 up 15 kbps/bot | rtt 68.5 ms loss 0.00% | input->applied ~ p50 90 p99 136 ms, round trip p50 167 p99 200 ms | joins 0 (p50 0 p99 0 ms) | server pace 1.00 level 0, 0 bots bandwidth-degraded | swarm busy 12%, overruns 0
[   50s] bots 1000/1000 connected, 1000 welcomed, 0 failed | 26.4 snaps/s/bot, entities/snap near 72.6 mid 97.5 far 0.0 | corrections 0.002/s/bot | down 362 up 15 kbps/bot | rtt 69.1 ms loss 0.00% | input->applied ~ p50 90 p99 137 ms, round trip p50 167 p99 200 ms | joins 0 (p50 0 p99 0 ms) | server pace 1.00 level 0, 0 bots bandwidth-degraded | swarm busy 13%, overruns 0
[   55s] bots 1000/1000 connected, 1000 welcomed, 0 failed | 26.1 snaps/s/bot, entities/snap near 72.7 mid 97.7 far 0.0 | corrections 0.002/s/bot | down 357 up 15 kbps/bot | rtt 68.6 ms loss 0.00% | input->applied ~ p50 90 p99 137 ms, round trip p50 167 p99 200 ms | joins 0 (p50 0 p99 0 ms) | server pace 1.00 level 0, 0 bots bandwidth-degraded | swarm busy 12%, overruns 0
[   60s] bots 1000/1000 connected, 1000 welcomed, 0 failed | 27.0 snaps/s/bot, entities/snap near 72.7 mid 97.7 far 0.0 | corrections 0.001/s/bot | down 370 up 15 kbps/bot | rtt 68.7 ms loss 0.00% | input->applied ~ p50 90 p99 137 ms, round trip p50 167 p99 200 ms | joins 0 (p50 0 p99 0 ms) | server pace 1.00 level 0, 0 bots bandwidth-degraded | swarm busy 12%, overruns 0

== bots summary ==
  started 1000 welcomed 1000 failed 0
  join latency ms: p50 345 p99 557 max 625 (n=1000)
  corrections 130 (0.13/bot-minute), mean error 0.072 m, max 0.235 m
  push corrections (the server pushed us apart from a crowd) 24338 (24.34/bot-minute), max 0.366 m
  snapshots 1576318 (entities per snapshot: near 72.7 mid 97.7 far 0.0), stale 213038, unmatched acks 0, resyncs 0
  input -> applied on server (est. RTT/2 + server wait): p50 90.0 p99 137.0 max 188.0 mean 90.1 ms (n=1571179)
    of which server wait (arrival -> applied): p50 55.1 p99 102.9 max 153.1 mean 55.6 ms (n=1571179)
  input -> seen acked (round trip): p50 167.0 p99 200.0 max 267.0 mean 155.4 ms (n=1573940)
  near entity update interval (tracked bots): p50 66.0 p99 66.0 max 200.0 mean 56.0 ms (n=5429063)
  mid entity update interval (tracked bots): p50 100.0 p99 100.0 max 2100.0 mean 100.3 ms (n=7648295)
  far entity update interval (tracked bots): p50 0.0 p99 0.0 max 0.0 mean 0.0 ms (n=0)
  near drawn (tracked bots): 98.24% interpolated, 1.57% extrapolated, 0.00% held, 0.19% new | pops p50 0 p99 80 max 619 mm
  mid drawn (tracked bots): 82.99% interpolated, 15.08% extrapolated, 1.41% held, 0.53% new | pops p50 8 p99 333 max 16826 mm
  far drawn (tracked bots): 0.00% interpolated, 0.00% extrapolated, 0.00% held, 0.00% new | pops p50 0 p99 0 max 0 mm
  render delay 101.2 ms behind the newest step, clock snaps 0 (backwards 0)
  input clock: 6796 extra inputs, 5743 skipped ticks, 160 backlog skips | near decode errors (tracked bots) 0
  bytes down 2706.6 MB up 110.6 MB | swarm busy 12% of its threads' time, tick overruns 4
