started=1000
welcomed=1000
failed=0
join_p50_ms=345
join_p99_ms=557
join_max_ms=625
corrections=130
corrections_per_bot_minute=0.130
correction_max_m=0.235
push_corrections=24338
push_corrections_per_bot_minute=24.338
push_max_m=0.366
snapshots=1576318
near_per_snapshot=72.7
mid_per_snapshot=97.7
far_per_snapshot=0.0
stale_snapshots=213038
resyncs=0
input_applied_p50_ms=90.0
input_applied_p99_ms=137.0
input_applied_mean_ms=90.1
server_wait_p50_ms=55.1
server_wait_p99_ms=102.9
server_wait_mean_ms=55.6
round_trip_p50_ms=167.0
round_trip_p99_ms=200.0
round_trip_mean_ms=155.4
near_interval_p50_ms=66.0
near_interval_p99_ms=66.0
near_interval_mean_ms=56.0
mid_interval_p50_ms=100.0
mid_interval_p99_ms=100.0
mid_interval_mean_ms=100.3
far_interval_p50_ms=0.0
far_interval_p99_ms=0.0
far_interval_mean_ms=0.0
near_interpolated_pct=98.24
near_extrapolated_pct=1.57
near_held_pct=0.00
near_new_pct=0.19
near_pop_p50_mm=0
near_pop_p99_mm=80
mid_interpolated_pct=82.99
mid_extrapolated_pct=15.08
mid_held_pct=1.41
mid_new_pct=0.53
mid_pop_p50_mm=8
mid_pop_p99_mm=333
far_interpolated_pct=0.00
far_extrapolated_pct=0.00
far_held_pct=0.00
far_new_pct=0.00
far_pop_p50_mm=0
far_pop_p99_mm=0
render_delay_ms=101.2
render_snaps=0
render_backwards=0
clock_extra=6796
clock_skipped=5743
backlog_skips=160
near_decode_errors=0
bytes_down_mb=2706.6
bytes_up_mb=110.6
swarm_busy_pct=12
swarm_overruns=4
