spawn=blob
egress=sendmmsg
ladder=on
threads=8
shards=64
sockets=1
peak_clients=1000
steady_ticks=1708
steady_secs=56.9
ingress_p50_ms=0.40
ingress_p99_ms=1.01
ingress_max_ms=1.61
events_p50_ms=0.11
events_p99_ms=0.55
events_max_ms=1.04
movement_p50_ms=0.25
movement_p99_ms=0.62
movement_max_ms=0.95
grid_p50_ms=0.17
grid_p99_ms=0.53
grid_max_ms=0.77
separate_p50_ms=0.31
separate_p99_ms=0.63
separate_max_ms=1.00
history_p50_ms=0.00
history_p99_ms=0.01
history_max_ms=0.08
serialize_p50_ms=0.04
serialize_p99_ms=0.19
serialize_max_ms=0.37
assembly_p50_ms=2.35
assembly_p99_ms=2.95
assembly_max_ms=5.91
transport_p50_ms=1.01
transport_p99_ms=1.38
transport_max_ms=2.82
egress_p50_ms=5.07
egress_p99_ms=5.97
egress_max_ms=6.38
tick_p50_ms=9.84
tick_p99_ms=10.87
tick_max_ms=13.04
steady_overruns=0
level_mode=0
tick_hz=30
dilation=1
levels=L0:1708
clients_avg=1000
out_pps=60021
in_pps=29932
egress_mbps=362.3
packets_per_client_tick=2.00
wire_bytes_per_client_tick=1509
down_kbps_per_client=362.3
up_kbps_per_client=14.8
kernel_rcvbuf_drops=0
kernel_sndbuf_drops=0
snapshot_bytes_per_client_tick=1444
near_bytes_per_client_tick=438
near_per_client_tick=64.0
mid_per_client_tick=86.0
far_per_client_tick=0.0
near_scanned_per_query=179
mid_scanned_per_query=192
far_skipped=0
far_starved=0
repeated=2660
frozen=3
late_inputs=2663
discarded_inputs=0
input_wait_p50_ms=55.1
input_wait_p99_ms=103.0
spawns=1000
despawns=1000
joins_deferred=158
bad_messages=0
recv_errors=0
send_errors=0
datagrams=3593773
sends=3593773
send_syscalls=115302
rewind_p50_ms=233
rewind_p99_ms=267
rewind_mean_ms=228.5
ingress_longest_p50_ms=0.03
ingress_work_p50_ms=0.91
assembly_longest_p50_ms=0.40
assembly_work_p50_ms=13.30
transport_longest_p50_ms=0.17
transport_work_p50_ms=4.11
egress_longest_p50_ms=1.11
egress_work_p50_ms=35.52
