preallocated connections for 10000 clients in 262.036103ms
listening on 127.0.0.1:40500 | spawn Blob | tiers near 64@150 m, mid 500 m, far 1500 m, budget 6250 B/tick, squads of 4 | 8 rayon threads, 64 shards, 1 socket(s), 256 accepts/tick, egress SendMmsg | socket buffers rcv 8192 KiB snd 8192 KiB
WARNING: token key is the public dev key; anyone can mint tokens for this server (--token-key)
[    5s] clients 1000 | level 0 (0-0 in window: 30 Hz, dilation 1.0), pace 1.00, 0.0% clients bandwidth-degraded | tick p50 9.80 p99 11.37 max 31.68 ms, 0 overruns | out 55.3k pps 369 kbps/client, 336 Mbps | in 27.0k pps 16 kbps/client | stand-ins: repeated 0.40% frozen 0.01%, 536 late inputs | per client-tick: 1464 B (near 459 B, 95% deltas), near 64.0 mid 85.9 far 0.0, far skipped 0 starved 0 | input wait p50 54.7 p99 104.9 ms | 158 joins deferred | kernel drops rcv 0 snd 0
         p50/p99 ms: ingress 0.40/1.34  events 0.11/1.65  movement 0.25/0.61  grid 0.16/0.43  separate 0.30/0.68  history 0.00/0.01  serialize 0.04/0.17  assembly 2.31/4.09  transport 0.98/1.73  egress 5.00/6.35
[   10s] clients 1000 | level 0 (0-0 in window: 30 Hz, dilation 1.0), pace 1.00, 0.0% clients bandwidth-degraded | tick p50 9.77 p99 11.23 max 11.35 ms, 0 overruns | out 60.0k pps 362 kbps/client, 362 Mbps | in 29.9k pps 15 kbps/client | stand-ins: repeated 0.16% frozen 0.00%, 243 late inputs | per client-tick: 1444 B (near 438 B, 99% deltas), near 64.0 mid 86.0 far 0.0, far skipped 0 starved 0 | input wait p50 55.1 p99 102.2 ms | 0 joins deferred | kernel drops rcv 0 snd 0
         p50/p99 ms: ingress 0.39/0.96  events 0.11/0.17  movement 0.25/0.67  grid 0.17/0.25  separate 0.30/0.81  history 0.00/0.01  serialize 0.04/0.08  assembly 2.33/2.82  transport 1.01/1.49  egress 5.14/5.84
[   15s] clients 1000 | level 0 (0-0 in window: 30 Hz, dilation 1.0), pace 1.00, 0.0% clients bandwidth-degraded | tick p50 9.85 p99 10.78 max 10.81 ms, 0 overruns | out 60.0k pps 362 kbps/client, 362 Mbps | in 29.9k pps 15 kbps/client | stand-ins: repeated 0.16% frozen 0.00%, 246 late inputs | per client-tick: 1445 B (near 439 B, 99% deltas), near 64.0 mid 86.0 far 0.0, far skipped 0 starved 0 | input wait p50 55.2 p99 103.1 ms | 0 joins deferred | kernel drops rcv 0 snd 0
         p50/p99 ms: ingress 0.40/0.96  events 0.12/0.67  movement 0.26/0.60  grid 0.18/0.52  separate 0.31/0.90  history 0.00/0.04  serialize 0.04/0.18  assembly 2.36/2.96  transport 1.02/1.41  egress 5.01/5.98
[   20s] clients 1000 | level 0 (0-0 in window: 30 Hz, dilation 1.0), pace 1.00, 0.0% clients bandwidth-degraded | tick p50 9.78 p99 10.81 max 10.87 ms, 0 overruns | out 60.0k pps 362 kbps/client, 362 Mbps | in 29.9k pps 15 kbps/client | stand-ins: repeated 0.14% frozen 0.00%, 216 late inputs | per client-tick: 1444 B (near 438 B, 99% deltas), near 64.0 mid 86.0 far 0.0, far skipped 0 starved 0 | input wait p50 55.0 p99 102.4 ms | 0 joins deferred | kernel drops rcv 0 snd 0
         p50/p99 ms: ingress 0.38/0.87  events 0.11/0.57  movement 0.25/0.66  grid 0.17/0.41  separate 0.31/0.57  history 0.00/0.00  serialize 0.04/0.15  assembly 2.36/3.02  transport 1.01/1.40  egress 5.11/5.91
[   25s] clients 1000 | level 0 (0-0 in window: 30 Hz, dilation 1.0), pace 1.00, 0.0% clients bandwidth-degraded | tick p50 9.84 p99 11.68 max 13.04 ms, 0 overruns | out 60.0k pps 362 kbps/client, 362 Mbps | in 29.9k pps 15 kbps/client | stand-ins: repeated 0.15% frozen 0.00%, 228 late inputs | per client-tick: 1444 B (near 438 B, 99% deltas), near 64.0 mid 86.0 far 0.0, far skipped 0 starved 0 | input wait p50 55.2 p99 102.3 ms | 0 joins deferred | kernel drops rcv 0 snd 0
         p50/p99 ms: ingress 0.40/1.04  events 0.11/0.55  movement 0.25/0.52  grid 0.17/0.50  separate 0.30/0.56  history 0.00/0.00  serialize 0.04/0.21  assembly 2.34/2.96  transport 0.99/1.37  egress 5.10/5.95
[   30s] clients 1000 | level 0 (0-0 in window: 30 Hz, dilation 1.0), pace 1.00, 0.0% clients bandwidth-degraded | tick p50 9.83 p99 10.72 max 10.83 ms, 0 overruns | out 60.0k pps 362 kbps/client, 362 Mbps | in 29.9k pps 15 kbps/client | stand-ins: repeated 0.15% frozen 0.00%, 220 late inputs | per client-tick: 1444 B (near 438 B, 99% deltas), near 64.0 mid 86.0 far 0.0, far skipped 0 starved 0 | input wait p50 55.2 p99 102.7 ms | 0 joins deferred | kernel drops rcv 0 snd 0
         p50/p99 ms: ingress 0.40/1.09  events 0.11/0.69  movement 0.25/0.60  grid 0.18/0.53  separate 0.31/0.57  history 0.00/0.00  serialize 0.04/0.31  assembly 2.36/3.03  transport 1.03/1.33  egress 4.96/5.92
[   35s] clients 1000 | level 0 (0-0 in window: 30 Hz, dilation 1.0), pace 1.00, 0.0% clients bandwidth-degraded | tick p50 9.90 p99 10.75 max 11.44 ms, 0 overruns | out 60.0k pps 362 kbps/client, 362 Mbps | in 29.9k pps 15 kbps/client | stand-ins: repeated 0.16% frozen 0.00%, 237 late inputs | per client-tick: 1443 B (near 437 B, 99% deltas), near 64.0 mid 86.0 far 0.0, far skipped 0 starved 0 | input wait p50 55.2 p99 102.9 ms | 0 joins deferred | kernel drops rcv 0 snd 0
         p50/p99 ms: ingress 0.40/0.98  events 0.11/0.42  movement 0.25/0.74  grid 0.17/0.50  separate 0.31/0.63  history 0.00/0.00  serialize 0.04/0.17  assembly 2.37/2.98  transport 1.05/1.35  egress 4.99/6.15
[   40s] clients 1000 | level 0 (0-0 in window: 30 Hz, dilation 1.0), pace 1.00, 0.0% clients bandwidth-degraded | tick p50 9.84 p99 11.11 max 11.44 ms, 0 overruns | out 60.0k pps 362 kbps/client, 362 Mbps | in 29.9k pps 15 kbps/client | stand-ins: repeated 0.16% frozen 0.00%, 243 late inputs | per client-tick: 1444 B (near 438 B, 99% deltas), near 64.0 mid 86.0 far 0.0, far skipped 0 starved 0 | input wait p50 55.2 p99 102.8 ms | 0 joins deferred | kernel drops rcv 0 snd 0
         p50/p99 ms: ingress 0.41/1.02  events 0.12/0.62  movement 0.26/0.51  grid 0.18/0.75  separate 0.32/0.60  history 0.00/0.01  serialize 0.04/0.18  assembly 2.34/2.91  transport 0.99/1.34  egress 5.05/5.82
[   45s] clients 1000 | level 0 (0-0 in window: 30 Hz, dilation 1.0), pace 1.00, 0.0% clients bandwidth-degraded | tick p50 9.89 p99 11.21 max 11.23 ms, 0 overruns | out 60.0k pps 362 kbps/client, 362 Mbps | in 29.9k pps 15 kbps/client | stand-ins: repeated 0.15% frozen 0.00%, 230 late inputs | per client-tick: 1444 B (near 438 B, 99% deltas), near 64.0 mid 86.0 far 0.0, far skipped 0 starved 0 | input wait p50 55.1 p99 102.3 ms | 0 joins deferred | kernel drops rcv 0 snd 0
         p50/p99 ms: ingress 0.40/1.14  events 0.11/0.51  movement 0.26/0.65  grid 0.17/0.65  separate 0.32/0.90  history 0.00/0.00  serialize 0.04/0.29  assembly 2.35/2.93  transport 1.01/1.37  egress 5.11/5.97
[   50s] clients 1000 | level 0 (0-0 in window: 30 Hz, dilation 1.0), pace 1.00, 0.0% clients bandwidth-degraded | tick p50 9.88 p99 11.01 max 11.05 ms, 0 overruns | out 60.0k pps 362 kbps/client, 362 Mbps | in 29.9k pps 15 kbps/client | stand-ins: repeated 0.16% frozen 0.00%, 236 late inputs | per client-tick: 1445 B (near 439 B, 99% deltas), near 64.0 mid 86.0 far 0.0, far skipped 0 starved 0 | input wait p50 55.2 p99 103.4 ms | 0 joins deferred | kernel drops rcv 0 snd 0
         p50/p99 ms: ingress 0.40/0.95  events 0.11/0.50  movement 0.26/0.62  grid 0.17/0.51  separate 0.31/0.56  history 0.00/0.01  serialize 0.04/0.18  assembly 2.34/2.84  transport 1.00/1.51  egress 5.15/6.11
[   55s] clients 1000 | level 0 (0-0 in window: 30 Hz, dilation 1.0), pace 1.00, 0.0% clients bandwidth-degraded | tick p50 9.84 p99 10.80 max 10.81 ms, 0 overruns | out 60.0k pps 362 kbps/client, 362 Mbps | in 29.9k pps 15 kbps/client | stand-ins: repeated 0.17% frozen 0.00%, 257 late inputs | per client-tick: 1444 B (near 438 B, 99% deltas), near 64.0 mid 86.0 far 0.0, far skipped 0 starved 0 | input wait p50 55.2 p99 103.1 ms | 0 joins deferred | kernel drops rcv 0 snd 0
         p50/p99 ms: ingress 0.40/1.46  events 0.12/0.61  movement 0.26/0.65  grid 0.18/0.55  separate 0.32/0.55  history 0.00/0.01  serialize 0.04/0.26  assembly 2.33/2.92  transport 1.02/1.54  egress 5.05/5.78
[   60s] clients 1000 | level 0 (0-0 in window: 30 Hz, dilation 1.0), pace 1.00, 0.0% clients bandwidth-degraded | tick p50 9.81 p99 10.80 max 10.98 ms, 0 overruns | out 60.0k pps 362 kbps/client, 362 Mbps | in 29.9k pps 15 kbps/client | stand-ins: repeated 0.15% frozen 0.00%, 228 late inputs | per client-tick: 1444 B (near 438 B, 99% deltas), near 64.0 mid 86.0 far 0.0, far skipped 0 starved 0 | input wait p50 55.2 p99 102.6 ms | 0 joins deferred | kernel drops rcv 0 snd 0
         p50/p99 ms: ingress 0.41/1.06  events 0.12/0.52  movement 0.26/0.58  grid 0.18/0.56  separate 0.31/0.50  history 0.00/0.03  serialize 0.04/0.17  assembly 2.32/2.93  transport 1.00/2.04  egress 5.05/5.97
[   60s] clients 0 | level 0 (0-0 in window: 30 Hz, dilation 1.0), pace 1.00, 0.0% clients bandwidth-degraded | tick p50 5.12 p99 12.09 max 12.09 ms, 0 overruns | out 20.4k pps 404 kbps/client, 129 Mbps | in 35.5k pps 29 kbps/client | stand-ins: repeated 0.31% frozen 0.00%, 4 late inputs | per client-tick: 1512 B (near 527 B, 81% deltas), near 63.8 mid 84.1 far 0.0, far skipped 0 starved 0 | input wait p50 55.6 p99 98.9 ms | 0 joins deferred | kernel drops rcv 0 snd 0
         p50/p99 ms: ingress 0.34/0.57  events 0.53/1.04  movement 0.16/0.50  grid 0.15/0.72  separate 0.33/0.76  history 0.00/0.00  serialize 0.00/0.13  assembly 0.34/2.41  transport 0.59/2.29  egress 0.54/6.67

== summary: 1708 steady-state ticks (after warmup, before clients drain), peak 1000 clients ==
  phase        p50 ms   p99 ms   max ms
  ingress        0.40     1.01     1.61
  events         0.11     0.55     1.04
  movement       0.25     0.62     0.95
  grid           0.17     0.53     0.77
  separate       0.31     0.63     1.00
  history        0.00     0.01     0.08
  serialize      0.04     0.19     0.37
  assembly       2.35     2.95     5.91
  transport      1.01     1.38     2.82
  egress         5.07     5.97     6.38
  tick           9.84    10.87    13.04
  overruns 0 | spawns 1000 despawns 1000 (158 joins deferred) | stand-ins: repeated 3111 frozen 14 | late inputs 3124 discarded 0 | bad messages 0 | recv errors 0 send errors 0
  egress (whole run): 3593773 datagrams in 3593773 sends (1.00 per send), 115302 syscalls
  ticks per ladder level (whole run): L0: 1812
  input wait on the server (datagram arrival -> applied): p50 55.1 p99 103.0 max 154.5 mean 55.6 ms
  steady state: stand-ins repeated 2660 frozen 3 | late inputs 2663 discarded 0
  rewind (applied step - the input's render step, what lag compensation would rewind): p50 233 p99 267 max 333 mean 228.5 ms (n=1782328), render times ahead of the server 0
