warning: use of deprecated method `std::sync::atomic::Atomic::<usize>::fetch_update`: renamed to `try_update` for consistency
   --> src/server.rs:140:14
    |
140 |             .fetch_update(Ordering::AcqRel, Ordering::Acquire, |n| (n < self.max_clients).then_some(n + 1))
    |              ^^^^^^^^^^^^
    |
    = note: `#[warn(deprecated)]` on by default
help: replace the use of the deprecated method
    |
140 -             .fetch_update(Ordering::AcqRel, Ordering::Acquire, |n| (n < self.max_clients).then_some(n + 1))
140 +             .try_update(Ordering::AcqRel, Ordering::Acquire, |n| (n < self.max_clients).then_some(n + 1))
    |

== uniform, 5000 bots, 60s -> baselines/2026-10-04-scaleway-8t/uniform-5k-2
== summary: 1709 steady-state ticks (after warmup, before clients drain), peak 5000 clients ==
  phase        p50 ms   p99 ms   max ms
  ingress        1.43     1.50     1.53
  events         1.10     1.16     1.22
  movement       0.15     0.18     0.37
  grid           0.26     0.32     0.45
  history        0.00     0.01     0.01
  serialize      0.08     0.12     0.14
  assembly       4.67     4.89     5.04
  transport      4.50     5.37     5.96
  egress         3.30     3.41     3.52
  tick          15.52    16.39    16.97
  overruns 0 | spawns 5000 despawns 5000 (12853 joins deferred) | stand-ins: repeated 0 frozen 0 | late inputs 0 discarded 0 | bad messages 0 | recv errors 0 send errors 0
  egress (whole run): 8959253 datagrams in 8959253 sends (1.00 per send), 115264 syscalls
  ticks per ladder level (whole run): L0: 1820
  input wait on the server (datagram arrival -> applied): p50 49.8 p99 66.3 max 70.6 mean 49.9 ms
  steady state: stand-ins repeated 0 frozen 0 | late inputs 0 discarded 0
== bots summary ==
  started 5000 welcomed 5000 failed 0
  join latency ms: p50 386 p99 909 max 1109 (n=5000)
  corrections 0 (0.00/bot-minute), mean error 0.000 m, max 0.000 m
  snapshots 8937104 (entities per snapshot: near 9.4 mid 20.9 far 32.7), stale 0, unmatched acks 0, resyncs 0
  input -> applied on server (est. RTT/2 + server wait): p50 57.0 p99 74.0 max 79.0 mean 57.4 ms (n=8935638)
    of which server wait (arrival -> applied): p50 49.8 p99 66.3 max 70.6 mean 49.9 ms (n=8935638)
  input -> seen acked (round trip): p50 67.0 p99 100.0 max 100.0 mean 80.5 ms (n=8935638)
  near entity update interval (tracked bots): p50 33.0 p99 33.0 max 100.0 mean 33.0 ms (n=4187948)
  mid entity update interval (tracked bots): p50 100.0 p99 100.0 max 500.0 mean 100.2 ms (n=9359726)
  far entity update interval (tracked bots): p50 500.0 p99 500.0 max 57500.0 mean 508.7 ms (n=14378050)
  input clock: 5224 extra inputs, 499 skipped ticks, 0 backlog skips | near decode errors (tracked bots) 0
  bytes down 6532.2 MB up 447.1 MB | swarm busy 7% of its threads' time, tick overruns 0
