spawn=uniform
egress=sendmmsg
ladder=on
threads=8
shards=64
peak_clients=5000
steady_ticks=1709
steady_secs=56.9
ingress_p50_ms=1.43
ingress_p99_ms=1.50
ingress_max_ms=1.53
events_p50_ms=1.10
events_p99_ms=1.16
events_max_ms=1.22
movement_p50_ms=0.15
movement_p99_ms=0.18
movement_max_ms=0.37
grid_p50_ms=0.26
grid_p99_ms=0.32
grid_max_ms=0.45
history_p50_ms=0.00
history_p99_ms=0.01
history_max_ms=0.01
serialize_p50_ms=0.08
serialize_p99_ms=0.12
serialize_max_ms=0.14
assembly_p50_ms=4.67
assembly_p99_ms=4.89
assembly_max_ms=5.04
transport_p50_ms=4.50
transport_p99_ms=5.37
transport_max_ms=5.96
egress_p50_ms=3.30
egress_p99_ms=3.41
egress_max_ms=3.52
tick_p50_ms=15.52
tick_p99_ms=16.39
tick_max_ms=16.97
steady_overruns=0
level_mode=0
tick_hz=30
dilation=1
levels=L0:1709
clients_avg=5000
out_pps=150046
in_pps=150193
egress_mbps=878.3
packets_per_client_tick=1.00
wire_bytes_per_client_tick=732
down_kbps_per_client=175.7
up_kbps_per_client=12.0
kernel_rcvbuf_drops=0
kernel_sndbuf_drops=0
snapshot_bytes_per_client_tick=695
near_bytes_per_client_tick=59
near_per_client_tick=9.4
mid_per_client_tick=20.9
far_per_client_tick=32.7
far_skipped=0
far_starved=0
repeated=0
frozen=0
late_inputs=0
discarded_inputs=0
input_wait_p50_ms=49.8
input_wait_p99_ms=66.3
spawns=5000
despawns=5000
joins_deferred=12853
bad_messages=0
recv_errors=0
send_errors=0
datagrams=8959253
sends=8959253
send_syscalls=115264
