preallocated connections for 10000 clients in 221.329718ms
listening on 172.16.8.2:40500 | spawn Uniform | tiers near 64@150 m, mid 500 m, far 1500 m, budget 6250 B/tick, squads of 4 | 8 rayon threads, 64 shards, 256 accepts/tick, egress SendMmsg | socket buffers rcv 32768 KiB snd 32768 KiB
[    5s] clients 5000 | level 0 (0-0 in window: 30 Hz, dilation 1.0), pace 1.00, 0.0% clients bandwidth-degraded | tick p50 15.38 p99 16.16 max 16.25 ms, 0 overruns | out 123.9k pps 172 kbps/client, 697 Mbps | in 125.6k pps 14 kbps/client | stand-ins: repeated 0.00% frozen 0.00%, 0 late inputs | per client-tick: 677 B (near 58 B, 99% deltas), near 9.2 mid 20.3 far 31.8, far skipped 0 starved 0 | input wait p50 50.2 p99 66.5 ms | 12853 joins deferred | kernel drops rcv 0 snd 0
         p50/p99 ms: ingress 1.39/2.59  events 1.12/2.71  movement 0.15/0.19  grid 0.25/0.32  history 0.00/0.03  serialize 0.08/0.17  assembly 4.62/5.03  transport 4.34/4.99  egress 3.26/3.40
[   10s] clients 5000 | level 0 (0-0 in window: 30 Hz, dilation 1.0), pace 1.00, 0.0% clients bandwidth-degraded | tick p50 15.52 p99 16.25 max 16.39 ms, 0 overruns | out 150.0k pps 176 kbps/client, 878 Mbps | in 150.0k pps 12 kbps/client | stand-ins: repeated 0.00% frozen 0.00%, 0 late inputs | per client-tick: 695 B (near 59 B, 100% deltas), near 9.4 mid 20.9 far 32.7, far skipped 0 starved 0 | input wait p50 49.8 p99 66.3 ms | 0 joins deferred | kernel drops rcv 0 snd 0
         p50/p99 ms: ingress 1.42/1.48  events 1.13/1.18  movement 0.16/0.19  grid 0.27/0.32  history 0.00/0.01  serialize 0.08/0.11  assembly 4.65/4.82  transport 4.45/5.18  egress 3.31/3.42
[   15s] clients 5000 | level 0 (0-0 in window: 30 Hz, dilation 1.0), pace 1.00, 0.0% clients bandwidth-degraded | tick p50 15.54 p99 16.54 max 16.64 ms, 0 overruns | out 150.0k pps 176 kbps/client, 878 Mbps | in 150.0k pps 12 kbps/client | stand-ins: repeated 0.00% frozen 0.00%, 0 late inputs | per client-tick: 695 B (near 59 B, 100% deltas), near 9.4 mid 20.9 far 32.7, far skipped 0 starved 0 | input wait p50 49.8 p99 66.3 ms | 0 joins deferred | kernel drops rcv 0 snd 0
         p50/p99 ms: ingress 1.44/1.50  events 1.09/1.18  movement 0.15/0.18  grid 0.27/0.32  history 0.00/0.01  serialize 0.08/0.12  assembly 4.68/5.00  transport 4.48/5.42  egress 3.33/3.45
[   20s] clients 5000 | level 0 (0-0 in window: 30 Hz, dilation 1.0), pace 1.00, 0.0% clients bandwidth-degraded | tick p50 15.60 p99 16.71 max 16.97 ms, 0 overruns | out 150.0k pps 176 kbps/client, 878 Mbps | in 150.0k pps 12 kbps/client | stand-ins: repeated 0.00% frozen 0.00%, 0 late inputs | per client-tick: 695 B (near 59 B, 100% deltas), near 9.4 mid 20.9 far 32.7, far skipped 0 starved 0 | input wait p50 49.8 p99 66.3 ms | 0 joins deferred | kernel drops rcv 0 snd 0
         p50/p99 ms: ingress 1.44/1.51  events 1.08/1.15  movement 0.15/0.18  grid 0.27/0.32  history 0.00/0.01  serialize 0.08/0.12  assembly 4.72/5.02  transport 4.49/5.71  egress 3.33/3.47
[   25s] clients 5000 | level 0 (0-0 in window: 30 Hz, dilation 1.0), pace 1.00, 0.0% clients bandwidth-degraded | tick p50 15.49 p99 16.35 max 16.36 ms, 0 overruns | out 150.0k pps 176 kbps/client, 878 Mbps | in 150.0k pps 12 kbps/client | stand-ins: repeated 0.00% frozen 0.00%, 0 late inputs | per client-tick: 695 B (near 59 B, 100% deltas), near 9.4 mid 20.9 far 32.7, far skipped 0 starved 0 | input wait p50 49.8 p99 66.3 ms | 0 joins deferred | kernel drops rcv 0 snd 0
         p50/p99 ms: ingress 1.44/1.50  events 1.07/1.14  movement 0.15/0.17  grid 0.27/0.44  history 0.00/0.01  serialize 0.08/0.13  assembly 4.68/4.86  transport 4.47/5.41  egress 3.29/3.38
[   30s] clients 5000 | level 0 (0-0 in window: 30 Hz, dilation 1.0), pace 1.00, 0.0% clients bandwidth-degraded | tick p50 15.51 p99 16.38 max 16.86 ms, 0 overruns | out 150.0k pps 176 kbps/client, 878 Mbps | in 150.0k pps 12 kbps/client | stand-ins: repeated 0.00% frozen 0.00%, 0 late inputs | per client-tick: 695 B (near 59 B, 100% deltas), near 9.4 mid 20.9 far 32.7, far skipped 0 starved 0 | input wait p50 49.8 p99 66.3 ms | 0 joins deferred | kernel drops rcv 0 snd 0
         p50/p99 ms: ingress 1.43/1.50  events 1.09/1.15  movement 0.15/0.19  grid 0.26/0.32  history 0.00/0.01  serialize 0.08/0.12  assembly 4.67/4.82  transport 4.50/5.43  egress 3.30/3.39
[   35s] clients 5000 | level 0 (0-0 in window: 30 Hz, dilation 1.0), pace 1.00, 0.0% clients bandwidth-degraded | tick p50 15.51 p99 16.60 max 16.60 ms, 0 overruns | out 150.0k pps 176 kbps/client, 878 Mbps | in 150.0k pps 12 kbps/client | stand-ins: repeated 0.00% frozen 0.00%, 0 late inputs | per client-tick: 695 B (near 59 B, 100% deltas), near 9.4 mid 20.9 far 32.8, far skipped 0 starved 0 | input wait p50 49.8 p99 66.3 ms | 0 joins deferred | kernel drops rcv 0 snd 0
         p50/p99 ms: ingress 1.43/1.50  events 1.09/1.15  movement 0.15/0.33  grid 0.27/0.32  history 0.00/0.01  serialize 0.08/0.12  assembly 4.68/4.83  transport 4.53/5.47  egress 3.30/3.40
[   40s] clients 5000 | level 0 (0-0 in window: 30 Hz, dilation 1.0), pace 1.00, 0.0% clients bandwidth-degraded | tick p50 15.52 p99 16.34 max 16.47 ms, 0 overruns | out 150.0k pps 176 kbps/client, 878 Mbps | in 150.0k pps 12 kbps/client | stand-ins: repeated 0.00% frozen 0.00%, 0 late inputs | per client-tick: 695 B (near 59 B, 100% deltas), near 9.4 mid 20.9 far 32.8, far skipped 0 starved 0 | input wait p50 49.9 p99 66.3 ms | 0 joins deferred | kernel drops rcv 0 snd 0
         p50/p99 ms: ingress 1.43/1.50  events 1.09/1.16  movement 0.15/0.18  grid 0.26/0.33  history 0.00/0.01  serialize 0.08/0.12  assembly 4.69/4.83  transport 4.49/5.35  egress 3.29/3.37
[   45s] clients 5000 | level 0 (0-0 in window: 30 Hz, dilation 1.0), pace 1.00, 0.0% clients bandwidth-degraded | tick p50 15.51 p99 16.23 max 16.30 ms, 0 overruns | out 150.0k pps 176 kbps/client, 878 Mbps | in 150.0k pps 12 kbps/client | stand-ins: repeated 0.00% frozen 0.00%, 0 late inputs | per client-tick: 695 B (near 59 B, 100% deltas), near 9.4 mid 20.9 far 32.8, far skipped 0 starved 0 | input wait p50 49.9 p99 66.3 ms | 0 joins deferred | kernel drops rcv 0 snd 0
         p50/p99 ms: ingress 1.43/1.50  events 1.10/1.19  movement 0.15/0.17  grid 0.26/0.32  history 0.00/0.01  serialize 0.08/0.13  assembly 4.67/4.85  transport 4.49/5.22  egress 3.29/3.39
[   50s] clients 5000 | level 0 (0-0 in window: 30 Hz, dilation 1.0), pace 1.00, 0.0% clients bandwidth-degraded | tick p50 15.51 p99 16.26 max 16.28 ms, 0 overruns | out 150.0k pps 176 kbps/client, 878 Mbps | in 150.0k pps 12 kbps/client | stand-ins: repeated 0.00% frozen 0.00%, 0 late inputs | per client-tick: 695 B (near 59 B, 100% deltas), near 9.4 mid 20.9 far 32.8, far skipped 0 starved 0 | input wait p50 49.9 p99 66.3 ms | 0 joins deferred | kernel drops rcv 0 snd 0
         p50/p99 ms: ingress 1.44/1.50  events 1.10/1.16  movement 0.16/0.18  grid 0.26/0.31  history 0.00/0.01  serialize 0.08/0.13  assembly 4.66/4.80  transport 4.51/5.25  egress 3.29/3.39
[   55s] clients 5000 | level 0 (0-0 in window: 30 Hz, dilation 1.0), pace 1.00, 0.0% clients bandwidth-degraded | tick p50 15.56 p99 16.41 max 16.62 ms, 0 overruns | out 150.0k pps 176 kbps/client, 878 Mbps | in 150.0k pps 12 kbps/client | stand-ins: repeated 0.00% frozen 0.00%, 0 late inputs | per client-tick: 695 B (near 58 B, 100% deltas), near 9.4 mid 20.9 far 32.7, far skipped 0 starved 0 | input wait p50 49.8 p99 66.4 ms | 0 joins deferred | kernel drops rcv 0 snd 0
         p50/p99 ms: ingress 1.44/1.50  events 1.10/1.16  movement 0.15/0.18  grid 0.26/0.31  history 0.00/0.01  serialize 0.08/0.12  assembly 4.68/4.83  transport 4.53/5.40  egress 3.30/3.40
[   60s] clients 5000 | level 0 (0-0 in window: 30 Hz, dilation 1.0), pace 1.00, 0.0% clients bandwidth-degraded | tick p50 15.52 p99 16.22 max 16.40 ms, 0 overruns | out 150.0k pps 176 kbps/client, 878 Mbps | in 150.0k pps 12 kbps/client | stand-ins: repeated 0.00% frozen 0.00%, 0 late inputs | per client-tick: 695 B (near 59 B, 100% deltas), near 9.4 mid 20.9 far 32.7, far skipped 0 starved 0 | input wait p50 49.8 p99 66.4 ms | 0 joins deferred | kernel drops rcv 0 snd 0
         p50/p99 ms: ingress 1.43/1.50  events 1.09/1.15  movement 0.15/0.18  grid 0.26/0.31  history 0.00/0.01  serialize 0.08/0.11  assembly 4.64/4.81  transport 4.52/5.19  egress 3.29/3.39
[   61s] clients 0 | level 0 (0-0 in window: 30 Hz, dilation 1.0), pace 1.00, 0.0% clients bandwidth-degraded | tick p50 15.22 p99 15.89 max 15.89 ms, 0 overruns | out 131.3k pps 174 kbps/client, 749 Mbps | in 169.7k pps 13 kbps/client | stand-ins: repeated 0.00% frozen 0.00%, 0 late inputs | per client-tick: 676 B (near 57 B, 100% deltas), near 9.2 mid 20.3 far 31.7, far skipped 0 starved 0 | input wait p50 50.4 p99 66.3 ms | 0 joins deferred | kernel drops rcv 0 snd 0
         p50/p99 ms: ingress 1.44/2.62  events 1.09/6.03  movement 0.15/0.17  grid 0.25/0.31  history 0.00/0.00  serialize 0.08/0.08  assembly 4.52/4.72  transport 4.18/5.02  egress 3.31/3.40

== summary: 1709 steady-state ticks (after warmup, before clients drain), peak 5000 clients ==
  phase        p50 ms   p99 ms   max ms
  ingress        1.43     1.50     1.53
  events         1.10     1.16     1.22
  movement       0.15     0.18     0.37
  grid           0.26     0.32     0.45
  history        0.00     0.01     0.01
  serialize      0.08     0.12     0.14
  assembly       4.67     4.89     5.04
  transport      4.50     5.37     5.96
  egress         3.30     3.41     3.52
  tick          15.52    16.39    16.97
  overruns 0 | spawns 5000 despawns 5000 (12853 joins deferred) | stand-ins: repeated 0 frozen 0 | late inputs 0 discarded 0 | bad messages 0 | recv errors 0 send errors 0
  egress (whole run): 8959253 datagrams in 8959253 sends (1.00 per send), 115264 syscalls
  ticks per ladder level (whole run): L0: 1820
  input wait on the server (datagram arrival -> applied): p50 49.8 p99 66.3 max 70.6 mean 49.9 ms
  steady state: stand-ins repeated 0 frozen 0 | late inputs 0 discarded 0
