10000 bots -> 172.31.17.93:40500 on 28 threads x 8 slots, ramp 0/s, 60s, 10000 full + 0 sink bots
[    5s] bots 10000/10000 connected, 10000 welcomed, 0 failed | 12.6 snaps/s/bot, entities/snap near 16.6 mid 43.8 far 62.0 | corrections 0.053/s/bot | down 145 up 12 kbps/bot | rtt 80.8 ms loss 0.00% | input->applied ~ p50 93 p99 149 ms, round trip p50 167 p99 233 ms | joins 10000 (p50 908 p99 2061 ms) | server pace 1.00 level 0, 0 bots bandwidth-degraded | swarm busy 21%, overruns 383
[   10s] bots 10000/10000 connected, 10000 welcomed, 0 failed | 14.6 snaps/s/bot, entities/snap near 16.9 mid 45.3 far 63.4 | corrections 0.004/s/bot | down 171 up 14 kbps/bot | rtt 80.4 ms loss 0.00% | input->applied ~ p50 96 p99 147 ms, round trip p50 167 p99 233 ms | joins 0 (p50 0 p99 0 ms) | server pace 1.00 level 0, 0 bots bandwidth-degraded | swarm busy 25%, overruns 23
[   15s] bots 10000/10000 connected, 10000 welcomed, 0 failed | 15.6 snaps/s/bot, entities/snap near 16.9 mid 45.3 far 63.3 | corrections 0.004/s/bot | down 183 up 15 kbps/bot | rtt 80.9 ms loss 0.00% | input->applied ~ p50 96 p99 147 ms, round trip p50 167 p99 233 ms | joins 0 (p50 0 p99 0 ms) | server pace 1.00 level 0, 0 bots bandwidth-degraded | swarm busy 26%, overruns 48
[   20s] bots 10000/10000 connected, 10000 welcomed, 0 failed | 15.6 snaps/s/bot, entities/snap near 16.9 mid 45.3 far 63.4 | corrections 0.003/s/bot | down 183 up 15 kbps/bot | rtt 81.0 ms loss 0.00% | input->applied ~ p50 96 p99 148 ms, round trip p50 167 p99 233 ms | joins 0 (p50 0 p99 0 ms) | server pace 1.00 level 0, 0 bots bandwidth-degraded | swarm busy 26%, overruns 26
[   25s] bots 10000/10000 connected, 10000 welcomed, 0 failed | 15.6 snaps/s/bot, entities/snap near 16.9 mid 45.3 far 63.4 | corrections 0.004/s/bot | down 183 up 15 kbps/bot | rtt 80.6 ms loss 0.00% | input->applied ~ p50 96 p99 147 ms, round trip p50 167 p99 233 ms | joins 0 (p50 0 p99 0 ms) | server pace 1.00 level 0, 0 bots bandwidth-degraded | swarm busy 26%, overruns 24
[   30s] bots 10000/10000 connected, 10000 welcomed, 0 failed | 15.6 snaps/s/bot, entities/snap near 16.8 mid 45.3 far 63.4 | corrections 0.004/s/bot | down 183 up 15 kbps/bot | rtt 80.6 ms loss 0.00% | input->applied ~ p50 96 p99 148 ms, round trip p50 167 p99 233 ms | joins 0 (p50 0 p99 0 ms) | server pace 1.00 level 0, 0 bots bandwidth-degraded | swarm busy 26%, overruns 27
[   35s] bots 10000/10000 connected, 10000 welcomed, 0 failed | 15.5 snaps/s/bot, entities/snap near 16.8 mid 45.2 far 63.4 | corrections 0.004/s/bot | down 181 up 15 kbps/bot | rtt 80.6 ms loss 0.00% | input->applied ~ p50 96 p99 147 ms, round trip p50 167 p99 233 ms | joins 0 (p50 0 p99 0 ms) | server pace 1.00 level 0, 0 bots bandwidth-degraded | swarm busy 26%, overruns 24
[   40s] bots 10000/10000 connected, 10000 welcomed, 0 failed | 15.6 snaps/s/bot, entities/snap near 16.8 mid 45.3 far 63.4 | corrections 0.004/s/bot | down 182 up 15 kbps/bot | rtt 80.9 ms loss 0.00% | input->applied ~ p50 96 p99 148 ms, round trip p50 167 p99 233 ms | joins 0 (p50 0 p99 0 ms) | server pace 1.00 level 0, 0 bots bandwidth-degraded | swarm busy 26%, overruns 25
[   45s] bots 10000/10000 connected, 10000 welcomed, 0 failed | 15.6 snaps/s/bot, entities/snap near 16.9 mid 45.3 far 63.4 | corrections 0.004/s/bot | down 183 up 15 kbps/bot | rtt 80.8 ms loss 0.00% | input->applied ~ p50 96 p99 148 ms, round trip p50 167 p99 233 ms | joins 0 (p50 0 p99 0 ms) | server pace 1.00 level 0, 0 bots bandwidth-degraded | swarm busy 26%, overruns 22
[   50s] bots 10000/10000 connected, 10000 welcomed, 0 failed | 15.7 snaps/s/bot, entities/snap near 16.9 mid 45.3 far 63.4 | corrections 0.004/s/bot | down 183 up 15 kbps/bot | rtt 80.7 ms loss 0.00% | input->applied ~ p50 96 p99 147 ms, round trip p50 167 p99 233 ms | joins 0 (p50 0 p99 0 ms) | server pace 1.00 level 0, 0 bots bandwidth-degraded | swarm busy 26%, overruns 50
[   55s] bots 10000/10000 connected, 10000 welcomed, 0 failed | 15.5 snaps/s/bot, entities/snap near 16.8 mid 45.3 far 63.3 | corrections 0.004/s/bot | down 182 up 15 kbps/bot | rtt 80.7 ms loss 0.00% | input->applied ~ p50 95 p99 147 ms, round trip p50 167 p99 233 ms | joins 0 (p50 0 p99 0 ms) | server pace 1.00 level 0, 0 bots bandwidth-degraded | swarm busy 26%, overruns 25
[   60s] bots 10000/10000 connected, 10000 welcomed, 0 failed | 15.7 snaps/s/bot, entities/snap near 16.8 mid 45.2 far 63.3 | corrections 0.004/s/bot | down 183 up 15 kbps/bot | rtt 80.7 ms loss 0.00% | input->applied ~ p50 96 p99 148 ms, round trip p50 167 p99 233 ms | joins 0 (p50 0 p99 0 ms) | server pace 1.00 level 0, 0 bots bandwidth-degraded | swarm busy 26%, overruns 17

== bots summary ==
  started 10000 welcomed 10000 failed 0
  join latency ms: p50 908 p99 2061 max 3221 (n=10000)
  corrections 4872 (0.49/bot-minute), mean error 0.140 m, max 1.724 m
  push corrections (the server pushed us apart from a crowd) 4400 (0.44/bot-minute), max 0.691 m
  snapshots 9193805 (entities per snapshot: near 16.8 mid 45.2 far 63.3), stale 727735, unmatched acks 0, resyncs 0
  input -> applied on server (est. RTT/2 + server wait): p50 95.0 p99 148.0 max 205.0 mean 95.9 ms (n=9132309)
    of which server wait (arrival -> applied): p50 55.2 p99 107.2 max 163.1 mean 55.7 ms (n=9132309)
  input -> seen acked (round trip): p50 167.0 p99 233.0 max 300.0 mean 165.7 ms (n=9174746)
  near entity update interval (tracked bots): p50 33.0 p99 233.0 max 1166.0 mean 64.9 ms (n=7055923)
  mid entity update interval (tracked bots): p50 100.0 p99 600.0 max 2200.0 mean 175.2 ms (n=20225833)
  far entity update interval (tracked bots): p50 500.0 p99 2000.0 max 2200.0 mean 715.4 ms (n=24694615)
  near drawn (tracked bots): 92.09% interpolated, 7.63% extrapolated, 0.14% held, 0.14% new | pops p50 0 p99 221 max 7176 mm
  mid drawn (tracked bots): 75.10% interpolated, 20.19% extrapolated, 3.59% held, 1.12% new | pops p50 0 p99 1950 max 25820 mm
  far drawn (tracked bots): 20.77% interpolated, 53.03% extrapolated, 22.94% held, 3.26% new | pops p50 1577 p99 11836 max 31707 mm
  render delay (near) 133.1 ms behind the newest step, clock snaps 0 (backwards 0), slewing 44.66% of frames, near delay changes 884 | streak entity-frames (drawn > 20 m/s) 27838283
  input clock: 101985 extra inputs, 86828 skipped ticks, 2523 backlog skips | near decode errors (tracked bots) 0
  bytes down 13436.6 MB up 1110.8 MB | swarm busy 25% of its threads' time, tick overruns 695
