started=10000
welcomed=10000
failed=0
join_p50_ms=908
join_p99_ms=2061
join_max_ms=3221
corrections=4872
corrections_per_bot_minute=0.487
correction_max_m=1.724
push_corrections=4400
push_corrections_per_bot_minute=0.440
push_max_m=0.691
snapshots=9193805
near_per_snapshot=16.8
mid_per_snapshot=45.2
far_per_snapshot=63.3
stale_snapshots=727735
resyncs=0
input_applied_p50_ms=95.0
input_applied_p99_ms=148.0
input_applied_mean_ms=95.9
server_wait_p50_ms=55.2
server_wait_p99_ms=107.2
server_wait_mean_ms=55.7
round_trip_p50_ms=167.0
round_trip_p99_ms=233.0
round_trip_mean_ms=165.7
slot_work_p50_ms=0.6
slot_work_p99_ms=3.1
slot_work_mean_ms=1.0
slot_late_p50_ms=0.0
slot_late_p99_ms=0.1
slot_late_mean_ms=0.0
near_interval_p50_ms=33.0
near_interval_p99_ms=233.0
near_interval_mean_ms=64.9
mid_interval_p50_ms=100.0
mid_interval_p99_ms=600.0
mid_interval_mean_ms=175.2
far_interval_p50_ms=500.0
far_interval_p99_ms=2000.0
far_interval_mean_ms=715.4
slot_late_max_ms=52.3
near_interpolated_pct=92.09
near_extrapolated_pct=7.63
near_held_pct=0.14
near_new_pct=0.14
near_pop_p50_mm=0
near_pop_p99_mm=221
mid_interpolated_pct=75.10
mid_extrapolated_pct=20.19
mid_held_pct=3.59
mid_new_pct=1.12
mid_pop_p50_mm=0
mid_pop_p99_mm=1950
far_interpolated_pct=20.77
far_extrapolated_pct=53.03
far_held_pct=22.94
far_new_pct=3.26
far_pop_p50_mm=1577
far_pop_p99_mm=11836
render_delay_ms=133.1
render_snaps=0
shots_seen=0
activity_cells=0
activity_shots=0
ambient=0
streak_frames_per_million=34439
clock_slewing_pct=44.66
delay_changes=884
render_backwards=0
clock_extra=101985
clock_skipped=86828
backlog_skips=2523
near_decode_errors=0
bytes_down_mb=13436.6
bytes_up_mb=1110.8
swarm_busy_pct=25
swarm_overruns=695
