== uniform, 10000 bots, 60s -> baselines/2026-10-07-aws-netem-10k/jittery-uniform-10k-1
== summary: 1709 steady-state ticks (after warmup, before clients drain), peak 10000 clients ==
  phase        p50 ms   p99 ms   max ms
  ingress        1.18     2.43     2.80
  events         3.92     4.93     5.49
  movement       0.98     1.23     1.45
  grid           0.47     0.58     0.73
  separate       0.56     0.82     1.10
  history        0.02     0.06     0.07
  shots          0.07     0.28     0.49
  serialize      0.31     0.40     0.70
  assembly       3.24     4.09     4.48
  transport      2.04     2.40     2.57
  egress         4.09     4.98     5.72
  tick          17.10    18.82    19.94
  overruns 0 | spawns 10000 despawns 10000 (46266 joins deferred) | deaths 0 respawns 0 | stand-ins: repeated 89087 frozen 680682 | late inputs 82716 discarded 0 | bad messages 0 | recv errors 0 send errors 0
  egress (whole run): 31959988 datagrams in 31959988 sends (1.00 per send), 209744 syscalls
  ingress (whole run): 17734508 datagrams in 302700 receive calls (58.59 per call)
  ticks per ladder level (whole run): L0: 1993
  input wait on the server (datagram arrival -> applied): p50 55.2 p99 107.1 max 163.1 mean 55.6 ms
  steady state: stand-ins repeated 69126 frozen 1794 | late inputs 71082 discarded 0
  rewind of near targets (applied step - the input's render step for that tier): p50 202 p99 276 max 342 mean 205.8 ms (n=17259614)
  rewind of mid/far targets (applied step - the input's render step for that tier): p50 335 p99 371 max 467 mean 335.7 ms (n=17259614)
  render times ahead of the server (bogus) 0
  shots 0 (late 0, refused 0, rewinds capped 0) | hits head 0 body 0 (after cover 0, too late 0), kills 0 | ground 0 cover 0 expired 0 | segments 0 candidates 0
== bots summary ==
  started 10000 welcomed 10000 failed 0
  join latency ms: p50 908 p99 2061 max 3221 (n=10000)
  corrections 4872 (0.49/bot-minute), mean error 0.140 m, max 1.724 m
  push corrections (the server pushed us apart from a crowd) 4400 (0.44/bot-minute), max 0.691 m
  snapshots 9193805 (entities per snapshot: near 16.8 mid 45.2 far 63.3), stale 727735, unmatched acks 0, resyncs 0
  input -> applied on server (est. RTT/2 + server wait): p50 95.0 p99 148.0 max 205.0 mean 95.9 ms (n=9132309)
    of which server wait (arrival -> applied): p50 55.2 p99 107.2 max 163.1 mean 55.7 ms (n=9132309)
  input -> seen acked (round trip): p50 167.0 p99 233.0 max 300.0 mean 165.7 ms (n=9174746)
  near entity update interval (tracked bots): p50 33.0 p99 233.0 max 1166.0 mean 64.9 ms (n=7055923)
  mid entity update interval (tracked bots): p50 100.0 p99 600.0 max 2200.0 mean 175.2 ms (n=20225833)
  far entity update interval (tracked bots): p50 500.0 p99 2000.0 max 2200.0 mean 715.4 ms (n=24694615)
  near drawn (tracked bots): 92.09% interpolated, 7.63% extrapolated, 0.14% held, 0.14% new | pops p50 0 p99 221 max 7176 mm
  mid drawn (tracked bots): 75.10% interpolated, 20.19% extrapolated, 3.59% held, 1.12% new | pops p50 0 p99 1950 max 25820 mm
  far drawn (tracked bots): 20.77% interpolated, 53.03% extrapolated, 22.94% held, 3.26% new | pops p50 1577 p99 11836 max 31707 mm
  render delay (near) 133.1 ms behind the newest step, clock snaps 0 (backwards 0), slewing 44.66% of frames, near delay changes 884 | streak entity-frames (drawn > 20 m/s) 27838283
  input clock: 101985 extra inputs, 86828 skipped ticks, 2523 backlog skips | near decode errors (tracked bots) 0
  bytes down 13436.6 MB up 1110.8 MB | swarm busy 25% of its threads' time, tick overruns 695
