preallocated connections for 10000 clients in 249.51105ms
listening on 172.31.17.93:40500 | spawn Uniform | tiers near 64@150 m, mid 500 m, far 1500 m, budget 6250 B/tick, squads of 4 | 64 rayon threads, 64 shards, 1 socket(s), 256 accepts/tick, egress SendMmsg, ingress RecvMmsg | socket buffers rcv 32768 KiB snd 32768 KiB
[    5s] clients 10000 | level 0 (0-0 in window: 30 Hz, dilation 1.0), pace 1.00, 0.0% clients bandwidth-degraded | tick p50 15.89 p99 18.41 max 18.77 ms, 0 overruns | out 305.0k pps 308 kbps/client, 1840 Mbps | in 181.8k pps 19 kbps/client, 56.7 per recv, receive thread busy 20% | stand-ins: repeated 2.00% frozen 0.33%, 19186 late inputs | per client-tick: 1221 B (near 121 B, 93% deltas), near 14.7 mid 38.8 far 55.1, far skipped 0 starved 0 | input wait p50 52.3 p99 108.1 ms | 46266 joins deferred | kernel drops rcv 0 snd 0
         p50/p99 ms: ingress 1.15/4.36  events 3.71/4.96  movement 0.84/1.14  grid 0.44/0.56  separate 0.42/0.80  history 0.02/0.15  shots 0.07/0.30  serialize 0.30/0.51  assembly 2.43/4.01  transport 1.63/2.35  egress 3.37/4.34
[   10s] clients 10000 | level 0 (0-0 in window: 30 Hz, dilation 1.0), pace 1.00, 0.0% clients bandwidth-degraded | tick p50 17.12 p99 18.60 max 18.66 ms, 0 overruns | out 528.5k pps 325 kbps/client, 3255 Mbps | in 298.5k pps 15 kbps/client, 58.7 per recv, receive thread busy 29% | stand-ins: repeated 0.38% frozen 0.00%, 5874 late inputs | per client-tick: 1296 B (near 122 B, 100% deltas), near 15.7 mid 42.0 far 58.7, far skipped 0 starved 0 | input wait p50 55.4 p99 106.9 ms | 0 joins deferred | kernel drops rcv 0 snd 0
         p50/p99 ms: ingress 1.19/1.88  events 3.92/5.19  movement 0.98/1.25  grid 0.47/0.57  separate 0.55/0.83  history 0.02/0.05  shots 0.07/0.30  serialize 0.30/0.39  assembly 3.24/4.11  transport 2.05/2.41  egress 4.10/4.91
[   15s] clients 10000 | level 0 (0-0 in window: 30 Hz, dilation 1.0), pace 1.00, 0.0% clients bandwidth-degraded | tick p50 17.08 p99 19.21 max 19.85 ms, 0 overruns | out 528.5k pps 326 kbps/client, 3256 Mbps | in 298.6k pps 15 kbps/client, 58.7 per recv, receive thread busy 30% | stand-ins: repeated 0.37% frozen 0.00%, 5562 late inputs | per client-tick: 1296 B (near 122 B, 100% deltas), near 15.7 mid 42.0 far 58.7, far skipped 0 starved 0 | input wait p50 55.2 p99 106.7 ms | 0 joins deferred | kernel drops rcv 0 snd 0
         p50/p99 ms: ingress 1.18/2.40  events 3.93/4.67  movement 0.97/1.16  grid 0.48/0.58  separate 0.56/0.80  history 0.02/0.06  shots 0.07/0.28  serialize 0.31/0.42  assembly 3.25/4.35  transport 2.02/2.38  egress 4.08/4.81
[   20s] clients 10000 | level 0 (0-0 in window: 30 Hz, dilation 1.0), pace 1.00, 0.0% clients bandwidth-degraded | tick p50 17.17 p99 19.06 max 19.94 ms, 0 overruns | out 528.4k pps 325 kbps/client, 3255 Mbps | in 298.5k pps 15 kbps/client, 58.8 per recv, receive thread busy 30% | stand-ins: repeated 0.38% frozen 0.00%, 5782 late inputs | per client-tick: 1296 B (near 122 B, 100% deltas), near 15.7 mid 42.0 far 58.7, far skipped 0 starved 0 | input wait p50 55.2 p99 107.0 ms | 0 joins deferred | kernel drops rcv 0 snd 0
         p50/p99 ms: ingress 1.18/2.53  events 3.97/5.01  movement 0.98/1.21  grid 0.47/0.58  separate 0.55/1.00  history 0.02/0.06  shots 0.07/0.28  serialize 0.31/0.38  assembly 3.28/4.12  transport 2.01/2.34  egress 4.10/5.48
[   25s] clients 10000 | level 0 (0-0 in window: 30 Hz, dilation 1.0), pace 1.00, 0.0% clients bandwidth-degraded | tick p50 17.02 p99 18.38 max 18.68 ms, 0 overruns | out 528.4k pps 325 kbps/client, 3255 Mbps | in 298.5k pps 15 kbps/client, 58.6 per recv, receive thread busy 30% | stand-ins: repeated 0.37% frozen 0.00%, 5552 late inputs | per client-tick: 1296 B (near 121 B, 100% deltas), near 15.6 mid 42.0 far 58.7, far skipped 0 starved 0 | input wait p50 55.3 p99 106.9 ms | 0 joins deferred | kernel drops rcv 0 snd 0
         p50/p99 ms: ingress 1.18/2.19  events 3.91/4.63  movement 0.97/1.25  grid 0.48/0.55  separate 0.55/0.73  history 0.02/0.05  shots 0.07/0.26  serialize 0.30/0.39  assembly 3.23/4.00  transport 2.05/2.40  egress 4.12/4.91
[   30s] clients 10000 | level 0 (0-0 in window: 30 Hz, dilation 1.0), pace 1.00, 0.0% clients bandwidth-degraded | tick p50 17.15 p99 18.82 max 19.20 ms, 0 overruns | out 528.2k pps 325 kbps/client, 3253 Mbps | in 298.4k pps 15 kbps/client, 58.6 per recv, receive thread busy 30% | stand-ins: repeated 0.37% frozen 0.00%, 5622 late inputs | per client-tick: 1296 B (near 121 B, 100% deltas), near 15.6 mid 41.9 far 58.7, far skipped 0 starved 0 | input wait p50 55.3 p99 107.1 ms | 0 joins deferred | kernel drops rcv 0 snd 0
         p50/p99 ms: ingress 1.18/1.86  events 3.92/4.93  movement 0.98/1.33  grid 0.48/0.59  separate 0.56/0.81  history 0.02/0.05  shots 0.07/0.26  serialize 0.31/0.37  assembly 3.28/4.36  transport 2.04/2.40  egress 4.08/4.92
[   35s] clients 10000 | level 0 (0-0 in window: 30 Hz, dilation 1.0), pace 1.00, 0.0% clients bandwidth-degraded | tick p50 17.10 p99 18.64 max 18.98 ms, 0 overruns | out 528.3k pps 325 kbps/client, 3254 Mbps | in 298.5k pps 15 kbps/client, 58.6 per recv, receive thread busy 30% | stand-ins: repeated 0.37% frozen 0.00%, 5645 late inputs | per client-tick: 1295 B (near 121 B, 100% deltas), near 15.6 mid 41.9 far 58.7, far skipped 0 starved 0 | input wait p50 55.3 p99 107.1 ms | 0 joins deferred | kernel drops rcv 0 snd 0
         p50/p99 ms: ingress 1.19/2.50  events 3.89/4.79  movement 0.98/1.13  grid 0.47/0.57  separate 0.57/0.77  history 0.02/0.05  shots 0.07/0.27  serialize 0.31/0.39  assembly 3.28/4.08  transport 2.05/2.35  egress 4.10/4.71
[   40s] clients 10000 | level 0 (0-0 in window: 30 Hz, dilation 1.0), pace 1.00, 0.0% clients bandwidth-degraded | tick p50 17.20 p99 19.74 max 19.75 ms, 0 overruns | out 528.2k pps 325 kbps/client, 3253 Mbps | in 298.4k pps 15 kbps/client, 58.7 per recv, receive thread busy 30% | stand-ins: repeated 0.38% frozen 0.00%, 5640 late inputs | per client-tick: 1296 B (near 121 B, 100% deltas), near 15.6 mid 41.9 far 58.7, far skipped 0 starved 0 | input wait p50 55.3 p99 107.1 ms | 0 joins deferred | kernel drops rcv 0 snd 0
         p50/p99 ms: ingress 1.18/2.54  events 3.90/5.02  movement 1.02/1.23  grid 0.48/0.58  separate 0.58/0.79  history 0.02/0.05  shots 0.07/0.27  serialize 0.31/0.43  assembly 3.27/4.05  transport 2.07/2.51  egress 4.08/4.83
[   45s] clients 10000 | level 0 (0-0 in window: 30 Hz, dilation 1.0), pace 1.00, 0.0% clients bandwidth-degraded | tick p50 17.17 p99 18.67 max 19.07 ms, 0 overruns | out 528.0k pps 325 kbps/client, 3254 Mbps | in 298.5k pps 15 kbps/client, 59.0 per recv, receive thread busy 30% | stand-ins: repeated 0.38% frozen 0.00%, 5677 late inputs | per client-tick: 1296 B (near 122 B, 100% deltas), near 15.7 mid 42.0 far 58.7, far skipped 0 starved 0 | input wait p50 55.4 p99 107.1 ms | 0 joins deferred | kernel drops rcv 0 snd 0
         p50/p99 ms: ingress 1.18/1.59  events 4.00/5.10  movement 0.98/1.19  grid 0.48/0.58  separate 0.56/0.86  history 0.02/0.06  shots 0.07/0.30  serialize 0.31/0.38  assembly 3.23/3.96  transport 2.04/2.36  egress 4.07/4.99
[   50s] clients 10000 | level 0 (0-0 in window: 30 Hz, dilation 1.0), pace 1.00, 0.0% clients bandwidth-degraded | tick p50 16.95 p99 18.62 max 18.88 ms, 0 overruns | out 528.0k pps 325 kbps/client, 3254 Mbps | in 298.3k pps 15 kbps/client, 58.6 per recv, receive thread busy 29% | stand-ins: repeated 0.37% frozen 0.00%, 5588 late inputs | per client-tick: 1296 B (near 122 B, 100% deltas), near 15.7 mid 42.0 far 58.7, far skipped 0 starved 0 | input wait p50 55.3 p99 107.1 ms | 0 joins deferred | kernel drops rcv 0 snd 0
         p50/p99 ms: ingress 1.18/2.43  events 3.92/4.65  movement 0.97/1.22  grid 0.47/0.55  separate 0.55/0.82  history 0.02/0.04  shots 0.07/0.27  serialize 0.31/0.40  assembly 3.18/3.98  transport 2.02/2.39  egress 4.10/4.78
[   55s] clients 10000 | level 0 (0-0 in window: 30 Hz, dilation 1.0), pace 1.00, 0.0% clients bandwidth-degraded | tick p50 17.05 p99 18.75 max 19.75 ms, 0 overruns | out 528.1k pps 325 kbps/client, 3255 Mbps | in 298.7k pps 15 kbps/client, 58.7 per recv, receive thread busy 30% | stand-ins: repeated 0.37% frozen 0.00%, 5624 late inputs | per client-tick: 1296 B (near 122 B, 100% deltas), near 15.6 mid 42.0 far 58.7, far skipped 0 starved 0 | input wait p50 55.2 p99 106.9 ms | 0 joins deferred | kernel drops rcv 0 snd 0
         p50/p99 ms: ingress 1.18/2.50  events 3.92/4.87  movement 0.97/1.27  grid 0.47/0.57  separate 0.56/0.79  history 0.02/0.06  shots 0.07/0.28  serialize 0.31/0.57  assembly 3.24/4.05  transport 2.05/2.42  egress 4.08/5.32
[   60s] clients 10000 | level 0 (0-0 in window: 30 Hz, dilation 1.0), pace 1.00, 0.0% clients bandwidth-degraded | tick p50 17.05 p99 18.65 max 18.84 ms, 0 overruns | out 527.8k pps 325 kbps/client, 3252 Mbps | in 298.2k pps 15 kbps/client, 58.6 per recv, receive thread busy 29% | stand-ins: repeated 0.37% frozen 0.00%, 5622 late inputs | per client-tick: 1295 B (near 121 B, 100% deltas), near 15.6 mid 41.9 far 58.7, far skipped 0 starved 0 | input wait p50 55.3 p99 107.3 ms | 0 joins deferred | kernel drops rcv 0 snd 0
         p50/p99 ms: ingress 1.19/2.38  events 3.88/4.65  movement 0.97/1.35  grid 0.48/0.59  separate 0.56/1.08  history 0.02/0.06  shots 0.07/0.28  serialize 0.30/0.60  assembly 3.23/4.00  transport 2.04/2.45  egress 4.08/5.28
[   65s] clients 4645 | level 0 (0-0 in window: 30 Hz, dilation 1.0), pace 1.00, 0.0% clients bandwidth-degraded | tick p50 6.71 p99 19.52 max 20.79 ms, 0 overruns | out 226.6k pps 237 kbps/client, 1385 Mbps | in 70.8k pps 6 kbps/client, 58.5 per recv, receive thread busy 7% | stand-ins: repeated 1.20% frozen 59.68%, 1342 late inputs | per client-tick: 940 B (near 113 B, 66% deltas), near 10.5 mid 28.1 far 41.3, far skipped 0 starved 0 | input wait p50 55.4 p99 107.2 ms | 0 joins deferred | kernel drops rcv 0 snd 0
         p50/p99 ms: ingress 0.52/2.28  events 0.00/7.40  movement 0.53/1.13  grid 0.51/0.57  separate 0.47/0.77  history 0.03/0.06  shots 0.15/0.29  serialize 0.32/0.54  assembly 1.21/3.72  transport 0.93/2.34  egress 2.08/4.75
[   66s] clients 0 | level 0 (0-0 in window: 30 Hz, dilation 1.0), pace 1.00, 0.0% clients bandwidth-degraded | tick p50 6.31 p99 11.65 max 11.65 ms, 0 overruns | out 126.6k pps 183 kbps/client, 768 Mbps | in 0.0k pps 0 kbps/client, 0.0 per recv, receive thread busy 0% | stand-ins: repeated 0.00% frozen 100.00%, 0 late inputs | per client-tick: 721 B (near 115 B, 0% deltas), near 7.2 mid 19.3 far 30.2, far skipped 0 starved 0 | input wait p50 0.0 p99 0.0 ms | 0 joins deferred | kernel drops rcv 0 snd 0
         p50/p99 ms: ingress 0.49/2.77  events 0.00/5.62  movement 0.52/0.62  grid 0.51/0.55  separate 0.45/0.83  history 0.03/0.08  shots 0.15/0.30  serialize 0.32/0.56  assembly 0.92/1.21  transport 0.77/0.96  egress 2.04/2.28

== summary: 1709 steady-state ticks (after warmup, before clients drain), peak 10000 clients ==
  phase        p50 ms   p99 ms   max ms
  ingress        1.18     2.43     2.80
  events         3.92     4.93     5.49
  movement       0.98     1.23     1.45
  grid           0.47     0.58     0.73
  separate       0.56     0.82     1.10
  history        0.02     0.06     0.07
  shots          0.07     0.28     0.49
  serialize      0.31     0.40     0.70
  assembly       3.24     4.09     4.48
  transport      2.04     2.40     2.57
  egress         4.09     4.98     5.72
  tick          17.10    18.82    19.94
  overruns 0 | spawns 10000 despawns 10000 (46266 joins deferred) | deaths 0 respawns 0 | stand-ins: repeated 89087 frozen 680682 | late inputs 82716 discarded 0 | bad messages 0 | recv errors 0 send errors 0
  egress (whole run): 31959988 datagrams in 31959988 sends (1.00 per send), 209744 syscalls
  ingress (whole run): 17734508 datagrams in 302700 receive calls (58.59 per call)
  ticks per ladder level (whole run): L0: 1993
  input wait on the server (datagram arrival -> applied): p50 55.2 p99 107.1 max 163.1 mean 55.6 ms
  steady state: stand-ins repeated 69126 frozen 1794 | late inputs 71082 discarded 0
  rewind of near targets (applied step - the input's render step for that tier): p50 202 p99 276 max 342 mean 205.8 ms (n=17259614)
  rewind of mid/far targets (applied step - the input's render step for that tier): p50 335 p99 371 max 467 mean 335.7 ms (n=17259614)
  render times ahead of the server (bogus) 0
  shots 0 (late 0, refused 0, rewinds capped 0) | hits head 0 body 0 (after cover 0, too late 0), kills 0 | ground 0 cover 0 expired 0 | segments 0 candidates 0
