spawn=uniform
egress=sendmmsg
ingress=recvmmsg
rx_gather_us=1000
ladder=on
threads=64
shards=64
sockets=1
peak_clients=10000
steady_ticks=1709
steady_secs=57.0
ingress_p50_ms=1.18
ingress_p99_ms=2.43
ingress_max_ms=2.80
events_p50_ms=3.92
events_p99_ms=4.93
events_max_ms=5.49
movement_p50_ms=0.98
movement_p99_ms=1.23
movement_max_ms=1.45
grid_p50_ms=0.47
grid_p99_ms=0.58
grid_max_ms=0.73
separate_p50_ms=0.56
separate_p99_ms=0.82
separate_max_ms=1.10
history_p50_ms=0.02
history_p99_ms=0.06
history_max_ms=0.07
shots_p50_ms=0.07
shots_p99_ms=0.28
shots_max_ms=0.49
serialize_p50_ms=0.31
serialize_p99_ms=0.40
serialize_max_ms=0.70
assembly_p50_ms=3.24
assembly_p99_ms=4.09
assembly_max_ms=4.48
transport_p50_ms=2.04
transport_p99_ms=2.40
transport_max_ms=2.57
egress_p50_ms=4.09
egress_p99_ms=4.98
egress_max_ms=5.72
tick_p50_ms=17.10
tick_p99_ms=18.82
tick_max_ms=19.94
steady_overruns=0
level_mode=0
tick_hz=30
dilation=1
levels=L0:1709
clients_avg=10000
out_pps=528381
in_pps=298683
egress_mbps=3255.1
packets_per_client_tick=1.76
wire_bytes_per_client_tick=1356
down_kbps_per_client=325.5
up_kbps_per_client=15.0
recv_per_call=58.70
ingress_thread_busy_max_pct=29.9
ingress_thread_busy_mean_pct=29.9
kernel_rcvbuf_drops=0
kernel_sndbuf_drops=0
snapshot_bytes_per_client_tick=1296
near_bytes_per_client_tick=122
activity_bytes_per_client_tick=0.0
near_per_client_tick=15.6
mid_per_client_tick=42.0
far_per_client_tick=58.7
near_scanned_per_query=18
mid_scanned_per_query=55
far_skipped=0
far_starved=0
repeated=69126
frozen=1794
late_inputs=71082
discarded_inputs=0
input_wait_p10_ms=27.6
input_wait_p50_ms=55.2
input_wait_p90_ms=83.9
input_wait_p99_ms=107.1
spawns=10000
despawns=10000
deaths=0
respawns=0
shots=0
shots_late=0
shots_refused=0
rewinds_capped=0
rewinds_trimmed=0
hits_head=0
hits_body=0
hits_ground=0
hits_cover=0
projectiles_expired=0
kills=0
hits_after_cover=0
hits_too_late=0
events=0
tracer_bytes=0
activity_cells=0
activity_sent=0
activity_bytes=0
activity_cut=0
projectile_segments=0
hit_candidates=0
joins_deferred=46266
bad_messages=0
recv_errors=0
send_errors=0
datagrams=31959988
sends=31959988
send_syscalls=209744
rewind_near_p50_ms=202
rewind_near_p99_ms=276
rewind_near_mean_ms=205.8
rewind_mid_p50_ms=335
rewind_mid_p99_ms=371
rewind_mid_mean_ms=335.7
ingress_longest_p50_ms=0.73
ingress_work_p50_ms=36.44
assembly_longest_p50_ms=2.36
assembly_work_p50_ms=111.75
transport_longest_p50_ms=1.68
transport_work_p50_ms=82.30
egress_longest_p50_ms=3.90
egress_work_p50_ms=124.09
