started=1000
welcomed=1000
failed=0
join_p50_ms=279
join_p99_ms=529
join_max_ms=662
corrections=0
corrections_per_bot_minute=0.000
correction_max_m=0.000
push_corrections=26008
push_corrections_per_bot_minute=26.008
push_max_m=0.357
snapshots=1791069
near_per_snapshot=64.1
mid_per_snapshot=86.1
far_per_snapshot=0.0
stale_snapshots=0
resyncs=0
input_applied_p50_ms=69.0
input_applied_p99_ms=87.0
input_applied_mean_ms=68.4
server_wait_p50_ms=50.3
server_wait_p99_ms=68.2
server_wait_mean_ms=50.0
round_trip_p50_ms=100.0
round_trip_p99_ms=133.0
round_trip_mean_ms=101.9
near_interval_p50_ms=66.0
near_interval_p99_ms=66.0
near_interval_mean_ms=53.2
mid_interval_p50_ms=100.0
mid_interval_p99_ms=100.0
mid_interval_mean_ms=100.4
far_interval_p50_ms=0.0
far_interval_p99_ms=0.0
far_interval_mean_ms=0.0
near_interpolated_pct=99.73
near_extrapolated_pct=0.05
near_held_pct=0.00
near_new_pct=0.22
near_pop_p50_mm=0
near_pop_p99_mm=0
mid_interpolated_pct=94.95
mid_extrapolated_pct=2.66
mid_held_pct=1.78
mid_new_pct=0.60
mid_pop_p50_mm=0
mid_pop_p99_mm=145
far_interpolated_pct=0.00
far_extrapolated_pct=0.00
far_held_pct=0.00
far_new_pct=0.00
far_pop_p50_mm=0
far_pop_p99_mm=0
render_delay_ms=100.3
render_snaps=0
render_backwards=0
clock_extra=2763
clock_skipped=1795
backlog_skips=0
near_decode_errors=0
bytes_down_mb=2661.5
bytes_up_mb=111.0
swarm_busy_pct=11
swarm_overruns=2
