minting tokens with the public dev key (--token-key to change)
1000 bots -> 127.0.0.1:40500 on 8 threads, ramp 0/s, 60s, 1000 full + 0 sink bots
[    5s] bots 1000/1000 connected, 1000 welcomed, 0 failed | 26.4 snaps/s/bot, entities/snap near 65.0 mid 87.3 far 0.0 | corrections 0.000/s/bot | down 322 up 13 kbps/bot | rtt 36.6 ms loss 0.00% | input->applied ~ p50 69 p99 88 ms, round trip p50 100 p99 133 ms | joins 1000 (p50 279 p99 529 ms) | server pace 1.00 level 0, 0 bots bandwidth-degraded | swarm busy 11%, overruns 2
[   10s] bots 1000/1000 connected, 1000 welcomed, 0 failed | 31.1 snaps/s/bot, entities/snap near 64.0 mid 86.0 far 0.0 | corrections 0.000/s/bot | down 368 up 15 kbps/bot | rtt 36.7 ms loss 0.00% | input->applied ~ p50 69 p99 86 ms, round trip p50 100 p99 133 ms | joins 0 (p50 0 p99 0 ms) | server pace 1.00 level 0, 0 bots bandwidth-degraded | swarm busy 11%, overruns 0
[   15s] bots 1000/1000 connected, 1000 welcomed, 0 failed | 29.2 snaps/s/bot, entities/snap near 64.0 mid 86.0 far 0.0 | corrections 0.000/s/bot | down 347 up 14 kbps/bot | rtt 36.6 ms loss 0.00% | input->applied ~ p50 69 p99 86 ms, round trip p50 100 p99 133 ms | joins 0 (p50 0 p99 0 ms) | server pace 1.00 level 0, 0 bots bandwidth-degraded | swarm busy 11%, overruns 0
[   20s] bots 1000/1000 connected, 1000 welcomed, 0 failed | 29.9 snaps/s/bot, entities/snap near 64.0 mid 86.0 far 0.0 | corrections 0.000/s/bot | down 355 up 15 kbps/bot | rtt 36.5 ms loss 0.00% | input->applied ~ p50 69 p99 87 ms, round trip p50 100 p99 133 ms | joins 0 (p50 0 p99 0 ms) | server pace 1.00 level 0, 0 bots bandwidth-degraded | swarm busy 11%, overruns 0
[   25s] bots 1000/1000 connected, 1000 welcomed, 0 failed | 30.9 snaps/s/bot, entities/snap near 64.0 mid 86.0 far 0.0 | corrections 0.000/s/bot | down 367 up 15 kbps/bot | rtt 36.6 ms loss 0.00% | input->applied ~ p50 69 p99 86 ms, round trip p50 100 p99 133 ms | joins 0 (p50 0 p99 0 ms) | server pace 1.00 level 0, 0 bots bandwidth-degraded | swarm busy 11%, overruns 0
[   30s] bots 1000/1000 connected, 1000 welcomed, 0 failed | 28.4 snaps/s/bot, entities/snap near 64.0 mid 86.0 far 0.0 | corrections 0.000/s/bot | down 337 up 14 kbps/bot | rtt 36.6 ms loss 0.00% | input->applied ~ p50 68 p99 87 ms, round trip p50 100 p99 133 ms | joins 0 (p50 0 p99 0 ms) | server pace 1.00 level 0, 0 bots bandwidth-degraded | swarm busy 11%, overruns 0
[   35s] bots 1000/1000 connected, 1000 welcomed, 0 failed | 31.3 snaps/s/bot, entities/snap near 64.0 mid 86.0 far 0.0 | corrections 0.000/s/bot | down 371 up 15 kbps/bot | rtt 36.9 ms loss 0.00% | input->applied ~ p50 69 p99 87 ms, round trip p50 100 p99 133 ms | joins 0 (p50 0 p99 0 ms) | server pace 1.00 level 0, 0 bots bandwidth-degraded | swarm busy 11%, overruns 0
[   40s] bots 1000/1000 connected, 1000 welcomed, 0 failed | 29.2 snaps/s/bot, entities/snap near 64.0 mid 86.0 far 0.0 | corrections 0.000/s/bot | down 346 up 14 kbps/bot | rtt 36.7 ms loss 0.00% | input->applied ~ p50 69 p99 87 ms, round trip p50 100 p99 133 ms | joins 0 (p50 0 p99 0 ms) | server pace 1.00 level 0, 0 bots bandwidth-degraded | swarm busy 11%, overruns 0
[   45s] bots 1000/1000 connected, 1000 welcomed, 0 failed | 29.9 snaps/s/bot, entities/snap near 64.0 mid 86.0 far 0.0 | corrections 0.000/s/bot | down 355 up 15 kbps/bot | rtt 36.6 ms loss 0.00% | input->applied ~ p50 69 p99 87 ms, round trip p50 100 p99 133 ms | joins 0 (p50 0 p99 0 ms) | server pace 1.00 level 0, 0 bots bandwidth-degraded | swarm busy 11%, overruns 0
[   50s] bots 1000/1000 connected, 1000 welcomed, 0 failed | 31.2 snaps/s/bot, entities/snap near 64.0 mid 86.0 far 0.0 | corrections 0.000/s/bot | down 371 up 15 kbps/bot | rtt 36.5 ms loss 0.00% | input->applied ~ p50 69 p99 87 ms, round trip p50 100 p99 133 ms | joins 0 (p50 0 p99 0 ms) | server pace 1.00 level 0, 0 bots bandwidth-degraded | swarm busy 11%, overruns 0
[   55s] bots 1000/1000 connected, 1000 welcomed, 0 failed | 28.4 snaps/s/bot, entities/snap near 64.0 mid 86.0 far 0.0 | corrections 0.000/s/bot | down 337 up 14 kbps/bot | rtt 36.7 ms loss 0.00% | input->applied ~ p50 69 p99 87 ms, round trip p50 100 p99 133 ms | joins 0 (p50 0 p99 0 ms) | server pace 1.00 level 0, 0 bots bandwidth-degraded | swarm busy 11%, overruns 0
[   60s] bots 1000/1000 connected, 1000 welcomed, 0 failed | 30.9 snaps/s/bot, entities/snap near 64.0 mid 86.0 far 0.0 | corrections 0.000/s/bot | down 367 up 15 kbps/bot | rtt 36.6 ms loss 0.00% | input->applied ~ p50 69 p99 87 ms, round trip p50 100 p99 133 ms | joins 0 (p50 0 p99 0 ms) | server pace 1.00 level 0, 0 bots bandwidth-degraded | swarm busy 11%, overruns 0

== bots summary ==
  started 1000 welcomed 1000 failed 0
  join latency ms: p50 279 p99 529 max 662 (n=1000)
  corrections 0 (0.00/bot-minute), mean error 0.000 m, max 0.000 m
  push corrections (the server pushed us apart from a crowd) 26008 (26.01/bot-minute), max 0.357 m
  snapshots 1791069 (entities per snapshot: near 64.1 mid 86.1 far 0.0), stale 0, unmatched acks 0, resyncs 0
  input -> applied on server (est. RTT/2 + server wait): p50 69.0 p99 87.0 max 120.0 mean 68.4 ms (n=1789965)
    of which server wait (arrival -> applied): p50 50.3 p99 68.2 max 101.8 mean 50.0 ms (n=1789965)
  input -> seen acked (round trip): p50 100.0 p99 133.0 max 167.0 mean 101.9 ms (n=1789965)
  near entity update interval (tracked bots): p50 66.0 p99 66.0 max 133.0 mean 53.2 ms (n=5726996)
  mid entity update interval (tracked bots): p50 100.0 p99 100.0 max 2100.0 mean 100.4 ms (n=7656639)
  far entity update interval (tracked bots): p50 0.0 p99 0.0 max 0.0 mean 0.0 ms (n=0)
  near drawn (tracked bots): 99.73% interpolated, 0.05% extrapolated, 0.00% held, 0.22% new | pops p50 0 p99 0 max 334 mm
  mid drawn (tracked bots): 94.95% interpolated, 2.66% extrapolated, 1.78% held, 0.60% new | pops p50 0 p99 145 max 17123 mm
  far drawn (tracked bots): 0.00% interpolated, 0.00% extrapolated, 0.00% held, 0.00% new | pops p50 0 p99 0 max 0 mm
  render delay 100.3 ms behind the newest step, clock snaps 0 (backwards 0)
  input clock: 2763 extra inputs, 1795 skipped ticks, 0 backlog skips | near decode errors (tracked bots) 0
  bytes down 2661.5 MB up 111.0 MB | swarm busy 11% of its threads' time, tick overruns 2
