preallocated connections for 10000 clients in 261.682564ms
listening on 127.0.0.1:40500 | spawn Blob | tiers near 64@150 m, mid 500 m, far 1500 m, budget 6250 B/tick, squads of 4 | 8 rayon threads, 64 shards, 1 socket(s), 256 accepts/tick, egress SendMmsg | socket buffers rcv 8192 KiB snd 8192 KiB
WARNING: token key is the public dev key; anyone can mint tokens for this server (--token-key)
[    5s] clients 1000 | level 0 (0-0 in window: 30 Hz, dilation 1.0), pace 1.00, 0.0% clients bandwidth-degraded | tick p50 8.12 p99 10.86 max 15.10 ms, 0 overruns | out 55.5k pps 361 kbps/client, 330 Mbps | in 27.5k pps 16 kbps/client | stand-ins: repeated 0.00% frozen 0.00%, 0 late inputs | per client-tick: 1433 B (near 428 B, 97% deltas), near 64.0 mid 85.9 far 0.0, far skipped 0 starved 0 | input wait p50 50.3 p99 68.9 ms | 632 joins deferred | kernel drops rcv 0 snd 0
         p50/p99 ms: ingress 0.39/1.03  events 0.11/1.40  movement 0.26/0.40  grid 0.17/0.26  separate 0.30/0.38  history 0.00/0.01  serialize 0.04/0.08  assembly 2.20/2.85  transport 0.93/1.72  egress 3.70/4.18
[   10s] clients 1000 | level 0 (0-0 in window: 30 Hz, dilation 1.0), pace 1.00, 0.0% clients bandwidth-degraded | tick p50 8.21 p99 9.13 max 9.16 ms, 0 overruns | out 60.0k pps 356 kbps/client, 356 Mbps | in 30.0k pps 15 kbps/client | stand-ins: repeated 0.00% frozen 0.00%, 0 late inputs | per client-tick: 1418 B (near 412 B, 100% deltas), near 64.0 mid 86.0 far 0.0, far skipped 0 starved 0 | input wait p50 50.2 p99 67.7 ms | 0 joins deferred | kernel drops rcv 0 snd 0
         p50/p99 ms: ingress 0.39/0.57  events 0.11/0.16  movement 0.27/0.35  grid 0.17/0.30  separate 0.31/0.39  history 0.00/0.00  serialize 0.04/0.07  assembly 2.24/2.66  transport 0.91/1.23  egress 3.72/4.36
[   15s] clients 1000 | level 0 (0-0 in window: 30 Hz, dilation 1.0), pace 1.00, 0.0% clients bandwidth-degraded | tick p50 8.22 p99 9.11 max 9.18 ms, 0 overruns | out 60.0k pps 356 kbps/client, 356 Mbps | in 30.0k pps 15 kbps/client | stand-ins: repeated 0.00% frozen 0.00%, 0 late inputs | per client-tick: 1418 B (near 412 B, 100% deltas), near 64.0 mid 86.0 far 0.0, far skipped 0 starved 0 | input wait p50 50.2 p99 68.0 ms | 0 joins deferred | kernel drops rcv 0 snd 0
         p50/p99 ms: ingress 0.39/0.47  events 0.11/0.16  movement 0.27/0.36  grid 0.17/0.26  separate 0.30/0.39  history 0.00/0.00  serialize 0.04/0.07  assembly 2.27/2.66  transport 0.94/1.27  egress 3.70/4.38
[   20s] clients 1000 | level 0 (0-0 in window: 30 Hz, dilation 1.0), pace 1.00, 0.0% clients bandwidth-degraded | tick p50 8.24 p99 9.12 max 9.30 ms, 0 overruns | out 60.0k pps 356 kbps/client, 356 Mbps | in 30.0k pps 15 kbps/client | stand-ins: repeated 0.00% frozen 0.00%, 0 late inputs | per client-tick: 1418 B (near 412 B, 100% deltas), near 64.0 mid 86.0 far 0.0, far skipped 0 starved 0 | input wait p50 50.3 p99 68.2 ms | 0 joins deferred | kernel drops rcv 0 snd 0
         p50/p99 ms: ingress 0.39/0.54  events 0.11/0.18  movement 0.28/0.36  grid 0.16/0.27  separate 0.30/0.38  history 0.00/0.00  serialize 0.04/0.07  assembly 2.23/2.71  transport 0.95/1.29  egress 3.71/4.30
[   25s] clients 1000 | level 0 (0-0 in window: 30 Hz, dilation 1.0), pace 1.00, 0.0% clients bandwidth-degraded | tick p50 8.21 p99 9.05 max 9.15 ms, 0 overruns | out 60.0k pps 356 kbps/client, 356 Mbps | in 30.0k pps 15 kbps/client | stand-ins: repeated 0.00% frozen 0.00%, 0 late inputs | per client-tick: 1419 B (near 413 B, 100% deltas), near 64.0 mid 86.0 far 0.0, far skipped 0 starved 0 | input wait p50 50.3 p99 68.0 ms | 0 joins deferred | kernel drops rcv 0 snd 0
         p50/p99 ms: ingress 0.39/0.66  events 0.11/0.17  movement 0.27/0.36  grid 0.16/0.28  separate 0.30/0.40  history 0.00/0.00  serialize 0.04/0.07  assembly 2.19/2.74  transport 0.94/1.28  egress 3.75/4.35
[   30s] clients 1000 | level 0 (0-0 in window: 30 Hz, dilation 1.0), pace 1.00, 0.0% clients bandwidth-degraded | tick p50 8.14 p99 9.07 max 9.24 ms, 0 overruns | out 60.0k pps 356 kbps/client, 356 Mbps | in 30.0k pps 15 kbps/client | stand-ins: repeated 0.00% frozen 0.00%, 0 late inputs | per client-tick: 1418 B (near 412 B, 100% deltas), near 64.0 mid 86.0 far 0.0, far skipped 0 starved 0 | input wait p50 50.3 p99 68.3 ms | 0 joins deferred | kernel drops rcv 0 snd 0
         p50/p99 ms: ingress 0.38/0.45  events 0.12/0.16  movement 0.27/0.36  grid 0.16/0.26  separate 0.30/0.42  history 0.00/0.00  serialize 0.04/0.07  assembly 2.24/2.60  transport 0.89/1.23  egress 3.71/4.37
[   35s] clients 1000 | level 0 (0-0 in window: 30 Hz, dilation 1.0), pace 1.00, 0.0% clients bandwidth-degraded | tick p50 8.27 p99 9.29 max 10.68 ms, 0 overruns | out 60.0k pps 356 kbps/client, 356 Mbps | in 30.0k pps 15 kbps/client | stand-ins: repeated 0.00% frozen 0.00%, 0 late inputs | per client-tick: 1418 B (near 412 B, 100% deltas), near 64.0 mid 86.0 far 0.0, far skipped 0 starved 0 | input wait p50 50.3 p99 68.2 ms | 0 joins deferred | kernel drops rcv 0 snd 0
         p50/p99 ms: ingress 0.39/0.74  events 0.11/0.17  movement 0.27/0.34  grid 0.17/0.27  separate 0.30/0.39  history 0.00/0.00  serialize 0.04/0.07  assembly 2.24/2.60  transport 0.92/1.32  egress 3.73/4.32
[   40s] clients 1000 | level 0 (0-0 in window: 30 Hz, dilation 1.0), pace 1.00, 0.0% clients bandwidth-degraded | tick p50 8.18 p99 9.20 max 9.23 ms, 0 overruns | out 60.0k pps 356 kbps/client, 356 Mbps | in 30.0k pps 15 kbps/client | stand-ins: repeated 0.00% frozen 0.00%, 0 late inputs | per client-tick: 1418 B (near 412 B, 100% deltas), near 64.0 mid 86.0 far 0.0, far skipped 0 starved 0 | input wait p50 50.3 p99 68.3 ms | 0 joins deferred | kernel drops rcv 0 snd 0
         p50/p99 ms: ingress 0.39/0.55  events 0.11/0.16  movement 0.27/0.36  grid 0.17/0.28  separate 0.30/0.39  history 0.00/0.00  serialize 0.04/0.07  assembly 2.25/2.62  transport 0.91/1.34  egress 3.76/4.35
[   45s] clients 1000 | level 0 (0-0 in window: 30 Hz, dilation 1.0), pace 1.00, 0.0% clients bandwidth-degraded | tick p50 8.19 p99 9.24 max 11.19 ms, 0 overruns | out 60.0k pps 356 kbps/client, 356 Mbps | in 30.0k pps 15 kbps/client | stand-ins: repeated 0.00% frozen 0.00%, 0 late inputs | per client-tick: 1418 B (near 412 B, 100% deltas), near 64.0 mid 86.0 far 0.0, far skipped 0 starved 0 | input wait p50 50.3 p99 68.3 ms | 0 joins deferred | kernel drops rcv 0 snd 0
         p50/p99 ms: ingress 0.39/0.65  events 0.11/0.20  movement 0.28/0.38  grid 0.17/0.28  separate 0.31/0.44  history 0.00/0.00  serialize 0.04/0.07  assembly 2.20/2.80  transport 0.91/1.36  egress 3.71/4.37
[   50s] clients 1000 | level 0 (0-0 in window: 30 Hz, dilation 1.0), pace 1.00, 0.0% clients bandwidth-degraded | tick p50 8.21 p99 8.97 max 9.22 ms, 0 overruns | out 60.0k pps 356 kbps/client, 356 Mbps | in 30.0k pps 15 kbps/client | stand-ins: repeated 0.00% frozen 0.00%, 0 late inputs | per client-tick: 1419 B (near 413 B, 100% deltas), near 64.0 mid 86.0 far 0.0, far skipped 0 starved 0 | input wait p50 50.3 p99 68.2 ms | 0 joins deferred | kernel drops rcv 0 snd 0
         p50/p99 ms: ingress 0.39/0.52  events 0.11/0.18  movement 0.27/0.35  grid 0.17/0.29  separate 0.31/0.38  history 0.00/0.00  serialize 0.04/0.07  assembly 2.24/2.60  transport 0.91/1.32  egress 3.74/4.39
[   55s] clients 1000 | level 0 (0-0 in window: 30 Hz, dilation 1.0), pace 1.00, 0.0% clients bandwidth-degraded | tick p50 8.25 p99 9.13 max 9.48 ms, 0 overruns | out 60.0k pps 356 kbps/client, 356 Mbps | in 30.0k pps 15 kbps/client | stand-ins: repeated 0.00% frozen 0.00%, 0 late inputs | per client-tick: 1419 B (near 413 B, 100% deltas), near 64.0 mid 86.0 far 0.0, far skipped 0 starved 0 | input wait p50 50.3 p99 68.3 ms | 0 joins deferred | kernel drops rcv 0 snd 0
         p50/p99 ms: ingress 0.38/0.47  events 0.11/0.15  movement 0.27/0.39  grid 0.17/0.26  separate 0.30/0.39  history 0.00/0.00  serialize 0.04/0.08  assembly 2.24/2.54  transport 0.96/1.29  egress 3.74/4.32
[   60s] clients 1000 | level 0 (0-0 in window: 30 Hz, dilation 1.0), pace 1.00, 0.0% clients bandwidth-degraded | tick p50 8.20 p99 9.09 max 9.15 ms, 0 overruns | out 60.0k pps 356 kbps/client, 356 Mbps | in 30.0k pps 15 kbps/client | stand-ins: repeated 0.00% frozen 0.00%, 0 late inputs | per client-tick: 1418 B (near 412 B, 100% deltas), near 64.0 mid 86.0 far 0.0, far skipped 0 starved 0 | input wait p50 50.4 p99 68.5 ms | 0 joins deferred | kernel drops rcv 0 snd 0
         p50/p99 ms: ingress 0.39/0.57  events 0.11/0.17  movement 0.26/0.35  grid 0.16/0.26  separate 0.30/0.38  history 0.00/0.00  serialize 0.04/0.07  assembly 2.22/2.58  transport 0.94/1.26  egress 3.75/4.27
[   60s] clients 0 | level 0 (0-0 in window: 30 Hz, dilation 1.0), pace 1.00, 0.0% clients bandwidth-degraded | tick p50 2.68 p99 8.73 max 8.73 ms, 0 overruns | out 24.9k pps 422 kbps/client, 160 Mbps | in 57.8k pps 32 kbps/client | stand-ins: repeated 0.00% frozen 0.00%, 0 late inputs | per client-tick: 1541 B (near 535 B, 76% deltas), near 64.0 mid 86.0 far 0.0, far skipped 0 starved 0 | input wait p50 51.1 p99 66.1 ms | 0 joins deferred | kernel drops rcv 0 snd 0
         p50/p99 ms: ingress 0.41/0.43  events 0.55/0.91  movement 0.09/0.25  grid 0.14/0.15  separate 0.15/0.31  history 0.00/0.00  serialize 0.00/0.05  assembly 0.22/2.03  transport 0.54/0.71  egress 0.20/4.26

== summary: 1709 steady-state ticks (after warmup, before clients drain), peak 1000 clients ==
  phase        p50 ms   p99 ms   max ms
  ingress        0.39     0.55     2.59
  events         0.11     0.17     0.26
  movement       0.27     0.36     0.39
  grid           0.17     0.27     0.34
  separate       0.30     0.39     0.44
  history        0.00     0.00     0.02
  serialize      0.04     0.07     0.09
  assembly       2.23     2.64     2.96
  transport      0.93     1.28     1.43
  egress         3.73     4.35     5.20
  tick           8.21     9.11    11.19
  overruns 0 | spawns 1000 despawns 1000 (632 joins deferred) | stand-ins: repeated 0 frozen 0 | late inputs 0 discarded 0 | bad messages 0 | recv errors 0 send errors 0
  egress (whole run): 3593246 datagrams in 3593246 sends (1.00 per send), 115258 syscalls
  ticks per ladder level (whole run): L0: 1810
  input wait on the server (datagram arrival -> applied): p50 50.3 p99 68.2 max 101.8 mean 50.0 ms
  steady state: stand-ins repeated 0 frozen 0 | late inputs 0 discarded 0
  rewind (applied step - the input's render step, what lag compensation would rewind): p50 200 p99 210 max 267 mean 199.0 ms (n=1787395), render times ahead of the server 0
