== uniform, 10000 bots, 60s -> baselines/2026-10-07-aws-full/uniform-10k-noladder-1
== summary: 1709 steady-state ticks (after warmup, before clients drain), peak 10000 clients ==
  phase        p50 ms   p99 ms   max ms
  ingress        1.22     2.38     2.59
  events         4.12     5.48     6.20
  movement       1.00     1.27     1.40
  grid           0.47     0.64     0.85
  separate       0.57     1.08     1.51
  history        0.02     0.05     0.18
  shots          0.07     0.28     0.53
  serialize      0.31     0.57     0.94
  assembly       3.21     3.93     5.24
  transport      2.02     2.37     5.34
  egress         4.01     4.44     5.55
  tick          17.25    18.94    20.40
  overruns 0 | spawns 10000 despawns 10000 (54390 joins deferred) | deaths 0 respawns 0 | stand-ins: repeated 2162 frozen 0 | late inputs 1904 discarded 0 | bad messages 0 | recv errors 0 send errors 0
  egress (whole run): 31099749 datagrams in 31099749 sends (1.00 per send), 203111 syscalls
  ingress (whole run): 17877453 datagrams in 302123 receive calls (59.17 per call)
  ticks per ladder level (whole run): L0: 1818
  input wait on the server (datagram arrival -> applied): p50 49.8 p99 66.6 max 134.5 mean 50.0 ms
  steady state: stand-ins repeated 0 frozen 0 | late inputs 89 discarded 0
  rewind of near targets (applied step - the input's render step for that tier): p50 133 p99 167 max 269 mean 146.8 ms (n=17668379)
  rewind of mid/far targets (applied step - the input's render step for that tier): p50 267 p99 300 max 361 mean 280.2 ms (n=17668379)
  render times ahead of the server (bogus) 0
  shots 0 (late 0, refused 0, rewinds capped 0) | hits head 0 body 0 (after cover 0, too late 0), kills 0 | ground 0 cover 0 expired 0 | segments 0 candidates 0
== bots summary ==
  started 10000 welcomed 10000 failed 0
  join latency ms: p50 731 p99 1553 max 1786 (n=10000)
  corrections 84 (0.01/bot-minute), mean error 0.079 m, max 0.150 m
  push corrections (the server pushed us apart from a crowd) 6188 (0.62/bot-minute), max 0.101 m
  snapshots 17771970 (entities per snapshot: near 15.6 mid 41.8 far 58.5), stale 0, unmatched acks 0, resyncs 258
  input -> applied on server (est. RTT/2 + server wait): p50 58.0 p99 74.0 max 143.0 mean 57.8 ms (n=17765903)
    of which server wait (arrival -> applied): p50 49.8 p99 66.6 max 134.5 mean 50.0 ms (n=17765903)
  input -> seen acked (round trip): p50 67.0 p99 100.0 max 182.0 mean 81.8 ms (n=17767807)
  near entity update interval (tracked bots): p50 33.0 p99 33.0 max 100.0 mean 33.0 ms (n=13918540)
  mid entity update interval (tracked bots): p50 100.0 p99 100.0 max 500.0 mean 100.2 ms (n=36971938)
  far entity update interval (tracked bots): p50 500.0 p99 500.0 max 2000.0 mean 500.0 ms (n=50904663)
  near drawn (tracked bots): 99.85% interpolated, 0.02% extrapolated, 0.00% held, 0.13% new | pops p50 0 p99 0 max 170 mm
  mid drawn (tracked bots): 99.52% interpolated, 0.13% extrapolated, 0.01% held, 0.34% new | pops p50 0 p99 0 max 4759 mm
  far drawn (tracked bots): 40.15% interpolated, 58.89% extrapolated, 0.51% held, 0.45% new | pops p50 407 p99 3677 max 22245 mm
  render delay (near) 69.7 ms behind the newest step, clock snaps 0 (backwards 0), slewing 4.05% of frames, near delay changes 142 | streak entity-frames (drawn > 20 m/s) 14295368
  input clock: 18953 extra inputs, 5761 skipped ticks, 20 backlog skips | near decode errors (tracked bots) 0
  bytes down 23818.8 MB up 1119.4 MB | swarm busy 27% of its threads' time, tick overruns 392
