spawn=uniform
egress=sendmmsg
ingress=recvmmsg
rx_gather_us=1000
ladder=off
threads=64
shards=64
sockets=1
peak_clients=10000
steady_ticks=1709
steady_secs=57.0
ingress_p50_ms=1.22
ingress_p99_ms=2.38
ingress_max_ms=2.59
events_p50_ms=4.12
events_p99_ms=5.48
events_max_ms=6.20
movement_p50_ms=1.00
movement_p99_ms=1.27
movement_max_ms=1.40
grid_p50_ms=0.47
grid_p99_ms=0.64
grid_max_ms=0.85
separate_p50_ms=0.57
separate_p99_ms=1.08
separate_max_ms=1.51
history_p50_ms=0.02
history_p99_ms=0.05
history_max_ms=0.18
shots_p50_ms=0.07
shots_p99_ms=0.28
shots_max_ms=0.53
serialize_p50_ms=0.31
serialize_p99_ms=0.57
serialize_max_ms=0.94
assembly_p50_ms=3.21
assembly_p99_ms=3.93
assembly_max_ms=5.24
transport_p50_ms=2.02
transport_p99_ms=2.37
transport_max_ms=5.34
egress_p50_ms=4.01
egress_p99_ms=4.44
egress_max_ms=5.55
tick_p50_ms=17.25
tick_p99_ms=18.94
tick_max_ms=20.40
steady_overruns=0
level_mode=0
tick_hz=30
dilation=1
levels=L0:1709
clients_avg=10000
out_pps=525647
in_pps=300291
egress_mbps=3225.6
packets_per_client_tick=1.75
wire_bytes_per_client_tick=1344
down_kbps_per_client=322.6
up_kbps_per_client=15.1
recv_per_call=59.33
ingress_thread_busy_max_pct=29.8
ingress_thread_busy_mean_pct=29.8
kernel_rcvbuf_drops=0
kernel_sndbuf_drops=0
snapshot_bytes_per_client_tick=1284
near_bytes_per_client_tick=110
activity_bytes_per_client_tick=0.0
near_per_client_tick=15.7
mid_per_client_tick=41.9
far_per_client_tick=58.7
near_scanned_per_query=18
mid_scanned_per_query=55
far_skipped=0
far_starved=0
repeated=0
frozen=0
late_inputs=89
discarded_inputs=0
input_wait_p10_ms=36.9
input_wait_p50_ms=49.8
input_wait_p90_ms=63.6
input_wait_p99_ms=66.6
spawns=10000
despawns=10000
deaths=0
respawns=0
shots=0
shots_late=0
shots_refused=0
rewinds_capped=0
rewinds_trimmed=0
hits_head=0
hits_body=0
hits_ground=0
hits_cover=0
projectiles_expired=0
kills=0
hits_after_cover=0
hits_too_late=0
events=0
tracer_bytes=0
activity_cells=0
activity_sent=0
activity_bytes=0
activity_cut=0
projectile_segments=0
hit_candidates=0
joins_deferred=54390
bad_messages=0
recv_errors=0
send_errors=0
datagrams=31099749
sends=31099749
send_syscalls=203111
rewind_near_p50_ms=133
rewind_near_p99_ms=167
rewind_near_mean_ms=146.8
rewind_mid_p50_ms=267
rewind_mid_p99_ms=300
rewind_mid_mean_ms=280.2
ingress_longest_p50_ms=0.76
ingress_work_p50_ms=38.42
assembly_longest_p50_ms=2.18
assembly_work_p50_ms=109.32
transport_longest_p50_ms=1.67
transport_work_p50_ms=81.62
egress_longest_p50_ms=3.82
egress_work_p50_ms=122.69
