preallocated connections for 10000 clients in 248.592996ms
listening on 172.31.17.93:40500 | spawn Uniform | tiers near 64@150 m, mid 500 m, far 1500 m, budget 6250 B/tick, squads of 4 | 64 rayon threads, 64 shards, 1 socket(s), 256 accepts/tick, egress SendMmsg, ingress RecvMmsg | socket buffers rcv 32768 KiB snd 32768 KiB
[    5s] clients 10000 | level 0 (0-0 in window: 30 Hz, dilation 1.0), pace 1.00, 0.0% clients bandwidth-degraded | tick p50 17.16 p99 19.58 max 20.10 ms, 0 overruns | out 384.8k pps 308 kbps/client, 2330 Mbps | in 240.0k pps 19 kbps/client, 57.0 per recv, receive thread busy 25% | stand-ins: repeated 0.19% frozen 0.00%, 1904 late inputs | per client-tick: 1221 B (near 107 B, 99% deltas), near 14.9 mid 39.4 far 55.8, far skipped 0 starved 0 | input wait p50 49.9 p99 80.8 ms | 54390 joins deferred | kernel drops rcv 0 snd 0
         p50/p99 ms: ingress 1.31/7.34  events 4.10/5.53  movement 0.97/1.20  grid 0.47/0.63  separate 0.53/1.05  history 0.02/0.15  shots 0.07/0.28  serialize 0.33/0.70  assembly 3.15/4.56  transport 1.96/2.40  egress 3.87/4.45
[   10s] clients 10000 | level 0 (0-0 in window: 30 Hz, dilation 1.0), pace 1.00, 0.0% clients bandwidth-degraded | tick p50 17.29 p99 19.36 max 19.76 ms, 0 overruns | out 525.8k pps 323 kbps/client, 3225 Mbps | in 299.9k pps 15 kbps/client, 59.3 per recv, receive thread busy 29% | stand-ins: repeated 0.00% frozen 0.00%, 0 late inputs | per client-tick: 1284 B (near 110 B, 100% deltas), near 15.7 mid 41.9 far 58.7, far skipped 0 starved 0 | input wait p50 49.8 p99 66.5 ms | 0 joins deferred | kernel drops rcv 0 snd 0
         p50/p99 ms: ingress 1.21/2.45  events 4.15/5.64  movement 1.00/1.28  grid 0.47/0.61  separate 0.57/1.12  history 0.02/0.04  shots 0.07/0.23  serialize 0.31/0.58  assembly 3.23/4.09  transport 2.02/2.42  egress 4.02/4.33
[   15s] clients 10000 | level 0 (0-0 in window: 30 Hz, dilation 1.0), pace 1.00, 0.0% clients bandwidth-degraded | tick p50 17.20 p99 18.42 max 18.63 ms, 0 overruns | out 525.6k pps 323 kbps/client, 3225 Mbps | in 299.9k pps 15 kbps/client, 59.2 per recv, receive thread busy 30% | stand-ins: repeated 0.00% frozen 0.00%, 0 late inputs | per client-tick: 1284 B (near 110 B, 100% deltas), near 15.7 mid 41.9 far 58.7, far skipped 0 starved 0 | input wait p50 49.8 p99 66.5 ms | 0 joins deferred | kernel drops rcv 0 snd 0
         p50/p99 ms: ingress 1.23/2.37  events 4.05/4.83  movement 0.99/1.37  grid 0.47/0.59  separate 0.58/1.18  history 0.02/0.05  shots 0.07/0.26  serialize 0.31/0.54  assembly 3.22/3.88  transport 2.04/2.36  egress 4.01/4.44
[   20s] clients 10000 | level 0 (0-0 in window: 30 Hz, dilation 1.0), pace 1.00, 0.0% clients bandwidth-degraded | tick p50 17.35 p99 18.92 max 19.35 ms, 0 overruns | out 525.4k pps 322 kbps/client, 3225 Mbps | in 299.9k pps 15 kbps/client, 59.5 per recv, receive thread busy 30% | stand-ins: repeated 0.00% frozen 0.00%, 0 late inputs | per client-tick: 1284 B (near 110 B, 100% deltas), near 15.7 mid 41.9 far 58.7, far skipped 0 starved 0 | input wait p50 49.8 p99 66.5 ms | 0 joins deferred | kernel drops rcv 0 snd 0
         p50/p99 ms: ingress 1.23/2.38  events 4.14/5.35  movement 1.01/1.30  grid 0.48/0.61  separate 0.57/1.09  history 0.02/0.06  shots 0.07/0.28  serialize 0.32/0.57  assembly 3.20/3.99  transport 2.01/2.37  egress 4.00/4.46
[   25s] clients 10000 | level 0 (0-0 in window: 30 Hz, dilation 1.0), pace 1.00, 0.0% clients bandwidth-degraded | tick p50 17.19 p99 18.81 max 18.83 ms, 0 overruns | out 525.6k pps 322 kbps/client, 3224 Mbps | in 299.9k pps 15 kbps/client, 59.3 per recv, receive thread busy 30% | stand-ins: repeated 0.00% frozen 0.00%, 0 late inputs | per client-tick: 1284 B (near 110 B, 100% deltas), near 15.7 mid 41.9 far 58.7, far skipped 0 starved 0 | input wait p50 49.8 p99 66.6 ms | 0 joins deferred | kernel drops rcv 0 snd 0
         p50/p99 ms: ingress 1.22/2.40  events 4.12/5.28  movement 1.00/1.25  grid 0.47/0.60  separate 0.56/1.11  history 0.02/0.17  shots 0.07/0.30  serialize 0.32/0.51  assembly 3.19/3.91  transport 2.02/2.38  egress 4.00/4.44
[   30s] clients 10000 | level 0 (0-0 in window: 30 Hz, dilation 1.0), pace 1.00, 0.0% clients bandwidth-degraded | tick p50 17.31 p99 18.54 max 18.65 ms, 0 overruns | out 525.7k pps 323 kbps/client, 3226 Mbps | in 299.9k pps 15 kbps/client, 59.6 per recv, receive thread busy 30% | stand-ins: repeated 0.00% frozen 0.00%, 0 late inputs | per client-tick: 1284 B (near 110 B, 100% deltas), near 15.7 mid 41.9 far 58.7, far skipped 0 starved 0 | input wait p50 49.8 p99 66.6 ms | 0 joins deferred | kernel drops rcv 0 snd 0
         p50/p99 ms: ingress 1.21/1.91  events 4.12/5.12  movement 1.01/1.29  grid 0.48/0.60  separate 0.57/1.09  history 0.02/0.05  shots 0.07/0.27  serialize 0.31/0.50  assembly 3.19/3.88  transport 2.04/2.39  egress 4.00/4.42
[   35s] clients 10000 | level 0 (0-0 in window: 30 Hz, dilation 1.0), pace 1.00, 0.0% clients bandwidth-degraded | tick p50 17.17 p99 19.21 max 19.29 ms, 0 overruns | out 525.4k pps 322 kbps/client, 3224 Mbps | in 299.9k pps 15 kbps/client, 59.2 per recv, receive thread busy 30% | stand-ins: repeated 0.00% frozen 0.00%, 0 late inputs | per client-tick: 1284 B (near 110 B, 100% deltas), near 15.7 mid 41.9 far 58.7, far skipped 0 starved 0 | input wait p50 49.9 p99 66.6 ms | 0 joins deferred | kernel drops rcv 0 snd 0
         p50/p99 ms: ingress 1.21/2.48  events 4.13/5.67  movement 0.99/1.16  grid 0.47/0.62  separate 0.56/1.04  history 0.02/0.06  shots 0.07/0.29  serialize 0.32/0.66  assembly 3.22/4.02  transport 2.02/2.35  egress 3.99/4.49
[   40s] clients 10000 | level 0 (0-0 in window: 30 Hz, dilation 1.0), pace 1.00, 0.0% clients bandwidth-degraded | tick p50 17.26 p99 19.03 max 19.12 ms, 0 overruns | out 525.6k pps 323 kbps/client, 3225 Mbps | in 299.9k pps 15 kbps/client, 59.4 per recv, receive thread busy 31% | stand-ins: repeated 0.00% frozen 0.00%, 0 late inputs | per client-tick: 1284 B (near 110 B, 100% deltas), near 15.7 mid 42.0 far 58.7, far skipped 0 starved 0 | input wait p50 49.8 p99 66.6 ms | 0 joins deferred | kernel drops rcv 0 snd 0
         p50/p99 ms: ingress 1.21/2.39  events 4.17/5.48  movement 1.00/1.25  grid 0.47/0.64  separate 0.56/1.08  history 0.02/0.05  shots 0.07/0.29  serialize 0.31/0.57  assembly 3.22/3.82  transport 2.02/2.43  egress 4.02/4.64
[   45s] clients 10000 | level 0 (0-0 in window: 30 Hz, dilation 1.0), pace 1.00, 0.0% clients bandwidth-degraded | tick p50 17.20 p99 18.70 max 18.78 ms, 0 overruns | out 525.5k pps 323 kbps/client, 3225 Mbps | in 299.8k pps 15 kbps/client, 59.3 per recv, receive thread busy 29% | stand-ins: repeated 0.00% frozen 0.00%, 0 late inputs | per client-tick: 1284 B (near 110 B, 100% deltas), near 15.7 mid 41.9 far 58.7, far skipped 0 starved 0 | input wait p50 49.8 p99 66.6 ms | 0 joins deferred | kernel drops rcv 0 snd 0
         p50/p99 ms: ingress 1.21/2.23  events 4.11/5.39  movement 1.00/1.20  grid 0.47/0.64  separate 0.57/1.01  history 0.02/0.05  shots 0.07/0.27  serialize 0.31/0.60  assembly 3.17/3.84  transport 2.02/2.35  egress 4.01/4.40
[   50s] clients 10000 | level 0 (0-0 in window: 30 Hz, dilation 1.0), pace 1.00, 0.0% clients bandwidth-degraded | tick p50 17.27 p99 19.40 max 19.43 ms, 0 overruns | out 525.5k pps 322 kbps/client, 3225 Mbps | in 299.9k pps 15 kbps/client, 59.4 per recv, receive thread busy 30% | stand-ins: repeated 0.00% frozen 0.00%, 0 late inputs | per client-tick: 1284 B (near 110 B, 100% deltas), near 15.7 mid 41.9 far 58.7, far skipped 0 starved 0 | input wait p50 49.8 p99 66.6 ms | 0 joins deferred | kernel drops rcv 0 snd 0
         p50/p99 ms: ingress 1.21/2.26  events 4.16/5.74  movement 1.01/1.21  grid 0.47/0.68  separate 0.56/1.05  history 0.02/0.06  shots 0.07/0.28  serialize 0.31/0.57  assembly 3.22/3.98  transport 2.02/2.29  egress 4.02/4.37
[   55s] clients 10000 | level 0 (0-0 in window: 30 Hz, dilation 1.0), pace 1.00, 0.0% clients bandwidth-degraded | tick p50 17.22 p99 19.05 max 19.70 ms, 0 overruns | out 525.3k pps 322 kbps/client, 3224 Mbps | in 299.9k pps 15 kbps/client, 59.2 per recv, receive thread busy 30% | stand-ins: repeated 0.00% frozen 0.00%, 0 late inputs | per client-tick: 1284 B (near 110 B, 100% deltas), near 15.7 mid 41.9 far 58.7, far skipped 0 starved 0 | input wait p50 49.8 p99 66.5 ms | 0 joins deferred | kernel drops rcv 0 snd 0
         p50/p99 ms: ingress 1.22/2.40  events 4.09/5.60  movement 0.99/1.25  grid 0.47/0.71  separate 0.56/1.01  history 0.02/0.05  shots 0.07/0.40  serialize 0.31/0.56  assembly 3.21/3.90  transport 2.03/2.31  egress 4.02/4.38
[   60s] clients 10000 | level 0 (0-0 in window: 30 Hz, dilation 1.0), pace 1.00, 0.0% clients bandwidth-degraded | tick p50 17.27 p99 18.97 max 19.07 ms, 0 overruns | out 525.5k pps 322 kbps/client, 3225 Mbps | in 299.9k pps 15 kbps/client, 59.3 per recv, receive thread busy 29% | stand-ins: repeated 0.00% frozen 0.00%, 0 late inputs | per client-tick: 1284 B (near 110 B, 100% deltas), near 15.7 mid 41.9 far 58.7, far skipped 0 starved 0 | input wait p50 49.8 p99 66.5 ms | 0 joins deferred | kernel drops rcv 0 snd 0
         p50/p99 ms: ingress 1.21/2.38  events 4.08/5.59  movement 0.99/1.30  grid 0.47/0.74  separate 0.56/1.07  history 0.02/0.05  shots 0.07/0.29  serialize 0.31/0.57  assembly 3.20/3.90  transport 2.01/2.35  egress 3.99/4.49
[   61s] clients 0 | level 0 (0-0 in window: 30 Hz, dilation 1.0), pace 1.00, 0.0% clients bandwidth-degraded | tick p50 17.09 p99 30.67 max 30.67 ms, 0 overruns | out 426.8k pps 323 kbps/client, 2596 Mbps | in 336.5k pps 17 kbps/client, 59.6 per recv, receive thread busy 33% | stand-ins: repeated 0.00% frozen 0.00%, 0 late inputs | per client-tick: 1254 B (near 108 B, 100% deltas), near 15.3 mid 40.9 far 57.3, far skipped 0 starved 0 | input wait p50 49.8 p99 66.5 ms | 0 joins deferred | kernel drops rcv 0 snd 0
         p50/p99 ms: ingress 1.24/7.22  events 3.90/19.06  movement 1.04/1.12  grid 0.47/0.48  separate 0.55/1.20  history 0.02/0.03  shots 0.07/0.18  serialize 0.30/0.53  assembly 3.25/3.44  transport 2.00/5.34  egress 3.96/4.02

== summary: 1709 steady-state ticks (after warmup, before clients drain), peak 10000 clients ==
  phase        p50 ms   p99 ms   max ms
  ingress        1.22     2.38     2.59
  events         4.12     5.48     6.20
  movement       1.00     1.27     1.40
  grid           0.47     0.64     0.85
  separate       0.57     1.08     1.51
  history        0.02     0.05     0.18
  shots          0.07     0.28     0.53
  serialize      0.31     0.57     0.94
  assembly       3.21     3.93     5.24
  transport      2.02     2.37     5.34
  egress         4.01     4.44     5.55
  tick          17.25    18.94    20.40
  overruns 0 | spawns 10000 despawns 10000 (54390 joins deferred) | deaths 0 respawns 0 | stand-ins: repeated 2162 frozen 0 | late inputs 1904 discarded 0 | bad messages 0 | recv errors 0 send errors 0
  egress (whole run): 31099749 datagrams in 31099749 sends (1.00 per send), 203111 syscalls
  ingress (whole run): 17877453 datagrams in 302123 receive calls (59.17 per call)
  ticks per ladder level (whole run): L0: 1818
  input wait on the server (datagram arrival -> applied): p50 49.8 p99 66.6 max 134.5 mean 50.0 ms
  steady state: stand-ins repeated 0 frozen 0 | late inputs 89 discarded 0
  rewind of near targets (applied step - the input's render step for that tier): p50 133 p99 167 max 269 mean 146.8 ms (n=17668379)
  rewind of mid/far targets (applied step - the input's render step for that tier): p50 267 p99 300 max 361 mean 280.2 ms (n=17668379)
  render times ahead of the server (bogus) 0
  shots 0 (late 0, refused 0, rewinds capped 0) | hits head 0 body 0 (after cover 0, too late 0), kills 0 | ground 0 cover 0 expired 0 | segments 0 candidates 0
