started=1000
welcomed=1000
failed=0
join_p50_ms=351
join_p99_ms=562
join_max_ms=616
corrections=155
corrections_per_bot_minute=0.155
correction_max_m=0.291
push_corrections=25132
push_corrections_per_bot_minute=25.132
push_max_m=0.415
snapshots=1575579
near_per_snapshot=72.8
mid_per_snapshot=97.8
far_per_snapshot=0.0
stale_snapshots=213584
resyncs=0
input_applied_p50_ms=90.0
input_applied_p99_ms=136.0
input_applied_mean_ms=90.4
server_wait_p50_ms=55.7
server_wait_p99_ms=102.4
server_wait_mean_ms=56.1
round_trip_p50_ms=167.0
round_trip_p99_ms=200.0
round_trip_mean_ms=155.8
near_interval_p50_ms=66.0
near_interval_p99_ms=66.0
near_interval_mean_ms=56.1
mid_interval_p50_ms=100.0
mid_interval_p99_ms=100.0
mid_interval_mean_ms=100.4
far_interval_p50_ms=0.0
far_interval_p99_ms=0.0
far_interval_mean_ms=0.0
near_interpolated_pct=99.80
near_extrapolated_pct=0.06
near_held_pct=0.00
near_new_pct=0.13
near_pop_p50_mm=0
near_pop_p99_mm=2
mid_interpolated_pct=96.39
mid_extrapolated_pct=1.19
mid_held_pct=1.34
mid_new_pct=1.08
mid_pop_p50_mm=0
mid_pop_p99_mm=0
far_interpolated_pct=0.00
far_extrapolated_pct=0.00
far_held_pct=0.00
far_new_pct=0.00
far_pop_p50_mm=0
far_pop_p99_mm=0
render_delay_ms=133.7
render_snaps=0
render_backwards=0
clock_extra=6922
clock_skipped=5848
backlog_skips=113
near_decode_errors=0
bytes_down_mb=2706.1
bytes_up_mb=112.4
swarm_busy_pct=11
swarm_overruns=4
