minting tokens with the public dev key (--token-key to change)
1000 bots -> 127.0.0.1:40500 on 8 threads, ramp 0/s, 60s, 1000 full + 0 sink bots
[    5s] bots 1000/1000 connected, 1000 welcomed, 0 failed | 22.9 snaps/s/bot, entities/snap near 74.1 mid 99.5 far 0.0 | corrections 0.007/s/bot | down 324 up 13 kbps/bot | rtt 68.5 ms loss 0.00% | input->applied ~ p50 90 p99 139 ms, round trip p50 167 p99 200 ms | joins 1000 (p50 351 p99 562 ms) | server pace 1.00 level 0, 0 bots bandwidth-degraded | swarm busy 11%, overruns 4
[   10s] bots 1000/1000 connected, 1000 welcomed, 0 failed | 27.3 snaps/s/bot, entities/snap near 72.6 mid 97.6 far 0.0 | corrections 0.003/s/bot | down 373 up 16 kbps/bot | rtt 68.1 ms loss 0.00% | input->applied ~ p50 90 p99 136 ms, round trip p50 167 p99 200 ms | joins 0 (p50 0 p99 0 ms) | server pace 1.00 level 0, 0 bots bandwidth-degraded | swarm busy 11%, overruns 0
[   15s] bots 1000/1000 connected, 1000 welcomed, 0 failed | 25.0 snaps/s/bot, entities/snap near 72.6 mid 97.6 far 0.0 | corrections 0.002/s/bot | down 343 up 14 kbps/bot | rtt 68.7 ms loss 0.00% | input->applied ~ p50 90 p99 136 ms, round trip p50 167 p99 200 ms | joins 0 (p50 0 p99 0 ms) | server pace 1.00 level 0, 0 bots bandwidth-degraded | swarm busy 11%, overruns 0
[   20s] bots 1000/1000 connected, 1000 welcomed, 0 failed | 27.5 snaps/s/bot, entities/snap near 72.7 mid 97.7 far 0.0 | corrections 0.002/s/bot | down 377 up 16 kbps/bot | rtt 68.5 ms loss 0.00% | input->applied ~ p50 90 p99 136 ms, round trip p50 167 p99 200 ms | joins 0 (p50 0 p99 0 ms) | server pace 1.00 level 0, 0 bots bandwidth-degraded | swarm busy 11%, overruns 0
[   25s] bots 1000/1000 connected, 1000 welcomed, 0 failed | 26.7 snaps/s/bot, entities/snap near 72.7 mid 97.7 far 0.0 | corrections 0.002/s/bot | down 366 up 15 kbps/bot | rtt 68.5 ms loss 0.00% | input->applied ~ p50 90 p99 137 ms, round trip p50 167 p99 200 ms | joins 0 (p50 0 p99 0 ms) | server pace 1.00 level 0, 0 bots bandwidth-degraded | swarm busy 11%, overruns 0
[   30s] bots 1000/1000 connected, 1000 welcomed, 0 failed | 25.4 snaps/s/bot, entities/snap near 72.6 mid 97.6 far 0.0 | corrections 0.002/s/bot | down 348 up 14 kbps/bot | rtt 68.5 ms loss 0.00% | input->applied ~ p50 90 p99 137 ms, round trip p50 167 p99 200 ms | joins 0 (p50 0 p99 0 ms) | server pace 1.00 level 0, 0 bots bandwidth-degraded | swarm busy 11%, overruns 0
[   35s] bots 1000/1000 connected, 1000 welcomed, 0 failed | 27.4 snaps/s/bot, entities/snap near 72.5 mid 97.5 far 0.0 | corrections 0.001/s/bot | down 374 up 16 kbps/bot | rtt 68.7 ms loss 0.00% | input->applied ~ p50 90 p99 136 ms, round trip p50 167 p99 200 ms | joins 0 (p50 0 p99 0 ms) | server pace 1.00 level 0, 0 bots bandwidth-degraded | swarm busy 11%, overruns 0
[   40s] bots 1000/1000 connected, 1000 welcomed, 0 failed | 26.1 snaps/s/bot, entities/snap near 72.6 mid 97.6 far 0.0 | corrections 0.002/s/bot | down 357 up 15 kbps/bot | rtt 68.6 ms loss 0.00% | input->applied ~ p50 90 p99 136 ms, round trip p50 167 p99 200 ms | joins 0 (p50 0 p99 0 ms) | server pace 1.00 level 0, 0 bots bandwidth-degraded | swarm busy 11%, overruns 0
[   45s] bots 1000/1000 connected, 1000 welcomed, 0 failed | 25.9 snaps/s/bot, entities/snap near 72.7 mid 97.7 far 0.0 | corrections 0.002/s/bot | down 355 up 15 kbps/bot | rtt 68.5 ms loss 0.00% | input->applied ~ p50 90 p99 136 ms, round trip p50 167 p99 200 ms | joins 0 (p50 0 p99 0 ms) | server pace 1.00 level 0, 0 bots bandwidth-degraded | swarm busy 11%, overruns 0
[   50s] bots 1000/1000 connected, 1000 welcomed, 0 failed | 27.4 snaps/s/bot, entities/snap near 72.8 mid 97.9 far 0.0 | corrections 0.003/s/bot | down 377 up 16 kbps/bot | rtt 68.5 ms loss 0.00% | input->applied ~ p50 90 p99 136 ms, round trip p50 167 p99 200 ms | joins 0 (p50 0 p99 0 ms) | server pace 1.00 level 0, 0 bots bandwidth-degraded | swarm busy 11%, overruns 0
[   55s] bots 1000/1000 connected, 1000 welcomed, 0 failed | 25.8 snaps/s/bot, entities/snap near 72.7 mid 97.6 far 0.0 | corrections 0.002/s/bot | down 354 up 15 kbps/bot | rtt 68.3 ms loss 0.00% | input->applied ~ p50 90 p99 136 ms, round trip p50 167 p99 200 ms | joins 0 (p50 0 p99 0 ms) | server pace 1.00 level 0, 0 bots bandwidth-degraded | swarm busy 11%, overruns 0
[   60s] bots 1000/1000 connected, 1000 welcomed, 0 failed | 26.3 snaps/s/bot, entities/snap near 72.7 mid 97.6 far 0.0 | corrections 0.003/s/bot | down 361 up 15 kbps/bot | rtt 68.5 ms loss 0.00% | input->applied ~ p50 90 p99 137 ms, round trip p50 167 p99 200 ms | joins 0 (p50 0 p99 0 ms) | server pace 1.00 level 0, 0 bots bandwidth-degraded | swarm busy 11%, overruns 0

== bots summary ==
  started 1000 welcomed 1000 failed 0
  join latency ms: p50 351 p99 562 max 616 (n=1000)
  corrections 155 (0.15/bot-minute), mean error 0.079 m, max 0.291 m
  push corrections (the server pushed us apart from a crowd) 25132 (25.13/bot-minute), max 0.415 m
  snapshots 1575579 (entities per snapshot: near 72.8 mid 97.8 far 0.0), stale 213584, unmatched acks 0, resyncs 0
  input -> applied on server (est. RTT/2 + server wait): p50 90.0 p99 136.0 max 190.0 mean 90.4 ms (n=1570513)
    of which server wait (arrival -> applied): p50 55.7 p99 102.4 max 151.2 mean 56.1 ms (n=1570513)
  input -> seen acked (round trip): p50 167.0 p99 200.0 max 267.0 mean 155.8 ms (n=1573223)
  near entity update interval (tracked bots): p50 66.0 p99 66.0 max 200.0 mean 56.1 ms (n=5423398)
  mid entity update interval (tracked bots): p50 100.0 p99 100.0 max 2200.0 mean 100.4 ms (n=7646377)
  far entity update interval (tracked bots): p50 0.0 p99 0.0 max 0.0 mean 0.0 ms (n=0)
  near drawn (tracked bots): 99.80% interpolated, 0.06% extrapolated, 0.00% held, 0.13% new | pops p50 0 p99 2 max 452 mm
  mid drawn (tracked bots): 96.39% interpolated, 1.19% extrapolated, 1.34% held, 1.08% new | pops p50 0 p99 0 max 17245 mm
  far drawn (tracked bots): 0.00% interpolated, 0.00% extrapolated, 0.00% held, 0.00% new | pops p50 0 p99 0 max 0 mm
  render delay (near) 133.7 ms behind the newest step, clock snaps 0 (backwards 0)
  input clock: 6922 extra inputs, 5848 skipped ticks, 113 backlog skips | near decode errors (tracked bots) 0
  bytes down 2706.1 MB up 112.4 MB | swarm busy 11% of its threads' time, tick overruns 4
