preallocated connections for 10000 clients in 256.194887ms
listening on 127.0.0.1:40500 | spawn Blob | tiers near 64@150 m, mid 500 m, far 1500 m, budget 6250 B/tick, squads of 4 | 8 rayon threads, 64 shards, 1 socket(s), 256 accepts/tick, egress SendMmsg | socket buffers rcv 8192 KiB snd 8192 KiB
WARNING: token key is the public dev key; anyone can mint tokens for this server (--token-key)
[    5s] clients 1000 | level 0 (0-0 in window: 30 Hz, dilation 1.0), pace 1.00, 0.0% clients bandwidth-degraded | tick p50 9.73 p99 11.70 max 22.25 ms, 0 overruns | out 55.2k pps 369 kbps/client, 335 Mbps | in 26.9k pps 16 kbps/client | stand-ins: repeated 0.41% frozen 0.01%, 547 late inputs | per client-tick: 1464 B (near 459 B, 95% deltas), near 64.0 mid 85.9 far 0.0, far skipped 0 starved 0 | input wait p50 55.0 p99 105.0 ms | 145 joins deferred | kernel drops rcv 0 snd 0
         p50/p99 ms: ingress 0.41/1.39  events 0.11/1.41  movement 0.26/0.70  grid 0.14/0.33  separate 0.30/0.65  history 0.00/0.03  serialize 0.04/0.22  assembly 2.40/3.32  transport 1.06/2.09  egress 4.81/5.93
[   10s] clients 1000 | level 0 (0-0 in window: 30 Hz, dilation 1.0), pace 1.00, 0.0% clients bandwidth-degraded | tick p50 9.73 p99 10.96 max 11.04 ms, 0 overruns | out 60.0k pps 362 kbps/client, 362 Mbps | in 29.9k pps 15 kbps/client | stand-ins: repeated 0.14% frozen 0.00%, 216 late inputs | per client-tick: 1443 B (near 437 B, 99% deltas), near 64.0 mid 86.0 far 0.0, far skipped 0 starved 0 | input wait p50 55.6 p99 101.9 ms | 0 joins deferred | kernel drops rcv 0 snd 0
         p50/p99 ms: ingress 0.42/0.87  events 0.12/0.63  movement 0.26/0.57  grid 0.15/0.73  separate 0.30/0.54  history 0.00/0.04  serialize 0.04/0.25  assembly 2.42/2.94  transport 1.03/1.40  egress 4.86/5.76
[   15s] clients 1000 | level 0 (0-0 in window: 30 Hz, dilation 1.0), pace 1.00, 0.0% clients bandwidth-degraded | tick p50 9.73 p99 12.23 max 13.00 ms, 0 overruns | out 60.0k pps 362 kbps/client, 362 Mbps | in 29.9k pps 15 kbps/client | stand-ins: repeated 0.15% frozen 0.00%, 223 late inputs | per client-tick: 1445 B (near 439 B, 99% deltas), near 64.0 mid 86.0 far 0.0, far skipped 0 starved 0 | input wait p50 55.8 p99 102.4 ms | 0 joins deferred | kernel drops rcv 0 snd 0
         p50/p99 ms: ingress 0.42/1.16  events 0.12/0.65  movement 0.26/0.53  grid 0.15/0.61  separate 0.30/0.59  history 0.00/0.00  serialize 0.04/0.18  assembly 2.41/2.88  transport 0.99/1.70  egress 4.85/5.72
[   20s] clients 1000 | level 0 (0-0 in window: 30 Hz, dilation 1.0), pace 1.00, 0.0% clients bandwidth-degraded | tick p50 9.76 p99 11.01 max 11.11 ms, 0 overruns | out 60.0k pps 362 kbps/client, 362 Mbps | in 29.9k pps 15 kbps/client | stand-ins: repeated 0.15% frozen 0.00%, 219 late inputs | per client-tick: 1444 B (near 438 B, 99% deltas), near 64.0 mid 86.0 far 0.0, far skipped 0 starved 0 | input wait p50 55.8 p99 101.8 ms | 0 joins deferred | kernel drops rcv 0 snd 0
         p50/p99 ms: ingress 0.41/1.22  events 0.12/0.56  movement 0.26/0.66  grid 0.15/0.47  separate 0.31/0.65  history 0.00/0.04  serialize 0.04/0.21  assembly 2.42/2.88  transport 1.04/1.34  egress 4.91/5.66
[   25s] clients 1000 | level 0 (0-0 in window: 30 Hz, dilation 1.0), pace 1.00, 0.0% clients bandwidth-degraded | tick p50 9.77 p99 10.98 max 11.10 ms, 0 overruns | out 60.0k pps 362 kbps/client, 362 Mbps | in 29.9k pps 15 kbps/client | stand-ins: repeated 0.16% frozen 0.00%, 241 late inputs | per client-tick: 1445 B (near 439 B, 99% deltas), near 64.0 mid 86.0 far 0.0, far skipped 0 starved 0 | input wait p50 55.8 p99 102.8 ms | 0 joins deferred | kernel drops rcv 0 snd 0
         p50/p99 ms: ingress 0.41/0.87  events 0.12/0.67  movement 0.26/0.50  grid 0.15/0.53  separate 0.30/0.65  history 0.00/0.01  serialize 0.04/0.22  assembly 2.43/2.92  transport 1.06/1.39  egress 4.88/5.79
[   30s] clients 1000 | level 0 (0-0 in window: 30 Hz, dilation 1.0), pace 1.00, 0.0% clients bandwidth-degraded | tick p50 9.74 p99 11.14 max 12.46 ms, 0 overruns | out 60.0k pps 362 kbps/client, 362 Mbps | in 29.9k pps 15 kbps/client | stand-ins: repeated 0.16% frozen 0.00%, 236 late inputs | per client-tick: 1444 B (near 438 B, 99% deltas), near 64.0 mid 86.0 far 0.0, far skipped 0 starved 0 | input wait p50 55.8 p99 102.6 ms | 0 joins deferred | kernel drops rcv 0 snd 0
         p50/p99 ms: ingress 0.41/0.93  events 0.12/0.57  movement 0.27/0.56  grid 0.15/0.51  separate 0.30/0.61  history 0.00/0.02  serialize 0.04/0.19  assembly 2.42/2.87  transport 1.05/1.39  egress 4.85/6.00
[   35s] clients 1000 | level 0 (0-0 in window: 30 Hz, dilation 1.0), pace 1.00, 0.0% clients bandwidth-degraded | tick p50 9.78 p99 10.87 max 12.46 ms, 0 overruns | out 60.0k pps 362 kbps/client, 362 Mbps | in 29.9k pps 15 kbps/client | stand-ins: repeated 0.14% frozen 0.00%, 207 late inputs | per client-tick: 1442 B (near 436 B, 99% deltas), near 64.0 mid 86.0 far 0.0, far skipped 0 starved 0 | input wait p50 55.6 p99 101.6 ms | 0 joins deferred | kernel drops rcv 0 snd 0
         p50/p99 ms: ingress 0.42/1.17  events 0.12/0.46  movement 0.26/0.71  grid 0.15/0.44  separate 0.30/0.54  history 0.00/0.01  serialize 0.04/0.14  assembly 2.42/2.88  transport 1.07/1.38  egress 4.85/5.72
[   40s] clients 1000 | level 0 (0-0 in window: 30 Hz, dilation 1.0), pace 1.00, 0.0% clients bandwidth-degraded | tick p50 9.78 p99 11.06 max 11.22 ms, 0 overruns | out 60.0k pps 362 kbps/client, 362 Mbps | in 29.9k pps 15 kbps/client | stand-ins: repeated 0.17% frozen 0.00%, 245 late inputs | per client-tick: 1444 B (near 438 B, 99% deltas), near 64.0 mid 86.0 far 0.0, far skipped 0 starved 0 | input wait p50 55.7 p99 102.1 ms | 0 joins deferred | kernel drops rcv 0 snd 0
         p50/p99 ms: ingress 0.41/0.94  events 0.12/0.57  movement 0.27/0.57  grid 0.14/0.41  separate 0.30/0.55  history 0.00/0.00  serialize 0.04/0.15  assembly 2.43/3.09  transport 1.06/1.43  egress 4.95/5.66
[   45s] clients 1000 | level 0 (0-0 in window: 30 Hz, dilation 1.0), pace 1.00, 0.0% clients bandwidth-degraded | tick p50 9.69 p99 10.84 max 11.05 ms, 0 overruns | out 60.0k pps 362 kbps/client, 362 Mbps | in 29.9k pps 15 kbps/client | stand-ins: repeated 0.14% frozen 0.00%, 219 late inputs | per client-tick: 1444 B (near 438 B, 99% deltas), near 64.0 mid 86.0 far 0.0, far skipped 0 starved 0 | input wait p50 55.5 p99 101.7 ms | 0 joins deferred | kernel drops rcv 0 snd 0
         p50/p99 ms: ingress 0.41/1.01  events 0.12/0.48  movement 0.26/0.78  grid 0.14/0.47  separate 0.30/0.45  history 0.00/0.02  serialize 0.04/0.11  assembly 2.41/2.99  transport 1.06/1.35  egress 4.89/5.81
[   50s] clients 1000 | level 0 (0-0 in window: 30 Hz, dilation 1.0), pace 1.00, 0.0% clients bandwidth-degraded | tick p50 9.91 p99 16.23 max 22.64 ms, 0 overruns | out 60.0k pps 362 kbps/client, 362 Mbps | in 29.9k pps 15 kbps/client | stand-ins: repeated 0.17% frozen 0.00%, 247 late inputs | per client-tick: 1445 B (near 439 B, 99% deltas), near 64.0 mid 86.0 far 0.0, far skipped 0 starved 0 | input wait p50 55.6 p99 102.3 ms | 0 joins deferred | kernel drops rcv 0 snd 0
         p50/p99 ms: ingress 0.42/0.88  events 0.12/0.60  movement 0.27/0.74  grid 0.15/0.55  separate 0.31/0.54  history 0.00/0.00  serialize 0.04/0.26  assembly 2.43/3.17  transport 1.08/1.42  egress 4.95/10.18
[   55s] clients 1000 | level 0 (0-0 in window: 30 Hz, dilation 1.0), pace 1.00, 0.0% clients bandwidth-degraded | tick p50 9.72 p99 11.19 max 11.35 ms, 0 overruns | out 60.0k pps 362 kbps/client, 362 Mbps | in 29.9k pps 15 kbps/client | stand-ins: repeated 0.17% frozen 0.00%, 252 late inputs | per client-tick: 1443 B (near 437 B, 99% deltas), near 64.0 mid 86.0 far 0.0, far skipped 0 starved 0 | input wait p50 55.8 p99 102.2 ms | 0 joins deferred | kernel drops rcv 0 snd 0
         p50/p99 ms: ingress 0.41/1.04  events 0.12/0.67  movement 0.27/0.52  grid 0.15/0.50  separate 0.30/0.73  history 0.00/0.00  serialize 0.04/0.14  assembly 2.39/2.86  transport 1.05/1.42  egress 4.92/5.53
[   60s] clients 1000 | level 0 (0-0 in window: 30 Hz, dilation 1.0), pace 1.00, 0.0% clients bandwidth-degraded | tick p50 9.84 p99 11.71 max 11.88 ms, 0 overruns | out 60.0k pps 362 kbps/client, 362 Mbps | in 29.9k pps 15 kbps/client | stand-ins: repeated 0.16% frozen 0.00%, 250 late inputs | per client-tick: 1445 B (near 439 B, 99% deltas), near 64.0 mid 86.0 far 0.0, far skipped 0 starved 0 | input wait p50 55.9 p99 102.6 ms | 0 joins deferred | kernel drops rcv 0 snd 0
         p50/p99 ms: ingress 0.42/1.19  events 0.12/0.45  movement 0.26/0.67  grid 0.15/0.49  separate 0.31/0.57  history 0.00/0.03  serialize 0.04/0.22  assembly 2.46/3.13  transport 1.07/1.36  egress 4.89/5.91
[   60s] clients 0 | level 0 (0-0 in window: 30 Hz, dilation 1.0), pace 1.00, 0.0% clients bandwidth-degraded | tick p50 9.56 p99 10.80 max 10.80 ms, 0 overruns | out 29.9k pps 390 kbps/client, 186 Mbps | in 34.7k pps 23 kbps/client | stand-ins: repeated 0.38% frozen 0.00%, 8 late inputs | per client-tick: 1488 B (near 488 B, 90% deltas), near 63.8 mid 85.5 far 0.0, far skipped 0 starved 0 | input wait p50 56.3 p99 106.3 ms | 0 joins deferred | kernel drops rcv 0 snd 0
         p50/p99 ms: ingress 0.40/0.78  events 0.15/1.06  movement 0.21/0.65  grid 0.15/0.23  separate 0.28/0.31  history 0.00/0.00  serialize 0.02/0.06  assembly 1.45/2.36  transport 0.48/1.07  egress 5.04/6.04

== summary: 1708 steady-state ticks (after warmup, before clients drain), peak 1000 clients ==
  phase        p50 ms   p99 ms   max ms
  ingress        0.41     1.01     4.35
  events         0.12     0.56     0.81
  movement       0.26     0.62     0.81
  grid           0.15     0.51     0.81
  separate       0.30     0.58     0.83
  history        0.00     0.01     0.09
  serialize      0.04     0.21     0.30
  assembly       2.42     2.93     5.03
  transport      1.05     1.39     4.76
  egress         4.89     5.76    17.61
  tick           9.77    11.12    22.64
  overruns 0 | spawns 1000 despawns 1000 (145 joins deferred) | stand-ins: repeated 3099 frozen 12 | late inputs 3110 discarded 0 | bad messages 0 | recv errors 0 send errors 0
  egress (whole run): 3593405 datagrams in 3593405 sends (1.00 per send), 115288 syscalls
  ticks per ladder level (whole run): L0: 1812
  input wait on the server (datagram arrival -> applied): p50 55.7 p99 102.4 max 151.2 mean 56.1 ms
  steady state: stand-ins repeated 2622 frozen 0 | late inputs 2619 discarded 0
  rewind of near targets (applied step - the input's render step for that tier): p50 200 p99 268 max 307 mean 199.3 ms (n=1781014)
  rewind of mid/far targets (applied step - the input's render step for that tier): p50 333 p99 367 max 402 mean 329.2 ms (n=1781014)
  render times ahead of the server (bogus) 0
