spawn=uniform
egress=sendmmsg
ladder=off
threads=32
shards=64
peak_clients=10000
steady_ticks=1258
steady_secs=41.9
ingress_p50_ms=1.43
ingress_p99_ms=1.57
ingress_max_ms=1.61
events_p50_ms=2.42
events_p99_ms=2.51
events_max_ms=2.65
movement_p50_ms=0.21
movement_p99_ms=0.23
movement_max_ms=0.24
grid_p50_ms=0.39
grid_p99_ms=0.43
grid_max_ms=0.45
history_p50_ms=0.01
history_p99_ms=0.01
history_max_ms=0.02
serialize_p50_ms=0.15
serialize_p99_ms=0.18
serialize_max_ms=0.19
assembly_p50_ms=4.21
assembly_p99_ms=4.73
assembly_max_ms=4.93
transport_p50_ms=3.15
transport_p99_ms=3.46
transport_max_ms=3.56
egress_p50_ms=4.37
egress_p99_ms=5.02
egress_max_ms=5.17
tick_p50_ms=16.29
tick_p99_ms=17.37
tick_max_ms=17.62
steady_overruns=0
level_mode=0
tick_hz=30
dilation=1
levels=L0:1258
clients_avg=10000
out_pps=523608
in_pps=300517
egress_mbps=3150.3
packets_per_client_tick=1.74
wire_bytes_per_client_tick=1312
down_kbps_per_client=315.0
up_kbps_per_client=12.0
kernel_rcvbuf_drops=0
kernel_sndbuf_drops=0
snapshot_bytes_per_client_tick=1253
near_bytes_per_client_tick=95
near_per_client_tick=15.7
mid_per_client_tick=41.9
far_per_client_tick=58.7
far_skipped=0
far_starved=0
repeated=0
frozen=0
late_inputs=0
discarded_inputs=0
input_wait_p50_ms=49.2
input_wait_p99_ms=65.3
spawns=10000
despawns=10000
joins_deferred=53401
bad_messages=0
recv_errors=0
send_errors=0
datagrams=23129440
sends=23129440
send_syscalls=149661
