preallocated connections for 10000 clients in 217.357453ms
listening on 172.16.8.2:40500 | spawn Uniform | tiers near 64@150 m, mid 500 m, far 1500 m, budget 6250 B/tick, squads of 4 | 32 rayon threads, 64 shards, 256 accepts/tick, egress SendMmsg | socket buffers rcv 32768 KiB snd 32768 KiB
[    5s] clients 10000 | level 0 (0-0 in window: 30 Hz, dilation 1.0), pace 1.00, 0.0% clients bandwidth-degraded | tick p50 16.48 p99 18.14 max 18.83 ms, 0 overruns | out 373.5k pps 300 kbps/client, 2220 Mbps | in 235.4k pps 16 kbps/client | stand-ins: repeated 0.00% frozen 0.00%, 0 late inputs | per client-tick: 1190 B (near 92 B, 99% deltas), near 14.9 mid 39.4 far 55.7, far skipped 0 starved 0 | input wait p50 49.7 p99 66.1 ms | 53401 joins deferred | kernel drops rcv 0 snd 0
         p50/p99 ms: ingress 1.50/7.44  events 2.31/3.68  movement 0.21/0.24  grid 0.35/0.42  history 0.01/0.05  serialize 0.16/0.30  assembly 4.08/4.85  transport 3.05/3.38  egress 4.59/5.06
[   10s] clients 10000 | level 0 (0-0 in window: 30 Hz, dilation 1.0), pace 1.00, 0.0% clients bandwidth-degraded | tick p50 16.34 p99 17.22 max 17.38 ms, 0 overruns | out 523.3k pps 315 kbps/client, 3148 Mbps | in 300.0k pps 12 kbps/client | stand-ins: repeated 0.00% frozen 0.00%, 0 late inputs | per client-tick: 1253 B (near 95 B, 100% deltas), near 15.7 mid 41.9 far 58.7, far skipped 0 starved 0 | input wait p50 48.8 p99 65.3 ms | 0 joins deferred | kernel drops rcv 0 snd 0
         p50/p99 ms: ingress 1.36/1.56  events 2.38/2.44  movement 0.21/0.23  grid 0.39/0.42  history 0.01/0.01  serialize 0.14/0.19  assembly 3.98/4.55  transport 3.12/3.36  egress 4.76/5.04
[   15s] clients 10000 | level 0 (0-0 in window: 30 Hz, dilation 1.0), pace 1.00, 0.0% clients bandwidth-degraded | tick p50 16.22 p99 17.14 max 17.21 ms, 0 overruns | out 523.5k pps 315 kbps/client, 3149 Mbps | in 300.0k pps 12 kbps/client | stand-ins: repeated 0.00% frozen 0.00%, 0 late inputs | per client-tick: 1253 B (near 95 B, 100% deltas), near 15.7 mid 41.9 far 58.7, far skipped 0 starved 0 | input wait p50 48.7 p99 65.3 ms | 0 joins deferred | kernel drops rcv 0 snd 0
         p50/p99 ms: ingress 1.37/1.52  events 2.42/2.46  movement 0.21/0.24  grid 0.39/0.42  history 0.01/0.01  serialize 0.14/0.17  assembly 3.97/4.34  transport 3.10/3.31  egress 4.63/5.02
[   20s] clients 10000 | level 0 (0-0 in window: 30 Hz, dilation 1.0), pace 1.00, 0.0% clients bandwidth-degraded | tick p50 16.20 p99 17.15 max 17.52 ms, 0 overruns | out 523.3k pps 315 kbps/client, 3149 Mbps | in 300.0k pps 12 kbps/client | stand-ins: repeated 0.00% frozen 0.00%, 0 late inputs | per client-tick: 1253 B (near 95 B, 100% deltas), near 15.7 mid 41.9 far 58.7, far skipped 0 starved 0 | input wait p50 48.6 p99 65.3 ms | 0 joins deferred | kernel drops rcv 0 snd 0
         p50/p99 ms: ingress 1.36/1.52  events 2.45/2.53  movement 0.21/0.23  grid 0.39/0.43  history 0.01/0.01  serialize 0.14/0.18  assembly 3.95/4.55  transport 3.11/3.39  egress 4.54/5.09
[   25s] clients 10000 | level 0 (0-0 in window: 30 Hz, dilation 1.0), pace 1.00, 0.0% clients bandwidth-degraded | tick p50 15.71 p99 16.66 max 16.78 ms, 0 overruns | out 523.4k pps 315 kbps/client, 3149 Mbps | in 300.0k pps 12 kbps/client | stand-ins: repeated 0.00% frozen 0.00%, 0 late inputs | per client-tick: 1253 B (near 95 B, 100% deltas), near 15.7 mid 41.9 far 58.7, far skipped 0 starved 0 | input wait p50 49.2 p99 65.3 ms | 0 joins deferred | kernel drops rcv 0 snd 0
         p50/p99 ms: ingress 1.35/1.57  events 2.46/2.52  movement 0.21/0.23  grid 0.40/0.44  history 0.01/0.01  serialize 0.14/0.18  assembly 4.00/4.71  transport 3.10/3.36  egress 3.95/4.66
[   30s] clients 10000 | level 0 (0-0 in window: 30 Hz, dilation 1.0), pace 1.00, 0.0% clients bandwidth-degraded | tick p50 16.60 p99 17.47 max 17.47 ms, 0 overruns | out 523.4k pps 315 kbps/client, 3149 Mbps | in 300.0k pps 12 kbps/client | stand-ins: repeated 0.00% frozen 0.00%, 0 late inputs | per client-tick: 1253 B (near 95 B, 100% deltas), near 15.7 mid 41.9 far 58.7, far skipped 0 starved 0 | input wait p50 49.6 p99 65.3 ms | 0 joins deferred | kernel drops rcv 0 snd 0
         p50/p99 ms: ingress 1.50/1.58  events 2.45/2.49  movement 0.20/0.23  grid 0.39/0.42  history 0.01/0.01  serialize 0.14/0.17  assembly 4.32/4.81  transport 3.18/3.47  egress 4.43/4.94
[   35s] clients 10000 | level 0 (0-0 in window: 30 Hz, dilation 1.0), pace 1.00, 0.0% clients bandwidth-degraded | tick p50 16.13 p99 16.95 max 17.13 ms, 0 overruns | out 523.4k pps 315 kbps/client, 3149 Mbps | in 300.0k pps 12 kbps/client | stand-ins: repeated 0.00% frozen 0.00%, 0 late inputs | per client-tick: 1253 B (near 95 B, 100% deltas), near 15.8 mid 41.9 far 58.7, far skipped 0 starved 0 | input wait p50 49.7 p99 65.3 ms | 0 joins deferred | kernel drops rcv 0 snd 0
         p50/p99 ms: ingress 1.48/1.57  events 2.40/2.45  movement 0.20/0.23  grid 0.39/0.43  history 0.01/0.01  serialize 0.15/0.18  assembly 4.31/4.78  transport 3.19/3.41  egress 4.00/4.73
[   40s] clients 10000 | level 0 (0-0 in window: 30 Hz, dilation 1.0), pace 1.00, 0.0% clients bandwidth-degraded | tick p50 16.74 p99 17.51 max 17.62 ms, 0 overruns | out 523.6k pps 315 kbps/client, 3150 Mbps | in 300.0k pps 12 kbps/client | stand-ins: repeated 0.00% frozen 0.00%, 0 late inputs | per client-tick: 1253 B (near 95 B, 100% deltas), near 15.7 mid 41.9 far 58.7, far skipped 0 starved 0 | input wait p50 49.7 p99 65.3 ms | 0 joins deferred | kernel drops rcv 0 snd 0
         p50/p99 ms: ingress 1.48/1.58  events 2.41/2.45  movement 0.21/0.23  grid 0.39/0.42  history 0.01/0.01  serialize 0.15/0.18  assembly 4.38/4.81  transport 3.24/3.54  egress 4.49/4.88
[   45s] clients 10000 | level 0 (0-0 in window: 30 Hz, dilation 1.0), pace 1.00, 0.0% clients bandwidth-degraded | tick p50 16.25 p99 17.17 max 17.42 ms, 0 overruns | out 523.6k pps 315 kbps/client, 3150 Mbps | in 299.9k pps 12 kbps/client | stand-ins: repeated 0.00% frozen 0.00%, 0 late inputs | per client-tick: 1253 B (near 95 B, 100% deltas), near 15.7 mid 41.9 far 58.7, far skipped 0 starved 0 | input wait p50 49.2 p99 65.3 ms | 0 joins deferred | kernel drops rcv 0 snd 0
         p50/p99 ms: ingress 1.45/1.56  events 2.40/2.55  movement 0.20/0.23  grid 0.39/0.43  history 0.01/0.01  serialize 0.15/0.17  assembly 4.34/4.74  transport 3.18/3.45  egress 4.11/4.84
[   46s] clients 0 | level 0 (0-0 in window: 30 Hz, dilation 1.0), pace 1.00, 0.0% clients bandwidth-degraded | tick p50 16.39 p99 21.53 max 21.53 ms, 0 overruns | out 468.7k pps 309 kbps/client, 2819 Mbps | in 313.9k pps 12 kbps/client | stand-ins: repeated 0.00% frozen 0.00%, 0 late inputs | per client-tick: 1235 B (near 94 B, 100% deltas), near 15.5 mid 41.2 far 57.9, far skipped 0 starved 0 | input wait p50 49.1 p99 65.3 ms | 0 joins deferred | kernel drops rcv 0 snd 0
         p50/p99 ms: ingress 1.42/4.96  events 2.40/11.47  movement 0.20/0.23  grid 0.39/0.43  history 0.01/0.01  serialize 0.14/0.17  assembly 4.29/4.69  transport 3.20/3.41  egress 4.15/4.90

== summary: 1258 steady-state ticks (after warmup, before clients drain), peak 10000 clients ==
  phase        p50 ms   p99 ms   max ms
  ingress        1.43     1.57     1.61
  events         2.42     2.51     2.65
  movement       0.21     0.23     0.24
  grid           0.39     0.43     0.45
  history        0.01     0.01     0.02
  serialize      0.15     0.18     0.19
  assembly       4.21     4.73     4.93
  transport      3.15     3.46     3.56
  egress         4.37     5.02     5.17
  tick          16.29    17.37    17.62
  overruns 0 | spawns 10000 despawns 10000 (53401 joins deferred) | stand-ins: repeated 0 frozen 0 | late inputs 0 discarded 0 | bad messages 0 | recv errors 0 send errors 0
  egress (whole run): 23129440 datagrams in 23129440 sends (1.00 per send), 149661 syscalls
  ticks per ladder level (whole run): L0: 1371
  input wait on the server (datagram arrival -> applied): p50 49.2 p99 65.3 max 71.3 mean 49.7 ms
  steady state: stand-ins repeated 0 frozen 0 | late inputs 0 discarded 0
