5000 bots -> 172.31.17.93:14500 on 28 threads x 8 slots, ramp 0/s, 60s, 5000 full + 0 sink bots
[    5s] bots 5000/5000 connected, 5000 welcomed, 0 failed | 18.1 snaps/s/bot, entities/snap near 9.4 mid 20.7 far 32.5 | corrections 0.000/s/bot | down 118 up 12 kbps/bot | rtt 100.2 ms loss 0.00% | input->applied ~ p50 103 p99 146 ms, round trip p50 167 p99 233 ms | joins 5000 (p50 543 p99 1191 ms) | server pace 1.00 level 0, 0 bots bandwidth-degraded | swarm busy 13%, overruns 133
[   10s] bots 5000/5000 connected, 5000 welcomed, 0 failed | 22.4 snaps/s/bot, entities/snap near 9.4 mid 20.9 far 32.7 | corrections 0.000/s/bot | down 146 up 15 kbps/bot | rtt 100.1 ms loss 0.00% | input->applied ~ p50 105 p99 146 ms, round trip p50 167 p99 233 ms | joins 0 (p50 0 p99 0 ms) | server pace 1.00 level 0, 0 bots bandwidth-degraded | swarm busy 15%, overruns 0
[   15s] bots 5000/5000 connected, 5000 welcomed, 0 failed | 22.1 snaps/s/bot, entities/snap near 9.2 mid 20.8 far 32.7 | corrections 0.000/s/bot | down 144 up 16 kbps/bot | rtt 100.1 ms loss 0.00% | input->applied ~ p50 105 p99 146 ms, round trip p50 167 p99 233 ms | joins 0 (p50 0 p99 0 ms) | server pace 1.00 level 0, 0 bots bandwidth-degraded | swarm busy 15%, overruns 0
[   20s] bots 5000/5000 connected, 5000 welcomed, 0 failed | 22.3 snaps/s/bot, entities/snap near 9.2 mid 20.8 far 32.7 | corrections 0.000/s/bot | down 145 up 16 kbps/bot | rtt 100.3 ms loss 0.00% | input->applied ~ p50 105 p99 146 ms, round trip p50 167 p99 233 ms | joins 0 (p50 0 p99 0 ms) | server pace 1.00 level 0, 0 bots bandwidth-degraded | swarm busy 15%, overruns 0
[   25s] bots 5000/5000 connected, 5000 welcomed, 0 failed | 22.3 snaps/s/bot, entities/snap near 9.2 mid 20.8 far 32.6 | corrections 0.000/s/bot | down 144 up 15 kbps/bot | rtt 100.2 ms loss 0.00% | input->applied ~ p50 105 p99 146 ms, round trip p50 167 p99 233 ms | joins 0 (p50 0 p99 0 ms) | server pace 1.00 level 0, 0 bots bandwidth-degraded | swarm busy 15%, overruns 0
[   30s] bots 5000/5000 connected, 5000 welcomed, 0 failed | 22.3 snaps/s/bot, entities/snap near 9.2 mid 20.8 far 32.7 | corrections 0.000/s/bot | down 145 up 16 kbps/bot | rtt 100.3 ms loss 0.00% | input->applied ~ p50 105 p99 146 ms, round trip p50 167 p99 233 ms | joins 0 (p50 0 p99 0 ms) | server pace 1.00 level 0, 0 bots bandwidth-degraded | swarm busy 15%, overruns 0
[   35s] bots 5000/5000 connected, 5000 welcomed, 0 failed | 22.2 snaps/s/bot, entities/snap near 9.2 mid 20.7 far 32.7 | corrections 0.000/s/bot | down 143 up 16 kbps/bot | rtt 100.3 ms loss 0.00% | input->applied ~ p50 105 p99 146 ms, round trip p50 167 p99 233 ms | joins 0 (p50 0 p99 0 ms) | server pace 1.00 level 0, 0 bots bandwidth-degraded | swarm busy 15%, overruns 0
[   40s] bots 5000/5000 connected, 5000 welcomed, 0 failed | 22.1 snaps/s/bot, entities/snap near 9.2 mid 20.7 far 32.6 | corrections 0.000/s/bot | down 143 up 16 kbps/bot | rtt 100.1 ms loss 0.00% | input->applied ~ p50 105 p99 146 ms, round trip p50 167 p99 233 ms | joins 0 (p50 0 p99 0 ms) | server pace 1.00 level 0, 0 bots bandwidth-degraded | swarm busy 15%, overruns 0
[   45s] bots 5000/5000 connected, 5000 welcomed, 0 failed | 22.1 snaps/s/bot, entities/snap near 9.1 mid 20.7 far 32.7 | corrections 0.000/s/bot | down 143 up 15 kbps/bot | rtt 100.2 ms loss 0.00% | input->applied ~ p50 105 p99 146 ms, round trip p50 167 p99 233 ms | joins 0 (p50 0 p99 0 ms) | server pace 1.00 level 0, 0 bots bandwidth-degraded | swarm busy 15%, overruns 0
[   50s] bots 5000/5000 connected, 5000 welcomed, 0 failed | 22.2 snaps/s/bot, entities/snap near 9.1 mid 20.8 far 32.7 | corrections 0.000/s/bot | down 143 up 15 kbps/bot | rtt 100.1 ms loss 0.00% | input->applied ~ p50 105 p99 146 ms, round trip p50 167 p99 233 ms | joins 0 (p50 0 p99 0 ms) | server pace 1.00 level 0, 0 bots bandwidth-degraded | swarm busy 15%, overruns 0
[   55s] bots 5000/5000 connected, 5000 welcomed, 0 failed | 22.1 snaps/s/bot, entities/snap near 9.1 mid 20.8 far 32.7 | corrections 0.000/s/bot | down 143 up 16 kbps/bot | rtt 100.1 ms loss 0.00% | input->applied ~ p50 105 p99 146 ms, round trip p50 167 p99 233 ms | joins 0 (p50 0 p99 0 ms) | server pace 1.00 level 0, 0 bots bandwidth-degraded | swarm busy 15%, overruns 0
[   60s] bots 5000/5000 connected, 5000 welcomed, 0 failed | 22.3 snaps/s/bot, entities/snap near 9.1 mid 20.8 far 32.7 | corrections 0.000/s/bot | down 144 up 16 kbps/bot | rtt 100.0 ms loss 0.00% | input->applied ~ p50 105 p99 146 ms, round trip p50 167 p99 233 ms | joins 0 (p50 0 p99 0 ms) | server pace 1.00 level 0, 0 bots bandwidth-degraded | swarm busy 16%, overruns 0

== bots summary ==
  started 5000 welcomed 5000 failed 0
  join latency ms: p50 543 p99 1191 max 2732 (n=5000)
  corrections 0 (0.00/bot-minute), mean error 0.000 m, max 0.000 m
  push corrections (the server pushed us apart from a crowd) 1035 (0.21/bot-minute), max 0.331 m
  snapshots 6588414 (entities per snapshot: near 9.2 mid 20.8 far 32.7), stale 0, unmatched acks 0, resyncs 0
  input -> applied on server (est. RTT/2 + server wait): p50 105.0 p99 146.0 max 151.0 mean 100.2 ms (n=6575759)
    of which server wait (arrival -> applied): p50 50.5 p99 67.3 max 77.1 mean 50.4 ms (n=6575759)
  input -> seen acked (round trip): p50 167.0 p99 233.0 max 258.0 mean 166.4 ms (n=6575759)
  near entity update interval (tracked bots): p50 33.0 p99 166.0 max 2166.0 mean 43.9 ms (n=5342657)
  mid entity update interval (tracked bots): p50 100.0 p99 500.0 max 2200.0 mean 133.0 ms (n=14237196)
  far entity update interval (tracked bots): p50 500.0 p99 1500.0 max 2000.0 mean 601.5 ms (n=20486161)
  near drawn (tracked bots): 98.31% interpolated, 1.50% extrapolated, 0.03% held, 0.16% new | pops p50 0 p99 2 max 15708 mm
  mid drawn (tracked bots): 90.72% interpolated, 7.95% extrapolated, 0.85% held, 0.48% new | pops p50 0 p99 767 max 25040 mm
  far drawn (tracked bots): 30.18% interpolated, 55.54% extrapolated, 12.37% held, 1.91% new | pops p50 642 p99 7971 max 65535 mm
  render delay (near) 120.3 ms behind the newest step, clock snaps 0 (backwards 0), slewing 6.05% of frames, near delay changes 1773 | streak entity-frames (drawn > 20 m/s) 12137297
  fighters, class 0: 167 at rtt 30.1 ms | 33672 shots, 6026 hits (17.9%), 1181 kills
  fighters, class 1: 167 at rtt 110.0 ms | 37423 shots, 6436 hits (17.2%), 1261 kills
  fighters, class 2: 166 at rtt 160.6 ms | 38378 shots, 6328 hits (16.5%), 1219 kills
  others' shots (tracked bots): 316146 as tracers | distant fights: 5542547 cell entries counting 24849861 shots, 19568335 ambient shots made
  input clock: 10524 extra inputs, 5505 skipped ticks, 0 backlog skips | near decode errors (tracked bots) 0
  bytes down 5334.4 MB up 573.5 MB | swarm busy 15% of its threads' time, tick overruns 133
