spawn=uniform
egress=sendmmsg
ingress=recvmmsg
rx_gather_us=1000
ladder=on
threads=64
shards=64
sockets=1
peak_clients=5000
steady_ticks=1708
steady_secs=56.9
ingress_p50_ms=0.81
ingress_p99_ms=1.13
ingress_max_ms=1.74
events_p50_ms=2.05
events_p99_ms=2.58
events_max_ms=3.02
movement_p50_ms=0.62
movement_p99_ms=0.87
movement_max_ms=0.98
grid_p50_ms=0.35
grid_p99_ms=0.42
grid_max_ms=0.68
separate_p50_ms=0.34
separate_p99_ms=0.65
separate_max_ms=0.91
history_p50_ms=0.01
history_p99_ms=0.02
history_max_ms=0.04
shots_p50_ms=1.71
shots_p99_ms=2.14
shots_max_ms=2.44
serialize_p50_ms=0.21
serialize_p99_ms=0.27
serialize_max_ms=0.46
assembly_p50_ms=1.35
assembly_p99_ms=1.87
assembly_max_ms=2.14
transport_p50_ms=0.92
transport_p99_ms=1.26
transport_max_ms=1.41
egress_p50_ms=1.31
egress_p99_ms=1.61
egress_max_ms=1.90
tick_p50_ms=9.87
tick_p99_ms=10.85
tick_max_ms=11.30
steady_overruns=0
level_mode=0
tick_hz=30
dilation=1
levels=L0:1708
clients_avg=5000
out_pps=157972
in_pps=150024
egress_mbps=973.1
packets_per_client_tick=1.05
wire_bytes_per_client_tick=811
down_kbps_per_client=194.6
up_kbps_per_client=15.4
recv_per_call=51.69
ingress_thread_busy_max_pct=15.0
ingress_thread_busy_mean_pct=15.0
kernel_rcvbuf_drops=0
kernel_sndbuf_drops=0
snapshot_bytes_per_client_tick=771
near_bytes_per_client_tick=71
activity_bytes_per_client_tick=43.5
near_per_client_tick=9.2
mid_per_client_tick=20.8
far_per_client_tick=32.7
near_scanned_per_query=10
mid_scanned_per_query=28
far_skipped=0
far_starved=0
repeated=0
frozen=0
late_inputs=0
discarded_inputs=0
input_wait_p10_ms=37.0
input_wait_p50_ms=50.5
input_wait_p90_ms=63.6
input_wait_p99_ms=67.3
spawns=5000
despawns=5000
deaths=3696
respawns=3484
shots=568210
shots_late=0
shots_refused=1452
rewinds_capped=379357
rewinds_trimmed=45
rewinds_trimmed_mid=45
hits_head=1276
hits_body=20235
hits_ground=351881
hits_cover=38117
projectiles_expired=156701
kills=3696
hits_after_cover=436
hits_too_late=2022
events=68515
tracer_bytes=60490693
activity_cells=127172
activity_sent=76250825
activity_bytes=388591861
activity_cut=0
projectile_segments=25557965
hit_candidates=524548
trim_excess_p50_steps=0.3
trim_excess_p99_steps=0.8
trim_excess_max_steps=0.8
joins_deferred=8540
bad_messages=0
recv_errors=0
send_errors=0
datagrams=9576551
sends=9576551
send_syscalls=124902
rewind_near_p50_ms=233
rewind_near_p99_ms=367
rewind_near_mean_ms=236.4
rewind_mid_p50_ms=367
rewind_mid_p99_ms=433
rewind_mid_mean_ms=364.3
ingress_longest_p50_ms=0.35
ingress_work_p50_ms=16.96
assembly_longest_p50_ms=0.85
assembly_work_p50_ms=41.81
transport_longest_p50_ms=0.61
transport_work_p50_ms=28.18
egress_longest_p50_ms=1.20
egress_work_p50_ms=37.29
