preallocated connections for 10000 clients in 253.531418ms
listening on 172.31.17.93:14500 | spawn Uniform | tiers near 64@150 m, mid 500 m, far 1500 m, budget 6250 B/tick, squads of 4 | 64 rayon threads, 64 shards, 1 socket(s), 256 accepts/tick, egress SendMmsg, ingress RecvMmsg | socket buffers rcv 32768 KiB snd 32768 KiB
[    5s] clients 5000 | level 0 (0-0 in window: 30 Hz, dilation 1.0), pace 1.00, 0.0% clients bandwidth-degraded | tick p50 9.78 p99 10.90 max 11.30 ms, 0 overruns | out 132.9k pps 193 kbps/client, 792 Mbps | in 123.4k pps 17 kbps/client, 50.8 per recv, receive thread busy 13% | stand-ins: repeated 0.00% frozen 0.00%, 0 late inputs | per client-tick: 759 B (near 74 B, 95% deltas), near 9.2 mid 20.3 far 31.8, far skipped 0 starved 0 | input wait p50 50.6 p99 67.4 ms | 8540 joins deferred | kernel drops rcv 0 snd 0
         p50/p99 ms: ingress 0.81/2.64  events 2.06/3.10  movement 0.60/0.71  grid 0.35/0.40  separate 0.33/0.64  history 0.01/0.08  shots 1.69/2.14  serialize 0.21/0.28  assembly 1.32/1.82  transport 0.91/1.24  egress 1.29/1.59
[   10s] clients 5000 | level 0 (0-0 in window: 30 Hz, dilation 1.0), pace 1.00, 0.0% clients bandwidth-degraded | tick p50 9.93 p99 10.85 max 10.99 ms, 0 overruns | out 158.0k pps 195 kbps/client, 977 Mbps | in 149.9k pps 15 kbps/client, 52.1 per recv, receive thread busy 15% | stand-ins: repeated 0.00% frozen 0.00%, 0 late inputs | per client-tick: 775 B (near 71 B, 99% deltas), near 9.4 mid 20.9 far 32.7, far skipped 0 starved 0 | input wait p50 50.5 p99 67.3 ms | 0 joins deferred | kernel drops rcv 0 snd 0
         p50/p99 ms: ingress 0.81/1.18  events 2.06/2.84  movement 0.61/0.73  grid 0.35/0.40  separate 0.34/0.65  history 0.01/0.02  shots 1.70/2.05  serialize 0.21/0.27  assembly 1.39/1.92  transport 0.95/1.40  egress 1.32/1.65
[   15s] clients 5000 | level 0 (0-0 in window: 30 Hz, dilation 1.0), pace 1.00, 0.0% clients bandwidth-degraded | tick p50 9.86 p99 11.06 max 11.15 ms, 0 overruns | out 158.1k pps 195 kbps/client, 976 Mbps | in 149.9k pps 15 kbps/client, 51.8 per recv, receive thread busy 15% | stand-ins: repeated 0.00% frozen 0.00%, 0 late inputs | per client-tick: 774 B (near 71 B, 99% deltas), near 9.2 mid 20.8 far 32.7, far skipped 0 starved 0 | input wait p50 50.4 p99 67.3 ms | 0 joins deferred | kernel drops rcv 0 snd 0
         p50/p99 ms: ingress 0.81/1.13  events 2.06/2.58  movement 0.62/0.79  grid 0.35/0.42  separate 0.34/0.62  history 0.01/0.03  shots 1.73/2.04  serialize 0.21/0.27  assembly 1.35/1.84  transport 0.92/1.29  egress 1.31/1.59
[   20s] clients 5000 | level 0 (0-0 in window: 30 Hz, dilation 1.0), pace 1.00, 0.0% clients bandwidth-degraded | tick p50 9.85 p99 10.66 max 10.85 ms, 0 overruns | out 158.0k pps 195 kbps/client, 974 Mbps | in 149.9k pps 15 kbps/client, 51.8 per recv, receive thread busy 15% | stand-ins: repeated 0.00% frozen 0.00%, 0 late inputs | per client-tick: 772 B (near 71 B, 99% deltas), near 9.2 mid 20.8 far 32.7, far skipped 0 starved 0 | input wait p50 50.4 p99 67.3 ms | 0 joins deferred | kernel drops rcv 0 snd 0
         p50/p99 ms: ingress 0.80/1.25  events 2.03/2.37  movement 0.61/0.87  grid 0.35/0.41  separate 0.34/0.65  history 0.01/0.02  shots 1.72/2.14  serialize 0.21/0.44  assembly 1.35/1.99  transport 0.91/1.26  egress 1.31/1.69
[   25s] clients 5000 | level 0 (0-0 in window: 30 Hz, dilation 1.0), pace 1.00, 0.0% clients bandwidth-degraded | tick p50 9.86 p99 10.88 max 11.12 ms, 0 overruns | out 157.9k pps 194 kbps/client, 972 Mbps | in 149.9k pps 15 kbps/client, 51.6 per recv, receive thread busy 15% | stand-ins: repeated 0.00% frozen 0.00%, 0 late inputs | per client-tick: 771 B (near 71 B, 99% deltas), near 9.2 mid 20.8 far 32.6, far skipped 0 starved 0 | input wait p50 50.4 p99 67.3 ms | 0 joins deferred | kernel drops rcv 0 snd 0
         p50/p99 ms: ingress 0.80/1.14  events 2.04/2.60  movement 0.62/0.93  grid 0.35/0.41  separate 0.37/0.81  history 0.01/0.02  shots 1.69/2.14  serialize 0.20/0.27  assembly 1.34/1.88  transport 0.91/1.26  egress 1.31/1.61
[   30s] clients 5000 | level 0 (0-0 in window: 30 Hz, dilation 1.0), pace 1.00, 0.0% clients bandwidth-degraded | tick p50 9.89 p99 10.82 max 11.06 ms, 0 overruns | out 158.0k pps 195 kbps/client, 973 Mbps | in 149.9k pps 15 kbps/client, 52.1 per recv, receive thread busy 15% | stand-ins: repeated 0.00% frozen 0.00%, 0 late inputs | per client-tick: 771 B (near 71 B, 100% deltas), near 9.2 mid 20.7 far 32.7, far skipped 0 starved 0 | input wait p50 50.4 p99 67.3 ms | 0 joins deferred | kernel drops rcv 0 snd 0
         p50/p99 ms: ingress 0.80/1.09  events 2.06/2.52  movement 0.61/0.88  grid 0.35/0.41  separate 0.34/0.68  history 0.01/0.02  shots 1.72/2.29  serialize 0.21/0.26  assembly 1.36/1.95  transport 0.92/1.29  egress 1.32/1.68
[   35s] clients 5000 | level 0 (0-0 in window: 30 Hz, dilation 1.0), pace 1.00, 0.0% clients bandwidth-degraded | tick p50 9.91 p99 10.81 max 11.06 ms, 0 overruns | out 157.8k pps 194 kbps/client, 971 Mbps | in 149.9k pps 15 kbps/client, 51.4 per recv, receive thread busy 15% | stand-ins: repeated 0.00% frozen 0.00%, 0 late inputs | per client-tick: 769 B (near 71 B, 99% deltas), near 9.2 mid 20.7 far 32.7, far skipped 0 starved 0 | input wait p50 50.4 p99 67.3 ms | 0 joins deferred | kernel drops rcv 0 snd 0
         p50/p99 ms: ingress 0.81/1.19  events 2.07/2.69  movement 0.62/0.92  grid 0.35/0.41  separate 0.34/0.82  history 0.01/0.02  shots 1.70/2.09  serialize 0.21/0.26  assembly 1.35/1.87  transport 0.92/1.29  egress 1.32/1.65
[   40s] clients 5000 | level 0 (0-0 in window: 30 Hz, dilation 1.0), pace 1.00, 0.0% clients bandwidth-degraded | tick p50 9.88 p99 10.84 max 10.89 ms, 0 overruns | out 157.9k pps 194 kbps/client, 971 Mbps | in 149.9k pps 15 kbps/client, 51.7 per recv, receive thread busy 15% | stand-ins: repeated 0.00% frozen 0.00%, 0 late inputs | per client-tick: 770 B (near 71 B, 100% deltas), near 9.2 mid 20.7 far 32.7, far skipped 0 starved 0 | input wait p50 50.4 p99 67.3 ms | 0 joins deferred | kernel drops rcv 0 snd 0
         p50/p99 ms: ingress 0.80/1.10  events 2.06/2.51  movement 0.62/0.92  grid 0.36/0.42  separate 0.34/0.62  history 0.01/0.03  shots 1.73/2.18  serialize 0.21/0.38  assembly 1.34/1.85  transport 0.92/1.27  egress 1.29/1.60
[   45s] clients 5000 | level 0 (0-0 in window: 30 Hz, dilation 1.0), pace 1.00, 0.0% clients bandwidth-degraded | tick p50 9.86 p99 10.77 max 11.18 ms, 0 overruns | out 157.8k pps 194 kbps/client, 970 Mbps | in 149.9k pps 15 kbps/client, 51.2 per recv, receive thread busy 15% | stand-ins: repeated 0.00% frozen 0.00%, 0 late inputs | per client-tick: 769 B (near 70 B, 100% deltas), near 9.1 mid 20.7 far 32.7, far skipped 0 starved 0 | input wait p50 50.4 p99 67.3 ms | 0 joins deferred | kernel drops rcv 0 snd 0
         p50/p99 ms: ingress 0.81/1.12  events 2.04/2.73  movement 0.62/0.94  grid 0.35/0.48  separate 0.34/0.83  history 0.01/0.02  shots 1.70/2.13  serialize 0.21/0.26  assembly 1.34/1.90  transport 0.91/1.25  egress 1.32/1.54
[   50s] clients 5000 | level 0 (0-0 in window: 30 Hz, dilation 1.0), pace 1.00, 0.0% clients bandwidth-degraded | tick p50 9.86 p99 10.90 max 11.04 ms, 0 overruns | out 157.7k pps 194 kbps/client, 971 Mbps | in 149.9k pps 15 kbps/client, 51.6 per recv, receive thread busy 15% | stand-ins: repeated 0.00% frozen 0.00%, 0 late inputs | per client-tick: 769 B (near 71 B, 100% deltas), near 9.1 mid 20.8 far 32.7, far skipped 0 starved 0 | input wait p50 50.4 p99 67.3 ms | 0 joins deferred | kernel drops rcv 0 snd 0
         p50/p99 ms: ingress 0.81/1.04  events 2.05/2.41  movement 0.62/0.81  grid 0.35/0.47  separate 0.34/0.61  history 0.01/0.02  shots 1.73/2.16  serialize 0.21/0.27  assembly 1.34/1.95  transport 0.92/1.23  egress 1.32/1.57
[   55s] clients 5000 | level 0 (0-0 in window: 30 Hz, dilation 1.0), pace 1.00, 0.0% clients bandwidth-degraded | tick p50 9.77 p99 10.80 max 10.93 ms, 0 overruns | out 157.8k pps 194 kbps/client, 971 Mbps | in 149.9k pps 15 kbps/client, 51.4 per recv, receive thread busy 15% | stand-ins: repeated 0.00% frozen 0.00%, 0 late inputs | per client-tick: 770 B (near 71 B, 100% deltas), near 9.1 mid 20.8 far 32.7, far skipped 0 starved 0 | input wait p50 50.4 p99 67.3 ms | 0 joins deferred | kernel drops rcv 0 snd 0
         p50/p99 ms: ingress 0.80/1.10  events 2.04/2.54  movement 0.60/0.68  grid 0.35/0.42  separate 0.36/0.65  history 0.01/0.02  shots 1.70/2.08  serialize 0.20/0.27  assembly 1.29/1.70  transport 0.89/1.23  egress 1.31/1.55
[   60s] clients 5000 | level 0 (0-0 in window: 30 Hz, dilation 1.0), pace 1.00, 0.0% clients bandwidth-degraded | tick p50 9.88 p99 10.83 max 10.96 ms, 0 overruns | out 157.8k pps 194 kbps/client, 970 Mbps | in 149.9k pps 15 kbps/client, 51.7 per recv, receive thread busy 15% | stand-ins: repeated 0.00% frozen 0.00%, 0 late inputs | per client-tick: 769 B (near 71 B, 100% deltas), near 9.1 mid 20.8 far 32.7, far skipped 0 starved 0 | input wait p50 50.4 p99 67.3 ms | 0 joins deferred | kernel drops rcv 0 snd 0
         p50/p99 ms: ingress 0.81/1.12  events 2.06/2.57  movement 0.62/0.83  grid 0.36/0.42  separate 0.34/0.69  history 0.01/0.03  shots 1.72/2.19  serialize 0.21/0.27  assembly 1.32/1.84  transport 0.91/1.30  egress 1.31/1.73
[   65s] clients 964 | level 0 (0-0 in window: 30 Hz, dilation 1.0), pace 1.00, 0.0% clients bandwidth-degraded | tick p50 2.85 p99 11.03 max 12.18 ms, 0 overruns | out 38.0k pps 96 kbps/client, 120 Mbps | in 13.0k pps 5 kbps/client, 53.6 per recv, receive thread busy 1% | stand-ins: repeated 1.02% frozen 70.12%, 0 late inputs | per client-tick: 363 B (near 42 B, 72% deltas), near 3.8 mid 8.5 far 13.5, far skipped 0 starved 0 | input wait p50 50.5 p99 67.4 ms | 0 joins deferred | kernel drops rcv 0 snd 0
         p50/p99 ms: ingress 0.50/1.24  events 0.00/3.31  movement 0.21/0.61  grid 0.26/0.37  separate 0.31/0.59  history 0.02/0.04  shots 0.09/1.85  serialize 0.16/0.23  assembly 0.38/1.51  transport 0.17/0.98  egress 0.49/1.41
[   66s] clients 0 | level 0 (0-0 in window: 30 Hz, dilation 1.0), pace 1.00, 0.0% clients bandwidth-degraded | tick p50 2.65 p99 3.70 max 3.70 ms, 0 overruns | out 23.6k pps 57 kbps/client, 45 Mbps | in 0.0k pps 0 kbps/client, 0.0 per recv, receive thread busy 0% | stand-ins: repeated 0.00% frozen 100.00%, 0 late inputs | per client-tick: 202 B (near 32 B, 0% deltas), near 1.7 mid 3.7 far 6.2, far skipped 0 starved 0 | input wait p50 0.0 p99 0.0 ms | 0 joins deferred | kernel drops rcv 0 snd 0
         p50/p99 ms: ingress 0.56/0.73  events 0.00/0.91  movement 0.23/0.36  grid 0.26/0.29  separate 0.31/0.37  history 0.01/0.02  shots 0.07/0.09  serialize 0.16/0.18  assembly 0.37/0.58  transport 0.17/0.25  egress 0.44/0.50

== summary: 1708 steady-state ticks (after warmup, before clients drain), peak 5000 clients ==
  phase        p50 ms   p99 ms   max ms
  ingress        0.81     1.13     1.74
  events         2.05     2.58     3.02
  movement       0.62     0.87     0.98
  grid           0.35     0.42     0.68
  separate       0.34     0.65     0.91
  history        0.01     0.02     0.04
  shots          1.71     2.14     2.44
  serialize      0.21     0.27     0.46
  assembly       1.35     1.87     2.14
  transport      0.92     1.26     1.41
  egress         1.31     1.61     1.90
  tick           9.87    10.85    11.30
  overruns 0 | spawns 5000 despawns 5000 (8540 joins deferred) | deaths 3696 respawns 3484 | stand-ins: repeated 1928 frozen 140733 | late inputs 0 discarded 0 | bad messages 0 | recv errors 0 send errors 0
  egress (whole run): 9576551 datagrams in 9576551 sends (1.00 per send), 124902 syscalls
  ingress (whole run): 8953622 datagrams in 173490 receive calls (51.61 per call)
  ticks per ladder level (whole run): L0: 1968
  input wait on the server (datagram arrival -> applied): p50 50.5 p99 67.3 max 77.1 mean 50.4 ms
  steady state: stand-ins repeated 0 frozen 0 | late inputs 0 discarded 0
  rewind of near targets (applied step - the input's render step for that tier): p50 233 p99 367 max 367 mean 236.4 ms (n=8843900)
  rewind of mid/far targets (applied step - the input's render step for that tier): p50 367 p99 433 max 492 mean 364.3 ms (n=8843900)
  render times ahead of the server (bogus) 0
  shots 568210 (late 0, refused 1452, rewinds capped 379357) | hits head 1276 body 20235 (after cover 436, too late 2022), kills 3696 | ground 351881 cover 38117 expired 156701 | segments 25557965 candidates 524548
