== blob, 3000 bots, 60s -> baselines/2026-10-07-aws-full/blob-3k-gso-2
== summary: 1708 steady-state ticks (after warmup, before clients drain), peak 3000 clients ==
  phase        p50 ms   p99 ms   max ms
  ingress        0.66     0.94     1.16
  events         1.26     1.59     1.74
  movement       0.45     0.69     0.76
  grid           0.21     0.28     0.38
  separate       0.36     0.42     0.67
  history        0.01     0.02     0.03
  shots          0.02     0.03     0.08
  serialize      0.19     0.23     0.50
  assembly       1.46     2.14     2.52
  transport      0.79     1.12     1.24
  egress         1.84     2.23     2.52
  tick           7.32     8.26     8.74
  overruns 0 | spawns 3000 despawns 3000 (5294 joins deferred) | deaths 0 respawns 0 | stand-ins: repeated 0 frozen 0 | late inputs 0 discarded 0 | bad messages 0 | recv errors 0 send errors 0
  egress (whole run): 10759378 datagrams in 5382689 sends (2.00 per send), 115200 syscalls
  ingress (whole run): 5394917 datagrams in 125666 receive calls (42.93 per call)
  ticks per ladder level (whole run): L0: 1816
  input wait on the server (datagram arrival -> applied): p50 48.8 p99 66.4 max 77.4 mean 49.4 ms
  steady state: stand-ins repeated 0 frozen 0 | late inputs 0 discarded 0
  rewind of near targets (applied step - the input's render step for that tier): p50 133 p99 167 max 200 mean 138.3 ms (n=5340966)
  rewind of mid/far targets (applied step - the input's render step for that tier): p50 267 p99 300 max 300 mean 271.4 ms (n=5340966)
  render times ahead of the server (bogus) 0
  shots 0 (late 0, refused 0, rewinds capped 0) | hits head 0 body 0 (after cover 0, too late 0), kills 0 | ground 0 cover 0 expired 0 | segments 0 candidates 0
== bots summary ==
  started 3000 welcomed 3000 failed 0
  join latency ms: p50 285 p99 677 max 812 (n=3000)
  corrections 0 (0.00/bot-minute), mean error 0.000 m, max 0.000 m
  push corrections (the server pushed us apart from a crowd) 238449 (79.48/bot-minute), max 0.261 m
  snapshots 5372040 (entities per snapshot: near 64.0 mid 86.0 far 0.0), stale 0, unmatched acks 0, resyncs 0
  input -> applied on server (est. RTT/2 + server wait): p50 52.0 p99 70.0 max 81.0 mean 52.7 ms (n=5371150)
    of which server wait (arrival -> applied): p50 48.8 p99 66.4 max 77.4 mean 49.4 ms (n=5371150)
  input -> seen acked (round trip): p50 67.0 p99 100.0 max 123.0 mean 72.9 ms (n=5371150)
  near entity update interval (tracked bots): p50 66.0 p99 66.0 max 133.0 mean 53.2 ms (n=17165039)
  mid entity update interval (tracked bots): p50 100.0 p99 100.0 max 2200.0 mean 100.5 ms (n=22845524)
  far entity update interval (tracked bots): p50 0.0 p99 0.0 max 0.0 mean 0.0 ms (n=0)
  near drawn (tracked bots): 99.70% interpolated, 0.08% extrapolated, 0.00% held, 0.21% new | pops p50 0 p99 0 max 390 mm
  mid drawn (tracked bots): 92.17% interpolated, 2.58% extrapolated, 3.21% held, 2.03% new | pops p50 0 p99 0 max 17276 mm
  far drawn (tracked bots): 0.00% interpolated, 0.00% extrapolated, 0.00% held, 0.00% new | pops p50 0 p99 0 max 0 mm
  render delay (near) 80.7 ms behind the newest step, clock snaps 0 (backwards 0), slewing 4.09% of frames, near delay changes 163 | streak entity-frames (drawn > 20 m/s) 13215
  input clock: 3036 extra inputs, 130 skipped ticks, 0 backlog skips | near decode errors (tracked bots) 0
  bytes down 8045.3 MB up 338.5 MB | swarm busy 6% of its threads' time, tick overruns 220
