spawn=blob
egress=gso
ingress=recvmmsg
rx_gather_us=1000
ladder=on
threads=64
shards=64
sockets=1
peak_clients=3000
steady_ticks=1708
steady_secs=56.9
ingress_p50_ms=0.66
ingress_p99_ms=0.94
ingress_max_ms=1.16
events_p50_ms=1.26
events_p99_ms=1.59
events_max_ms=1.74
movement_p50_ms=0.45
movement_p99_ms=0.69
movement_max_ms=0.76
grid_p50_ms=0.21
grid_p99_ms=0.28
grid_max_ms=0.38
separate_p50_ms=0.36
separate_p99_ms=0.42
separate_max_ms=0.67
history_p50_ms=0.01
history_p99_ms=0.02
history_max_ms=0.03
shots_p50_ms=0.02
shots_p99_ms=0.03
shots_max_ms=0.08
serialize_p50_ms=0.19
serialize_p99_ms=0.23
serialize_max_ms=0.50
assembly_p50_ms=1.46
assembly_p99_ms=2.14
assembly_max_ms=2.52
transport_p50_ms=0.79
transport_p99_ms=1.12
transport_max_ms=1.24
egress_p50_ms=1.84
egress_p99_ms=2.23
egress_max_ms=2.52
tick_p50_ms=7.32
tick_p99_ms=8.26
tick_max_ms=8.74
steady_overruns=0
level_mode=0
tick_hz=30
dilation=1
levels=L0:1708
clients_avg=3000
out_pps=180083
in_pps=90169
egress_mbps=1077.5
packets_per_client_tick=2.00
wire_bytes_per_client_tick=1496
down_kbps_per_client=359.2
up_kbps_per_client=15.1
recv_per_call=42.92
ingress_thread_busy_max_pct=10.3
ingress_thread_busy_mean_pct=10.3
kernel_rcvbuf_drops=0
kernel_sndbuf_drops=0
snapshot_bytes_per_client_tick=1426
near_bytes_per_client_tick=418
activity_bytes_per_client_tick=0.0
near_per_client_tick=64.0
mid_per_client_tick=86.0
far_per_client_tick=0.0
near_scanned_per_query=228
mid_scanned_per_query=255
far_skipped=0
far_starved=0
repeated=0
frozen=0
late_inputs=0
discarded_inputs=0
input_wait_p10_ms=35.5
input_wait_p50_ms=48.8
input_wait_p90_ms=63.4
input_wait_p99_ms=66.4
spawns=3000
despawns=3000
deaths=0
respawns=0
shots=0
shots_late=0
shots_refused=0
rewinds_capped=0
rewinds_trimmed=0
hits_head=0
hits_body=0
hits_ground=0
hits_cover=0
projectiles_expired=0
kills=0
hits_after_cover=0
hits_too_late=0
events=0
tracer_bytes=0
activity_cells=0
activity_sent=0
activity_bytes=0
activity_cut=0
projectile_segments=0
hit_candidates=0
joins_deferred=5294
bad_messages=0
recv_errors=0
send_errors=0
datagrams=10759378
sends=5382689
send_syscalls=115200
rewind_near_p50_ms=133
rewind_near_p99_ms=167
rewind_near_mean_ms=138.3
rewind_mid_p50_ms=267
rewind_mid_p99_ms=300
rewind_mid_mean_ms=271.4
ingress_longest_p50_ms=0.22
ingress_work_p50_ms=9.64
assembly_longest_p50_ms=1.00
assembly_work_p50_ms=47.54
transport_longest_p50_ms=0.54
transport_work_p50_ms=24.45
egress_longest_p50_ms=1.75
egress_work_p50_ms=55.53
