preallocated connections for 10000 clients in 247.797491ms
listening on 172.31.17.93:40500 | spawn Blob | tiers near 64@150 m, mid 500 m, far 1500 m, budget 6250 B/tick, squads of 4 | 64 rayon threads, 64 shards, 1 socket(s), 256 accepts/tick, egress Gso, ingress RecvMmsg | socket buffers rcv 32768 KiB snd 32768 KiB
[    5s] clients 3000 | level 0 (0-0 in window: 30 Hz, dilation 1.0), pace 1.00, 0.0% clients bandwidth-degraded | tick p50 7.32 p99 9.69 max 10.07 ms, 0 overruns | out 154.8k pps 364 kbps/client, 928 Mbps | in 78.4k pps 17 kbps/client, 43.1 per recv, receive thread busy 9% | stand-ins: repeated 0.00% frozen 0.00%, 0 late inputs | per client-tick: 1438 B (near 431 B, 97% deltas), near 64.0 mid 86.0 far 0.0, far skipped 0 starved 0 | input wait p50 49.9 p99 66.6 ms | 5294 joins deferred | kernel drops rcv 0 snd 0
         p50/p99 ms: ingress 0.67/1.57  events 1.28/2.68  movement 0.44/0.51  grid 0.21/0.31  separate 0.36/0.42  history 0.01/0.06  shots 0.02/0.04  serialize 0.18/0.27  assembly 1.44/2.13  transport 0.78/1.48  egress 1.81/2.21
[   10s] clients 3000 | level 0 (0-0 in window: 30 Hz, dilation 1.0), pace 1.00, 0.0% clients bandwidth-degraded | tick p50 7.31 p99 8.10 max 8.10 ms, 0 overruns | out 180.0k pps 359 kbps/client, 1077 Mbps | in 90.0k pps 15 kbps/client, 43.1 per recv, receive thread busy 10% | stand-ins: repeated 0.00% frozen 0.00%, 0 late inputs | per client-tick: 1426 B (near 418 B, 99% deltas), near 64.0 mid 86.0 far 0.0, far skipped 0 starved 0 | input wait p50 48.8 p99 66.4 ms | 0 joins deferred | kernel drops rcv 0 snd 0
         p50/p99 ms: ingress 0.66/0.91  events 1.25/1.62  movement 0.44/0.52  grid 0.21/0.29  separate 0.36/0.41  history 0.01/0.02  shots 0.02/0.03  serialize 0.19/0.23  assembly 1.45/2.07  transport 0.78/1.12  egress 1.84/2.22
[   15s] clients 3000 | level 0 (0-0 in window: 30 Hz, dilation 1.0), pace 1.00, 0.0% clients bandwidth-degraded | tick p50 7.33 p99 8.13 max 8.28 ms, 0 overruns | out 180.0k pps 359 kbps/client, 1077 Mbps | in 90.0k pps 15 kbps/client, 42.9 per recv, receive thread busy 10% | stand-ins: repeated 0.00% frozen 0.00%, 0 late inputs | per client-tick: 1426 B (near 418 B, 99% deltas), near 64.0 mid 86.0 far 0.0, far skipped 0 starved 0 | input wait p50 48.8 p99 66.4 ms | 0 joins deferred | kernel drops rcv 0 snd 0
         p50/p99 ms: ingress 0.67/0.98  events 1.25/1.52  movement 0.45/0.50  grid 0.21/0.26  separate 0.36/0.57  history 0.01/0.02  shots 0.02/0.03  serialize 0.19/0.23  assembly 1.47/2.12  transport 0.79/1.00  egress 1.85/2.20
[   20s] clients 3000 | level 0 (0-0 in window: 30 Hz, dilation 1.0), pace 1.00, 0.0% clients bandwidth-degraded | tick p50 7.32 p99 8.22 max 8.74 ms, 0 overruns | out 180.0k pps 359 kbps/client, 1077 Mbps | in 90.0k pps 15 kbps/client, 42.9 per recv, receive thread busy 10% | stand-ins: repeated 0.00% frozen 0.00%, 0 late inputs | per client-tick: 1425 B (near 417 B, 99% deltas), near 64.0 mid 86.0 far 0.0, far skipped 0 starved 0 | input wait p50 48.8 p99 66.4 ms | 0 joins deferred | kernel drops rcv 0 snd 0
         p50/p99 ms: ingress 0.66/0.81  events 1.28/1.59  movement 0.45/0.62  grid 0.21/0.28  separate 0.36/0.42  history 0.01/0.02  shots 0.02/0.03  serialize 0.19/0.22  assembly 1.45/2.12  transport 0.77/1.13  egress 1.84/2.27
[   25s] clients 3000 | level 0 (0-0 in window: 30 Hz, dilation 1.0), pace 1.00, 0.0% clients bandwidth-degraded | tick p50 7.28 p99 8.06 max 8.07 ms, 0 overruns | out 180.0k pps 359 kbps/client, 1077 Mbps | in 90.0k pps 15 kbps/client, 42.6 per recv, receive thread busy 10% | stand-ins: repeated 0.00% frozen 0.00%, 0 late inputs | per client-tick: 1426 B (near 418 B, 99% deltas), near 64.0 mid 86.0 far 0.0, far skipped 0 starved 0 | input wait p50 48.8 p99 66.4 ms | 0 joins deferred | kernel drops rcv 0 snd 0
         p50/p99 ms: ingress 0.66/0.94  events 1.26/1.57  movement 0.45/0.66  grid 0.21/0.28  separate 0.36/0.41  history 0.01/0.02  shots 0.02/0.03  serialize 0.18/0.23  assembly 1.45/2.02  transport 0.79/1.10  egress 1.84/2.24
[   30s] clients 3000 | level 0 (0-0 in window: 30 Hz, dilation 1.0), pace 1.00, 0.0% clients bandwidth-degraded | tick p50 7.26 p99 8.24 max 8.39 ms, 0 overruns | out 180.0k pps 359 kbps/client, 1077 Mbps | in 90.0k pps 15 kbps/client, 43.1 per recv, receive thread busy 10% | stand-ins: repeated 0.00% frozen 0.00%, 0 late inputs | per client-tick: 1425 B (near 417 B, 99% deltas), near 64.0 mid 86.0 far 0.0, far skipped 0 starved 0 | input wait p50 48.8 p99 66.4 ms | 0 joins deferred | kernel drops rcv 0 snd 0
         p50/p99 ms: ingress 0.66/0.99  events 1.25/1.37  movement 0.44/0.72  grid 0.21/0.26  separate 0.37/0.42  history 0.01/0.02  shots 0.02/0.03  serialize 0.19/0.37  assembly 1.46/2.29  transport 0.78/1.17  egress 1.83/2.17
[   35s] clients 3000 | level 0 (0-0 in window: 30 Hz, dilation 1.0), pace 1.00, 0.0% clients bandwidth-degraded | tick p50 7.34 p99 8.22 max 8.45 ms, 0 overruns | out 180.0k pps 359 kbps/client, 1077 Mbps | in 90.0k pps 15 kbps/client, 43.1 per recv, receive thread busy 10% | stand-ins: repeated 0.00% frozen 0.00%, 0 late inputs | per client-tick: 1426 B (near 418 B, 99% deltas), near 64.0 mid 86.0 far 0.0, far skipped 0 starved 0 | input wait p50 48.8 p99 66.4 ms | 0 joins deferred | kernel drops rcv 0 snd 0
         p50/p99 ms: ingress 0.66/0.92  events 1.26/1.56  movement 0.45/0.70  grid 0.21/0.26  separate 0.36/0.44  history 0.01/0.02  shots 0.02/0.04  serialize 0.19/0.23  assembly 1.46/2.04  transport 0.78/1.14  egress 1.84/2.17
[   40s] clients 3000 | level 0 (0-0 in window: 30 Hz, dilation 1.0), pace 1.00, 0.0% clients bandwidth-degraded | tick p50 7.40 p99 8.55 max 8.57 ms, 0 overruns | out 180.0k pps 359 kbps/client, 1077 Mbps | in 90.0k pps 15 kbps/client, 42.9 per recv, receive thread busy 10% | stand-ins: repeated 0.00% frozen 0.00%, 0 late inputs | per client-tick: 1426 B (near 418 B, 99% deltas), near 64.0 mid 86.0 far 0.0, far skipped 0 starved 0 | input wait p50 48.8 p99 66.4 ms | 0 joins deferred | kernel drops rcv 0 snd 0
         p50/p99 ms: ingress 0.66/0.99  events 1.28/1.63  movement 0.46/0.68  grid 0.22/0.29  separate 0.36/0.42  history 0.01/0.02  shots 0.02/0.03  serialize 0.19/0.23  assembly 1.48/2.14  transport 0.79/1.15  egress 1.84/2.31
[   45s] clients 3000 | level 0 (0-0 in window: 30 Hz, dilation 1.0), pace 1.00, 0.0% clients bandwidth-degraded | tick p50 7.36 p99 8.29 max 8.68 ms, 0 overruns | out 180.0k pps 359 kbps/client, 1077 Mbps | in 89.9k pps 15 kbps/client, 43.1 per recv, receive thread busy 10% | stand-ins: repeated 0.00% frozen 0.00%, 0 late inputs | per client-tick: 1426 B (near 418 B, 99% deltas), near 64.0 mid 86.0 far 0.0, far skipped 0 starved 0 | input wait p50 48.8 p99 66.4 ms | 0 joins deferred | kernel drops rcv 0 snd 0
         p50/p99 ms: ingress 0.67/0.98  events 1.26/1.65  movement 0.45/0.73  grid 0.22/0.30  separate 0.36/0.43  history 0.01/0.02  shots 0.02/0.03  serialize 0.19/0.46  assembly 1.49/2.08  transport 0.80/0.99  egress 1.82/2.25
[   50s] clients 3000 | level 0 (0-0 in window: 30 Hz, dilation 1.0), pace 1.00, 0.0% clients bandwidth-degraded | tick p50 7.31 p99 8.43 max 8.48 ms, 0 overruns | out 180.0k pps 359 kbps/client, 1077 Mbps | in 90.0k pps 15 kbps/client, 42.7 per recv, receive thread busy 10% | stand-ins: repeated 0.00% frozen 0.00%, 0 late inputs | per client-tick: 1426 B (near 418 B, 99% deltas), near 64.0 mid 86.0 far 0.0, far skipped 0 starved 0 | input wait p50 48.7 p99 66.4 ms | 0 joins deferred | kernel drops rcv 0 snd 0
         p50/p99 ms: ingress 0.66/0.94  events 1.26/1.49  movement 0.45/0.68  grid 0.21/0.29  separate 0.36/0.41  history 0.01/0.02  shots 0.02/0.03  serialize 0.19/0.23  assembly 1.47/2.18  transport 0.78/0.97  egress 1.82/2.19
[   55s] clients 3000 | level 0 (0-0 in window: 30 Hz, dilation 1.0), pace 1.00, 0.0% clients bandwidth-degraded | tick p50 7.36 p99 8.32 max 8.45 ms, 0 overruns | out 180.0k pps 359 kbps/client, 1077 Mbps | in 89.9k pps 15 kbps/client, 42.7 per recv, receive thread busy 10% | stand-ins: repeated 0.00% frozen 0.00%, 0 late inputs | per client-tick: 1426 B (near 418 B, 99% deltas), near 64.0 mid 86.0 far 0.0, far skipped 0 starved 0 | input wait p50 48.7 p99 66.4 ms | 0 joins deferred | kernel drops rcv 0 snd 0
         p50/p99 ms: ingress 0.66/0.84  events 1.27/1.56  movement 0.45/0.71  grid 0.21/0.27  separate 0.36/0.51  history 0.01/0.02  shots 0.02/0.03  serialize 0.19/0.23  assembly 1.47/2.15  transport 0.80/1.05  egress 1.85/2.14
[   60s] clients 3000 | level 0 (0-0 in window: 30 Hz, dilation 1.0), pace 1.00, 0.0% clients bandwidth-degraded | tick p50 7.33 p99 8.39 max 8.63 ms, 0 overruns | out 180.0k pps 359 kbps/client, 1077 Mbps | in 90.0k pps 15 kbps/client, 42.8 per recv, receive thread busy 10% | stand-ins: repeated 0.00% frozen 0.00%, 0 late inputs | per client-tick: 1426 B (near 418 B, 99% deltas), near 64.0 mid 86.0 far 0.0, far skipped 0 starved 0 | input wait p50 48.7 p99 66.4 ms | 0 joins deferred | kernel drops rcv 0 snd 0
         p50/p99 ms: ingress 0.67/1.02  events 1.27/1.52  movement 0.46/0.66  grid 0.22/0.29  separate 0.36/0.42  history 0.01/0.02  shots 0.02/0.03  serialize 0.19/0.22  assembly 1.46/2.22  transport 0.79/1.23  egress 1.82/2.40
[   61s] clients 0 | level 0 (0-0 in window: 30 Hz, dilation 1.0), pace 1.00, 0.0% clients bandwidth-degraded | tick p50 7.11 p99 13.60 max 13.60 ms, 0 overruns | out 153.7k pps 350 kbps/client, 919 Mbps | in 114.2k pps 18 kbps/client, 46.7 per recv, receive thread busy 12% | stand-ins: repeated 0.00% frozen 0.00%, 0 late inputs | per client-tick: 1425 B (near 417 B, 99% deltas), near 64.0 mid 86.0 far 0.0, far skipped 0 starved 0 | input wait p50 48.7 p99 66.4 ms | 0 joins deferred | kernel drops rcv 0 snd 0
         p50/p99 ms: ingress 0.69/3.02  events 1.19/9.39  movement 0.42/0.50  grid 0.21/0.22  separate 0.34/0.39  history 0.01/0.02  shots 0.02/0.05  serialize 0.18/0.20  assembly 1.41/1.52  transport 0.78/0.88  egress 1.77/1.94

== summary: 1708 steady-state ticks (after warmup, before clients drain), peak 3000 clients ==
  phase        p50 ms   p99 ms   max ms
  ingress        0.66     0.94     1.16
  events         1.26     1.59     1.74
  movement       0.45     0.69     0.76
  grid           0.21     0.28     0.38
  separate       0.36     0.42     0.67
  history        0.01     0.02     0.03
  shots          0.02     0.03     0.08
  serialize      0.19     0.23     0.50
  assembly       1.46     2.14     2.52
  transport      0.79     1.12     1.24
  egress         1.84     2.23     2.52
  tick           7.32     8.26     8.74
  overruns 0 | spawns 3000 despawns 3000 (5294 joins deferred) | deaths 0 respawns 0 | stand-ins: repeated 0 frozen 0 | late inputs 0 discarded 0 | bad messages 0 | recv errors 0 send errors 0
  egress (whole run): 10759378 datagrams in 5382689 sends (2.00 per send), 115200 syscalls
  ingress (whole run): 5394917 datagrams in 125666 receive calls (42.93 per call)
  ticks per ladder level (whole run): L0: 1816
  input wait on the server (datagram arrival -> applied): p50 48.8 p99 66.4 max 77.4 mean 49.4 ms
  steady state: stand-ins repeated 0 frozen 0 | late inputs 0 discarded 0
  rewind of near targets (applied step - the input's render step for that tier): p50 133 p99 167 max 200 mean 138.3 ms (n=5340966)
  rewind of mid/far targets (applied step - the input's render step for that tier): p50 267 p99 300 max 300 mean 271.4 ms (n=5340966)
  render times ahead of the server (bogus) 0
  shots 0 (late 0, refused 0, rewinds capped 0) | hits head 0 body 0 (after cover 0, too late 0), kills 0 | ground 0 cover 0 expired 0 | segments 0 candidates 0
