== uniform, 1000 bots, 60s -> baselines/2026-09-29-wsl2/uniform-1k-1
== summary: 1709 steady-state ticks (after warmup, before clients drain), peak 1000 clients ==
  phase        p50 ms   p99 ms   max ms
  ingress        0.38     0.72     2.12
  events         0.10     0.20     0.29
  movement       0.20     0.26     2.22
  grid           0.06     0.09     0.11
  history        0.00     0.00     0.02
  serialize      0.04     0.07     0.25
  assembly       0.88     1.23     1.38
  transport      0.41     0.85     1.24
  egress         1.41     1.91     5.11
  tick           3.49     4.44     9.78
  overruns 0 | spawns 1000 despawns 1000 (472 joins deferred) | stand-ins: repeated 0 frozen 0 | late inputs 0 discarded 0 | bad messages 0 | recv errors 0 send errors 0
  egress (whole run): 1799119 datagrams in 1799119 sends (1.00 per send), 115263 syscalls
  ticks per ladder level (whole run): L0: 1808
  input wait on the server (datagram arrival -> applied): p50 50.0 p99 66.4 max 70.0 mean 50.3 ms
  steady state: stand-ins repeated 0 frozen 0 | late inputs 0 discarded 0
== bots summary ==
  started 1000 welcomed 1000 failed 0
  join latency ms: p50 154 p99 350 max 358 (n=1000)
  corrections 0 (0.00/bot-minute), mean error 0.000 m, max 0.000 m
  snapshots 1795002 (entities per snapshot: near 4.3 mid 4.2 far 6.3), stale 0, unmatched acks 0, resyncs 0
  input -> applied on server (est. RTT/2 + server wait): p50 52.0 p99 68.0 max 72.0 mean 52.6 ms (n=1794753)
    of which server wait (arrival -> applied): p50 50.0 p99 66.4 max 70.0 mean 50.3 ms (n=1794753)
  input -> seen acked (round trip): p50 67.0 p99 100.0 max 101.0 mean 70.5 ms (n=1794753)
  near entity update interval (tracked bots): p50 33.0 p99 33.0 max 100.0 mean 33.0 ms (n=374039)
  mid entity update interval (tracked bots): p50 100.0 p99 100.0 max 500.0 mean 100.2 ms (n=374756)
  far entity update interval (tracked bots): p50 500.0 p99 500.0 max 54000.0 mean 509.3 ms (n=549883)
  input clock: 1093 extra inputs, 142 skipped ticks, 0 backlog skips | near decode errors (tracked bots) 0
  bytes down 404.9 MB up 89.8 MB | swarm busy 10% of its threads' time, tick overruns 0
