preallocated connections for 10000 clients in 330.539697ms
listening on 127.0.0.1:40500 | spawn Uniform | tiers near 64@150 m, mid 500 m, far 1500 m, budget 6250 B/tick, squads of 4 | 8 rayon threads, 64 shards, 256 accepts/tick, egress SendMmsg | socket buffers rcv 8192 KiB snd 8192 KiB
WARNING: token key is the public dev key; anyone can mint tokens for this server (--token-key)
[    5s] clients 1000 | level 0 (0-0 in window: 30 Hz, dilation 1.0), pace 1.00, 0.0% clients bandwidth-degraded | tick p50 3.64 p99 5.86 max 6.27 ms, 0 overruns | out 28.7k pps 54 kbps/client, 51 Mbps | in 28.6k pps 13 kbps/client | stand-ins: repeated 0.00% frozen 0.00%, 0 late inputs | per client-tick: 190 B (near 30 B, 99% deltas), near 4.3 mid 4.2 far 6.2, far skipped 0 starved 0 | input wait p50 50.7 p99 66.7 ms | 472 joins deferred | kernel drops rcv 0 snd 0
         p50/p99 ms: ingress 0.40/1.22  events 0.11/1.76  movement 0.19/0.25  grid 0.07/0.11  history 0.00/0.01  serialize 0.05/0.11  assembly 0.91/1.30  transport 0.42/1.04  egress 1.51/2.20
[   10s] clients 1000 | level 0 (0-0 in window: 30 Hz, dilation 1.0), pace 1.00, 0.0% clients bandwidth-degraded | tick p50 3.57 p99 4.24 max 4.53 ms, 0 overruns | out 30.0k pps 54 kbps/client, 54 Mbps | in 30.0k pps 12 kbps/client | stand-ins: repeated 0.00% frozen 0.00%, 0 late inputs | per client-tick: 191 B (near 29 B, 100% deltas), near 4.3 mid 4.2 far 6.3, far skipped 0 starved 0 | input wait p50 50.0 p99 66.4 ms | 0 joins deferred | kernel drops rcv 0 snd 0
         p50/p99 ms: ingress 0.39/0.73  events 0.10/0.17  movement 0.20/0.27  grid 0.06/0.10  history 0.00/0.00  serialize 0.04/0.09  assembly 0.88/1.25  transport 0.42/0.87  egress 1.45/1.88
[   15s] clients 1000 | level 0 (0-0 in window: 30 Hz, dilation 1.0), pace 1.00, 0.0% clients bandwidth-degraded | tick p50 3.50 p99 4.97 max 6.08 ms, 0 overruns | out 30.0k pps 54 kbps/client, 54 Mbps | in 30.0k pps 12 kbps/client | stand-ins: repeated 0.00% frozen 0.00%, 0 late inputs | per client-tick: 191 B (near 29 B, 100% deltas), near 4.3 mid 4.2 far 6.3, far skipped 0 starved 0 | input wait p50 50.0 p99 66.4 ms | 0 joins deferred | kernel drops rcv 0 snd 0
         p50/p99 ms: ingress 0.38/0.89  events 0.10/0.21  movement 0.19/0.24  grid 0.07/0.09  history 0.00/0.00  serialize 0.04/0.07  assembly 0.85/1.22  transport 0.40/0.88  egress 1.46/3.07
[   20s] clients 1000 | level 0 (0-0 in window: 30 Hz, dilation 1.0), pace 1.00, 0.0% clients bandwidth-degraded | tick p50 3.51 p99 4.69 max 4.70 ms, 0 overruns | out 30.0k pps 54 kbps/client, 54 Mbps | in 30.0k pps 12 kbps/client | stand-ins: repeated 0.00% frozen 0.00%, 0 late inputs | per client-tick: 191 B (near 29 B, 100% deltas), near 4.3 mid 4.2 far 6.3, far skipped 0 starved 0 | input wait p50 49.9 p99 66.4 ms | 0 joins deferred | kernel drops rcv 0 snd 0
         p50/p99 ms: ingress 0.38/0.64  events 0.10/0.19  movement 0.20/0.25  grid 0.06/0.08  history 0.00/0.00  serialize 0.04/0.07  assembly 0.90/1.29  transport 0.41/0.84  egress 1.43/1.98
[   25s] clients 1000 | level 0 (0-0 in window: 30 Hz, dilation 1.0), pace 1.00, 0.0% clients bandwidth-degraded | tick p50 3.39 p99 4.03 max 4.17 ms, 0 overruns | out 30.0k pps 54 kbps/client, 54 Mbps | in 30.0k pps 12 kbps/client | stand-ins: repeated 0.00% frozen 0.00%, 0 late inputs | per client-tick: 191 B (near 29 B, 100% deltas), near 4.3 mid 4.2 far 6.3, far skipped 0 starved 0 | input wait p50 50.0 p99 66.4 ms | 0 joins deferred | kernel drops rcv 0 snd 0
         p50/p99 ms: ingress 0.38/0.53  events 0.10/0.18  movement 0.20/0.24  grid 0.07/0.09  history 0.00/0.00  serialize 0.04/0.07  assembly 0.86/1.19  transport 0.40/0.79  egress 1.36/1.81
[   30s] clients 1000 | level 0 (0-0 in window: 30 Hz, dilation 1.0), pace 1.00, 0.0% clients bandwidth-degraded | tick p50 3.38 p99 3.91 max 3.97 ms, 0 overruns | out 30.0k pps 54 kbps/client, 54 Mbps | in 30.0k pps 12 kbps/client | stand-ins: repeated 0.00% frozen 0.00%, 0 late inputs | per client-tick: 190 B (near 29 B, 100% deltas), near 4.3 mid 4.2 far 6.3, far skipped 0 starved 0 | input wait p50 49.9 p99 66.4 ms | 0 joins deferred | kernel drops rcv 0 snd 0
         p50/p99 ms: ingress 0.38/0.45  events 0.10/0.15  movement 0.20/0.24  grid 0.07/0.09  history 0.00/0.00  serialize 0.04/0.07  assembly 0.84/1.16  transport 0.39/0.90  egress 1.35/1.86
[   35s] clients 1000 | level 0 (0-0 in window: 30 Hz, dilation 1.0), pace 1.00, 0.0% clients bandwidth-degraded | tick p50 3.52 p99 4.48 max 4.50 ms, 0 overruns | out 30.0k pps 54 kbps/client, 54 Mbps | in 30.0k pps 12 kbps/client | stand-ins: repeated 0.00% frozen 0.00%, 0 late inputs | per client-tick: 190 B (near 29 B, 100% deltas), near 4.3 mid 4.2 far 6.3, far skipped 0 starved 0 | input wait p50 50.1 p99 66.4 ms | 0 joins deferred | kernel drops rcv 0 snd 0
         p50/p99 ms: ingress 0.38/0.81  events 0.10/0.21  movement 0.20/0.31  grid 0.06/0.09  history 0.00/0.00  serialize 0.04/0.08  assembly 0.89/1.22  transport 0.42/1.00  egress 1.42/2.20
[   40s] clients 1000 | level 0 (0-0 in window: 30 Hz, dilation 1.0), pace 1.00, 0.0% clients bandwidth-degraded | tick p50 3.56 p99 7.12 max 9.78 ms, 0 overruns | out 30.0k pps 54 kbps/client, 54 Mbps | in 30.0k pps 12 kbps/client | stand-ins: repeated 0.00% frozen 0.00%, 0 late inputs | per client-tick: 190 B (near 29 B, 100% deltas), near 4.3 mid 4.2 far 6.3, far skipped 0 starved 0 | input wait p50 50.0 p99 66.4 ms | 0 joins deferred | kernel drops rcv 0 snd 0
         p50/p99 ms: ingress 0.39/0.78  events 0.10/0.19  movement 0.20/0.28  grid 0.07/0.10  history 0.00/0.00  serialize 0.04/0.08  assembly 0.86/1.29  transport 0.42/0.92  egress 1.44/2.63
[   45s] clients 1000 | level 0 (0-0 in window: 30 Hz, dilation 1.0), pace 1.00, 0.0% clients bandwidth-degraded | tick p50 3.53 p99 4.44 max 4.47 ms, 0 overruns | out 30.0k pps 54 kbps/client, 54 Mbps | in 30.0k pps 12 kbps/client | stand-ins: repeated 0.00% frozen 0.00%, 0 late inputs | per client-tick: 190 B (near 29 B, 100% deltas), near 4.3 mid 4.2 far 6.3, far skipped 0 starved 0 | input wait p50 50.0 p99 66.4 ms | 0 joins deferred | kernel drops rcv 0 snd 0
         p50/p99 ms: ingress 0.39/0.69  events 0.10/0.19  movement 0.19/0.26  grid 0.06/0.09  history 0.00/0.00  serialize 0.04/0.07  assembly 0.91/1.22  transport 0.42/0.82  egress 1.42/1.82
[   50s] clients 1000 | level 0 (0-0 in window: 30 Hz, dilation 1.0), pace 1.00, 0.0% clients bandwidth-degraded | tick p50 3.43 p99 4.17 max 4.29 ms, 0 overruns | out 30.0k pps 54 kbps/client, 54 Mbps | in 30.0k pps 12 kbps/client | stand-ins: repeated 0.00% frozen 0.00%, 0 late inputs | per client-tick: 190 B (near 29 B, 100% deltas), near 4.3 mid 4.2 far 6.3, far skipped 0 starved 0 | input wait p50 49.9 p99 66.4 ms | 0 joins deferred | kernel drops rcv 0 snd 0
         p50/p99 ms: ingress 0.38/0.70  events 0.10/0.15  movement 0.20/0.32  grid 0.06/0.10  history 0.00/0.00  serialize 0.04/0.07  assembly 0.91/1.26  transport 0.41/0.74  egress 1.35/1.83
[   55s] clients 1000 | level 0 (0-0 in window: 30 Hz, dilation 1.0), pace 1.00, 0.0% clients bandwidth-degraded | tick p50 3.49 p99 4.29 max 4.95 ms, 0 overruns | out 30.0k pps 54 kbps/client, 54 Mbps | in 30.0k pps 12 kbps/client | stand-ins: repeated 0.00% frozen 0.00%, 0 late inputs | per client-tick: 190 B (near 29 B, 100% deltas), near 4.3 mid 4.2 far 6.3, far skipped 0 starved 0 | input wait p50 50.0 p99 66.4 ms | 0 joins deferred | kernel drops rcv 0 snd 0
         p50/p99 ms: ingress 0.39/0.69  events 0.10/0.15  movement 0.20/0.25  grid 0.06/0.09  history 0.00/0.00  serialize 0.04/0.09  assembly 0.87/1.20  transport 0.42/0.87  egress 1.41/1.80
[   60s] clients 0 | level 0 (0-0 in window: 30 Hz, dilation 1.0), pace 1.00, 0.0% clients bandwidth-degraded | tick p50 3.36 p99 4.07 max 4.16 ms, 0 overruns | out 29.7k pps 54 kbps/client, 53 Mbps | in 30.3k pps 12 kbps/client | stand-ins: repeated 0.00% frozen 0.00%, 0 late inputs | per client-tick: 190 B (near 29 B, 100% deltas), near 4.3 mid 4.2 far 6.3, far skipped 0 starved 0 | input wait p50 50.0 p99 66.4 ms | 0 joins deferred | kernel drops rcv 0 snd 0
         p50/p99 ms: ingress 0.38/0.68  events 0.10/0.24  movement 0.19/0.24  grid 0.07/0.08  history 0.00/0.00  serialize 0.04/0.07  assembly 0.89/1.21  transport 0.40/0.69  egress 1.30/1.79

== summary: 1709 steady-state ticks (after warmup, before clients drain), peak 1000 clients ==
  phase        p50 ms   p99 ms   max ms
  ingress        0.38     0.72     2.12
  events         0.10     0.20     0.29
  movement       0.20     0.26     2.22
  grid           0.06     0.09     0.11
  history        0.00     0.00     0.02
  serialize      0.04     0.07     0.25
  assembly       0.88     1.23     1.38
  transport      0.41     0.85     1.24
  egress         1.41     1.91     5.11
  tick           3.49     4.44     9.78
  overruns 0 | spawns 1000 despawns 1000 (472 joins deferred) | stand-ins: repeated 0 frozen 0 | late inputs 0 discarded 0 | bad messages 0 | recv errors 0 send errors 0
  egress (whole run): 1799119 datagrams in 1799119 sends (1.00 per send), 115263 syscalls
  ticks per ladder level (whole run): L0: 1808
  input wait on the server (datagram arrival -> applied): p50 50.0 p99 66.4 max 70.0 mean 50.3 ms
  steady state: stand-ins repeated 0 frozen 0 | late inputs 0 discarded 0
