10000 bots -> 172.16.8.2:40500 on 24 threads, ramp 0/s, 60s, 10000 full + 0 sink bots
[    5s] bots 10000/10000 connected, 10000 welcomed, 0 failed | 18.8 snaps/s/bot, entities/snap near 14.9 mid 39.3 far 55.7 | corrections 0.000/s/bot | down 188 up 8 kbps/bot | rtt 39.0 ms loss 0.00% | input->applied ~ p50 108 p99 205 ms, round trip p50 133 p99 233 ms | joins 10000 (p50 716 p99 1697 ms) | server pace 0.78 level 0, 0 bots bandwidth-degraded | swarm busy 13%, overruns 0
[   10s] bots 10000/10000 connected, 10000 welcomed, 0 failed | 24.6 snaps/s/bot, entities/snap near 15.7 mid 42.0 far 58.7 | corrections 0.000/s/bot | down 258 up 10 kbps/bot | rtt 39.2 ms loss 0.00% | input->applied ~ p50 91 p99 116 ms, round trip p50 133 p99 133 ms | joins 0 (p50 0 p99 0 ms) | server pace 0.79 level 0, 0 bots bandwidth-degraded | swarm busy 14%, overruns 0
[   15s] bots 10000/10000 connected, 10000 welcomed, 0 failed | 22.8 snaps/s/bot, entities/snap near 15.7 mid 41.9 far 58.7 | corrections 0.000/s/bot | down 239 up 9 kbps/bot | rtt 39.0 ms loss 0.00% | input->applied ~ p50 96 p99 117 ms, round trip p50 133 p99 167 ms | joins 0 (p50 0 p99 0 ms) | server pace 0.78 level 0, 0 bots bandwidth-degraded | swarm busy 14%, overruns 0
[   20s] bots 10000/10000 connected, 10000 welcomed, 0 failed | 23.8 snaps/s/bot, entities/snap near 15.7 mid 41.9 far 58.7 | corrections 0.000/s/bot | down 250 up 10 kbps/bot | rtt 39.5 ms loss 0.00% | input->applied ~ p50 89 p99 110 ms, round trip p50 133 p99 133 ms | joins 0 (p50 0 p99 0 ms) | server pace 0.79 level 0, 0 bots bandwidth-degraded | swarm busy 14%, overruns 0
[   25s] bots 10000/10000 connected, 10000 welcomed, 0 failed | 24.0 snaps/s/bot, entities/snap near 15.7 mid 41.9 far 58.7 | corrections 0.000/s/bot | down 252 up 10 kbps/bot | rtt 38.9 ms loss 0.00% | input->applied ~ p50 91 p99 113 ms, round trip p50 133 p99 133 ms | joins 0 (p50 0 p99 0 ms) | server pace 0.79 level 0, 0 bots bandwidth-degraded | swarm busy 14%, overruns 0
[   30s] bots 10000/10000 connected, 10000 welcomed, 0 failed | 23.2 snaps/s/bot, entities/snap near 15.7 mid 41.9 far 58.7 | corrections 0.000/s/bot | down 243 up 9 kbps/bot | rtt 39.1 ms loss 0.00% | input->applied ~ p50 89 p99 109 ms, round trip p50 133 p99 133 ms | joins 0 (p50 0 p99 0 ms) | server pace 0.79 level 0, 0 bots bandwidth-degraded | swarm busy 14%, overruns 0
[   35s] bots 10000/10000 connected, 10000 welcomed, 0 failed | 24.1 snaps/s/bot, entities/snap near 15.7 mid 41.9 far 58.7 | corrections 0.000/s/bot | down 253 up 10 kbps/bot | rtt 39.0 ms loss 0.00% | input->applied ~ p50 90 p99 112 ms, round trip p50 133 p99 133 ms | joins 0 (p50 0 p99 0 ms) | server pace 0.79 level 0, 0 bots bandwidth-degraded | swarm busy 14%, overruns 0
[   40s] bots 10000/10000 connected, 10000 welcomed, 0 failed | 23.7 snaps/s/bot, entities/snap near 15.7 mid 41.9 far 58.7 | corrections 0.000/s/bot | down 249 up 9 kbps/bot | rtt 38.9 ms loss 0.00% | input->applied ~ p50 93 p99 116 ms, round trip p50 133 p99 133 ms | joins 0 (p50 0 p99 0 ms) | server pace 0.78 level 0, 0 bots bandwidth-degraded | swarm busy 14%, overruns 0
[   45s] bots 10000/10000 connected, 10000 welcomed, 0 failed | 23.1 snaps/s/bot, entities/snap near 15.7 mid 42.0 far 58.7 | corrections 0.000/s/bot | down 243 up 9 kbps/bot | rtt 39.1 ms loss 0.00% | input->applied ~ p50 96 p99 119 ms, round trip p50 133 p99 167 ms | joins 0 (p50 0 p99 0 ms) | server pace 0.78 level 0, 0 bots bandwidth-degraded | swarm busy 14%, overruns 0
[   50s] bots 10000/10000 connected, 10000 welcomed, 0 failed | 23.8 snaps/s/bot, entities/snap near 15.7 mid 42.0 far 58.7 | corrections 0.000/s/bot | down 250 up 10 kbps/bot | rtt 39.0 ms loss 0.00% | input->applied ~ p50 97 p99 119 ms, round trip p50 133 p99 167 ms | joins 0 (p50 0 p99 0 ms) | server pace 0.78 level 0, 0 bots bandwidth-degraded | swarm busy 14%, overruns 0
[   55s] bots 10000/10000 connected, 10000 welcomed, 0 failed | 22.8 snaps/s/bot, entities/snap near 15.7 mid 41.9 far 58.7 | corrections 0.000/s/bot | down 239 up 9 kbps/bot | rtt 39.0 ms loss 0.00% | input->applied ~ p50 97 p99 119 ms, round trip p50 133 p99 167 ms | joins 0 (p50 0 p99 0 ms) | server pace 0.78 level 0, 0 bots bandwidth-degraded | swarm busy 14%, overruns 0
[   60s] bots 10000/10000 connected, 10000 welcomed, 0 failed | 24.2 snaps/s/bot, entities/snap near 15.7 mid 41.9 far 58.7 | corrections 0.000/s/bot | down 254 up 10 kbps/bot | rtt 39.1 ms loss 0.00% | input->applied ~ p50 94 p99 116 ms, round trip p50 133 p99 133 ms | joins 0 (p50 0 p99 0 ms) | server pace 0.79 level 0, 0 bots bandwidth-degraded | swarm busy 14%, overruns 0

== bots summary ==
  started 10000 welcomed 10000 failed 0
  join latency ms: p50 716 p99 1697 max 2063 (n=10000)
  corrections 0 (0.00/bot-minute), mean error 0.000 m, max 0.000 m
  snapshots 13993711 (entities per snapshot: near 15.6 mid 41.8 far 58.5), stale 0, unmatched acks 0, resyncs 0
  input -> applied on server (est. RTT/2 + server wait): p50 94.0 p99 160.0 max 221.0 mean 94.7 ms (n=13986589)
    of which server wait (arrival -> applied): p50 74.1 p99 140.6 max 200.7 mean 75.3 ms (n=13986589)
  input -> seen acked (round trip): p50 133.0 p99 200.0 max 267.0 mean 129.0 ms (n=13986589)
  near entity update interval (tracked bots): p50 33.0 p99 33.0 max 100.0 mean 33.0 ms (n=11076922)
  mid entity update interval (tracked bots): p50 100.0 p99 100.0 max 500.0 mean 100.2 ms (n=29324309)
  far entity update interval (tracked bots): p50 500.0 p99 500.0 max 46500.0 mean 514.8 ms (n=40632911)
  input clock: 10000 extra inputs, 3774489 skipped ticks, 17833 backlog skips | near decode errors (tracked bots) 0
  bytes down 18315.7 MB up 700.3 MB | swarm busy 14% of its threads' time, tick overruns 0
