warning: use of deprecated method `std::sync::atomic::Atomic::<usize>::fetch_update`: renamed to `try_update` for consistency
   --> src/server.rs:140:14
    |
140 |             .fetch_update(Ordering::AcqRel, Ordering::Acquire, |n| (n < self.max_clients).then_some(n + 1))
    |              ^^^^^^^^^^^^
    |
    = note: `#[warn(deprecated)]` on by default
help: replace the use of the deprecated method
    |
140 -             .fetch_update(Ordering::AcqRel, Ordering::Acquire, |n| (n < self.max_clients).then_some(n + 1))
140 +             .try_update(Ordering::AcqRel, Ordering::Acquire, |n| (n < self.max_clients).then_some(n + 1))
    |

== uniform, 10000 bots, 60s -> baselines/2026-10-04-scaleway-8t/uniform-10k-noladder-1
== summary: 1343 steady-state ticks (after warmup, before clients drain), peak 10000 clients ==
  phase        p50 ms   p99 ms   max ms
  ingress        2.78     3.02     3.20
  events         2.39     2.58     2.94
  movement       0.33     0.35     0.51
  grid           0.39     0.42     0.43
  history        0.01     0.01     0.01
  serialize      0.12     0.17     0.26
  assembly      13.40    13.79    14.10
  transport     11.56    13.52    14.67
  egress        11.44    11.91    12.13
  tick          42.36    44.46    45.27
  overruns 1343 | spawns 10000 despawns 10000 (52843 joins deferred) | stand-ins: repeated 0 frozen 0 | late inputs 0 discarded 0 | bad messages 0 | recv errors 0 send errors 0
  egress (whole run): 24404500 datagrams in 24404500 sends (1.00 per send), 157585 syscalls
  ticks per ladder level (whole run): L0: 1444
  input wait on the server (datagram arrival -> applied): p50 74.1 p99 140.8 max 200.7 mean 75.3 ms
  steady state: stand-ins repeated 0 frozen 0 | late inputs 0 discarded 0
== bots summary ==
  started 10000 welcomed 10000 failed 0
  join latency ms: p50 716 p99 1697 max 2063 (n=10000)
  corrections 0 (0.00/bot-minute), mean error 0.000 m, max 0.000 m
  snapshots 13993711 (entities per snapshot: near 15.6 mid 41.8 far 58.5), stale 0, unmatched acks 0, resyncs 0
  input -> applied on server (est. RTT/2 + server wait): p50 94.0 p99 160.0 max 221.0 mean 94.7 ms (n=13986589)
    of which server wait (arrival -> applied): p50 74.1 p99 140.6 max 200.7 mean 75.3 ms (n=13986589)
  input -> seen acked (round trip): p50 133.0 p99 200.0 max 267.0 mean 129.0 ms (n=13986589)
  near entity update interval (tracked bots): p50 33.0 p99 33.0 max 100.0 mean 33.0 ms (n=11076922)
  mid entity update interval (tracked bots): p50 100.0 p99 100.0 max 500.0 mean 100.2 ms (n=29324309)
  far entity update interval (tracked bots): p50 500.0 p99 500.0 max 46500.0 mean 514.8 ms (n=40632911)
  input clock: 10000 extra inputs, 3774489 skipped ticks, 17833 backlog skips | near decode errors (tracked bots) 0
  bytes down 18315.7 MB up 700.3 MB | swarm busy 14% of its threads' time, tick overruns 0
