spawn=uniform
egress=sendmmsg
ladder=off
threads=8
shards=64
peak_clients=10000
steady_ticks=1343
steady_secs=56.9
ingress_p50_ms=2.78
ingress_p99_ms=3.02
ingress_max_ms=3.20
events_p50_ms=2.39
events_p99_ms=2.58
events_max_ms=2.94
movement_p50_ms=0.33
movement_p99_ms=0.35
movement_max_ms=0.51
grid_p50_ms=0.39
grid_p99_ms=0.42
grid_max_ms=0.43
history_p50_ms=0.01
history_p99_ms=0.01
history_max_ms=0.01
serialize_p50_ms=0.12
serialize_p99_ms=0.17
serialize_max_ms=0.26
assembly_p50_ms=13.40
assembly_p99_ms=13.79
assembly_max_ms=14.10
transport_p50_ms=11.56
transport_p99_ms=13.52
transport_max_ms=14.67
egress_p50_ms=11.44
egress_p99_ms=11.91
egress_max_ms=12.13
tick_p50_ms=42.36
tick_p99_ms=44.46
tick_max_ms=45.27
steady_overruns=1343
level_mode=0
tick_hz=30
dilation=1
levels=L0:1343
clients_avg=10000
out_pps=411786
in_pps=236074
egress_mbps=2477.8
packets_per_client_tick=1.75
wire_bytes_per_client_tick=1313
down_kbps_per_client=247.8
up_kbps_per_client=9.4
kernel_rcvbuf_drops=0
kernel_sndbuf_drops=0
snapshot_bytes_per_client_tick=1254
near_bytes_per_client_tick=96
near_per_client_tick=15.7
mid_per_client_tick=41.9
far_per_client_tick=58.7
far_skipped=0
far_starved=0
repeated=0
frozen=0
late_inputs=0
discarded_inputs=0
input_wait_p50_ms=74.1
input_wait_p99_ms=140.8
spawns=10000
despawns=10000
joins_deferred=52843
bad_messages=0
recv_errors=0
send_errors=0
datagrams=24404500
sends=24404500
send_syscalls=157585
