preallocated connections for 10000 clients in 219.330432ms
listening on 172.16.8.2:40500 | spawn Uniform | tiers near 64@150 m, mid 500 m, far 1500 m, budget 6250 B/tick, squads of 4 | 8 rayon threads, 64 shards, 256 accepts/tick, egress SendMmsg | socket buffers rcv 32768 KiB snd 32768 KiB
[    5s] clients 10000 | level 0 (0-0 in window: 30 Hz, dilation 1.0), pace 0.78, 0.0% clients bandwidth-degraded | tick p50 41.53 p99 46.16 max 46.66 ms, 79 overruns | out 296.2k pps 254 kbps/client, 1756 Mbps | in 192.1k pps 15 kbps/client | stand-ins: repeated 0.00% frozen 0.00%, 0 late inputs | per client-tick: 1174 B (near 93 B, 98% deltas), near 14.7 mid 38.7 far 55.0, far skipped 0 starved 0 | input wait p50 90.7 p99 186.6 ms | 52843 joins deferred | kernel drops rcv 0 snd 0
         p50/p99 ms: ingress 2.61/5.79  events 2.49/4.23  movement 0.31/0.37  grid 0.35/0.43  history 0.01/0.06  serialize 0.15/0.28  assembly 13.42/14.55  transport 10.57/13.34  egress 11.22/11.92
[   10s] clients 10000 | level 0 (0-0 in window: 30 Hz, dilation 1.0), pace 0.80, 0.0% clients bandwidth-degraded | tick p50 42.21 p99 44.58 max 44.60 ms, 119 overruns | out 412.9k pps 249 kbps/client, 2485 Mbps | in 236.0k pps 9 kbps/client | stand-ins: repeated 0.00% frozen 0.00%, 0 late inputs | per client-tick: 1254 B (near 96 B, 100% deltas), near 15.7 mid 42.0 far 58.7, far skipped 0 starved 0 | input wait p50 72.3 p99 96.3 ms | 0 joins deferred | kernel drops rcv 0 snd 0
         p50/p99 ms: ingress 2.75/2.97  events 2.42/2.60  movement 0.32/0.35  grid 0.39/0.42  history 0.01/0.01  serialize 0.12/0.14  assembly 13.41/13.75  transport 11.45/13.47  egress 11.42/11.89
[   15s] clients 10000 | level 0 (0-0 in window: 30 Hz, dilation 1.0), pace 0.78, 0.0% clients bandwidth-degraded | tick p50 42.54 p99 44.30 max 44.34 ms, 118 overruns | out 409.6k pps 247 kbps/client, 2465 Mbps | in 235.1k pps 9 kbps/client | stand-ins: repeated 0.00% frozen 0.00%, 0 late inputs | per client-tick: 1254 B (near 96 B, 100% deltas), near 15.7 mid 42.0 far 58.7, far skipped 0 starved 0 | input wait p50 75.6 p99 96.9 ms | 0 joins deferred | kernel drops rcv 0 snd 0
         p50/p99 ms: ingress 2.76/3.01  events 2.36/2.52  movement 0.33/0.35  grid 0.40/0.42  history 0.01/0.01  serialize 0.12/0.14  assembly 13.45/13.77  transport 11.66/13.21  egress 11.54/11.89
[   20s] clients 10000 | level 0 (0-0 in window: 30 Hz, dilation 1.0), pace 0.79, 0.0% clients bandwidth-degraded | tick p50 42.18 p99 44.35 max 44.90 ms, 119 overruns | out 413.7k pps 249 kbps/client, 2490 Mbps | in 236.7k pps 9 kbps/client | stand-ins: repeated 0.00% frozen 0.00%, 0 late inputs | per client-tick: 1254 B (near 96 B, 100% deltas), near 15.7 mid 41.9 far 58.7, far skipped 0 starved 0 | input wait p50 69.9 p99 89.8 ms | 0 joins deferred | kernel drops rcv 0 snd 0
         p50/p99 ms: ingress 2.85/3.05  events 2.40/2.54  movement 0.33/0.34  grid 0.39/0.41  history 0.01/0.01  serialize 0.12/0.14  assembly 13.33/13.75  transport 11.53/13.33  egress 11.27/11.66
[   25s] clients 10000 | level 0 (0-0 in window: 30 Hz, dilation 1.0), pace 0.79, 0.0% clients bandwidth-degraded | tick p50 42.28 p99 44.30 max 44.43 ms, 119 overruns | out 412.4k pps 248 kbps/client, 2482 Mbps | in 236.2k pps 9 kbps/client | stand-ins: repeated 0.00% frozen 0.00%, 0 late inputs | per client-tick: 1254 B (near 96 B, 100% deltas), near 15.7 mid 41.9 far 58.7, far skipped 0 starved 0 | input wait p50 72.1 p99 93.4 ms | 0 joins deferred | kernel drops rcv 0 snd 0
         p50/p99 ms: ingress 2.81/3.00  events 2.39/2.52  movement 0.32/0.34  grid 0.39/0.42  history 0.01/0.01  serialize 0.12/0.14  assembly 13.36/13.74  transport 11.65/13.53  egress 11.29/11.71
[   30s] clients 10000 | level 0 (0-0 in window: 30 Hz, dilation 1.0), pace 0.80, 0.0% clients bandwidth-degraded | tick p50 42.16 p99 44.46 max 45.27 ms, 119 overruns | out 414.0k pps 249 kbps/client, 2491 Mbps | in 237.1k pps 9 kbps/client | stand-ins: repeated 0.00% frozen 0.00%, 0 late inputs | per client-tick: 1254 B (near 96 B, 100% deltas), near 15.7 mid 41.9 far 58.7, far skipped 0 starved 0 | input wait p50 69.2 p99 89.2 ms | 0 joins deferred | kernel drops rcv 0 snd 0
         p50/p99 ms: ingress 2.86/3.04  events 2.41/2.54  movement 0.32/0.34  grid 0.39/0.42  history 0.01/0.01  serialize 0.12/0.17  assembly 13.27/13.66  transport 11.61/13.38  egress 11.22/11.61
[   35s] clients 10000 | level 0 (0-0 in window: 30 Hz, dilation 1.0), pace 0.79, 0.0% clients bandwidth-degraded | tick p50 42.23 p99 44.38 max 44.58 ms, 119 overruns | out 413.5k pps 249 kbps/client, 2487 Mbps | in 236.9k pps 9 kbps/client | stand-ins: repeated 0.00% frozen 0.00%, 0 late inputs | per client-tick: 1254 B (near 96 B, 100% deltas), near 15.7 mid 41.9 far 58.7, far skipped 0 starved 0 | input wait p50 70.6 p99 92.0 ms | 0 joins deferred | kernel drops rcv 0 snd 0
         p50/p99 ms: ingress 2.83/3.02  events 2.40/2.55  movement 0.32/0.35  grid 0.39/0.41  history 0.01/0.01  serialize 0.12/0.18  assembly 13.32/13.83  transport 11.59/13.44  egress 11.27/11.65
[   40s] clients 10000 | level 0 (0-0 in window: 30 Hz, dilation 1.0), pace 0.78, 0.0% clients bandwidth-degraded | tick p50 42.51 p99 44.77 max 45.01 ms, 118 overruns | out 412.0k pps 248 kbps/client, 2479 Mbps | in 236.2k pps 9 kbps/client | stand-ins: repeated 0.00% frozen 0.00%, 0 late inputs | per client-tick: 1254 B (near 96 B, 100% deltas), near 15.7 mid 41.9 far 58.7, far skipped 0 starved 0 | input wait p50 73.3 p99 95.5 ms | 0 joins deferred | kernel drops rcv 0 snd 0
         p50/p99 ms: ingress 2.78/3.06  events 2.38/2.52  movement 0.33/0.37  grid 0.39/0.42  history 0.01/0.01  serialize 0.12/0.15  assembly 13.40/13.82  transport 11.58/13.56  egress 11.45/11.81
[   45s] clients 10000 | level 0 (0-0 in window: 30 Hz, dilation 1.0), pace 0.78, 0.0% clients bandwidth-degraded | tick p50 42.55 p99 44.44 max 45.20 ms, 118 overruns | out 410.4k pps 247 kbps/client, 2469 Mbps | in 235.1k pps 9 kbps/client | stand-ins: repeated 0.00% frozen 0.00%, 0 late inputs | per client-tick: 1254 B (near 96 B, 100% deltas), near 15.7 mid 41.9 far 58.7, far skipped 0 starved 0 | input wait p50 76.7 p99 99.3 ms | 0 joins deferred | kernel drops rcv 0 snd 0
         p50/p99 ms: ingress 2.74/2.97  events 2.34/2.52  movement 0.33/0.36  grid 0.40/0.42  history 0.01/0.01  serialize 0.12/0.16  assembly 13.44/13.71  transport 11.63/13.54  egress 11.53/11.90
[   50s] clients 10000 | level 0 (0-0 in window: 30 Hz, dilation 1.0), pace 0.78, 0.0% clients bandwidth-degraded | tick p50 42.50 p99 44.42 max 44.65 ms, 118 overruns | out 410.2k pps 247 kbps/client, 2468 Mbps | in 234.7k pps 9 kbps/client | stand-ins: repeated 0.00% frozen 0.00%, 0 late inputs | per client-tick: 1254 B (near 96 B, 100% deltas), near 15.7 mid 41.9 far 58.7, far skipped 0 starved 0 | input wait p50 77.9 p99 98.7 ms | 0 joins deferred | kernel drops rcv 0 snd 0
         p50/p99 ms: ingress 2.73/2.92  events 2.35/2.52  movement 0.33/0.36  grid 0.39/0.42  history 0.01/0.01  serialize 0.12/0.15  assembly 13.45/13.79  transport 11.44/13.69  egress 11.61/12.04
[   55s] clients 10000 | level 0 (0-0 in window: 30 Hz, dilation 1.0), pace 0.79, 0.0% clients bandwidth-degraded | tick p50 42.50 p99 44.74 max 44.95 ms, 118 overruns | out 410.1k pps 247 kbps/client, 2467 Mbps | in 234.9k pps 9 kbps/client | stand-ins: repeated 0.00% frozen 0.00%, 0 late inputs | per client-tick: 1254 B (near 96 B, 100% deltas), near 15.7 mid 41.9 far 58.7, far skipped 0 starved 0 | input wait p50 77.5 p99 98.5 ms | 0 joins deferred | kernel drops rcv 0 snd 0
         p50/p99 ms: ingress 2.71/2.93  events 2.39/2.55  movement 0.33/0.35  grid 0.39/0.42  history 0.01/0.01  serialize 0.12/0.14  assembly 13.46/13.78  transport 11.57/13.45  egress 11.58/11.92
[   60s] clients 10000 | level 0 (0-0 in window: 30 Hz, dilation 1.0), pace 0.79, 0.0% clients bandwidth-degraded | tick p50 42.43 p99 44.24 max 44.50 ms, 118 overruns | out 411.6k pps 248 kbps/client, 2476 Mbps | in 235.6k pps 9 kbps/client | stand-ins: repeated 0.00% frozen 0.00%, 0 late inputs | per client-tick: 1254 B (near 96 B, 100% deltas), near 15.7 mid 41.9 far 58.7, far skipped 0 starved 0 | input wait p50 74.9 p99 96.0 ms | 0 joins deferred | kernel drops rcv 0 snd 0
         p50/p99 ms: ingress 2.76/2.95  events 2.41/2.55  movement 0.33/0.35  grid 0.39/0.42  history 0.01/0.01  serialize 0.12/0.14  assembly 13.45/13.79  transport 11.42/13.30  egress 11.48/11.84
[   61s] clients 0 | level 0 (0-0 in window: 30 Hz, dilation 1.0), pace 0.79, 0.0% clients bandwidth-degraded | tick p50 42.39 p99 43.41 max 43.41 ms, 11 overruns | out 371.0k pps 271 kbps/client, 2230 Mbps | in 258.9k pps 11 kbps/client | stand-ins: repeated 0.00% frozen 0.00%, 0 late inputs | per client-tick: 1239 B (near 95 B, 100% deltas), near 15.5 mid 41.3 far 58.0, far skipped 0 starved 0 | input wait p50 76.4 p99 95.9 ms | 0 joins deferred | kernel drops rcv 0 snd 0
         p50/p99 ms: ingress 2.77/7.57  events 2.42/23.72  movement 0.33/0.34  grid 0.34/0.42  history 0.01/0.01  serialize 0.12/0.14  assembly 13.42/13.74  transport 11.54/12.07  egress 11.34/11.76

== summary: 1343 steady-state ticks (after warmup, before clients drain), peak 10000 clients ==
  phase        p50 ms   p99 ms   max ms
  ingress        2.78     3.02     3.20
  events         2.39     2.58     2.94
  movement       0.33     0.35     0.51
  grid           0.39     0.42     0.43
  history        0.01     0.01     0.01
  serialize      0.12     0.17     0.26
  assembly      13.40    13.79    14.10
  transport     11.56    13.52    14.67
  egress        11.44    11.91    12.13
  tick          42.36    44.46    45.27
  overruns 1343 | spawns 10000 despawns 10000 (52843 joins deferred) | stand-ins: repeated 0 frozen 0 | late inputs 0 discarded 0 | bad messages 0 | recv errors 0 send errors 0
  egress (whole run): 24404500 datagrams in 24404500 sends (1.00 per send), 157585 syscalls
  ticks per ladder level (whole run): L0: 1444
  input wait on the server (datagram arrival -> applied): p50 74.1 p99 140.8 max 200.7 mean 75.3 ms
  steady state: stand-ins repeated 0 frozen 0 | late inputs 0 discarded 0
