started=10000
welcomed=10000
failed=0
join_p50_ms=942
join_p99_ms=1852
join_max_ms=2664
corrections=4275
corrections_per_bot_minute=0.427
correction_max_m=1.364
push_corrections=173528
push_corrections_per_bot_minute=17.353
push_max_m=0.894
snapshots=10729657
near_per_snapshot=30.7
mid_per_snapshot=52.5
far_per_snapshot=54.7
stale_snapshots=987623
resyncs=0
input_applied_p50_ms=97.0
input_applied_p99_ms=149.0
input_applied_mean_ms=97.1
server_wait_p50_ms=55.4
server_wait_p99_ms=107.5
server_wait_mean_ms=55.8
round_trip_p50_ms=167.0
round_trip_p99_ms=233.0
round_trip_mean_ms=166.0
slot_work_p50_ms=0.6
slot_work_p99_ms=3.3
slot_work_mean_ms=1.0
slot_late_p50_ms=0.0
slot_late_p99_ms=0.1
slot_late_mean_ms=0.0
near_interval_p50_ms=66.0
near_interval_p99_ms=266.0
near_interval_mean_ms=74.0
mid_interval_p50_ms=100.0
mid_interval_p99_ms=500.0
mid_interval_mean_ms=148.8
far_interval_p50_ms=500.0
far_interval_p99_ms=2000.0
far_interval_mean_ms=652.2
slot_late_max_ms=60.8
near_interpolated_pct=88.94
near_extrapolated_pct=10.45
near_held_pct=0.42
near_new_pct=0.19
near_pop_p50_mm=0
near_pop_p99_mm=352
mid_interpolated_pct=80.87
mid_extrapolated_pct=14.33
mid_held_pct=3.31
mid_new_pct=1.50
mid_pop_p50_mm=0
mid_pop_p99_mm=1327
far_interpolated_pct=24.77
far_extrapolated_pct=55.12
far_held_pct=17.61
far_new_pct=2.51
far_pop_p50_mm=1157
far_pop_p99_mm=10101
render_delay_ms=133.3
render_snaps=0
shots_seen=0
activity_cells=0
activity_shots=0
ambient=0
streak_frames_per_million=31182
clock_slewing_pct=50.58
delay_changes=913
render_backwards=0
clock_extra=111861
clock_skipped=96722
backlog_skips=2892
near_decode_errors=0
bytes_down_mb=16516.8
bytes_up_mb=1110.2
swarm_busy_pct=26
swarm_overruns=672
