preallocated connections for 10000 clients in 248.636645ms
listening on 172.31.17.93:40500 | spawn Blob | tiers near 64@150 m, mid 500 m, far 1500 m, budget 6250 B/tick, squads of 4 | 64 rayon threads, 64 shards, 1 socket(s), 256 accepts/tick, egress SendMmsg, ingress RecvMmsg | socket buffers rcv 32768 KiB snd 32768 KiB
[    5s] clients 10000 | level 0 (0-0 in window: 30 Hz, dilation 1.0), pace 1.00, 0.0% clients bandwidth-degraded | tick p50 16.39 p99 18.28 max 18.63 ms, 0 overruns | out 277.8k pps 337 kbps/client, 1994 Mbps | in 180.3k pps 19 kbps/client, 57.2 per recv, receive thread busy 19% | stand-ins: repeated 1.86% frozen 0.23%, 17033 late inputs | per client-tick: 1344 B (near 239 B, 92% deltas), near 30.0 mid 49.3 far 45.3, far skipped 0 starved 0 | input wait p50 52.0 p99 107.9 ms | 46137 joins deferred | kernel drops rcv 0 snd 0
         p50/p99 ms: ingress 1.17/5.32  events 3.67/5.09  movement 0.81/1.09  grid 0.45/0.50  separate 0.53/0.85  history 0.03/0.15  shots 0.07/0.27  serialize 0.30/0.52  assembly 3.22/4.39  transport 1.81/2.29  egress 2.81/4.37
[   10s] clients 10000 | level 0 (0-0 in window: 30 Hz, dilation 1.0), pace 1.00, 0.0% clients bandwidth-degraded | tick p50 16.92 p99 18.85 max 18.98 ms, 0 overruns | out 454.2k pps 337 kbps/client, 3370 Mbps | in 298.4k pps 15 kbps/client, 58.9 per recv, receive thread busy 29% | stand-ins: repeated 0.35% frozen 0.00%, 5393 late inputs | per client-tick: 1352 B (near 210 B, 98% deltas), near 27.9 mid 47.8 far 50.0, far skipped 0 starved 0 | input wait p50 55.5 p99 107.6 ms | 0 joins deferred | kernel drops rcv 0 snd 0
         p50/p99 ms: ingress 1.18/2.34  events 3.86/5.02  movement 0.99/1.27  grid 0.48/0.57  separate 0.58/0.88  history 0.03/0.05  shots 0.07/0.28  serialize 0.32/0.39  assembly 3.75/4.52  transport 2.00/2.33  egress 3.40/4.47
[   15s] clients 10000 | level 0 (0-0 in window: 30 Hz, dilation 1.0), pace 1.00, 0.0% clients bandwidth-degraded | tick p50 16.81 p99 18.51 max 18.54 ms, 0 overruns | out 454.1k pps 337 kbps/client, 3369 Mbps | in 298.3k pps 15 kbps/client, 58.8 per recv, receive thread busy 29% | stand-ins: repeated 0.36% frozen 0.00%, 5417 late inputs | per client-tick: 1351 B (near 210 B, 98% deltas), near 27.9 mid 47.8 far 50.0, far skipped 0 starved 0 | input wait p50 55.4 p99 107.3 ms | 0 joins deferred | kernel drops rcv 0 snd 0
         p50/p99 ms: ingress 1.17/2.38  events 3.83/4.80  movement 0.99/1.15  grid 0.47/0.58  separate 0.57/0.96  history 0.02/0.05  shots 0.07/0.30  serialize 0.30/0.57  assembly 3.76/4.46  transport 2.02/2.38  egress 3.38/4.33
[   20s] clients 10000 | level 0 (0-0 in window: 30 Hz, dilation 1.0), pace 1.00, 0.0% clients bandwidth-degraded | tick p50 16.84 p99 18.04 max 18.10 ms, 0 overruns | out 454.1k pps 337 kbps/client, 3369 Mbps | in 298.3k pps 15 kbps/client, 58.8 per recv, receive thread busy 29% | stand-ins: repeated 0.36% frozen 0.00%, 5371 late inputs | per client-tick: 1351 B (near 210 B, 98% deltas), near 27.9 mid 47.8 far 50.0, far skipped 0 starved 0 | input wait p50 55.4 p99 107.3 ms | 0 joins deferred | kernel drops rcv 0 snd 0
         p50/p99 ms: ingress 1.18/2.00  events 3.86/4.64  movement 0.99/1.25  grid 0.47/0.56  separate 0.57/0.87  history 0.02/0.05  shots 0.07/0.30  serialize 0.30/0.36  assembly 3.77/4.77  transport 2.03/2.47  egress 3.40/4.29
[   25s] clients 10000 | level 0 (0-0 in window: 30 Hz, dilation 1.0), pace 1.00, 0.0% clients bandwidth-degraded | tick p50 16.80 p99 18.42 max 18.59 ms, 0 overruns | out 454.0k pps 337 kbps/client, 3369 Mbps | in 298.3k pps 15 kbps/client, 58.7 per recv, receive thread busy 29% | stand-ins: repeated 0.35% frozen 0.00%, 5323 late inputs | per client-tick: 1351 B (near 210 B, 98% deltas), near 27.9 mid 47.8 far 50.0, far skipped 0 starved 0 | input wait p50 55.4 p99 107.3 ms | 0 joins deferred | kernel drops rcv 0 snd 0
         p50/p99 ms: ingress 1.18/2.33  events 3.89/4.69  movement 0.99/1.18  grid 0.47/0.56  separate 0.57/0.79  history 0.02/0.04  shots 0.07/0.27  serialize 0.31/0.49  assembly 3.72/4.65  transport 2.01/2.37  egress 3.40/4.44
[   30s] clients 10000 | level 0 (0-0 in window: 30 Hz, dilation 1.0), pace 1.00, 0.0% clients bandwidth-degraded | tick p50 16.96 p99 18.62 max 18.65 ms, 0 overruns | out 454.0k pps 337 kbps/client, 3369 Mbps | in 298.2k pps 15 kbps/client, 58.7 per recv, receive thread busy 30% | stand-ins: repeated 0.35% frozen 0.00%, 5317 late inputs | per client-tick: 1351 B (near 210 B, 98% deltas), near 27.9 mid 47.8 far 50.0, far skipped 0 starved 0 | input wait p50 55.5 p99 107.5 ms | 0 joins deferred | kernel drops rcv 0 snd 0
         p50/p99 ms: ingress 1.17/2.37  events 3.90/5.16  movement 0.99/1.28  grid 0.48/0.61  separate 0.56/0.89  history 0.03/0.05  shots 0.07/0.28  serialize 0.32/0.52  assembly 3.75/4.48  transport 2.01/2.43  egress 3.40/4.32
[   35s] clients 10000 | level 0 (0-0 in window: 30 Hz, dilation 1.0), pace 1.00, 0.0% clients bandwidth-degraded | tick p50 16.96 p99 19.10 max 19.30 ms, 0 overruns | out 454.0k pps 337 kbps/client, 3369 Mbps | in 298.4k pps 15 kbps/client, 58.8 per recv, receive thread busy 29% | stand-ins: repeated 0.36% frozen 0.00%, 5403 late inputs | per client-tick: 1351 B (near 209 B, 98% deltas), near 27.9 mid 47.8 far 50.1, far skipped 0 starved 0 | input wait p50 55.3 p99 107.4 ms | 0 joins deferred | kernel drops rcv 0 snd 0
         p50/p99 ms: ingress 1.18/2.43  events 3.87/5.14  movement 0.99/1.18  grid 0.48/0.59  separate 0.57/0.87  history 0.03/0.06  shots 0.07/0.35  serialize 0.31/0.40  assembly 3.75/4.67  transport 2.02/2.37  egress 3.42/4.25
[   40s] clients 10000 | level 0 (0-0 in window: 30 Hz, dilation 1.0), pace 1.00, 0.0% clients bandwidth-degraded | tick p50 16.68 p99 18.33 max 18.84 ms, 0 overruns | out 453.7k pps 337 kbps/client, 3370 Mbps | in 298.3k pps 15 kbps/client, 58.9 per recv, receive thread busy 30% | stand-ins: repeated 0.35% frozen 0.00%, 5309 late inputs | per client-tick: 1351 B (near 209 B, 98% deltas), near 27.9 mid 47.8 far 50.1, far skipped 0 starved 0 | input wait p50 55.4 p99 107.4 ms | 0 joins deferred | kernel drops rcv 0 snd 0
         p50/p99 ms: ingress 1.17/2.41  events 3.85/4.97  movement 0.98/1.15  grid 0.47/0.50  separate 0.57/0.89  history 0.02/0.05  shots 0.07/0.30  serialize 0.31/0.59  assembly 3.72/4.34  transport 1.99/2.29  egress 3.38/4.40
[   45s] clients 10000 | level 0 (0-0 in window: 30 Hz, dilation 1.0), pace 1.00, 0.0% clients bandwidth-degraded | tick p50 16.87 p99 18.93 max 18.94 ms, 0 overruns | out 453.6k pps 337 kbps/client, 3369 Mbps | in 298.3k pps 15 kbps/client, 58.8 per recv, receive thread busy 30% | stand-ins: repeated 0.36% frozen 0.00%, 5410 late inputs | per client-tick: 1351 B (near 209 B, 98% deltas), near 27.9 mid 47.8 far 50.0, far skipped 0 starved 0 | input wait p50 55.6 p99 107.5 ms | 0 joins deferred | kernel drops rcv 0 snd 0
         p50/p99 ms: ingress 1.18/2.42  events 3.83/4.62  movement 1.00/1.17  grid 0.47/0.57  separate 0.56/0.94  history 0.03/0.05  shots 0.07/0.26  serialize 0.30/0.54  assembly 3.77/4.67  transport 2.05/2.36  egress 3.42/4.59
[   50s] clients 10000 | level 0 (0-0 in window: 30 Hz, dilation 1.0), pace 1.00, 0.0% clients bandwidth-degraded | tick p50 16.91 p99 18.87 max 19.15 ms, 0 overruns | out 453.4k pps 337 kbps/client, 3371 Mbps | in 298.2k pps 15 kbps/client, 59.0 per recv, receive thread busy 29% | stand-ins: repeated 0.36% frozen 0.00%, 5485 late inputs | per client-tick: 1352 B (near 210 B, 98% deltas), near 27.9 mid 47.8 far 50.0, far skipped 0 starved 0 | input wait p50 55.5 p99 107.6 ms | 0 joins deferred | kernel drops rcv 0 snd 0
         p50/p99 ms: ingress 1.18/2.43  events 3.84/5.00  movement 0.99/1.21  grid 0.47/0.60  separate 0.58/1.04  history 0.02/0.05  shots 0.07/0.27  serialize 0.31/0.42  assembly 3.75/4.84  transport 2.04/2.40  egress 3.44/4.71
[   55s] clients 10000 | level 0 (0-0 in window: 30 Hz, dilation 1.0), pace 1.00, 0.0% clients bandwidth-degraded | tick p50 16.78 p99 18.46 max 18.54 ms, 0 overruns | out 453.4k pps 337 kbps/client, 3370 Mbps | in 298.3k pps 15 kbps/client, 58.8 per recv, receive thread busy 29% | stand-ins: repeated 0.36% frozen 0.00%, 5483 late inputs | per client-tick: 1352 B (near 210 B, 98% deltas), near 27.9 mid 47.8 far 50.1, far skipped 0 starved 0 | input wait p50 55.5 p99 107.6 ms | 0 joins deferred | kernel drops rcv 0 snd 0
         p50/p99 ms: ingress 1.17/2.08  events 3.85/4.91  movement 1.00/1.17  grid 0.48/0.57  separate 0.57/0.84  history 0.02/0.05  shots 0.07/0.27  serialize 0.30/0.40  assembly 3.72/4.34  transport 2.03/2.35  egress 3.38/4.44
[   60s] clients 10000 | level 0 (0-0 in window: 30 Hz, dilation 1.0), pace 1.00, 0.0% clients bandwidth-degraded | tick p50 16.75 p99 18.11 max 18.35 ms, 0 overruns | out 453.5k pps 337 kbps/client, 3371 Mbps | in 298.3k pps 15 kbps/client, 59.0 per recv, receive thread busy 29% | stand-ins: repeated 0.36% frozen 0.00%, 5396 late inputs | per client-tick: 1352 B (near 210 B, 98% deltas), near 27.9 mid 47.8 far 50.1, far skipped 0 starved 0 | input wait p50 55.5 p99 107.4 ms | 0 joins deferred | kernel drops rcv 0 snd 0
         p50/p99 ms: ingress 1.19/2.40  events 3.83/4.60  movement 0.99/1.18  grid 0.48/0.57  separate 0.58/0.95  history 0.02/0.06  shots 0.07/0.28  serialize 0.30/0.40  assembly 3.72/4.59  transport 2.01/2.41  egress 3.37/4.48
[   65s] clients 5261 | level 0 (0-0 in window: 30 Hz, dilation 1.0), pace 1.00, 0.0% clients bandwidth-degraded | tick p50 8.42 p99 18.44 max 22.31 ms, 0 overruns | out 271.9k pps 304 kbps/client, 1940 Mbps | in 73.8k pps 6 kbps/client, 58.8 per recv, receive thread busy 7% | stand-ins: repeated 1.23% frozen 60.95%, 1434 late inputs | per client-tick: 1216 B (near 290 B, 49% deltas), near 25.4 mid 41.8 far 36.5, far skipped 0 starved 0 | input wait p50 55.4 p99 107.3 ms | 0 joins deferred | kernel drops rcv 0 snd 0
         p50/p99 ms: ingress 0.50/2.60  events 0.00/8.10  movement 0.54/1.07  grid 0.52/0.59  separate 0.56/0.82  history 0.03/0.06  shots 0.14/0.29  serialize 0.32/0.38  assembly 1.61/4.03  transport 1.13/2.20  egress 3.01/3.68
[   66s] clients 0 | level 0 (0-0 in window: 30 Hz, dilation 1.0), pace 1.00, 0.0% clients bandwidth-degraded | tick p50 8.18 p99 16.12 max 16.12 ms, 0 overruns | out 197.6k pps 290 kbps/client, 1378 Mbps | in 0.0k pps 0 kbps/client, 0.0 per recv, receive thread busy 0% | stand-ins: repeated 0.00% frozen 100.00%, 0 late inputs | per client-tick: 1153 B (near 355 B, 0% deltas), near 23.9 mid 38.1 far 28.5, far skipped 0 starved 0 | input wait p50 0.0 p99 0.0 ms | 0 joins deferred | kernel drops rcv 0 snd 0
         p50/p99 ms: ingress 0.51/2.80  events 0.00/8.25  movement 0.51/1.03  grid 0.52/0.58  separate 0.58/0.74  history 0.03/0.06  shots 0.15/0.28  serialize 0.33/0.40  assembly 1.26/2.18  transport 1.00/1.28  egress 2.96/3.43

== summary: 1709 steady-state ticks (after warmup, before clients drain), peak 10000 clients ==
  phase        p50 ms   p99 ms   max ms
  ingress        1.18     2.39     2.75
  events         3.86     4.87     5.78
  movement       0.99     1.18     1.47
  grid           0.48     0.58     0.66
  separate       0.57     0.87     1.30
  history        0.02     0.05     0.07
  shots          0.07     0.28     0.40
  serialize      0.31     0.51     0.79
  assembly       3.74     4.59     5.87
  transport      2.02     2.38     2.57
  egress         3.40     4.46     5.07
  tick          16.85    18.52    19.30
  overruns 0 | spawns 10000 despawns 10000 (46137 joins deferred) | deaths 0 respawns 0 | stand-ins: repeated 86242 frozen 769721 | late inputs 77774 discarded 0 | bad messages 0 | recv errors 0 send errors 0
  egress (whole run): 28030775 datagrams in 28030775 sends (1.00 per send), 139574 syscalls
  ingress (whole run): 17722807 datagrams in 301731 receive calls (58.74 per call)
  ticks per ladder level (whole run): L0: 1994
  input wait on the server (datagram arrival -> applied): p50 55.3 p99 107.5 max 155.9 mean 55.8 ms
  steady state: stand-ins repeated 63198 frozen 335 | late inputs 63794 discarded 0
  rewind of near targets (applied step - the input's render step for that tier): p50 202 p99 276 max 342 mean 206.4 ms (n=17245915)
  rewind of mid/far targets (applied step - the input's render step for that tier): p50 335 p99 371 max 464 mean 336.3 ms (n=17245915)
  render times ahead of the server (bogus) 0
  shots 0 (late 0, refused 0, rewinds capped 0) | hits head 0 body 0 (after cover 0, too late 0), kills 0 | ground 0 cover 0 expired 0 | segments 0 candidates 0
