spawn=blob
egress=sendmmsg
ingress=recvmmsg
rx_gather_us=1000
ladder=on
threads=64
shards=64
sockets=1
peak_clients=10000
steady_ticks=1709
steady_secs=56.9
ingress_p50_ms=1.18
ingress_p99_ms=2.39
ingress_max_ms=2.75
events_p50_ms=3.86
events_p99_ms=4.87
events_max_ms=5.78
movement_p50_ms=0.99
movement_p99_ms=1.18
movement_max_ms=1.47
grid_p50_ms=0.48
grid_p99_ms=0.58
grid_max_ms=0.66
separate_p50_ms=0.57
separate_p99_ms=0.87
separate_max_ms=1.30
history_p50_ms=0.02
history_p99_ms=0.05
history_max_ms=0.07
shots_p50_ms=0.07
shots_p99_ms=0.28
shots_max_ms=0.40
serialize_p50_ms=0.31
serialize_p99_ms=0.51
serialize_max_ms=0.79
assembly_p50_ms=3.74
assembly_p99_ms=4.59
assembly_max_ms=5.87
transport_p50_ms=2.02
transport_p99_ms=2.38
transport_max_ms=2.57
egress_p50_ms=3.40
egress_p99_ms=4.46
egress_max_ms=5.07
tick_p50_ms=16.85
tick_p99_ms=18.52
tick_max_ms=19.30
steady_overruns=0
level_mode=0
tick_hz=30
dilation=1
levels=L0:1709
clients_avg=10000
out_pps=453966
in_pps=298548
egress_mbps=3370.7
packets_per_client_tick=1.51
wire_bytes_per_client_tick=1404
down_kbps_per_client=337.1
up_kbps_per_client=15.0
recv_per_call=58.83
ingress_thread_busy_max_pct=29.4
ingress_thread_busy_mean_pct=29.4
kernel_rcvbuf_drops=0
kernel_sndbuf_drops=0
snapshot_bytes_per_client_tick=1351
near_bytes_per_client_tick=210
activity_bytes_per_client_tick=0.0
near_per_client_tick=27.9
mid_per_client_tick=47.8
far_per_client_tick=50.0
near_scanned_per_query=79
mid_scanned_per_query=109
far_skipped=0
far_starved=0
repeated=63198
frozen=335
late_inputs=63794
discarded_inputs=0
input_wait_p10_ms=27.8
input_wait_p50_ms=55.3
input_wait_p90_ms=84.2
input_wait_p99_ms=107.5
spawns=10000
despawns=10000
deaths=0
respawns=0
shots=0
shots_late=0
shots_refused=0
rewinds_capped=0
rewinds_trimmed=0
hits_head=0
hits_body=0
hits_ground=0
hits_cover=0
projectiles_expired=0
kills=0
hits_after_cover=0
hits_too_late=0
events=0
tracer_bytes=0
activity_cells=0
activity_sent=0
activity_bytes=0
activity_cut=0
projectile_segments=0
hit_candidates=0
joins_deferred=46137
bad_messages=0
recv_errors=0
send_errors=0
datagrams=28030775
sends=28030775
send_syscalls=139574
rewind_near_p50_ms=202
rewind_near_p99_ms=276
rewind_near_mean_ms=206.4
rewind_mid_p50_ms=335
rewind_mid_p99_ms=371
rewind_mid_mean_ms=336.3
ingress_longest_p50_ms=0.73
ingress_work_p50_ms=37.25
assembly_longest_p50_ms=2.55
assembly_work_p50_ms=127.83
transport_longest_p50_ms=1.66
transport_work_p50_ms=83.33
egress_longest_p50_ms=3.22
egress_work_p50_ms=105.36
