5000 bots -> 172.16.8.2:40500 on 24 threads, ramp 0/s, 60s, 5000 full + 0 sink bots
[    5s] bots 5000/5000 connected, 5000 welcomed, 0 failed | 25.4 snaps/s/bot, entities/snap near 9.3 mid 20.4 far 31.9 | corrections 0.000/s/bot | down 146 up 10 kbps/bot | rtt 15.0 ms loss 0.00% | input->applied ~ p50 57 p99 74 ms, round trip p50 67 p99 100 ms | joins 5000 (p50 388 p99 944 ms) | server pace 1.00 level 0, 0 bots bandwidth-degraded | swarm busy 7%, overruns 0
[   10s] bots 5000/5000 connected, 5000 welcomed, 0 failed | 31.1 snaps/s/bot, entities/snap near 9.4 mid 20.9 far 32.7 | corrections 0.000/s/bot | down 182 up 12 kbps/bot | rtt 15.0 ms loss 0.00% | input->applied ~ p50 57 p99 74 ms, round trip p50 67 p99 100 ms | joins 0 (p50 0 p99 0 ms) | server pace 1.00 level 0, 0 bots bandwidth-degraded | swarm busy 7%, overruns 0
[   15s] bots 5000/5000 connected, 5000 welcomed, 0 failed | 28.9 snaps/s/bot, entities/snap near 9.4 mid 21.0 far 32.7 | corrections 0.000/s/bot | down 169 up 12 kbps/bot | rtt 15.0 ms loss 0.00% | input->applied ~ p50 58 p99 74 ms, round trip p50 67 p99 100 ms | joins 0 (p50 0 p99 0 ms) | server pace 1.00 level 0, 0 bots bandwidth-degraded | swarm busy 7%, overruns 0
[   20s] bots 5000/5000 connected, 5000 welcomed, 0 failed | 30.3 snaps/s/bot, entities/snap near 9.5 mid 21.4 far 33.4 | corrections 0.000/s/bot | down 181 up 12 kbps/bot | rtt 15.7 ms loss 0.00% | input->applied ~ p50 57 p99 74 ms, round trip p50 67 p99 100 ms | joins 0 (p50 0 p99 0 ms) | server pace 1.00 level 0, 0 bots bandwidth-degraded | swarm busy 7%, overruns 0
[   25s] bots 5000/5000 connected, 5000 welcomed, 0 failed | 30.5 snaps/s/bot, entities/snap near 9.8 mid 22.5 far 35.1 | corrections 0.000/s/bot | down 190 up 12 kbps/bot | rtt 16.7 ms loss 0.00% | input->applied ~ p50 58 p99 74 ms, round trip p50 67 p99 100 ms | joins 0 (p50 0 p99 0 ms) | server pace 1.00 level 0, 0 bots bandwidth-degraded | swarm busy 7%, overruns 0
[   30s] bots 5000/5000 connected, 5000 welcomed, 0 failed | 28.9 snaps/s/bot, entities/snap near 10.0 mid 23.0 far 35.9 | corrections 0.000/s/bot | down 184 up 12 kbps/bot | rtt 16.5 ms loss 0.00% | input->applied ~ p50 58 p99 75 ms, round trip p50 67 p99 100 ms | joins 0 (p50 0 p99 0 ms) | server pace 1.00 level 0, 0 bots bandwidth-degraded | swarm busy 7%, overruns 0
[   35s] bots 5000/5000 connected, 5000 welcomed, 0 failed | 31.0 snaps/s/bot, entities/snap near 10.0 mid 23.0 far 35.9 | corrections 0.000/s/bot | down 197 up 12 kbps/bot | rtt 16.7 ms loss 0.00% | input->applied ~ p50 58 p99 75 ms, round trip p50 67 p99 100 ms | joins 0 (p50 0 p99 0 ms) | server pace 1.00 level 0, 0 bots bandwidth-degraded | swarm busy 7%, overruns 0
[   40s] bots 5000/5000 connected, 5000 welcomed, 0 failed | 29.8 snaps/s/bot, entities/snap near 10.0 mid 23.0 far 35.9 | corrections 0.000/s/bot | down 189 up 12 kbps/bot | rtt 16.8 ms loss 0.00% | input->applied ~ p50 58 p99 75 ms, round trip p50 67 p99 100 ms | joins 0 (p50 0 p99 0 ms) | server pace 1.00 level 0, 0 bots bandwidth-degraded | swarm busy 7%, overruns 0
[   45s] bots 5000/5000 connected, 5000 welcomed, 0 failed | 29.8 snaps/s/bot, entities/snap near 10.0 mid 23.0 far 36.0 | corrections 0.000/s/bot | down 189 up 12 kbps/bot | rtt 16.8 ms loss 0.00% | input->applied ~ p50 58 p99 75 ms, round trip p50 67 p99 100 ms | joins 0 (p50 0 p99 0 ms) | server pace 1.00 level 0, 0 bots bandwidth-degraded | swarm busy 7%, overruns 0
[   50s] bots 5000/5000 connected, 5000 welcomed, 0 failed | 30.2 snaps/s/bot, entities/snap near 10.0 mid 23.0 far 35.9 | corrections 0.000/s/bot | down 192 up 12 kbps/bot | rtt 16.6 ms loss 0.00% | input->applied ~ p50 58 p99 75 ms, round trip p50 67 p99 100 ms | joins 0 (p50 0 p99 0 ms) | server pace 1.00 level 0, 0 bots bandwidth-degraded | swarm busy 7%, overruns 0
[   55s] bots 5000/5000 connected, 5000 welcomed, 0 failed | 29.9 snaps/s/bot, entities/snap near 10.0 mid 23.0 far 35.9 | corrections 0.000/s/bot | down 190 up 12 kbps/bot | rtt 16.8 ms loss 0.00% | input->applied ~ p50 58 p99 75 ms, round trip p50 67 p99 100 ms | joins 0 (p50 0 p99 0 ms) | server pace 1.00 level 0, 0 bots bandwidth-degraded | swarm busy 7%, overruns 0
[   60s] bots 5000/5000 connected, 5000 welcomed, 0 failed | 30.2 snaps/s/bot, entities/snap near 10.0 mid 23.0 far 35.9 | corrections 0.000/s/bot | down 192 up 12 kbps/bot | rtt 16.8 ms loss 0.00% | input->applied ~ p50 58 p99 75 ms, round trip p50 67 p99 100 ms | joins 0 (p50 0 p99 0 ms) | server pace 1.00 level 0, 0 bots bandwidth-degraded | swarm busy 7%, overruns 0

== bots summary ==
  started 5000 welcomed 5000 failed 0
  join latency ms: p50 388 p99 944 max 1050 (n=5000)
  corrections 0 (0.00/bot-minute), mean error 0.000 m, max 0.000 m
  snapshots 8933562 (entities per snapshot: near 9.8 mid 22.3 far 34.8), stale 0, unmatched acks 0, resyncs 0
  input -> applied on server (est. RTT/2 + server wait): p50 58.0 p99 74.0 max 77.0 mean 57.9 ms (n=8932411)
    of which server wait (arrival -> applied): p50 49.8 p99 66.1 max 69.7 mean 49.9 ms (n=8932411)
  input -> seen acked (round trip): p50 67.0 p99 100.0 max 100.0 mean 81.7 ms (n=8932411)
  near entity update interval (tracked bots): p50 33.0 p99 33.0 max 100.0 mean 33.0 ms (n=4537919)
  mid entity update interval (tracked bots): p50 100.0 p99 100.0 max 500.0 mean 100.2 ms (n=10261956)
  far entity update interval (tracked bots): p50 500.0 p99 500.0 max 57000.0 mean 508.9 ms (n=15580968)
  input clock: 5054 extra inputs, 190 skipped ticks, 0 backlog skips | near decode errors (tracked bots) 0
  bytes down 6900.6 MB up 447.0 MB | swarm busy 7% of its threads' time, tick overruns 0
