preallocated connections for 10000 clients in 219.455024ms
listening on 172.16.8.2:40500 | spawn Uniform | tiers near 64@150 m, mid 500 m, far 1500 m, budget 6250 B/tick, squads of 4 | 8 rayon threads, 64 shards, 256 accepts/tick, egress SendMmsg | socket buffers rcv 32768 KiB snd 32768 KiB
[    5s] clients 5000 | level 0 (0-0 in window: 30 Hz, dilation 1.0), pace 1.00, 0.0% clients bandwidth-degraded | tick p50 15.35 p99 16.35 max 16.49 ms, 0 overruns | out 123.3k pps 172 kbps/client, 691 Mbps | in 125.3k pps 14 kbps/client | stand-ins: repeated 0.00% frozen 0.00%, 0 late inputs | per client-tick: 675 B (near 58 B, 99% deltas), near 9.2 mid 20.2 far 31.6, far skipped 0 starved 0 | input wait p50 50.2 p99 66.4 ms | 13820 joins deferred | kernel drops rcv 0 snd 0
         p50/p99 ms: ingress 1.40/2.85  events 1.08/2.72  movement 0.15/0.19  grid 0.26/0.29  history 0.00/0.03  serialize 0.09/0.17  assembly 4.65/4.93  transport 4.26/5.35  egress 3.32/3.46
[   10s] clients 5000 | level 0 (0-0 in window: 30 Hz, dilation 1.0), pace 1.00, 0.0% clients bandwidth-degraded | tick p50 15.51 p99 16.45 max 16.71 ms, 0 overruns | out 150.0k pps 176 kbps/client, 878 Mbps | in 150.0k pps 12 kbps/client | stand-ins: repeated 0.00% frozen 0.00%, 0 late inputs | per client-tick: 695 B (near 58 B, 100% deltas), near 9.4 mid 20.9 far 32.7, far skipped 0 starved 0 | input wait p50 49.8 p99 66.3 ms | 0 joins deferred | kernel drops rcv 0 snd 0
         p50/p99 ms: ingress 1.42/1.48  events 1.09/1.14  movement 0.15/0.19  grid 0.27/0.29  history 0.00/0.01  serialize 0.08/0.12  assembly 4.67/4.82  transport 4.46/5.51  egress 3.35/3.44
[   15s] clients 5000 | level 0 (0-0 in window: 30 Hz, dilation 1.0), pace 1.00, 0.0% clients bandwidth-degraded | tick p50 15.54 p99 16.57 max 16.60 ms, 0 overruns | out 150.0k pps 176 kbps/client, 878 Mbps | in 150.0k pps 12 kbps/client | stand-ins: repeated 0.00% frozen 0.00%, 0 late inputs | per client-tick: 695 B (near 58 B, 100% deltas), near 9.4 mid 20.9 far 32.7, far skipped 0 starved 0 | input wait p50 49.8 p99 66.3 ms | 0 joins deferred | kernel drops rcv 0 snd 0
         p50/p99 ms: ingress 1.43/1.50  events 1.09/1.14  movement 0.16/0.19  grid 0.27/0.30  history 0.00/0.01  serialize 0.08/0.12  assembly 4.66/4.86  transport 4.47/5.43  egress 3.36/3.46
[   20s] clients 5221 | level 0 (0-0 in window: 30 Hz, dilation 1.0), pace 1.00, 0.0% clients bandwidth-degraded | tick p50 15.87 p99 16.90 max 16.93 ms, 0 overruns | out 153.0k pps 179 kbps/client, 911 Mbps | in 153.0k pps 12 kbps/client | stand-ins: repeated 0.00% frozen 0.00%, 0 late inputs | per client-tick: 707 B (near 59 B, 100% deltas), near 9.5 mid 21.4 far 33.4, far skipped 0 starved 0 | input wait p50 49.8 p99 66.2 ms | 0 joins deferred | kernel drops rcv 0 snd 0
         p50/p99 ms: ingress 1.45/1.52  events 1.12/1.22  movement 0.16/0.19  grid 0.28/0.30  history 0.00/0.01  serialize 0.09/0.17  assembly 4.80/5.11  transport 4.62/5.30  egress 3.42/3.53
[   25s] clients 5470 | level 0 (0-0 in window: 30 Hz, dilation 1.0), pace 1.00, 0.0% clients bandwidth-degraded | tick p50 16.87 p99 18.12 max 18.24 ms, 0 overruns | out 160.5k pps 186 kbps/client, 996 Mbps | in 160.4k pps 12 kbps/client | stand-ins: repeated 0.00% frozen 0.00%, 0 late inputs | per client-tick: 740 B (near 61 B, 100% deltas), near 9.8 mid 22.4 far 35.1, far skipped 0 starved 0 | input wait p50 49.8 p99 66.1 ms | 0 joins deferred | kernel drops rcv 0 snd 0
         p50/p99 ms: ingress 1.52/1.61  events 1.23/1.31  movement 0.17/0.21  grid 0.28/0.31  history 0.00/0.01  serialize 0.09/0.13  assembly 5.17/5.52  transport 4.81/5.71  egress 3.58/3.76
[   30s] clients 5500 | level 0 (0-0 in window: 30 Hz, dilation 1.0), pace 1.00, 0.0% clients bandwidth-degraded | tick p50 17.42 p99 18.15 max 18.17 ms, 0 overruns | out 165.0k pps 190 kbps/client, 1047 Mbps | in 164.9k pps 12 kbps/client | stand-ins: repeated 0.00% frozen 0.00%, 0 late inputs | per client-tick: 756 B (near 62 B, 100% deltas), near 10.0 mid 23.0 far 35.9, far skipped 0 starved 0 | input wait p50 49.8 p99 66.0 ms | 0 joins deferred | kernel drops rcv 0 snd 0
         p50/p99 ms: ingress 1.59/1.65  events 1.23/1.32  movement 0.17/0.22  grid 0.29/0.31  history 0.00/0.01  serialize 0.09/0.12  assembly 5.39/5.66  transport 4.95/5.66  egress 3.67/3.79
[   35s] clients 5500 | level 0 (0-0 in window: 30 Hz, dilation 1.0), pace 1.00, 0.0% clients bandwidth-degraded | tick p50 17.40 p99 18.10 max 18.31 ms, 0 overruns | out 165.0k pps 190 kbps/client, 1047 Mbps | in 165.0k pps 12 kbps/client | stand-ins: repeated 0.00% frozen 0.00%, 0 late inputs | per client-tick: 756 B (near 62 B, 100% deltas), near 10.0 mid 23.0 far 35.9, far skipped 0 starved 0 | input wait p50 49.8 p99 66.0 ms | 0 joins deferred | kernel drops rcv 0 snd 0
         p50/p99 ms: ingress 1.58/1.67  events 1.23/1.36  movement 0.17/0.22  grid 0.29/0.31  history 0.00/0.01  serialize 0.09/0.13  assembly 5.39/5.63  transport 4.98/5.79  egress 3.67/3.77
[   40s] clients 5500 | level 0 (0-0 in window: 30 Hz, dilation 1.0), pace 1.00, 0.0% clients bandwidth-degraded | tick p50 17.45 p99 18.27 max 18.49 ms, 0 overruns | out 165.0k pps 190 kbps/client, 1047 Mbps | in 165.0k pps 12 kbps/client | stand-ins: repeated 0.00% frozen 0.00%, 0 late inputs | per client-tick: 756 B (near 62 B, 100% deltas), near 10.0 mid 23.0 far 35.9, far skipped 0 starved 0 | input wait p50 49.8 p99 66.0 ms | 0 joins deferred | kernel drops rcv 0 snd 0
         p50/p99 ms: ingress 1.58/1.65  events 1.22/1.27  movement 0.17/0.21  grid 0.28/0.31  history 0.00/0.01  serialize 0.09/0.13  assembly 5.41/5.58  transport 5.01/5.92  egress 3.67/3.80
[   45s] clients 5500 | level 0 (0-0 in window: 30 Hz, dilation 1.0), pace 1.00, 0.0% clients bandwidth-degraded | tick p50 17.54 p99 18.37 max 18.48 ms, 0 overruns | out 165.0k pps 190 kbps/client, 1047 Mbps | in 165.0k pps 12 kbps/client | stand-ins: repeated 0.00% frozen 0.00%, 0 late inputs | per client-tick: 756 B (near 62 B, 100% deltas), near 10.0 mid 23.0 far 35.9, far skipped 0 starved 0 | input wait p50 49.8 p99 66.0 ms | 0 joins deferred | kernel drops rcv 0 snd 0
         p50/p99 ms: ingress 1.59/1.65  events 1.22/1.28  movement 0.17/0.21  grid 0.28/0.31  history 0.00/0.01  serialize 0.09/0.13  assembly 5.41/5.59  transport 5.07/6.03  egress 3.69/3.78
[   50s] clients 5500 | level 0 (0-0 in window: 30 Hz, dilation 1.0), pace 1.00, 0.0% clients bandwidth-degraded | tick p50 17.45 p99 18.23 max 18.23 ms, 0 overruns | out 165.0k pps 190 kbps/client, 1047 Mbps | in 165.0k pps 12 kbps/client | stand-ins: repeated 0.00% frozen 0.00%, 0 late inputs | per client-tick: 756 B (near 62 B, 100% deltas), near 10.0 mid 23.0 far 35.9, far skipped 0 starved 0 | input wait p50 49.8 p99 66.0 ms | 0 joins deferred | kernel drops rcv 0 snd 0
         p50/p99 ms: ingress 1.59/1.68  events 1.22/1.27  movement 0.17/0.20  grid 0.28/0.31  history 0.00/0.01  serialize 0.09/0.13  assembly 5.40/5.61  transport 5.01/5.81  egress 3.67/3.78
[   55s] clients 5500 | level 0 (0-0 in window: 30 Hz, dilation 1.0), pace 1.00, 0.0% clients bandwidth-degraded | tick p50 17.37 p99 18.23 max 18.25 ms, 0 overruns | out 165.0k pps 190 kbps/client, 1047 Mbps | in 165.0k pps 12 kbps/client | stand-ins: repeated 0.00% frozen 0.00%, 0 late inputs | per client-tick: 756 B (near 62 B, 100% deltas), near 10.0 mid 23.0 far 35.9, far skipped 0 starved 0 | input wait p50 49.8 p99 66.0 ms | 0 joins deferred | kernel drops rcv 0 snd 0
         p50/p99 ms: ingress 1.58/1.66  events 1.22/1.27  movement 0.17/0.21  grid 0.28/0.31  history 0.00/0.01  serialize 0.09/0.12  assembly 5.38/5.69  transport 5.02/5.76  egress 3.63/3.75
[   60s] clients 5500 | level 0 (0-0 in window: 30 Hz, dilation 1.0), pace 1.00, 0.0% clients bandwidth-degraded | tick p50 17.51 p99 18.45 max 19.03 ms, 0 overruns | out 165.0k pps 190 kbps/client, 1047 Mbps | in 165.0k pps 12 kbps/client | stand-ins: repeated 0.00% frozen 0.00%, 0 late inputs | per client-tick: 756 B (near 62 B, 100% deltas), near 10.0 mid 23.0 far 35.9, far skipped 0 starved 0 | input wait p50 49.8 p99 66.1 ms | 0 joins deferred | kernel drops rcv 0 snd 0
         p50/p99 ms: ingress 1.59/1.67  events 1.21/1.27  movement 0.17/0.22  grid 0.28/0.31  history 0.00/0.01  serialize 0.09/0.12  assembly 5.41/5.58  transport 5.07/6.04  egress 3.68/3.79
[   61s] clients 0 | level 0 (0-0 in window: 30 Hz, dilation 1.0), pace 1.00, 0.0% clients bandwidth-degraded | tick p50 17.20 p99 18.31 max 18.31 ms, 0 overruns | out 148.9k pps 190 kbps/client, 925 Mbps | in 178.6k pps 13 kbps/client | stand-ins: repeated 0.00% frozen 0.00%, 0 late inputs | per client-tick: 739 B (near 61 B, 100% deltas), near 9.8 mid 22.5 far 35.0, far skipped 0 starved 0 | input wait p50 50.6 p99 66.1 ms | 0 joins deferred | kernel drops rcv 0 snd 0
         p50/p99 ms: ingress 1.58/2.75  events 1.23/7.49  movement 0.16/0.18  grid 0.27/0.31  history 0.00/0.01  serialize 0.09/0.10  assembly 5.34/5.51  transport 4.66/5.81  egress 3.64/3.73

== summary: 1709 steady-state ticks (after warmup, before clients drain), peak 5500 clients ==
  phase        p50 ms   p99 ms   max ms
  ingress        1.56     1.65     1.68
  events         1.21     1.29     1.95
  movement       0.17     0.21     0.23
  grid           0.28     0.31     0.35
  history        0.00     0.01     0.01
  serialize      0.09     0.13     0.19
  assembly       5.33     5.61     5.85
  transport      4.87     5.79     6.66
  egress         3.63     3.78     3.82
  tick          17.20    18.23    19.03
  overruns 0 | spawns 5500 despawns 5500 (13820 joins deferred) | stand-ins: repeated 0 frozen 0 | late inputs 0 discarded 0 | bad messages 0 | recv errors 0 send errors 0
  egress (whole run): 9557118 datagrams in 9557118 sends (1.00 per send), 115264 syscalls
  ticks per ladder level (whole run): L0: 1820
  input wait on the server (datagram arrival -> applied): p50 49.8 p99 66.1 max 69.7 mean 49.9 ms
  steady state: stand-ins repeated 0 frozen 0 | late inputs 0 discarded 0
