spawn=uniform
egress=sendmmsg
ladder=on
threads=8
shards=64
peak_clients=5500
steady_ticks=1709
steady_secs=57.0
ingress_p50_ms=1.56
ingress_p99_ms=1.65
ingress_max_ms=1.68
events_p50_ms=1.21
events_p99_ms=1.29
events_max_ms=1.95
movement_p50_ms=0.17
movement_p99_ms=0.21
movement_max_ms=0.23
grid_p50_ms=0.28
grid_p99_ms=0.31
grid_max_ms=0.35
history_p50_ms=0.00
history_p99_ms=0.01
history_max_ms=0.01
serialize_p50_ms=0.09
serialize_p99_ms=0.13
serialize_max_ms=0.19
assembly_p50_ms=5.33
assembly_p99_ms=5.61
assembly_max_ms=5.85
transport_p50_ms=4.87
transport_p99_ms=5.79
transport_max_ms=6.66
egress_p50_ms=3.63
egress_p99_ms=3.78
egress_max_ms=3.82
tick_p50_ms=17.20
tick_p99_ms=18.23
tick_max_ms=19.03
steady_overruns=0
level_mode=0
tick_hz=30
dilation=1
levels=L0:1709
clients_avg=5351
out_pps=160600
in_pps=160775
egress_mbps=997.1
packets_per_client_tick=1.00
wire_bytes_per_client_tick=776
down_kbps_per_client=186.3
up_kbps_per_client=12.0
kernel_rcvbuf_drops=0
kernel_sndbuf_drops=0
snapshot_bytes_per_client_tick=739
near_bytes_per_client_tick=61
near_per_client_tick=9.8
mid_per_client_tick=22.4
far_per_client_tick=35.0
far_skipped=0
far_starved=0
repeated=0
frozen=0
late_inputs=0
discarded_inputs=0
input_wait_p50_ms=49.8
input_wait_p99_ms=66.1
spawns=5500
despawns=5500
joins_deferred=13820
bad_messages=0
recv_errors=0
send_errors=0
datagrams=9557118
sends=9557118
send_syscalls=115264
