started=1000
welcomed=1000
failed=0
join_p50_ms=337
join_p99_ms=545
join_max_ms=595
corrections=148
corrections_per_bot_minute=0.148
correction_max_m=0.332
push_corrections=113
push_corrections_per_bot_minute=0.113
push_max_m=0.191
snapshots=1576005
near_per_snapshot=4.9
mid_per_snapshot=4.7
far_per_snapshot=7.2
stale_snapshots=213381
resyncs=0
input_applied_p50_ms=91.0
input_applied_p99_ms=141.0
input_applied_mean_ms=91.6
server_wait_p50_ms=54.5
server_wait_p99_ms=104.4
server_wait_mean_ms=55.1
round_trip_p50_ms=167.0
round_trip_p99_ms=200.0
round_trip_mean_ms=150.7
near_interval_p50_ms=33.0
near_interval_p99_ms=66.0
near_interval_mean_ms=37.4
mid_interval_p50_ms=100.0
mid_interval_p99_ms=100.0
mid_interval_mean_ms=100.2
far_interval_p50_ms=500.0
far_interval_p99_ms=500.0
far_interval_mean_ms=499.9
near_interpolated_pct=99.80
near_extrapolated_pct=0.03
near_held_pct=0.00
near_new_pct=0.17
near_pop_p50_mm=0
near_pop_p99_mm=10
mid_interpolated_pct=81.11
mid_extrapolated_pct=18.65
mid_held_pct=0.06
mid_new_pct=0.18
mid_pop_p50_mm=10
mid_pop_p99_mm=332
far_interpolated_pct=16.61
far_extrapolated_pct=82.67
far_held_pct=0.53
far_new_pct=0.20
far_pop_p50_mm=589
far_pop_p99_mm=5315
render_delay_ms=101.9
render_snaps=0
render_backwards=0
clock_extra=7978
clock_skipped=7027
backlog_skips=172
near_decode_errors=0
bytes_down_mb=440.2
bytes_up_mb=110.6
swarm_busy_pct=6
swarm_overruns=4
