minting tokens with the public dev key (--token-key to change)
1000 bots -> 127.0.0.1:40500 on 8 threads, ramp 0/s, 60s, 1000 full + 0 sink bots
[    5s] bots 1000/1000 connected, 1000 welcomed, 0 failed | 22.8 snaps/s/bot, entities/snap near 5.0 mid 4.8 far 7.3 | corrections 0.006/s/bot | down 52 up 13 kbps/bot | rtt 72.8 ms loss 0.00% | input->applied ~ p50 91 p99 144 ms, round trip p50 167 p99 200 ms | joins 1000 (p50 337 p99 545 ms) | server pace 1.00 level 0, 0 bots bandwidth-degraded | swarm busy 6%, overruns 4
[   10s] bots 1000/1000 connected, 1000 welcomed, 0 failed | 27.4 snaps/s/bot, entities/snap near 4.9 mid 4.8 far 7.2 | corrections 0.002/s/bot | down 61 up 15 kbps/bot | rtt 72.5 ms loss 0.00% | input->applied ~ p50 91 p99 140 ms, round trip p50 167 p99 200 ms | joins 0 (p50 0 p99 0 ms) | server pace 1.00 level 0, 0 bots bandwidth-degraded | swarm busy 6%, overruns 0
[   15s] bots 1000/1000 connected, 1000 welcomed, 0 failed | 25.0 snaps/s/bot, entities/snap near 4.9 mid 4.8 far 7.2 | corrections 0.003/s/bot | down 56 up 14 kbps/bot | rtt 72.3 ms loss 0.00% | input->applied ~ p50 91 p99 140 ms, round trip p50 167 p99 200 ms | joins 0 (p50 0 p99 0 ms) | server pace 1.00 level 0, 0 bots bandwidth-degraded | swarm busy 6%, overruns 0
[   20s] bots 1000/1000 connected, 1000 welcomed, 0 failed | 27.1 snaps/s/bot, entities/snap near 4.9 mid 4.8 far 7.1 | corrections 0.002/s/bot | down 60 up 15 kbps/bot | rtt 71.9 ms loss 0.00% | input->applied ~ p50 91 p99 140 ms, round trip p50 167 p99 200 ms | joins 0 (p50 0 p99 0 ms) | server pace 1.00 level 0, 0 bots bandwidth-degraded | swarm busy 6%, overruns 0
[   25s] bots 1000/1000 connected, 1000 welcomed, 0 failed | 26.9 snaps/s/bot, entities/snap near 4.9 mid 4.8 far 7.2 | corrections 0.001/s/bot | down 60 up 15 kbps/bot | rtt 73.1 ms loss 0.00% | input->applied ~ p50 91 p99 140 ms, round trip p50 167 p99 200 ms | joins 0 (p50 0 p99 0 ms) | server pace 1.00 level 0, 0 bots bandwidth-degraded | swarm busy 6%, overruns 0
[   30s] bots 1000/1000 connected, 1000 welcomed, 0 failed | 25.6 snaps/s/bot, entities/snap near 4.9 mid 4.7 far 7.2 | corrections 0.002/s/bot | down 57 up 14 kbps/bot | rtt 72.5 ms loss 0.00% | input->applied ~ p50 91 p99 140 ms, round trip p50 167 p99 200 ms | joins 0 (p50 0 p99 0 ms) | server pace 1.00 level 0, 0 bots bandwidth-degraded | swarm busy 6%, overruns 0
[   35s] bots 1000/1000 connected, 1000 welcomed, 0 failed | 27.0 snaps/s/bot, entities/snap near 4.9 mid 4.7 far 7.2 | corrections 0.003/s/bot | down 60 up 15 kbps/bot | rtt 72.8 ms loss 0.00% | input->applied ~ p50 91 p99 141 ms, round trip p50 167 p99 200 ms | joins 0 (p50 0 p99 0 ms) | server pace 1.00 level 0, 0 bots bandwidth-degraded | swarm busy 6%, overruns 0
[   40s] bots 1000/1000 connected, 1000 welcomed, 0 failed | 26.7 snaps/s/bot, entities/snap near 4.9 mid 4.7 far 7.2 | corrections 0.003/s/bot | down 60 up 15 kbps/bot | rtt 72.9 ms loss 0.00% | input->applied ~ p50 91 p99 140 ms, round trip p50 167 p99 200 ms | joins 0 (p50 0 p99 0 ms) | server pace 1.00 level 0, 0 bots bandwidth-degraded | swarm busy 6%, overruns 0
[   45s] bots 1000/1000 connected, 1000 welcomed, 0 failed | 25.8 snaps/s/bot, entities/snap near 4.9 mid 4.7 far 7.2 | corrections 0.001/s/bot | down 58 up 14 kbps/bot | rtt 72.4 ms loss 0.00% | input->applied ~ p50 91 p99 140 ms, round trip p50 167 p99 200 ms | joins 0 (p50 0 p99 0 ms) | server pace 1.00 level 0, 0 bots bandwidth-degraded | swarm busy 6%, overruns 0
[   50s] bots 1000/1000 connected, 1000 welcomed, 0 failed | 27.0 snaps/s/bot, entities/snap near 4.9 mid 4.7 far 7.2 | corrections 0.002/s/bot | down 60 up 15 kbps/bot | rtt 72.8 ms loss 0.00% | input->applied ~ p50 91 p99 141 ms, round trip p50 167 p99 200 ms | joins 0 (p50 0 p99 0 ms) | server pace 1.00 level 0, 0 bots bandwidth-degraded | swarm busy 6%, overruns 0
[   55s] bots 1000/1000 connected, 1000 welcomed, 0 failed | 26.1 snaps/s/bot, entities/snap near 4.9 mid 4.7 far 7.2 | corrections 0.002/s/bot | down 58 up 15 kbps/bot | rtt 73.0 ms loss 0.00% | input->applied ~ p50 91 p99 141 ms, round trip p50 167 p99 200 ms | joins 0 (p50 0 p99 0 ms) | server pace 1.00 level 0, 0 bots bandwidth-degraded | swarm busy 6%, overruns 0
[   60s] bots 1000/1000 connected, 1000 welcomed, 0 failed | 26.5 snaps/s/bot, entities/snap near 4.9 mid 4.7 far 7.2 | corrections 0.002/s/bot | down 59 up 15 kbps/bot | rtt 72.7 ms loss 0.00% | input->applied ~ p50 91 p99 141 ms, round trip p50 167 p99 200 ms | joins 0 (p50 0 p99 0 ms) | server pace 1.00 level 0, 0 bots bandwidth-degraded | swarm busy 6%, overruns 0

== bots summary ==
  started 1000 welcomed 1000 failed 0
  join latency ms: p50 337 p99 545 max 595 (n=1000)
  corrections 148 (0.15/bot-minute), mean error 0.086 m, max 0.332 m
  push corrections (the server pushed us apart from a crowd) 113 (0.11/bot-minute), max 0.191 m
  snapshots 1576005 (entities per snapshot: near 4.9 mid 4.7 far 7.2), stale 213381, unmatched acks 0, resyncs 0
  input -> applied on server (est. RTT/2 + server wait): p50 91.0 p99 141.0 max 202.0 mean 91.6 ms (n=1570366)
    of which server wait (arrival -> applied): p50 54.5 p99 104.4 max 157.6 mean 55.1 ms (n=1570366)
  input -> seen acked (round trip): p50 167.0 p99 200.0 max 267.0 mean 150.7 ms (n=1573731)
  near entity update interval (tracked bots): p50 33.0 p99 66.0 max 166.0 mean 37.4 ms (n=356069)
  mid entity update interval (tracked bots): p50 100.0 p99 100.0 max 500.0 mean 100.2 ms (n=380825)
  far entity update interval (tracked bots): p50 500.0 p99 500.0 max 2000.0 mean 499.9 ms (n=580394)
  near drawn (tracked bots): 99.80% interpolated, 0.03% extrapolated, 0.00% held, 0.17% new | pops p50 0 p99 10 max 581 mm
  mid drawn (tracked bots): 81.11% interpolated, 18.65% extrapolated, 0.06% held, 0.18% new | pops p50 10 p99 332 max 5371 mm
  far drawn (tracked bots): 16.61% interpolated, 82.67% extrapolated, 0.53% held, 0.20% new | pops p50 589 p99 5315 max 17817 mm
  render delay 101.9 ms behind the newest step, clock snaps 0 (backwards 0)
  input clock: 7978 extra inputs, 7027 skipped ticks, 172 backlog skips | near decode errors (tracked bots) 0
  bytes down 440.2 MB up 110.6 MB | swarm busy 6% of its threads' time, tick overruns 4
