preallocated connections for 10000 clients in 260.259162ms
listening on 127.0.0.1:40500 | spawn Uniform | tiers near 64@150 m, mid 500 m, far 1500 m, budget 6250 B/tick, squads of 4 | 8 rayon threads, 64 shards, 1 socket(s), 256 accepts/tick, egress SendMmsg | socket buffers rcv 8192 KiB snd 8192 KiB
WARNING: token key is the public dev key; anyone can mint tokens for this server (--token-key)
[    5s] clients 1000 | level 0 (0-0 in window: 30 Hz, dilation 1.0), pace 1.00, 0.0% clients bandwidth-degraded | tick p50 4.77 p99 6.23 max 16.62 ms, 0 overruns | out 27.9k pps 60 kbps/client, 54 Mbps | in 26.9k pps 16 kbps/client | stand-ins: repeated 0.42% frozen 0.01%, 568 late inputs | per client-tick: 211 B (near 37 B, 96% deltas), near 4.3 mid 4.2 far 6.3, far skipped 0 starved 0 | input wait p50 54.3 p99 105.7 ms | 122 joins deferred | kernel drops rcv 0 snd 0
         p50/p99 ms: ingress 0.38/1.20  events 0.10/1.84  movement 0.28/0.54  grid 0.18/0.52  separate 0.18/0.33  history 0.00/0.03  serialize 0.05/0.20  assembly 0.84/1.51  transport 0.40/0.81  egress 2.16/2.60
[   10s] clients 1000 | level 0 (0-0 in window: 30 Hz, dilation 1.0), pace 1.00, 0.0% clients bandwidth-degraded | tick p50 4.70 p99 5.48 max 5.93 ms, 0 overruns | out 30.0k pps 59 kbps/client, 59 Mbps | in 29.9k pps 15 kbps/client | stand-ins: repeated 0.20% frozen 0.00%, 291 late inputs | per client-tick: 210 B (near 35 B, 100% deltas), near 4.3 mid 4.2 far 6.3, far skipped 0 starved 0 | input wait p50 54.4 p99 104.2 ms | 0 joins deferred | kernel drops rcv 0 snd 0
         p50/p99 ms: ingress 0.38/0.97  events 0.10/0.36  movement 0.28/0.52  grid 0.18/0.42  separate 0.17/0.35  history 0.00/0.00  serialize 0.04/0.17  assembly 0.83/1.25  transport 0.41/0.83  egress 2.20/2.64
[   15s] clients 1000 | level 0 (0-0 in window: 30 Hz, dilation 1.0), pace 1.00, 0.0% clients bandwidth-degraded | tick p50 4.72 p99 5.31 max 5.33 ms, 0 overruns | out 30.0k pps 59 kbps/client, 59 Mbps | in 29.9k pps 15 kbps/client | stand-ins: repeated 0.22% frozen 0.00%, 333 late inputs | per client-tick: 211 B (near 35 B, 100% deltas), near 4.3 mid 4.2 far 6.3, far skipped 0 starved 0 | input wait p50 54.4 p99 104.4 ms | 0 joins deferred | kernel drops rcv 0 snd 0
         p50/p99 ms: ingress 0.37/0.93  events 0.10/0.14  movement 0.28/0.65  grid 0.17/0.26  separate 0.18/0.34  history 0.00/0.00  serialize 0.04/0.08  assembly 0.79/1.26  transport 0.40/0.80  egress 2.25/2.54
[   20s] clients 1000 | level 0 (0-0 in window: 30 Hz, dilation 1.0), pace 1.00, 0.0% clients bandwidth-degraded | tick p50 4.68 p99 5.43 max 5.72 ms, 0 overruns | out 30.0k pps 59 kbps/client, 59 Mbps | in 29.9k pps 15 kbps/client | stand-ins: repeated 0.18% frozen 0.00%, 273 late inputs | per client-tick: 211 B (near 35 B, 100% deltas), near 4.3 mid 4.2 far 6.3, far skipped 0 starved 0 | input wait p50 54.3 p99 103.9 ms | 0 joins deferred | kernel drops rcv 0 snd 0
         p50/p99 ms: ingress 0.38/0.78  events 0.10/0.17  movement 0.28/0.56  grid 0.17/0.24  separate 0.18/0.34  history 0.00/0.00  serialize 0.04/0.07  assembly 0.83/1.28  transport 0.41/0.85  egress 2.21/2.73
[   25s] clients 1000 | level 0 (0-0 in window: 30 Hz, dilation 1.0), pace 1.00, 0.0% clients bandwidth-degraded | tick p50 4.70 p99 5.50 max 5.50 ms, 0 overruns | out 30.0k pps 59 kbps/client, 59 Mbps | in 29.9k pps 15 kbps/client | stand-ins: repeated 0.20% frozen 0.00%, 305 late inputs | per client-tick: 211 B (near 35 B, 100% deltas), near 4.3 mid 4.2 far 6.3, far skipped 0 starved 0 | input wait p50 54.4 p99 104.4 ms | 0 joins deferred | kernel drops rcv 0 snd 0
         p50/p99 ms: ingress 0.37/1.16  events 0.10/0.13  movement 0.28/0.72  grid 0.17/0.30  separate 0.17/0.30  history 0.00/0.00  serialize 0.04/0.08  assembly 0.87/1.25  transport 0.41/0.83  egress 2.21/2.69
[   30s] clients 1000 | level 0 (0-0 in window: 30 Hz, dilation 1.0), pace 1.00, 0.0% clients bandwidth-degraded | tick p50 4.68 p99 5.68 max 5.76 ms, 0 overruns | out 30.0k pps 59 kbps/client, 59 Mbps | in 29.9k pps 15 kbps/client | stand-ins: repeated 0.18% frozen 0.00%, 272 late inputs | per client-tick: 211 B (near 35 B, 100% deltas), near 4.3 mid 4.2 far 6.3, far skipped 0 starved 0 | input wait p50 54.6 p99 104.2 ms | 0 joins deferred | kernel drops rcv 0 snd 0
         p50/p99 ms: ingress 0.37/1.00  events 0.10/0.14  movement 0.27/0.54  grid 0.18/0.26  separate 0.17/0.22  history 0.00/0.00  serialize 0.04/0.07  assembly 0.83/1.24  transport 0.41/0.79  egress 2.21/2.65
[   35s] clients 1000 | level 0 (0-0 in window: 30 Hz, dilation 1.0), pace 1.00, 0.0% clients bandwidth-degraded | tick p50 4.79 p99 6.00 max 6.40 ms, 0 overruns | out 30.0k pps 59 kbps/client, 59 Mbps | in 29.9k pps 15 kbps/client | stand-ins: repeated 0.22% frozen 0.00%, 339 late inputs | per client-tick: 211 B (near 35 B, 100% deltas), near 4.3 mid 4.2 far 6.3, far skipped 0 starved 0 | input wait p50 54.5 p99 104.7 ms | 0 joins deferred | kernel drops rcv 0 snd 0
         p50/p99 ms: ingress 0.38/0.84  events 0.11/0.39  movement 0.30/0.56  grid 0.20/0.55  separate 0.18/0.31  history 0.00/0.01  serialize 0.04/0.17  assembly 0.83/1.26  transport 0.41/0.85  egress 2.25/2.88
[   40s] clients 1000 | level 0 (0-0 in window: 30 Hz, dilation 1.0), pace 1.00, 0.0% clients bandwidth-degraded | tick p50 4.80 p99 5.72 max 5.75 ms, 0 overruns | out 30.0k pps 59 kbps/client, 59 Mbps | in 29.9k pps 15 kbps/client | stand-ins: repeated 0.18% frozen 0.00%, 266 late inputs | per client-tick: 211 B (near 36 B, 100% deltas), near 4.3 mid 4.2 far 6.3, far skipped 0 starved 0 | input wait p50 54.5 p99 103.9 ms | 0 joins deferred | kernel drops rcv 0 snd 0
         p50/p99 ms: ingress 0.40/1.02  events 0.10/0.37  movement 0.30/0.70  grid 0.17/0.42  separate 0.18/0.42  history 0.00/0.00  serialize 0.04/0.12  assembly 0.83/1.21  transport 0.41/0.78  egress 2.21/2.71
[   45s] clients 1000 | level 0 (0-0 in window: 30 Hz, dilation 1.0), pace 1.00, 0.0% clients bandwidth-degraded | tick p50 4.73 p99 5.71 max 6.03 ms, 0 overruns | out 30.0k pps 59 kbps/client, 59 Mbps | in 29.9k pps 15 kbps/client | stand-ins: repeated 0.19% frozen 0.00%, 290 late inputs | per client-tick: 211 B (near 36 B, 100% deltas), near 4.4 mid 4.2 far 6.3, far skipped 0 starved 0 | input wait p50 54.5 p99 104.4 ms | 0 joins deferred | kernel drops rcv 0 snd 0
         p50/p99 ms: ingress 0.37/0.88  events 0.10/0.25  movement 0.28/0.51  grid 0.18/0.31  separate 0.18/0.26  history 0.00/0.00  serialize 0.04/0.11  assembly 0.83/1.15  transport 0.41/0.88  egress 2.24/2.77
[   50s] clients 1000 | level 0 (0-0 in window: 30 Hz, dilation 1.0), pace 1.00, 0.0% clients bandwidth-degraded | tick p50 4.78 p99 5.93 max 6.17 ms, 0 overruns | out 30.0k pps 59 kbps/client, 59 Mbps | in 29.9k pps 15 kbps/client | stand-ins: repeated 0.21% frozen 0.00%, 327 late inputs | per client-tick: 211 B (near 36 B, 100% deltas), near 4.3 mid 4.1 far 6.3, far skipped 0 starved 0 | input wait p50 54.6 p99 104.9 ms | 0 joins deferred | kernel drops rcv 0 snd 0
         p50/p99 ms: ingress 0.37/0.69  events 0.11/0.44  movement 0.29/0.65  grid 0.20/0.52  separate 0.18/0.37  history 0.00/0.00  serialize 0.04/0.16  assembly 0.82/1.16  transport 0.41/0.80  egress 2.26/2.71
[   55s] clients 1000 | level 0 (0-0 in window: 30 Hz, dilation 1.0), pace 1.00, 0.0% clients bandwidth-degraded | tick p50 4.79 p99 5.86 max 6.08 ms, 0 overruns | out 30.0k pps 59 kbps/client, 59 Mbps | in 29.9k pps 15 kbps/client | stand-ins: repeated 0.19% frozen 0.00%, 293 late inputs | per client-tick: 211 B (near 36 B, 100% deltas), near 4.3 mid 4.2 far 6.3, far skipped 0 starved 0 | input wait p50 54.5 p99 104.6 ms | 0 joins deferred | kernel drops rcv 0 snd 0
         p50/p99 ms: ingress 0.38/0.92  events 0.10/0.27  movement 0.29/0.65  grid 0.17/0.35  separate 0.18/0.38  history 0.00/0.00  serialize 0.04/0.07  assembly 0.82/1.29  transport 0.41/0.94  egress 2.25/2.79
[   60s] clients 373 | level 0 (0-0 in window: 30 Hz, dilation 1.0), pace 1.00, 0.0% clients bandwidth-degraded | tick p50 4.77 p99 13.50 max 13.78 ms, 0 overruns | out 29.9k pps 59 kbps/client, 59 Mbps | in 30.0k pps 15 kbps/client | stand-ins: repeated 0.19% frozen 0.00%, 281 late inputs | per client-tick: 210 B (near 36 B, 100% deltas), near 4.3 mid 4.1 far 6.3, far skipped 0 starved 0 | input wait p50 54.5 p99 104.3 ms | 0 joins deferred | kernel drops rcv 0 snd 0
         p50/p99 ms: ingress 0.38/1.01  events 0.11/0.38  movement 0.30/0.56  grid 0.19/0.50  separate 0.17/0.34  history 0.00/0.00  serialize 0.04/0.17  assembly 0.81/1.26  transport 0.41/0.85  egress 2.23/9.56
[   60s] clients 0 | level 0 (0-0 in window: 30 Hz, dilation 1.0), pace 1.00, 0.0% clients bandwidth-degraded | tick p50 1.59 p99 2.15 max 2.15 ms, 0 overruns | out 0.1k pps 18 kbps/client, 0 Mbps | in 30.8k pps 1325 kbps/client | stand-ins: repeated 0.00% frozen 0.00%, 1 late inputs | per client-tick: 46 B (near 0 B, 0% deltas), near 0.0 mid 0.0 far 0.0, far skipped 0 starved 0 | input wait p50 47.8 p99 64.8 ms | 0 joins deferred | kernel drops rcv 0 snd 0
         p50/p99 ms: ingress 0.34/0.41  events 0.01/0.33  movement 0.07/0.16  grid 0.16/0.18  separate 0.15/0.20  history 0.00/0.00  serialize 0.00/0.00  assembly 0.20/0.45  transport 0.25/0.35  egress 0.03/0.41

== summary: 1708 steady-state ticks (after warmup, before clients drain), peak 1000 clients ==
  phase        p50 ms   p99 ms   max ms
  ingress        0.37     0.94     1.21
  events         0.10     0.35     0.63
  movement       0.28     0.60     0.99
  grid           0.18     0.46     0.60
  separate       0.18     0.36     0.52
  history        0.00     0.00     0.05
  serialize      0.04     0.13     0.31
  assembly       0.82     1.25     1.50
  transport      0.41     0.85     1.01
  egress         2.23     2.73    10.26
  tick           4.74     5.76    13.78
  overruns 0 | spawns 1000 despawns 1000 (122 joins deferred) | stand-ins: repeated 3819 frozen 20 | late inputs 3839 discarded 0 | bad messages 0 | recv errors 0 send errors 0
  egress (whole run): 1798168 datagrams in 1798168 sends (1.00 per send), 115296 syscalls
  ticks per ladder level (whole run): L0: 1812
  input wait on the server (datagram arrival -> applied): p50 54.5 p99 104.5 max 157.6 mean 55.1 ms
  steady state: stand-ins repeated 3370 frozen 7 | late inputs 3376 discarded 0
  rewind (applied step - the input's render step, what lag compensation would rewind): p50 217 p99 261 max 367 mean 219.5 ms (n=1632788), render times ahead of the server 0
