warning: use of deprecated method `std::sync::atomic::Atomic::<usize>::fetch_update`: renamed to `try_update` for consistency
   --> src/server.rs:140:14
    |
140 |             .fetch_update(Ordering::AcqRel, Ordering::Acquire, |n| (n < self.max_clients).then_some(n + 1))
    |              ^^^^^^^^^^^^
    |
    = note: `#[warn(deprecated)]` on by default
help: replace the use of the deprecated method
    |
140 -             .fetch_update(Ordering::AcqRel, Ordering::Acquire, |n| (n < self.max_clients).then_some(n + 1))
140 +             .try_update(Ordering::AcqRel, Ordering::Acquire, |n| (n < self.max_clients).then_some(n + 1))
    |

== uniform, 1000 bots, 60s -> baselines/2026-10-04-scaleway-8t/uniform-1k-2
== summary: 1709 steady-state ticks (after warmup, before clients drain), peak 1000 clients ==
  phase        p50 ms   p99 ms   max ms
  ingress        0.38     0.44     0.55
  events         0.23     0.25     0.27
  movement       0.12     0.14     0.19
  grid           0.17     0.20     0.21
  history        0.00     0.00     0.02
  serialize      0.06     0.08     0.08
  assembly       0.71     0.78     0.83
  transport      0.53     0.58     0.65
  egress         0.73     0.79     0.85
  tick           2.92     3.07     3.14
  overruns 0 | spawns 1000 despawns 1000 (549 joins deferred) | stand-ins: repeated 0 frozen 0 | late inputs 0 discarded 0 | bad messages 0 | recv errors 0 send errors 0
  egress (whole run): 1799033 datagrams in 1799033 sends (1.00 per send), 115264 syscalls
  ticks per ladder level (whole run): L0: 1819
  input wait on the server (datagram arrival -> applied): p50 50.4 p99 66.3 max 66.7 mean 50.2 ms
  steady state: stand-ins repeated 0 frozen 0 | late inputs 0 discarded 0
== bots summary ==
  started 1000 welcomed 1000 failed 0
  join latency ms: p50 112 p99 461 max 565 (n=1000)
  corrections 0 (0.00/bot-minute), mean error 0.000 m, max 0.000 m
  snapshots 1794948 (entities per snapshot: near 4.3 mid 4.2 far 6.3), stale 0, unmatched acks 0, resyncs 0
  input -> applied on server (est. RTT/2 + server wait): p50 52.0 p99 68.0 max 68.0 mean 51.6 ms (n=1794849)
    of which server wait (arrival -> applied): p50 50.4 p99 66.3 max 66.7 mean 50.2 ms (n=1794849)
  input -> seen acked (round trip): p50 67.0 p99 100.0 max 100.0 mean 69.7 ms (n=1794849)
  near entity update interval (tracked bots): p50 33.0 p99 33.0 max 100.0 mean 33.0 ms (n=386746)
  mid entity update interval (tracked bots): p50 100.0 p99 100.0 max 500.0 mean 100.2 ms (n=368665)
  far entity update interval (tracked bots): p50 500.0 p99 500.0 max 51000.0 mean 508.8 ms (n=579602)
  input clock: 1000 extra inputs, 5 skipped ticks, 0 backlog skips | near decode errors (tracked bots) 0
  bytes down 404.9 MB up 89.8 MB | swarm busy 1% of its threads' time, tick overruns 0
