preallocated connections for 10000 clients in 220.331813ms
listening on 172.16.8.2:40500 | spawn Uniform | tiers near 64@150 m, mid 500 m, far 1500 m, budget 6250 B/tick, squads of 4 | 8 rayon threads, 64 shards, 256 accepts/tick, egress SendMmsg | socket buffers rcv 32768 KiB snd 32768 KiB
[    5s] clients 1000 | level 0 (0-0 in window: 30 Hz, dilation 1.0), pace 1.00, 0.0% clients bandwidth-degraded | tick p50 2.90 p99 4.31 max 4.42 ms, 0 overruns | out 26.4k pps 54 kbps/client, 47 Mbps | in 26.4k pps 13 kbps/client | stand-ins: repeated 0.00% frozen 0.00%, 0 late inputs | per client-tick: 190 B (near 30 B, 99% deltas), near 4.3 mid 4.2 far 6.2, far skipped 0 starved 0 | input wait p50 49.4 p99 65.9 ms | 549 joins deferred | kernel drops rcv 0 snd 0
         p50/p99 ms: ingress 0.36/0.79  events 0.24/1.68  movement 0.10/0.13  grid 0.17/0.19  history 0.00/0.02  serialize 0.06/0.09  assembly 0.70/0.84  transport 0.51/0.58  egress 0.73/0.83
[   10s] clients 1000 | level 0 (0-0 in window: 30 Hz, dilation 1.0), pace 1.00, 0.0% clients bandwidth-degraded | tick p50 2.91 p99 3.06 max 3.06 ms, 0 overruns | out 30.0k pps 54 kbps/client, 54 Mbps | in 30.0k pps 12 kbps/client | stand-ins: repeated 0.00% frozen 0.00%, 0 late inputs | per client-tick: 190 B (near 29 B, 100% deltas), near 4.3 mid 4.2 far 6.3, far skipped 0 starved 0 | input wait p50 50.4 p99 66.0 ms | 0 joins deferred | kernel drops rcv 0 snd 0
         p50/p99 ms: ingress 0.37/0.43  events 0.23/0.25  movement 0.11/0.12  grid 0.17/0.20  history 0.00/0.00  serialize 0.06/0.07  assembly 0.71/0.78  transport 0.53/0.58  egress 0.75/0.79
[   15s] clients 1000 | level 0 (0-0 in window: 30 Hz, dilation 1.0), pace 1.00, 0.0% clients bandwidth-degraded | tick p50 2.92 p99 3.07 max 3.08 ms, 0 overruns | out 30.0k pps 54 kbps/client, 54 Mbps | in 30.0k pps 12 kbps/client | stand-ins: repeated 0.00% frozen 0.00%, 0 late inputs | per client-tick: 190 B (near 29 B, 100% deltas), near 4.3 mid 4.2 far 6.3, far skipped 0 starved 0 | input wait p50 50.5 p99 66.0 ms | 0 joins deferred | kernel drops rcv 0 snd 0
         p50/p99 ms: ingress 0.37/0.44  events 0.23/0.25  movement 0.11/0.12  grid 0.17/0.19  history 0.00/0.00  serialize 0.06/0.07  assembly 0.71/0.78  transport 0.53/0.59  egress 0.74/0.81
[   20s] clients 1000 | level 0 (0-0 in window: 30 Hz, dilation 1.0), pace 1.00, 0.0% clients bandwidth-degraded | tick p50 2.87 p99 3.02 max 3.03 ms, 0 overruns | out 30.0k pps 54 kbps/client, 54 Mbps | in 30.0k pps 12 kbps/client | stand-ins: repeated 0.00% frozen 0.00%, 0 late inputs | per client-tick: 190 B (near 29 B, 100% deltas), near 4.3 mid 4.2 far 6.3, far skipped 0 starved 0 | input wait p50 50.5 p99 66.1 ms | 0 joins deferred | kernel drops rcv 0 snd 0
         p50/p99 ms: ingress 0.36/0.41  events 0.24/0.26  movement 0.11/0.14  grid 0.17/0.19  history 0.00/0.00  serialize 0.06/0.08  assembly 0.69/0.78  transport 0.52/0.57  egress 0.72/0.79
[   25s] clients 1000 | level 0 (0-0 in window: 30 Hz, dilation 1.0), pace 1.00, 0.0% clients bandwidth-degraded | tick p50 2.93 p99 3.09 max 3.12 ms, 0 overruns | out 30.0k pps 54 kbps/client, 54 Mbps | in 30.0k pps 12 kbps/client | stand-ins: repeated 0.00% frozen 0.00%, 0 late inputs | per client-tick: 190 B (near 29 B, 100% deltas), near 4.3 mid 4.2 far 6.3, far skipped 0 starved 0 | input wait p50 50.6 p99 66.2 ms | 0 joins deferred | kernel drops rcv 0 snd 0
         p50/p99 ms: ingress 0.38/0.44  events 0.23/0.25  movement 0.12/0.15  grid 0.17/0.20  history 0.00/0.00  serialize 0.06/0.07  assembly 0.71/0.79  transport 0.53/0.58  egress 0.74/0.79
[   30s] clients 1000 | level 0 (0-0 in window: 30 Hz, dilation 1.0), pace 1.00, 0.0% clients bandwidth-degraded | tick p50 2.90 p99 3.05 max 3.07 ms, 0 overruns | out 30.0k pps 54 kbps/client, 54 Mbps | in 30.0k pps 12 kbps/client | stand-ins: repeated 0.00% frozen 0.00%, 0 late inputs | per client-tick: 191 B (near 29 B, 100% deltas), near 4.3 mid 4.2 far 6.3, far skipped 0 starved 0 | input wait p50 50.6 p99 66.2 ms | 0 joins deferred | kernel drops rcv 0 snd 0
         p50/p99 ms: ingress 0.37/0.42  events 0.23/0.25  movement 0.12/0.14  grid 0.17/0.20  history 0.00/0.00  serialize 0.06/0.07  assembly 0.69/0.77  transport 0.52/0.58  egress 0.73/0.80
[   35s] clients 1000 | level 0 (0-0 in window: 30 Hz, dilation 1.0), pace 1.00, 0.0% clients bandwidth-degraded | tick p50 2.89 p99 3.01 max 3.02 ms, 0 overruns | out 30.0k pps 54 kbps/client, 54 Mbps | in 30.0k pps 12 kbps/client | stand-ins: repeated 0.00% frozen 0.00%, 0 late inputs | per client-tick: 191 B (near 29 B, 100% deltas), near 4.3 mid 4.2 far 6.3, far skipped 0 starved 0 | input wait p50 50.7 p99 66.3 ms | 0 joins deferred | kernel drops rcv 0 snd 0
         p50/p99 ms: ingress 0.38/0.43  events 0.23/0.25  movement 0.12/0.14  grid 0.17/0.20  history 0.00/0.00  serialize 0.06/0.08  assembly 0.69/0.77  transport 0.52/0.57  egress 0.72/0.78
[   40s] clients 1000 | level 0 (0-0 in window: 30 Hz, dilation 1.0), pace 1.00, 0.0% clients bandwidth-degraded | tick p50 2.95 p99 3.09 max 3.12 ms, 0 overruns | out 30.0k pps 54 kbps/client, 54 Mbps | in 30.0k pps 12 kbps/client | stand-ins: repeated 0.00% frozen 0.00%, 0 late inputs | per client-tick: 191 B (near 29 B, 100% deltas), near 4.3 mid 4.2 far 6.3, far skipped 0 starved 0 | input wait p50 50.8 p99 66.3 ms | 0 joins deferred | kernel drops rcv 0 snd 0
         p50/p99 ms: ingress 0.39/0.45  events 0.23/0.25  movement 0.12/0.13  grid 0.17/0.20  history 0.00/0.00  serialize 0.06/0.08  assembly 0.72/0.79  transport 0.53/0.58  egress 0.74/0.78
[   45s] clients 1000 | level 0 (0-0 in window: 30 Hz, dilation 1.0), pace 1.00, 0.0% clients bandwidth-degraded | tick p50 2.95 p99 3.07 max 3.08 ms, 0 overruns | out 30.0k pps 54 kbps/client, 54 Mbps | in 30.0k pps 12 kbps/client | stand-ins: repeated 0.00% frozen 0.00%, 0 late inputs | per client-tick: 191 B (near 29 B, 100% deltas), near 4.3 mid 4.2 far 6.3, far skipped 0 starved 0 | input wait p50 50.8 p99 66.4 ms | 0 joins deferred | kernel drops rcv 0 snd 0
         p50/p99 ms: ingress 0.40/0.46  events 0.23/0.25  movement 0.12/0.13  grid 0.17/0.20  history 0.00/0.00  serialize 0.06/0.08  assembly 0.71/0.77  transport 0.53/0.59  egress 0.74/0.79
[   50s] clients 1000 | level 0 (0-0 in window: 30 Hz, dilation 1.0), pace 1.00, 0.0% clients bandwidth-degraded | tick p50 2.94 p99 3.07 max 3.14 ms, 0 overruns | out 30.0k pps 54 kbps/client, 54 Mbps | in 30.0k pps 12 kbps/client | stand-ins: repeated 0.00% frozen 0.00%, 0 late inputs | per client-tick: 191 B (near 29 B, 100% deltas), near 4.3 mid 4.2 far 6.3, far skipped 0 starved 0 | input wait p50 50.9 p99 66.4 ms | 0 joins deferred | kernel drops rcv 0 snd 0
         p50/p99 ms: ingress 0.39/0.44  events 0.23/0.25  movement 0.12/0.14  grid 0.17/0.20  history 0.00/0.00  serialize 0.06/0.08  assembly 0.71/0.79  transport 0.53/0.58  egress 0.73/0.78
[   55s] clients 1000 | level 0 (0-0 in window: 30 Hz, dilation 1.0), pace 1.00, 0.0% clients bandwidth-degraded | tick p50 2.94 p99 3.09 max 3.10 ms, 0 overruns | out 30.0k pps 54 kbps/client, 54 Mbps | in 30.0k pps 12 kbps/client | stand-ins: repeated 0.00% frozen 0.00%, 0 late inputs | per client-tick: 191 B (near 29 B, 100% deltas), near 4.3 mid 4.2 far 6.3, far skipped 0 starved 0 | input wait p50 50.9 p99 66.5 ms | 0 joins deferred | kernel drops rcv 0 snd 0
         p50/p99 ms: ingress 0.39/0.45  events 0.23/0.24  movement 0.12/0.14  grid 0.17/0.21  history 0.00/0.00  serialize 0.06/0.08  assembly 0.71/0.78  transport 0.53/0.59  egress 0.74/0.79
[   60s] clients 1000 | level 0 (0-0 in window: 30 Hz, dilation 1.0), pace 1.00, 0.0% clients bandwidth-degraded | tick p50 2.94 p99 3.08 max 3.09 ms, 0 overruns | out 30.0k pps 54 kbps/client, 54 Mbps | in 30.0k pps 12 kbps/client | stand-ins: repeated 0.00% frozen 0.00%, 0 late inputs | per client-tick: 191 B (near 29 B, 100% deltas), near 4.3 mid 4.2 far 6.3, far skipped 0 starved 0 | input wait p50 50.0 p99 66.5 ms | 0 joins deferred | kernel drops rcv 0 snd 0
         p50/p99 ms: ingress 0.39/0.44  events 0.23/0.25  movement 0.12/0.13  grid 0.17/0.21  history 0.00/0.00  serialize 0.06/0.08  assembly 0.71/0.77  transport 0.53/0.60  egress 0.73/0.78
[   61s] clients 0 | level 0 (0-0 in window: 30 Hz, dilation 1.0), pace 1.00, 0.0% clients bandwidth-degraded | tick p50 2.97 p99 3.04 max 3.04 ms, 0 overruns | out 25.7k pps 53 kbps/client, 45 Mbps | in 35.4k pps 14 kbps/client | stand-ins: repeated 0.00% frozen 0.00%, 0 late inputs | per client-tick: 186 B (near 29 B, 100% deltas), near 4.2 mid 4.1 far 6.0, far skipped 0 starved 0 | input wait p50 51.1 p99 66.5 ms | 0 joins deferred | kernel drops rcv 0 snd 0
         p50/p99 ms: ingress 0.38/0.76  events 0.24/1.08  movement 0.12/0.13  grid 0.18/0.20  history 0.00/0.00  serialize 0.06/0.08  assembly 0.71/0.78  transport 0.51/0.55  egress 0.72/0.78

== summary: 1709 steady-state ticks (after warmup, before clients drain), peak 1000 clients ==
  phase        p50 ms   p99 ms   max ms
  ingress        0.38     0.44     0.55
  events         0.23     0.25     0.27
  movement       0.12     0.14     0.19
  grid           0.17     0.20     0.21
  history        0.00     0.00     0.02
  serialize      0.06     0.08     0.08
  assembly       0.71     0.78     0.83
  transport      0.53     0.58     0.65
  egress         0.73     0.79     0.85
  tick           2.92     3.07     3.14
  overruns 0 | spawns 1000 despawns 1000 (549 joins deferred) | stand-ins: repeated 0 frozen 0 | late inputs 0 discarded 0 | bad messages 0 | recv errors 0 send errors 0
  egress (whole run): 1799033 datagrams in 1799033 sends (1.00 per send), 115264 syscalls
  ticks per ladder level (whole run): L0: 1819
  input wait on the server (datagram arrival -> applied): p50 50.4 p99 66.3 max 66.7 mean 50.2 ms
  steady state: stand-ins repeated 0 frozen 0 | late inputs 0 discarded 0
