spawn=uniform
egress=sendmmsg
ladder=on
threads=8
shards=64
peak_clients=1000
steady_ticks=1709
steady_secs=56.9
ingress_p50_ms=0.38
ingress_p99_ms=0.44
ingress_max_ms=0.55
events_p50_ms=0.23
events_p99_ms=0.25
events_max_ms=0.27
movement_p50_ms=0.12
movement_p99_ms=0.14
movement_max_ms=0.19
grid_p50_ms=0.17
grid_p99_ms=0.20
grid_max_ms=0.21
history_p50_ms=0.00
history_p99_ms=0.00
history_max_ms=0.02
serialize_p50_ms=0.06
serialize_p99_ms=0.08
serialize_max_ms=0.08
assembly_p50_ms=0.71
assembly_p99_ms=0.78
assembly_max_ms=0.83
transport_p50_ms=0.53
transport_p99_ms=0.58
transport_max_ms=0.65
egress_p50_ms=0.73
egress_p99_ms=0.79
egress_max_ms=0.85
tick_p50_ms=2.92
tick_p99_ms=3.07
tick_max_ms=3.14
steady_overruns=0
level_mode=0
tick_hz=30
dilation=1
levels=L0:1709
clients_avg=1000
out_pps=30016
in_pps=30031
egress_mbps=54.1
packets_per_client_tick=1.00
wire_bytes_per_client_tick=225
down_kbps_per_client=54.1
up_kbps_per_client=12.0
kernel_rcvbuf_drops=0
kernel_sndbuf_drops=0
snapshot_bytes_per_client_tick=190
near_bytes_per_client_tick=29
near_per_client_tick=4.3
mid_per_client_tick=4.2
far_per_client_tick=6.3
far_skipped=0
far_starved=0
repeated=0
frozen=0
late_inputs=0
discarded_inputs=0
input_wait_p50_ms=50.4
input_wait_p99_ms=66.3
spawns=1000
despawns=1000
joins_deferred=549
bad_messages=0
recv_errors=0
send_errors=0
datagrams=1799033
sends=1799033
send_syscalls=115264
