minting tokens with the public dev key (--token-key to change)
1000 bots -> 127.0.0.1:40540 on 8 threads, ramp 0/s, 60s, 1000 full + 0 sink bots
[    5s] bots 1000/1000 connected, 1000 welcomed, 0 failed | 24.5 snaps/s/bot, entities/snap near 65.9 mid 88.5 far 0.0 | corrections 0.002/s/bot | down 299 up 10 kbps/bot | rtt 150.0 ms loss 0.00% | input->applied ~ p50 127 p99 164 ms, round trip p50 233 p99 267 ms | joins 1000 (p50 512 p99 775 ms) | server pace 1.00 level 0, 0 bots bandwidth-degraded | swarm busy 10%, overruns 0
[   10s] bots 1000/1000 connected, 1000 welcomed, 0 failed | 30.7 snaps/s/bot, entities/snap near 64.6 mid 86.8 far 0.0 | corrections 0.001/s/bot | down 359 up 12 kbps/bot | rtt 149.9 ms loss 1.06% | input->applied ~ p50 129 p99 164 ms, round trip p50 233 p99 267 ms | joins 0 (p50 0 p99 0 ms) | server pace 1.00 level 0, 0 bots bandwidth-degraded | swarm busy 11%, overruns 0
[   15s] bots 1000/1000 connected, 1000 welcomed, 0 failed | 27.8 snaps/s/bot, entities/snap near 64.6 mid 86.8 far 0.0 | corrections 0.001/s/bot | down 326 up 11 kbps/bot | rtt 149.8 ms loss 1.02% | input->applied ~ p50 129 p99 166 ms, round trip p50 233 p99 267 ms | joins 0 (p50 0 p99 0 ms) | server pace 1.00 level 0, 0 bots bandwidth-degraded | swarm busy 11%, overruns 0
[   20s] bots 1000/1000 connected, 1000 welcomed, 0 failed | 30.2 snaps/s/bot, entities/snap near 64.6 mid 86.8 far 0.0 | corrections 0.001/s/bot | down 354 up 12 kbps/bot | rtt 150.0 ms loss 1.00% | input->applied ~ p50 129 p99 165 ms, round trip p50 233 p99 267 ms | joins 0 (p50 0 p99 0 ms) | server pace 1.00 level 0, 0 bots bandwidth-degraded | swarm busy 11%, overruns 0
[   25s] bots 1000/1000 connected, 1000 welcomed, 0 failed | 29.7 snaps/s/bot, entities/snap near 64.6 mid 86.7 far 0.0 | corrections 0.000/s/bot | down 348 up 12 kbps/bot | rtt 150.1 ms loss 0.93% | input->applied ~ p50 129 p99 166 ms, round trip p50 233 p99 267 ms | joins 0 (p50 0 p99 0 ms) | server pace 1.00 level 0, 0 bots bandwidth-degraded | swarm busy 11%, overruns 0
[   30s] bots 1000/1000 connected, 1000 welcomed, 0 failed | 28.7 snaps/s/bot, entities/snap near 64.6 mid 86.8 far 0.0 | corrections 0.002/s/bot | down 336 up 12 kbps/bot | rtt 150.2 ms loss 0.99% | input->applied ~ p50 129 p99 165 ms, round trip p50 233 p99 267 ms | joins 0 (p50 0 p99 0 ms) | server pace 1.00 level 0, 0 bots bandwidth-degraded | swarm busy 11%, overruns 0
[   35s] bots 1000/1000 connected, 1000 welcomed, 0 failed | 30.1 snaps/s/bot, entities/snap near 64.6 mid 86.9 far 0.0 | corrections 0.001/s/bot | down 353 up 12 kbps/bot | rtt 149.9 ms loss 1.00% | input->applied ~ p50 129 p99 166 ms, round trip p50 233 p99 267 ms | joins 0 (p50 0 p99 0 ms) | server pace 1.00 level 0, 0 bots bandwidth-degraded | swarm busy 11%, overruns 0
[   40s] bots 1000/1000 connected, 1000 welcomed, 0 failed | 29.4 snaps/s/bot, entities/snap near 64.6 mid 86.8 far 0.0 | corrections 0.001/s/bot | down 344 up 12 kbps/bot | rtt 150.0 ms loss 1.04% | input->applied ~ p50 129 p99 166 ms, round trip p50 233 p99 267 ms | joins 0 (p50 0 p99 0 ms) | server pace 1.00 level 0, 0 bots bandwidth-degraded | swarm busy 11%, overruns 0
[   45s] bots 1000/1000 connected, 1000 welcomed, 0 failed | 28.7 snaps/s/bot, entities/snap near 64.6 mid 86.8 far 0.0 | corrections 0.001/s/bot | down 336 up 12 kbps/bot | rtt 150.0 ms loss 0.95% | input->applied ~ p50 129 p99 165 ms, round trip p50 233 p99 267 ms | joins 0 (p50 0 p99 0 ms) | server pace 1.00 level 0, 0 bots bandwidth-degraded | swarm busy 11%, overruns 0
[   50s] bots 1000/1000 connected, 1000 welcomed, 0 failed | 30.3 snaps/s/bot, entities/snap near 64.6 mid 86.8 far 0.0 | corrections 0.002/s/bot | down 356 up 12 kbps/bot | rtt 150.0 ms loss 1.01% | input->applied ~ p50 129 p99 166 ms, round trip p50 233 p99 267 ms | joins 0 (p50 0 p99 0 ms) | server pace 1.00 level 0, 0 bots bandwidth-degraded | swarm busy 11%, overruns 0
[   55s] bots 1000/1000 connected, 1000 welcomed, 0 failed | 28.4 snaps/s/bot, entities/snap near 64.6 mid 86.8 far 0.0 | corrections 0.001/s/bot | down 333 up 12 kbps/bot | rtt 150.1 ms loss 1.00% | input->applied ~ p50 129 p99 166 ms, round trip p50 233 p99 267 ms | joins 0 (p50 0 p99 0 ms) | server pace 1.00 level 0, 0 bots bandwidth-degraded | swarm busy 11%, overruns 0
[   60s] bots 1000/1000 connected, 1000 welcomed, 0 failed | 30.3 snaps/s/bot, entities/snap near 64.6 mid 86.8 far 0.0 | corrections 0.001/s/bot | down 355 up 12 kbps/bot | rtt 150.0 ms loss 1.02% | input->applied ~ p50 129 p99 165 ms, round trip p50 233 p99 267 ms | joins 0 (p50 0 p99 0 ms) | server pace 1.00 level 0, 0 bots bandwidth-degraded | swarm busy 11%, overruns 0

== bots summary ==
  started 1000 welcomed 1000 failed 0
  join latency ms: p50 512 p99 775 max 883 (n=1000)
  corrections 71 (0.07/bot-minute), mean error 0.064 m, max 0.333 m
  snapshots 1750056 (entities per snapshot: near 64.7 mid 86.9 far 0.0), stale 16476, unmatched acks 0, resyncs 0
  input -> applied on server (est. RTT/2 + server wait): p50 129.0 p99 165.0 max 603.0 mean 128.6 ms (n=1743618)
    of which server wait (arrival -> applied): p50 53.6 p99 90.9 max 525.0 mean 53.6 ms (n=1743618)
  input -> seen acked (round trip): p50 233.0 p99 267.0 max 700.0 mean 226.1 ms (n=1745387)
  near entity update interval (tracked bots): p50 66.0 p99 66.0 max 300.0 mean 54.1 ms (n=5632696)
  mid entity update interval (tracked bots): p50 100.0 p99 200.0 max 59400.0 mean 129.3 ms (n=7583818)
  far entity update interval (tracked bots): p50 0.0 p99 0.0 max 0.0 mean 0.0 ms (n=0)
  input clock: 10570 extra inputs, 9549 skipped ticks, 15 backlog skips | near decode errors (tracked bots) 0
  bytes down 2569.5 MB up 88.8 MB | swarm busy 11% of its threads' time, tick overruns 0
