spawn=blob
egress=sendmmsg
ladder=on
threads=8
shards=64
peak_clients=1000
steady_ticks=1705
steady_secs=56.8
ingress_p50_ms=0.35
ingress_p99_ms=0.55
ingress_max_ms=1.29
events_p50_ms=0.10
events_p99_ms=0.17
events_max_ms=0.42
movement_p50_ms=0.17
movement_p99_ms=0.22
movement_max_ms=0.35
grid_p50_ms=0.06
grid_p99_ms=0.08
grid_max_ms=0.28
history_p50_ms=0.00
history_p99_ms=0.00
history_max_ms=0.02
serialize_p50_ms=0.04
serialize_p99_ms=0.06
serialize_max_ms=0.14
assembly_p50_ms=2.37
assembly_p99_ms=2.90
assembly_max_ms=3.69
transport_p50_ms=0.89
transport_p99_ms=1.23
transport_max_ms=3.33
egress_p50_ms=4.07
egress_p99_ms=4.82
egress_max_ms=18.73
tick_p50_ms=8.06
tick_p99_ms=9.45
tick_max_ms=23.48
steady_overruns=0
level_mode=0
tick_hz=30
dilation=1
levels=L0:1705
clients_avg=1000
out_pps=60025
in_pps=29583
egress_mbps=348.2
packets_per_client_tick=2.00
wire_bytes_per_client_tick=1450
down_kbps_per_client=348.2
up_kbps_per_client=11.8
kernel_rcvbuf_drops=0
kernel_sndbuf_drops=0
snapshot_bytes_per_client_tick=1385
near_bytes_per_client_tick=393
near_per_client_tick=64.0
mid_per_client_tick=86.0
far_per_client_tick=0.0
far_skipped=0
far_starved=0
repeated=1696
frozen=1
late_inputs=1687
discarded_inputs=0
input_wait_p50_ms=53.6
input_wait_p99_ms=90.9
spawns=1000
despawns=1000
joins_deferred=356
bad_messages=0
recv_errors=0
send_errors=0
datagrams=3589433
sends=3589433
send_syscalls=115229
