preallocated connections for 10000 clients in 187.30845ms
listening on 127.0.0.1:40540 | spawn Blob | tiers near 64@150 m, mid 500 m, far 1500 m, budget 6250 B/tick, squads of 4 | 8 rayon threads, 64 shards, 256 accepts/tick, egress SendMmsg | socket buffers rcv 8192 KiB snd 8192 KiB
WARNING: token key is the public dev key; anyone can mint tokens for this server (--token-key)
[    5s] clients 1000 | level 0 (0-0 in window: 30 Hz, dilation 1.0), pace 1.00, 0.0% clients bandwidth-degraded | tick p50 7.98 p99 9.20 max 9.32 ms, 0 overruns | out 53.2k pps 358 kbps/client, 311 Mbps | in 25.4k pps 13 kbps/client | stand-ins: repeated 0.12% frozen 0.00%, 152 late inputs | per client-tick: 1416 B (near 425 B, 93% deltas), near 64.0 mid 85.9 far 0.0, far skipped 0 starved 0 | input wait p50 52.3 p99 89.8 ms | 356 joins deferred | kernel drops rcv 0 snd 0
         p50/p99 ms: ingress 0.35/0.82  events 0.10/1.38  movement 0.16/0.26  grid 0.06/0.08  history 0.00/0.01  serialize 0.04/0.08  assembly 2.33/2.81  transport 0.88/1.56  egress 4.03/4.67
[   10s] clients 1000 | level 0 (0-0 in window: 30 Hz, dilation 1.0), pace 1.00, 0.0% clients bandwidth-degraded | tick p50 8.04 p99 10.59 max 10.93 ms, 0 overruns | out 60.0k pps 348 kbps/client, 348 Mbps | in 29.6k pps 12 kbps/client | stand-ins: repeated 0.10% frozen 0.00%, 150 late inputs | per client-tick: 1386 B (near 394 B, 99% deltas), near 64.0 mid 86.0 far 0.0, far skipped 0 starved 0 | input wait p50 53.5 p99 90.1 ms | 0 joins deferred | kernel drops rcv 0 snd 0
         p50/p99 ms: ingress 0.35/0.55  events 0.10/0.17  movement 0.17/0.22  grid 0.06/0.08  history 0.00/0.00  serialize 0.04/0.07  assembly 2.36/2.88  transport 0.91/1.24  egress 4.05/5.83
[   15s] clients 1000 | level 0 (0-0 in window: 30 Hz, dilation 1.0), pace 1.00, 0.0% clients bandwidth-degraded | tick p50 8.05 p99 9.44 max 10.61 ms, 0 overruns | out 60.0k pps 348 kbps/client, 348 Mbps | in 29.5k pps 12 kbps/client | stand-ins: repeated 0.10% frozen 0.00%, 141 late inputs | per client-tick: 1384 B (near 392 B, 99% deltas), near 64.0 mid 86.0 far 0.0, far skipped 0 starved 0 | input wait p50 53.7 p99 91.0 ms | 0 joins deferred | kernel drops rcv 0 snd 0
         p50/p99 ms: ingress 0.35/0.54  events 0.10/0.17  movement 0.17/0.21  grid 0.06/0.08  history 0.00/0.00  serialize 0.04/0.06  assembly 2.36/3.16  transport 0.90/1.24  egress 4.09/4.82
[   20s] clients 1000 | level 0 (0-0 in window: 30 Hz, dilation 1.0), pace 1.00, 0.0% clients bandwidth-degraded | tick p50 8.08 p99 9.38 max 9.61 ms, 0 overruns | out 60.0k pps 348 kbps/client, 348 Mbps | in 29.5k pps 12 kbps/client | stand-ins: repeated 0.11% frozen 0.00%, 164 late inputs | per client-tick: 1385 B (near 393 B, 99% deltas), near 64.0 mid 86.0 far 0.0, far skipped 0 starved 0 | input wait p50 53.5 p99 90.9 ms | 0 joins deferred | kernel drops rcv 0 snd 0
         p50/p99 ms: ingress 0.35/0.49  events 0.10/0.18  movement 0.17/0.21  grid 0.06/0.08  history 0.00/0.00  serialize 0.04/0.07  assembly 2.37/2.83  transport 0.89/1.19  egress 4.08/4.76
[   25s] clients 1000 | level 0 (0-0 in window: 30 Hz, dilation 1.0), pace 1.00, 0.0% clients bandwidth-degraded | tick p50 8.04 p99 9.15 max 11.41 ms, 0 overruns | out 60.0k pps 348 kbps/client, 348 Mbps | in 29.5k pps 12 kbps/client | stand-ins: repeated 0.11% frozen 0.00%, 160 late inputs | per client-tick: 1385 B (near 393 B, 99% deltas), near 64.0 mid 86.0 far 0.0, far skipped 0 starved 0 | input wait p50 53.7 p99 91.3 ms | 0 joins deferred | kernel drops rcv 0 snd 0
         p50/p99 ms: ingress 0.35/0.55  events 0.10/0.17  movement 0.17/0.22  grid 0.06/0.13  history 0.00/0.00  serialize 0.04/0.06  assembly 2.35/2.83  transport 0.89/1.17  egress 4.09/4.82
[   30s] clients 1000 | level 0 (0-0 in window: 30 Hz, dilation 1.0), pace 1.00, 0.0% clients bandwidth-degraded | tick p50 8.04 p99 10.28 max 10.77 ms, 0 overruns | out 60.0k pps 348 kbps/client, 348 Mbps | in 29.5k pps 12 kbps/client | stand-ins: repeated 0.10% frozen 0.00%, 145 late inputs | per client-tick: 1386 B (near 394 B, 99% deltas), near 64.0 mid 86.0 far 0.0, far skipped 0 starved 0 | input wait p50 53.7 p99 90.7 ms | 0 joins deferred | kernel drops rcv 0 snd 0
         p50/p99 ms: ingress 0.35/0.64  events 0.10/0.17  movement 0.17/0.23  grid 0.05/0.09  history 0.00/0.00  serialize 0.04/0.06  assembly 2.36/2.80  transport 0.89/1.18  egress 4.04/5.19
[   35s] clients 1000 | level 0 (0-0 in window: 30 Hz, dilation 1.0), pace 1.00, 0.0% clients bandwidth-degraded | tick p50 8.13 p99 9.82 max 23.48 ms, 0 overruns | out 60.0k pps 348 kbps/client, 348 Mbps | in 29.5k pps 12 kbps/client | stand-ins: repeated 0.09% frozen 0.00%, 137 late inputs | per client-tick: 1386 B (near 394 B, 99% deltas), near 64.0 mid 86.0 far 0.0, far skipped 0 starved 0 | input wait p50 53.7 p99 91.5 ms | 0 joins deferred | kernel drops rcv 0 snd 0
         p50/p99 ms: ingress 0.36/0.78  events 0.10/0.17  movement 0.17/0.22  grid 0.05/0.07  history 0.00/0.00  serialize 0.04/0.06  assembly 2.41/2.96  transport 0.88/1.40  egress 4.08/5.13
[   40s] clients 1000 | level 0 (0-0 in window: 30 Hz, dilation 1.0), pace 1.00, 0.0% clients bandwidth-degraded | tick p50 8.05 p99 9.37 max 9.38 ms, 0 overruns | out 60.0k pps 348 kbps/client, 348 Mbps | in 29.5k pps 12 kbps/client | stand-ins: repeated 0.10% frozen 0.00%, 141 late inputs | per client-tick: 1386 B (near 394 B, 99% deltas), near 64.0 mid 86.0 far 0.0, far skipped 0 starved 0 | input wait p50 53.6 p99 91.2 ms | 0 joins deferred | kernel drops rcv 0 snd 0
         p50/p99 ms: ingress 0.35/0.49  events 0.10/0.15  movement 0.16/0.23  grid 0.06/0.08  history 0.00/0.00  serialize 0.04/0.06  assembly 2.38/2.99  transport 0.88/1.25  egress 4.08/4.69
[   45s] clients 1000 | level 0 (0-0 in window: 30 Hz, dilation 1.0), pace 1.00, 0.0% clients bandwidth-degraded | tick p50 8.13 p99 9.08 max 9.14 ms, 0 overruns | out 60.0k pps 348 kbps/client, 348 Mbps | in 29.5k pps 12 kbps/client | stand-ins: repeated 0.10% frozen 0.00%, 146 late inputs | per client-tick: 1385 B (near 393 B, 99% deltas), near 64.0 mid 86.0 far 0.0, far skipped 0 starved 0 | input wait p50 53.7 p99 90.9 ms | 0 joins deferred | kernel drops rcv 0 snd 0
         p50/p99 ms: ingress 0.35/0.53  events 0.10/0.19  movement 0.17/0.23  grid 0.06/0.08  history 0.00/0.00  serialize 0.04/0.06  assembly 2.38/2.89  transport 0.92/1.25  egress 4.09/4.61
[   50s] clients 1000 | level 0 (0-0 in window: 30 Hz, dilation 1.0), pace 1.00, 0.0% clients bandwidth-degraded | tick p50 8.05 p99 11.57 max 11.90 ms, 0 overruns | out 60.0k pps 348 kbps/client, 348 Mbps | in 29.5k pps 12 kbps/client | stand-ins: repeated 0.10% frozen 0.00%, 146 late inputs | per client-tick: 1386 B (near 394 B, 99% deltas), near 64.0 mid 86.0 far 0.0, far skipped 0 starved 0 | input wait p50 53.8 p99 90.9 ms | 0 joins deferred | kernel drops rcv 0 snd 0
         p50/p99 ms: ingress 0.35/0.72  events 0.10/0.20  movement 0.17/0.21  grid 0.06/0.08  history 0.00/0.00  serialize 0.04/0.06  assembly 2.36/3.06  transport 0.89/1.20  egress 4.04/6.96
[   55s] clients 1000 | level 0 (0-0 in window: 30 Hz, dilation 1.0), pace 1.00, 0.0% clients bandwidth-degraded | tick p50 8.04 p99 9.07 max 12.48 ms, 0 overruns | out 60.0k pps 348 kbps/client, 348 Mbps | in 29.5k pps 12 kbps/client | stand-ins: repeated 0.10% frozen 0.00%, 155 late inputs | per client-tick: 1385 B (near 393 B, 99% deltas), near 64.0 mid 86.0 far 0.0, far skipped 0 starved 0 | input wait p50 53.7 p99 91.5 ms | 0 joins deferred | kernel drops rcv 0 snd 0
         p50/p99 ms: ingress 0.35/0.46  events 0.10/0.17  movement 0.17/0.21  grid 0.05/0.09  history 0.00/0.00  serialize 0.04/0.06  assembly 2.38/2.87  transport 0.88/1.21  egress 4.04/4.70
[   60s] clients 1000 | level 0 (0-0 in window: 30 Hz, dilation 1.0), pace 1.00, 0.0% clients bandwidth-degraded | tick p50 8.07 p99 9.45 max 9.67 ms, 0 overruns | out 60.0k pps 348 kbps/client, 348 Mbps | in 29.5k pps 12 kbps/client | stand-ins: repeated 0.10% frozen 0.00%, 154 late inputs | per client-tick: 1385 B (near 393 B, 99% deltas), near 64.0 mid 86.0 far 0.0, far skipped 0 starved 0 | input wait p50 53.8 p99 90.6 ms | 0 joins deferred | kernel drops rcv 0 snd 0
         p50/p99 ms: ingress 0.35/0.49  events 0.10/0.17  movement 0.17/0.21  grid 0.06/0.09  history 0.00/0.00  serialize 0.04/0.06  assembly 2.38/2.96  transport 0.86/1.23  egress 4.04/4.85
[   60s] clients 0 | level 0 (0-0 in window: 30 Hz, dilation 1.0), pace 1.00, 0.0% clients bandwidth-degraded | tick p50 8.44 p99 21.15 max 21.15 ms, 0 overruns | out 45.1k pps 360 kbps/client, 265 Mbps | in 32.4k pps 14 kbps/client | stand-ins: repeated 0.05% frozen 0.00%, 3 late inputs | per client-tick: 1401 B (near 410 B, 95% deltas), near 64.0 mid 85.9 far 0.0, far skipped 0 starved 0 | input wait p50 53.2 p99 88.0 ms | 0 joins deferred | kernel drops rcv 0 snd 0
         p50/p99 ms: ingress 0.38/0.92  events 0.11/0.69  movement 0.15/0.35  grid 0.05/0.28  history 0.00/0.00  serialize 0.04/0.10  assembly 2.48/3.53  transport 0.82/1.11  egress 4.31/15.05

== summary: 1705 steady-state ticks (after warmup, before clients drain), peak 1000 clients ==
  phase        p50 ms   p99 ms   max ms
  ingress        0.35     0.55     1.29
  events         0.10     0.17     0.42
  movement       0.17     0.22     0.35
  grid           0.06     0.08     0.28
  history        0.00     0.00     0.02
  serialize      0.04     0.06     0.14
  assembly       2.37     2.90     3.69
  transport      0.89     1.23     3.33
  egress         4.07     4.82    18.73
  tick           8.06     9.45    23.48
  overruns 0 | spawns 1000 despawns 1000 (356 joins deferred) | stand-ins: repeated 1803 frozen 3 | late inputs 1794 discarded 2 | bad messages 0 | recv errors 0 send errors 0
  egress (whole run): 3589433 datagrams in 3589433 sends (1.00 per send), 115229 syscalls
  ticks per ladder level (whole run): L0: 1815
  input wait on the server (datagram arrival -> applied): p50 53.6 p99 90.9 max 525.0 mean 53.6 ms
  steady state: stand-ins repeated 1696 frozen 1 | late inputs 1687 discarded 0
