started=1000
welcomed=1000
failed=0
join_p50_ms=396
join_p99_ms=687
join_max_ms=832
corrections=212
corrections_per_bot_minute=0.212
correction_max_m=0.332
push_corrections=24972
push_corrections_per_bot_minute=24.972
push_max_m=0.315
snapshots=1698909
near_per_snapshot=64.1
mid_per_snapshot=86.1
far_per_snapshot=0.0
stale_snapshots=16
resyncs=0
input_applied_p50_ms=95.0
input_applied_p99_ms=137.0
input_applied_mean_ms=96.6
server_wait_p50_ms=52.4
server_wait_p99_ms=94.8
server_wait_mean_ms=54.0
round_trip_p50_ms=167.0
round_trip_p99_ms=200.0
round_trip_mean_ms=160.5
near_interval_p50_ms=66.0
near_interval_p99_ms=133.0
near_interval_mean_ms=56.0
mid_interval_p50_ms=100.0
mid_interval_p99_ms=200.0
mid_interval_mean_ms=105.6
far_interval_p50_ms=0.0
far_interval_p99_ms=0.0
far_interval_mean_ms=0.0
near_interpolated_pct=99.49
near_extrapolated_pct=0.35
near_held_pct=0.00
near_new_pct=0.16
near_pop_p50_mm=0
near_pop_p99_mm=1
mid_interpolated_pct=95.58
mid_extrapolated_pct=1.64
mid_held_pct=1.62
mid_new_pct=1.16
mid_pop_p50_mm=0
mid_pop_p99_mm=19
far_interpolated_pct=0.00
far_extrapolated_pct=0.00
far_held_pct=0.00
far_new_pct=0.00
far_pop_p50_mm=0
far_pop_p99_mm=0
render_delay_ms=132.6
render_snaps=0
render_backwards=0
clock_extra=7293
clock_skipped=6513
backlog_skips=17
near_decode_errors=0
bytes_down_mb=2573.0
bytes_up_mb=112.3
swarm_busy_pct=11
swarm_overruns=6
