preallocated connections for 10000 clients in 256.216186ms
listening on 127.0.0.1:40500 | spawn Blob | tiers near 64@150 m, mid 500 m, far 1500 m, budget 6250 B/tick, squads of 4 | 8 rayon threads, 64 shards, 1 socket(s), 256 accepts/tick, egress SendMmsg | socket buffers rcv 8192 KiB snd 8192 KiB
WARNING: token key is the public dev key; anyone can mint tokens for this server (--token-key)
[    5s] clients 1000 | level 0 (0-0 in window: 30 Hz, dilation 1.0), pace 1.00, 0.0% clients bandwidth-degraded | tick p50 8.33 p99 29.43 max 39.19 ms, 1 overruns | out 54.8k pps 370 kbps/client, 333 Mbps | in 25.4k pps 15 kbps/client | stand-ins: repeated 0.27% frozen 0.00%, 334 late inputs | per client-tick: 1468 B (near 463 B, 95% deltas), near 64.0 mid 85.9 far 0.0, far skipped 0 starved 0 | input wait p50 52.3 p99 94.7 ms | 294 joins deferred | kernel drops rcv 0 snd 0
         p50/p99 ms: ingress 0.40/1.25  events 0.12/1.56  movement 0.26/0.34  grid 0.15/0.28  separate 0.29/0.40  history 0.00/0.01  serialize 0.04/0.09  assembly 2.30/2.93  transport 0.96/2.04  egress 3.77/16.36
[   10s] clients 1000 | level 0 (0-0 in window: 30 Hz, dilation 1.0), pace 1.00, 0.0% clients bandwidth-degraded | tick p50 8.30 p99 9.26 max 10.99 ms, 0 overruns | out 60.0k pps 362 kbps/client, 362 Mbps | in 28.4k pps 14 kbps/client | stand-ins: repeated 0.29% frozen 0.00%, 405 late inputs | per client-tick: 1445 B (near 439 B, 99% deltas), near 64.0 mid 86.0 far 0.0, far skipped 0 starved 0 | input wait p50 52.3 p99 94.4 ms | 0 joins deferred | kernel drops rcv 0 snd 0
         p50/p99 ms: ingress 0.40/0.48  events 0.12/0.18  movement 0.28/0.33  grid 0.15/0.25  separate 0.31/0.40  history 0.00/0.00  serialize 0.04/0.08  assembly 2.29/2.74  transport 0.97/1.35  egress 3.75/4.40
[   15s] clients 1000 | level 0 (0-0 in window: 30 Hz, dilation 1.0), pace 1.00, 0.0% clients bandwidth-degraded | tick p50 8.25 p99 9.29 max 9.63 ms, 0 overruns | out 60.0k pps 363 kbps/client, 363 Mbps | in 28.4k pps 14 kbps/client | stand-ins: repeated 0.28% frozen 0.00%, 406 late inputs | per client-tick: 1446 B (near 440 B, 99% deltas), near 64.0 mid 86.0 far 0.0, far skipped 0 starved 0 | input wait p50 52.3 p99 95.3 ms | 0 joins deferred | kernel drops rcv 0 snd 0
         p50/p99 ms: ingress 0.40/0.53  events 0.12/0.20  movement 0.27/0.47  grid 0.15/0.26  separate 0.30/0.42  history 0.00/0.00  serialize 0.04/0.08  assembly 2.30/2.98  transport 0.91/1.24  egress 3.73/4.36
[   20s] clients 1000 | level 0 (0-0 in window: 30 Hz, dilation 1.0), pace 1.00, 0.0% clients bandwidth-degraded | tick p50 8.38 p99 9.30 max 9.33 ms, 0 overruns | out 60.0k pps 363 kbps/client, 363 Mbps | in 28.4k pps 14 kbps/client | stand-ins: repeated 0.30% frozen 0.00%, 423 late inputs | per client-tick: 1446 B (near 440 B, 99% deltas), near 64.0 mid 86.0 far 0.0, far skipped 0 starved 0 | input wait p50 52.5 p99 94.6 ms | 0 joins deferred | kernel drops rcv 0 snd 0
         p50/p99 ms: ingress 0.40/0.49  events 0.12/0.19  movement 0.27/0.34  grid 0.15/0.20  separate 0.30/0.36  history 0.00/0.00  serialize 0.04/0.09  assembly 2.32/2.76  transport 0.98/1.31  egress 3.77/4.29
[   25s] clients 1000 | level 0 (0-0 in window: 30 Hz, dilation 1.0), pace 1.00, 0.0% clients bandwidth-degraded | tick p50 8.32 p99 9.24 max 9.27 ms, 0 overruns | out 60.0k pps 363 kbps/client, 363 Mbps | in 28.4k pps 14 kbps/client | stand-ins: repeated 0.28% frozen 0.00%, 397 late inputs | per client-tick: 1446 B (near 440 B, 99% deltas), near 64.0 mid 86.0 far 0.0, far skipped 0 starved 0 | input wait p50 52.5 p99 94.9 ms | 0 joins deferred | kernel drops rcv 0 snd 0
         p50/p99 ms: ingress 0.40/0.49  events 0.12/0.18  movement 0.26/0.35  grid 0.14/0.20  separate 0.30/0.40  history 0.00/0.00  serialize 0.04/0.08  assembly 2.27/2.81  transport 0.97/1.22  egress 3.74/4.52
[   30s] clients 1000 | level 0 (0-0 in window: 30 Hz, dilation 1.0), pace 1.00, 0.0% clients bandwidth-degraded | tick p50 8.35 p99 9.28 max 10.01 ms, 0 overruns | out 60.0k pps 363 kbps/client, 363 Mbps | in 28.4k pps 14 kbps/client | stand-ins: repeated 0.27% frozen 0.00%, 393 late inputs | per client-tick: 1446 B (near 440 B, 99% deltas), near 64.0 mid 86.0 far 0.0, far skipped 0 starved 0 | input wait p50 52.4 p99 94.2 ms | 0 joins deferred | kernel drops rcv 0 snd 0
         p50/p99 ms: ingress 0.40/0.59  events 0.12/0.17  movement 0.26/0.33  grid 0.14/0.25  separate 0.30/0.40  history 0.00/0.00  serialize 0.04/0.08  assembly 2.33/2.68  transport 0.96/1.32  egress 3.77/4.43
[   35s] clients 1000 | level 0 (0-0 in window: 30 Hz, dilation 1.0), pace 1.00, 0.0% clients bandwidth-degraded | tick p50 8.36 p99 9.29 max 10.23 ms, 0 overruns | out 60.0k pps 362 kbps/client, 362 Mbps | in 28.4k pps 14 kbps/client | stand-ins: repeated 0.30% frozen 0.00%, 420 late inputs | per client-tick: 1445 B (near 439 B, 99% deltas), near 64.0 mid 86.0 far 0.0, far skipped 0 starved 0 | input wait p50 52.5 p99 94.7 ms | 0 joins deferred | kernel drops rcv 0 snd 0
         p50/p99 ms: ingress 0.40/0.82  events 0.12/0.20  movement 0.27/0.39  grid 0.16/0.21  separate 0.30/0.42  history 0.00/0.00  serialize 0.04/0.09  assembly 2.31/2.74  transport 0.97/1.31  egress 3.77/4.44
[   40s] clients 1000 | level 0 (0-0 in window: 30 Hz, dilation 1.0), pace 1.00, 0.0% clients bandwidth-degraded | tick p50 8.40 p99 9.14 max 9.24 ms, 0 overruns | out 60.0k pps 362 kbps/client, 362 Mbps | in 28.4k pps 14 kbps/client | stand-ins: repeated 0.29% frozen 0.00%, 422 late inputs | per client-tick: 1445 B (near 439 B, 99% deltas), near 64.0 mid 86.0 far 0.0, far skipped 0 starved 0 | input wait p50 52.6 p99 95.1 ms | 0 joins deferred | kernel drops rcv 0 snd 0
         p50/p99 ms: ingress 0.40/0.49  events 0.12/0.17  movement 0.27/0.34  grid 0.15/0.28  separate 0.30/0.39  history 0.00/0.00  serialize 0.04/0.10  assembly 2.32/2.85  transport 0.96/1.28  egress 3.77/4.40
[   45s] clients 1000 | level 0 (0-0 in window: 30 Hz, dilation 1.0), pace 1.00, 0.0% clients bandwidth-degraded | tick p50 8.34 p99 9.81 max 12.38 ms, 0 overruns | out 60.0k pps 363 kbps/client, 363 Mbps | in 28.4k pps 14 kbps/client | stand-ins: repeated 0.28% frozen 0.00%, 400 late inputs | per client-tick: 1446 B (near 440 B, 99% deltas), near 64.0 mid 86.0 far 0.0, far skipped 0 starved 0 | input wait p50 52.4 p99 94.9 ms | 0 joins deferred | kernel drops rcv 0 snd 0
         p50/p99 ms: ingress 0.40/0.61  events 0.12/0.21  movement 0.27/0.33  grid 0.15/0.28  separate 0.30/0.39  history 0.00/0.00  serialize 0.04/0.09  assembly 2.34/2.81  transport 0.97/1.35  egress 3.71/4.64
[   50s] clients 1000 | level 0 (0-0 in window: 30 Hz, dilation 1.0), pace 1.00, 0.0% clients bandwidth-degraded | tick p50 8.34 p99 9.44 max 9.48 ms, 0 overruns | out 60.0k pps 363 kbps/client, 363 Mbps | in 28.4k pps 14 kbps/client | stand-ins: repeated 0.30% frozen 0.00%, 427 late inputs | per client-tick: 1447 B (near 441 B, 99% deltas), near 64.0 mid 86.0 far 0.0, far skipped 0 starved 0 | input wait p50 52.5 p99 95.2 ms | 0 joins deferred | kernel drops rcv 0 snd 0
         p50/p99 ms: ingress 0.40/0.78  events 0.12/0.17  movement 0.27/0.38  grid 0.16/0.27  separate 0.30/0.39  history 0.00/0.00  serialize 0.04/0.09  assembly 2.33/2.77  transport 0.93/1.28  egress 3.76/4.47
[   55s] clients 1000 | level 0 (0-0 in window: 30 Hz, dilation 1.0), pace 1.00, 0.0% clients bandwidth-degraded | tick p50 8.35 p99 9.16 max 9.18 ms, 0 overruns | out 60.0k pps 362 kbps/client, 362 Mbps | in 28.4k pps 14 kbps/client | stand-ins: repeated 0.28% frozen 0.00%, 399 late inputs | per client-tick: 1445 B (near 439 B, 99% deltas), near 64.0 mid 86.0 far 0.0, far skipped 0 starved 0 | input wait p50 52.5 p99 94.8 ms | 0 joins deferred | kernel drops rcv 0 snd 0
         p50/p99 ms: ingress 0.40/0.72  events 0.12/0.17  movement 0.27/0.34  grid 0.15/0.26  separate 0.31/0.40  history 0.00/0.00  serialize 0.04/0.08  assembly 2.31/2.63  transport 0.94/1.27  egress 3.75/4.48
[   60s] clients 1000 | level 0 (0-0 in window: 30 Hz, dilation 1.0), pace 1.00, 0.0% clients bandwidth-degraded | tick p50 8.32 p99 9.67 max 9.84 ms, 0 overruns | out 60.0k pps 363 kbps/client, 363 Mbps | in 28.4k pps 14 kbps/client | stand-ins: repeated 0.29% frozen 0.00%, 419 late inputs | per client-tick: 1446 B (near 440 B, 99% deltas), near 64.0 mid 86.0 far 0.0, far skipped 0 starved 0 | input wait p50 52.4 p99 95.2 ms | 0 joins deferred | kernel drops rcv 0 snd 0
         p50/p99 ms: ingress 0.41/0.54  events 0.12/0.20  movement 0.27/0.33  grid 0.15/0.25  separate 0.30/0.40  history 0.00/0.00  serialize 0.04/0.07  assembly 2.32/2.76  transport 0.95/1.26  egress 3.76/4.67
[   65s] clients 6 | level 0 (0-0 in window: 30 Hz, dilation 1.0), pace 1.00, 0.0% clients bandwidth-degraded | tick p50 1.86 p99 8.39 max 15.04 ms, 0 overruns | out 1.0k pps 239 kbps/client, 5 Mbps | in 0.8k pps 12 kbps/client | stand-ins: repeated 0.69% frozen 38.60%, 5 late inputs | per client-tick: 940 B (near 304 B, 90% deltas), near 39.5 mid 52.7 far 0.0, far skipped 0 starved 0 | input wait p50 52.2 p99 92.7 ms | 0 joins deferred | kernel drops rcv 0 snd 0
         p50/p99 ms: ingress 0.30/1.21  events 0.00/0.41  movement 0.14/0.24  grid 0.14/0.18  separate 0.16/0.30  history 0.00/0.00  serialize 0.00/0.04  assembly 0.27/2.18  transport 0.25/0.99  egress 0.24/4.10

== summary: 1707 steady-state ticks (after warmup, before clients drain), peak 1000 clients ==
  phase        p50 ms   p99 ms   max ms
  ingress        0.40     0.60     0.89
  events         0.12     0.19     0.30
  movement       0.27     0.34     0.48
  grid           0.15     0.26     0.35
  separate       0.30     0.40     0.51
  history        0.00     0.00     0.03
  serialize      0.04     0.09     0.15
  assembly       2.32     2.77     3.36
  transport      0.96     1.30     1.48
  egress         3.76     4.47     7.10
  tick           8.34     9.37    12.38
  overruns 0 | spawns 1000 despawns 1000 (294 joins deferred) | stand-ins: repeated 5114 frozen 1176 | late inputs 4850 discarded 2 | bad messages 0 | recv errors 0 send errors 0
  egress (whole run): 3593461 datagrams in 3593461 sends (1.00 per send), 116393 syscalls
  ticks per ladder level (whole run): L0: 1960
  input wait on the server (datagram arrival -> applied): p50 52.4 p99 94.8 max 524.7 mean 54.0 ms
  steady state: stand-ins repeated 4877 frozen 9 | late inputs 4639 discarded 0
  rewind of near targets (applied step - the input's render step for that tier): p50 203 p99 300 max 667 mean 216.0 ms (n=1778479)
  rewind of mid/far targets (applied step - the input's render step for that tier): p50 335 p99 399 max 801 mean 346.0 ms (n=1778479)
  render times ahead of the server (bogus) 0
