started=1000
welcomed=1000
failed=0
join_p50_ms=150
join_p99_ms=301
join_max_ms=401
corrections=0
corrections_per_bot_minute=0.000
correction_max_m=0.000
push_corrections=28195
push_corrections_per_bot_minute=28.195
push_max_m=0.197
snapshots=1795475
near_per_snapshot=64.0
mid_per_snapshot=86.0
far_per_snapshot=0.0
stale_snapshots=0
resyncs=0
input_applied_p50_ms=56.0
input_applied_p99_ms=69.0
input_applied_mean_ms=57.2
server_wait_p50_ms=51.6
server_wait_p99_ms=66.1
server_wait_mean_ms=53.5
round_trip_p50_ms=67.0
round_trip_p99_ms=100.0
round_trip_mean_ms=73.2
near_interval_p50_ms=66.0
near_interval_p99_ms=66.0
near_interval_mean_ms=53.2
mid_interval_p50_ms=100.0
mid_interval_p99_ms=100.0
mid_interval_mean_ms=100.4
far_interval_p50_ms=0.0
far_interval_p99_ms=0.0
far_interval_mean_ms=0.0
near_interpolated_pct=98.03
near_extrapolated_pct=1.84
near_held_pct=0.00
near_new_pct=0.13
near_pop_p50_mm=0
near_pop_p99_mm=71
mid_interpolated_pct=95.52
mid_extrapolated_pct=1.34
mid_held_pct=2.05
mid_new_pct=1.09
mid_pop_p50_mm=0
mid_pop_p99_mm=0
far_interpolated_pct=0.00
far_extrapolated_pct=0.00
far_held_pct=0.00
far_new_pct=0.00
far_pop_p50_mm=0
far_pop_p99_mm=0
render_delay_ms=66.9
render_snaps=0
render_backwards=0
clock_extra=1000
clock_skipped=119
backlog_skips=0
near_decode_errors=0
bytes_down_mb=2653.0
bytes_up_mb=113.1
swarm_busy_pct=12
swarm_overruns=4
