== blob, 1000 bots, 60s -> baselines/2026-10-05-wsl2-tier-delays-netem/clean-blob-1k-1
== summary: 1709 steady-state ticks (after warmup, before clients drain), peak 1000 clients ==
  phase        p50 ms   p99 ms   max ms
  ingress        0.39     0.58     3.46
  events         0.12     0.18     0.24
  movement       0.28     0.37     2.10
  grid           0.16     0.26     0.33
  separate       0.30     0.39     0.46
  history        0.00     0.00     0.02
  serialize      0.04     0.07     0.12
  assembly       2.30     2.78     4.27
  transport      0.98     1.34     1.51
  egress         2.04     2.53    23.76
  tick           6.64     7.73    31.11
  overruns 0 | spawns 1000 despawns 1000 (337 joins deferred) | stand-ins: repeated 0 frozen 0 | late inputs 0 discarded 0 | bad messages 0 | recv errors 0 send errors 0
  egress (whole run): 3597298 datagrams in 3597298 sends (1.00 per send), 115263 syscalls
  ticks per ladder level (whole run): L0: 1810
  input wait on the server (datagram arrival -> applied): p50 51.6 p99 66.1 max 83.5 mean 53.5 ms
  steady state: stand-ins repeated 0 frozen 0 | late inputs 0 discarded 0
  rewind of near targets (applied step - the input's render step for that tier): p50 133 p99 167 max 193 mean 137.4 ms (n=1643119)
  rewind of mid/far targets (applied step - the input's render step for that tier): p50 267 p99 300 max 327 mean 271.3 ms (n=1643119)
  render times ahead of the server (bogus) 0
== bots summary ==
  started 1000 welcomed 1000 failed 0
  join latency ms: p50 150 p99 301 max 401 (n=1000)
  corrections 0 (0.00/bot-minute), mean error 0.000 m, max 0.000 m
  push corrections (the server pushed us apart from a crowd) 28195 (28.20/bot-minute), max 0.197 m
  snapshots 1795475 (entities per snapshot: near 64.0 mid 86.0 far 0.0), stale 0, unmatched acks 0, resyncs 0
  input -> applied on server (est. RTT/2 + server wait): p50 56.0 p99 69.0 max 96.0 mean 57.2 ms (n=1794622)
    of which server wait (arrival -> applied): p50 51.6 p99 66.1 max 83.5 mean 53.5 ms (n=1794622)
  input -> seen acked (round trip): p50 67.0 p99 100.0 max 147.0 mean 73.2 ms (n=1794622)
  near entity update interval (tracked bots): p50 66.0 p99 66.0 max 166.0 mean 53.2 ms (n=5740870)
  mid entity update interval (tracked bots): p50 100.0 p99 100.0 max 2200.0 mean 100.4 ms (n=7678316)
  far entity update interval (tracked bots): p50 0.0 p99 0.0 max 0.0 mean 0.0 ms (n=0)
  near drawn (tracked bots): 98.03% interpolated, 1.84% extrapolated, 0.00% held, 0.13% new | pops p50 0 p99 71 max 499 mm
  mid drawn (tracked bots): 95.52% interpolated, 1.34% extrapolated, 2.05% held, 1.09% new | pops p50 0 p99 0 max 17034 mm
  far drawn (tracked bots): 0.00% interpolated, 0.00% extrapolated, 0.00% held, 0.00% new | pops p50 0 p99 0 max 0 mm
  render delay (near) 66.9 ms behind the newest step, clock snaps 0 (backwards 0)
  input clock: 1000 extra inputs, 119 skipped ticks, 0 backlog skips | near decode errors (tracked bots) 0
  bytes down 2653.0 MB up 113.1 MB | swarm busy 12% of its threads' time, tick overruns 4
