preallocated connections for 10000 clients in 255.779333ms
listening on 127.0.0.1:40500 | spawn Blob | tiers near 64@150 m, mid 500 m, far 1500 m, budget 6250 B/tick, squads of 4 | 8 rayon threads, 64 shards, 1 socket(s), 256 accepts/tick, egress SendMmsg | socket buffers rcv 8192 KiB snd 8192 KiB
WARNING: token key is the public dev key; anyone can mint tokens for this server (--token-key)
[    5s] clients 1000 | level 0 (0-0 in window: 30 Hz, dilation 1.0), pace 1.00, 0.0% clients bandwidth-degraded | tick p50 6.53 p99 10.33 max 33.92 ms, 1 overruns | out 56.2k pps 359 kbps/client, 332 Mbps | in 28.1k pps 16 kbps/client | stand-ins: repeated 0.00% frozen 0.00%, 0 late inputs | per client-tick: 1421 B (near 416 B, 98% deltas), near 64.0 mid 85.9 far 0.0, far skipped 0 starved 0 | input wait p50 52.2 p99 78.7 ms | 337 joins deferred | kernel drops rcv 0 snd 0
         p50/p99 ms: ingress 0.38/1.13  events 0.12/1.55  movement 0.27/0.34  grid 0.16/0.26  separate 0.30/0.37  history 0.00/0.04  serialize 0.04/0.12  assembly 2.29/2.64  transport 1.00/1.85  egress 1.96/2.40
[   10s] clients 1000 | level 0 (0-0 in window: 30 Hz, dilation 1.0), pace 1.00, 0.0% clients bandwidth-degraded | tick p50 6.64 p99 7.69 max 7.73 ms, 0 overruns | out 60.0k pps 354 kbps/client, 354 Mbps | in 30.0k pps 15 kbps/client | stand-ins: repeated 0.00% frozen 0.00%, 0 late inputs | per client-tick: 1410 B (near 404 B, 100% deltas), near 64.0 mid 86.0 far 0.0, far skipped 0 starved 0 | input wait p50 51.5 p99 66.0 ms | 0 joins deferred | kernel drops rcv 0 snd 0
         p50/p99 ms: ingress 0.38/0.56  events 0.12/0.18  movement 0.28/0.40  grid 0.16/0.23  separate 0.31/0.37  history 0.00/0.00  serialize 0.04/0.07  assembly 2.29/2.67  transport 0.98/1.29  egress 2.04/2.60
[   15s] clients 1000 | level 0 (0-0 in window: 30 Hz, dilation 1.0), pace 1.00, 0.0% clients bandwidth-degraded | tick p50 6.61 p99 7.58 max 7.67 ms, 0 overruns | out 60.0k pps 354 kbps/client, 354 Mbps | in 30.0k pps 15 kbps/client | stand-ins: repeated 0.00% frozen 0.00%, 0 late inputs | per client-tick: 1411 B (near 405 B, 100% deltas), near 64.0 mid 86.0 far 0.0, far skipped 0 starved 0 | input wait p50 51.5 p99 66.0 ms | 0 joins deferred | kernel drops rcv 0 snd 0
         p50/p99 ms: ingress 0.39/0.89  events 0.12/0.21  movement 0.27/0.44  grid 0.16/0.22  separate 0.30/0.42  history 0.00/0.00  serialize 0.04/0.07  assembly 2.27/2.71  transport 0.98/1.26  egress 2.04/2.46
[   20s] clients 1000 | level 0 (0-0 in window: 30 Hz, dilation 1.0), pace 1.00, 0.0% clients bandwidth-degraded | tick p50 6.62 p99 7.69 max 8.63 ms, 0 overruns | out 60.0k pps 354 kbps/client, 354 Mbps | in 30.0k pps 15 kbps/client | stand-ins: repeated 0.00% frozen 0.00%, 0 late inputs | per client-tick: 1411 B (near 405 B, 100% deltas), near 64.0 mid 86.0 far 0.0, far skipped 0 starved 0 | input wait p50 51.5 p99 66.0 ms | 0 joins deferred | kernel drops rcv 0 snd 0
         p50/p99 ms: ingress 0.38/0.63  events 0.11/0.18  movement 0.27/0.33  grid 0.16/0.29  separate 0.31/0.39  history 0.00/0.00  serialize 0.04/0.09  assembly 2.29/2.79  transport 0.98/1.28  egress 2.03/3.02
[   25s] clients 1000 | level 0 (0-0 in window: 30 Hz, dilation 1.0), pace 1.00, 0.0% clients bandwidth-degraded | tick p50 6.59 p99 7.58 max 7.80 ms, 0 overruns | out 60.0k pps 354 kbps/client, 354 Mbps | in 30.0k pps 15 kbps/client | stand-ins: repeated 0.00% frozen 0.00%, 0 late inputs | per client-tick: 1411 B (near 405 B, 100% deltas), near 64.0 mid 86.0 far 0.0, far skipped 0 starved 0 | input wait p50 51.5 p99 66.0 ms | 0 joins deferred | kernel drops rcv 0 snd 0
         p50/p99 ms: ingress 0.38/0.49  events 0.11/0.18  movement 0.28/0.34  grid 0.16/0.31  separate 0.30/0.36  history 0.00/0.00  serialize 0.04/0.07  assembly 2.30/2.66  transport 0.98/1.34  egress 2.04/2.45
[   30s] clients 1000 | level 0 (0-0 in window: 30 Hz, dilation 1.0), pace 1.00, 0.0% clients bandwidth-degraded | tick p50 6.65 p99 7.58 max 16.13 ms, 0 overruns | out 60.0k pps 354 kbps/client, 354 Mbps | in 30.0k pps 15 kbps/client | stand-ins: repeated 0.00% frozen 0.00%, 0 late inputs | per client-tick: 1411 B (near 405 B, 100% deltas), near 64.0 mid 86.0 far 0.0, far skipped 0 starved 0 | input wait p50 51.4 p99 66.0 ms | 0 joins deferred | kernel drops rcv 0 snd 0
         p50/p99 ms: ingress 0.39/0.87  events 0.12/0.18  movement 0.27/0.37  grid 0.16/0.26  separate 0.31/0.38  history 0.00/0.00  serialize 0.04/0.07  assembly 2.30/2.86  transport 0.99/1.32  egress 2.06/2.66
[   35s] clients 1000 | level 0 (0-0 in window: 30 Hz, dilation 1.0), pace 1.00, 0.0% clients bandwidth-degraded | tick p50 6.62 p99 8.16 max 8.82 ms, 0 overruns | out 60.0k pps 354 kbps/client, 354 Mbps | in 30.0k pps 15 kbps/client | stand-ins: repeated 0.00% frozen 0.00%, 0 late inputs | per client-tick: 1410 B (near 404 B, 100% deltas), near 64.0 mid 86.0 far 0.0, far skipped 0 starved 0 | input wait p50 51.5 p99 66.0 ms | 0 joins deferred | kernel drops rcv 0 snd 0
         p50/p99 ms: ingress 0.38/0.49  events 0.12/0.20  movement 0.27/0.34  grid 0.16/0.27  separate 0.31/0.40  history 0.00/0.00  serialize 0.04/0.08  assembly 2.31/2.99  transport 0.96/1.45  egress 2.04/2.66
[   40s] clients 1000 | level 0 (0-0 in window: 30 Hz, dilation 1.0), pace 1.00, 0.0% clients bandwidth-degraded | tick p50 6.63 p99 7.50 max 8.41 ms, 0 overruns | out 60.0k pps 354 kbps/client, 354 Mbps | in 30.0k pps 15 kbps/client | stand-ins: repeated 0.00% frozen 0.00%, 0 late inputs | per client-tick: 1411 B (near 405 B, 100% deltas), near 64.0 mid 86.0 far 0.0, far skipped 0 starved 0 | input wait p50 51.5 p99 66.0 ms | 0 joins deferred | kernel drops rcv 0 snd 0
         p50/p99 ms: ingress 0.39/0.47  events 0.12/0.18  movement 0.27/0.37  grid 0.16/0.22  separate 0.30/0.37  history 0.00/0.00  serialize 0.04/0.07  assembly 2.29/2.97  transport 0.95/1.35  egress 2.03/2.48
[   45s] clients 1000 | level 0 (0-0 in window: 30 Hz, dilation 1.0), pace 1.00, 0.0% clients bandwidth-degraded | tick p50 6.61 p99 7.96 max 8.17 ms, 0 overruns | out 60.0k pps 354 kbps/client, 354 Mbps | in 30.0k pps 15 kbps/client | stand-ins: repeated 0.00% frozen 0.00%, 0 late inputs | per client-tick: 1412 B (near 406 B, 100% deltas), near 64.0 mid 86.0 far 0.0, far skipped 0 starved 0 | input wait p50 51.5 p99 66.0 ms | 0 joins deferred | kernel drops rcv 0 snd 0
         p50/p99 ms: ingress 0.38/0.49  events 0.11/0.18  movement 0.28/0.37  grid 0.16/0.24  separate 0.31/0.38  history 0.00/0.00  serialize 0.04/0.07  assembly 2.26/2.78  transport 0.97/1.33  egress 2.06/2.62
[   50s] clients 1000 | level 0 (0-0 in window: 30 Hz, dilation 1.0), pace 1.00, 0.0% clients bandwidth-degraded | tick p50 6.73 p99 12.19 max 31.11 ms, 0 overruns | out 60.0k pps 354 kbps/client, 354 Mbps | in 30.0k pps 15 kbps/client | stand-ins: repeated 0.00% frozen 0.00%, 0 late inputs | per client-tick: 1412 B (near 406 B, 100% deltas), near 64.0 mid 86.0 far 0.0, far skipped 0 starved 0 | input wait p50 51.5 p99 66.0 ms | 0 joins deferred | kernel drops rcv 0 snd 0
         p50/p99 ms: ingress 0.39/0.69  events 0.12/0.18  movement 0.28/0.43  grid 0.16/0.28  separate 0.31/0.39  history 0.00/0.00  serialize 0.04/0.07  assembly 2.32/2.97  transport 1.01/1.38  egress 2.07/2.70
[   55s] clients 1000 | level 0 (0-0 in window: 30 Hz, dilation 1.0), pace 1.00, 0.0% clients bandwidth-degraded | tick p50 6.65 p99 7.86 max 7.91 ms, 0 overruns | out 60.0k pps 354 kbps/client, 354 Mbps | in 30.0k pps 15 kbps/client | stand-ins: repeated 0.00% frozen 0.00%, 0 late inputs | per client-tick: 1411 B (near 405 B, 100% deltas), near 64.0 mid 86.0 far 0.0, far skipped 0 starved 0 | input wait p50 51.5 p99 66.0 ms | 0 joins deferred | kernel drops rcv 0 snd 0
         p50/p99 ms: ingress 0.39/0.55  events 0.12/0.19  movement 0.28/0.38  grid 0.16/0.27  separate 0.30/0.41  history 0.00/0.00  serialize 0.04/0.07  assembly 2.29/2.69  transport 0.98/1.40  egress 2.06/2.56
[   60s] clients 875 | level 0 (0-0 in window: 30 Hz, dilation 1.0), pace 1.00, 0.0% clients bandwidth-degraded | tick p50 6.71 p99 7.52 max 7.86 ms, 0 overruns | out 60.0k pps 354 kbps/client, 354 Mbps | in 30.2k pps 15 kbps/client | stand-ins: repeated 0.00% frozen 0.00%, 0 late inputs | per client-tick: 1412 B (near 406 B, 99% deltas), near 64.0 mid 86.0 far 0.0, far skipped 0 starved 0 | input wait p50 51.5 p99 65.9 ms | 0 joins deferred | kernel drops rcv 0 snd 0
         p50/p99 ms: ingress 0.39/0.54  events 0.12/0.21  movement 0.28/0.38  grid 0.16/0.28  separate 0.30/0.39  history 0.00/0.00  serialize 0.04/0.07  assembly 2.32/2.75  transport 0.99/1.36  egress 2.04/2.51

== summary: 1709 steady-state ticks (after warmup, before clients drain), peak 1000 clients ==
  phase        p50 ms   p99 ms   max ms
  ingress        0.39     0.58     3.46
  events         0.12     0.18     0.24
  movement       0.28     0.37     2.10
  grid           0.16     0.26     0.33
  separate       0.30     0.39     0.46
  history        0.00     0.00     0.02
  serialize      0.04     0.07     0.12
  assembly       2.30     2.78     4.27
  transport      0.98     1.34     1.51
  egress         2.04     2.53    23.76
  tick           6.64     7.73    31.11
  overruns 0 | spawns 1000 despawns 1000 (337 joins deferred) | stand-ins: repeated 0 frozen 0 | late inputs 0 discarded 0 | bad messages 0 | recv errors 0 send errors 0
  egress (whole run): 3597298 datagrams in 3597298 sends (1.00 per send), 115263 syscalls
  ticks per ladder level (whole run): L0: 1810
  input wait on the server (datagram arrival -> applied): p50 51.6 p99 66.1 max 83.5 mean 53.5 ms
  steady state: stand-ins repeated 0 frozen 0 | late inputs 0 discarded 0
  rewind of near targets (applied step - the input's render step for that tier): p50 133 p99 167 max 193 mean 137.4 ms (n=1643119)
  rewind of mid/far targets (applied step - the input's render step for that tier): p50 267 p99 300 max 327 mean 271.3 ms (n=1643119)
  render times ahead of the server (bogus) 0
