started=10000
welcomed=10000
failed=0
join_p50_ms=707
join_p99_ms=1489
join_max_ms=1689
corrections=50
corrections_per_bot_minute=0.005
correction_max_m=0.145
push_corrections=6104
push_corrections_per_bot_minute=0.610
push_max_m=0.175
snapshots=17775224
near_per_snapshot=15.6
mid_per_snapshot=41.8
far_per_snapshot=58.5
stale_snapshots=0
resyncs=817
input_applied_p50_ms=57.0
input_applied_p99_ms=74.0
input_applied_mean_ms=58.0
server_wait_p50_ms=49.8
server_wait_p99_ms=66.5
server_wait_mean_ms=50.5
round_trip_p50_ms=67.0
round_trip_p99_ms=100.0
round_trip_mean_ms=81.8
slot_work_p50_ms=0.5
slot_work_p99_ms=3.7
slot_work_mean_ms=1.1
slot_late_p50_ms=0.0
slot_late_p99_ms=0.1
slot_late_mean_ms=0.0
near_interval_p50_ms=33.0
near_interval_p99_ms=33.0
near_interval_mean_ms=33.0
mid_interval_p50_ms=100.0
mid_interval_p99_ms=100.0
mid_interval_mean_ms=100.2
far_interval_p50_ms=500.0
far_interval_p99_ms=500.0
far_interval_mean_ms=500.0
slot_late_max_ms=46.2
near_interpolated_pct=99.85
near_extrapolated_pct=0.02
near_held_pct=0.00
near_new_pct=0.13
near_pop_p50_mm=0
near_pop_p99_mm=0
mid_interpolated_pct=99.52
mid_extrapolated_pct=0.13
mid_held_pct=0.01
mid_new_pct=0.34
mid_pop_p50_mm=0
mid_pop_p99_mm=0
far_interpolated_pct=40.05
far_extrapolated_pct=58.98
far_held_pct=0.52
far_new_pct=0.45
far_pop_p50_mm=406
far_pop_p99_mm=3678
render_delay_ms=72.5
render_snaps=0
shots_seen=0
activity_cells=0
activity_shots=0
ambient=0
streak_frames_per_million=15929
clock_slewing_pct=5.37
delay_changes=316
render_backwards=0
clock_extra=13928
clock_skipped=2087
backlog_skips=204
near_decode_errors=0
bytes_down_mb=23817.1
bytes_up_mb=1120.0
swarm_busy_pct=27
swarm_overruns=403
