== uniform, 10000 bots, 60s -> baselines/2026-10-07-aws-m3e/m3e-uniform-10k-sockets-8-1
== summary: 1709 steady-state ticks (after warmup, before clients drain), peak 10000 clients ==
  phase        p50 ms   p99 ms   max ms
  ingress        0.96     1.45     1.62
  events         4.07     5.05     5.33
  movement       1.01     1.22     1.38
  grid           0.47     0.56     0.79
  separate       0.54     0.88     1.15
  history        0.02     0.04     0.06
  shots          0.07     0.12     0.34
  serialize      0.29     0.55     0.64
  assembly       3.22     3.97     5.10
  transport      2.03     2.41     7.34
  egress         3.39     3.98     4.30
  tick          16.20    17.66    21.31
  overruns 0 | spawns 10000 despawns 10000 (53761 joins deferred) | deaths 0 respawns 0 | stand-ins: repeated 2181 frozen 0 | late inputs 1364 discarded 0 | bad messages 0 | recv errors 0 send errors 0
  egress (whole run): 31104561 datagrams in 31104561 sends (1.00 per send), 197525 syscalls
  ingress (whole run): 17885638 datagrams in 630031 receive calls (28.39 per call)
  ticks per ladder level (whole run): L0: 1817
  input wait on the server (datagram arrival -> applied): p50 49.8 p99 66.5 max 143.1 mean 50.5 ms
  steady state: stand-ins repeated 0 frozen 0 | late inputs 0 discarded 0
  rewind of near targets (applied step - the input's render step for that tier): p50 133 p99 175 max 239 mean 146.7 ms (n=17653352)
  rewind of mid/far targets (applied step - the input's render step for that tier): p50 267 p99 300 max 364 mean 279.9 ms (n=17653352)
  render times ahead of the server (bogus) 0
  shots 0 (late 0, refused 0, rewinds capped 0) | hits head 0 body 0 (after cover 0, too late 0), kills 0 | ground 0 cover 0 expired 0 | segments 0 candidates 0
== bots summary ==
  started 10000 welcomed 10000 failed 0
  join latency ms: p50 707 p99 1489 max 1689 (n=10000)
  corrections 50 (0.01/bot-minute), mean error 0.074 m, max 0.145 m
  push corrections (the server pushed us apart from a crowd) 6104 (0.61/bot-minute), max 0.175 m
  snapshots 17775224 (entities per snapshot: near 15.6 mid 41.8 far 58.5), stale 0, unmatched acks 0, resyncs 817
  input -> applied on server (est. RTT/2 + server wait): p50 57.0 p99 74.0 max 151.0 mean 58.0 ms (n=17770627)
    of which server wait (arrival -> applied): p50 49.8 p99 66.5 max 143.1 mean 50.5 ms (n=17770627)
  input -> seen acked (round trip): p50 67.0 p99 100.0 max 167.0 mean 81.8 ms (n=17771991)
  near entity update interval (tracked bots): p50 33.0 p99 33.0 max 100.0 mean 33.0 ms (n=13752061)
  mid entity update interval (tracked bots): p50 100.0 p99 100.0 max 600.0 mean 100.2 ms (n=36614893)
  far entity update interval (tracked bots): p50 500.0 p99 500.0 max 2000.0 mean 500.0 ms (n=51028549)
  near drawn (tracked bots): 99.85% interpolated, 0.02% extrapolated, 0.00% held, 0.13% new | pops p50 0 p99 0 max 132 mm
  mid drawn (tracked bots): 99.52% interpolated, 0.13% extrapolated, 0.01% held, 0.34% new | pops p50 0 p99 0 max 5043 mm
  far drawn (tracked bots): 40.05% interpolated, 58.98% extrapolated, 0.52% held, 0.45% new | pops p50 406 p99 3678 max 23037 mm
  render delay (near) 72.5 ms behind the newest step, clock snaps 0 (backwards 0), slewing 5.37% of frames, near delay changes 316 | streak entity-frames (drawn > 20 m/s) 14316176
  input clock: 13928 extra inputs, 2087 skipped ticks, 204 backlog skips | near decode errors (tracked bots) 0
  bytes down 23817.1 MB up 1120.0 MB | swarm busy 27% of its threads' time, tick overruns 403
