spawn=uniform
egress=sendmmsg
ingress=recvmmsg
rx_gather_us=1000
ladder=on
threads=64
shards=64
sockets=8
peak_clients=10000
steady_ticks=1709
steady_secs=57.0
ingress_p50_ms=0.96
ingress_p99_ms=1.45
ingress_max_ms=1.62
events_p50_ms=4.07
events_p99_ms=5.05
events_max_ms=5.33
movement_p50_ms=1.01
movement_p99_ms=1.22
movement_max_ms=1.38
grid_p50_ms=0.47
grid_p99_ms=0.56
grid_max_ms=0.79
separate_p50_ms=0.54
separate_p99_ms=0.88
separate_max_ms=1.15
history_p50_ms=0.02
history_p99_ms=0.04
history_max_ms=0.06
shots_p50_ms=0.07
shots_p99_ms=0.12
shots_max_ms=0.34
serialize_p50_ms=0.29
serialize_p99_ms=0.55
serialize_max_ms=0.64
assembly_p50_ms=3.22
assembly_p99_ms=3.97
assembly_max_ms=5.10
transport_p50_ms=2.03
transport_p99_ms=2.41
transport_max_ms=7.34
egress_p50_ms=3.39
egress_p99_ms=3.98
egress_max_ms=4.30
tick_p50_ms=16.20
tick_p99_ms=17.66
tick_max_ms=21.31
steady_overruns=0
level_mode=0
tick_hz=30
dilation=1
levels=L0:1709
clients_avg=10000
out_pps=525650
in_pps=300362
egress_mbps=3224.6
packets_per_client_tick=1.75
wire_bytes_per_client_tick=1343
down_kbps_per_client=322.5
up_kbps_per_client=15.1
recv_per_call=28.42
ingress_thread_busy_max_pct=4.8
ingress_thread_busy_mean_pct=4.7
kernel_rcvbuf_drops=0
kernel_sndbuf_drops=0
snapshot_bytes_per_client_tick=1284
near_bytes_per_client_tick=110
activity_bytes_per_client_tick=0.0
near_per_client_tick=15.7
mid_per_client_tick=41.9
far_per_client_tick=58.7
near_scanned_per_query=18
mid_scanned_per_query=55
far_skipped=0
far_starved=0
repeated=0
frozen=0
late_inputs=0
discarded_inputs=0
input_wait_p10_ms=37.0
input_wait_p50_ms=49.8
input_wait_p90_ms=64.2
input_wait_p99_ms=66.5
spawns=10000
despawns=10000
deaths=0
respawns=0
shots=0
shots_late=0
shots_refused=0
rewinds_capped=0
rewinds_trimmed=0
hits_head=0
hits_body=0
hits_ground=0
hits_cover=0
projectiles_expired=0
kills=0
hits_after_cover=0
hits_too_late=0
events=0
tracer_bytes=0
activity_cells=0
activity_sent=0
activity_bytes=0
activity_cut=0
projectile_segments=0
hit_candidates=0
joins_deferred=53761
bad_messages=0
recv_errors=0
send_errors=0
datagrams=31104561
sends=31104561
send_syscalls=197525
rewind_near_p50_ms=133
rewind_near_p99_ms=175
rewind_near_mean_ms=146.7
rewind_mid_p50_ms=267
rewind_mid_p99_ms=300
rewind_mid_mean_ms=279.9
ingress_longest_p50_ms=0.50
ingress_work_p50_ms=22.09
assembly_longest_p50_ms=2.33
assembly_work_p50_ms=110.19
transport_longest_p50_ms=1.67
transport_work_p50_ms=81.93
egress_longest_p50_ms=3.15
egress_work_p50_ms=96.91
