preallocated connections for 10000 clients in 249.414239ms
listening on 172.31.17.93:14500 | spawn Uniform | tiers near 64@150 m, mid 500 m, far 1500 m, budget 6250 B/tick, squads of 4 | 64 rayon threads, 64 shards, 8 socket(s), 256 accepts/tick, egress SendMmsg, ingress RecvMmsg | socket buffers rcv 32768 KiB snd 32768 KiB
[    5s] clients 10000 | level 0 (0-0 in window: 30 Hz, dilation 1.0), pace 1.00, 0.0% clients bandwidth-degraded | tick p50 15.82 p99 17.95 max 18.19 ms, 0 overruns | out 386.2k pps 308 kbps/client, 2340 Mbps | in 240.6k pps 19 kbps/client, 28.0 per recv, receive thread busy 4% | stand-ins: repeated 0.19% frozen 0.00%, 1364 late inputs | per client-tick: 1222 B (near 107 B, 99% deltas), near 14.9 mid 39.5 far 55.8, far skipped 0 starved 0 | input wait p50 51.5 p99 104.1 ms | 53761 joins deferred | kernel drops rcv 0 snd 0
         p50/p99 ms: ingress 0.95/1.59  events 4.03/5.75  movement 0.96/1.20  grid 0.46/0.52  separate 0.51/0.80  history 0.03/0.14  shots 0.07/0.08  serialize 0.30/0.62  assembly 3.05/3.90  transport 1.91/2.30  egress 3.19/3.93
[   10s] clients 10000 | level 0 (0-0 in window: 30 Hz, dilation 1.0), pace 1.00, 0.0% clients bandwidth-degraded | tick p50 16.25 p99 17.35 max 18.21 ms, 0 overruns | out 525.9k pps 323 kbps/client, 3227 Mbps | in 300.0k pps 15 kbps/client, 28.4 per recv, receive thread busy 5% | stand-ins: repeated 0.00% frozen 0.00%, 0 late inputs | per client-tick: 1284 B (near 110 B, 100% deltas), near 15.7 mid 42.0 far 58.7, far skipped 0 starved 0 | input wait p50 49.7 p99 66.4 ms | 0 joins deferred | kernel drops rcv 0 snd 0
         p50/p99 ms: ingress 0.95/1.39  events 4.08/5.16  movement 1.01/1.18  grid 0.48/0.56  separate 0.53/0.91  history 0.02/0.04  shots 0.07/0.09  serialize 0.29/0.59  assembly 3.23/4.04  transport 2.05/2.39  egress 3.35/3.93
[   15s] clients 10000 | level 0 (0-0 in window: 30 Hz, dilation 1.0), pace 1.00, 0.0% clients bandwidth-degraded | tick p50 16.11 p99 17.50 max 17.57 ms, 0 overruns | out 525.6k pps 322 kbps/client, 3224 Mbps | in 300.0k pps 15 kbps/client, 28.5 per recv, receive thread busy 5% | stand-ins: repeated 0.00% frozen 0.00%, 0 late inputs | per client-tick: 1284 B (near 110 B, 100% deltas), near 15.7 mid 41.9 far 58.7, far skipped 0 starved 0 | input wait p50 49.7 p99 66.4 ms | 0 joins deferred | kernel drops rcv 0 snd 0
         p50/p99 ms: ingress 0.97/1.50  events 4.06/4.64  movement 1.00/1.21  grid 0.47/0.52  separate 0.53/0.85  history 0.02/0.04  shots 0.07/0.17  serialize 0.30/0.53  assembly 3.21/3.87  transport 2.02/2.34  egress 3.36/3.91
[   20s] clients 10000 | level 0 (0-0 in window: 30 Hz, dilation 1.0), pace 1.00, 0.0% clients bandwidth-degraded | tick p50 16.21 p99 17.96 max 18.57 ms, 0 overruns | out 525.7k pps 323 kbps/client, 3225 Mbps | in 300.0k pps 15 kbps/client, 28.4 per recv, receive thread busy 5% | stand-ins: repeated 0.00% frozen 0.00%, 0 late inputs | per client-tick: 1284 B (near 110 B, 100% deltas), near 15.7 mid 41.9 far 58.7, far skipped 0 starved 0 | input wait p50 49.7 p99 66.4 ms | 0 joins deferred | kernel drops rcv 0 snd 0
         p50/p99 ms: ingress 0.96/1.32  events 4.08/5.07  movement 1.00/1.34  grid 0.47/0.53  separate 0.53/0.84  history 0.02/0.04  shots 0.07/0.09  serialize 0.29/0.57  assembly 3.21/3.99  transport 2.06/2.54  egress 3.39/3.88
[   25s] clients 10000 | level 0 (0-0 in window: 30 Hz, dilation 1.0), pace 1.00, 0.0% clients bandwidth-degraded | tick p50 16.19 p99 17.77 max 17.91 ms, 0 overruns | out 525.6k pps 322 kbps/client, 3224 Mbps | in 300.0k pps 15 kbps/client, 28.3 per recv, receive thread busy 5% | stand-ins: repeated 0.00% frozen 0.00%, 0 late inputs | per client-tick: 1284 B (near 110 B, 100% deltas), near 15.7 mid 41.9 far 58.7, far skipped 0 starved 0 | input wait p50 49.8 p99 66.4 ms | 0 joins deferred | kernel drops rcv 0 snd 0
         p50/p99 ms: ingress 0.95/1.47  events 4.06/5.14  movement 1.00/1.18  grid 0.47/0.56  separate 0.55/1.01  history 0.02/0.04  shots 0.07/0.14  serialize 0.29/0.51  assembly 3.19/3.76  transport 2.04/2.38  egress 3.43/3.98
[   30s] clients 10000 | level 0 (0-0 in window: 30 Hz, dilation 1.0), pace 1.00, 0.0% clients bandwidth-degraded | tick p50 16.34 p99 17.59 max 17.64 ms, 0 overruns | out 525.4k pps 322 kbps/client, 3223 Mbps | in 300.0k pps 15 kbps/client, 28.4 per recv, receive thread busy 5% | stand-ins: repeated 0.00% frozen 0.00%, 0 late inputs | per client-tick: 1283 B (near 110 B, 100% deltas), near 15.7 mid 41.9 far 58.7, far skipped 0 starved 0 | input wait p50 49.7 p99 66.4 ms | 0 joins deferred | kernel drops rcv 0 snd 0
         p50/p99 ms: ingress 0.98/1.48  events 4.07/4.95  movement 1.01/1.22  grid 0.47/0.64  separate 0.55/0.81  history 0.02/0.04  shots 0.07/0.26  serialize 0.28/0.61  assembly 3.24/3.90  transport 2.05/2.53  egress 3.41/4.00
[   35s] clients 10000 | level 0 (0-0 in window: 30 Hz, dilation 1.0), pace 1.00, 0.0% clients bandwidth-degraded | tick p50 16.21 p99 17.42 max 17.43 ms, 0 overruns | out 525.5k pps 322 kbps/client, 3223 Mbps | in 300.0k pps 15 kbps/client, 28.4 per recv, receive thread busy 5% | stand-ins: repeated 0.00% frozen 0.00%, 0 late inputs | per client-tick: 1283 B (near 110 B, 100% deltas), near 15.7 mid 41.9 far 58.7, far skipped 0 starved 0 | input wait p50 49.8 p99 66.4 ms | 0 joins deferred | kernel drops rcv 0 snd 0
         p50/p99 ms: ingress 0.96/1.55  events 4.06/5.09  movement 1.00/1.25  grid 0.47/0.56  separate 0.52/0.81  history 0.02/0.03  shots 0.07/0.14  serialize 0.29/0.55  assembly 3.21/3.77  transport 2.04/2.42  egress 3.42/3.99
[   40s] clients 10000 | level 0 (0-0 in window: 30 Hz, dilation 1.0), pace 1.00, 0.0% clients bandwidth-degraded | tick p50 16.25 p99 18.08 max 18.54 ms, 0 overruns | out 525.3k pps 322 kbps/client, 3223 Mbps | in 300.0k pps 15 kbps/client, 28.3 per recv, receive thread busy 5% | stand-ins: repeated 0.00% frozen 0.00%, 0 late inputs | per client-tick: 1283 B (near 110 B, 100% deltas), near 15.7 mid 41.9 far 58.7, far skipped 0 starved 0 | input wait p50 49.8 p99 66.4 ms | 0 joins deferred | kernel drops rcv 0 snd 0
         p50/p99 ms: ingress 1.01/1.39  events 4.05/4.88  movement 1.01/1.25  grid 0.47/0.57  separate 0.53/0.96  history 0.02/0.04  shots 0.07/0.09  serialize 0.28/0.39  assembly 3.28/4.75  transport 2.04/2.31  egress 3.36/4.11
[   45s] clients 10000 | level 0 (0-0 in window: 30 Hz, dilation 1.0), pace 1.00, 0.0% clients bandwidth-degraded | tick p50 16.18 p99 17.75 max 18.04 ms, 0 overruns | out 525.6k pps 322 kbps/client, 3224 Mbps | in 300.0k pps 15 kbps/client, 28.4 per recv, receive thread busy 5% | stand-ins: repeated 0.00% frozen 0.00%, 0 late inputs | per client-tick: 1283 B (near 110 B, 100% deltas), near 15.7 mid 41.9 far 58.7, far skipped 0 starved 0 | input wait p50 49.8 p99 66.4 ms | 0 joins deferred | kernel drops rcv 0 snd 0
         p50/p99 ms: ingress 0.93/1.37  events 4.08/5.00  movement 1.00/1.23  grid 0.47/0.55  separate 0.54/0.86  history 0.02/0.03  shots 0.07/0.09  serialize 0.29/0.40  assembly 3.19/3.97  transport 2.02/2.41  egress 3.43/3.94
[   50s] clients 10000 | level 0 (0-0 in window: 30 Hz, dilation 1.0), pace 1.00, 0.0% clients bandwidth-degraded | tick p50 16.23 p99 17.50 max 17.76 ms, 0 overruns | out 525.5k pps 322 kbps/client, 3222 Mbps | in 300.0k pps 15 kbps/client, 28.4 per recv, receive thread busy 5% | stand-ins: repeated 0.00% frozen 0.00%, 0 late inputs | per client-tick: 1283 B (near 110 B, 100% deltas), near 15.7 mid 41.9 far 58.7, far skipped 0 starved 0 | input wait p50 49.8 p99 66.4 ms | 0 joins deferred | kernel drops rcv 0 snd 0
         p50/p99 ms: ingress 0.95/1.38  events 4.07/5.12  movement 1.02/1.26  grid 0.47/0.55  separate 0.54/0.96  history 0.02/0.03  shots 0.07/0.10  serialize 0.29/0.40  assembly 3.23/3.96  transport 2.05/2.42  egress 3.34/3.88
[   55s] clients 10000 | level 0 (0-0 in window: 30 Hz, dilation 1.0), pace 1.00, 0.0% clients bandwidth-degraded | tick p50 16.19 p99 17.92 max 18.60 ms, 0 overruns | out 525.4k pps 322 kbps/client, 3223 Mbps | in 300.0k pps 15 kbps/client, 28.3 per recv, receive thread busy 5% | stand-ins: repeated 0.00% frozen 0.00%, 0 late inputs | per client-tick: 1283 B (near 110 B, 100% deltas), near 15.7 mid 41.9 far 58.7, far skipped 0 starved 0 | input wait p50 49.8 p99 66.4 ms | 0 joins deferred | kernel drops rcv 0 snd 0
         p50/p99 ms: ingress 0.94/1.46  events 4.09/5.04  movement 1.00/1.21  grid 0.48/0.55  separate 0.53/0.81  history 0.02/0.04  shots 0.07/0.28  serialize 0.29/0.50  assembly 3.21/3.89  transport 2.04/2.44  egress 3.38/4.02
[   60s] clients 10000 | level 0 (0-0 in window: 30 Hz, dilation 1.0), pace 1.00, 0.0% clients bandwidth-degraded | tick p50 16.08 p99 17.31 max 17.32 ms, 0 overruns | out 525.5k pps 322 kbps/client, 3223 Mbps | in 299.9k pps 15 kbps/client, 28.4 per recv, receive thread busy 5% | stand-ins: repeated 0.00% frozen 0.00%, 0 late inputs | per client-tick: 1283 B (near 110 B, 100% deltas), near 15.7 mid 41.9 far 58.7, far skipped 0 starved 0 | input wait p50 49.8 p99 66.4 ms | 0 joins deferred | kernel drops rcv 0 snd 0
         p50/p99 ms: ingress 0.95/1.44  events 4.06/5.06  movement 1.01/1.36  grid 0.48/0.53  separate 0.53/0.83  history 0.02/0.04  shots 0.07/0.09  serialize 0.29/0.51  assembly 3.16/3.91  transport 2.00/2.36  egress 3.39/4.02
[   61s] clients 0 | level 0 (0-0 in window: 30 Hz, dilation 1.0), pace 1.00, 0.0% clients bandwidth-degraded | tick p50 16.28 p99 34.47 max 34.47 ms, 1 overruns | out 447.1k pps 305 kbps/client, 2743 Mbps | in 337.1k pps 16 kbps/client, 32.4 per recv, receive thread busy 5% | stand-ins: repeated 0.00% frozen 0.00%, 0 late inputs | per client-tick: 1283 B (near 110 B, 100% deltas), near 15.7 mid 41.9 far 58.7, far skipped 0 starved 0 | input wait p50 49.8 p99 66.4 ms | 0 joins deferred | kernel drops rcv 0 snd 0
         p50/p99 ms: ingress 0.96/9.04  events 4.20/23.33  movement 0.96/1.15  grid 0.47/0.50  separate 0.53/0.68  history 0.02/0.03  shots 0.07/0.17  serialize 0.29/0.36  assembly 3.15/3.40  transport 2.05/7.34  egress 3.33/3.64

== summary: 1709 steady-state ticks (after warmup, before clients drain), peak 10000 clients ==
  phase        p50 ms   p99 ms   max ms
  ingress        0.96     1.45     1.62
  events         4.07     5.05     5.33
  movement       1.01     1.22     1.38
  grid           0.47     0.56     0.79
  separate       0.54     0.88     1.15
  history        0.02     0.04     0.06
  shots          0.07     0.12     0.34
  serialize      0.29     0.55     0.64
  assembly       3.22     3.97     5.10
  transport      2.03     2.41     7.34
  egress         3.39     3.98     4.30
  tick          16.20    17.66    21.31
  overruns 0 | spawns 10000 despawns 10000 (53761 joins deferred) | deaths 0 respawns 0 | stand-ins: repeated 2181 frozen 0 | late inputs 1364 discarded 0 | bad messages 0 | recv errors 0 send errors 0
  egress (whole run): 31104561 datagrams in 31104561 sends (1.00 per send), 197525 syscalls
  ingress (whole run): 17885638 datagrams in 630031 receive calls (28.39 per call)
  ticks per ladder level (whole run): L0: 1817
  input wait on the server (datagram arrival -> applied): p50 49.8 p99 66.5 max 143.1 mean 50.5 ms
  steady state: stand-ins repeated 0 frozen 0 | late inputs 0 discarded 0
  rewind of near targets (applied step - the input's render step for that tier): p50 133 p99 175 max 239 mean 146.7 ms (n=17653352)
  rewind of mid/far targets (applied step - the input's render step for that tier): p50 267 p99 300 max 364 mean 279.9 ms (n=17653352)
  render times ahead of the server (bogus) 0
  shots 0 (late 0, refused 0, rewinds capped 0) | hits head 0 body 0 (after cover 0, too late 0), kills 0 | ground 0 cover 0 expired 0 | segments 0 candidates 0
