started=10000
welcomed=10000
failed=0
join_p50_ms=701
join_p99_ms=1514
join_max_ms=1751
corrections=92
corrections_per_bot_minute=0.009
correction_max_m=0.156
push_corrections=6125
push_corrections_per_bot_minute=0.613
push_max_m=0.101
snapshots=17776275
near_per_snapshot=15.6
mid_per_snapshot=41.8
far_per_snapshot=58.5
stale_snapshots=0
resyncs=1060
input_applied_p50_ms=57.0
input_applied_p99_ms=74.0
input_applied_mean_ms=57.3
server_wait_p50_ms=49.9
server_wait_p99_ms=66.5
server_wait_mean_ms=49.9
round_trip_p50_ms=67.0
round_trip_p99_ms=100.0
round_trip_mean_ms=81.0
slot_work_p50_ms=0.4
slot_work_p99_ms=3.7
slot_work_mean_ms=1.1
slot_late_p50_ms=0.0
slot_late_p99_ms=0.1
slot_late_mean_ms=0.0
near_interval_p50_ms=33.0
near_interval_p99_ms=33.0
near_interval_mean_ms=33.0
mid_interval_p50_ms=100.0
mid_interval_p99_ms=100.0
mid_interval_mean_ms=100.2
far_interval_p50_ms=500.0
far_interval_p99_ms=500.0
far_interval_mean_ms=500.0
slot_late_max_ms=55.8
near_interpolated_pct=99.85
near_extrapolated_pct=0.02
near_held_pct=0.00
near_new_pct=0.13
near_pop_p50_mm=0
near_pop_p99_mm=0
mid_interpolated_pct=99.52
mid_extrapolated_pct=0.13
mid_held_pct=0.01
mid_new_pct=0.34
mid_pop_p50_mm=0
mid_pop_p99_mm=0
far_interpolated_pct=40.11
far_extrapolated_pct=58.91
far_held_pct=0.53
far_new_pct=0.45
far_pop_p50_mm=406
far_pop_p99_mm=3672
render_delay_ms=70.2
render_snaps=0
shots_seen=0
activity_cells=0
activity_shots=0
ambient=0
streak_frames_per_million=15912
clock_slewing_pct=4.48
delay_changes=194
render_backwards=0
clock_extra=16056
clock_skipped=2499
backlog_skips=135
near_decode_errors=0
bytes_down_mb=23812.4
bytes_up_mb=1119.8
swarm_busy_pct=27
swarm_overruns=316
