10000 bots -> 172.31.17.93:14500 on 28 threads x 8 slots, ramp 0/s, 60s, 10000 full + 0 sink bots
[    5s] bots 10000/10000 connected, 10000 welcomed, 0 failed | 23.4 snaps/s/bot, entities/snap near 15.1 mid 39.9 far 56.4 | corrections 0.002/s/bot | down 242 up 12 kbps/bot | rtt 14.9 ms loss 0.00% | input->applied ~ p50 58 p99 115 ms, round trip p50 67 p99 133 ms | joins 10000 (p50 701 p99 1514 ms) | server pace 1.00 level 0, 0 bots bandwidth-degraded | swarm busy 22%, overruns 316
[   10s] bots 10000/10000 connected, 10000 welcomed, 0 failed | 29.2 snaps/s/bot, entities/snap near 15.7 mid 41.9 far 58.7 | corrections 0.000/s/bot | down 314 up 15 kbps/bot | rtt 14.9 ms loss 0.00% | input->applied ~ p50 57 p99 74 ms, round trip p50 67 p99 100 ms | joins 0 (p50 0 p99 0 ms) | server pace 1.00 level 0, 0 bots bandwidth-degraded | swarm busy 27%, overruns 0
[   15s] bots 10000/10000 connected, 10000 welcomed, 0 failed | 30.2 snaps/s/bot, entities/snap near 15.7 mid 41.9 far 58.7 | corrections 0.000/s/bot | down 324 up 15 kbps/bot | rtt 14.7 ms loss 0.00% | input->applied ~ p50 57 p99 74 ms, round trip p50 67 p99 100 ms | joins 0 (p50 0 p99 0 ms) | server pace 1.00 level 0, 0 bots bandwidth-degraded | swarm busy 27%, overruns 0
[   20s] bots 10000/10000 connected, 10000 welcomed, 0 failed | 30.1 snaps/s/bot, entities/snap near 15.7 mid 41.9 far 58.7 | corrections 0.000/s/bot | down 324 up 15 kbps/bot | rtt 14.9 ms loss 0.00% | input->applied ~ p50 57 p99 74 ms, round trip p50 67 p99 100 ms | joins 0 (p50 0 p99 0 ms) | server pace 1.00 level 0, 0 bots bandwidth-degraded | swarm busy 27%, overruns 0
[   25s] bots 10000/10000 connected, 10000 welcomed, 0 failed | 30.1 snaps/s/bot, entities/snap near 15.7 mid 41.9 far 58.7 | corrections 0.000/s/bot | down 324 up 15 kbps/bot | rtt 14.6 ms loss 0.00% | input->applied ~ p50 57 p99 74 ms, round trip p50 67 p99 100 ms | joins 0 (p50 0 p99 0 ms) | server pace 1.00 level 0, 0 bots bandwidth-degraded | swarm busy 27%, overruns 0
[   30s] bots 10000/10000 connected, 10000 welcomed, 0 failed | 30.1 snaps/s/bot, entities/snap near 15.7 mid 41.9 far 58.7 | corrections 0.000/s/bot | down 324 up 15 kbps/bot | rtt 15.2 ms loss 0.00% | input->applied ~ p50 57 p99 74 ms, round trip p50 67 p99 100 ms | joins 0 (p50 0 p99 0 ms) | server pace 1.00 level 0, 0 bots bandwidth-degraded | swarm busy 27%, overruns 0
[   35s] bots 10000/10000 connected, 10000 welcomed, 0 failed | 30.1 snaps/s/bot, entities/snap near 15.6 mid 41.9 far 58.7 | corrections 0.000/s/bot | down 324 up 15 kbps/bot | rtt 14.7 ms loss 0.00% | input->applied ~ p50 57 p99 74 ms, round trip p50 67 p99 100 ms | joins 0 (p50 0 p99 0 ms) | server pace 1.00 level 0, 0 bots bandwidth-degraded | swarm busy 27%, overruns 0
[   40s] bots 10000/10000 connected, 10000 welcomed, 0 failed | 30.1 snaps/s/bot, entities/snap near 15.6 mid 41.9 far 58.7 | corrections 0.000/s/bot | down 324 up 15 kbps/bot | rtt 14.9 ms loss 0.00% | input->applied ~ p50 57 p99 74 ms, round trip p50 67 p99 100 ms | joins 0 (p50 0 p99 0 ms) | server pace 1.00 level 0, 0 bots bandwidth-degraded | swarm busy 27%, overruns 0
[   45s] bots 10000/10000 connected, 10000 welcomed, 0 failed | 30.1 snaps/s/bot, entities/snap near 15.6 mid 41.9 far 58.7 | corrections 0.000/s/bot | down 324 up 15 kbps/bot | rtt 14.8 ms loss 0.00% | input->applied ~ p50 57 p99 74 ms, round trip p50 67 p99 100 ms | joins 0 (p50 0 p99 0 ms) | server pace 1.00 level 0, 0 bots bandwidth-degraded | swarm busy 27%, overruns 0
[   50s] bots 10000/10000 connected, 10000 welcomed, 0 failed | 30.1 snaps/s/bot, entities/snap near 15.6 mid 41.9 far 58.7 | corrections 0.000/s/bot | down 324 up 15 kbps/bot | rtt 14.9 ms loss 0.00% | input->applied ~ p50 57 p99 74 ms, round trip p50 67 p99 100 ms | joins 0 (p50 0 p99 0 ms) | server pace 1.00 level 0, 0 bots bandwidth-degraded | swarm busy 27%, overruns 0
[   55s] bots 10000/10000 connected, 10000 welcomed, 0 failed | 30.1 snaps/s/bot, entities/snap near 15.7 mid 41.9 far 58.7 | corrections 0.000/s/bot | down 324 up 15 kbps/bot | rtt 14.8 ms loss 0.00% | input->applied ~ p50 57 p99 74 ms, round trip p50 67 p99 100 ms | joins 0 (p50 0 p99 0 ms) | server pace 1.00 level 0, 0 bots bandwidth-degraded | swarm busy 27%, overruns 0
[   60s] bots 10000/10000 connected, 10000 welcomed, 0 failed | 30.3 snaps/s/bot, entities/snap near 15.7 mid 41.9 far 58.7 | corrections 0.000/s/bot | down 326 up 15 kbps/bot | rtt 15.1 ms loss 0.00% | input->applied ~ p50 57 p99 74 ms, round trip p50 67 p99 100 ms | joins 0 (p50 0 p99 0 ms) | server pace 1.00 level 0, 0 bots bandwidth-degraded | swarm busy 27%, overruns 0

== bots summary ==
  started 10000 welcomed 10000 failed 0
  join latency ms: p50 701 p99 1514 max 1751 (n=10000)
  corrections 92 (0.01/bot-minute), mean error 0.077 m, max 0.156 m
  push corrections (the server pushed us apart from a crowd) 6125 (0.61/bot-minute), max 0.101 m
  snapshots 17776275 (entities per snapshot: near 15.6 mid 41.8 far 58.5), stale 0, unmatched acks 0, resyncs 1060
  input -> applied on server (est. RTT/2 + server wait): p50 57.0 p99 74.0 max 148.0 mean 57.3 ms (n=17770359)
    of which server wait (arrival -> applied): p50 49.9 p99 66.5 max 139.9 mean 49.9 ms (n=17770359)
  input -> seen acked (round trip): p50 67.0 p99 100.0 max 179.0 mean 81.0 ms (n=17772702)
  near entity update interval (tracked bots): p50 33.0 p99 33.0 max 100.0 mean 33.0 ms (n=14020121)
  mid entity update interval (tracked bots): p50 100.0 p99 100.0 max 500.0 mean 100.2 ms (n=37253957)
  far entity update interval (tracked bots): p50 500.0 p99 500.0 max 2000.0 mean 500.0 ms (n=51635709)
  near drawn (tracked bots): 99.85% interpolated, 0.02% extrapolated, 0.00% held, 0.13% new | pops p50 0 p99 0 max 182 mm
  mid drawn (tracked bots): 99.52% interpolated, 0.13% extrapolated, 0.01% held, 0.34% new | pops p50 0 p99 0 max 4735 mm
  far drawn (tracked bots): 40.11% interpolated, 58.91% extrapolated, 0.53% held, 0.45% new | pops p50 406 p99 3672 max 19363 mm
  render delay (near) 70.2 ms behind the newest step, clock snaps 0 (backwards 0), slewing 4.48% of frames, near delay changes 194 | streak entity-frames (drawn > 20 m/s) 14483288
  input clock: 16056 extra inputs, 2499 skipped ticks, 135 backlog skips | near decode errors (tracked bots) 0
  bytes down 23812.4 MB up 1119.8 MB | swarm busy 27% of its threads' time, tick overruns 316
