== uniform, 10000 bots, 60s -> baselines/2026-10-07-aws-m3e/m3e-uniform-10k-sockets-4-1
== summary: 1709 steady-state ticks (after warmup, before clients drain), peak 10000 clients ==
  phase        p50 ms   p99 ms   max ms
  ingress        0.92     1.43     1.81
  events         3.93     4.81     5.30
  movement       0.98     1.29     1.36
  grid           0.47     0.60     0.77
  separate       0.54     0.97     2.89
  history        0.02     0.04     0.05
  shots          0.07     0.10     0.33
  serialize      0.30     0.41     0.61
  assembly       3.15     3.84     5.10
  transport      1.97     2.33     2.68
  egress         3.32     3.94     4.44
  tick          15.87    17.39    18.16
  overruns 0 | spawns 10000 despawns 10000 (53341 joins deferred) | deaths 0 respawns 0 | stand-ins: repeated 3448 frozen 0 | late inputs 2343 discarded 0 | bad messages 0 | recv errors 0 send errors 0
  egress (whole run): 31076039 datagrams in 31076039 sends (1.00 per send), 197062 syscalls
  ingress (whole run): 17882877 datagrams in 453171 receive calls (39.46 per call)
  ticks per ladder level (whole run): L0: 1817
  input wait on the server (datagram arrival -> applied): p50 49.9 p99 66.5 max 139.9 mean 49.9 ms
  steady state: stand-ins repeated 0 frozen 0 | late inputs 0 discarded 0
  rewind of near targets (applied step - the input's render step for that tier): p50 133 p99 167 max 244 mean 146.0 ms (n=17641343)
  rewind of mid/far targets (applied step - the input's render step for that tier): p50 267 p99 300 max 364 mean 279.4 ms (n=17641343)
  render times ahead of the server (bogus) 0
  shots 0 (late 0, refused 0, rewinds capped 0) | hits head 0 body 0 (after cover 0, too late 0), kills 0 | ground 0 cover 0 expired 0 | segments 0 candidates 0
== bots summary ==
  started 10000 welcomed 10000 failed 0
  join latency ms: p50 701 p99 1514 max 1751 (n=10000)
  corrections 92 (0.01/bot-minute), mean error 0.077 m, max 0.156 m
  push corrections (the server pushed us apart from a crowd) 6125 (0.61/bot-minute), max 0.101 m
  snapshots 17776275 (entities per snapshot: near 15.6 mid 41.8 far 58.5), stale 0, unmatched acks 0, resyncs 1060
  input -> applied on server (est. RTT/2 + server wait): p50 57.0 p99 74.0 max 148.0 mean 57.3 ms (n=17770359)
    of which server wait (arrival -> applied): p50 49.9 p99 66.5 max 139.9 mean 49.9 ms (n=17770359)
  input -> seen acked (round trip): p50 67.0 p99 100.0 max 179.0 mean 81.0 ms (n=17772702)
  near entity update interval (tracked bots): p50 33.0 p99 33.0 max 100.0 mean 33.0 ms (n=14020121)
  mid entity update interval (tracked bots): p50 100.0 p99 100.0 max 500.0 mean 100.2 ms (n=37253957)
  far entity update interval (tracked bots): p50 500.0 p99 500.0 max 2000.0 mean 500.0 ms (n=51635709)
  near drawn (tracked bots): 99.85% interpolated, 0.02% extrapolated, 0.00% held, 0.13% new | pops p50 0 p99 0 max 182 mm
  mid drawn (tracked bots): 99.52% interpolated, 0.13% extrapolated, 0.01% held, 0.34% new | pops p50 0 p99 0 max 4735 mm
  far drawn (tracked bots): 40.11% interpolated, 58.91% extrapolated, 0.53% held, 0.45% new | pops p50 406 p99 3672 max 19363 mm
  render delay (near) 70.2 ms behind the newest step, clock snaps 0 (backwards 0), slewing 4.48% of frames, near delay changes 194 | streak entity-frames (drawn > 20 m/s) 14483288
  input clock: 16056 extra inputs, 2499 skipped ticks, 135 backlog skips | near decode errors (tracked bots) 0
  bytes down 23812.4 MB up 1119.8 MB | swarm busy 27% of its threads' time, tick overruns 316
