preallocated connections for 10000 clients in 246.253805ms
listening on 172.31.17.93:14500 | spawn Uniform | tiers near 64@150 m, mid 500 m, far 1500 m, budget 6250 B/tick, squads of 4 | 64 rayon threads, 64 shards, 4 socket(s), 256 accepts/tick, egress SendMmsg, ingress RecvMmsg | socket buffers rcv 32768 KiB snd 32768 KiB
[    5s] clients 10000 | level 0 (0-0 in window: 30 Hz, dilation 1.0), pace 1.00, 0.0% clients bandwidth-degraded | tick p50 15.61 p99 17.78 max 18.16 ms, 0 overruns | out 385.8k pps 308 kbps/client, 2337 Mbps | in 239.9k pps 19 kbps/client, 38.9 per recv, receive thread busy 7% | stand-ins: repeated 0.30% frozen 0.00%, 2343 late inputs | per client-tick: 1221 B (near 107 B, 99% deltas), near 14.9 mid 39.4 far 55.8, far skipped 0 starved 0 | input wait p50 50.4 p99 107.9 ms | 53341 joins deferred | kernel drops rcv 0 snd 0
         p50/p99 ms: ingress 0.95/2.10  events 3.85/5.60  movement 0.93/1.25  grid 0.47/0.55  separate 0.51/1.05  history 0.02/0.14  shots 0.07/0.10  serialize 0.31/0.50  assembly 3.07/3.94  transport 1.87/2.26  egress 3.17/3.83
[   10s] clients 10000 | level 0 (0-0 in window: 30 Hz, dilation 1.0), pace 1.00, 0.0% clients bandwidth-degraded | tick p50 15.81 p99 17.44 max 17.70 ms, 0 overruns | out 525.2k pps 322 kbps/client, 3223 Mbps | in 300.0k pps 15 kbps/client, 39.4 per recv, receive thread busy 8% | stand-ins: repeated 0.00% frozen 0.00%, 0 late inputs | per client-tick: 1284 B (near 110 B, 100% deltas), near 15.7 mid 41.9 far 58.7, far skipped 0 starved 0 | input wait p50 49.8 p99 66.4 ms | 0 joins deferred | kernel drops rcv 0 snd 0
         p50/p99 ms: ingress 0.93/1.54  events 3.93/4.79  movement 0.99/1.33  grid 0.48/0.60  separate 0.54/0.81  history 0.02/0.03  shots 0.07/0.10  serialize 0.31/0.59  assembly 3.10/3.70  transport 1.96/2.29  egress 3.30/3.94
[   15s] clients 10000 | level 0 (0-0 in window: 30 Hz, dilation 1.0), pace 1.00, 0.0% clients bandwidth-degraded | tick p50 15.77 p99 17.56 max 17.81 ms, 0 overruns | out 525.2k pps 322 kbps/client, 3223 Mbps | in 300.0k pps 15 kbps/client, 39.2 per recv, receive thread busy 8% | stand-ins: repeated 0.00% frozen 0.00%, 0 late inputs | per client-tick: 1283 B (near 110 B, 100% deltas), near 15.7 mid 41.9 far 58.7, far skipped 0 starved 0 | input wait p50 49.8 p99 66.4 ms | 0 joins deferred | kernel drops rcv 0 snd 0
         p50/p99 ms: ingress 0.92/1.54  events 3.93/4.89  movement 0.97/1.26  grid 0.48/0.61  separate 0.54/0.82  history 0.02/0.04  shots 0.07/0.10  serialize 0.30/0.43  assembly 3.14/3.78  transport 1.96/2.39  egress 3.32/3.87
[   20s] clients 10000 | level 0 (0-0 in window: 30 Hz, dilation 1.0), pace 1.00, 0.0% clients bandwidth-degraded | tick p50 15.70 p99 17.39 max 17.73 ms, 0 overruns | out 525.3k pps 322 kbps/client, 3223 Mbps | in 299.9k pps 15 kbps/client, 39.5 per recv, receive thread busy 8% | stand-ins: repeated 0.00% frozen 0.00%, 0 late inputs | per client-tick: 1283 B (near 110 B, 100% deltas), near 15.7 mid 41.9 far 58.7, far skipped 0 starved 0 | input wait p50 49.8 p99 66.4 ms | 0 joins deferred | kernel drops rcv 0 snd 0
         p50/p99 ms: ingress 0.92/1.46  events 3.90/4.89  movement 0.97/1.27  grid 0.47/0.63  separate 0.53/1.02  history 0.02/0.03  shots 0.07/0.10  serialize 0.29/0.40  assembly 3.12/3.82  transport 1.96/2.27  egress 3.27/4.01
[   25s] clients 10000 | level 0 (0-0 in window: 30 Hz, dilation 1.0), pace 1.00, 0.0% clients bandwidth-degraded | tick p50 15.89 p99 17.28 max 17.34 ms, 0 overruns | out 525.2k pps 322 kbps/client, 3223 Mbps | in 300.0k pps 15 kbps/client, 39.4 per recv, receive thread busy 8% | stand-ins: repeated 0.00% frozen 0.00%, 0 late inputs | per client-tick: 1283 B (near 110 B, 100% deltas), near 15.7 mid 41.9 far 58.7, far skipped 0 starved 0 | input wait p50 49.8 p99 66.4 ms | 0 joins deferred | kernel drops rcv 0 snd 0
         p50/p99 ms: ingress 0.92/1.41  events 3.96/4.77  movement 0.99/1.31  grid 0.48/0.58  separate 0.54/0.74  history 0.02/0.03  shots 0.07/0.26  serialize 0.30/0.45  assembly 3.13/3.84  transport 1.95/2.46  egress 3.31/3.93
[   30s] clients 10000 | level 0 (0-0 in window: 30 Hz, dilation 1.0), pace 1.00, 0.0% clients bandwidth-degraded | tick p50 15.86 p99 17.29 max 17.55 ms, 0 overruns | out 525.2k pps 322 kbps/client, 3223 Mbps | in 300.0k pps 15 kbps/client, 39.4 per recv, receive thread busy 8% | stand-ins: repeated 0.00% frozen 0.00%, 0 late inputs | per client-tick: 1283 B (near 110 B, 100% deltas), near 15.7 mid 41.9 far 58.7, far skipped 0 starved 0 | input wait p50 49.8 p99 66.4 ms | 0 joins deferred | kernel drops rcv 0 snd 0
         p50/p99 ms: ingress 0.93/1.47  events 3.92/4.91  movement 0.97/1.28  grid 0.47/0.68  separate 0.53/1.01  history 0.02/0.03  shots 0.07/0.10  serialize 0.30/0.41  assembly 3.17/3.93  transport 1.97/2.38  egress 3.29/3.94
[   35s] clients 10000 | level 0 (0-0 in window: 30 Hz, dilation 1.0), pace 1.00, 0.0% clients bandwidth-degraded | tick p50 15.89 p99 17.15 max 17.73 ms, 0 overruns | out 525.0k pps 322 kbps/client, 3223 Mbps | in 300.0k pps 15 kbps/client, 39.8 per recv, receive thread busy 8% | stand-ins: repeated 0.00% frozen 0.00%, 0 late inputs | per client-tick: 1283 B (near 110 B, 100% deltas), near 15.6 mid 41.9 far 58.7, far skipped 0 starved 0 | input wait p50 49.9 p99 66.4 ms | 0 joins deferred | kernel drops rcv 0 snd 0
         p50/p99 ms: ingress 0.93/1.28  events 3.92/4.78  movement 0.97/1.29  grid 0.47/0.70  separate 0.52/0.94  history 0.02/0.04  shots 0.07/0.10  serialize 0.30/0.40  assembly 3.16/4.03  transport 1.96/2.24  egress 3.38/3.92
[   40s] clients 10000 | level 0 (0-0 in window: 30 Hz, dilation 1.0), pace 1.00, 0.0% clients bandwidth-degraded | tick p50 15.83 p99 17.25 max 17.29 ms, 0 overruns | out 524.8k pps 322 kbps/client, 3223 Mbps | in 300.0k pps 15 kbps/client, 39.6 per recv, receive thread busy 8% | stand-ins: repeated 0.00% frozen 0.00%, 0 late inputs | per client-tick: 1283 B (near 110 B, 100% deltas), near 15.6 mid 41.9 far 58.7, far skipped 0 starved 0 | input wait p50 49.9 p99 66.4 ms | 0 joins deferred | kernel drops rcv 0 snd 0
         p50/p99 ms: ingress 0.93/1.41  events 3.89/4.71  movement 0.98/1.28  grid 0.47/0.62  separate 0.54/0.79  history 0.02/0.03  shots 0.07/0.10  serialize 0.30/0.38  assembly 3.19/3.96  transport 1.98/2.30  egress 3.32/4.42
[   45s] clients 10000 | level 0 (0-0 in window: 30 Hz, dilation 1.0), pace 1.00, 0.0% clients bandwidth-degraded | tick p50 15.95 p99 17.39 max 17.47 ms, 0 overruns | out 524.9k pps 322 kbps/client, 3224 Mbps | in 300.0k pps 15 kbps/client, 39.5 per recv, receive thread busy 8% | stand-ins: repeated 0.00% frozen 0.00%, 0 late inputs | per client-tick: 1284 B (near 110 B, 100% deltas), near 15.6 mid 41.9 far 58.7, far skipped 0 starved 0 | input wait p50 49.9 p99 66.4 ms | 0 joins deferred | kernel drops rcv 0 snd 0
         p50/p99 ms: ingress 0.93/1.37  events 3.96/4.82  movement 0.99/1.26  grid 0.48/0.59  separate 0.53/0.92  history 0.02/0.03  shots 0.07/0.10  serialize 0.30/0.38  assembly 3.16/3.86  transport 1.99/2.27  egress 3.35/3.90
[   50s] clients 10000 | level 0 (0-0 in window: 30 Hz, dilation 1.0), pace 1.00, 0.0% clients bandwidth-degraded | tick p50 16.01 p99 17.74 max 17.77 ms, 0 overruns | out 524.9k pps 322 kbps/client, 3223 Mbps | in 300.0k pps 15 kbps/client, 39.5 per recv, receive thread busy 8% | stand-ins: repeated 0.00% frozen 0.00%, 0 late inputs | per client-tick: 1283 B (near 110 B, 100% deltas), near 15.6 mid 41.9 far 58.7, far skipped 0 starved 0 | input wait p50 49.8 p99 66.4 ms | 0 joins deferred | kernel drops rcv 0 snd 0
         p50/p99 ms: ingress 0.91/1.39  events 3.93/4.97  movement 1.01/1.31  grid 0.47/0.57  separate 0.56/0.91  history 0.02/0.04  shots 0.07/0.10  serialize 0.30/0.45  assembly 3.16/3.98  transport 1.98/2.31  egress 3.33/4.04
[   55s] clients 10000 | level 0 (0-0 in window: 30 Hz, dilation 1.0), pace 1.00, 0.0% clients bandwidth-degraded | tick p50 15.83 p99 17.22 max 17.31 ms, 0 overruns | out 524.9k pps 322 kbps/client, 3223 Mbps | in 300.0k pps 15 kbps/client, 39.4 per recv, receive thread busy 8% | stand-ins: repeated 0.00% frozen 0.00%, 0 late inputs | per client-tick: 1283 B (near 110 B, 100% deltas), near 15.7 mid 41.9 far 58.7, far skipped 0 starved 0 | input wait p50 49.9 p99 66.4 ms | 0 joins deferred | kernel drops rcv 0 snd 0
         p50/p99 ms: ingress 0.93/1.33  events 3.92/4.77  movement 0.98/1.26  grid 0.47/0.58  separate 0.55/1.10  history 0.02/0.04  shots 0.07/0.10  serialize 0.30/0.42  assembly 3.12/3.67  transport 1.95/2.39  egress 3.29/3.97
[   60s] clients 10000 | level 0 (0-0 in window: 30 Hz, dilation 1.0), pace 1.00, 0.0% clients bandwidth-degraded | tick p50 16.03 p99 17.68 max 18.16 ms, 0 overruns | out 524.8k pps 322 kbps/client, 3222 Mbps | in 300.0k pps 15 kbps/client, 39.5 per recv, receive thread busy 8% | stand-ins: repeated 0.00% frozen 0.00%, 0 late inputs | per client-tick: 1283 B (near 110 B, 100% deltas), near 15.7 mid 41.9 far 58.7, far skipped 0 starved 0 | input wait p50 49.8 p99 66.4 ms | 0 joins deferred | kernel drops rcv 0 snd 0
         p50/p99 ms: ingress 0.92/1.37  events 3.99/4.74  movement 1.01/1.31  grid 0.48/0.55  separate 0.56/1.07  history 0.02/0.04  shots 0.07/0.09  serialize 0.31/0.39  assembly 3.19/3.85  transport 2.00/2.38  egress 3.33/3.93
[   61s] clients 0 | level 0 (0-0 in window: 30 Hz, dilation 1.0), pace 1.00, 0.0% clients bandwidth-degraded | tick p50 16.04 p99 34.68 max 34.68 ms, 1 overruns | out 454.7k pps 307 kbps/client, 2789 Mbps | in 336.2k pps 16 kbps/client, 43.6 per recv, receive thread busy 10% | stand-ins: repeated 0.00% frozen 0.00%, 0 late inputs | per client-tick: 1284 B (near 110 B, 100% deltas), near 15.7 mid 41.9 far 58.7, far skipped 0 starved 0 | input wait p50 49.8 p99 66.4 ms | 0 joins deferred | kernel drops rcv 0 snd 0
         p50/p99 ms: ingress 0.91/9.29  events 3.98/23.35  movement 1.00/1.07  grid 0.47/0.50  separate 0.55/0.73  history 0.02/0.04  shots 0.07/0.26  serialize 0.33/0.36  assembly 3.26/3.84  transport 2.03/2.17  egress 3.37/3.59

== summary: 1709 steady-state ticks (after warmup, before clients drain), peak 10000 clients ==
  phase        p50 ms   p99 ms   max ms
  ingress        0.92     1.43     1.81
  events         3.93     4.81     5.30
  movement       0.98     1.29     1.36
  grid           0.47     0.60     0.77
  separate       0.54     0.97     2.89
  history        0.02     0.04     0.05
  shots          0.07     0.10     0.33
  serialize      0.30     0.41     0.61
  assembly       3.15     3.84     5.10
  transport      1.97     2.33     2.68
  egress         3.32     3.94     4.44
  tick          15.87    17.39    18.16
  overruns 0 | spawns 10000 despawns 10000 (53341 joins deferred) | deaths 0 respawns 0 | stand-ins: repeated 3448 frozen 0 | late inputs 2343 discarded 0 | bad messages 0 | recv errors 0 send errors 0
  egress (whole run): 31076039 datagrams in 31076039 sends (1.00 per send), 197062 syscalls
  ingress (whole run): 17882877 datagrams in 453171 receive calls (39.46 per call)
  ticks per ladder level (whole run): L0: 1817
  input wait on the server (datagram arrival -> applied): p50 49.9 p99 66.5 max 139.9 mean 49.9 ms
  steady state: stand-ins repeated 0 frozen 0 | late inputs 0 discarded 0
  rewind of near targets (applied step - the input's render step for that tier): p50 133 p99 167 max 244 mean 146.0 ms (n=17641343)
  rewind of mid/far targets (applied step - the input's render step for that tier): p50 267 p99 300 max 364 mean 279.4 ms (n=17641343)
  render times ahead of the server (bogus) 0
  shots 0 (late 0, refused 0, rewinds capped 0) | hits head 0 body 0 (after cover 0, too late 0), kills 0 | ground 0 cover 0 expired 0 | segments 0 candidates 0
