spawn=uniform
egress=sendmmsg
ingress=recvmmsg
rx_gather_us=1000
ladder=on
threads=64
shards=64
sockets=4
peak_clients=10000
steady_ticks=1709
steady_secs=56.9
ingress_p50_ms=0.92
ingress_p99_ms=1.43
ingress_max_ms=1.81
events_p50_ms=3.93
events_p99_ms=4.81
events_max_ms=5.30
movement_p50_ms=0.98
movement_p99_ms=1.29
movement_max_ms=1.36
grid_p50_ms=0.47
grid_p99_ms=0.60
grid_max_ms=0.77
separate_p50_ms=0.54
separate_p99_ms=0.97
separate_max_ms=2.89
history_p50_ms=0.02
history_p99_ms=0.04
history_max_ms=0.05
shots_p50_ms=0.07
shots_p99_ms=0.10
shots_max_ms=0.33
serialize_p50_ms=0.30
serialize_p99_ms=0.41
serialize_max_ms=0.61
assembly_p50_ms=3.15
assembly_p99_ms=3.84
assembly_max_ms=5.10
transport_p50_ms=1.97
transport_p99_ms=2.33
transport_max_ms=2.68
egress_p50_ms=3.32
egress_p99_ms=3.94
egress_max_ms=4.44
tick_p50_ms=15.87
tick_p99_ms=17.39
tick_max_ms=18.16
steady_overruns=0
level_mode=0
tick_hz=30
dilation=1
levels=L0:1709
clients_avg=10000
out_pps=525242
in_pps=300400
egress_mbps=3224.2
packets_per_client_tick=1.75
wire_bytes_per_client_tick=1343
down_kbps_per_client=322.4
up_kbps_per_client=15.1
recv_per_call=39.50
ingress_thread_busy_max_pct=8.2
ingress_thread_busy_mean_pct=8.2
kernel_rcvbuf_drops=0
kernel_sndbuf_drops=0
snapshot_bytes_per_client_tick=1283
near_bytes_per_client_tick=110
activity_bytes_per_client_tick=0.0
near_per_client_tick=15.7
mid_per_client_tick=41.9
far_per_client_tick=58.7
near_scanned_per_query=18
mid_scanned_per_query=55
far_skipped=0
far_starved=0
repeated=0
frozen=0
late_inputs=0
discarded_inputs=0
input_wait_p10_ms=36.6
input_wait_p50_ms=49.9
input_wait_p90_ms=63.3
input_wait_p99_ms=66.5
spawns=10000
despawns=10000
deaths=0
respawns=0
shots=0
shots_late=0
shots_refused=0
rewinds_capped=0
rewinds_trimmed=0
hits_head=0
hits_body=0
hits_ground=0
hits_cover=0
projectiles_expired=0
kills=0
hits_after_cover=0
hits_too_late=0
events=0
tracer_bytes=0
activity_cells=0
activity_sent=0
activity_bytes=0
activity_cut=0
projectile_segments=0
hit_candidates=0
joins_deferred=53341
bad_messages=0
recv_errors=0
send_errors=0
datagrams=31076039
sends=31076039
send_syscalls=197062
rewind_near_p50_ms=133
rewind_near_p99_ms=167
rewind_near_mean_ms=146.0
rewind_mid_p50_ms=267
rewind_mid_p99_ms=300
rewind_mid_mean_ms=279.4
ingress_longest_p50_ms=0.47
ingress_work_p50_ms=23.80
assembly_longest_p50_ms=2.18
assembly_work_p50_ms=107.70
transport_longest_p50_ms=1.64
transport_work_p50_ms=80.85
egress_longest_p50_ms=3.10
egress_work_p50_ms=95.91
