1000 bots -> 172.31.27.101:40500 on 4 threads, ramp 0/s, 20s, 1000 full + 0 sink bots
[    5s] bots 1000/1000 connected, 1000 welcomed, 0 failed | 26.5 snaps/s/bot, entities/snap near 64.5 mid 86.5 far 0.0 | corrections 0.000/s/bot | down 319 up 13 kbps/bot | rtt 5.5 ms loss 0.00% | input->applied ~ p50 41 p99 91 ms, round trip p50 67 p99 100 ms | joins 1000 (p50 191 p99 591 ms) | server pace 1.00 level 0, 0 bots bandwidth-degraded | swarm busy 13%, overruns 3
[   10s] bots 1000/1000 connected, 1000 welcomed, 0 failed | 31.3 snaps/s/bot, entities/snap near 64.0 mid 86.0 far 0.0 | corrections 0.000/s/bot | down 371 up 16 kbps/bot | rtt 5.6 ms loss 0.00% | input->applied ~ p50 40 p99 61 ms, round trip p50 67 p99 67 ms | joins 0 (p50 0 p99 0 ms) | server pace 1.00 level 0, 0 bots bandwidth-degraded | swarm busy 13%, overruns 0
[   15s] bots 1000/1000 connected, 1000 welcomed, 0 failed | 28.1 snaps/s/bot, entities/snap near 64.0 mid 86.0 far 0.0 | corrections 0.000/s/bot | down 334 up 14 kbps/bot | rtt 5.5 ms loss 0.00% | input->applied ~ p50 40 p99 61 ms, round trip p50 67 p99 67 ms | joins 0 (p50 0 p99 0 ms) | server pace 1.00 level 0, 0 bots bandwidth-degraded | swarm busy 13%, overruns 0
[   20s] bots 1000/1000 connected, 1000 welcomed, 0 failed | 31.2 snaps/s/bot, entities/snap near 64.0 mid 86.0 far 0.0 | corrections 0.000/s/bot | down 370 up 16 kbps/bot | rtt 5.5 ms loss 0.00% | input->applied ~ p50 41 p99 61 ms, round trip p50 67 p99 67 ms | joins 0 (p50 0 p99 0 ms) | server pace 1.00 level 0, 0 bots bandwidth-degraded | swarm busy 13%, overruns 0

== bots summary ==
  started 1000 welcomed 1000 failed 0
  join latency ms: p50 191 p99 591 max 657 (n=1000)
  corrections 0 (0.00/bot-minute), mean error 0.000 m, max 0.000 m
  push corrections (the server pushed us apart from a crowd) 9435 (28.30/bot-minute), max 0.186 m
  snapshots 592366 (entities per snapshot: near 64.1 mid 86.1 far 0.0), stale 0, unmatched acks 0, resyncs 0
  input -> applied on server (est. RTT/2 + server wait): p50 41.0 p99 71.0 max 94.0 mean 44.7 ms (n=591915)
    of which server wait (arrival -> applied): p50 38.0 p99 68.2 max 90.4 mean 41.9 ms (n=591915)
  input -> seen acked (round trip): p50 67.0 p99 100.0 max 136.0 mean 67.4 ms (n=591915)
  near entity update interval (tracked bots): p50 66.0 p99 66.0 max 166.0 mean 53.1 ms (n=1898663)
  mid entity update interval (tracked bots): p50 100.0 p99 100.0 max 2200.0 mean 100.4 ms (n=2532377)
  far entity update interval (tracked bots): p50 0.0 p99 0.0 max 0.0 mean 0.0 ms (n=0)
  near drawn (tracked bots): 99.24% interpolated, 0.21% extrapolated, 0.00% held, 0.55% new | pops p50 0 p99 0 max 294 mm
  mid drawn (tracked bots): 90.23% interpolated, 2.17% extrapolated, 5.69% held, 1.90% new | pops p50 0 p99 0 max 15239 mm
  far drawn (tracked bots): 0.00% interpolated, 0.00% extrapolated, 0.00% held, 0.00% new | pops p50 0 p99 0 max 0 mm
  render delay (near) 105.7 ms behind the newest step, clock snaps 0 (backwards 0), slewing 2.31% of frames, near delay changes 115 | streak entity-frames (drawn > 20 m/s) 1284
  input clock: 1000 extra inputs, 249 skipped ticks, 0 backlog skips | near decode errors (tracked bots) 0
  bytes down 880.4 MB up 37.3 MB | swarm busy 13% of its threads' time, tick overruns 3
