== blob, 1000 bots, 20s -> baselines/2026-10-07-aws-small-recvmmsg/blob-1k-gso-1
== summary: 508 steady-state ticks (after warmup, before clients drain), peak 1000 clients ==
  phase        p50 ms   p99 ms   max ms
  ingress        0.21     0.24     0.28
  events         0.17     0.19     0.20
  movement       0.15     0.17     0.17
  grid           0.15     0.16     0.17
  separate       0.07     0.09     0.09
  history        0.00     0.00     0.00
  shots          0.01     0.01     0.01
  serialize      0.04     0.04     0.06
  assembly       1.57     1.70     1.73
  transport      0.53     0.60     0.62
  egress         0.82     0.90     0.92
  tick           3.75     3.93     3.96
  overruns 0 | spawns 1000 despawns 1000 (1391 joins deferred) | deaths 0 respawns 0 | stand-ins: repeated 0 frozen 0 | late inputs 0 discarded 0 | bad messages 0 | recv errors 0 send errors 0
  egress (whole run): 1190601 datagrams in 596366 sends (2.00 per send), 38400 syscalls
  ingress (whole run): 599306 datagrams in 14988 receive calls (39.99 per call)
  ticks per ladder level (whole run): L0: 616
  input wait on the server (datagram arrival -> applied): p50 38.0 p99 68.3 max 90.4 mean 41.9 ms
  steady state: stand-ins repeated 0 frozen 0 | late inputs 0 discarded 0
  rewind of near targets (applied step - the input's render step for that tier): p50 133 p99 175 max 213 mean 134.3 ms (n=576927)
  rewind of mid/far targets (applied step - the input's render step for that tier): p50 267 p99 267 max 308 mean 266.2 ms (n=576927)
  render times ahead of the server (bogus) 0
  shots 0 (late 0, refused 0, rewinds capped 0) | hits head 0 body 0 (after cover 0, too late 0), kills 0 | ground 0 cover 0 expired 0 | segments 0 candidates 0
== bots summary ==
  started 1000 welcomed 1000 failed 0
  join latency ms: p50 191 p99 591 max 657 (n=1000)
  corrections 0 (0.00/bot-minute), mean error 0.000 m, max 0.000 m
  push corrections (the server pushed us apart from a crowd) 9435 (28.30/bot-minute), max 0.186 m
  snapshots 592366 (entities per snapshot: near 64.1 mid 86.1 far 0.0), stale 0, unmatched acks 0, resyncs 0
  input -> applied on server (est. RTT/2 + server wait): p50 41.0 p99 71.0 max 94.0 mean 44.7 ms (n=591915)
    of which server wait (arrival -> applied): p50 38.0 p99 68.2 max 90.4 mean 41.9 ms (n=591915)
  input -> seen acked (round trip): p50 67.0 p99 100.0 max 136.0 mean 67.4 ms (n=591915)
  near entity update interval (tracked bots): p50 66.0 p99 66.0 max 166.0 mean 53.1 ms (n=1898663)
  mid entity update interval (tracked bots): p50 100.0 p99 100.0 max 2200.0 mean 100.4 ms (n=2532377)
  far entity update interval (tracked bots): p50 0.0 p99 0.0 max 0.0 mean 0.0 ms (n=0)
  near drawn (tracked bots): 99.24% interpolated, 0.21% extrapolated, 0.00% held, 0.55% new | pops p50 0 p99 0 max 294 mm
  mid drawn (tracked bots): 90.23% interpolated, 2.17% extrapolated, 5.69% held, 1.90% new | pops p50 0 p99 0 max 15239 mm
  far drawn (tracked bots): 0.00% interpolated, 0.00% extrapolated, 0.00% held, 0.00% new | pops p50 0 p99 0 max 0 mm
  render delay (near) 105.7 ms behind the newest step, clock snaps 0 (backwards 0), slewing 2.31% of frames, near delay changes 115 | streak entity-frames (drawn > 20 m/s) 1284
  input clock: 1000 extra inputs, 249 skipped ticks, 0 backlog skips | near decode errors (tracked bots) 0
  bytes down 880.4 MB up 37.3 MB | swarm busy 13% of its threads' time, tick overruns 3
