spawn=blob
egress=gso
ingress=recvmmsg
rx_gather_us=1000
ladder=on
threads=8
shards=64
sockets=1
peak_clients=1000
steady_ticks=508
steady_secs=16.9
ingress_p50_ms=0.21
ingress_p99_ms=0.24
ingress_max_ms=0.28
events_p50_ms=0.17
events_p99_ms=0.19
events_max_ms=0.20
movement_p50_ms=0.15
movement_p99_ms=0.17
movement_max_ms=0.17
grid_p50_ms=0.15
grid_p99_ms=0.16
grid_max_ms=0.17
separate_p50_ms=0.07
separate_p99_ms=0.09
separate_max_ms=0.09
history_p50_ms=0.00
history_p99_ms=0.00
history_max_ms=0.00
shots_p50_ms=0.01
shots_p99_ms=0.01
shots_max_ms=0.01
serialize_p50_ms=0.04
serialize_p99_ms=0.04
serialize_max_ms=0.06
assembly_p50_ms=1.57
assembly_p99_ms=1.70
assembly_max_ms=1.73
transport_p50_ms=0.53
transport_p99_ms=0.60
transport_max_ms=0.62
egress_p50_ms=0.82
egress_p99_ms=0.90
egress_max_ms=0.92
tick_p50_ms=3.75
tick_p99_ms=3.93
tick_max_ms=3.96
steady_overruns=0
level_mode=0
tick_hz=30
dilation=1
levels=L0:508
clients_avg=1000
out_pps=60105
in_pps=30171
egress_mbps=356.1
packets_per_client_tick=2.00
wire_bytes_per_client_tick=1481
down_kbps_per_client=356.1
up_kbps_per_client=15.1
recv_per_call=40.09
ingress_thread_busy_max_pct=2.7
ingress_thread_busy_mean_pct=2.7
kernel_rcvbuf_drops=0
kernel_sndbuf_drops=0
snapshot_bytes_per_client_tick=1411
near_bytes_per_client_tick=403
activity_bytes_per_client_tick=0.0
near_per_client_tick=64.0
mid_per_client_tick=86.0
far_per_client_tick=0.0
near_scanned_per_query=176
mid_scanned_per_query=192
far_skipped=0
far_starved=0
repeated=0
frozen=0
late_inputs=0
discarded_inputs=0
input_wait_p50_ms=38.0
input_wait_p99_ms=68.3
spawns=1000
despawns=1000
deaths=0
respawns=0
shots=0
shots_late=0
shots_refused=0
rewinds_capped=0
rewinds_trimmed=0
hits_head=0
hits_body=0
hits_ground=0
hits_cover=0
projectiles_expired=0
kills=0
hits_after_cover=0
hits_too_late=0
events=0
tracer_bytes=0
activity_cells=0
activity_sent=0
activity_bytes=0
activity_cut=0
projectile_segments=0
hit_candidates=0
joins_deferred=1391
bad_messages=0
recv_errors=0
send_errors=0
datagrams=1190601
sends=596366
send_syscalls=38400
rewind_near_p50_ms=133
rewind_near_p99_ms=175
rewind_near_mean_ms=134.3
rewind_mid_p50_ms=267
rewind_mid_p99_ms=267
rewind_mid_mean_ms=266.2
ingress_longest_p50_ms=0.04
ingress_work_p50_ms=1.22
assembly_longest_p50_ms=0.35
assembly_work_p50_ms=11.46
transport_longest_p50_ms=0.14
transport_work_p50_ms=3.90
egress_longest_p50_ms=0.19
egress_work_p50_ms=5.96
