preallocated connections for 10000 clients in 262.27108ms
listening on 172.31.27.101:40500 | spawn Blob | tiers near 64@150 m, mid 500 m, far 1500 m, budget 6250 B/tick, squads of 4 | 8 rayon threads, 64 shards, 1 socket(s), 256 accepts/tick, egress Gso, ingress RecvMmsg | socket buffers rcv 32768 KiB snd 32768 KiB
[    5s] clients 1000 | level 0 (0-0 in window: 30 Hz, dilation 1.0), pace 1.00, 0.0% clients bandwidth-degraded | tick p50 3.75 p99 5.27 max 5.44 ms, 0 overruns | out 52.5k pps 360 kbps/client, 311 Mbps | in 26.4k pps 17 kbps/client, 39.7 per recv, receive thread busy 2% | stand-ins: repeated 0.00% frozen 0.00%, 0 late inputs | per client-tick: 1421 B (near 415 B, 98% deltas), near 64.0 mid 85.8 far 0.0, far skipped 0 starved 0 | input wait p50 38.2 p99 87.0 ms | 1391 joins deferred | kernel drops rcv 0 snd 0
         p50/p99 ms: ingress 0.21/0.47  events 0.17/1.93  movement 0.15/0.17  grid 0.15/0.17  separate 0.07/0.09  history 0.00/0.03  shots 0.01/0.01  serialize 0.04/0.07  assembly 1.56/1.69  transport 0.53/0.74  egress 0.81/0.88
[   10s] clients 1000 | level 0 (0-0 in window: 30 Hz, dilation 1.0), pace 1.00, 0.0% clients bandwidth-degraded | tick p50 3.75 p99 3.94 max 3.96 ms, 0 overruns | out 60.0k pps 355 kbps/client, 355 Mbps | in 30.0k pps 15 kbps/client, 40.0 per recv, receive thread busy 3% | stand-ins: repeated 0.00% frozen 0.00%, 0 late inputs | per client-tick: 1411 B (near 403 B, 100% deltas), near 64.0 mid 86.0 far 0.0, far skipped 0 starved 0 | input wait p50 38.0 p99 58.7 ms | 0 joins deferred | kernel drops rcv 0 snd 0
         p50/p99 ms: ingress 0.22/0.24  events 0.17/0.19  movement 0.15/0.17  grid 0.15/0.16  separate 0.07/0.09  history 0.00/0.00  shots 0.01/0.01  serialize 0.04/0.04  assembly 1.58/1.70  transport 0.53/0.61  egress 0.82/0.90
[   15s] clients 1000 | level 0 (0-0 in window: 30 Hz, dilation 1.0), pace 1.00, 0.0% clients bandwidth-degraded | tick p50 3.74 p99 3.93 max 3.94 ms, 0 overruns | out 60.0k pps 356 kbps/client, 356 Mbps | in 30.0k pps 15 kbps/client, 40.0 per recv, receive thread busy 3% | stand-ins: repeated 0.00% frozen 0.00%, 0 late inputs | per client-tick: 1412 B (near 404 B, 100% deltas), near 64.0 mid 86.0 far 0.0, far skipped 0 starved 0 | input wait p50 38.0 p99 58.7 ms | 0 joins deferred | kernel drops rcv 0 snd 0
         p50/p99 ms: ingress 0.21/0.24  events 0.17/0.19  movement 0.15/0.17  grid 0.15/0.16  separate 0.07/0.09  history 0.00/0.00  shots 0.01/0.01  serialize 0.04/0.04  assembly 1.57/1.71  transport 0.53/0.60  egress 0.81/0.88
[   20s] clients 1000 | level 0 (0-0 in window: 30 Hz, dilation 1.0), pace 1.00, 0.0% clients bandwidth-degraded | tick p50 3.75 p99 3.90 max 3.93 ms, 0 overruns | out 60.0k pps 355 kbps/client, 355 Mbps | in 30.0k pps 15 kbps/client, 40.0 per recv, receive thread busy 3% | stand-ins: repeated 0.00% frozen 0.00%, 0 late inputs | per client-tick: 1411 B (near 403 B, 100% deltas), near 64.0 mid 86.0 far 0.0, far skipped 0 starved 0 | input wait p50 38.0 p99 58.7 ms | 0 joins deferred | kernel drops rcv 0 snd 0
         p50/p99 ms: ingress 0.21/0.23  events 0.17/0.19  movement 0.15/0.17  grid 0.15/0.17  separate 0.07/0.09  history 0.00/0.00  shots 0.01/0.01  serialize 0.04/0.04  assembly 1.57/1.71  transport 0.53/0.61  egress 0.82/0.90
[   21s] clients 0 | level 0 (0-0 in window: 30 Hz, dilation 1.0), pace 1.00, 0.0% clients bandwidth-degraded | tick p50 3.75 p99 3.93 max 3.93 ms, 0 overruns | out 55.9k pps 356 kbps/client, 331 Mbps | in 34.4k pps 16 kbps/client, 42.6 per recv, receive thread busy 3% | stand-ins: repeated 0.00% frozen 0.00%, 0 late inputs | per client-tick: 1411 B (near 403 B, 100% deltas), near 64.0 mid 86.0 far 0.0, far skipped 0 starved 0 | input wait p50 38.0 p99 58.7 ms | 0 joins deferred | kernel drops rcv 0 snd 0
         p50/p99 ms: ingress 0.21/0.36  events 0.17/1.87  movement 0.15/0.16  grid 0.15/0.16  separate 0.07/0.09  history 0.00/0.00  shots 0.01/0.01  serialize 0.04/0.04  assembly 1.57/1.70  transport 0.54/0.58  egress 0.83/0.87

== summary: 508 steady-state ticks (after warmup, before clients drain), peak 1000 clients ==
  phase        p50 ms   p99 ms   max ms
  ingress        0.21     0.24     0.28
  events         0.17     0.19     0.20
  movement       0.15     0.17     0.17
  grid           0.15     0.16     0.17
  separate       0.07     0.09     0.09
  history        0.00     0.00     0.00
  shots          0.01     0.01     0.01
  serialize      0.04     0.04     0.06
  assembly       1.57     1.70     1.73
  transport      0.53     0.60     0.62
  egress         0.82     0.90     0.92
  tick           3.75     3.93     3.96
  overruns 0 | spawns 1000 despawns 1000 (1391 joins deferred) | deaths 0 respawns 0 | stand-ins: repeated 0 frozen 0 | late inputs 0 discarded 0 | bad messages 0 | recv errors 0 send errors 0
  egress (whole run): 1190601 datagrams in 596366 sends (2.00 per send), 38400 syscalls
  ingress (whole run): 599306 datagrams in 14988 receive calls (39.99 per call)
  ticks per ladder level (whole run): L0: 616
  input wait on the server (datagram arrival -> applied): p50 38.0 p99 68.3 max 90.4 mean 41.9 ms
  steady state: stand-ins repeated 0 frozen 0 | late inputs 0 discarded 0
  rewind of near targets (applied step - the input's render step for that tier): p50 133 p99 175 max 213 mean 134.3 ms (n=576927)
  rewind of mid/far targets (applied step - the input's render step for that tier): p50 267 p99 267 max 308 mean 266.2 ms (n=576927)
  render times ahead of the server (bogus) 0
  shots 0 (late 0, refused 0, rewinds capped 0) | hits head 0 body 0 (after cover 0, too late 0), kills 0 | ground 0 cover 0 expired 0 | segments 0 candidates 0
