spawn=uniform
egress=sendmmsg
ladder=off
threads=16
shards=64
peak_clients=10000
steady_ticks=1259
steady_secs=42.0
ingress_p50_ms=1.86
ingress_p99_ms=1.99
ingress_max_ms=2.08
events_p50_ms=2.35
events_p99_ms=2.44
events_max_ms=2.48
movement_p50_ms=0.20
movement_p99_ms=0.22
movement_max_ms=0.24
grid_p50_ms=0.38
grid_p99_ms=0.43
grid_max_ms=0.43
history_p50_ms=0.01
history_p99_ms=0.01
history_max_ms=0.02
serialize_p50_ms=0.10
serialize_p99_ms=0.13
serialize_max_ms=0.14
assembly_p50_ms=7.11
assembly_p99_ms=7.56
assembly_max_ms=8.15
transport_p50_ms=6.10
transport_p99_ms=6.88
transport_max_ms=7.10
egress_p50_ms=6.71
egress_p99_ms=7.06
egress_max_ms=7.24
tick_p50_ms=24.86
tick_p99_ms=25.88
tick_max_ms=26.20
steady_overruns=0
level_mode=0
tick_hz=30
dilation=1
levels=L0:1259
clients_avg=10000
out_pps=523210
in_pps=300315
egress_mbps=3149.2
packets_per_client_tick=1.74
wire_bytes_per_client_tick=1312
down_kbps_per_client=314.9
up_kbps_per_client=12.0
kernel_rcvbuf_drops=0
kernel_sndbuf_drops=0
snapshot_bytes_per_client_tick=1252
near_bytes_per_client_tick=95
near_per_client_tick=15.7
mid_per_client_tick=41.9
far_per_client_tick=58.7
far_skipped=0
far_starved=0
repeated=0
frozen=0
late_inputs=0
discarded_inputs=0
input_wait_p50_ms=50.0
input_wait_p99_ms=66.0
spawns=10000
despawns=10000
joins_deferred=52019
bad_messages=0
recv_errors=0
send_errors=0
datagrams=23117476
sends=23117476
send_syscalls=153816
