preallocated connections for 10000 clients in 227.366658ms
listening on 172.16.8.2:40500 | spawn Uniform | tiers near 64@150 m, mid 500 m, far 1500 m, budget 6250 B/tick, squads of 4 | 16 rayon threads, 64 shards, 256 accepts/tick, egress SendMmsg | socket buffers rcv 32768 KiB snd 32768 KiB
[    5s] clients 10000 | level 0 (0-0 in window: 30 Hz, dilation 1.0), pace 1.00, 0.0% clients bandwidth-degraded | tick p50 24.58 p99 27.01 max 27.20 ms, 0 overruns | out 354.6k pps 299 kbps/client, 2108 Mbps | in 224.9k pps 16 kbps/client | stand-ins: repeated 0.00% frozen 0.00%, 0 late inputs | per client-tick: 1186 B (near 93 B, 98% deltas), near 14.9 mid 39.2 far 55.6, far skipped 0 starved 0 | input wait p50 50.5 p99 66.6 ms | 52019 joins deferred | kernel drops rcv 0 snd 0
         p50/p99 ms: ingress 1.85/4.78  events 2.34/4.06  movement 0.20/0.23  grid 0.35/0.43  history 0.01/0.05  serialize 0.13/0.25  assembly 6.99/7.66  transport 5.80/6.63  egress 6.55/7.02
[   10s] clients 10000 | level 0 (0-0 in window: 30 Hz, dilation 1.0), pace 1.00, 0.0% clients bandwidth-degraded | tick p50 25.09 p99 26.01 max 26.17 ms, 0 overruns | out 523.3k pps 315 kbps/client, 3149 Mbps | in 299.9k pps 12 kbps/client | stand-ins: repeated 0.00% frozen 0.00%, 0 late inputs | per client-tick: 1253 B (near 95 B, 100% deltas), near 15.7 mid 41.9 far 58.7, far skipped 0 starved 0 | input wait p50 49.9 p99 65.8 ms | 0 joins deferred | kernel drops rcv 0 snd 0
         p50/p99 ms: ingress 1.86/2.00  events 2.36/2.44  movement 0.20/0.23  grid 0.38/0.43  history 0.01/0.01  serialize 0.10/0.14  assembly 7.20/7.59  transport 6.17/6.99  egress 6.79/7.06
[   15s] clients 10000 | level 0 (0-0 in window: 30 Hz, dilation 1.0), pace 1.00, 0.0% clients bandwidth-degraded | tick p50 25.00 p99 25.93 max 25.98 ms, 0 overruns | out 523.2k pps 315 kbps/client, 3149 Mbps | in 300.0k pps 12 kbps/client | stand-ins: repeated 0.00% frozen 0.00%, 0 late inputs | per client-tick: 1253 B (near 95 B, 100% deltas), near 15.7 mid 41.9 far 58.7, far skipped 0 starved 0 | input wait p50 49.9 p99 65.9 ms | 0 joins deferred | kernel drops rcv 0 snd 0
         p50/p99 ms: ingress 1.86/1.99  events 2.36/2.44  movement 0.20/0.22  grid 0.38/0.43  history 0.01/0.01  serialize 0.10/0.13  assembly 7.17/7.65  transport 6.09/6.88  egress 6.77/7.13
[   20s] clients 10000 | level 0 (0-0 in window: 30 Hz, dilation 1.0), pace 1.00, 0.0% clients bandwidth-degraded | tick p50 24.99 p99 25.87 max 26.00 ms, 0 overruns | out 523.2k pps 315 kbps/client, 3149 Mbps | in 300.0k pps 12 kbps/client | stand-ins: repeated 0.00% frozen 0.00%, 0 late inputs | per client-tick: 1253 B (near 95 B, 100% deltas), near 15.7 mid 41.9 far 58.7, far skipped 0 starved 0 | input wait p50 49.9 p99 65.8 ms | 0 joins deferred | kernel drops rcv 0 snd 0
         p50/p99 ms: ingress 1.87/1.96  events 2.35/2.43  movement 0.20/0.23  grid 0.39/0.43  history 0.01/0.01  serialize 0.10/0.13  assembly 7.13/7.55  transport 6.10/6.74  egress 6.81/7.06
[   25s] clients 10000 | level 0 (0-0 in window: 30 Hz, dilation 1.0), pace 1.00, 0.0% clients bandwidth-degraded | tick p50 24.84 p99 25.83 max 26.00 ms, 0 overruns | out 523.2k pps 315 kbps/client, 3149 Mbps | in 300.0k pps 12 kbps/client | stand-ins: repeated 0.00% frozen 0.00%, 0 late inputs | per client-tick: 1253 B (near 95 B, 100% deltas), near 15.6 mid 41.9 far 58.7, far skipped 0 starved 0 | input wait p50 50.0 p99 65.9 ms | 0 joins deferred | kernel drops rcv 0 snd 0
         p50/p99 ms: ingress 1.86/1.96  events 2.34/2.42  movement 0.20/0.22  grid 0.38/0.43  history 0.01/0.01  serialize 0.10/0.12  assembly 7.11/7.42  transport 6.08/7.05  egress 6.76/7.09
[   30s] clients 10000 | level 0 (0-0 in window: 30 Hz, dilation 1.0), pace 1.00, 0.0% clients bandwidth-degraded | tick p50 24.68 p99 25.76 max 25.77 ms, 0 overruns | out 523.1k pps 315 kbps/client, 3148 Mbps | in 300.0k pps 12 kbps/client | stand-ins: repeated 0.00% frozen 0.00%, 0 late inputs | per client-tick: 1253 B (near 95 B, 100% deltas), near 15.6 mid 41.9 far 58.7, far skipped 0 starved 0 | input wait p50 50.0 p99 66.0 ms | 0 joins deferred | kernel drops rcv 0 snd 0
         p50/p99 ms: ingress 1.87/1.99  events 2.33/2.41  movement 0.20/0.23  grid 0.38/0.43  history 0.01/0.01  serialize 0.10/0.13  assembly 7.05/7.49  transport 6.09/6.90  egress 6.62/6.95
[   35s] clients 10000 | level 0 (0-0 in window: 30 Hz, dilation 1.0), pace 1.00, 0.0% clients bandwidth-degraded | tick p50 24.67 p99 26.11 max 26.12 ms, 0 overruns | out 523.2k pps 315 kbps/client, 3149 Mbps | in 299.9k pps 12 kbps/client | stand-ins: repeated 0.00% frozen 0.00%, 0 late inputs | per client-tick: 1252 B (near 95 B, 100% deltas), near 15.6 mid 41.9 far 58.7, far skipped 0 starved 0 | input wait p50 50.0 p99 66.0 ms | 0 joins deferred | kernel drops rcv 0 snd 0
         p50/p99 ms: ingress 1.86/2.04  events 2.34/2.42  movement 0.20/0.22  grid 0.39/0.43  history 0.01/0.01  serialize 0.11/0.13  assembly 7.06/7.94  transport 6.11/6.88  egress 6.60/6.97
[   40s] clients 10000 | level 0 (0-0 in window: 30 Hz, dilation 1.0), pace 1.00, 0.0% clients bandwidth-degraded | tick p50 24.75 p99 25.75 max 25.89 ms, 0 overruns | out 522.8k pps 315 kbps/client, 3147 Mbps | in 300.0k pps 12 kbps/client | stand-ins: repeated 0.00% frozen 0.00%, 0 late inputs | per client-tick: 1252 B (near 95 B, 100% deltas), near 15.6 mid 41.9 far 58.7, far skipped 0 starved 0 | input wait p50 49.9 p99 66.0 ms | 0 joins deferred | kernel drops rcv 0 snd 0
         p50/p99 ms: ingress 1.86/2.03  events 2.33/2.41  movement 0.20/0.22  grid 0.38/0.43  history 0.01/0.01  serialize 0.10/0.13  assembly 7.06/7.56  transport 6.10/6.79  egress 6.65/7.01
[   45s] clients 10000 | level 0 (0-0 in window: 30 Hz, dilation 1.0), pace 1.00, 0.0% clients bandwidth-degraded | tick p50 24.78 p99 25.69 max 26.20 ms, 0 overruns | out 522.9k pps 315 kbps/client, 3148 Mbps | in 300.0k pps 12 kbps/client | stand-ins: repeated 0.00% frozen 0.00%, 0 late inputs | per client-tick: 1252 B (near 95 B, 100% deltas), near 15.6 mid 41.9 far 58.7, far skipped 0 starved 0 | input wait p50 49.9 p99 66.0 ms | 0 joins deferred | kernel drops rcv 0 snd 0
         p50/p99 ms: ingress 1.87/2.03  events 2.39/2.46  movement 0.20/0.22  grid 0.39/0.43  history 0.01/0.01  serialize 0.10/0.12  assembly 7.03/7.61  transport 6.09/6.75  egress 6.64/7.12
[   46s] clients 0 | level 0 (0-0 in window: 30 Hz, dilation 1.0), pace 1.00, 0.0% clients bandwidth-degraded | tick p50 24.53 p99 25.10 max 25.10 ms, 0 overruns | out 474.9k pps 321 kbps/client, 2863 Mbps | in 308.7k pps 13 kbps/client | stand-ins: repeated 0.00% frozen 0.00%, 0 late inputs | per client-tick: 1238 B (near 94 B, 100% deltas), near 15.4 mid 41.3 far 58.1, far skipped 0 starved 0 | input wait p50 50.1 p99 66.1 ms | 0 joins deferred | kernel drops rcv 0 snd 0
         p50/p99 ms: ingress 1.84/7.00  events 2.42/16.10  movement 0.20/0.22  grid 0.36/0.43  history 0.01/0.01  serialize 0.10/0.12  assembly 6.95/7.35  transport 5.94/6.70  egress 6.50/6.94

== summary: 1259 steady-state ticks (after warmup, before clients drain), peak 10000 clients ==
  phase        p50 ms   p99 ms   max ms
  ingress        1.86     1.99     2.08
  events         2.35     2.44     2.48
  movement       0.20     0.22     0.24
  grid           0.38     0.43     0.43
  history        0.01     0.01     0.02
  serialize      0.10     0.13     0.14
  assembly       7.11     7.56     8.15
  transport      6.10     6.88     7.10
  egress         6.71     7.06     7.24
  tick          24.86    25.88    26.20
  overruns 0 | spawns 10000 despawns 10000 (52019 joins deferred) | stand-ins: repeated 0 frozen 0 | late inputs 0 discarded 0 | bad messages 0 | recv errors 0 send errors 0
  egress (whole run): 23117476 datagrams in 23117476 sends (1.00 per send), 153816 syscalls
  ticks per ladder level (whole run): L0: 1377
  input wait on the server (datagram arrival -> applied): p50 50.0 p99 66.0 max 70.5 mean 49.8 ms
  steady state: stand-ins repeated 0 frozen 0 | late inputs 0 discarded 0
