minting tokens with the public dev key (--token-key to change)
1000 bots -> 127.0.0.1:40500 on 8 threads, ramp 0/s, 60s, 1000 full + 0 sink bots
[    5s] bots 1000/1000 connected, 1000 welcomed, 0 failed | 22.9 snaps/s/bot, entities/snap near 5.0 mid 4.8 far 7.3 | corrections 0.007/s/bot | down 52 up 13 kbps/bot | rtt 72.0 ms loss 0.00% | input->applied ~ p50 93 p99 143 ms, round trip p50 167 p99 200 ms | joins 1000 (p50 341 p99 541 ms) | server pace 1.00 level 0, 0 bots bandwidth-degraded | swarm busy 7%, overruns 3
[   10s] bots 1000/1000 connected, 1000 welcomed, 0 failed | 27.6 snaps/s/bot, entities/snap near 4.9 mid 4.8 far 7.1 | corrections 0.004/s/bot | down 61 up 16 kbps/bot | rtt 72.7 ms loss 0.00% | input->applied ~ p50 93 p99 143 ms, round trip p50 167 p99 200 ms | joins 0 (p50 0 p99 0 ms) | server pace 1.00 level 0, 0 bots bandwidth-degraded | swarm busy 7%, overruns 0
[   15s] bots 1000/1000 connected, 1000 welcomed, 0 failed | 25.0 snaps/s/bot, entities/snap near 4.9 mid 4.8 far 7.1 | corrections 0.002/s/bot | down 56 up 14 kbps/bot | rtt 72.8 ms loss 0.00% | input->applied ~ p50 94 p99 143 ms, round trip p50 167 p99 200 ms | joins 0 (p50 0 p99 0 ms) | server pace 1.00 level 0, 0 bots bandwidth-degraded | swarm busy 7%, overruns 0
[   20s] bots 1000/1000 connected, 1000 welcomed, 0 failed | 27.1 snaps/s/bot, entities/snap near 4.9 mid 4.8 far 7.1 | corrections 0.005/s/bot | down 60 up 15 kbps/bot | rtt 72.5 ms loss 0.00% | input->applied ~ p50 94 p99 142 ms, round trip p50 167 p99 200 ms | joins 0 (p50 0 p99 0 ms) | server pace 1.00 level 0, 0 bots bandwidth-degraded | swarm busy 7%, overruns 0
[   25s] bots 1000/1000 connected, 1000 welcomed, 0 failed | 26.8 snaps/s/bot, entities/snap near 4.9 mid 4.7 far 7.2 | corrections 0.004/s/bot | down 60 up 15 kbps/bot | rtt 72.2 ms loss 0.00% | input->applied ~ p50 94 p99 143 ms, round trip p50 167 p99 200 ms | joins 0 (p50 0 p99 0 ms) | server pace 1.00 level 0, 0 bots bandwidth-degraded | swarm busy 7%, overruns 0
[   30s] bots 1000/1000 connected, 1000 welcomed, 0 failed | 25.4 snaps/s/bot, entities/snap near 4.9 mid 4.7 far 7.2 | corrections 0.004/s/bot | down 57 up 14 kbps/bot | rtt 72.5 ms loss 0.00% | input->applied ~ p50 94 p99 143 ms, round trip p50 167 p99 200 ms | joins 0 (p50 0 p99 0 ms) | server pace 1.00 level 0, 0 bots bandwidth-degraded | swarm busy 7%, overruns 0
[   35s] bots 1000/1000 connected, 1000 welcomed, 0 failed | 27.4 snaps/s/bot, entities/snap near 4.9 mid 4.7 far 7.2 | corrections 0.004/s/bot | down 61 up 16 kbps/bot | rtt 73.0 ms loss 0.00% | input->applied ~ p50 94 p99 142 ms, round trip p50 167 p99 200 ms | joins 0 (p50 0 p99 0 ms) | server pace 1.00 level 0, 0 bots bandwidth-degraded | swarm busy 7%, overruns 0
[   40s] bots 1000/1000 connected, 1000 welcomed, 0 failed | 26.5 snaps/s/bot, entities/snap near 4.9 mid 4.7 far 7.1 | corrections 0.004/s/bot | down 59 up 15 kbps/bot | rtt 73.0 ms loss 0.00% | input->applied ~ p50 94 p99 143 ms, round trip p50 167 p99 200 ms | joins 0 (p50 0 p99 0 ms) | server pace 1.00 level 0, 0 bots bandwidth-degraded | swarm busy 7%, overruns 0
[   45s] bots 1000/1000 connected, 1000 welcomed, 0 failed | 25.7 snaps/s/bot, entities/snap near 5.0 mid 4.7 far 7.2 | corrections 0.004/s/bot | down 57 up 15 kbps/bot | rtt 72.8 ms loss 0.00% | input->applied ~ p50 94 p99 143 ms, round trip p50 167 p99 200 ms | joins 0 (p50 0 p99 0 ms) | server pace 1.00 level 0, 0 bots bandwidth-degraded | swarm busy 7%, overruns 0
[   50s] bots 1000/1000 connected, 1000 welcomed, 0 failed | 27.0 snaps/s/bot, entities/snap near 4.9 mid 4.7 far 7.2 | corrections 0.004/s/bot | down 60 up 15 kbps/bot | rtt 72.3 ms loss 0.00% | input->applied ~ p50 94 p99 143 ms, round trip p50 167 p99 200 ms | joins 0 (p50 0 p99 0 ms) | server pace 1.00 level 0, 0 bots bandwidth-degraded | swarm busy 7%, overruns 0
[   55s] bots 1000/1000 connected, 1000 welcomed, 0 failed | 25.8 snaps/s/bot, entities/snap near 4.9 mid 4.7 far 7.2 | corrections 0.003/s/bot | down 57 up 15 kbps/bot | rtt 72.3 ms loss 0.00% | input->applied ~ p50 94 p99 143 ms, round trip p50 167 p99 200 ms | joins 0 (p50 0 p99 0 ms) | server pace 1.00 level 0, 0 bots bandwidth-degraded | swarm busy 7%, overruns 0
[   60s] bots 1000/1000 connected, 1000 welcomed, 0 failed | 26.9 snaps/s/bot, entities/snap near 4.9 mid 4.7 far 7.2 | corrections 0.003/s/bot | down 60 up 15 kbps/bot | rtt 72.7 ms loss 0.00% | input->applied ~ p50 94 p99 143 ms, round trip p50 167 p99 200 ms | joins 0 (p50 0 p99 0 ms) | server pace 1.00 level 0, 0 bots bandwidth-degraded | swarm busy 7%, overruns 0

== bots summary ==
  started 1000 welcomed 1000 failed 0
  join latency ms: p50 341 p99 541 max 626 (n=1000)
  corrections 244 (0.24/bot-minute), mean error 0.089 m, max 0.334 m
  push corrections (the server pushed us apart from a crowd) 50 (0.05/bot-minute), max 0.103 m
  snapshots 1577446 (entities per snapshot: near 4.9 mid 4.7 far 7.2), stale 211961, unmatched acks 0, resyncs 0
  input -> applied on server (est. RTT/2 + server wait): p50 94.0 p99 143.0 max 194.0 mean 93.9 ms (n=1569564)
    of which server wait (arrival -> applied): p50 57.1 p99 106.2 max 155.5 mean 57.4 ms (n=1569564)
  input -> seen acked (round trip): p50 167.0 p99 200.0 max 267.0 mean 153.0 ms (n=1575224)
  near entity update interval (tracked bots): p50 33.0 p99 66.0 max 133.0 mean 37.5 ms (n=342346)
  mid entity update interval (tracked bots): p50 100.0 p99 100.0 max 500.0 mean 100.2 ms (n=362222)
  far entity update interval (tracked bots): p50 500.0 p99 500.0 max 2000.0 mean 499.9 ms (n=575011)
  near drawn (tracked bots): 98.29% interpolated, 1.59% extrapolated, 0.00% held, 0.11% new | pops p50 0 p99 54 max 396 mm
  mid drawn (tracked bots): 99.52% interpolated, 0.13% extrapolated, 0.01% held, 0.34% new | pops p50 0 p99 0 max 4269 mm
  far drawn (tracked bots): 39.40% interpolated, 59.87% extrapolated, 0.33% held, 0.40% new | pops p50 451 p99 4019 max 9281 mm
  render delay (near) 67.1 ms behind the newest step, clock snaps 0 (backwards 0)
  input clock: 12749 extra inputs, 11880 skipped ticks, 300 backlog skips | near decode errors (tracked bots) 0
  bytes down 440.2 MB up 112.0 MB | swarm busy 7% of its threads' time, tick overruns 3
