started=1000
welcomed=1000
failed=0
join_p50_ms=341
join_p99_ms=541
join_max_ms=626
corrections=244
corrections_per_bot_minute=0.244
correction_max_m=0.334
push_corrections=50
push_corrections_per_bot_minute=0.050
push_max_m=0.103
snapshots=1577446
near_per_snapshot=4.9
mid_per_snapshot=4.7
far_per_snapshot=7.2
stale_snapshots=211961
resyncs=0
input_applied_p50_ms=94.0
input_applied_p99_ms=143.0
input_applied_mean_ms=93.9
server_wait_p50_ms=57.1
server_wait_p99_ms=106.2
server_wait_mean_ms=57.4
round_trip_p50_ms=167.0
round_trip_p99_ms=200.0
round_trip_mean_ms=153.0
near_interval_p50_ms=33.0
near_interval_p99_ms=66.0
near_interval_mean_ms=37.5
mid_interval_p50_ms=100.0
mid_interval_p99_ms=100.0
mid_interval_mean_ms=100.2
far_interval_p50_ms=500.0
far_interval_p99_ms=500.0
far_interval_mean_ms=499.9
near_interpolated_pct=98.29
near_extrapolated_pct=1.59
near_held_pct=0.00
near_new_pct=0.11
near_pop_p50_mm=0
near_pop_p99_mm=54
mid_interpolated_pct=99.52
mid_extrapolated_pct=0.13
mid_held_pct=0.01
mid_new_pct=0.34
mid_pop_p50_mm=0
mid_pop_p99_mm=0
far_interpolated_pct=39.40
far_extrapolated_pct=59.87
far_held_pct=0.33
far_new_pct=0.40
far_pop_p50_mm=451
far_pop_p99_mm=4019
render_delay_ms=67.1
render_snaps=0
render_backwards=0
clock_extra=12749
clock_skipped=11880
backlog_skips=300
near_decode_errors=0
bytes_down_mb=440.2
bytes_up_mb=112.0
swarm_busy_pct=7
swarm_overruns=3
