preallocated connections for 10000 clients in 269.947105ms
listening on 127.0.0.1:40500 | spawn Uniform | tiers near 64@150 m, mid 500 m, far 1500 m, budget 6250 B/tick, squads of 4 | 8 rayon threads, 64 shards, 1 socket(s), 256 accepts/tick, egress SendMmsg | socket buffers rcv 8192 KiB snd 8192 KiB
WARNING: token key is the public dev key; anyone can mint tokens for this server (--token-key)
[    5s] clients 1000 | level 0 (0-0 in window: 30 Hz, dilation 1.0), pace 1.00, 0.0% clients bandwidth-degraded | tick p50 4.55 p99 6.11 max 10.01 ms, 0 overruns | out 28.0k pps 60 kbps/client, 54 Mbps | in 27.0k pps 16 kbps/client | stand-ins: repeated 0.51% frozen 0.01%, 686 late inputs | per client-tick: 211 B (near 37 B, 96% deltas), near 4.3 mid 4.2 far 6.3, far skipped 0 starved 0 | input wait p50 56.3 p99 106.2 ms | 141 joins deferred | kernel drops rcv 0 snd 0
         p50/p99 ms: ingress 0.34/1.27  events 0.10/1.38  movement 0.28/0.37  grid 0.15/0.23  separate 0.17/0.20  history 0.00/0.01  serialize 0.04/0.08  assembly 0.73/1.45  transport 0.41/0.75  egress 2.22/3.02
[   10s] clients 1000 | level 0 (0-0 in window: 30 Hz, dilation 1.0), pace 1.00, 0.0% clients bandwidth-degraded | tick p50 4.54 p99 5.27 max 5.59 ms, 0 overruns | out 30.0k pps 59 kbps/client, 59 Mbps | in 29.8k pps 15 kbps/client | stand-ins: repeated 0.36% frozen 0.00%, 548 late inputs | per client-tick: 210 B (near 35 B, 100% deltas), near 4.3 mid 4.2 far 6.3, far skipped 0 starved 0 | input wait p50 56.7 p99 105.9 ms | 0 joins deferred | kernel drops rcv 0 snd 0
         p50/p99 ms: ingress 0.34/0.61  events 0.10/0.14  movement 0.29/0.41  grid 0.16/0.23  separate 0.17/0.28  history 0.00/0.00  serialize 0.04/0.08  assembly 0.76/1.10  transport 0.40/0.91  egress 2.21/2.69
[   15s] clients 1000 | level 0 (0-0 in window: 30 Hz, dilation 1.0), pace 1.00, 0.0% clients bandwidth-degraded | tick p50 4.61 p99 5.16 max 5.70 ms, 0 overruns | out 30.0k pps 59 kbps/client, 59 Mbps | in 29.8k pps 15 kbps/client | stand-ins: repeated 0.35% frozen 0.00%, 532 late inputs | per client-tick: 211 B (near 35 B, 100% deltas), near 4.3 mid 4.2 far 6.3, far skipped 0 starved 0 | input wait p50 57.2 p99 106.2 ms | 0 joins deferred | kernel drops rcv 0 snd 0
         p50/p99 ms: ingress 0.34/0.50  events 0.10/0.15  movement 0.28/0.37  grid 0.16/0.21  separate 0.17/0.29  history 0.00/0.00  serialize 0.04/0.09  assembly 0.76/1.14  transport 0.41/0.88  egress 2.23/2.75
[   20s] clients 1000 | level 0 (0-0 in window: 30 Hz, dilation 1.0), pace 1.00, 0.0% clients bandwidth-degraded | tick p50 4.55 p99 5.50 max 5.54 ms, 0 overruns | out 30.0k pps 59 kbps/client, 59 Mbps | in 29.8k pps 15 kbps/client | stand-ins: repeated 0.34% frozen 0.00%, 520 late inputs | per client-tick: 210 B (near 35 B, 100% deltas), near 4.3 mid 4.2 far 6.3, far skipped 0 starved 0 | input wait p50 57.2 p99 105.9 ms | 0 joins deferred | kernel drops rcv 0 snd 0
         p50/p99 ms: ingress 0.34/0.54  events 0.11/0.17  movement 0.28/0.40  grid 0.16/0.27  separate 0.17/0.20  history 0.00/0.00  serialize 0.04/0.08  assembly 0.76/1.25  transport 0.41/0.87  egress 2.24/2.74
[   25s] clients 1000 | level 0 (0-0 in window: 30 Hz, dilation 1.0), pace 1.00, 0.0% clients bandwidth-degraded | tick p50 4.54 p99 5.27 max 5.39 ms, 0 overruns | out 30.0k pps 59 kbps/client, 59 Mbps | in 29.8k pps 15 kbps/client | stand-ins: repeated 0.35% frozen 0.00%, 521 late inputs | per client-tick: 211 B (near 36 B, 100% deltas), near 4.3 mid 4.2 far 6.3, far skipped 0 starved 0 | input wait p50 57.2 p99 106.5 ms | 0 joins deferred | kernel drops rcv 0 snd 0
         p50/p99 ms: ingress 0.35/0.54  events 0.10/0.17  movement 0.28/0.38  grid 0.15/0.25  separate 0.17/0.20  history 0.00/0.00  serialize 0.04/0.08  assembly 0.73/1.13  transport 0.40/0.91  egress 2.19/2.72
[   30s] clients 1000 | level 0 (0-0 in window: 30 Hz, dilation 1.0), pace 1.00, 0.0% clients bandwidth-degraded | tick p50 4.64 p99 5.29 max 5.32 ms, 0 overruns | out 30.0k pps 59 kbps/client, 59 Mbps | in 29.8k pps 15 kbps/client | stand-ins: repeated 0.35% frozen 0.00%, 535 late inputs | per client-tick: 211 B (near 36 B, 100% deltas), near 4.3 mid 4.2 far 6.3, far skipped 0 starved 0 | input wait p50 57.1 p99 106.1 ms | 0 joins deferred | kernel drops rcv 0 snd 0
         p50/p99 ms: ingress 0.34/0.52  events 0.10/0.17  movement 0.28/0.42  grid 0.16/0.23  separate 0.17/0.32  history 0.00/0.00  serialize 0.04/0.07  assembly 0.80/1.18  transport 0.41/0.86  egress 2.25/2.83
[   35s] clients 1000 | level 0 (0-0 in window: 30 Hz, dilation 1.0), pace 1.00, 0.0% clients bandwidth-degraded | tick p50 4.55 p99 5.25 max 5.61 ms, 0 overruns | out 30.0k pps 59 kbps/client, 59 Mbps | in 29.8k pps 15 kbps/client | stand-ins: repeated 0.34% frozen 0.00%, 517 late inputs | per client-tick: 211 B (near 36 B, 100% deltas), near 4.4 mid 4.2 far 6.3, far skipped 0 starved 0 | input wait p50 57.1 p99 106.2 ms | 0 joins deferred | kernel drops rcv 0 snd 0
         p50/p99 ms: ingress 0.34/0.43  events 0.10/0.17  movement 0.28/0.35  grid 0.16/0.20  separate 0.17/0.28  history 0.00/0.00  serialize 0.04/0.07  assembly 0.79/1.22  transport 0.41/0.86  egress 2.22/2.67
[   40s] clients 1000 | level 0 (0-0 in window: 30 Hz, dilation 1.0), pace 1.00, 0.0% clients bandwidth-degraded | tick p50 4.54 p99 5.31 max 5.39 ms, 0 overruns | out 30.0k pps 59 kbps/client, 59 Mbps | in 29.8k pps 15 kbps/client | stand-ins: repeated 0.34% frozen 0.00%, 514 late inputs | per client-tick: 211 B (near 36 B, 100% deltas), near 4.3 mid 4.2 far 6.3, far skipped 0 starved 0 | input wait p50 57.2 p99 106.2 ms | 0 joins deferred | kernel drops rcv 0 snd 0
         p50/p99 ms: ingress 0.34/0.49  events 0.11/0.16  movement 0.28/0.38  grid 0.15/0.25  separate 0.17/0.22  history 0.00/0.00  serialize 0.04/0.07  assembly 0.77/1.11  transport 0.41/0.82  egress 2.18/2.65
[   45s] clients 1000 | level 0 (0-0 in window: 30 Hz, dilation 1.0), pace 1.00, 0.0% clients bandwidth-degraded | tick p50 4.61 p99 5.38 max 5.44 ms, 0 overruns | out 30.0k pps 59 kbps/client, 59 Mbps | in 29.8k pps 15 kbps/client | stand-ins: repeated 0.33% frozen 0.00%, 497 late inputs | per client-tick: 211 B (near 36 B, 100% deltas), near 4.4 mid 4.1 far 6.3, far skipped 0 starved 0 | input wait p50 57.1 p99 106.3 ms | 0 joins deferred | kernel drops rcv 0 snd 0
         p50/p99 ms: ingress 0.35/0.61  events 0.10/0.17  movement 0.29/0.39  grid 0.15/0.25  separate 0.17/0.20  history 0.00/0.00  serialize 0.04/0.07  assembly 0.85/1.21  transport 0.41/0.75  egress 2.26/2.69
[   50s] clients 1000 | level 0 (0-0 in window: 30 Hz, dilation 1.0), pace 1.00, 0.0% clients bandwidth-degraded | tick p50 4.58 p99 5.26 max 5.28 ms, 0 overruns | out 30.0k pps 59 kbps/client, 59 Mbps | in 29.8k pps 15 kbps/client | stand-ins: repeated 0.36% frozen 0.00%, 542 late inputs | per client-tick: 211 B (near 36 B, 100% deltas), near 4.3 mid 4.2 far 6.3, far skipped 0 starved 0 | input wait p50 57.3 p99 106.6 ms | 0 joins deferred | kernel drops rcv 0 snd 0
         p50/p99 ms: ingress 0.34/0.45  events 0.10/0.17  movement 0.28/0.38  grid 0.15/0.22  separate 0.17/0.30  history 0.00/0.00  serialize 0.04/0.08  assembly 0.76/1.14  transport 0.42/0.80  egress 2.27/2.67
[   55s] clients 1000 | level 0 (0-0 in window: 30 Hz, dilation 1.0), pace 1.00, 0.0% clients bandwidth-degraded | tick p50 4.60 p99 5.33 max 5.41 ms, 0 overruns | out 30.0k pps 59 kbps/client, 59 Mbps | in 29.8k pps 15 kbps/client | stand-ins: repeated 0.33% frozen 0.00%, 495 late inputs | per client-tick: 211 B (near 36 B, 100% deltas), near 4.4 mid 4.2 far 6.3, far skipped 0 starved 0 | input wait p50 57.2 p99 106.4 ms | 0 joins deferred | kernel drops rcv 0 snd 0
         p50/p99 ms: ingress 0.34/0.45  events 0.10/0.18  movement 0.28/0.36  grid 0.16/0.23  separate 0.17/0.22  history 0.00/0.00  serialize 0.04/0.07  assembly 0.78/1.13  transport 0.41/0.85  egress 2.24/2.70
[   60s] clients 835 | level 0 (0-0 in window: 30 Hz, dilation 1.0), pace 1.00, 0.0% clients bandwidth-degraded | tick p50 4.67 p99 5.39 max 5.49 ms, 0 overruns | out 30.0k pps 59 kbps/client, 59 Mbps | in 29.8k pps 15 kbps/client | stand-ins: repeated 0.34% frozen 0.00%, 518 late inputs | per client-tick: 211 B (near 36 B, 100% deltas), near 4.4 mid 4.1 far 6.3, far skipped 0 starved 0 | input wait p50 57.2 p99 106.7 ms | 0 joins deferred | kernel drops rcv 0 snd 0
         p50/p99 ms: ingress 0.34/0.51  events 0.11/0.17  movement 0.29/0.36  grid 0.15/0.21  separate 0.17/0.22  history 0.00/0.00  serialize 0.04/0.07  assembly 0.80/1.10  transport 0.41/0.71  egress 2.27/2.84
[   60s] clients 0 | level 0 (0-0 in window: 30 Hz, dilation 1.0), pace 1.00, 0.0% clients bandwidth-degraded | tick p50 2.17 p99 3.13 max 3.13 ms, 0 overruns | out 1.7k pps 28 kbps/client, 2 Mbps | in 32.0k pps 114 kbps/client | stand-ins: repeated 1.20% frozen 0.00%, 5 late inputs | per client-tick: 79 B (near 9 B, 100% deltas), near 0.8 mid 0.7 far 0.8, far skipped 0 starved 0 | input wait p50 61.6 p99 104.2 ms | 0 joins deferred | kernel drops rcv 0 snd 0
         p50/p99 ms: ingress 0.30/0.47  events 0.21/0.42  movement 0.15/0.20  grid 0.15/0.23  separate 0.15/0.15  history 0.00/0.00  serialize 0.00/0.01  assembly 0.22/0.27  transport 0.26/0.63  egress 0.28/1.22

== summary: 1707 steady-state ticks (after warmup, before clients drain), peak 1000 clients ==
  phase        p50 ms   p99 ms   max ms
  ingress        0.34     0.52     1.15
  events         0.10     0.16     0.24
  movement       0.28     0.38     0.48
  grid           0.15     0.23     0.30
  separate       0.17     0.28     0.33
  history        0.00     0.00     0.02
  serialize      0.04     0.07     0.10
  assembly       0.78     1.16     1.31
  transport      0.41     0.85     1.01
  egress         2.23     2.74     3.04
  tick           4.59     5.31     5.70
  overruns 0 | spawns 1000 despawns 1000 (141 joins deferred) | stand-ins: repeated 6396 frozen 34 | late inputs 6430 discarded 0 | bad messages 0 | recv errors 0 send errors 0
  egress (whole run): 1798055 datagrams in 1798055 sends (1.00 per send), 115313 syscalls
  ticks per ladder level (whole run): L0: 1812
  input wait on the server (datagram arrival -> applied): p50 57.1 p99 106.2 max 155.5 mean 57.4 ms
  steady state: stand-ins repeated 5869 frozen 23 | late inputs 5891 discarded 0
  rewind of near targets (applied step - the input's render step for that tier): p50 200 p99 233 max 333 mean 192.3 ms (n=1630885)
  rewind of mid/far targets (applied step - the input's render step for that tier): p50 333 p99 367 max 467 mean 325.5 ms (n=1630885)
  render times ahead of the server (bogus) 0
