warning: use of deprecated method `std::sync::atomic::Atomic::<usize>::fetch_update`: renamed to `try_update` for consistency
   --> src/server.rs:140:14
    |
140 |             .fetch_update(Ordering::AcqRel, Ordering::Acquire, |n| (n < self.max_clients).then_some(n + 1))
    |              ^^^^^^^^^^^^
    |
    = note: `#[warn(deprecated)]` on by default
help: replace the use of the deprecated method
    |
140 -             .fetch_update(Ordering::AcqRel, Ordering::Acquire, |n| (n < self.max_clients).then_some(n + 1))
140 +             .try_update(Ordering::AcqRel, Ordering::Acquire, |n| (n < self.max_clients).then_some(n + 1))
    |

== hotspots, 5000 bots, 60s -> baselines/2026-10-04-scaleway-8t/hotspots-5k-2
== summary: 1708 steady-state ticks (after warmup, before clients drain), peak 5000 clients ==
  phase        p50 ms   p99 ms   max ms
  ingress        1.46     1.54     1.74
  events         1.10     1.22     1.38
  movement       0.16     0.20     0.32
  grid           0.27     0.28     0.29
  history        0.00     0.01     0.01
  serialize      0.08     0.12     0.14
  assembly       7.64     7.96     8.07
  transport      4.91     5.89     6.26
  egress         3.87     4.01     4.09
  tick          19.51    20.57    20.82
  overruns 0 | spawns 5000 despawns 5000 (12870 joins deferred) | stand-ins: repeated 0 frozen 0 | late inputs 0 discarded 0 | bad messages 0 | recv errors 0 send errors 0
  egress (whole run): 10518254 datagrams in 10518254 sends (1.00 per send), 115264 syscalls
  ticks per ladder level (whole run): L0: 1820
  input wait on the server (datagram arrival -> applied): p50 49.8 p99 66.1 max 68.5 mean 49.8 ms
  steady state: stand-ins repeated 0 frozen 0 | late inputs 0 discarded 0
== bots summary ==
  started 5000 welcomed 5000 failed 0
  join latency ms: p50 418 p99 941 max 1075 (n=5000)
  corrections 0 (0.00/bot-minute), mean error 0.000 m, max 0.000 m
  snapshots 8934497 (entities per snapshot: near 34.7 mid 25.0 far 22.1), stale 0, unmatched acks 0, resyncs 0
  input -> applied on server (est. RTT/2 + server wait): p50 59.0 p99 76.0 max 78.0 mean 59.2 ms (n=8932856)
    of which server wait (arrival -> applied): p50 49.8 p99 66.1 max 68.5 mean 49.8 ms (n=8932856)
  input -> seen acked (round trip): p50 100.0 p99 100.0 max 100.0 mean 84.2 ms (n=8932856)
  near entity update interval (tracked bots): p50 66.0 p99 66.0 max 166.0 mean 51.7 ms (n=17234776)
  mid entity update interval (tracked bots): p50 100.0 p99 100.0 max 59800.0 mean 148.9 ms (n=11814388)
  far entity update interval (tracked bots): p50 500.0 p99 500.0 max 58000.0 mean 520.6 ms (n=9929931)
  input clock: 5096 extra inputs, 213 skipped ticks, 0 backlog skips | near decode errors (tracked bots) 0
  bytes down 7172.0 MB up 447.0 MB | swarm busy 7% of its threads' time, tick overruns 0
