spawn=hotspots
egress=sendmmsg
ladder=on
threads=8
shards=64
peak_clients=5000
steady_ticks=1708
steady_secs=56.9
ingress_p50_ms=1.46
ingress_p99_ms=1.54
ingress_max_ms=1.74
events_p50_ms=1.10
events_p99_ms=1.22
events_max_ms=1.38
movement_p50_ms=0.16
movement_p99_ms=0.20
movement_max_ms=0.32
grid_p50_ms=0.27
grid_p99_ms=0.28
grid_max_ms=0.29
history_p50_ms=0.00
history_p99_ms=0.01
history_max_ms=0.01
serialize_p50_ms=0.08
serialize_p99_ms=0.12
serialize_max_ms=0.14
assembly_p50_ms=7.64
assembly_p99_ms=7.96
assembly_max_ms=8.07
transport_p50_ms=4.91
transport_p99_ms=5.89
transport_max_ms=6.26
egress_p50_ms=3.87
egress_p99_ms=4.01
egress_max_ms=4.09
tick_p50_ms=19.51
tick_p99_ms=20.57
tick_max_ms=20.82
steady_overruns=0
level_mode=0
tick_hz=30
dilation=1
levels=L0:1708
clients_avg=5000
out_pps=176141
in_pps=150194
egress_mbps=962.9
packets_per_client_tick=1.17
wire_bytes_per_client_tick=802
down_kbps_per_client=192.6
up_kbps_per_client=12.0
kernel_rcvbuf_drops=0
kernel_sndbuf_drops=0
snapshot_bytes_per_client_tick=760
near_bytes_per_client_tick=194
near_per_client_tick=34.5
mid_per_client_tick=25.0
far_per_client_tick=22.1
far_skipped=0
far_starved=0
repeated=0
frozen=0
late_inputs=0
discarded_inputs=0
input_wait_p50_ms=49.8
input_wait_p99_ms=66.1
spawns=5000
despawns=5000
joins_deferred=12870
bad_messages=0
recv_errors=0
send_errors=0
datagrams=10518254
sends=10518254
send_syscalls=115264
