preallocated connections for 10000 clients in 221.20638ms
listening on 172.16.8.2:40500 | spawn Hotspots | tiers near 64@150 m, mid 500 m, far 1500 m, budget 6250 B/tick, squads of 4 | 8 rayon threads, 64 shards, 256 accepts/tick, egress SendMmsg | socket buffers rcv 32768 KiB snd 32768 KiB
[    5s] clients 5000 | level 0 (0-0 in window: 30 Hz, dilation 1.0), pace 1.00, 0.0% clients bandwidth-degraded | tick p50 18.91 p99 19.95 max 20.15 ms, 0 overruns | out 145.3k pps 194 kbps/client, 780 Mbps | in 125.1k pps 14 kbps/client | stand-ins: repeated 0.00% frozen 0.00%, 0 late inputs | per client-tick: 761 B (near 208 B, 98% deltas), near 35.9 mid 25.1 far 21.0, far skipped 0 starved 0 | input wait p50 50.1 p99 66.4 ms | 12870 joins deferred | kernel drops rcv 0 snd 0
         p50/p99 ms: ingress 1.41/2.19  events 1.09/2.75  movement 0.15/0.18  grid 0.26/0.28  history 0.00/0.03  serialize 0.08/0.16  assembly 7.44/7.76  transport 4.45/5.24  egress 3.84/4.02
[   10s] clients 5000 | level 0 (0-0 in window: 30 Hz, dilation 1.0), pace 1.00, 0.0% clients bandwidth-degraded | tick p50 19.36 p99 20.59 max 20.64 ms, 0 overruns | out 176.1k pps 193 kbps/client, 963 Mbps | in 150.0k pps 12 kbps/client | stand-ins: repeated 0.00% frozen 0.00%, 0 late inputs | per client-tick: 760 B (near 194 B, 100% deltas), near 34.6 mid 25.0 far 22.1, far skipped 0 starved 0 | input wait p50 49.8 p99 66.1 ms | 0 joins deferred | kernel drops rcv 0 snd 0
         p50/p99 ms: ingress 1.43/1.51  events 1.11/1.14  movement 0.16/0.19  grid 0.27/0.28  history 0.00/0.01  serialize 0.08/0.12  assembly 7.60/7.94  transport 4.80/6.01  egress 3.88/4.03
[   15s] clients 5000 | level 0 (0-0 in window: 30 Hz, dilation 1.0), pace 1.00, 0.0% clients bandwidth-degraded | tick p50 19.31 p99 20.22 max 20.61 ms, 0 overruns | out 176.1k pps 193 kbps/client, 963 Mbps | in 150.0k pps 12 kbps/client | stand-ins: repeated 0.00% frozen 0.00%, 0 late inputs | per client-tick: 760 B (near 194 B, 100% deltas), near 34.6 mid 25.0 far 22.1, far skipped 0 starved 0 | input wait p50 49.8 p99 66.1 ms | 0 joins deferred | kernel drops rcv 0 snd 0
         p50/p99 ms: ingress 1.43/1.51  events 1.11/1.14  movement 0.16/0.19  grid 0.27/0.28  history 0.00/0.01  serialize 0.08/0.12  assembly 7.60/7.85  transport 4.85/5.93  egress 3.81/3.93
[   20s] clients 5000 | level 0 (0-0 in window: 30 Hz, dilation 1.0), pace 1.00, 0.0% clients bandwidth-degraded | tick p50 19.43 p99 20.54 max 20.54 ms, 0 overruns | out 176.1k pps 193 kbps/client, 963 Mbps | in 150.0k pps 12 kbps/client | stand-ins: repeated 0.00% frozen 0.00%, 0 late inputs | per client-tick: 760 B (near 194 B, 100% deltas), near 34.5 mid 25.0 far 22.1, far skipped 0 starved 0 | input wait p50 49.8 p99 66.1 ms | 0 joins deferred | kernel drops rcv 0 snd 0
         p50/p99 ms: ingress 1.44/1.52  events 1.10/1.14  movement 0.16/0.19  grid 0.27/0.28  history 0.00/0.01  serialize 0.08/0.12  assembly 7.64/8.07  transport 4.88/5.79  egress 3.83/4.03
[   25s] clients 5000 | level 0 (0-0 in window: 30 Hz, dilation 1.0), pace 1.00, 0.0% clients bandwidth-degraded | tick p50 19.38 p99 20.40 max 20.66 ms, 0 overruns | out 176.1k pps 192 kbps/client, 961 Mbps | in 150.0k pps 12 kbps/client | stand-ins: repeated 0.00% frozen 0.00%, 0 late inputs | per client-tick: 759 B (near 193 B, 100% deltas), near 34.5 mid 25.0 far 22.1, far skipped 0 starved 0 | input wait p50 49.8 p99 66.1 ms | 0 joins deferred | kernel drops rcv 0 snd 0
         p50/p99 ms: ingress 1.44/1.54  events 1.11/1.26  movement 0.16/0.19  grid 0.27/0.28  history 0.00/0.01  serialize 0.08/0.12  assembly 7.63/7.89  transport 4.82/5.81  egress 3.82/3.95
[   30s] clients 5000 | level 0 (0-0 in window: 30 Hz, dilation 1.0), pace 1.00, 0.0% clients bandwidth-degraded | tick p50 19.51 p99 20.32 max 20.63 ms, 0 overruns | out 176.1k pps 192 kbps/client, 962 Mbps | in 150.0k pps 12 kbps/client | stand-ins: repeated 0.00% frozen 0.00%, 0 late inputs | per client-tick: 759 B (near 194 B, 100% deltas), near 34.5 mid 25.0 far 22.1, far skipped 0 starved 0 | input wait p50 49.8 p99 66.2 ms | 0 joins deferred | kernel drops rcv 0 snd 0
         p50/p99 ms: ingress 1.46/1.53  events 1.13/1.20  movement 0.16/0.20  grid 0.27/0.28  history 0.00/0.01  serialize 0.08/0.12  assembly 7.64/7.91  transport 4.91/5.74  egress 3.83/3.97
[   35s] clients 5000 | level 0 (0-0 in window: 30 Hz, dilation 1.0), pace 1.00, 0.0% clients bandwidth-degraded | tick p50 19.64 p99 20.66 max 20.67 ms, 0 overruns | out 176.1k pps 192 kbps/client, 962 Mbps | in 150.0k pps 12 kbps/client | stand-ins: repeated 0.00% frozen 0.00%, 0 late inputs | per client-tick: 760 B (near 194 B, 100% deltas), near 34.5 mid 25.0 far 22.2, far skipped 0 starved 0 | input wait p50 49.8 p99 66.2 ms | 0 joins deferred | kernel drops rcv 0 snd 0
         p50/p99 ms: ingress 1.48/1.55  events 1.09/1.19  movement 0.16/0.20  grid 0.27/0.28  history 0.00/0.01  serialize 0.08/0.11  assembly 7.65/7.94  transport 4.96/5.98  egress 3.88/4.01
[   40s] clients 5000 | level 0 (0-0 in window: 30 Hz, dilation 1.0), pace 1.00, 0.0% clients bandwidth-degraded | tick p50 19.60 p99 20.72 max 20.80 ms, 0 overruns | out 176.1k pps 193 kbps/client, 963 Mbps | in 150.0k pps 12 kbps/client | stand-ins: repeated 0.00% frozen 0.00%, 0 late inputs | per client-tick: 760 B (near 194 B, 100% deltas), near 34.5 mid 25.0 far 22.2, far skipped 0 starved 0 | input wait p50 49.8 p99 66.2 ms | 0 joins deferred | kernel drops rcv 0 snd 0
         p50/p99 ms: ingress 1.48/1.57  events 1.08/1.17  movement 0.16/0.19  grid 0.26/0.28  history 0.00/0.01  serialize 0.08/0.11  assembly 7.67/7.98  transport 4.98/5.93  egress 3.88/4.01
[   45s] clients 5000 | level 0 (0-0 in window: 30 Hz, dilation 1.0), pace 1.00, 0.0% clients bandwidth-degraded | tick p50 19.67 p99 20.50 max 20.63 ms, 0 overruns | out 176.1k pps 193 kbps/client, 963 Mbps | in 150.0k pps 12 kbps/client | stand-ins: repeated 0.00% frozen 0.00%, 0 late inputs | per client-tick: 760 B (near 194 B, 100% deltas), near 34.6 mid 25.1 far 22.1, far skipped 0 starved 0 | input wait p50 49.8 p99 66.1 ms | 0 joins deferred | kernel drops rcv 0 snd 0
         p50/p99 ms: ingress 1.48/1.56  events 1.08/1.25  movement 0.16/0.19  grid 0.27/0.28  history 0.00/0.00  serialize 0.08/0.12  assembly 7.65/7.95  transport 4.95/5.93  egress 3.90/4.02
[   50s] clients 5000 | level 0 (0-0 in window: 30 Hz, dilation 1.0), pace 1.00, 0.0% clients bandwidth-degraded | tick p50 19.61 p99 20.81 max 20.82 ms, 0 overruns | out 176.1k pps 193 kbps/client, 964 Mbps | in 150.0k pps 12 kbps/client | stand-ins: repeated 0.00% frozen 0.00%, 0 late inputs | per client-tick: 761 B (near 194 B, 99% deltas), near 34.6 mid 25.1 far 22.2, far skipped 0 starved 0 | input wait p50 49.8 p99 66.1 ms | 0 joins deferred | kernel drops rcv 0 snd 0
         p50/p99 ms: ingress 1.48/1.57  events 1.08/1.23  movement 0.16/0.20  grid 0.26/0.28  history 0.00/0.01  serialize 0.08/0.12  assembly 7.67/7.89  transport 4.96/6.16  egress 3.90/4.00
[   55s] clients 5000 | level 0 (0-0 in window: 30 Hz, dilation 1.0), pace 1.00, 0.0% clients bandwidth-degraded | tick p50 19.62 p99 20.66 max 20.75 ms, 0 overruns | out 176.1k pps 193 kbps/client, 963 Mbps | in 150.0k pps 12 kbps/client | stand-ins: repeated 0.00% frozen 0.00%, 0 late inputs | per client-tick: 760 B (near 194 B, 100% deltas), near 34.6 mid 25.0 far 22.2, far skipped 0 starved 0 | input wait p50 49.8 p99 66.1 ms | 0 joins deferred | kernel drops rcv 0 snd 0
         p50/p99 ms: ingress 1.48/1.54  events 1.08/1.24  movement 0.16/0.18  grid 0.27/0.28  history 0.00/0.01  serialize 0.08/0.11  assembly 7.66/7.93  transport 4.96/5.88  egress 3.88/4.03
[   60s] clients 5000 | level 0 (0-0 in window: 30 Hz, dilation 1.0), pace 1.00, 0.0% clients bandwidth-degraded | tick p50 19.62 p99 20.61 max 20.71 ms, 0 overruns | out 176.1k pps 193 kbps/client, 963 Mbps | in 150.0k pps 12 kbps/client | stand-ins: repeated 0.00% frozen 0.00%, 0 late inputs | per client-tick: 760 B (near 194 B, 100% deltas), near 34.6 mid 25.0 far 22.2, far skipped 0 starved 0 | input wait p50 49.8 p99 66.1 ms | 0 joins deferred | kernel drops rcv 0 snd 0
         p50/p99 ms: ingress 1.47/1.55  events 1.08/1.21  movement 0.16/0.21  grid 0.27/0.28  history 0.00/0.00  serialize 0.08/0.13  assembly 7.65/7.92  transport 4.98/5.87  egress 3.89/4.02
[   61s] clients 0 | level 0 (0-0 in window: 30 Hz, dilation 1.0), pace 1.00, 0.0% clients bandwidth-degraded | tick p50 19.43 p99 20.31 max 20.31 ms, 0 overruns | out 160.5k pps 195 kbps/client, 873 Mbps | in 164.9k pps 13 kbps/client | stand-ins: repeated 0.00% frozen 0.00%, 0 late inputs | per client-tick: 756 B (near 198 B, 98% deltas), near 34.8 mid 24.9 far 21.5, far skipped 0 starved 0 | input wait p50 50.2 p99 66.1 ms | 0 joins deferred | kernel drops rcv 0 snd 0
         p50/p99 ms: ingress 1.47/3.07  events 1.09/8.47  movement 0.16/0.18  grid 0.26/0.28  history 0.00/0.00  serialize 0.08/0.10  assembly 7.67/7.95  transport 4.83/5.66  egress 3.88/3.96

== summary: 1708 steady-state ticks (after warmup, before clients drain), peak 5000 clients ==
  phase        p50 ms   p99 ms   max ms
  ingress        1.46     1.54     1.74
  events         1.10     1.22     1.38
  movement       0.16     0.20     0.32
  grid           0.27     0.28     0.29
  history        0.00     0.01     0.01
  serialize      0.08     0.12     0.14
  assembly       7.64     7.96     8.07
  transport      4.91     5.89     6.26
  egress         3.87     4.01     4.09
  tick          19.51    20.57    20.82
  overruns 0 | spawns 5000 despawns 5000 (12870 joins deferred) | stand-ins: repeated 0 frozen 0 | late inputs 0 discarded 0 | bad messages 0 | recv errors 0 send errors 0
  egress (whole run): 10518254 datagrams in 10518254 sends (1.00 per send), 115264 syscalls
  ticks per ladder level (whole run): L0: 1820
  input wait on the server (datagram arrival -> applied): p50 49.8 p99 66.1 max 68.5 mean 49.8 ms
  steady state: stand-ins repeated 0 frozen 0 | late inputs 0 discarded 0
