minting tokens with the public dev key (--token-key to change)
1000 bots -> 127.0.0.1:40500 on 8 threads, ramp 0/s, 60s, 1000 full + 0 sink bots
[    5s] bots 1000/1000 connected, 1000 welcomed, 0 failed | 27.0 snaps/s/bot, entities/snap near 4.3 mid 4.2 far 6.3 | corrections 0.000/s/bot | down 53 up 14 kbps/bot | rtt 4.4 ms loss 0.00% | input->applied ~ p50 43 p99 75 ms, round trip p50 67 p99 100 ms | joins 1000 (p50 141 p99 401 ms) | server pace 1.00 level 0, 0 bots bandwidth-degraded | swarm busy 9%, overruns 6
[   10s] bots 1000/1000 connected, 1000 welcomed, 0 failed | 31.1 snaps/s/bot, entities/snap near 4.3 mid 4.2 far 6.3 | corrections 0.000/s/bot | down 61 up 16 kbps/bot | rtt 4.3 ms loss 0.00% | input->applied ~ p50 42 p99 69 ms, round trip p50 67 p99 100 ms | joins 0 (p50 0 p99 0 ms) | server pace 1.00 level 0, 0 bots bandwidth-degraded | swarm busy 8%, overruns 0
[   15s] bots 1000/1000 connected, 1000 welcomed, 0 failed | 28.1 snaps/s/bot, entities/snap near 4.4 mid 4.2 far 6.3 | corrections 0.000/s/bot | down 55 up 14 kbps/bot | rtt 4.4 ms loss 0.00% | input->applied ~ p50 42 p99 69 ms, round trip p50 67 p99 100 ms | joins 0 (p50 0 p99 0 ms) | server pace 1.00 level 0, 0 bots bandwidth-degraded | swarm busy 8%, overruns 0
[   20s] bots 1000/1000 connected, 1000 welcomed, 0 failed | 31.3 snaps/s/bot, entities/snap near 4.4 mid 4.1 far 6.3 | corrections 0.000/s/bot | down 61 up 16 kbps/bot | rtt 4.4 ms loss 0.00% | input->applied ~ p50 42 p99 69 ms, round trip p50 67 p99 100 ms | joins 0 (p50 0 p99 0 ms) | server pace 1.00 level 0, 0 bots bandwidth-degraded | swarm busy 8%, overruns 0
[   25s] bots 1000/1000 connected, 1000 welcomed, 0 failed | 31.1 snaps/s/bot, entities/snap near 4.4 mid 4.1 far 6.3 | corrections 0.000/s/bot | down 61 up 16 kbps/bot | rtt 4.4 ms loss 0.00% | input->applied ~ p50 42 p99 69 ms, round trip p50 67 p99 100 ms | joins 0 (p50 0 p99 0 ms) | server pace 1.00 level 0, 0 bots bandwidth-degraded | swarm busy 8%, overruns 0
[   30s] bots 1000/1000 connected, 1000 welcomed, 0 failed | 28.0 snaps/s/bot, entities/snap near 4.4 mid 4.1 far 6.3 | corrections 0.000/s/bot | down 54 up 14 kbps/bot | rtt 4.3 ms loss 0.00% | input->applied ~ p50 42 p99 69 ms, round trip p50 67 p99 100 ms | joins 0 (p50 0 p99 0 ms) | server pace 1.00 level 0, 0 bots bandwidth-degraded | swarm busy 8%, overruns 0
[   35s] bots 1000/1000 connected, 1000 welcomed, 0 failed | 31.1 snaps/s/bot, entities/snap near 4.4 mid 4.1 far 6.3 | corrections 0.000/s/bot | down 60 up 16 kbps/bot | rtt 4.6 ms loss 0.00% | input->applied ~ p50 42 p99 69 ms, round trip p50 67 p99 100 ms | joins 0 (p50 0 p99 0 ms) | server pace 1.00 level 0, 0 bots bandwidth-degraded | swarm busy 8%, overruns 0
[   40s] bots 1000/1000 connected, 1000 welcomed, 0 failed | 30.0 snaps/s/bot, entities/snap near 4.4 mid 4.1 far 6.3 | corrections 0.000/s/bot | down 58 up 15 kbps/bot | rtt 4.4 ms loss 0.00% | input->applied ~ p50 42 p99 69 ms, round trip p50 67 p99 100 ms | joins 0 (p50 0 p99 0 ms) | server pace 1.00 level 0, 0 bots bandwidth-degraded | swarm busy 8%, overruns 0
[   45s] bots 1000/1000 connected, 1000 welcomed, 0 failed | 29.6 snaps/s/bot, entities/snap near 4.4 mid 4.1 far 6.3 | corrections 0.000/s/bot | down 57 up 15 kbps/bot | rtt 4.3 ms loss 0.00% | input->applied ~ p50 42 p99 69 ms, round trip p50 67 p99 100 ms | joins 0 (p50 0 p99 0 ms) | server pace 1.00 level 0, 0 bots bandwidth-degraded | swarm busy 8%, overruns 0
[   50s] bots 1000/1000 connected, 1000 welcomed, 0 failed | 30.7 snaps/s/bot, entities/snap near 4.4 mid 4.1 far 6.3 | corrections 0.000/s/bot | down 60 up 15 kbps/bot | rtt 4.4 ms loss 0.00% | input->applied ~ p50 42 p99 69 ms, round trip p50 67 p99 100 ms | joins 0 (p50 0 p99 0 ms) | server pace 1.00 level 0, 0 bots bandwidth-degraded | swarm busy 8%, overruns 0
[   55s] bots 1000/1000 connected, 1000 welcomed, 0 failed | 29.2 snaps/s/bot, entities/snap near 4.4 mid 4.1 far 6.3 | corrections 0.000/s/bot | down 57 up 15 kbps/bot | rtt 4.4 ms loss 0.00% | input->applied ~ p50 42 p99 69 ms, round trip p50 67 p99 100 ms | joins 0 (p50 0 p99 0 ms) | server pace 1.00 level 0, 0 bots bandwidth-degraded | swarm busy 8%, overruns 0
[   60s] bots 1000/1000 connected, 1000 welcomed, 0 failed | 30.1 snaps/s/bot, entities/snap near 4.4 mid 4.1 far 6.3 | corrections 0.000/s/bot | down 59 up 15 kbps/bot | rtt 4.4 ms loss 0.00% | input->applied ~ p50 42 p99 69 ms, round trip p50 67 p99 100 ms | joins 0 (p50 0 p99 0 ms) | server pace 1.00 level 0, 0 bots bandwidth-degraded | swarm busy 8%, overruns 0

== bots summary ==
  started 1000 welcomed 1000 failed 0
  join latency ms: p50 141 p99 401 max 437 (n=1000)
  corrections 0 (0.00/bot-minute), mean error 0.000 m, max 0.000 m
  push corrections (the server pushed us apart from a crowd) 106 (0.11/bot-minute), max 0.100 m
  snapshots 1794849 (entities per snapshot: near 4.4 mid 4.1 far 6.3), stale 0, unmatched acks 0, resyncs 0
  input -> applied on server (est. RTT/2 + server wait): p50 42.0 p99 69.0 max 79.0 mean 47.9 ms (n=1793996)
    of which server wait (arrival -> applied): p50 39.7 p99 66.6 max 76.9 mean 45.7 ms (n=1793996)
  input -> seen acked (round trip): p50 67.0 p99 100.0 max 139.0 mean 72.5 ms (n=1793996)
  near entity update interval (tracked bots): p50 33.0 p99 33.0 max 100.0 mean 33.0 ms (n=376439)
  mid entity update interval (tracked bots): p50 100.0 p99 100.0 max 500.0 mean 100.2 ms (n=382634)
  far entity update interval (tracked bots): p50 500.0 p99 500.0 max 2000.0 mean 499.9 ms (n=584122)
  near drawn (tracked bots): 99.91% interpolated, 0.01% extrapolated, 0.00% held, 0.08% new | pops p50 0 p99 1 max 106 mm
  mid drawn (tracked bots): 99.56% interpolated, 0.12% extrapolated, 0.01% held, 0.31% new | pops p50 0 p99 0 max 3710 mm
  far drawn (tracked bots): 39.91% interpolated, 59.42% extrapolated, 0.32% held, 0.35% new | pops p50 403 p99 3653 max 10612 mm
  render delay (near) 66.7 ms behind the newest step, clock snaps 0 (backwards 0)
  input clock: 1312 extra inputs, 720 skipped ticks, 0 backlog skips | near decode errors (tracked bots) 0
  bytes down 436.8 MB up 113.1 MB | swarm busy 8% of its threads' time, tick overruns 6
