preallocated connections for 10000 clients in 283.100623ms
listening on 127.0.0.1:40500 | spawn Uniform | tiers near 64@150 m, mid 500 m, far 1500 m, budget 6250 B/tick, squads of 4 | 8 rayon threads, 64 shards, 1 socket(s), 256 accepts/tick, egress SendMmsg | socket buffers rcv 8192 KiB snd 8192 KiB
WARNING: token key is the public dev key; anyone can mint tokens for this server (--token-key)
[    5s] clients 1000 | level 0 (0-0 in window: 30 Hz, dilation 1.0), pace 1.00, 0.0% clients bandwidth-degraded | tick p50 3.69 p99 9.04 max 23.32 ms, 0 overruns | out 28.5k pps 59 kbps/client, 55 Mbps | in 28.2k pps 16 kbps/client | stand-ins: repeated 0.00% frozen 0.00%, 0 late inputs | per client-tick: 208 B (near 34 B, 99% deltas), near 4.3 mid 4.2 far 6.2, far skipped 0 starved 0 | input wait p50 40.7 p99 72.5 ms | 430 joins deferred | kernel drops rcv 0 snd 0
         p50/p99 ms: ingress 0.38/1.92  events 0.10/3.17  movement 0.32/0.41  grid 0.16/0.31  separate 0.17/0.21  history 0.00/0.04  serialize 0.04/0.09  assembly 0.82/2.15  transport 0.39/0.90  egress 1.14/1.83
[   10s] clients 1000 | level 0 (0-0 in window: 30 Hz, dilation 1.0), pace 1.00, 0.0% clients bandwidth-degraded | tick p50 3.66 p99 4.36 max 4.41 ms, 0 overruns | out 30.0k pps 58 kbps/client, 58 Mbps | in 30.0k pps 15 kbps/client | stand-ins: repeated 0.00% frozen 0.00%, 0 late inputs | per client-tick: 208 B (near 33 B, 100% deltas), near 4.3 mid 4.2 far 6.3, far skipped 0 starved 0 | input wait p50 39.5 p99 66.4 ms | 0 joins deferred | kernel drops rcv 0 snd 0
         p50/p99 ms: ingress 0.38/0.46  events 0.10/0.13  movement 0.33/0.44  grid 0.16/0.28  separate 0.17/0.27  history 0.00/0.00  serialize 0.04/0.08  assembly 0.84/1.17  transport 0.40/0.75  egress 1.17/1.70
[   15s] clients 1000 | level 0 (0-0 in window: 30 Hz, dilation 1.0), pace 1.00, 0.0% clients bandwidth-degraded | tick p50 3.74 p99 4.41 max 4.55 ms, 0 overruns | out 30.0k pps 58 kbps/client, 58 Mbps | in 30.0k pps 15 kbps/client | stand-ins: repeated 0.00% frozen 0.00%, 0 late inputs | per client-tick: 208 B (near 34 B, 100% deltas), near 4.4 mid 4.2 far 6.3, far skipped 0 starved 0 | input wait p50 39.6 p99 66.4 ms | 0 joins deferred | kernel drops rcv 0 snd 0
         p50/p99 ms: ingress 0.38/0.62  events 0.10/0.14  movement 0.33/0.43  grid 0.16/0.30  separate 0.17/0.33  history 0.00/0.00  serialize 0.04/0.07  assembly 0.85/1.19  transport 0.40/0.78  egress 1.24/1.71
[   20s] clients 1000 | level 0 (0-0 in window: 30 Hz, dilation 1.0), pace 1.00, 0.0% clients bandwidth-degraded | tick p50 3.67 p99 4.59 max 4.73 ms, 0 overruns | out 30.0k pps 58 kbps/client, 58 Mbps | in 30.0k pps 15 kbps/client | stand-ins: repeated 0.00% frozen 0.00%, 0 late inputs | per client-tick: 208 B (near 34 B, 100% deltas), near 4.4 mid 4.1 far 6.3, far skipped 0 starved 0 | input wait p50 39.5 p99 66.4 ms | 0 joins deferred | kernel drops rcv 0 snd 0
         p50/p99 ms: ingress 0.38/0.50  events 0.10/0.15  movement 0.33/0.43  grid 0.16/0.29  separate 0.17/0.33  history 0.00/0.00  serialize 0.04/0.08  assembly 0.87/1.17  transport 0.40/0.89  egress 1.19/1.68
[   25s] clients 1000 | level 0 (0-0 in window: 30 Hz, dilation 1.0), pace 1.00, 0.0% clients bandwidth-degraded | tick p50 3.71 p99 4.50 max 4.57 ms, 0 overruns | out 30.0k pps 58 kbps/client, 58 Mbps | in 30.0k pps 15 kbps/client | stand-ins: repeated 0.00% frozen 0.00%, 0 late inputs | per client-tick: 208 B (near 34 B, 100% deltas), near 4.4 mid 4.1 far 6.3, far skipped 0 starved 0 | input wait p50 39.6 p99 66.5 ms | 0 joins deferred | kernel drops rcv 0 snd 0
         p50/p99 ms: ingress 0.39/0.73  events 0.10/0.16  movement 0.33/0.43  grid 0.16/0.29  separate 0.17/0.34  history 0.00/0.00  serialize 0.04/0.09  assembly 0.87/1.24  transport 0.41/0.84  egress 1.22/1.78
[   30s] clients 1000 | level 0 (0-0 in window: 30 Hz, dilation 1.0), pace 1.00, 0.0% clients bandwidth-degraded | tick p50 3.59 p99 4.25 max 4.29 ms, 0 overruns | out 30.0k pps 58 kbps/client, 58 Mbps | in 30.0k pps 15 kbps/client | stand-ins: repeated 0.00% frozen 0.00%, 0 late inputs | per client-tick: 208 B (near 34 B, 100% deltas), near 4.4 mid 4.1 far 6.3, far skipped 0 starved 0 | input wait p50 39.5 p99 66.4 ms | 0 joins deferred | kernel drops rcv 0 snd 0
         p50/p99 ms: ingress 0.38/0.49  events 0.10/0.15  movement 0.33/0.43  grid 0.15/0.29  separate 0.17/0.21  history 0.00/0.00  serialize 0.04/0.07  assembly 0.79/1.15  transport 0.40/0.87  egress 1.12/1.74
[   35s] clients 1000 | level 0 (0-0 in window: 30 Hz, dilation 1.0), pace 1.00, 0.0% clients bandwidth-degraded | tick p50 3.72 p99 4.43 max 4.52 ms, 0 overruns | out 30.0k pps 58 kbps/client, 58 Mbps | in 30.0k pps 15 kbps/client | stand-ins: repeated 0.00% frozen 0.00%, 0 late inputs | per client-tick: 208 B (near 34 B, 100% deltas), near 4.4 mid 4.1 far 6.3, far skipped 0 starved 0 | input wait p50 39.6 p99 66.4 ms | 0 joins deferred | kernel drops rcv 0 snd 0
         p50/p99 ms: ingress 0.38/0.59  events 0.10/0.15  movement 0.32/0.41  grid 0.16/0.36  separate 0.18/0.32  history 0.00/0.00  serialize 0.04/0.07  assembly 0.85/1.25  transport 0.40/0.74  egress 1.24/1.79
[   40s] clients 1000 | level 0 (0-0 in window: 30 Hz, dilation 1.0), pace 1.00, 0.0% clients bandwidth-degraded | tick p50 3.63 p99 4.53 max 4.56 ms, 0 overruns | out 30.0k pps 58 kbps/client, 58 Mbps | in 30.0k pps 15 kbps/client | stand-ins: repeated 0.00% frozen 0.00%, 0 late inputs | per client-tick: 208 B (near 34 B, 100% deltas), near 4.4 mid 4.1 far 6.3, far skipped 0 starved 0 | input wait p50 39.6 p99 66.4 ms | 0 joins deferred | kernel drops rcv 0 snd 0
         p50/p99 ms: ingress 0.39/0.58  events 0.10/0.14  movement 0.33/0.43  grid 0.16/0.29  separate 0.17/0.21  history 0.00/0.00  serialize 0.04/0.08  assembly 0.86/1.17  transport 0.40/0.90  egress 1.18/1.70
[   45s] clients 1000 | level 0 (0-0 in window: 30 Hz, dilation 1.0), pace 1.00, 0.0% clients bandwidth-degraded | tick p50 3.63 p99 4.36 max 4.76 ms, 0 overruns | out 30.0k pps 58 kbps/client, 58 Mbps | in 30.0k pps 15 kbps/client | stand-ins: repeated 0.00% frozen 0.00%, 0 late inputs | per client-tick: 208 B (near 34 B, 100% deltas), near 4.4 mid 4.1 far 6.3, far skipped 0 starved 0 | input wait p50 39.6 p99 66.4 ms | 0 joins deferred | kernel drops rcv 0 snd 0
         p50/p99 ms: ingress 0.38/0.55  events 0.10/0.18  movement 0.33/0.45  grid 0.16/0.27  separate 0.17/0.22  history 0.00/0.00  serialize 0.04/0.07  assembly 0.84/1.19  transport 0.40/0.82  egress 1.16/1.77
[   50s] clients 1000 | level 0 (0-0 in window: 30 Hz, dilation 1.0), pace 1.00, 0.0% clients bandwidth-degraded | tick p50 3.57 p99 4.25 max 4.98 ms, 0 overruns | out 30.0k pps 58 kbps/client, 58 Mbps | in 30.0k pps 15 kbps/client | stand-ins: repeated 0.00% frozen 0.00%, 0 late inputs | per client-tick: 208 B (near 34 B, 100% deltas), near 4.4 mid 4.1 far 6.3, far skipped 0 starved 0 | input wait p50 39.5 p99 66.4 ms | 0 joins deferred | kernel drops rcv 0 snd 0
         p50/p99 ms: ingress 0.38/0.64  events 0.10/0.15  movement 0.33/0.45  grid 0.16/0.29  separate 0.17/0.31  history 0.00/0.00  serialize 0.04/0.07  assembly 0.81/1.17  transport 0.39/0.61  egress 1.10/1.71
[   55s] clients 1000 | level 0 (0-0 in window: 30 Hz, dilation 1.0), pace 1.00, 0.0% clients bandwidth-degraded | tick p50 3.57 p99 4.20 max 4.50 ms, 0 overruns | out 30.0k pps 58 kbps/client, 58 Mbps | in 30.0k pps 15 kbps/client | stand-ins: repeated 0.00% frozen 0.00%, 0 late inputs | per client-tick: 208 B (near 34 B, 100% deltas), near 4.4 mid 4.1 far 6.3, far skipped 0 starved 0 | input wait p50 39.5 p99 66.4 ms | 0 joins deferred | kernel drops rcv 0 snd 0
         p50/p99 ms: ingress 0.38/0.50  events 0.10/0.13  movement 0.33/0.43  grid 0.17/0.29  separate 0.17/0.24  history 0.00/0.00  serialize 0.04/0.08  assembly 0.81/1.21  transport 0.39/0.75  egress 1.14/1.71
[   60s] clients 1000 | level 0 (0-0 in window: 30 Hz, dilation 1.0), pace 1.00, 0.0% clients bandwidth-degraded | tick p50 3.60 p99 4.31 max 4.33 ms, 0 overruns | out 30.0k pps 58 kbps/client, 58 Mbps | in 30.0k pps 15 kbps/client | stand-ins: repeated 0.00% frozen 0.00%, 0 late inputs | per client-tick: 208 B (near 34 B, 100% deltas), near 4.4 mid 4.1 far 6.3, far skipped 0 starved 0 | input wait p50 39.6 p99 66.4 ms | 0 joins deferred | kernel drops rcv 0 snd 0
         p50/p99 ms: ingress 0.38/0.51  events 0.10/0.15  movement 0.33/0.43  grid 0.16/0.29  separate 0.17/0.30  history 0.00/0.00  serialize 0.04/0.07  assembly 0.84/1.18  transport 0.39/0.68  egress 1.16/1.71
[   60s] clients 0 | level 0 (0-0 in window: 30 Hz, dilation 1.0), pace 1.00, 0.0% clients bandwidth-degraded | tick p50 3.11 p99 3.68 max 3.68 ms, 0 overruns | out 14.2k pps 55 kbps/client, 25 Mbps | in 43.4k pps 24 kbps/client | stand-ins: repeated 0.00% frozen 0.00%, 0 late inputs | per client-tick: 189 B (near 31 B, 100% deltas), near 4.0 mid 3.4 far 5.5, far skipped 0 starved 0 | input wait p50 41.5 p99 66.4 ms | 0 joins deferred | kernel drops rcv 0 snd 0
         p50/p99 ms: ingress 0.46/0.59  events 0.27/0.54  movement 0.28/0.29  grid 0.15/0.18  separate 0.16/0.20  history 0.00/0.00  serialize 0.02/0.04  assembly 0.44/0.81  transport 0.32/0.41  egress 0.64/1.35

== summary: 1708 steady-state ticks (after warmup, before clients drain), peak 1000 clients ==
  phase        p50 ms   p99 ms   max ms
  ingress        0.38     0.56     0.74
  events         0.10     0.15     0.23
  movement       0.33     0.43     1.68
  grid           0.16     0.29     0.45
  separate       0.17     0.30     0.36
  history        0.00     0.00     0.02
  serialize      0.04     0.07     0.10
  assembly       0.84     1.19     1.34
  transport      0.40     0.82     0.97
  egress         1.18     1.71     1.86
  tick           3.65     4.37     4.98
  overruns 0 | spawns 1000 despawns 1000 (430 joins deferred) | stand-ins: repeated 0 frozen 0 | late inputs 0 discarded 0 | bad messages 0 | recv errors 0 send errors 0
  egress (whole run): 1798973 datagrams in 1798973 sends (1.00 per send), 115264 syscalls
  ticks per ladder level (whole run): L0: 1809
  input wait on the server (datagram arrival -> applied): p50 39.7 p99 66.6 max 76.9 mean 45.7 ms
  steady state: stand-ins repeated 0 frozen 0 | late inputs 0 discarded 0
  rewind of near targets (applied step - the input's render step for that tier): p50 133 p99 167 max 193 mean 137.0 ms (n=1792149)
  rewind of mid/far targets (applied step - the input's render step for that tier): p50 267 p99 300 max 327 mean 270.8 ms (n=1792149)
  render times ahead of the server (bogus) 0
