started=10000
welcomed=10000
failed=0
join_p50_ms=985
join_p99_ms=1845
join_max_ms=2377
corrections=5924
corrections_per_bot_minute=0.592
correction_max_m=1.196
push_corrections=191258
push_corrections_per_bot_minute=19.126
push_max_m=0.963
snapshots=12860253
near_per_snapshot=28.1
mid_per_snapshot=48.0
far_per_snapshot=49.9
stale_snapshots=16
resyncs=0
input_applied_p50_ms=100.0
input_applied_p99_ms=124.0
input_applied_mean_ms=100.2
server_wait_p50_ms=51.3
server_wait_p99_ms=75.7
server_wait_mean_ms=51.3
round_trip_p50_ms=167.0
round_trip_p99_ms=200.0
round_trip_mean_ms=167.4
slot_work_p50_ms=0.6
slot_work_p99_ms=3.4
slot_work_mean_ms=1.1
slot_late_p50_ms=0.0
slot_late_p99_ms=0.1
slot_late_mean_ms=0.0
near_interval_p50_ms=66.0
near_interval_p99_ms=266.0
near_interval_mean_ms=64.7
mid_interval_p50_ms=100.0
mid_interval_p99_ms=500.0
mid_interval_mean_ms=138.0
far_interval_p50_ms=500.0
far_interval_p99_ms=1500.0
far_interval_mean_ms=620.8
slot_late_max_ms=59.4
near_interpolated_pct=93.60
near_extrapolated_pct=6.04
near_held_pct=0.18
near_new_pct=0.19
near_pop_p50_mm=0
near_pop_p99_mm=182
mid_interpolated_pct=86.76
mid_extrapolated_pct=9.45
mid_held_pct=2.42
mid_new_pct=1.37
mid_pop_p50_mm=0
mid_pop_p99_mm=898
far_interpolated_pct=28.70
far_extrapolated_pct=55.13
far_held_pct=14.03
far_new_pct=2.14
far_pop_p50_mm=905
far_pop_p99_mm=8670
render_delay_ms=129.6
render_snaps=0
shots_seen=0
activity_cells=0
activity_shots=0
ambient=0
streak_frames_per_million=28657
clock_slewing_pct=28.70
delay_changes=1334
render_backwards=0
clock_extra=59518
clock_skipped=42160
backlog_skips=0
near_decode_errors=0
bytes_down_mb=18068.4
bytes_up_mb=1112.7
swarm_busy_pct=27
swarm_overruns=604
