10000 bots -> 172.31.17.93:40500 on 28 threads x 8 slots, ramp 0/s, 60s, 10000 full + 0 sink bots
[    5s] bots 10000/10000 connected, 10000 welcomed, 0 failed | 16.3 snaps/s/bot, entities/snap near 30.7 mid 50.8 far 47.8 | corrections 0.114/s/bot | down 189 up 11 kbps/bot | rtt 97.9 ms loss 0.02% | input->applied ~ p50 98 p99 125 ms, round trip p50 167 p99 200 ms | joins 10000 (p50 985 p99 1845 ms) | server pace 1.00 level 0, 0 bots bandwidth-degraded | swarm busy 22%, overruns 366
[   10s] bots 10000/10000 connected, 10000 welcomed, 0 failed | 21.1 snaps/s/bot, entities/snap near 27.9 mid 47.8 far 50.0 | corrections 0.000/s/bot | down 237 up 15 kbps/bot | rtt 98.2 ms loss 0.50% | input->applied ~ p50 101 p99 124 ms, round trip p50 167 p99 200 ms | joins 0 (p50 0 p99 0 ms) | server pace 1.00 level 0, 0 bots bandwidth-degraded | swarm busy 27%, overruns 35
[   15s] bots 10000/10000 connected, 10000 welcomed, 0 failed | 21.8 snaps/s/bot, entities/snap near 27.9 mid 47.8 far 50.0 | corrections 0.000/s/bot | down 244 up 15 kbps/bot | rtt 97.6 ms loss 0.50% | input->applied ~ p50 100 p99 124 ms, round trip p50 167 p99 200 ms | joins 0 (p50 0 p99 0 ms) | server pace 1.00 level 0, 0 bots bandwidth-degraded | swarm busy 27%, overruns 21
[   20s] bots 10000/10000 connected, 10000 welcomed, 0 failed | 21.9 snaps/s/bot, entities/snap near 27.9 mid 47.8 far 50.0 | corrections 0.000/s/bot | down 246 up 15 kbps/bot | rtt 98.0 ms loss 0.50% | input->applied ~ p50 101 p99 124 ms, round trip p50 167 p99 200 ms | joins 0 (p50 0 p99 0 ms) | server pace 1.00 level 0, 0 bots bandwidth-degraded | swarm busy 27%, overruns 26
[   25s] bots 10000/10000 connected, 10000 welcomed, 0 failed | 21.9 snaps/s/bot, entities/snap near 28.0 mid 47.8 far 50.0 | corrections 0.000/s/bot | down 245 up 15 kbps/bot | rtt 97.9 ms loss 0.48% | input->applied ~ p50 101 p99 124 ms, round trip p50 167 p99 200 ms | joins 0 (p50 0 p99 0 ms) | server pace 1.00 level 0, 0 bots bandwidth-degraded | swarm busy 27%, overruns 21
[   30s] bots 10000/10000 connected, 10000 welcomed, 0 failed | 21.9 snaps/s/bot, entities/snap near 28.0 mid 47.8 far 50.0 | corrections 0.000/s/bot | down 245 up 15 kbps/bot | rtt 98.1 ms loss 0.49% | input->applied ~ p50 101 p99 124 ms, round trip p50 167 p99 200 ms | joins 0 (p50 0 p99 0 ms) | server pace 1.00 level 0, 0 bots bandwidth-degraded | swarm busy 27%, overruns 19
[   35s] bots 10000/10000 connected, 10000 welcomed, 0 failed | 21.9 snaps/s/bot, entities/snap near 28.0 mid 47.8 far 50.1 | corrections 0.000/s/bot | down 245 up 15 kbps/bot | rtt 98.1 ms loss 0.49% | input->applied ~ p50 101 p99 124 ms, round trip p50 167 p99 200 ms | joins 0 (p50 0 p99 0 ms) | server pace 1.00 level 0, 0 bots bandwidth-degraded | swarm busy 27%, overruns 15
[   40s] bots 10000/10000 connected, 10000 welcomed, 0 failed | 21.8 snaps/s/bot, entities/snap near 28.0 mid 47.8 far 50.1 | corrections 0.000/s/bot | down 245 up 15 kbps/bot | rtt 98.1 ms loss 0.48% | input->applied ~ p50 101 p99 124 ms, round trip p50 167 p99 200 ms | joins 0 (p50 0 p99 0 ms) | server pace 1.00 level 0, 0 bots bandwidth-degraded | swarm busy 27%, overruns 25
[   45s] bots 10000/10000 connected, 10000 welcomed, 0 failed | 21.9 snaps/s/bot, entities/snap near 28.0 mid 47.7 far 50.1 | corrections 0.000/s/bot | down 246 up 15 kbps/bot | rtt 98.2 ms loss 0.48% | input->applied ~ p50 101 p99 124 ms, round trip p50 167 p99 200 ms | joins 0 (p50 0 p99 0 ms) | server pace 1.00 level 0, 0 bots bandwidth-degraded | swarm busy 28%, overruns 25
[   50s] bots 10000/10000 connected, 10000 welcomed, 0 failed | 21.9 snaps/s/bot, entities/snap near 27.9 mid 47.7 far 50.1 | corrections 0.000/s/bot | down 246 up 15 kbps/bot | rtt 98.1 ms loss 0.51% | input->applied ~ p50 101 p99 124 ms, round trip p50 167 p99 200 ms | joins 0 (p50 0 p99 0 ms) | server pace 1.00 level 0, 0 bots bandwidth-degraded | swarm busy 27%, overruns 14
[   55s] bots 10000/10000 connected, 10000 welcomed, 0 failed | 21.9 snaps/s/bot, entities/snap near 27.9 mid 47.7 far 50.1 | corrections 0.000/s/bot | down 245 up 15 kbps/bot | rtt 97.5 ms loss 0.49% | input->applied ~ p50 101 p99 124 ms, round trip p50 167 p99 200 ms | joins 0 (p50 0 p99 0 ms) | server pace 1.00 level 0, 0 bots bandwidth-degraded | swarm busy 27%, overruns 17
[   60s] bots 10000/10000 connected, 10000 welcomed, 0 failed | 22.1 snaps/s/bot, entities/snap near 27.9 mid 47.7 far 50.1 | corrections 0.000/s/bot | down 247 up 15 kbps/bot | rtt 98.0 ms loss 0.51% | input->applied ~ p50 100 p99 124 ms, round trip p50 167 p99 200 ms | joins 0 (p50 0 p99 0 ms) | server pace 1.00 level 0, 0 bots bandwidth-degraded | swarm busy 27%, overruns 20

== bots summary ==
  started 10000 welcomed 10000 failed 0
  join latency ms: p50 985 p99 1845 max 2377 (n=10000)
  corrections 5924 (0.59/bot-minute), mean error 0.124 m, max 1.196 m
  push corrections (the server pushed us apart from a crowd) 191258 (19.13/bot-minute), max 0.963 m
  snapshots 12860253 (entities per snapshot: near 28.1 mid 48.0 far 49.9), stale 16, unmatched acks 0, resyncs 0
  input -> applied on server (est. RTT/2 + server wait): p50 100.0 p99 124.0 max 175.0 mean 100.2 ms (n=12822807)
    of which server wait (arrival -> applied): p50 51.3 p99 75.7 max 126.0 mean 51.3 ms (n=12822807)
  input -> seen acked (round trip): p50 167.0 p99 200.0 max 276.0 mean 167.4 ms (n=12837959)
  near entity update interval (tracked bots): p50 66.0 p99 266.0 max 966.0 mean 64.7 ms (n=17184527)
  mid entity update interval (tracked bots): p50 100.0 p99 500.0 max 2200.0 mean 138.0 ms (n=29257590)
  far entity update interval (tracked bots): p50 500.0 p99 1500.0 max 2200.0 mean 620.8 ms (n=29281789)
  near drawn (tracked bots): 93.60% interpolated, 6.04% extrapolated, 0.18% held, 0.19% new | pops p50 0 p99 182 max 5291 mm
  mid drawn (tracked bots): 86.76% interpolated, 9.45% extrapolated, 2.42% held, 1.37% new | pops p50 0 p99 898 max 20365 mm
  far drawn (tracked bots): 28.70% interpolated, 55.13% extrapolated, 14.03% held, 2.14% new | pops p50 905 p99 8670 max 30005 mm
  render delay (near) 129.6 ms behind the newest step, clock snaps 0 (backwards 0), slewing 28.70% of frames, near delay changes 1334 | streak entity-frames (drawn > 20 m/s) 22392986
  input clock: 59518 extra inputs, 42160 skipped ticks, 0 backlog skips | near decode errors (tracked bots) 0
  bytes down 18068.4 MB up 1112.7 MB | swarm busy 27% of its threads' time, tick overruns 604
