== blob, 10000 bots, 60s -> baselines/2026-10-07-aws-netem-10k/typical-blob-10k-1
== summary: 1707 steady-state ticks (after warmup, before clients drain), peak 10000 clients ==
  phase        p50 ms   p99 ms   max ms
  ingress        1.18     2.38     2.61
  events         4.02     5.13     5.88
  movement       1.00     1.24     1.47
  grid           0.48     0.59     0.89
  separate       0.57     0.88     1.17
  history        0.02     0.05     0.08
  shots          0.07     0.27     0.34
  serialize      0.31     0.40     0.74
  assembly       3.73     4.46     6.04
  transport      2.02     2.39     2.65
  egress         3.42     4.43     5.12
  tick          17.01    18.95    19.93
  overruns 0 | spawns 10000 despawns 10000 (51355 joins deferred) | deaths 0 respawns 0 | stand-ins: repeated 25721 frozen 826514 | late inputs 21044 discarded 0 | bad messages 0 | recv errors 0 send errors 0
  egress (whole run): 28129734 datagrams in 28129734 sends (1.00 per send), 136493 syscalls
  ingress (whole run): 17676207 datagrams in 301282 receive calls (58.67 per call)
  ticks per ladder level (whole run): L0: 1994
  input wait on the server (datagram arrival -> applied): p50 51.3 p99 75.7 max 126.0 mean 51.3 ms
  steady state: stand-ins repeated 6584 frozen 3277 | late inputs 11751 discarded 0
  rewind of near targets (applied step - the input's render step for that tier): p50 233 p99 300 max 343 mean 225.3 ms (n=17265812)
  rewind of mid/far targets (applied step - the input's render step for that tier): p50 366 p99 369 max 453 mean 355.8 ms (n=17265812)
  render times ahead of the server (bogus) 0
  shots 0 (late 0, refused 0, rewinds capped 0) | hits head 0 body 0 (after cover 0, too late 0), kills 0 | ground 0 cover 0 expired 0 | segments 0 candidates 0
== bots summary ==
  started 10000 welcomed 10000 failed 0
  join latency ms: p50 985 p99 1845 max 2377 (n=10000)
  corrections 5924 (0.59/bot-minute), mean error 0.124 m, max 1.196 m
  push corrections (the server pushed us apart from a crowd) 191258 (19.13/bot-minute), max 0.963 m
  snapshots 12860253 (entities per snapshot: near 28.1 mid 48.0 far 49.9), stale 16, unmatched acks 0, resyncs 0
  input -> applied on server (est. RTT/2 + server wait): p50 100.0 p99 124.0 max 175.0 mean 100.2 ms (n=12822807)
    of which server wait (arrival -> applied): p50 51.3 p99 75.7 max 126.0 mean 51.3 ms (n=12822807)
  input -> seen acked (round trip): p50 167.0 p99 200.0 max 276.0 mean 167.4 ms (n=12837959)
  near entity update interval (tracked bots): p50 66.0 p99 266.0 max 966.0 mean 64.7 ms (n=17184527)
  mid entity update interval (tracked bots): p50 100.0 p99 500.0 max 2200.0 mean 138.0 ms (n=29257590)
  far entity update interval (tracked bots): p50 500.0 p99 1500.0 max 2200.0 mean 620.8 ms (n=29281789)
  near drawn (tracked bots): 93.60% interpolated, 6.04% extrapolated, 0.18% held, 0.19% new | pops p50 0 p99 182 max 5291 mm
  mid drawn (tracked bots): 86.76% interpolated, 9.45% extrapolated, 2.42% held, 1.37% new | pops p50 0 p99 898 max 20365 mm
  far drawn (tracked bots): 28.70% interpolated, 55.13% extrapolated, 14.03% held, 2.14% new | pops p50 905 p99 8670 max 30005 mm
  render delay (near) 129.6 ms behind the newest step, clock snaps 0 (backwards 0), slewing 28.70% of frames, near delay changes 1334 | streak entity-frames (drawn > 20 m/s) 22392986
  input clock: 59518 extra inputs, 42160 skipped ticks, 0 backlog skips | near decode errors (tracked bots) 0
  bytes down 18068.4 MB up 1112.7 MB | swarm busy 27% of its threads' time, tick overruns 604
