preallocated connections for 10000 clients in 248.569073ms
listening on 172.31.17.93:40500 | spawn Blob | tiers near 64@150 m, mid 500 m, far 1500 m, budget 6250 B/tick, squads of 4 | 64 rayon threads, 64 shards, 1 socket(s), 256 accepts/tick, egress SendMmsg, ingress RecvMmsg | socket buffers rcv 32768 KiB snd 32768 KiB
[    5s] clients 10000 | level 0 (0-0 in window: 30 Hz, dilation 1.0), pace 1.00, 0.0% clients bandwidth-degraded | tick p50 16.18 p99 18.76 max 18.86 ms, 0 overruns | out 266.5k pps 337 kbps/client, 1913 Mbps | in 173.3k pps 19 kbps/client, 57.3 per recv, receive thread busy 19% | stand-ins: repeated 1.26% frozen 0.83%, 16408 late inputs | per client-tick: 1343 B (near 239 B, 92% deltas), near 30.1 mid 49.4 far 45.1, far skipped 0 starved 0 | input wait p50 48.3 p99 76.2 ms | 51355 joins deferred | kernel drops rcv 0 snd 0
         p50/p99 ms: ingress 1.16/6.64  events 3.78/5.18  movement 0.71/1.17  grid 0.43/0.58  separate 0.51/0.80  history 0.02/0.15  shots 0.06/0.31  serialize 0.29/0.52  assembly 3.05/4.41  transport 1.73/2.29  egress 2.77/4.28
[   10s] clients 10000 | level 0 (0-0 in window: 30 Hz, dilation 1.0), pace 1.00, 0.0% clients bandwidth-degraded | tick p50 17.09 p99 18.53 max 19.37 ms, 0 overruns | out 453.8k pps 336 kbps/client, 3365 Mbps | in 297.9k pps 15 kbps/client, 58.8 per recv, receive thread busy 31% | stand-ins: repeated 0.04% frozen 0.00%, 590 late inputs | per client-tick: 1350 B (near 208 B, 99% deltas), near 27.9 mid 47.8 far 50.0, far skipped 0 starved 0 | input wait p50 51.3 p99 76.4 ms | 0 joins deferred | kernel drops rcv 0 snd 0
         p50/p99 ms: ingress 1.18/2.06  events 4.01/5.30  movement 1.00/1.21  grid 0.48/0.59  separate 0.58/0.91  history 0.02/0.06  shots 0.07/0.27  serialize 0.30/0.41  assembly 3.72/4.27  transport 2.05/2.40  egress 3.42/4.38
[   15s] clients 10000 | level 0 (0-0 in window: 30 Hz, dilation 1.0), pace 1.00, 0.0% clients bandwidth-degraded | tick p50 16.91 p99 19.05 max 19.21 ms, 0 overruns | out 454.0k pps 337 kbps/client, 3367 Mbps | in 297.9k pps 15 kbps/client, 58.7 per recv, receive thread busy 29% | stand-ins: repeated 0.02% frozen 0.00%, 371 late inputs | per client-tick: 1350 B (near 208 B, 99% deltas), near 27.9 mid 47.8 far 50.0, far skipped 0 starved 0 | input wait p50 51.3 p99 75.4 ms | 0 joins deferred | kernel drops rcv 0 snd 0
         p50/p99 ms: ingress 1.18/2.46  events 4.03/5.54  movement 1.00/1.35  grid 0.48/0.59  separate 0.58/0.84  history 0.02/0.05  shots 0.07/0.27  serialize 0.30/0.40  assembly 3.73/4.36  transport 2.02/2.39  egress 3.40/4.24
[   20s] clients 10000 | level 0 (0-0 in window: 30 Hz, dilation 1.0), pace 1.00, 0.0% clients bandwidth-degraded | tick p50 16.96 p99 18.79 max 18.88 ms, 0 overruns | out 453.8k pps 337 kbps/client, 3366 Mbps | in 297.8k pps 15 kbps/client, 58.7 per recv, receive thread busy 30% | stand-ins: repeated 0.03% frozen 0.00%, 392 late inputs | per client-tick: 1350 B (near 208 B, 99% deltas), near 27.9 mid 47.8 far 50.0, far skipped 0 starved 0 | input wait p50 51.4 p99 75.5 ms | 0 joins deferred | kernel drops rcv 0 snd 0
         p50/p99 ms: ingress 1.19/2.40  events 4.00/4.94  movement 1.00/1.29  grid 0.48/0.57  separate 0.56/0.79  history 0.02/0.06  shots 0.07/0.28  serialize 0.31/0.58  assembly 3.70/4.28  transport 2.02/2.37  egress 3.41/4.49
[   25s] clients 10000 | level 0 (0-0 in window: 30 Hz, dilation 1.0), pace 1.00, 0.0% clients bandwidth-degraded | tick p50 17.12 p99 19.34 max 19.89 ms, 0 overruns | out 453.6k pps 337 kbps/client, 3365 Mbps | in 297.8k pps 15 kbps/client, 58.5 per recv, receive thread busy 31% | stand-ins: repeated 0.03% frozen 0.00%, 409 late inputs | per client-tick: 1350 B (near 208 B, 99% deltas), near 27.9 mid 47.8 far 50.0, far skipped 0 starved 0 | input wait p50 51.5 p99 75.6 ms | 0 joins deferred | kernel drops rcv 0 snd 0
         p50/p99 ms: ingress 1.18/2.43  events 4.05/5.04  movement 1.00/1.26  grid 0.47/0.58  separate 0.58/0.92  history 0.02/0.05  shots 0.07/0.30  serialize 0.31/0.37  assembly 3.76/5.12  transport 2.06/2.35  egress 3.45/4.38
[   30s] clients 10000 | level 0 (0-0 in window: 30 Hz, dilation 1.0), pace 1.00, 0.0% clients bandwidth-degraded | tick p50 17.11 p99 18.74 max 19.07 ms, 0 overruns | out 453.5k pps 337 kbps/client, 3366 Mbps | in 297.7k pps 15 kbps/client, 58.6 per recv, receive thread busy 30% | stand-ins: repeated 0.03% frozen 0.00%, 399 late inputs | per client-tick: 1350 B (near 208 B, 99% deltas), near 27.9 mid 47.8 far 50.0, far skipped 0 starved 0 | input wait p50 51.4 p99 75.6 ms | 0 joins deferred | kernel drops rcv 0 snd 0
         p50/p99 ms: ingress 1.18/2.46  events 3.99/4.99  movement 1.00/1.23  grid 0.48/0.58  separate 0.57/0.98  history 0.03/0.05  shots 0.07/0.27  serialize 0.30/0.38  assembly 3.75/4.45  transport 2.04/2.41  egress 3.45/4.64
[   35s] clients 10000 | level 0 (0-0 in window: 30 Hz, dilation 1.0), pace 1.00, 0.0% clients bandwidth-degraded | tick p50 17.02 p99 19.11 max 19.23 ms, 0 overruns | out 453.8k pps 337 kbps/client, 3368 Mbps | in 297.8k pps 15 kbps/client, 58.7 per recv, receive thread busy 30% | stand-ins: repeated 0.03% frozen 0.00%, 395 late inputs | per client-tick: 1350 B (near 208 B, 99% deltas), near 28.0 mid 47.8 far 50.1, far skipped 0 starved 0 | input wait p50 51.4 p99 75.6 ms | 0 joins deferred | kernel drops rcv 0 snd 0
         p50/p99 ms: ingress 1.19/2.37  events 4.00/5.03  movement 1.01/1.19  grid 0.48/0.62  separate 0.58/0.80  history 0.03/0.04  shots 0.07/0.27  serialize 0.31/0.40  assembly 3.75/4.29  transport 2.02/2.44  egress 3.44/4.29
[   40s] clients 10000 | level 0 (0-0 in window: 30 Hz, dilation 1.0), pace 1.00, 0.0% clients bandwidth-degraded | tick p50 17.09 p99 19.05 max 19.93 ms, 0 overruns | out 453.9k pps 337 kbps/client, 3366 Mbps | in 297.7k pps 15 kbps/client, 58.5 per recv, receive thread busy 30% | stand-ins: repeated 0.03% frozen 0.00%, 403 late inputs | per client-tick: 1350 B (near 208 B, 99% deltas), near 28.0 mid 47.8 far 50.1, far skipped 0 starved 0 | input wait p50 51.4 p99 75.7 ms | 0 joins deferred | kernel drops rcv 0 snd 0
         p50/p99 ms: ingress 1.19/2.34  events 4.03/5.08  movement 1.01/1.40  grid 0.48/0.58  separate 0.58/0.79  history 0.02/0.07  shots 0.07/0.29  serialize 0.31/0.57  assembly 3.74/4.53  transport 2.03/2.35  egress 3.44/4.43
[   45s] clients 10000 | level 0 (0-0 in window: 30 Hz, dilation 1.0), pace 1.00, 0.0% clients bandwidth-degraded | tick p50 17.04 p99 18.44 max 18.59 ms, 0 overruns | out 454.0k pps 337 kbps/client, 3367 Mbps | in 297.8k pps 15 kbps/client, 59.0 per recv, receive thread busy 29% | stand-ins: repeated 0.03% frozen 0.00%, 405 late inputs | per client-tick: 1350 B (near 208 B, 99% deltas), near 28.0 mid 47.8 far 50.1, far skipped 0 starved 0 | input wait p50 51.4 p99 75.6 ms | 0 joins deferred | kernel drops rcv 0 snd 0
         p50/p99 ms: ingress 1.17/1.85  events 4.02/4.99  movement 0.99/1.20  grid 0.48/0.59  separate 0.57/0.90  history 0.02/0.05  shots 0.07/0.28  serialize 0.30/0.39  assembly 3.76/4.54  transport 2.01/2.47  egress 3.46/4.50
[   50s] clients 10000 | level 0 (0-0 in window: 30 Hz, dilation 1.0), pace 1.00, 0.0% clients bandwidth-degraded | tick p50 16.96 p99 18.85 max 19.53 ms, 0 overruns | out 453.7k pps 337 kbps/client, 3367 Mbps | in 297.7k pps 15 kbps/client, 58.9 per recv, receive thread busy 29% | stand-ins: repeated 0.03% frozen 0.00%, 379 late inputs | per client-tick: 1351 B (near 208 B, 99% deltas), near 27.9 mid 47.8 far 50.1, far skipped 0 starved 0 | input wait p50 51.4 p99 75.7 ms | 0 joins deferred | kernel drops rcv 0 snd 0
         p50/p99 ms: ingress 1.17/2.40  events 4.03/5.44  movement 0.99/1.27  grid 0.48/0.61  separate 0.57/0.86  history 0.02/0.06  shots 0.07/0.30  serialize 0.31/0.38  assembly 3.75/4.63  transport 2.00/2.36  egress 3.40/4.40
[   55s] clients 10000 | level 0 (0-0 in window: 30 Hz, dilation 1.0), pace 1.00, 0.0% clients bandwidth-degraded | tick p50 16.84 p99 18.67 max 19.09 ms, 0 overruns | out 453.9k pps 337 kbps/client, 3368 Mbps | in 297.8k pps 15 kbps/client, 58.8 per recv, receive thread busy 29% | stand-ins: repeated 0.03% frozen 0.00%, 395 late inputs | per client-tick: 1350 B (near 208 B, 99% deltas), near 27.9 mid 47.7 far 50.1, far skipped 0 starved 0 | input wait p50 51.4 p99 75.7 ms | 0 joins deferred | kernel drops rcv 0 snd 0
         p50/p99 ms: ingress 1.18/2.04  events 4.00/5.04  movement 0.99/1.21  grid 0.48/0.57  separate 0.58/0.81  history 0.02/0.06  shots 0.07/0.27  serialize 0.31/0.38  assembly 3.70/4.37  transport 2.00/2.33  egress 3.40/4.23
[   60s] clients 10000 | level 0 (0-0 in window: 30 Hz, dilation 1.0), pace 1.00, 0.0% clients bandwidth-degraded | tick p50 16.87 p99 18.87 max 19.12 ms, 0 overruns | out 453.6k pps 337 kbps/client, 3365 Mbps | in 297.7k pps 15 kbps/client, 58.8 per recv, receive thread busy 30% | stand-ins: repeated 0.03% frozen 0.00%, 396 late inputs | per client-tick: 1350 B (near 208 B, 99% deltas), near 27.9 mid 47.7 far 50.1, far skipped 0 starved 0 | input wait p50 51.4 p99 75.7 ms | 0 joins deferred | kernel drops rcv 0 snd 0
         p50/p99 ms: ingress 1.17/2.14  events 4.01/5.37  movement 0.99/1.37  grid 0.48/0.60  separate 0.57/1.00  history 0.02/0.05  shots 0.07/0.26  serialize 0.30/0.43  assembly 3.72/4.46  transport 1.99/2.36  egress 3.42/4.43
[   65s] clients 5618 | level 0 (0-0 in window: 30 Hz, dilation 1.0), pace 1.00, 0.0% clients bandwidth-degraded | tick p50 9.34 p99 19.06 max 24.80 ms, 0 overruns | out 294.1k pps 312 kbps/client, 2097 Mbps | in 77.3k pps 6 kbps/client, 59.1 per recv, receive thread busy 8% | stand-ins: repeated 1.12% frozen 60.70%, 102 late inputs | per client-tick: 1247 B (near 293 B, 50% deltas), near 25.9 mid 42.5 far 38.2, far skipped 0 starved 0 | input wait p50 51.5 p99 75.5 ms | 0 joins deferred | kernel drops rcv 0 snd 0
         p50/p99 ms: ingress 0.50/2.29  events 0.00/4.98  movement 0.55/1.09  grid 0.52/0.59  separate 0.57/0.79  history 0.03/0.06  shots 0.14/0.28  serialize 0.32/0.51  assembly 1.96/4.14  transport 1.31/2.30  egress 3.31/4.14
[   66s] clients 0 | level 0 (0-0 in window: 30 Hz, dilation 1.0), pace 1.00, 0.0% clients bandwidth-degraded | tick p50 9.01 p99 19.59 max 19.59 ms, 0 overruns | out 234.2k pps 301 kbps/client, 1618 Mbps | in 0.0k pps 0 kbps/client, 0.0 per recv, receive thread busy 0% | stand-ins: repeated 0.00% frozen 100.00%, 0 late inputs | per client-tick: 1206 B (near 366 B, 0% deltas), near 24.6 mid 39.4 far 31.1, far skipped 0 starved 0 | input wait p50 0.0 p99 0.0 ms | 0 joins deferred | kernel drops rcv 0 snd 0
         p50/p99 ms: ingress 0.50/3.86  events 0.00/11.13  movement 0.52/0.68  grid 0.52/0.60  separate 0.56/0.83  history 0.03/0.06  shots 0.14/0.28  serialize 0.33/0.65  assembly 1.45/2.18  transport 1.22/1.51  egress 3.33/4.11

== summary: 1707 steady-state ticks (after warmup, before clients drain), peak 10000 clients ==
  phase        p50 ms   p99 ms   max ms
  ingress        1.18     2.38     2.61
  events         4.02     5.13     5.88
  movement       1.00     1.24     1.47
  grid           0.48     0.59     0.89
  separate       0.57     0.88     1.17
  history        0.02     0.05     0.08
  shots          0.07     0.27     0.34
  serialize      0.31     0.40     0.74
  assembly       3.73     4.46     6.04
  transport      2.02     2.39     2.65
  egress         3.42     4.43     5.12
  tick          17.01    18.95    19.93
  overruns 0 | spawns 10000 despawns 10000 (51355 joins deferred) | deaths 0 respawns 0 | stand-ins: repeated 25721 frozen 826514 | late inputs 21044 discarded 0 | bad messages 0 | recv errors 0 send errors 0
  egress (whole run): 28129734 datagrams in 28129734 sends (1.00 per send), 136493 syscalls
  ingress (whole run): 17676207 datagrams in 301282 receive calls (58.67 per call)
  ticks per ladder level (whole run): L0: 1994
  input wait on the server (datagram arrival -> applied): p50 51.3 p99 75.7 max 126.0 mean 51.3 ms
  steady state: stand-ins repeated 6584 frozen 3277 | late inputs 11751 discarded 0
  rewind of near targets (applied step - the input's render step for that tier): p50 233 p99 300 max 343 mean 225.3 ms (n=17265812)
  rewind of mid/far targets (applied step - the input's render step for that tier): p50 366 p99 369 max 453 mean 355.8 ms (n=17265812)
  render times ahead of the server (bogus) 0
  shots 0 (late 0, refused 0, rewinds capped 0) | hits head 0 body 0 (after cover 0, too late 0), kills 0 | ground 0 cover 0 expired 0 | segments 0 candidates 0
