started=1000
welcomed=1000
failed=0
join_p50_ms=364
join_p99_ms=627
join_max_ms=660
corrections=0
corrections_per_bot_minute=0.000
correction_max_m=0.000
push_corrections=25775
push_corrections_per_bot_minute=25.775
push_max_m=0.342
snapshots=1789121
near_per_snapshot=64.1
mid_per_snapshot=86.1
far_per_snapshot=0.0
stale_snapshots=0
resyncs=0
input_applied_p50_ms=100.0
input_applied_p99_ms=142.0
input_applied_mean_ms=95.4
server_wait_p50_ms=50.2
server_wait_p99_ms=67.3
server_wait_mean_ms=50.2
round_trip_p50_ms=167.0
round_trip_p99_ms=233.0
round_trip_mean_ms=160.8
slot_work_p50_ms=1.0
slot_work_p99_ms=3.7
slot_work_mean_ms=1.5
slot_late_p50_ms=0.0
slot_late_p99_ms=0.1
slot_late_mean_ms=0.0
near_interval_p50_ms=66.0
near_interval_p99_ms=66.0
near_interval_mean_ms=53.2
mid_interval_p50_ms=100.0
mid_interval_p99_ms=100.0
mid_interval_mean_ms=100.3
far_interval_p50_ms=0.0
far_interval_p99_ms=0.0
far_interval_mean_ms=0.0
slot_late_max_ms=12.4
near_interpolated_pct=99.79
near_extrapolated_pct=0.03
near_held_pct=0.00
near_new_pct=0.17
near_pop_p50_mm=0
near_pop_p99_mm=0
mid_interpolated_pct=96.90
mid_extrapolated_pct=0.94
mid_held_pct=1.25
mid_new_pct=0.90
mid_pop_p50_mm=0
mid_pop_p99_mm=0
far_interpolated_pct=0.00
far_extrapolated_pct=0.00
far_held_pct=0.00
far_new_pct=0.00
far_pop_p50_mm=0
far_pop_p99_mm=0
render_delay_ms=84.5
render_snaps=0
class0_fighters=167
class0_shots=65405
class0_hits=64999
class0_kills=0
class0_hit_pct=99.4
class0_rtt_ms=21.3
class1_fighters=166
class1_shots=64675
class1_hits=64289
class1_kills=0
class1_hit_pct=99.4
class1_rtt_ms=101.3
class2_fighters=167
class2_shots=64958
class2_hits=63662
class2_kills=0
class2_hit_pct=98.0
class2_rtt_ms=151.3
shots_seen=14376031
activity_cells=2574080
activity_shots=136663648
ambient=17795702
streak_frames_per_million=39
clock_slewing_pct=7.63
delay_changes=760
render_backwards=0
clock_extra=2247
clock_skipped=1235
backlog_skips=0
near_decode_errors=0
bytes_down_mb=2939.2
bytes_up_mb=118.5
swarm_busy_pct=37
swarm_overruns=7
