== blob, 1000 bots, 60s -> baselines/2026-10-09-wsl2-input-clock-before/fight-blob-1k-immortal-1
== summary: 1709 steady-state ticks (after warmup, before clients drain), peak 1000 clients ==
  phase        p50 ms   p99 ms   max ms
  ingress        0.64     0.91     1.64
  events         0.00     0.00     0.58
  movement       0.27     0.34     0.82
  grid           0.19     0.27     0.60
  separate       0.04     0.05     0.08
  history        0.00     0.00     0.03
  shots          0.27     0.48     1.35
  serialize      0.05     0.10     0.15
  assembly       4.39     4.99     6.75
  transport      0.00     0.00     0.01
  egress         0.03     0.07     0.25
  tick           6.20     7.00     8.76
  overruns 0 | spawns 1000 despawns 1000 (87 joins deferred) | deaths 0 respawns 0 | stand-ins: repeated 0 frozen 0 | late inputs 0 discarded 0 | bad messages 0 | recv errors 0 send errors 0
  egress (whole run): 3624105 datagrams in 3624105 sends (1.00 per send), 115329 syscalls
  ingress (whole run): 1795749 datagrams in 60830 receive calls (29.52 per call)
  ticks per ladder level (whole run): L0: 1810
  input wait on the server (datagram arrival -> applied): p50 50.2 p99 67.3 max 71.7 mean 50.2 ms
  steady state: stand-ins repeated 0 frozen 0 | late inputs 0 discarded 0
  rewind of near targets (applied step - the input's render step for that tier): p50 242 p99 342 max 346 mean 234.0 ms (n=1785239)
  rewind of mid/far targets (applied step - the input's render step for that tier): p50 367 p99 433 max 435 mean 358.5 ms (n=1785239)
  render times ahead of the server (bogus) 0
  shots 275204 (late 0, refused 0, rewinds capped 183398) | hits head 1562 body 199388 (after cover 127, too late 0), kills 0 | ground 42170 cover 5351 expired 25722 | segments 4045362 candidates 1622908
== bots summary ==
  started 1000 welcomed 1000 failed 0
  join latency ms: p50 364 p99 627 max 660 (n=1000)
  corrections 0 (0.00/bot-minute), mean error 0.000 m, max 0.000 m
  push corrections (the server pushed us apart from a crowd) 25775 (25.77/bot-minute), max 0.342 m
  snapshots 1789121 (entities per snapshot: near 64.1 mid 86.1 far 0.0), stale 0, unmatched acks 0, resyncs 0
  input -> applied on server (est. RTT/2 + server wait): p50 100.0 p99 142.0 max 147.0 mean 95.4 ms (n=1786225)
    of which server wait (arrival -> applied): p50 50.2 p99 67.3 max 71.7 mean 50.2 ms (n=1786225)
  input -> seen acked (round trip): p50 167.0 p99 233.0 max 237.0 mean 160.8 ms (n=1786225)
  near entity update interval (tracked bots): p50 66.0 p99 66.0 max 166.0 mean 53.2 ms (n=57186569)
  mid entity update interval (tracked bots): p50 100.0 p99 100.0 max 2200.0 mean 100.3 ms (n=76560207)
  far entity update interval (tracked bots): p50 0.0 p99 0.0 max 0.0 mean 0.0 ms (n=0)
  near drawn (tracked bots): 99.79% interpolated, 0.03% extrapolated, 0.00% held, 0.17% new | pops p50 0 p99 0 max 319 mm
  mid drawn (tracked bots): 96.90% interpolated, 0.94% extrapolated, 1.25% held, 0.90% new | pops p50 0 p99 0 max 16833 mm
  far drawn (tracked bots): 0.00% interpolated, 0.00% extrapolated, 0.00% held, 0.00% new | pops p50 0 p99 0 max 0 mm
  render delay (near) 84.5 ms behind the newest step, clock snaps 0 (backwards 0), slewing 7.63% of frames, near delay changes 760 | streak entity-frames (drawn > 20 m/s) 12897
  fighters, class 0: 167 at rtt 21.3 ms | 65405 shots, 64999 hits (99.4%), 0 kills
  fighters, class 1: 166 at rtt 101.3 ms | 64675 shots, 64289 hits (99.4%), 0 kills
  fighters, class 2: 167 at rtt 151.3 ms | 64958 shots, 63662 hits (98.0%), 0 kills
  others' shots (tracked bots): 14376031 as tracers | distant fights: 2574080 cell entries counting 136663648 shots, 17795702 ambient shots made
  input clock: 2247 extra inputs, 1235 skipped ticks, 0 backlog skips | near decode errors (tracked bots) 0
  bytes down 2939.2 MB up 118.5 MB | swarm busy 37% of its threads' time, tick overruns 7
