spawn=blob
egress=sendmmsg
ingress=recvmmsg
rx_gather_us=1000
ladder=on
threads=8
keep_awake=on
send_during_assembly=on
worker_cpus=-
rx_cpus=-
shards=64
sockets=1
peak_clients=1000
steady_ticks=1709
steady_secs=56.9
ingress_p50_ms=0.64
ingress_p99_ms=0.91
ingress_max_ms=1.64
events_p50_ms=0.00
events_p99_ms=0.00
events_max_ms=0.58
movement_p50_ms=0.27
movement_p99_ms=0.34
movement_max_ms=0.82
grid_p50_ms=0.19
grid_p99_ms=0.27
grid_max_ms=0.60
separate_p50_ms=0.04
separate_p99_ms=0.05
separate_max_ms=0.08
history_p50_ms=0.00
history_p99_ms=0.00
history_max_ms=0.03
shots_p50_ms=0.27
shots_p99_ms=0.48
shots_max_ms=1.35
serialize_p50_ms=0.05
serialize_p99_ms=0.10
serialize_max_ms=0.15
assembly_p50_ms=4.39
assembly_p99_ms=4.99
assembly_max_ms=6.75
transport_p50_ms=0.00
transport_p99_ms=0.00
transport_max_ms=0.01
egress_p50_ms=0.03
egress_p99_ms=0.07
egress_max_ms=0.25
tick_p50_ms=6.20
tick_p99_ms=7.00
tick_max_ms=8.76
steady_overruns=0
level_mode=0
tick_hz=30
dilation=1
levels=L0:1709
clients_avg=1000
out_pps=60530
in_pps=30002
egress_mbps=393.6
packets_per_client_tick=2.02
wire_bytes_per_client_tick=1639
down_kbps_per_client=393.6
up_kbps_per_client=15.9
recv_per_call=29.64
ingress_thread_busy_max_pct=4.4
ingress_thread_busy_mean_pct=4.4
rx_runq_wait_max_pct=0.03
rx_runq_wait_mean_pct=0.03
ksoftirqd_cpu_pct=0.0
kernel_rcvbuf_drops=0
kernel_sndbuf_drops=0
snapshot_bytes_per_client_tick=1568
near_bytes_per_client_tick=427
activity_bytes_per_client_tick=14.9
near_per_client_tick=64.0
mid_per_client_tick=86.0
far_per_client_tick=0.0
near_scanned_per_query=176
mid_scanned_per_query=191
far_skipped=0
far_starved=0
repeated=0
frozen=0
late_inputs=0
discarded_inputs=0
input_wait_p10_ms=36.9
input_wait_p50_ms=50.2
input_wait_p90_ms=63.4
input_wait_p99_ms=67.3
spawns=1000
despawns=1000
deaths=0
respawns=0
shots=275204
shots_late=0
shots_refused=0
rewinds_capped=183398
rewinds_trimmed=0
rewinds_trimmed_mid=0
renders_held=0
shot_dip_clients=650
shot_dip_flagged=0
hits_head=1562
hits_body=199388
hits_ground=42170
hits_cover=5351
projectiles_expired=25722
kills=0
hits_after_cover=127
hits_too_late=0
events=401895
tracer_bytes=211820692
activity_cells=5178
activity_sent=5158948
activity_bytes=26631723
activity_cut=0
projectile_segments=4045362
hit_candidates=1622908
trim_excess_p50_steps=0.0
trim_excess_p99_steps=0.0
trim_excess_max_steps=0.0
shot_dip_excess_p50_steps=0.0
shot_dip_excess_p99_steps=0.0
shot_dip_excess_max_steps=0.0
held_by_p50_steps=0.0
held_by_p99_steps=0.0
held_by_max_steps=0.0
joins_deferred=87
bad_messages=0
recv_errors=0
send_errors=0
datagrams=3624105
sends=3624105
send_syscalls=115329
rewind_near_p50_ms=242
rewind_near_p99_ms=342
rewind_near_mean_ms=234.0
rewind_mid_p50_ms=367
rewind_mid_p99_ms=433
rewind_mid_mean_ms=358.5
ingress_longest_p50_ms=0.12
ingress_work_p50_ms=4.21
assembly_longest_p50_ms=0.86
assembly_work_p50_ms=32.05
transport_longest_p50_ms=-
transport_work_p50_ms=-
egress_longest_p50_ms=-
egress_work_p50_ms=-
