preallocated connections for 10000 clients in 320.760787ms
listening on 127.0.0.1:14500 | spawn Blob | tiers near 64@150 m, mid 500 m, far 1500 m, budget 6250 B/tick, squads of 4 | 8 rayon threads (keep awake on), 64 shards (send during assembly on), 1 socket(s), 256 accepts/tick, egress SendMmsg, ingress RecvMmsg | socket buffers rcv 8192 KiB snd 8192 KiB
WARNING: token key is the public dev key; anyone can mint tokens for this server (--token-key)
[    5s] clients 1000 | level 0 (0-0 in window: 30 Hz, dilation 1.0), pace 1.00, 0.0% clients bandwidth-degraded | tick p50 6.11 p99 9.90 max 24.02 ms, 0 overruns | out 56.5k pps 400 kbps/client, 368 Mbps | in 27.4k pps 17 kbps/client, 27.9 per recv, receive thread busy 4% | stand-ins: repeated 0.00% frozen 0.00%, 0 late inputs | per client-tick: 1585 B (near 450 B, 95% deltas), near 64.0 mid 85.8 far 0.0, far skipped 0 starved 0 | input wait p50 50.0 p99 67.3 ms | 87 joins deferred | kernel drops rcv 0 snd 0
         p50/p99 ms: ingress 0.59/0.89  events 0.00/2.91  movement 0.26/0.36  grid 0.17/0.28  separate 0.03/0.05  history 0.00/0.05  shots 0.24/0.44  serialize 0.05/0.11  assembly 4.37/5.43  transport 0.00/0.00  egress 0.03/0.07
[   10s] clients 1000 | level 0 (0-0 in window: 30 Hz, dilation 1.0), pace 1.00, 0.0% clients bandwidth-degraded | tick p50 6.21 p99 6.89 max 8.76 ms, 0 overruns | out 60.5k pps 393 kbps/client, 393 Mbps | in 30.0k pps 16 kbps/client, 29.7 per recv, receive thread busy 4% | stand-ins: repeated 0.00% frozen 0.00%, 0 late inputs | per client-tick: 1568 B (near 426 B, 99% deltas), near 64.0 mid 86.0 far 0.0, far skipped 0 starved 0 | input wait p50 50.2 p99 67.2 ms | 0 joins deferred | kernel drops rcv 0 snd 0
         p50/p99 ms: ingress 0.66/0.90  events 0.00/0.00  movement 0.27/0.33  grid 0.19/0.28  separate 0.04/0.06  history 0.00/0.00  shots 0.25/0.56  serialize 0.05/0.09  assembly 4.37/4.97  transport 0.00/0.00  egress 0.03/0.05
[   15s] clients 1000 | level 0 (0-0 in window: 30 Hz, dilation 1.0), pace 1.00, 0.0% clients bandwidth-degraded | tick p50 6.16 p99 6.87 max 7.45 ms, 0 overruns | out 60.5k pps 394 kbps/client, 394 Mbps | in 30.0k pps 16 kbps/client, 29.5 per recv, receive thread busy 4% | stand-ins: repeated 0.00% frozen 0.00%, 0 late inputs | per client-tick: 1569 B (near 428 B, 99% deltas), near 64.0 mid 86.0 far 0.0, far skipped 0 starved 0 | input wait p50 50.2 p99 67.2 ms | 0 joins deferred | kernel drops rcv 0 snd 0
         p50/p99 ms: ingress 0.63/0.88  events 0.00/0.00  movement 0.26/0.36  grid 0.18/0.27  separate 0.04/0.06  history 0.00/0.00  shots 0.27/0.50  serialize 0.05/0.10  assembly 4.37/4.98  transport 0.00/0.00  egress 0.03/0.08
[   20s] clients 1000 | level 0 (0-0 in window: 30 Hz, dilation 1.0), pace 1.00, 0.0% clients bandwidth-degraded | tick p50 6.16 p99 6.76 max 6.80 ms, 0 overruns | out 60.5k pps 393 kbps/client, 393 Mbps | in 30.0k pps 16 kbps/client, 29.7 per recv, receive thread busy 4% | stand-ins: repeated 0.00% frozen 0.00%, 0 late inputs | per client-tick: 1567 B (near 427 B, 99% deltas), near 64.0 mid 86.0 far 0.0, far skipped 0 starved 0 | input wait p50 50.2 p99 67.3 ms | 0 joins deferred | kernel drops rcv 0 snd 0
         p50/p99 ms: ingress 0.60/0.85  events 0.00/0.00  movement 0.27/0.36  grid 0.19/0.26  separate 0.03/0.05  history 0.00/0.00  shots 0.27/0.47  serialize 0.05/0.09  assembly 4.36/4.80  transport 0.00/0.00  egress 0.03/0.07
[   25s] clients 1000 | level 0 (0-0 in window: 30 Hz, dilation 1.0), pace 1.00, 0.0% clients bandwidth-degraded | tick p50 6.19 p99 6.75 max 7.22 ms, 0 overruns | out 60.5k pps 393 kbps/client, 393 Mbps | in 30.0k pps 16 kbps/client, 29.7 per recv, receive thread busy 4% | stand-ins: repeated 0.00% frozen 0.00%, 0 late inputs | per client-tick: 1568 B (near 427 B, 99% deltas), near 64.0 mid 86.0 far 0.0, far skipped 0 starved 0 | input wait p50 50.2 p99 67.3 ms | 0 joins deferred | kernel drops rcv 0 snd 0
         p50/p99 ms: ingress 0.65/0.93  events 0.00/0.00  movement 0.26/0.32  grid 0.19/0.27  separate 0.04/0.05  history 0.00/0.00  shots 0.27/0.51  serialize 0.05/0.10  assembly 4.36/5.06  transport 0.00/0.00  egress 0.03/0.06
[   30s] clients 1000 | level 0 (0-0 in window: 30 Hz, dilation 1.0), pace 1.00, 0.0% clients bandwidth-degraded | tick p50 6.24 p99 7.00 max 7.03 ms, 0 overruns | out 60.5k pps 393 kbps/client, 393 Mbps | in 30.0k pps 16 kbps/client, 29.6 per recv, receive thread busy 4% | stand-ins: repeated 0.00% frozen 0.00%, 0 late inputs | per client-tick: 1568 B (near 427 B, 99% deltas), near 64.0 mid 86.0 far 0.0, far skipped 0 starved 0 | input wait p50 50.2 p99 67.3 ms | 0 joins deferred | kernel drops rcv 0 snd 0
         p50/p99 ms: ingress 0.66/0.94  events 0.00/0.00  movement 0.27/0.40  grid 0.20/0.27  separate 0.04/0.06  history 0.00/0.00  shots 0.26/0.57  serialize 0.05/0.10  assembly 4.38/4.99  transport 0.00/0.00  egress 0.03/0.07
[   35s] clients 1000 | level 0 (0-0 in window: 30 Hz, dilation 1.0), pace 1.00, 0.0% clients bandwidth-degraded | tick p50 6.16 p99 7.10 max 7.32 ms, 0 overruns | out 60.5k pps 394 kbps/client, 394 Mbps | in 30.0k pps 16 kbps/client, 29.7 per recv, receive thread busy 4% | stand-ins: repeated 0.00% frozen 0.00%, 0 late inputs | per client-tick: 1569 B (near 427 B, 99% deltas), near 64.0 mid 86.0 far 0.0, far skipped 0 starved 0 | input wait p50 50.2 p99 67.3 ms | 0 joins deferred | kernel drops rcv 0 snd 0
         p50/p99 ms: ingress 0.61/0.86  events 0.00/0.00  movement 0.27/0.34  grid 0.18/0.26  separate 0.03/0.06  history 0.00/0.00  shots 0.26/0.49  serialize 0.05/0.11  assembly 4.39/5.00  transport 0.00/0.00  egress 0.03/0.07
[   40s] clients 1000 | level 0 (0-0 in window: 30 Hz, dilation 1.0), pace 1.00, 0.0% clients bandwidth-degraded | tick p50 6.16 p99 6.80 max 7.03 ms, 0 overruns | out 60.5k pps 393 kbps/client, 393 Mbps | in 30.0k pps 16 kbps/client, 29.5 per recv, receive thread busy 4% | stand-ins: repeated 0.00% frozen 0.00%, 0 late inputs | per client-tick: 1568 B (near 427 B, 99% deltas), near 64.0 mid 86.0 far 0.0, far skipped 0 starved 0 | input wait p50 50.2 p99 67.3 ms | 0 joins deferred | kernel drops rcv 0 snd 0
         p50/p99 ms: ingress 0.61/0.86  events 0.00/0.00  movement 0.27/0.33  grid 0.18/0.27  separate 0.03/0.05  history 0.00/0.00  shots 0.27/0.43  serialize 0.05/0.10  assembly 4.36/4.98  transport 0.00/0.00  egress 0.03/0.07
[   45s] clients 1000 | level 0 (0-0 in window: 30 Hz, dilation 1.0), pace 1.00, 0.0% clients bandwidth-degraded | tick p50 6.15 p99 6.93 max 7.09 ms, 0 overruns | out 60.5k pps 394 kbps/client, 394 Mbps | in 30.0k pps 16 kbps/client, 29.7 per recv, receive thread busy 4% | stand-ins: repeated 0.00% frozen 0.00%, 0 late inputs | per client-tick: 1569 B (near 427 B, 99% deltas), near 64.0 mid 86.0 far 0.0, far skipped 0 starved 0 | input wait p50 50.2 p99 67.3 ms | 0 joins deferred | kernel drops rcv 0 snd 0
         p50/p99 ms: ingress 0.61/0.85  events 0.00/0.00  movement 0.27/0.34  grid 0.18/0.27  separate 0.03/0.04  history 0.00/0.00  shots 0.28/0.45  serialize 0.05/0.09  assembly 4.38/5.07  transport 0.00/0.00  egress 0.03/0.07
[   50s] clients 1000 | level 0 (0-0 in window: 30 Hz, dilation 1.0), pace 1.00, 0.0% clients bandwidth-degraded | tick p50 6.28 p99 7.24 max 7.44 ms, 0 overruns | out 60.5k pps 394 kbps/client, 394 Mbps | in 30.0k pps 16 kbps/client, 29.6 per recv, receive thread busy 4% | stand-ins: repeated 0.00% frozen 0.00%, 0 late inputs | per client-tick: 1569 B (near 428 B, 99% deltas), near 64.0 mid 86.0 far 0.0, far skipped 0 starved 0 | input wait p50 50.2 p99 67.3 ms | 0 joins deferred | kernel drops rcv 0 snd 0
         p50/p99 ms: ingress 0.66/1.00  events 0.00/0.00  movement 0.27/0.38  grid 0.20/0.27  separate 0.04/0.05  history 0.00/0.00  shots 0.28/0.48  serialize 0.05/0.10  assembly 4.42/5.12  transport 0.00/0.00  egress 0.03/0.06
[   55s] clients 1000 | level 0 (0-0 in window: 30 Hz, dilation 1.0), pace 1.00, 0.0% clients bandwidth-degraded | tick p50 6.21 p99 6.96 max 7.09 ms, 0 overruns | out 60.5k pps 393 kbps/client, 393 Mbps | in 30.0k pps 16 kbps/client, 29.7 per recv, receive thread busy 4% | stand-ins: repeated 0.00% frozen 0.00%, 0 late inputs | per client-tick: 1568 B (near 427 B, 99% deltas), near 64.0 mid 86.0 far 0.0, far skipped 0 starved 0 | input wait p50 50.2 p99 67.3 ms | 0 joins deferred | kernel drops rcv 0 snd 0
         p50/p99 ms: ingress 0.66/0.94  events 0.00/0.00  movement 0.27/0.31  grid 0.19/0.30  separate 0.04/0.05  history 0.00/0.00  shots 0.27/0.48  serialize 0.05/0.09  assembly 4.39/4.95  transport 0.00/0.00  egress 0.03/0.06
[   60s] clients 941 | level 0 (0-0 in window: 30 Hz, dilation 1.0), pace 1.00, 0.0% clients bandwidth-degraded | tick p50 6.24 p99 7.11 max 8.54 ms, 0 overruns | out 60.5k pps 393 kbps/client, 393 Mbps | in 30.2k pps 16 kbps/client, 29.9 per recv, receive thread busy 4% | stand-ins: repeated 0.00% frozen 0.00%, 0 late inputs | per client-tick: 1569 B (near 428 B, 99% deltas), near 64.0 mid 86.0 far 0.0, far skipped 0 starved 0 | input wait p50 50.2 p99 67.3 ms | 0 joins deferred | kernel drops rcv 0 snd 0
         p50/p99 ms: ingress 0.65/1.01  events 0.00/0.00  movement 0.27/0.35  grid 0.19/0.27  separate 0.03/0.06  history 0.00/0.01  shots 0.27/0.50  serialize 0.05/0.10  assembly 4.44/5.03  transport 0.00/0.00  egress 0.03/0.06
[   60s] clients 0 | level 0 (0-0 in window: 30 Hz, dilation 1.0), pace 1.00, 0.0% clients bandwidth-degraded | tick p50 4.39 p99 4.69 max 4.69 ms, 0 overruns | out 16.7k pps 431 kbps/client, 117 Mbps | in 31.1k pps 30 kbps/client, 33.4 per recv, receive thread busy 5% | stand-ins: repeated 0.00% frozen 0.00%, 0 late inputs | per client-tick: 1593 B (near 595 B, 63% deltas), near 62.1 mid 75.6 far 0.0, far skipped 0 starved 0 | input wait p50 50.3 p99 67.7 ms | 0 joins deferred | kernel drops rcv 0 snd 0
         p50/p99 ms: ingress 0.32/0.78  events 0.63/2.08  movement 0.09/0.15  grid 0.14/0.21  separate 0.01/0.03  history 0.00/0.00  shots 0.14/0.23  serialize 0.02/0.05  assembly 0.41/2.52  transport 0.00/0.00  egress 0.03/0.04

== summary: 1709 steady-state ticks (after warmup, before clients drain), peak 1000 clients ==
  phase        p50 ms   p99 ms   max ms
  ingress        0.64     0.91     1.64
  events         0.00     0.00     0.58
  movement       0.27     0.34     0.82
  grid           0.19     0.27     0.60
  separate       0.04     0.05     0.08
  history        0.00     0.00     0.03
  shots          0.27     0.48     1.35
  serialize      0.05     0.10     0.15
  assembly       4.39     4.99     6.75
  transport      0.00     0.00     0.01
  egress         0.03     0.07     0.25
  tick           6.20     7.00     8.76
  overruns 0 | spawns 1000 despawns 1000 (87 joins deferred) | deaths 0 respawns 0 | stand-ins: repeated 0 frozen 0 | late inputs 0 discarded 0 | bad messages 0 | recv errors 0 send errors 0
  egress (whole run): 3624105 datagrams in 3624105 sends (1.00 per send), 115329 syscalls
  ingress (whole run): 1795749 datagrams in 60830 receive calls (29.52 per call)
  ticks per ladder level (whole run): L0: 1810
  input wait on the server (datagram arrival -> applied): p50 50.2 p99 67.3 max 71.7 mean 50.2 ms
  steady state: stand-ins repeated 0 frozen 0 | late inputs 0 discarded 0
  rewind of near targets (applied step - the input's render step for that tier): p50 242 p99 342 max 346 mean 234.0 ms (n=1785239)
  rewind of mid/far targets (applied step - the input's render step for that tier): p50 367 p99 433 max 435 mean 358.5 ms (n=1785239)
  render times ahead of the server (bogus) 0
  shots 275204 (late 0, refused 0, rewinds capped 183398) | hits head 1562 body 199388 (after cover 127, too late 0), kills 0 | ground 42170 cover 5351 expired 25722 | segments 4045362 candidates 1622908
