started=1000
welcomed=1000
failed=0
join_p50_ms=363
join_p99_ms=599
join_max_ms=766
corrections=13
corrections_per_bot_minute=0.013
correction_max_m=0.147
push_corrections=58
push_corrections_per_bot_minute=0.058
push_max_m=0.101
snapshots=1780295
near_per_snapshot=4.4
mid_per_snapshot=4.2
far_per_snapshot=6.3
stale_snapshots=3
resyncs=0
input_applied_p50_ms=86.0
input_applied_p99_ms=113.0
input_applied_mean_ms=87.0
server_wait_p50_ms=44.4
server_wait_p99_ms=70.2
server_wait_mean_ms=45.0
round_trip_p50_ms=133.0
round_trip_p99_ms=167.0
round_trip_mean_ms=140.1
near_interval_p50_ms=33.0
near_interval_p99_ms=33.0
near_interval_mean_ms=33.2
mid_interval_p50_ms=100.0
mid_interval_p99_ms=100.0
mid_interval_mean_ms=100.7
far_interval_p50_ms=500.0
far_interval_p99_ms=500.0
far_interval_mean_ms=502.5
near_interpolated_pct=99.83
near_extrapolated_pct=0.00
near_held_pct=0.00
near_new_pct=0.17
near_pop_p50_mm=0
near_pop_p99_mm=0
mid_interpolated_pct=96.90
mid_extrapolated_pct=2.89
mid_held_pct=0.04
mid_new_pct=0.17
mid_pop_p50_mm=0
mid_pop_p99_mm=133
far_interpolated_pct=20.75
far_extrapolated_pct=78.15
far_held_pct=0.89
far_new_pct=0.20
far_pop_p50_mm=554
far_pop_p99_mm=4970
render_delay_ms=100.1
render_snaps=0
render_backwards=0
clock_extra=1624
clock_skipped=840
backlog_skips=0
near_decode_errors=0
bytes_down_mb=438.1
bytes_up_mb=110.9
swarm_busy_pct=5
swarm_overruns=7
