minting tokens with the public dev key (--token-key to change)
1000 bots -> 127.0.0.1:40500 on 8 threads, ramp 0/s, 60s, 1000 full + 0 sink bots
[    5s] bots 1000/1000 connected, 1000 welcomed, 0 failed | 25.8 snaps/s/bot, entities/snap near 4.4 mid 4.2 far 6.4 | corrections 0.000/s/bot | down 52 up 13 kbps/bot | rtt 83.8 ms loss 0.07% | input->applied ~ p50 87 p99 123 ms, round trip p50 133 p99 167 ms | joins 1000 (p50 363 p99 599 ms) | server pace 1.00 level 0, 0 bots bandwidth-degraded | swarm busy 6%, overruns 7
[   10s] bots 1000/1000 connected, 1000 welcomed, 0 failed | 31.1 snaps/s/bot, entities/snap near 4.4 mid 4.2 far 6.3 | corrections 0.000/s/bot | down 61 up 15 kbps/bot | rtt 83.8 ms loss 0.48% | input->applied ~ p50 86 p99 107 ms, round trip p50 133 p99 167 ms | joins 0 (p50 0 p99 0 ms) | server pace 1.00 level 0, 0 bots bandwidth-degraded | swarm busy 5%, overruns 0
[   15s] bots 1000/1000 connected, 1000 welcomed, 0 failed | 28.6 snaps/s/bot, entities/snap near 4.4 mid 4.2 far 6.3 | corrections 0.000/s/bot | down 56 up 14 kbps/bot | rtt 84.0 ms loss 0.53% | input->applied ~ p50 86 p99 106 ms, round trip p50 133 p99 167 ms | joins 0 (p50 0 p99 0 ms) | server pace 1.00 level 0, 0 bots bandwidth-degraded | swarm busy 5%, overruns 0
[   20s] bots 1000/1000 connected, 1000 welcomed, 0 failed | 30.4 snaps/s/bot, entities/snap near 4.4 mid 4.2 far 6.3 | corrections 0.000/s/bot | down 60 up 15 kbps/bot | rtt 83.8 ms loss 0.54% | input->applied ~ p50 86 p99 106 ms, round trip p50 133 p99 167 ms | joins 0 (p50 0 p99 0 ms) | server pace 1.00 level 0, 0 bots bandwidth-degraded | swarm busy 5%, overruns 0
[   25s] bots 1000/1000 connected, 1000 welcomed, 0 failed | 29.5 snaps/s/bot, entities/snap near 4.4 mid 4.2 far 6.3 | corrections 0.000/s/bot | down 58 up 15 kbps/bot | rtt 83.9 ms loss 0.50% | input->applied ~ p50 86 p99 107 ms, round trip p50 133 p99 167 ms | joins 0 (p50 0 p99 0 ms) | server pace 1.00 level 0, 0 bots bandwidth-degraded | swarm busy 5%, overruns 0
[   30s] bots 1000/1000 connected, 1000 welcomed, 0 failed | 29.5 snaps/s/bot, entities/snap near 4.4 mid 4.2 far 6.3 | corrections 0.000/s/bot | down 58 up 15 kbps/bot | rtt 83.7 ms loss 0.46% | input->applied ~ p50 86 p99 107 ms, round trip p50 133 p99 167 ms | joins 0 (p50 0 p99 0 ms) | server pace 1.00 level 0, 0 bots bandwidth-degraded | swarm busy 5%, overruns 0
[   35s] bots 1000/1000 connected, 1000 welcomed, 0 failed | 30.9 snaps/s/bot, entities/snap near 4.4 mid 4.2 far 6.3 | corrections 0.000/s/bot | down 61 up 15 kbps/bot | rtt 83.7 ms loss 0.50% | input->applied ~ p50 86 p99 108 ms, round trip p50 133 p99 167 ms | joins 0 (p50 0 p99 0 ms) | server pace 1.00 level 0, 0 bots bandwidth-degraded | swarm busy 5%, overruns 0
[   40s] bots 1000/1000 connected, 1000 welcomed, 0 failed | 29.5 snaps/s/bot, entities/snap near 4.4 mid 4.2 far 6.3 | corrections 0.000/s/bot | down 58 up 15 kbps/bot | rtt 83.8 ms loss 0.50% | input->applied ~ p50 86 p99 107 ms, round trip p50 133 p99 167 ms | joins 0 (p50 0 p99 0 ms) | server pace 1.00 level 0, 0 bots bandwidth-degraded | swarm busy 5%, overruns 0
[   45s] bots 1000/1000 connected, 1000 welcomed, 0 failed | 29.4 snaps/s/bot, entities/snap near 4.4 mid 4.2 far 6.3 | corrections 0.000/s/bot | down 58 up 15 kbps/bot | rtt 83.7 ms loss 0.55% | input->applied ~ p50 86 p99 106 ms, round trip p50 133 p99 167 ms | joins 0 (p50 0 p99 0 ms) | server pace 1.00 level 0, 0 bots bandwidth-degraded | swarm busy 5%, overruns 0
[   50s] bots 1000/1000 connected, 1000 welcomed, 0 failed | 30.6 snaps/s/bot, entities/snap near 4.4 mid 4.2 far 6.3 | corrections 0.001/s/bot | down 60 up 15 kbps/bot | rtt 83.9 ms loss 0.54% | input->applied ~ p50 86 p99 112 ms, round trip p50 133 p99 167 ms | joins 0 (p50 0 p99 0 ms) | server pace 1.00 level 0, 0 bots bandwidth-degraded | swarm busy 5%, overruns 0
[   55s] bots 1000/1000 connected, 1000 welcomed, 0 failed | 29.0 snaps/s/bot, entities/snap near 4.4 mid 4.2 far 6.3 | corrections 0.000/s/bot | down 57 up 14 kbps/bot | rtt 83.6 ms loss 0.54% | input->applied ~ p50 86 p99 111 ms, round trip p50 133 p99 167 ms | joins 0 (p50 0 p99 0 ms) | server pace 1.00 level 0, 0 bots bandwidth-degraded | swarm busy 5%, overruns 0
[   60s] bots 1000/1000 connected, 1000 welcomed, 0 failed | 30.2 snaps/s/bot, entities/snap near 4.4 mid 4.2 far 6.3 | corrections 0.000/s/bot | down 59 up 15 kbps/bot | rtt 83.7 ms loss 0.52% | input->applied ~ p50 86 p99 108 ms, round trip p50 133 p99 167 ms | joins 0 (p50 0 p99 0 ms) | server pace 1.00 level 0, 0 bots bandwidth-degraded | swarm busy 5%, overruns 0

== bots summary ==
  started 1000 welcomed 1000 failed 0
  join latency ms: p50 363 p99 599 max 766 (n=1000)
  corrections 13 (0.01/bot-minute), mean error 0.086 m, max 0.147 m
  push corrections (the server pushed us apart from a crowd) 58 (0.06/bot-minute), max 0.101 m
  snapshots 1780295 (entities per snapshot: near 4.4 mid 4.2 far 6.3), stale 3, unmatched acks 0, resyncs 0
  input -> applied on server (est. RTT/2 + server wait): p50 86.0 p99 113.0 max 162.0 mean 87.0 ms (n=1777351)
    of which server wait (arrival -> applied): p50 44.4 p99 70.2 max 119.4 mean 45.0 ms (n=1777351)
  input -> seen acked (round trip): p50 133.0 p99 167.0 max 234.0 mean 140.1 ms (n=1777621)
  near entity update interval (tracked bots): p50 33.0 p99 33.0 max 166.0 mean 33.2 ms (n=417319)
  mid entity update interval (tracked bots): p50 100.0 p99 100.0 max 600.0 mean 100.7 ms (n=381545)
  far entity update interval (tracked bots): p50 500.0 p99 500.0 max 2000.0 mean 502.5 ms (n=545120)
  near drawn (tracked bots): 99.83% interpolated, 0.00% extrapolated, 0.00% held, 0.17% new | pops p50 0 p99 0 max 189 mm
  mid drawn (tracked bots): 96.90% interpolated, 2.89% extrapolated, 0.04% held, 0.17% new | pops p50 0 p99 133 max 5075 mm
  far drawn (tracked bots): 20.75% interpolated, 78.15% extrapolated, 0.89% held, 0.20% new | pops p50 554 p99 4970 max 10934 mm
  render delay 100.1 ms behind the newest step, clock snaps 0 (backwards 0)
  input clock: 1624 extra inputs, 840 skipped ticks, 0 backlog skips | near decode errors (tracked bots) 0
  bytes down 438.1 MB up 110.9 MB | swarm busy 5% of its threads' time, tick overruns 7
