preallocated connections for 10000 clients in 258.145647ms
listening on 127.0.0.1:40500 | spawn Uniform | tiers near 64@150 m, mid 500 m, far 1500 m, budget 6250 B/tick, squads of 4 | 8 rayon threads, 64 shards, 1 socket(s), 256 accepts/tick, egress SendMmsg | socket buffers rcv 8192 KiB snd 8192 KiB
WARNING: token key is the public dev key; anyone can mint tokens for this server (--token-key)
[    5s] clients 1000 | level 0 (0-0 in window: 30 Hz, dilation 1.0), pace 1.00, 0.0% clients bandwidth-degraded | tick p50 4.00 p99 6.32 max 16.03 ms, 0 overruns | out 27.8k pps 59 kbps/client, 54 Mbps | in 26.7k pps 16 kbps/client | stand-ins: repeated 0.01% frozen 0.00%, 17 late inputs | per client-tick: 211 B (near 37 B, 96% deltas), near 4.3 mid 4.1 far 6.2, far skipped 0 starved 0 | input wait p50 44.9 p99 80.3 ms | 361 joins deferred | kernel drops rcv 0 snd 0
         p50/p99 ms: ingress 0.36/1.06  events 0.10/1.54  movement 0.27/0.35  grid 0.17/0.24  separate 0.17/0.29  history 0.00/0.01  serialize 0.04/0.08  assembly 0.81/1.46  transport 0.39/0.97  egress 1.59/2.05
[   10s] clients 1000 | level 0 (0-0 in window: 30 Hz, dilation 1.0), pace 1.00, 0.0% clients bandwidth-degraded | tick p50 4.11 p99 4.91 max 4.97 ms, 0 overruns | out 30.0k pps 59 kbps/client, 59 Mbps | in 29.8k pps 15 kbps/client | stand-ins: repeated 0.02% frozen 0.00%, 24 late inputs | per client-tick: 211 B (near 36 B, 100% deltas), near 4.4 mid 4.2 far 6.3, far skipped 0 starved 0 | input wait p50 44.4 p99 65.1 ms | 0 joins deferred | kernel drops rcv 0 snd 0
         p50/p99 ms: ingress 0.36/0.86  events 0.10/0.24  movement 0.29/0.41  grid 0.18/0.39  separate 0.18/0.27  history 0.00/0.01  serialize 0.04/0.10  assembly 0.87/1.19  transport 0.41/0.84  egress 1.62/2.06
[   15s] clients 1000 | level 0 (0-0 in window: 30 Hz, dilation 1.0), pace 1.00, 0.0% clients bandwidth-degraded | tick p50 4.09 p99 4.96 max 5.12 ms, 0 overruns | out 30.0k pps 59 kbps/client, 59 Mbps | in 29.8k pps 15 kbps/client | stand-ins: repeated 0.01% frozen 0.00%, 17 late inputs | per client-tick: 211 B (near 36 B, 100% deltas), near 4.4 mid 4.2 far 6.3, far skipped 0 starved 0 | input wait p50 44.4 p99 64.4 ms | 0 joins deferred | kernel drops rcv 0 snd 0
         p50/p99 ms: ingress 0.38/0.78  events 0.10/0.23  movement 0.28/0.41  grid 0.18/0.30  separate 0.18/0.35  history 0.00/0.01  serialize 0.04/0.12  assembly 0.87/1.26  transport 0.40/0.85  egress 1.56/1.89
[   20s] clients 1000 | level 0 (0-0 in window: 30 Hz, dilation 1.0), pace 1.00, 0.0% clients bandwidth-degraded | tick p50 4.13 p99 4.87 max 4.96 ms, 0 overruns | out 30.0k pps 59 kbps/client, 59 Mbps | in 29.8k pps 15 kbps/client | stand-ins: repeated 0.01% frozen 0.00%, 22 late inputs | per client-tick: 211 B (near 36 B, 100% deltas), near 4.4 mid 4.2 far 6.3, far skipped 0 starved 0 | input wait p50 44.4 p99 64.9 ms | 0 joins deferred | kernel drops rcv 0 snd 0
         p50/p99 ms: ingress 0.37/0.64  events 0.10/0.19  movement 0.27/0.40  grid 0.18/0.33  separate 0.17/0.32  history 0.00/0.00  serialize 0.04/0.09  assembly 0.87/1.18  transport 0.40/0.90  egress 1.63/2.08
[   25s] clients 1000 | level 0 (0-0 in window: 30 Hz, dilation 1.0), pace 1.00, 0.0% clients bandwidth-degraded | tick p50 4.13 p99 4.87 max 5.17 ms, 0 overruns | out 30.0k pps 59 kbps/client, 59 Mbps | in 29.8k pps 15 kbps/client | stand-ins: repeated 0.01% frozen 0.00%, 20 late inputs | per client-tick: 211 B (near 36 B, 100% deltas), near 4.4 mid 4.2 far 6.3, far skipped 0 starved 0 | input wait p50 44.4 p99 65.4 ms | 0 joins deferred | kernel drops rcv 0 snd 0
         p50/p99 ms: ingress 0.38/0.83  events 0.10/0.22  movement 0.28/0.38  grid 0.17/0.25  separate 0.17/0.25  history 0.00/0.01  serialize 0.04/0.09  assembly 0.90/1.17  transport 0.41/0.93  egress 1.60/2.09
[   30s] clients 1000 | level 0 (0-0 in window: 30 Hz, dilation 1.0), pace 1.00, 0.0% clients bandwidth-degraded | tick p50 4.10 p99 4.89 max 5.03 ms, 0 overruns | out 30.0k pps 59 kbps/client, 59 Mbps | in 29.8k pps 15 kbps/client | stand-ins: repeated 0.01% frozen 0.00%, 21 late inputs | per client-tick: 211 B (near 36 B, 100% deltas), near 4.4 mid 4.2 far 6.3, far skipped 0 starved 0 | input wait p50 44.4 p99 65.4 ms | 0 joins deferred | kernel drops rcv 0 snd 0
         p50/p99 ms: ingress 0.37/0.56  events 0.10/0.23  movement 0.28/0.43  grid 0.19/0.33  separate 0.17/0.30  history 0.00/0.00  serialize 0.04/0.16  assembly 0.88/1.27  transport 0.41/0.87  egress 1.61/2.01
[   35s] clients 1000 | level 0 (0-0 in window: 30 Hz, dilation 1.0), pace 1.00, 0.0% clients bandwidth-degraded | tick p50 4.09 p99 4.76 max 5.12 ms, 0 overruns | out 30.0k pps 59 kbps/client, 59 Mbps | in 29.8k pps 15 kbps/client | stand-ins: repeated 0.02% frozen 0.00%, 27 late inputs | per client-tick: 211 B (near 36 B, 100% deltas), near 4.4 mid 4.2 far 6.3, far skipped 0 starved 0 | input wait p50 44.5 p99 66.9 ms | 0 joins deferred | kernel drops rcv 0 snd 0
         p50/p99 ms: ingress 0.37/0.74  events 0.10/0.18  movement 0.28/0.44  grid 0.17/0.25  separate 0.17/0.26  history 0.00/0.00  serialize 0.04/0.09  assembly 0.89/1.13  transport 0.40/0.81  egress 1.61/1.99
[   40s] clients 1000 | level 0 (0-0 in window: 30 Hz, dilation 1.0), pace 1.00, 0.0% clients bandwidth-degraded | tick p50 4.18 p99 5.03 max 5.29 ms, 0 overruns | out 30.0k pps 59 kbps/client, 59 Mbps | in 29.8k pps 15 kbps/client | stand-ins: repeated 0.01% frozen 0.00%, 22 late inputs | per client-tick: 211 B (near 36 B, 100% deltas), near 4.4 mid 4.2 far 6.3, far skipped 0 starved 0 | input wait p50 44.4 p99 65.2 ms | 0 joins deferred | kernel drops rcv 0 snd 0
         p50/p99 ms: ingress 0.38/0.65  events 0.10/0.15  movement 0.29/0.43  grid 0.17/0.22  separate 0.18/0.29  history 0.00/0.00  serialize 0.04/0.07  assembly 0.90/1.30  transport 0.40/0.97  egress 1.64/1.96
[   45s] clients 1000 | level 0 (0-0 in window: 30 Hz, dilation 1.0), pace 1.00, 0.0% clients bandwidth-degraded | tick p50 4.10 p99 4.94 max 5.15 ms, 0 overruns | out 30.0k pps 59 kbps/client, 59 Mbps | in 29.8k pps 15 kbps/client | stand-ins: repeated 0.01% frozen 0.00%, 16 late inputs | per client-tick: 211 B (near 36 B, 100% deltas), near 4.4 mid 4.2 far 6.3, far skipped 0 starved 0 | input wait p50 44.4 p99 64.8 ms | 0 joins deferred | kernel drops rcv 0 snd 0
         p50/p99 ms: ingress 0.39/0.94  events 0.10/0.23  movement 0.28/0.37  grid 0.16/0.31  separate 0.18/0.33  history 0.00/0.00  serialize 0.04/0.12  assembly 0.84/1.22  transport 0.41/0.85  egress 1.62/1.99
[   50s] clients 1000 | level 0 (0-0 in window: 30 Hz, dilation 1.0), pace 1.00, 0.0% clients bandwidth-degraded | tick p50 4.08 p99 4.93 max 5.19 ms, 0 overruns | out 30.0k pps 59 kbps/client, 59 Mbps | in 29.8k pps 15 kbps/client | stand-ins: repeated 0.02% frozen 0.00%, 32 late inputs | per client-tick: 211 B (near 36 B, 100% deltas), near 4.4 mid 4.2 far 6.3, far skipped 0 starved 0 | input wait p50 44.5 p99 69.2 ms | 0 joins deferred | kernel drops rcv 0 snd 0
         p50/p99 ms: ingress 0.38/0.79  events 0.10/0.21  movement 0.28/0.38  grid 0.18/0.29  separate 0.17/0.34  history 0.00/0.00  serialize 0.04/0.11  assembly 0.89/1.18  transport 0.41/1.03  egress 1.61/2.23
[   55s] clients 1000 | level 0 (0-0 in window: 30 Hz, dilation 1.0), pace 1.00, 0.0% clients bandwidth-degraded | tick p50 4.08 p99 4.77 max 4.89 ms, 0 overruns | out 30.0k pps 59 kbps/client, 59 Mbps | in 29.8k pps 15 kbps/client | stand-ins: repeated 0.02% frozen 0.00%, 25 late inputs | per client-tick: 211 B (near 36 B, 100% deltas), near 4.4 mid 4.2 far 6.3, far skipped 0 starved 0 | input wait p50 44.4 p99 67.7 ms | 0 joins deferred | kernel drops rcv 0 snd 0
         p50/p99 ms: ingress 0.37/0.69  events 0.10/0.15  movement 0.28/0.41  grid 0.17/0.22  separate 0.18/0.28  history 0.00/0.00  serialize 0.04/0.07  assembly 0.86/1.15  transport 0.41/0.83  egress 1.61/2.02
[   60s] clients 1000 | level 0 (0-0 in window: 30 Hz, dilation 1.0), pace 1.00, 0.0% clients bandwidth-degraded | tick p50 4.08 p99 5.18 max 5.45 ms, 0 overruns | out 30.0k pps 59 kbps/client, 59 Mbps | in 29.8k pps 15 kbps/client | stand-ins: repeated 0.02% frozen 0.00%, 27 late inputs | per client-tick: 211 B (near 36 B, 100% deltas), near 4.4 mid 4.2 far 6.3, far skipped 0 starved 0 | input wait p50 44.4 p99 67.2 ms | 0 joins deferred | kernel drops rcv 0 snd 0
         p50/p99 ms: ingress 0.38/0.71  events 0.10/0.15  movement 0.28/0.43  grid 0.17/0.22  separate 0.18/0.28  history 0.00/0.02  serialize 0.04/0.07  assembly 0.89/1.31  transport 0.40/0.98  egress 1.62/1.97
[   60s] clients 0 | level 0 (0-0 in window: 30 Hz, dilation 1.0), pace 1.00, 0.0% clients bandwidth-degraded | tick p50 4.04 p99 4.86 max 4.86 ms, 0 overruns | out 19.1k pps 59 kbps/client, 37 Mbps | in 49.4k pps 22 kbps/client | stand-ins: repeated 0.05% frozen 0.00%, 0 late inputs | per client-tick: 205 B (near 34 B, 100% deltas), near 4.2 mid 4.0 far 6.1, far skipped 0 starved 0 | input wait p50 44.7 p99 64.8 ms | 0 joins deferred | kernel drops rcv 0 snd 0
         p50/p99 ms: ingress 0.41/0.54  events 0.20/0.51  movement 0.30/0.30  grid 0.16/0.20  separate 0.20/0.23  history 0.00/0.00  serialize 0.04/0.04  assembly 0.79/0.96  transport 0.36/0.39  egress 1.62/2.21

== summary: 1707 steady-state ticks (after warmup, before clients drain), peak 1000 clients ==
  phase        p50 ms   p99 ms   max ms
  ingress        0.38     0.74     1.11
  events         0.10     0.21     0.27
  movement       0.28     0.41     0.48
  grid           0.17     0.30     0.42
  separate       0.18     0.31     0.38
  history        0.00     0.00     0.02
  serialize      0.04     0.10     0.18
  assembly       0.88     1.23     1.41
  transport      0.41     0.90     1.19
  egress         1.61     2.02     2.26
  tick           4.10     4.90     5.45
  overruns 0 | spawns 1000 despawns 1000 (361 joins deferred) | stand-ins: repeated 271 frozen 0 | late inputs 270 discarded 0 | bad messages 0 | recv errors 0 send errors 0
  egress (whole run): 1797770 datagrams in 1797770 sends (1.00 per send), 115200 syscalls
  ticks per ladder level (whole run): L0: 1811
  input wait on the server (datagram arrival -> applied): p50 44.4 p99 70.2 max 119.4 mean 45.0 ms
  steady state: stand-ins repeated 260 frozen 0 | late inputs 259 discarded 0
  rewind (applied step - the input's render step, what lag compensation would rewind): p50 233 p99 267 max 300 mean 233.7 ms (n=1784686), render times ahead of the server 0
