started=1000
welcomed=1000
failed=0
join_p50_ms=150
join_p99_ms=429
join_max_ms=564
corrections=0
corrections_per_bot_minute=0.000
correction_max_m=0.000
push_corrections=44
push_corrections_per_bot_minute=0.044
push_max_m=0.100
snapshots=1795509
near_per_snapshot=4.3
mid_per_snapshot=4.2
far_per_snapshot=6.3
stale_snapshots=0
resyncs=0
input_applied_p50_ms=55.0
input_applied_p99_ms=67.0
input_applied_mean_ms=56.4
server_wait_p50_ms=52.9
server_wait_p99_ms=65.2
server_wait_mean_ms=54.2
round_trip_p50_ms=67.0
round_trip_p99_ms=100.0
round_trip_mean_ms=69.4
near_interval_p50_ms=33.0
near_interval_p99_ms=33.0
near_interval_mean_ms=33.0
mid_interval_p50_ms=100.0
mid_interval_p99_ms=100.0
mid_interval_mean_ms=100.2
far_interval_p50_ms=500.0
far_interval_p99_ms=500.0
far_interval_mean_ms=499.9
near_interpolated_pct=99.84
near_extrapolated_pct=0.00
near_held_pct=0.00
near_new_pct=0.16
near_pop_p50_mm=0
near_pop_p99_mm=0
mid_interpolated_pct=98.70
mid_extrapolated_pct=1.11
mid_held_pct=0.04
mid_new_pct=0.15
mid_pop_p50_mm=0
mid_pop_p99_mm=118
far_interpolated_pct=20.31
far_extrapolated_pct=79.00
far_held_pct=0.51
far_new_pct=0.17
far_pop_p50_mm=549
far_pop_p99_mm=4897
render_delay_ms=100.2
render_snaps=0
render_backwards=0
clock_extra=1000
clock_skipped=251
backlog_skips=0
near_decode_errors=0
bytes_down_mb=437.1
bytes_up_mb=111.3
swarm_busy_pct=8
swarm_overruns=4
