== uniform, 1000 bots, 60s -> baselines/2026-10-05-wsl2-m3b-netem/clean-uniform-1k-1
== summary: 1710 steady-state ticks (after warmup, before clients drain), peak 1000 clients ==
  phase        p50 ms   p99 ms   max ms
  ingress        0.36     0.55     1.35
  events         0.10     0.17     0.22
  movement       0.30     0.41     0.49
  grid           0.18     0.23     0.31
  separate       0.17     0.29     0.38
  history        0.00     0.00     0.02
  serialize      0.04     0.07     0.09
  assembly       0.84     1.21     1.33
  transport      0.41     0.88     1.13
  egress         1.40     1.76     7.84
  tick           3.82     4.51    11.16
  overruns 0 | spawns 1000 despawns 1000 (462 joins deferred) | stand-ins: repeated 0 frozen 0 | late inputs 0 discarded 0 | bad messages 0 | recv errors 0 send errors 0
  egress (whole run): 1799584 datagrams in 1799584 sends (1.00 per send), 115264 syscalls
  ticks per ladder level (whole run): L0: 1810
  input wait on the server (datagram arrival -> applied): p50 52.9 p99 65.2 max 87.8 mean 54.2 ms
  steady state: stand-ins repeated 0 frozen 0 | late inputs 0 discarded 0
  rewind (applied step - the input's render step, what lag compensation would rewind): p50 167 p99 200 max 227 mean 168.1 ms (n=1791011), render times ahead of the server 0
== bots summary ==
  started 1000 welcomed 1000 failed 0
  join latency ms: p50 150 p99 429 max 564 (n=1000)
  corrections 0 (0.00/bot-minute), mean error 0.000 m, max 0.000 m
  push corrections (the server pushed us apart from a crowd) 44 (0.04/bot-minute), max 0.100 m
  snapshots 1795509 (entities per snapshot: near 4.3 mid 4.2 far 6.3), stale 0, unmatched acks 0, resyncs 0
  input -> applied on server (est. RTT/2 + server wait): p50 55.0 p99 67.0 max 90.0 mean 56.4 ms (n=1794644)
    of which server wait (arrival -> applied): p50 52.9 p99 65.2 max 87.8 mean 54.2 ms (n=1794644)
  input -> seen acked (round trip): p50 67.0 p99 100.0 max 133.0 mean 69.4 ms (n=1794644)
  near entity update interval (tracked bots): p50 33.0 p99 33.0 max 100.0 mean 33.0 ms (n=368230)
  mid entity update interval (tracked bots): p50 100.0 p99 100.0 max 500.0 mean 100.2 ms (n=373749)
  far entity update interval (tracked bots): p50 500.0 p99 500.0 max 2000.0 mean 499.9 ms (n=538750)
  near drawn (tracked bots): 99.84% interpolated, 0.00% extrapolated, 0.00% held, 0.16% new | pops p50 0 p99 0 max 195 mm
  mid drawn (tracked bots): 98.70% interpolated, 1.11% extrapolated, 0.04% held, 0.15% new | pops p50 0 p99 118 max 6033 mm
  far drawn (tracked bots): 20.31% interpolated, 79.00% extrapolated, 0.51% held, 0.17% new | pops p50 549 p99 4897 max 16065 mm
  render delay 100.2 ms behind the newest step, clock snaps 0 (backwards 0)
  input clock: 1000 extra inputs, 251 skipped ticks, 0 backlog skips | near decode errors (tracked bots) 0
  bytes down 437.1 MB up 111.3 MB | swarm busy 8% of its threads' time, tick overruns 4
