spawn=uniform
egress=sendmmsg
ladder=on
threads=8
shards=64
sockets=1
peak_clients=1000
steady_ticks=1710
steady_secs=57.0
ingress_p50_ms=0.36
ingress_p99_ms=0.55
ingress_max_ms=1.35
events_p50_ms=0.10
events_p99_ms=0.17
events_max_ms=0.22
movement_p50_ms=0.30
movement_p99_ms=0.41
movement_max_ms=0.49
grid_p50_ms=0.18
grid_p99_ms=0.23
grid_max_ms=0.31
separate_p50_ms=0.17
separate_p99_ms=0.29
separate_max_ms=0.38
history_p50_ms=0.00
history_p99_ms=0.00
history_max_ms=0.02
serialize_p50_ms=0.04
serialize_p99_ms=0.07
serialize_max_ms=0.09
assembly_p50_ms=0.84
assembly_p99_ms=1.21
assembly_max_ms=1.33
transport_p50_ms=0.41
transport_p99_ms=0.88
transport_max_ms=1.13
egress_p50_ms=1.40
egress_p99_ms=1.76
egress_max_ms=7.84
tick_p50_ms=3.82
tick_p99_ms=4.51
tick_max_ms=11.16
steady_overruns=0
level_mode=0
tick_hz=30
dilation=1
levels=L0:1710
clients_avg=1000
out_pps=30016
in_pps=30049
egress_mbps=58.4
packets_per_client_tick=1.00
wire_bytes_per_client_tick=243
down_kbps_per_client=58.4
up_kbps_per_client=14.9
kernel_rcvbuf_drops=0
kernel_sndbuf_drops=0
snapshot_bytes_per_client_tick=208
near_bytes_per_client_tick=33
near_per_client_tick=4.3
mid_per_client_tick=4.2
far_per_client_tick=6.3
near_scanned_per_query=3
mid_scanned_per_query=7
far_skipped=0
far_starved=0
repeated=0
frozen=0
late_inputs=0
discarded_inputs=0
input_wait_p50_ms=52.9
input_wait_p99_ms=65.2
spawns=1000
despawns=1000
joins_deferred=462
bad_messages=0
recv_errors=0
send_errors=0
datagrams=1799584
sends=1799584
send_syscalls=115264
rewind_p50_ms=167
rewind_p99_ms=200
rewind_mean_ms=168.1
ingress_longest_p50_ms=0.02
ingress_work_p50_ms=0.73
assembly_longest_p50_ms=0.09
assembly_work_p50_ms=2.87
transport_longest_p50_ms=0.06
transport_work_p50_ms=1.42
egress_longest_p50_ms=0.20
egress_work_p50_ms=6.68
