preallocated connections for 10000 clients in 257.101638ms
listening on 127.0.0.1:40500 | spawn Uniform | tiers near 64@150 m, mid 500 m, far 1500 m, budget 6250 B/tick, squads of 4 | 8 rayon threads, 64 shards, 1 socket(s), 256 accepts/tick, egress SendMmsg | socket buffers rcv 8192 KiB snd 8192 KiB
WARNING: token key is the public dev key; anyone can mint tokens for this server (--token-key)
[    5s] clients 1000 | level 0 (0-0 in window: 30 Hz, dilation 1.0), pace 1.00, 0.0% clients bandwidth-degraded | tick p50 3.77 p99 5.57 max 17.60 ms, 0 overruns | out 28.3k pps 59 kbps/client, 54 Mbps | in 28.0k pps 16 kbps/client | stand-ins: repeated 0.00% frozen 0.00%, 0 late inputs | per client-tick: 208 B (near 34 B, 99% deltas), near 4.3 mid 4.2 far 6.2, far skipped 0 starved 0 | input wait p50 53.2 p99 83.9 ms | 462 joins deferred | kernel drops rcv 0 snd 0
         p50/p99 ms: ingress 0.36/1.29  events 0.10/1.66  movement 0.29/0.40  grid 0.17/0.24  separate 0.17/0.23  history 0.00/0.01  serialize 0.05/0.08  assembly 0.82/1.66  transport 0.40/0.99  egress 1.34/1.90
[   10s] clients 1000 | level 0 (0-0 in window: 30 Hz, dilation 1.0), pace 1.00, 0.0% clients bandwidth-degraded | tick p50 3.79 p99 4.47 max 4.78 ms, 0 overruns | out 30.0k pps 58 kbps/client, 58 Mbps | in 30.0k pps 15 kbps/client | stand-ins: repeated 0.00% frozen 0.00%, 0 late inputs | per client-tick: 208 B (near 33 B, 100% deltas), near 4.3 mid 4.2 far 6.3, far skipped 0 starved 0 | input wait p50 52.8 p99 65.1 ms | 0 joins deferred | kernel drops rcv 0 snd 0
         p50/p99 ms: ingress 0.35/0.42  events 0.10/0.13  movement 0.29/0.40  grid 0.17/0.24  separate 0.17/0.34  history 0.00/0.00  serialize 0.04/0.09  assembly 0.79/1.22  transport 0.41/0.82  egress 1.39/1.74
[   15s] clients 1000 | level 0 (0-0 in window: 30 Hz, dilation 1.0), pace 1.00, 0.0% clients bandwidth-degraded | tick p50 3.84 p99 4.57 max 5.47 ms, 0 overruns | out 30.0k pps 58 kbps/client, 58 Mbps | in 30.0k pps 15 kbps/client | stand-ins: repeated 0.00% frozen 0.00%, 0 late inputs | per client-tick: 208 B (near 33 B, 100% deltas), near 4.3 mid 4.2 far 6.3, far skipped 0 starved 0 | input wait p50 52.8 p99 65.1 ms | 0 joins deferred | kernel drops rcv 0 snd 0
         p50/p99 ms: ingress 0.36/0.59  events 0.10/0.17  movement 0.29/0.47  grid 0.18/0.23  separate 0.17/0.34  history 0.00/0.00  serialize 0.04/0.07  assembly 0.85/1.19  transport 0.41/0.85  egress 1.42/1.72
[   20s] clients 1000 | level 0 (0-0 in window: 30 Hz, dilation 1.0), pace 1.00, 0.0% clients bandwidth-degraded | tick p50 3.85 p99 4.65 max 4.66 ms, 0 overruns | out 30.0k pps 58 kbps/client, 58 Mbps | in 30.0k pps 15 kbps/client | stand-ins: repeated 0.00% frozen 0.00%, 0 late inputs | per client-tick: 208 B (near 33 B, 100% deltas), near 4.3 mid 4.2 far 6.3, far skipped 0 starved 0 | input wait p50 52.8 p99 65.1 ms | 0 joins deferred | kernel drops rcv 0 snd 0
         p50/p99 ms: ingress 0.36/0.59  events 0.10/0.20  movement 0.30/0.43  grid 0.18/0.22  separate 0.17/0.29  history 0.00/0.00  serialize 0.04/0.07  assembly 0.83/1.22  transport 0.41/0.90  egress 1.42/1.73
[   25s] clients 1000 | level 0 (0-0 in window: 30 Hz, dilation 1.0), pace 1.00, 0.0% clients bandwidth-degraded | tick p50 3.81 p99 4.43 max 4.49 ms, 0 overruns | out 30.0k pps 58 kbps/client, 58 Mbps | in 30.0k pps 15 kbps/client | stand-ins: repeated 0.00% frozen 0.00%, 0 late inputs | per client-tick: 208 B (near 33 B, 100% deltas), near 4.3 mid 4.2 far 6.3, far skipped 0 starved 0 | input wait p50 52.9 p99 65.1 ms | 0 joins deferred | kernel drops rcv 0 snd 0
         p50/p99 ms: ingress 0.35/0.43  events 0.10/0.15  movement 0.29/0.37  grid 0.18/0.21  separate 0.18/0.30  history 0.00/0.00  serialize 0.04/0.07  assembly 0.82/1.16  transport 0.41/0.93  egress 1.40/1.79
[   30s] clients 1000 | level 0 (0-0 in window: 30 Hz, dilation 1.0), pace 1.00, 0.0% clients bandwidth-degraded | tick p50 3.83 p99 4.41 max 4.72 ms, 0 overruns | out 30.0k pps 58 kbps/client, 58 Mbps | in 30.0k pps 15 kbps/client | stand-ins: repeated 0.00% frozen 0.00%, 0 late inputs | per client-tick: 208 B (near 34 B, 100% deltas), near 4.4 mid 4.2 far 6.3, far skipped 0 starved 0 | input wait p50 52.9 p99 65.1 ms | 0 joins deferred | kernel drops rcv 0 snd 0
         p50/p99 ms: ingress 0.36/0.46  events 0.10/0.15  movement 0.29/0.37  grid 0.17/0.22  separate 0.17/0.31  history 0.00/0.00  serialize 0.04/0.08  assembly 0.84/1.21  transport 0.40/0.94  egress 1.41/1.73
[   35s] clients 1000 | level 0 (0-0 in window: 30 Hz, dilation 1.0), pace 1.00, 0.0% clients bandwidth-degraded | tick p50 3.76 p99 4.25 max 4.66 ms, 0 overruns | out 30.0k pps 58 kbps/client, 58 Mbps | in 30.0k pps 15 kbps/client | stand-ins: repeated 0.00% frozen 0.00%, 0 late inputs | per client-tick: 208 B (near 33 B, 100% deltas), near 4.3 mid 4.2 far 6.3, far skipped 0 starved 0 | input wait p50 52.8 p99 65.1 ms | 0 joins deferred | kernel drops rcv 0 snd 0
         p50/p99 ms: ingress 0.36/0.73  events 0.10/0.20  movement 0.30/0.40  grid 0.17/0.22  separate 0.17/0.22  history 0.00/0.00  serialize 0.04/0.06  assembly 0.80/1.08  transport 0.41/0.81  egress 1.37/1.85
[   40s] clients 1000 | level 0 (0-0 in window: 30 Hz, dilation 1.0), pace 1.00, 0.0% clients bandwidth-degraded | tick p50 3.79 p99 4.32 max 4.42 ms, 0 overruns | out 30.0k pps 58 kbps/client, 58 Mbps | in 30.0k pps 15 kbps/client | stand-ins: repeated 0.00% frozen 0.00%, 0 late inputs | per client-tick: 208 B (near 33 B, 100% deltas), near 4.3 mid 4.2 far 6.3, far skipped 0 starved 0 | input wait p50 52.9 p99 65.1 ms | 0 joins deferred | kernel drops rcv 0 snd 0
         p50/p99 ms: ingress 0.35/0.47  events 0.10/0.20  movement 0.29/0.42  grid 0.18/0.21  separate 0.17/0.30  history 0.00/0.00  serialize 0.04/0.08  assembly 0.85/1.17  transport 0.40/0.91  egress 1.38/1.77
[   45s] clients 1000 | level 0 (0-0 in window: 30 Hz, dilation 1.0), pace 1.00, 0.0% clients bandwidth-degraded | tick p50 3.83 p99 4.77 max 5.73 ms, 0 overruns | out 30.0k pps 58 kbps/client, 58 Mbps | in 30.0k pps 15 kbps/client | stand-ins: repeated 0.00% frozen 0.00%, 0 late inputs | per client-tick: 208 B (near 33 B, 100% deltas), near 4.3 mid 4.2 far 6.3, far skipped 0 starved 0 | input wait p50 52.8 p99 65.1 ms | 0 joins deferred | kernel drops rcv 0 snd 0
         p50/p99 ms: ingress 0.35/0.52  events 0.10/0.16  movement 0.29/0.40  grid 0.18/0.23  separate 0.17/0.22  history 0.00/0.00  serialize 0.04/0.07  assembly 0.88/1.18  transport 0.41/0.81  egress 1.39/1.76
[   50s] clients 1000 | level 0 (0-0 in window: 30 Hz, dilation 1.0), pace 1.00, 0.0% clients bandwidth-degraded | tick p50 3.83 p99 5.30 max 11.16 ms, 0 overruns | out 30.0k pps 58 kbps/client, 58 Mbps | in 30.0k pps 15 kbps/client | stand-ins: repeated 0.00% frozen 0.00%, 0 late inputs | per client-tick: 208 B (near 33 B, 100% deltas), near 4.3 mid 4.2 far 6.3, far skipped 0 starved 0 | input wait p50 52.8 p99 65.1 ms | 0 joins deferred | kernel drops rcv 0 snd 0
         p50/p99 ms: ingress 0.36/0.47  events 0.10/0.16  movement 0.30/0.40  grid 0.17/0.25  separate 0.17/0.23  history 0.00/0.00  serialize 0.04/0.07  assembly 0.83/1.28  transport 0.42/0.84  egress 1.43/1.89
[   55s] clients 1000 | level 0 (0-0 in window: 30 Hz, dilation 1.0), pace 1.00, 0.0% clients bandwidth-degraded | tick p50 3.84 p99 4.50 max 4.51 ms, 0 overruns | out 30.0k pps 58 kbps/client, 58 Mbps | in 30.0k pps 15 kbps/client | stand-ins: repeated 0.00% frozen 0.00%, 0 late inputs | per client-tick: 208 B (near 33 B, 100% deltas), near 4.3 mid 4.2 far 6.3, far skipped 0 starved 0 | input wait p50 52.8 p99 65.1 ms | 0 joins deferred | kernel drops rcv 0 snd 0
         p50/p99 ms: ingress 0.36/0.71  events 0.10/0.21  movement 0.30/0.43  grid 0.18/0.22  separate 0.17/0.30  history 0.00/0.00  serialize 0.04/0.08  assembly 0.81/1.16  transport 0.41/0.89  egress 1.38/1.76
[   60s] clients 1000 | level 0 (0-0 in window: 30 Hz, dilation 1.0), pace 1.00, 0.0% clients bandwidth-degraded | tick p50 3.78 p99 4.34 max 4.37 ms, 0 overruns | out 30.0k pps 58 kbps/client, 58 Mbps | in 30.0k pps 15 kbps/client | stand-ins: repeated 0.00% frozen 0.00%, 0 late inputs | per client-tick: 208 B (near 33 B, 100% deltas), near 4.3 mid 4.2 far 6.3, far skipped 0 starved 0 | input wait p50 52.9 p99 65.1 ms | 0 joins deferred | kernel drops rcv 0 snd 0
         p50/p99 ms: ingress 0.35/0.50  events 0.09/0.14  movement 0.29/0.39  grid 0.18/0.28  separate 0.17/0.22  history 0.00/0.00  serialize 0.04/0.08  assembly 0.85/1.16  transport 0.41/0.82  egress 1.41/1.69
[   60s] clients 0 | level 0 (0-0 in window: 30 Hz, dilation 1.0), pace 1.00, 0.0% clients bandwidth-degraded | tick p50 3.35 p99 3.81 max 3.81 ms, 0 overruns | out 22.6k pps 59 kbps/client, 44 Mbps | in 44.5k pps 19 kbps/client | stand-ins: repeated 0.00% frozen 0.00%, 0 late inputs | per client-tick: 209 B (near 33 B, 100% deltas), near 4.3 mid 4.2 far 6.4, far skipped 0 starved 0 | input wait p50 52.9 p99 65.2 ms | 0 joins deferred | kernel drops rcv 0 snd 0
         p50/p99 ms: ingress 0.33/0.49  events 0.09/0.82  movement 0.28/0.34  grid 0.16/0.17  separate 0.15/0.18  history 0.00/0.00  serialize 0.04/0.04  assembly 0.67/1.01  transport 0.40/0.97  egress 1.00/1.44

== summary: 1710 steady-state ticks (after warmup, before clients drain), peak 1000 clients ==
  phase        p50 ms   p99 ms   max ms
  ingress        0.36     0.55     1.35
  events         0.10     0.17     0.22
  movement       0.30     0.41     0.49
  grid           0.18     0.23     0.31
  separate       0.17     0.29     0.38
  history        0.00     0.00     0.02
  serialize      0.04     0.07     0.09
  assembly       0.84     1.21     1.33
  transport      0.41     0.88     1.13
  egress         1.40     1.76     7.84
  tick           3.82     4.51    11.16
  overruns 0 | spawns 1000 despawns 1000 (462 joins deferred) | stand-ins: repeated 0 frozen 0 | late inputs 0 discarded 0 | bad messages 0 | recv errors 0 send errors 0
  egress (whole run): 1799584 datagrams in 1799584 sends (1.00 per send), 115264 syscalls
  ticks per ladder level (whole run): L0: 1810
  input wait on the server (datagram arrival -> applied): p50 52.9 p99 65.2 max 87.8 mean 54.2 ms
  steady state: stand-ins repeated 0 frozen 0 | late inputs 0 discarded 0
  rewind (applied step - the input's render step, what lag compensation would rewind): p50 167 p99 200 max 227 mean 168.1 ms (n=1791011), render times ahead of the server 0
