10000 bots -> 172.31.17.93:40500 on 28 threads x 8 slots, ramp 50/s, 240s, 10000 full + 0 sink bots
[    5s] bots 224/227 connected, 224 welcomed, 0 failed | 13.3 snaps/s/bot, entities/snap near 51.6 mid 30.4 far 0.0 | corrections 0.000/s/bot | down 80 up 7 kbps/bot | rtt 1.7 ms loss 0.00% | input->applied ~ p50 49 p99 67 ms, round trip p50 67 p99 100 ms | joins 224 (p50 84 p99 157 ms) | server pace 0.99 level 0, 0 bots bandwidth-degraded | swarm busy 0%, overruns 47
[   10s] bots 475/477 connected, 475 welcomed, 0 failed | 22.0 snaps/s/bot, entities/snap near 64.2 mid 77.8 far 0.0 | corrections 0.000/s/bot | down 243 up 11 kbps/bot | rtt 2.2 ms loss 0.00% | input->applied ~ p50 50 p99 67 ms, round trip p50 67 p99 100 ms | joins 251 (p50 83 p99 157 ms) | server pace 1.00 level 0, 0 bots bandwidth-degraded | swarm busy 1%, overruns 0
[   15s] bots 725/728 connected, 725 welcomed, 0 failed | 24.8 snaps/s/bot, entities/snap near 64.2 mid 86.2 far 0.0 | corrections 0.000/s/bot | down 294 up 13 kbps/bot | rtt 2.8 ms loss 0.00% | input->applied ~ p50 51 p99 68 ms, round trip p50 67 p99 100 ms | joins 250 (p50 84 p99 163 ms) | server pace 1.00 level 0, 0 bots bandwidth-degraded | swarm busy 1%, overruns 0
[   20s] bots 976/979 connected, 976 welcomed, 0 failed | 26.2 snaps/s/bot, entities/snap near 64.1 mid 86.2 far 0.0 | corrections 0.000/s/bot | down 311 up 13 kbps/bot | rtt 3.2 ms loss 0.00% | input->applied ~ p50 51 p99 68 ms, round trip p50 67 p99 100 ms | joins 251 (p50 84 p99 163 ms) | server pace 1.00 level 0, 0 bots bandwidth-degraded | swarm busy 1%, overruns 0
[   25s] bots 1227/1231 connected, 1227 welcomed, 0 failed | 27.0 snaps/s/bot, entities/snap near 64.1 mid 86.1 far 0.0 | corrections 0.000/s/bot | down 321 up 14 kbps/bot | rtt 3.7 ms loss 0.00% | input->applied ~ p50 51 p99 68 ms, round trip p50 67 p99 100 ms | joins 251 (p50 85 p99 163 ms) | server pace 1.00 level 0, 0 bots bandwidth-degraded | swarm busy 2%, overruns 0
[   30s] bots 1478/1482 connected, 1478 welcomed, 0 failed | 27.6 snaps/s/bot, entities/snap near 64.1 mid 86.1 far 0.0 | corrections 0.000/s/bot | down 328 up 14 kbps/bot | rtt 4.0 ms loss 0.00% | input->applied ~ p50 52 p99 68 ms, round trip p50 67 p99 100 ms | joins 251 (p50 85 p99 163 ms) | server pace 1.00 level 0, 0 bots bandwidth-degraded | swarm busy 3%, overruns 0
[   35s] bots 1726/1733 connected, 1726 welcomed, 0 failed | 28.0 snaps/s/bot, entities/snap near 64.1 mid 86.1 far 0.0 | corrections 0.000/s/bot | down 333 up 14 kbps/bot | rtt 4.5 ms loss 0.00% | input->applied ~ p50 52 p99 68 ms, round trip p50 67 p99 100 ms | joins 248 (p50 86 p99 164 ms) | server pace 1.00 level 0, 0 bots bandwidth-degraded | swarm busy 3%, overruns 0
[   40s] bots 1979/1984 connected, 1979 welcomed, 0 failed | 28.2 snaps/s/bot, entities/snap near 64.1 mid 86.1 far 0.0 | corrections 0.000/s/bot | down 336 up 14 kbps/bot | rtt 5.0 ms loss 0.00% | input->applied ~ p50 52 p99 69 ms, round trip p50 67 p99 100 ms | joins 253 (p50 88 p99 165 ms) | server pace 1.00 level 0, 0 bots bandwidth-degraded | swarm busy 4%, overruns 0
[   45s] bots 2231/2235 connected, 2231 welcomed, 0 failed | 28.4 snaps/s/bot, entities/snap near 64.1 mid 86.1 far 0.0 | corrections 0.000/s/bot | down 339 up 14 kbps/bot | rtt 5.1 ms loss 0.00% | input->applied ~ p50 52 p99 69 ms, round trip p50 67 p99 100 ms | joins 252 (p50 86 p99 164 ms) | server pace 1.00 level 0, 0 bots bandwidth-degraded | swarm busy 4%, overruns 0
[   50s] bots 2483/2486 connected, 2483 welcomed, 0 failed | 28.6 snaps/s/bot, entities/snap near 64.0 mid 86.1 far 0.0 | corrections 0.000/s/bot | down 341 up 14 kbps/bot | rtt 5.7 ms loss 0.00% | input->applied ~ p50 53 p99 69 ms, round trip p50 67 p99 100 ms | joins 252 (p50 86 p99 165 ms) | server pace 1.00 level 0, 0 bots bandwidth-degraded | swarm busy 5%, overruns 0
[   55s] bots 2733/2737 connected, 2733 welcomed, 0 failed | 28.7 snaps/s/bot, entities/snap near 64.0 mid 86.1 far 0.0 | corrections 0.000/s/bot | down 343 up 14 kbps/bot | rtt 6.0 ms loss 0.00% | input->applied ~ p50 53 p99 69 ms, round trip p50 67 p99 100 ms | joins 250 (p50 86 p99 164 ms) | server pace 1.00 level 0, 0 bots bandwidth-degraded | swarm busy 5%, overruns 0
[   60s] bots 2984/2987 connected, 2984 welcomed, 0 failed | 28.9 snaps/s/bot, entities/snap near 64.0 mid 86.1 far 0.0 | corrections 0.000/s/bot | down 345 up 15 kbps/bot | rtt 6.4 ms loss 0.00% | input->applied ~ p50 53 p99 69 ms, round trip p50 67 p99 100 ms | joins 251 (p50 86 p99 164 ms) | server pace 1.00 level 0, 0 bots bandwidth-degraded | swarm busy 6%, overruns 0
[   65s] bots 3236/3239 connected, 3236 welcomed, 0 failed | 28.9 snaps/s/bot, entities/snap near 64.0 mid 86.0 far 0.0 | corrections 0.000/s/bot | down 346 up 15 kbps/bot | rtt 7.1 ms loss 0.00% | input->applied ~ p50 53 p99 70 ms, round trip p50 67 p99 100 ms | joins 252 (p50 86 p99 164 ms) | server pace 1.00 level 0, 0 bots bandwidth-degraded | swarm busy 6%, overruns 0
[   70s] bots 3486/3490 connected, 3486 welcomed, 0 failed | 29.0 snaps/s/bot, entities/snap near 64.0 mid 86.0 far 0.0 | corrections 0.000/s/bot | down 347 up 15 kbps/bot | rtt 7.4 ms loss 0.00% | input->applied ~ p50 53 p99 70 ms, round trip p50 67 p99 100 ms | joins 250 (p50 87 p99 164 ms) | server pace 1.00 level 0, 0 bots bandwidth-degraded | swarm busy 7%, overruns 0
[   75s] bots 3735/3741 connected, 3735 welcomed, 0 failed | 29.1 snaps/s/bot, entities/snap near 64.0 mid 86.0 far 0.0 | corrections 0.000/s/bot | down 348 up 15 kbps/bot | rtt 7.6 ms loss 0.00% | input->applied ~ p50 54 p99 70 ms, round trip p50 67 p99 100 ms | joins 249 (p50 87 p99 165 ms) | server pace 1.00 level 0, 0 bots bandwidth-degraded | swarm busy 7%, overruns 0
[   80s] bots 3986/3993 connected, 3986 welcomed, 0 failed | 29.2 snaps/s/bot, entities/snap near 64.0 mid 86.0 far 0.0 | corrections 0.000/s/bot | down 349 up 15 kbps/bot | rtt 8.2 ms loss 0.00% | input->applied ~ p50 54 p99 70 ms, round trip p50 67 p99 100 ms | joins 251 (p50 91 p99 165 ms) | server pace 1.00 level 0, 0 bots bandwidth-degraded | swarm busy 8%, overruns 0
[   85s] bots 4240/4244 connected, 4240 welcomed, 0 failed | 29.2 snaps/s/bot, entities/snap near 64.0 mid 86.0 far 0.0 | corrections 0.000/s/bot | down 350 up 15 kbps/bot | rtt 8.7 ms loss 0.00% | input->applied ~ p50 54 p99 71 ms, round trip p50 67 p99 100 ms | joins 254 (p50 91 p99 164 ms) | server pace 1.00 level 0, 0 bots bandwidth-degraded | swarm busy 9%, overruns 0
[   90s] bots 4492/4495 connected, 4492 welcomed, 0 failed | 29.3 snaps/s/bot, entities/snap near 64.0 mid 86.0 far 0.0 | corrections 0.000/s/bot | down 350 up 15 kbps/bot | rtt 9.2 ms loss 0.00% | input->applied ~ p50 54 p99 71 ms, round trip p50 67 p99 100 ms | joins 252 (p50 88 p99 164 ms) | server pace 1.00 level 0, 0 bots bandwidth-degraded | swarm busy 9%, overruns 0
[   95s] bots 4743/4746 connected, 4743 welcomed, 0 failed | 29.3 snaps/s/bot, entities/snap near 64.0 mid 86.0 far 0.0 | corrections 0.000/s/bot | down 351 up 15 kbps/bot | rtt 9.4 ms loss 0.00% | input->applied ~ p50 55 p99 71 ms, round trip p50 67 p99 100 ms | joins 251 (p50 88 p99 165 ms) | server pace 1.00 level 0, 0 bots bandwidth-degraded | swarm busy 10%, overruns 0
[  100s] bots 4994/4997 connected, 4994 welcomed, 0 failed | 29.4 snaps/s/bot, entities/snap near 64.0 mid 86.0 far 0.0 | corrections 0.000/s/bot | down 352 up 15 kbps/bot | rtt 9.8 ms loss 0.00% | input->applied ~ p50 55 p99 71 ms, round trip p50 67 p99 100 ms | joins 251 (p50 88 p99 164 ms) | server pace 1.00 level 0, 0 bots bandwidth-degraded | swarm busy 11%, overruns 0
[  105s] bots 5245/5249 connected, 5245 welcomed, 0 failed | 29.4 snaps/s/bot, entities/snap near 64.0 mid 86.0 far 0.0 | corrections 0.000/s/bot | down 352 up 15 kbps/bot | rtt 10.6 ms loss 0.00% | input->applied ~ p50 55 p99 71 ms, round trip p50 67 p99 100 ms | joins 251 (p50 89 p99 164 ms) | server pace 1.00 level 0, 0 bots bandwidth-degraded | swarm busy 11%, overruns 0
[  110s] bots 5495/5498 connected, 5495 welcomed, 0 failed | 29.2 snaps/s/bot, entities/snap near 64.0 mid 86.0 far 0.0 | corrections 0.000/s/bot | down 350 up 15 kbps/bot | rtt 10.9 ms loss 0.00% | input->applied ~ p50 55 p99 72 ms, round trip p50 67 p99 100 ms | joins 250 (p50 89 p99 165 ms) | server pace 1.00 level 0, 0 bots bandwidth-degraded | swarm busy 12%, overruns 0
[  115s] bots 5735/5739 connected, 5735 welcomed, 0 failed | 28.3 snaps/s/bot, entities/snap near 64.0 mid 86.0 far 0.0 | corrections 0.000/s/bot | down 340 up 14 kbps/bot | rtt 11.4 ms loss 0.00% | input->applied ~ p50 55 p99 72 ms, round trip p50 67 p99 100 ms | joins 240 (p50 90 p99 164 ms) | server pace 1.00 level 0, 0 bots bandwidth-degraded | swarm busy 12%, overruns 0
[  120s] bots 5977/5983 connected, 5977 welcomed, 0 failed | 28.7 snaps/s/bot, entities/snap near 64.0 mid 86.0 far 0.0 | corrections 0.000/s/bot | down 344 up 14 kbps/bot | rtt 11.7 ms loss 0.00% | input->applied ~ p50 56 p99 72 ms, round trip p50 67 p99 100 ms | joins 242 (p50 91 p99 165 ms) | server pace 1.00 level 0, 0 bots bandwidth-degraded | swarm busy 13%, overruns 0
[  125s] bots 6223/6230 connected, 6223 welcomed, 0 failed | 29.1 snaps/s/bot, entities/snap near 64.0 mid 86.0 far 0.0 | corrections 0.000/s/bot | down 350 up 15 kbps/bot | rtt 12.3 ms loss 0.00% | input->applied ~ p50 56 p99 72 ms, round trip p50 67 p99 100 ms | joins 246 (p50 94 p99 165 ms) | server pace 1.00 level 0, 0 bots bandwidth-degraded | swarm busy 13%, overruns 0
[  130s] bots 6474/6481 connected, 6474 welcomed, 0 failed | 29.4 snaps/s/bot, entities/snap near 64.0 mid 86.0 far 0.0 | corrections 0.000/s/bot | down 354 up 15 kbps/bot | rtt 12.9 ms loss 0.00% | input->applied ~ p50 56 p99 73 ms, round trip p50 67 p99 100 ms | joins 251 (p50 96 p99 166 ms) | server pace 1.00 level 0, 0 bots bandwidth-degraded | swarm busy 14%, overruns 0
[  135s] bots 6726/6732 connected, 6726 welcomed, 0 failed | 29.6 snaps/s/bot, entities/snap near 64.0 mid 86.0 far 0.0 | corrections 0.000/s/bot | down 355 up 15 kbps/bot | rtt 13.1 ms loss 0.00% | input->applied ~ p50 56 p99 73 ms, round trip p50 67 p99 100 ms | joins 252 (p50 95 p99 165 ms) | server pace 1.00 level 0, 0 bots bandwidth-degraded | swarm busy 15%, overruns 0
[  140s] bots 6979/6982 connected, 6979 welcomed, 0 failed | 29.5 snaps/s/bot, entities/snap near 64.0 mid 86.0 far 0.0 | corrections 0.000/s/bot | down 354 up 15 kbps/bot | rtt 13.5 ms loss 0.00% | input->applied ~ p50 57 p99 73 ms, round trip p50 67 p99 100 ms | joins 253 (p50 92 p99 165 ms) | server pace 1.00 level 0, 0 bots bandwidth-degraded | swarm busy 15%, overruns 0
[  145s] bots 7228/7233 connected, 7228 welcomed, 0 failed | 29.6 snaps/s/bot, entities/snap near 64.0 mid 86.0 far 0.0 | corrections 0.000/s/bot | down 356 up 15 kbps/bot | rtt 14.3 ms loss 0.00% | input->applied ~ p50 57 p99 73 ms, round trip p50 67 p99 100 ms | joins 249 (p50 93 p99 165 ms) | server pace 1.00 level 0, 0 bots bandwidth-degraded | swarm busy 15%, overruns 0
[  150s] bots 7479/7483 connected, 7479 welcomed, 0 failed | 29.5 snaps/s/bot, entities/snap near 64.0 mid 86.0 far 0.0 | corrections 0.000/s/bot | down 355 up 15 kbps/bot | rtt 14.7 ms loss 0.00% | input->applied ~ p50 57 p99 74 ms, round trip p50 67 p99 100 ms | joins 251 (p50 93 p99 165 ms) | server pace 1.00 level 0, 0 bots bandwidth-degraded | swarm busy 16%, overruns 0
[  155s] bots 7730/7733 connected, 7730 welcomed, 0 failed | 29.6 snaps/s/bot, entities/snap near 64.0 mid 86.0 far 0.0 | corrections 0.000/s/bot | down 357 up 15 kbps/bot | rtt 14.9 ms loss 0.00% | input->applied ~ p50 57 p99 74 ms, round trip p50 67 p99 100 ms | joins 251 (p50 94 p99 165 ms) | server pace 1.00 level 0, 0 bots bandwidth-degraded | swarm busy 17%, overruns 0
[  160s] bots 7982/7985 connected, 7982 welcomed, 0 failed | 29.7 snaps/s/bot, entities/snap near 64.0 mid 86.0 far 0.0 | corrections 0.000/s/bot | down 357 up 15 kbps/bot | rtt 15.5 ms loss 0.00% | input->applied ~ p50 58 p99 74 ms, round trip p50 67 p99 100 ms | joins 252 (p50 94 p99 165 ms) | server pace 1.00 level 0, 0 bots bandwidth-degraded | swarm busy 17%, overruns 0
[  165s] bots 8231/8236 connected, 8231 welcomed, 0 failed | 29.7 snaps/s/bot, entities/snap near 64.0 mid 86.0 far 0.0 | corrections 0.000/s/bot | down 357 up 15 kbps/bot | rtt 15.8 ms loss 0.00% | input->applied ~ p50 58 p99 74 ms, round trip p50 67 p99 100 ms | joins 249 (p50 101 p99 165 ms) | server pace 1.00 level 0, 0 bots bandwidth-degraded | swarm busy 18%, overruns 0
[  170s] bots 8481/8487 connected, 8481 welcomed, 0 failed | 29.7 snaps/s/bot, entities/snap near 64.0 mid 86.0 far 0.0 | corrections 0.000/s/bot | down 358 up 15 kbps/bot | rtt 16.6 ms loss 0.00% | input->applied ~ p50 58 p99 75 ms, round trip p50 67 p99 100 ms | joins 250 (p50 132 p99 165 ms) | server pace 1.00 level 0, 0 bots bandwidth-degraded | swarm busy 18%, overruns 0
[  175s] bots 8732/8739 connected, 8732 welcomed, 0 failed | 29.7 snaps/s/bot, entities/snap near 64.0 mid 86.0 far 0.0 | corrections 0.000/s/bot | down 358 up 15 kbps/bot | rtt 17.0 ms loss 0.00% | input->applied ~ p50 58 p99 75 ms, round trip p50 67 p99 100 ms | joins 251 (p50 131 p99 165 ms) | server pace 1.00 level 0, 0 bots bandwidth-degraded | swarm busy 19%, overruns 0
[  180s] bots 8985/8990 connected, 8984 welcomed, 0 failed | 29.7 snaps/s/bot, entities/snap near 64.0 mid 86.0 far 0.0 | corrections 0.000/s/bot | down 358 up 15 kbps/bot | rtt 17.8 ms loss 0.00% | input->applied ~ p50 58 p99 75 ms, round trip p50 100 p99 100 ms | joins 252 (p50 134 p99 166 ms) | server pace 1.00 level 0, 0 bots bandwidth-degraded | swarm busy 20%, overruns 0
[  185s] bots 9239/9241 connected, 9239 welcomed, 0 failed | 29.7 snaps/s/bot, entities/snap near 64.0 mid 86.0 far 0.0 | corrections 0.000/s/bot | down 358 up 15 kbps/bot | rtt 18.0 ms loss 0.00% | input->applied ~ p50 59 p99 76 ms, round trip p50 100 p99 100 ms | joins 255 (p50 106 p99 165 ms) | server pace 1.00 level 0, 0 bots bandwidth-degraded | swarm busy 20%, overruns 0
[  190s] bots 9489/9492 connected, 9489 welcomed, 0 failed | 29.7 snaps/s/bot, entities/snap near 64.0 mid 86.0 far 0.0 | corrections 0.000/s/bot | down 359 up 15 kbps/bot | rtt 18.3 ms loss 0.00% | input->applied ~ p50 59 p99 76 ms, round trip p50 100 p99 100 ms | joins 250 (p50 99 p99 165 ms) | server pace 1.00 level 0, 0 bots bandwidth-degraded | swarm busy 21%, overruns 0
[  195s] bots 9740/9744 connected, 9740 welcomed, 0 failed | 29.7 snaps/s/bot, entities/snap near 64.0 mid 86.0 far 0.0 | corrections 0.000/s/bot | down 359 up 15 kbps/bot | rtt 18.8 ms loss 0.00% | input->applied ~ p50 60 p99 76 ms, round trip p50 100 p99 100 ms | joins 251 (p50 119 p99 165 ms) | server pace 1.00 level 0, 0 bots bandwidth-degraded | swarm busy 21%, overruns 0
[  200s] bots 9992/9996 connected, 9992 welcomed, 0 failed | 29.7 snaps/s/bot, entities/snap near 64.0 mid 86.0 far 0.0 | corrections 0.000/s/bot | down 359 up 15 kbps/bot | rtt 19.7 ms loss 0.00% | input->applied ~ p50 60 p99 76 ms, round trip p50 100 p99 100 ms | joins 252 (p50 107 p99 165 ms) | server pace 1.00 level 0, 0 bots bandwidth-degraded | swarm busy 22%, overruns 0
[  205s] bots 10000/10000 connected, 10000 welcomed, 0 failed | 30.1 snaps/s/bot, entities/snap near 64.0 mid 86.0 far 0.0 | corrections 0.000/s/bot | down 364 up 15 kbps/bot | rtt 19.7 ms loss 0.00% | input->applied ~ p50 60 p99 76 ms, round trip p50 100 p99 100 ms | joins 8 (p50 87 p99 146 ms) | server pace 1.00 level 0, 0 bots bandwidth-degraded | swarm busy 22%, overruns 0
[  210s] bots 10000/10000 connected, 10000 welcomed, 0 failed | 30.2 snaps/s/bot, entities/snap near 64.0 mid 86.0 far 0.0 | corrections 0.000/s/bot | down 364 up 15 kbps/bot | rtt 19.9 ms loss 0.00% | input->applied ~ p50 60 p99 77 ms, round trip p50 100 p99 100 ms | joins 0 (p50 0 p99 0 ms) | server pace 1.00 level 0, 0 bots bandwidth-degraded | swarm busy 22%, overruns 0
[  215s] bots 10000/10000 connected, 10000 welcomed, 0 failed | 29.8 snaps/s/bot, entities/snap near 64.0 mid 86.0 far 0.0 | corrections 0.000/s/bot | down 360 up 15 kbps/bot | rtt 19.3 ms loss 0.00% | input->applied ~ p50 60 p99 76 ms, round trip p50 100 p99 100 ms | joins 0 (p50 0 p99 0 ms) | server pace 1.00 level 0, 0 bots bandwidth-degraded | swarm busy 22%, overruns 0
[  220s] bots 10000/10000 connected, 10000 welcomed, 0 failed | 30.0 snaps/s/bot, entities/snap near 64.0 mid 86.0 far 0.0 | corrections 0.000/s/bot | down 363 up 15 kbps/bot | rtt 19.7 ms loss 0.00% | input->applied ~ p50 60 p99 76 ms, round trip p50 100 p99 100 ms | joins 0 (p50 0 p99 0 ms) | server pace 1.00 level 0, 0 bots bandwidth-degraded | swarm busy 22%, overruns 0
[  225s] bots 10000/10000 connected, 10000 welcomed, 0 failed | 29.2 snaps/s/bot, entities/snap near 64.0 mid 86.0 far 0.0 | corrections 0.000/s/bot | down 352 up 15 kbps/bot | rtt 20.1 ms loss 0.00% | input->applied ~ p50 60 p99 76 ms, round trip p50 100 p99 100 ms | joins 0 (p50 0 p99 0 ms) | server pace 1.00 level 0, 0 bots bandwidth-degraded | swarm busy 22%, overruns 0
[  230s] bots 10000/10000 connected, 10000 welcomed, 0 failed | 29.3 snaps/s/bot, entities/snap near 64.0 mid 86.0 far 0.0 | corrections 0.000/s/bot | down 353 up 15 kbps/bot | rtt 19.4 ms loss 0.00% | input->applied ~ p50 60 p99 76 ms, round trip p50 100 p99 100 ms | joins 0 (p50 0 p99 0 ms) | server pace 1.00 level 0, 0 bots bandwidth-degraded | swarm busy 22%, overruns 0
[  235s] bots 10000/10000 connected, 10000 welcomed, 0 failed | 30.0 snaps/s/bot, entities/snap near 64.0 mid 86.0 far 0.0 | corrections 0.000/s/bot | down 363 up 15 kbps/bot | rtt 19.6 ms loss 0.00% | input->applied ~ p50 60 p99 76 ms, round trip p50 100 p99 100 ms | joins 0 (p50 0 p99 0 ms) | server pace 1.00 level 0, 0 bots bandwidth-degraded | swarm busy 22%, overruns 0
[  240s] bots 10000/10000 connected, 10000 welcomed, 0 failed | 29.9 snaps/s/bot, entities/snap near 64.0 mid 86.0 far 0.0 | corrections 0.000/s/bot | down 361 up 15 kbps/bot | rtt 20.0 ms loss 0.00% | input->applied ~ p50 60 p99 76 ms, round trip p50 100 p99 100 ms | joins 0 (p50 0 p99 0 ms) | server pace 1.00 level 0, 0 bots bandwidth-degraded | swarm busy 22%, overruns 0

== bots summary ==
  started 10000 welcomed 10000 failed 0
  join latency ms: p50 90 p99 165 max 166 (n=10000)
  corrections 0 (0.00/bot-minute), mean error 0.000 m, max 0.000 m
  push corrections (the server pushed us apart from a crowd) 4534399 (113.36/bot-minute), max 0.376 m
  snapshots 41964473 (entities per snapshot: near 64.0 mid 86.0 far 0.0), stale 0, unmatched acks 0, resyncs 0
  input -> applied on server (est. RTT/2 + server wait): p50 57.0 p99 76.0 max 90.0 mean 57.5 ms (n=41961513)
    of which server wait (arrival -> applied): p50 49.9 p99 66.4 max 89.0 mean 50.0 ms (n=41961513)
  input -> seen acked (round trip): p50 67.0 p99 100.0 max 102.0 mean 81.5 ms (n=41961513)
  near entity update interval (tracked bots): p50 66.0 p99 66.0 max 166.0 mean 53.3 ms (n=134357677)
  mid entity update interval (tracked bots): p50 100.0 p99 100.0 max 2200.0 mean 100.6 ms (n=177805251)
  far entity update interval (tracked bots): p50 0.0 p99 0.0 max 0.0 mean 0.0 ms (n=0)
  near drawn (tracked bots): 99.76% interpolated, 0.11% extrapolated, 0.00% held, 0.13% new | pops p50 0 p99 0 max 433 mm
  mid drawn (tracked bots): 89.60% interpolated, 3.89% extrapolated, 3.67% held, 2.84% new | pops p50 0 p99 0 max 17964 mm
  far drawn (tracked bots): 0.00% interpolated, 0.00% extrapolated, 0.00% held, 0.00% new | pops p50 0 p99 0 max 0 mm
  render delay (near) 83.3 ms behind the newest step, clock snaps 0 (backwards 0), slewing 4.52% of frames, near delay changes 720 | streak entity-frames (drawn > 20 m/s) 98605
  input clock: 16650 extra inputs, 6586 skipped ticks, 0 backlog skips | near decode errors (tracked bots) 0
  bytes down 63089.2 MB up 2643.9 MB | swarm busy 13% of its threads' time, tick overruns 47
