started=10000
welcomed=10000
failed=0
join_p50_ms=90
join_p99_ms=165
join_max_ms=166
corrections=0
corrections_per_bot_minute=0.000
correction_max_m=0.000
push_corrections=4534399
push_corrections_per_bot_minute=113.360
push_max_m=0.376
snapshots=41964473
near_per_snapshot=64.0
mid_per_snapshot=86.0
far_per_snapshot=0.0
stale_snapshots=0
resyncs=0
input_applied_p50_ms=57.0
input_applied_p99_ms=76.0
input_applied_mean_ms=57.5
server_wait_p50_ms=49.9
server_wait_p99_ms=66.4
server_wait_mean_ms=50.0
round_trip_p50_ms=67.0
round_trip_p99_ms=100.0
round_trip_mean_ms=81.5
slot_work_p50_ms=0.3
slot_work_p99_ms=2.2
slot_work_mean_ms=0.5
slot_late_p50_ms=0.0
slot_late_p99_ms=0.0
slot_late_mean_ms=0.0
near_interval_p50_ms=66.0
near_interval_p99_ms=66.0
near_interval_mean_ms=53.3
mid_interval_p50_ms=100.0
mid_interval_p99_ms=100.0
mid_interval_mean_ms=100.6
far_interval_p50_ms=0.0
far_interval_p99_ms=0.0
far_interval_mean_ms=0.0
slot_late_max_ms=33.2
near_interpolated_pct=99.76
near_extrapolated_pct=0.11
near_held_pct=0.00
near_new_pct=0.13
near_pop_p50_mm=0
near_pop_p99_mm=0
mid_interpolated_pct=89.60
mid_extrapolated_pct=3.89
mid_held_pct=3.67
mid_new_pct=2.84
mid_pop_p50_mm=0
mid_pop_p99_mm=0
far_interpolated_pct=0.00
far_extrapolated_pct=0.00
far_held_pct=0.00
far_new_pct=0.00
far_pop_p50_mm=0
far_pop_p99_mm=0
render_delay_ms=83.3
render_snaps=0
shots_seen=0
activity_cells=0
activity_shots=0
ambient=0
streak_frames_per_million=121
clock_slewing_pct=4.52
delay_changes=720
render_backwards=0
clock_extra=16650
clock_skipped=6586
backlog_skips=0
near_decode_errors=0
bytes_down_mb=63089.2
bytes_up_mb=2643.9
swarm_busy_pct=13
swarm_overruns=47
