== disk:200, 10000 bots, 240s -> baselines/2026-10-07-aws-limits/disk-200m-10k-noladder-1
== summary: 7108 steady-state ticks (after warmup, before clients drain), peak 10000 clients ==
  phase        p50 ms   p99 ms   max ms
  ingress        0.91     2.13     2.73
  events         2.80     5.74     6.98
  movement       0.66     1.18     1.42
  grid           0.30     0.50     0.76
  separate       0.57     1.04     1.27
  history        0.02     0.06     0.24
  shots          0.04     0.26     0.44
  serialize      0.24     0.48     0.75
  assembly       3.48     6.98    10.86
  transport      1.49     2.58     2.82
  egress         2.88     5.03     5.80
  tick          13.49    23.35    26.37
  overruns 0 | spawns 10000 despawns 10000 (0 joins deferred) | deaths 0 respawns 0 | stand-ins: repeated 0 frozen 0 | late inputs 0 discarded 0 | bad messages 0 | recv errors 0 send errors 0
  egress (whole run): 83972672 datagrams in 83972672 sends (1.00 per send), 600038 syscalls
  ingress (whole run): 42020867 datagrams in 796903 receive calls (52.73 per call)
  ticks per ladder level (whole run): L0: 7218
  input wait on the server (datagram arrival -> applied): p50 49.9 p99 66.4 max 89.0 mean 50.0 ms
  steady state: stand-ins repeated 0 frozen 0 | late inputs 0 discarded 0
  rewind of near targets (applied step - the input's render step for that tier): p50 133 p99 175 max 208 mean 147.2 ms (n=41904219)
  rewind of mid/far targets (applied step - the input's render step for that tier): p50 267 p99 300 max 300 mean 279.9 ms (n=41904219)
  render times ahead of the server (bogus) 0
  shots 0 (late 0, refused 0, rewinds capped 0) | hits head 0 body 0 (after cover 0, too late 0), kills 0 | ground 0 cover 0 expired 0 | segments 0 candidates 0
== bots summary ==
  started 10000 welcomed 10000 failed 0
  join latency ms: p50 90 p99 165 max 166 (n=10000)
  corrections 0 (0.00/bot-minute), mean error 0.000 m, max 0.000 m
  push corrections (the server pushed us apart from a crowd) 4534399 (113.36/bot-minute), max 0.376 m
  snapshots 41964473 (entities per snapshot: near 64.0 mid 86.0 far 0.0), stale 0, unmatched acks 0, resyncs 0
  input -> applied on server (est. RTT/2 + server wait): p50 57.0 p99 76.0 max 90.0 mean 57.5 ms (n=41961513)
    of which server wait (arrival -> applied): p50 49.9 p99 66.4 max 89.0 mean 50.0 ms (n=41961513)
  input -> seen acked (round trip): p50 67.0 p99 100.0 max 102.0 mean 81.5 ms (n=41961513)
  near entity update interval (tracked bots): p50 66.0 p99 66.0 max 166.0 mean 53.3 ms (n=134357677)
  mid entity update interval (tracked bots): p50 100.0 p99 100.0 max 2200.0 mean 100.6 ms (n=177805251)
  far entity update interval (tracked bots): p50 0.0 p99 0.0 max 0.0 mean 0.0 ms (n=0)
  near drawn (tracked bots): 99.76% interpolated, 0.11% extrapolated, 0.00% held, 0.13% new | pops p50 0 p99 0 max 433 mm
  mid drawn (tracked bots): 89.60% interpolated, 3.89% extrapolated, 3.67% held, 2.84% new | pops p50 0 p99 0 max 17964 mm
  far drawn (tracked bots): 0.00% interpolated, 0.00% extrapolated, 0.00% held, 0.00% new | pops p50 0 p99 0 max 0 mm
  render delay (near) 83.3 ms behind the newest step, clock snaps 0 (backwards 0), slewing 4.52% of frames, near delay changes 720 | streak entity-frames (drawn > 20 m/s) 98605
  input clock: 16650 extra inputs, 6586 skipped ticks, 0 backlog skips | near decode errors (tracked bots) 0
  bytes down 63089.2 MB up 2643.9 MB | swarm busy 13% of its threads' time, tick overruns 47
