started=1000
welcomed=1000
failed=0
join_p50_ms=387
join_p99_ms=650
join_max_ms=834
corrections=235
corrections_per_bot_minute=0.235
correction_max_m=0.333
push_corrections=25345
push_corrections_per_bot_minute=25.345
push_max_m=0.565
snapshots=1698452
near_per_snapshot=64.1
mid_per_snapshot=86.1
far_per_snapshot=0.0
stale_snapshots=34
resyncs=0
input_applied_p50_ms=95.0
input_applied_p99_ms=137.0
input_applied_mean_ms=95.6
server_wait_p50_ms=51.9
server_wait_p99_ms=94.1
server_wait_mean_ms=52.8
round_trip_p50_ms=167.0
round_trip_p99_ms=200.0
round_trip_mean_ms=158.2
near_interval_p50_ms=66.0
near_interval_p99_ms=133.0
near_interval_mean_ms=56.0
mid_interval_p50_ms=100.0
mid_interval_p99_ms=200.0
mid_interval_mean_ms=105.7
far_interval_p50_ms=0.0
far_interval_p99_ms=0.0
far_interval_mean_ms=0.0
near_interpolated_pct=93.40
near_extrapolated_pct=6.46
near_held_pct=0.00
near_new_pct=0.14
near_pop_p50_mm=0
near_pop_p99_mm=108
mid_interpolated_pct=95.51
mid_extrapolated_pct=1.68
mid_held_pct=1.64
mid_new_pct=1.16
mid_pop_p50_mm=0
mid_pop_p99_mm=51
far_interpolated_pct=0.00
far_extrapolated_pct=0.00
far_held_pct=0.00
far_new_pct=0.00
far_pop_p50_mm=0
far_pop_p99_mm=0
render_delay_ms=67.0
render_snaps=0
render_backwards=0
clock_extra=7542
clock_skipped=6881
backlog_skips=17
near_decode_errors=0
bytes_down_mb=2571.5
bytes_up_mb=112.2
swarm_busy_pct=12
swarm_overruns=7
