preallocated connections for 10000 clients in 254.640097ms
listening on 127.0.0.1:40500 | spawn Blob | tiers near 64@150 m, mid 500 m, far 1500 m, budget 6250 B/tick, squads of 4 | 8 rayon threads, 64 shards, 1 socket(s), 256 accepts/tick, egress SendMmsg | socket buffers rcv 8192 KiB snd 8192 KiB
WARNING: token key is the public dev key; anyone can mint tokens for this server (--token-key)
[    5s] clients 1000 | level 0 (0-0 in window: 30 Hz, dilation 1.0), pace 1.00, 0.0% clients bandwidth-degraded | tick p50 8.17 p99 10.83 max 33.17 ms, 0 overruns | out 54.7k pps 370 kbps/client, 332 Mbps | in 25.3k pps 15 kbps/client | stand-ins: repeated 0.38% frozen 0.00%, 467 late inputs | per client-tick: 1466 B (near 461 B, 95% deltas), near 64.0 mid 85.9 far 0.0, far skipped 0 starved 0 | input wait p50 48.2 p99 93.8 ms | 343 joins deferred | kernel drops rcv 0 snd 0
         p50/p99 ms: ingress 0.39/1.27  events 0.12/1.54  movement 0.26/0.35  grid 0.16/0.26  separate 0.30/0.40  history 0.00/0.01  serialize 0.04/0.08  assembly 2.26/2.81  transport 1.00/2.05  egress 3.57/4.59
[   10s] clients 1000 | level 0 (0-0 in window: 30 Hz, dilation 1.0), pace 1.00, 0.0% clients bandwidth-degraded | tick p50 8.28 p99 9.90 max 10.39 ms, 0 overruns | out 60.0k pps 362 kbps/client, 362 Mbps | in 28.4k pps 14 kbps/client | stand-ins: repeated 0.35% frozen 0.00%, 515 late inputs | per client-tick: 1443 B (near 437 B, 99% deltas), near 64.0 mid 86.0 far 0.0, far skipped 0 starved 0 | input wait p50 48.3 p99 92.3 ms | 0 joins deferred | kernel drops rcv 0 snd 0
         p50/p99 ms: ingress 0.40/0.78  events 0.12/0.22  movement 0.27/0.34  grid 0.17/0.24  separate 0.30/0.37  history 0.00/0.00  serialize 0.04/0.07  assembly 2.31/2.74  transport 0.95/1.35  egress 3.70/4.48
[   15s] clients 1000 | level 0 (0-0 in window: 30 Hz, dilation 1.0), pace 1.00, 0.0% clients bandwidth-degraded | tick p50 8.29 p99 9.29 max 10.33 ms, 0 overruns | out 60.0k pps 362 kbps/client, 362 Mbps | in 28.4k pps 14 kbps/client | stand-ins: repeated 0.38% frozen 0.00%, 561 late inputs | per client-tick: 1445 B (near 439 B, 99% deltas), near 64.0 mid 86.0 far 0.0, far skipped 0 starved 0 | input wait p50 48.7 p99 93.8 ms | 0 joins deferred | kernel drops rcv 0 snd 0
         p50/p99 ms: ingress 0.40/0.50  events 0.12/0.17  movement 0.27/0.37  grid 0.17/0.23  separate 0.31/0.39  history 0.00/0.00  serialize 0.04/0.08  assembly 2.29/2.71  transport 0.99/1.27  egress 3.72/4.62
[   20s] clients 1000 | level 0 (0-0 in window: 30 Hz, dilation 1.0), pace 1.00, 0.0% clients bandwidth-degraded | tick p50 8.26 p99 9.13 max 14.77 ms, 0 overruns | out 60.0k pps 362 kbps/client, 362 Mbps | in 28.3k pps 14 kbps/client | stand-ins: repeated 0.39% frozen 0.00%, 568 late inputs | per client-tick: 1445 B (near 439 B, 99% deltas), near 64.0 mid 86.0 far 0.0, far skipped 0 starved 0 | input wait p50 48.9 p99 93.3 ms | 0 joins deferred | kernel drops rcv 0 snd 0
         p50/p99 ms: ingress 0.39/0.50  events 0.12/0.18  movement 0.26/0.34  grid 0.16/0.28  separate 0.30/0.39  history 0.00/0.00  serialize 0.04/0.07  assembly 2.30/2.74  transport 0.94/1.35  egress 3.71/4.42
[   25s] clients 1000 | level 0 (0-0 in window: 30 Hz, dilation 1.0), pace 1.00, 0.0% clients bandwidth-degraded | tick p50 8.21 p99 9.78 max 10.05 ms, 0 overruns | out 60.0k pps 362 kbps/client, 362 Mbps | in 28.4k pps 14 kbps/client | stand-ins: repeated 0.38% frozen 0.00%, 546 late inputs | per client-tick: 1445 B (near 439 B, 99% deltas), near 64.0 mid 86.0 far 0.0, far skipped 0 starved 0 | input wait p50 48.8 p99 93.4 ms | 0 joins deferred | kernel drops rcv 0 snd 0
         p50/p99 ms: ingress 0.40/0.57  events 0.12/0.19  movement 0.26/0.33  grid 0.15/0.24  separate 0.30/0.38  history 0.00/0.00  serialize 0.04/0.07  assembly 2.28/2.80  transport 0.99/1.34  egress 3.67/4.48
[   30s] clients 1000 | level 0 (0-0 in window: 30 Hz, dilation 1.0), pace 1.00, 0.0% clients bandwidth-degraded | tick p50 9.70 p99 18.78 max 46.67 ms, 1 overruns | out 59.8k pps 362 kbps/client, 362 Mbps | in 28.3k pps 14 kbps/client | stand-ins: repeated 0.28% frozen 0.00%, 409 late inputs | per client-tick: 1447 B (near 441 B, 99% deltas), near 64.0 mid 86.0 far 0.0, far skipped 0 starved 0 | input wait p50 53.9 p99 95.6 ms | 0 joins deferred | kernel drops rcv 0 snd 0
         p50/p99 ms: ingress 0.39/0.80  events 0.12/0.26  movement 0.26/0.41  grid 0.17/0.31  separate 0.30/0.41  history 0.00/0.00  serialize 0.04/0.12  assembly 2.33/3.15  transport 0.99/1.35  egress 5.07/12.83
[   35s] clients 1000 | level 0 (0-0 in window: 30 Hz, dilation 1.0), pace 1.00, 0.0% clients bandwidth-degraded | tick p50 9.55 p99 11.46 max 12.42 ms, 0 overruns | out 60.0k pps 362 kbps/client, 362 Mbps | in 28.4k pps 14 kbps/client | stand-ins: repeated 0.31% frozen 0.00%, 442 late inputs | per client-tick: 1445 B (near 439 B, 99% deltas), near 64.0 mid 86.0 far 0.0, far skipped 0 starved 0 | input wait p50 53.1 p99 94.1 ms | 0 joins deferred | kernel drops rcv 0 snd 0
         p50/p99 ms: ingress 0.39/0.86  events 0.11/0.18  movement 0.26/0.39  grid 0.17/0.27  separate 0.30/0.44  history 0.00/0.00  serialize 0.04/0.09  assembly 2.30/2.64  transport 0.96/1.39  egress 4.97/6.45
[   40s] clients 1000 | level 0 (0-0 in window: 30 Hz, dilation 1.0), pace 1.00, 0.0% clients bandwidth-degraded | tick p50 9.64 p99 10.68 max 10.95 ms, 0 overruns | out 60.0k pps 362 kbps/client, 362 Mbps | in 28.4k pps 14 kbps/client | stand-ins: repeated 0.28% frozen 0.00%, 409 late inputs | per client-tick: 1445 B (near 439 B, 99% deltas), near 64.0 mid 86.0 far 0.0, far skipped 0 starved 0 | input wait p50 53.2 p99 94.2 ms | 0 joins deferred | kernel drops rcv 0 snd 0
         p50/p99 ms: ingress 0.40/0.79  events 0.11/0.19  movement 0.26/0.44  grid 0.17/0.28  separate 0.30/0.47  history 0.00/0.00  serialize 0.04/0.10  assembly 2.32/2.73  transport 0.99/1.34  egress 5.00/5.91
[   45s] clients 1000 | level 0 (0-0 in window: 30 Hz, dilation 1.0), pace 1.00, 0.0% clients bandwidth-degraded | tick p50 9.59 p99 11.04 max 11.04 ms, 0 overruns | out 60.0k pps 363 kbps/client, 363 Mbps | in 28.4k pps 14 kbps/client | stand-ins: repeated 0.31% frozen 0.00%, 446 late inputs | per client-tick: 1446 B (near 440 B, 99% deltas), near 64.0 mid 86.0 far 0.0, far skipped 0 starved 0 | input wait p50 53.2 p99 94.1 ms | 0 joins deferred | kernel drops rcv 0 snd 0
         p50/p99 ms: ingress 0.40/0.79  events 0.11/0.21  movement 0.26/0.35  grid 0.17/0.28  separate 0.30/0.43  history 0.00/0.02  serialize 0.04/0.09  assembly 2.31/2.65  transport 0.99/1.37  egress 5.00/5.79
[   50s] clients 1000 | level 0 (0-0 in window: 30 Hz, dilation 1.0), pace 1.00, 0.0% clients bandwidth-degraded | tick p50 9.64 p99 10.63 max 11.05 ms, 0 overruns | out 60.0k pps 363 kbps/client, 363 Mbps | in 28.4k pps 14 kbps/client | stand-ins: repeated 0.30% frozen 0.00%, 430 late inputs | per client-tick: 1448 B (near 442 B, 99% deltas), near 64.0 mid 86.0 far 0.0, far skipped 0 starved 0 | input wait p50 53.3 p99 94.5 ms | 0 joins deferred | kernel drops rcv 0 snd 0
         p50/p99 ms: ingress 0.40/1.05  events 0.11/0.23  movement 0.26/0.40  grid 0.16/0.28  separate 0.30/0.46  history 0.00/0.02  serialize 0.04/0.09  assembly 2.31/2.78  transport 0.96/1.35  egress 4.99/5.96
[   55s] clients 1000 | level 0 (0-0 in window: 30 Hz, dilation 1.0), pace 1.00, 0.0% clients bandwidth-degraded | tick p50 9.63 p99 11.98 max 12.18 ms, 0 overruns | out 60.0k pps 362 kbps/client, 362 Mbps | in 28.4k pps 14 kbps/client | stand-ins: repeated 0.32% frozen 0.00%, 456 late inputs | per client-tick: 1445 B (near 439 B, 99% deltas), near 64.0 mid 86.0 far 0.0, far skipped 0 starved 0 | input wait p50 53.2 p99 94.2 ms | 0 joins deferred | kernel drops rcv 0 snd 0
         p50/p99 ms: ingress 0.40/0.87  events 0.11/0.28  movement 0.26/0.38  grid 0.17/0.34  separate 0.30/0.43  history 0.00/0.00  serialize 0.04/0.10  assembly 2.30/2.95  transport 0.94/1.37  egress 5.08/6.65
[   60s] clients 1000 | level 0 (0-0 in window: 30 Hz, dilation 1.0), pace 1.00, 0.0% clients bandwidth-degraded | tick p50 9.62 p99 10.59 max 11.06 ms, 0 overruns | out 60.0k pps 363 kbps/client, 363 Mbps | in 28.4k pps 14 kbps/client | stand-ins: repeated 0.29% frozen 0.00%, 431 late inputs | per client-tick: 1446 B (near 440 B, 99% deltas), near 64.0 mid 86.0 far 0.0, far skipped 0 starved 0 | input wait p50 53.1 p99 94.4 ms | 0 joins deferred | kernel drops rcv 0 snd 0
         p50/p99 ms: ingress 0.39/0.72  events 0.11/0.19  movement 0.26/0.40  grid 0.16/0.29  separate 0.32/0.51  history 0.00/0.00  serialize 0.04/0.09  assembly 2.33/2.79  transport 0.97/1.32  egress 5.03/5.87
[   65s] clients 3 | level 0 (0-0 in window: 30 Hz, dilation 1.0), pace 1.00, 0.0% clients bandwidth-degraded | tick p50 1.93 p99 11.13 max 12.98 ms, 0 overruns | out 1.1k pps 322 kbps/client, 6 Mbps | in 1.0k pps 15 kbps/client | stand-ins: repeated 0.47% frozen 14.51%, 10 late inputs | per client-tick: 1280 B (near 415 B, 90% deltas), near 54.6 mid 73.3 far 0.0, far skipped 0 starved 0 | input wait p50 53.5 p99 94.5 ms | 0 joins deferred | kernel drops rcv 0 snd 0
         p50/p99 ms: ingress 0.31/1.25  events 0.00/0.68  movement 0.14/0.24  grid 0.14/0.22  separate 0.16/0.31  history 0.00/0.00  serialize 0.00/0.04  assembly 0.29/2.31  transport 0.27/1.06  egress 0.25/6.50
[   65s] clients 0 | level 0 (0-0 in window: 30 Hz, dilation 1.0), pace 1.00, 0.0% clients bandwidth-degraded | tick p50 1.50 p99 1.91 max 1.91 ms, 0 overruns | out 0.0k pps 26 kbps/client, 0 Mbps | in 0.0k pps 0 kbps/client | stand-ins: repeated 0.00% frozen 100.00%, 0 late inputs | per client-tick: 78 B (near 14 B, 0% deltas), near 0.7 mid 1.0 far 0.0, far skipped 0 starved 0 | input wait p50 0.0 p99 0.0 ms | 0 joins deferred | kernel drops rcv 0 snd 0
         p50/p99 ms: ingress 0.28/0.30  events 0.00/0.02  movement 0.06/0.15  grid 0.13/0.14  separate 0.16/0.16  history 0.00/0.00  serialize 0.00/0.00  assembly 0.41/0.66  transport 0.21/0.22  egress 0.22/0.27

== summary: 1706 steady-state ticks (after warmup, before clients drain), peak 1000 clients ==
  phase        p50 ms   p99 ms   max ms
  ingress        0.40     0.79     1.05
  events         0.11     0.21     0.34
  movement       0.26     0.38     0.56
  grid           0.17     0.28     0.41
  separate       0.30     0.44     0.54
  history        0.00     0.00     0.02
  serialize      0.04     0.09     0.15
  assembly       2.31     2.77     4.00
  transport      0.97     1.35     4.48
  egress         4.71     6.00    40.65
  tick           9.28    11.04    46.67
  overruns 1 | spawns 1000 despawns 1000 (343 joins deferred) | stand-ins: repeated 5943 frozen 451 | late inputs 5690 discarded 2 | bad messages 0 | recv errors 0 send errors 0
  egress (whole run): 3591718 datagrams in 3591718 sends (1.00 per send), 115639 syscalls
  ticks per ladder level (whole run): L0: 1960
  input wait on the server (datagram arrival -> applied): p50 51.9 p99 94.1 max 541.7 mean 52.8 ms
  steady state: stand-ins repeated 5623 frozen 13 | late inputs 5391 discarded 0
  rewind of near targets (applied step - the input's render step for that tier): p50 204 p99 260 max 700 mean 212.3 ms (n=1776231)
  rewind of mid/far targets (applied step - the input's render step for that tier): p50 337 p99 393 max 833 mean 345.6 ms (n=1776231)
  render times ahead of the server (bogus) 0
