started=1000
welcomed=1000
failed=0
join_p50_ms=343
join_p99_ms=649
join_max_ms=691
corrections=0
corrections_per_bot_minute=0.000
correction_max_m=0.000
push_corrections=36235
push_corrections_per_bot_minute=36.235
push_max_m=0.475
snapshots=1784647
near_per_snapshot=64.1
mid_per_snapshot=86.1
far_per_snapshot=0.0
stale_snapshots=0
resyncs=0
input_applied_p50_ms=103.0
input_applied_p99_ms=143.0
input_applied_mean_ms=97.4
server_wait_p50_ms=50.1
server_wait_p99_ms=67.3
server_wait_mean_ms=50.1
round_trip_p50_ms=167.0
round_trip_p99_ms=233.0
round_trip_mean_ms=161.5
slot_work_p50_ms=0.1
slot_work_p99_ms=1.2
slot_work_mean_ms=0.4
slot_late_p50_ms=0.0
slot_late_p99_ms=0.0
slot_late_mean_ms=0.0
near_interval_p50_ms=66.0
near_interval_p99_ms=66.0
near_interval_mean_ms=54.6
mid_interval_p50_ms=100.0
mid_interval_p99_ms=100.0
mid_interval_mean_ms=101.0
far_interval_p50_ms=0.0
far_interval_p99_ms=0.0
far_interval_mean_ms=0.0
slot_late_max_ms=33.0
near_interpolated_pct=96.85
near_extrapolated_pct=1.22
near_held_pct=1.18
near_new_pct=0.74
near_pop_p50_mm=0
near_pop_p99_mm=0
mid_interpolated_pct=90.98
mid_extrapolated_pct=3.19
mid_held_pct=3.44
mid_new_pct=2.39
mid_pop_p50_mm=0
mid_pop_p99_mm=0
far_interpolated_pct=0.00
far_extrapolated_pct=0.00
far_held_pct=0.00
far_new_pct=0.00
far_pop_p50_mm=0
far_pop_p99_mm=0
render_delay_ms=90.8
render_snaps=0
class0_fighters=167
class0_shots=31846
class0_hits=7063
class0_kills=1319
class0_hit_pct=22.2
class0_rtt_ms=25.0
class1_fighters=166
class1_shots=31909
class1_hits=6302
class1_kills=1300
class1_hit_pct=19.7
class1_rtt_ms=105.1
class2_fighters=167
class2_shots=31919
class2_hits=6049
class2_kills=1296
class2_hit_pct=19.0
class2_rtt_ms=155.1
shots_seen=8409510
activity_cells=920350
activity_shots=73484309
ambient=17776647
streak_frames_per_million=47
clock_slewing_pct=8.18
delay_changes=2233
render_backwards=0
clock_extra=2612
clock_skipped=1628
backlog_skips=0
near_decode_errors=0
bytes_down_mb=2754.1
bytes_up_mb=115.8
swarm_busy_pct=12
swarm_overruns=231
