1000 bots -> 172.31.17.93:14500 on 28 threads x 8 slots, ramp 0/s, 60s, 1000 full + 0 sink bots
[    5s] bots 1000/1000 connected, 1000 welcomed, 0 failed | 24.9 snaps/s/bot, entities/snap near 65.2 mid 87.4 far 0.0 | corrections 0.000/s/bot | down 307 up 13 kbps/bot | rtt 93.7 ms loss 0.00% | input->applied ~ p50 101 p99 143 ms, round trip p50 167 p99 233 ms | joins 1000 (p50 343 p99 649 ms) | server pace 1.00 level 0, 0 bots bandwidth-degraded | swarm busy 10%, overruns 231
[   10s] bots 1000/1000 connected, 1000 welcomed, 0 failed | 30.1 snaps/s/bot, entities/snap near 64.0 mid 86.0 far 0.0 | corrections 0.000/s/bot | down 364 up 16 kbps/bot | rtt 96.3 ms loss 0.00% | input->applied ~ p50 103 p99 143 ms, round trip p50 167 p99 233 ms | joins 0 (p50 0 p99 0 ms) | server pace 1.00 level 0, 0 bots bandwidth-degraded | swarm busy 11%, overruns 0
[   15s] bots 1000/1000 connected, 1000 welcomed, 0 failed | 30.0 snaps/s/bot, entities/snap near 64.0 mid 86.0 far 0.0 | corrections 0.000/s/bot | down 376 up 16 kbps/bot | rtt 95.0 ms loss 0.00% | input->applied ~ p50 104 p99 144 ms, round trip p50 167 p99 233 ms | joins 0 (p50 0 p99 0 ms) | server pace 1.00 level 0, 0 bots bandwidth-degraded | swarm busy 12%, overruns 0
[   20s] bots 1000/1000 connected, 1000 welcomed, 0 failed | 30.1 snaps/s/bot, entities/snap near 64.0 mid 86.0 far 0.0 | corrections 0.000/s/bot | down 370 up 16 kbps/bot | rtt 94.9 ms loss 0.00% | input->applied ~ p50 104 p99 143 ms, round trip p50 167 p99 233 ms | joins 0 (p50 0 p99 0 ms) | server pace 1.00 level 0, 0 bots bandwidth-degraded | swarm busy 12%, overruns 0
[   25s] bots 1000/1000 connected, 1000 welcomed, 0 failed | 30.0 snaps/s/bot, entities/snap near 64.0 mid 86.0 far 0.0 | corrections 0.000/s/bot | down 371 up 16 kbps/bot | rtt 94.9 ms loss 0.00% | input->applied ~ p50 103 p99 143 ms, round trip p50 167 p99 233 ms | joins 0 (p50 0 p99 0 ms) | server pace 1.00 level 0, 0 bots bandwidth-degraded | swarm busy 12%, overruns 0
[   30s] bots 1000/1000 connected, 1000 welcomed, 0 failed | 30.1 snaps/s/bot, entities/snap near 64.0 mid 86.0 far 0.0 | corrections 0.000/s/bot | down 372 up 16 kbps/bot | rtt 95.2 ms loss 0.00% | input->applied ~ p50 104 p99 143 ms, round trip p50 167 p99 233 ms | joins 0 (p50 0 p99 0 ms) | server pace 1.00 level 0, 0 bots bandwidth-degraded | swarm busy 12%, overruns 0
[   35s] bots 1000/1000 connected, 1000 welcomed, 0 failed | 30.1 snaps/s/bot, entities/snap near 64.0 mid 86.0 far 0.0 | corrections 0.000/s/bot | down 372 up 16 kbps/bot | rtt 94.8 ms loss 0.00% | input->applied ~ p50 104 p99 143 ms, round trip p50 167 p99 233 ms | joins 0 (p50 0 p99 0 ms) | server pace 1.00 level 0, 0 bots bandwidth-degraded | swarm busy 12%, overruns 0
[   40s] bots 1000/1000 connected, 1000 welcomed, 0 failed | 30.1 snaps/s/bot, entities/snap near 64.0 mid 86.0 far 0.0 | corrections 0.000/s/bot | down 372 up 16 kbps/bot | rtt 94.6 ms loss 0.00% | input->applied ~ p50 104 p99 144 ms, round trip p50 167 p99 233 ms | joins 0 (p50 0 p99 0 ms) | server pace 1.00 level 0, 0 bots bandwidth-degraded | swarm busy 12%, overruns 0
[   45s] bots 1000/1000 connected, 1000 welcomed, 0 failed | 30.1 snaps/s/bot, entities/snap near 64.0 mid 86.0 far 0.0 | corrections 0.000/s/bot | down 371 up 16 kbps/bot | rtt 95.0 ms loss 0.00% | input->applied ~ p50 104 p99 143 ms, round trip p50 167 p99 233 ms | joins 0 (p50 0 p99 0 ms) | server pace 1.00 level 0, 0 bots bandwidth-degraded | swarm busy 12%, overruns 0
[   50s] bots 1000/1000 connected, 1000 welcomed, 0 failed | 30.0 snaps/s/bot, entities/snap near 64.0 mid 86.0 far 0.0 | corrections 0.000/s/bot | down 371 up 16 kbps/bot | rtt 94.8 ms loss 0.00% | input->applied ~ p50 104 p99 143 ms, round trip p50 167 p99 233 ms | joins 0 (p50 0 p99 0 ms) | server pace 1.00 level 0, 0 bots bandwidth-degraded | swarm busy 12%, overruns 0
[   55s] bots 1000/1000 connected, 1000 welcomed, 0 failed | 30.1 snaps/s/bot, entities/snap near 64.0 mid 86.0 far 0.0 | corrections 0.000/s/bot | down 374 up 16 kbps/bot | rtt 94.9 ms loss 0.00% | input->applied ~ p50 104 p99 143 ms, round trip p50 167 p99 233 ms | joins 0 (p50 0 p99 0 ms) | server pace 1.00 level 0, 0 bots bandwidth-degraded | swarm busy 12%, overruns 0
[   60s] bots 1000/1000 connected, 1000 welcomed, 0 failed | 30.1 snaps/s/bot, entities/snap near 64.0 mid 86.0 far 0.0 | corrections 0.000/s/bot | down 372 up 16 kbps/bot | rtt 94.9 ms loss 0.00% | input->applied ~ p50 104 p99 143 ms, round trip p50 167 p99 233 ms | joins 0 (p50 0 p99 0 ms) | server pace 1.00 level 0, 0 bots bandwidth-degraded | swarm busy 12%, overruns 0

== bots summary ==
  started 1000 welcomed 1000 failed 0
  join latency ms: p50 343 p99 649 max 691 (n=1000)
  corrections 0 (0.00/bot-minute), mean error 0.000 m, max 0.000 m
  push corrections (the server pushed us apart from a crowd) 36235 (36.23/bot-minute), max 0.475 m
  snapshots 1784647 (entities per snapshot: near 64.1 mid 86.1 far 0.0), stale 0, unmatched acks 0, resyncs 0
  input -> applied on server (est. RTT/2 + server wait): p50 103.0 p99 143.0 max 149.0 mean 97.4 ms (n=1781788)
    of which server wait (arrival -> applied): p50 50.1 p99 67.3 max 77.2 mean 50.1 ms (n=1781788)
  input -> seen acked (round trip): p50 167.0 p99 233.0 max 260.0 mean 161.5 ms (n=1781788)
  near entity update interval (tracked bots): p50 66.0 p99 66.0 max 2200.0 mean 54.6 ms (n=56868661)
  mid entity update interval (tracked bots): p50 100.0 p99 100.0 max 2200.0 mean 101.0 ms (n=75710668)
  far entity update interval (tracked bots): p50 0.0 p99 0.0 max 0.0 mean 0.0 ms (n=0)
  near drawn (tracked bots): 96.85% interpolated, 1.22% extrapolated, 1.18% held, 0.74% new | pops p50 0 p99 0 max 65535 mm
  mid drawn (tracked bots): 90.98% interpolated, 3.19% extrapolated, 3.44% held, 2.39% new | pops p50 0 p99 0 max 65535 mm
  far drawn (tracked bots): 0.00% interpolated, 0.00% extrapolated, 0.00% held, 0.00% new | pops p50 0 p99 0 max 0 mm
  render delay (near) 90.8 ms behind the newest step, clock snaps 0 (backwards 0), slewing 8.18% of frames, near delay changes 2233 | streak entity-frames (drawn > 20 m/s) 16176
  fighters, class 0: 167 at rtt 25.0 ms | 31846 shots, 7063 hits (22.2%), 1319 kills
  fighters, class 1: 166 at rtt 105.1 ms | 31909 shots, 6302 hits (19.7%), 1300 kills
  fighters, class 2: 167 at rtt 155.1 ms | 31919 shots, 6049 hits (19.0%), 1296 kills
  others' shots (tracked bots): 8409510 as tracers | distant fights: 920350 cell entries counting 73484309 shots, 17776647 ambient shots made
  input clock: 2612 extra inputs, 1628 skipped ticks, 0 backlog skips | near decode errors (tracked bots) 0
  bytes down 2754.1 MB up 115.8 MB | swarm busy 12% of its threads' time, tick overruns 231
