preallocated connections for 10000 clients in 248.316464ms
listening on 172.31.17.93:14500 | spawn Blob | tiers near 64@150 m, mid 500 m, far 1500 m, budget 6250 B/tick, squads of 4 | 64 rayon threads, 64 shards, 1 socket(s), 256 accepts/tick, egress SendMmsg, ingress RecvMmsg | socket buffers rcv 32768 KiB snd 32768 KiB
[    5s] clients 1000 | level 0 (0-0 in window: 30 Hz, dilation 1.0), pace 1.00, 0.0% clients bandwidth-degraded | tick p50 4.49 p99 8.25 max 8.43 ms, 0 overruns | out 52.7k pps 365 kbps/client, 315 Mbps | in 25.7k pps 16 kbps/client, 26.3 per recv, receive thread busy 4% | stand-ins: repeated 0.00% frozen 0.00%, 0 late inputs | per client-tick: 1443 B (near 366 B, 95% deltas), near 64.0 mid 85.8 far 0.0, far skipped 0 starved 0 | input wait p50 49.9 p99 67.9 ms | 139 joins deferred | kernel drops rcv 0 snd 0
         p50/p99 ms: ingress 0.53/0.82  events 0.43/1.64  movement 0.33/0.52  grid 0.18/0.23  separate 0.12/0.35  history 0.01/0.06  shots 0.67/0.90  serialize 0.06/0.11  assembly 1.14/4.03  transport 0.34/1.01  egress 0.56/0.72
[   10s] clients 1000 | level 0 (0-0 in window: 30 Hz, dilation 1.0), pace 1.00, 0.0% clients bandwidth-degraded | tick p50 4.86 p99 6.94 max 7.08 ms, 0 overruns | out 60.0k pps 364 kbps/client, 364 Mbps | in 30.0k pps 15 kbps/client, 27.5 per recv, receive thread busy 6% | stand-ins: repeated 0.00% frozen 0.00%, 0 late inputs | per client-tick: 1448 B (near 370 B, 95% deltas), near 64.0 mid 86.0 far 0.0, far skipped 0 starved 0 | input wait p50 50.1 p99 67.3 ms | 0 joins deferred | kernel drops rcv 0 snd 0
         p50/p99 ms: ingress 0.53/0.62  events 0.44/0.58  movement 0.34/0.57  grid 0.18/0.22  separate 0.14/0.43  history 0.01/0.01  shots 0.79/1.41  serialize 0.06/0.10  assembly 1.39/2.76  transport 0.34/0.60  egress 0.57/0.73
[   15s] clients 1000 | level 0 (0-0 in window: 30 Hz, dilation 1.0), pace 1.00, 0.0% clients bandwidth-degraded | tick p50 5.64 p99 6.72 max 6.85 ms, 0 overruns | out 60.0k pps 375 kbps/client, 375 Mbps | in 30.0k pps 16 kbps/client, 28.0 per recv, receive thread busy 6% | stand-ins: repeated 0.00% frozen 0.00%, 0 late inputs | per client-tick: 1496 B (near 399 B, 98% deltas), near 64.0 mid 86.0 far 0.0, far skipped 0 starved 0 | input wait p50 50.1 p99 67.3 ms | 0 joins deferred | kernel drops rcv 0 snd 0
         p50/p99 ms: ingress 0.53/0.65  events 0.45/0.67  movement 0.33/0.58  grid 0.18/0.23  separate 0.16/0.42  history 0.01/0.01  shots 1.23/1.57  serialize 0.06/0.09  assembly 1.72/2.58  transport 0.38/0.52  egress 0.57/0.68
[   20s] clients 1000 | level 0 (0-0 in window: 30 Hz, dilation 1.0), pace 1.00, 0.0% clients bandwidth-degraded | tick p50 5.18 p99 5.93 max 6.17 ms, 0 overruns | out 60.0k pps 370 kbps/client, 370 Mbps | in 30.0k pps 16 kbps/client, 28.1 per recv, receive thread busy 5% | stand-ins: repeated 0.00% frozen 0.00%, 0 late inputs | per client-tick: 1472 B (near 385 B, 98% deltas), near 64.0 mid 86.0 far 0.0, far skipped 0 starved 0 | input wait p50 50.1 p99 67.3 ms | 0 joins deferred | kernel drops rcv 0 snd 0
         p50/p99 ms: ingress 0.53/0.82  events 0.45/0.60  movement 0.34/0.54  grid 0.18/0.24  separate 0.16/0.34  history 0.01/0.01  shots 1.10/1.36  serialize 0.06/0.10  assembly 1.37/1.89  transport 0.36/0.55  egress 0.56/0.69
[   25s] clients 1000 | level 0 (0-0 in window: 30 Hz, dilation 1.0), pace 1.00, 0.0% clients bandwidth-degraded | tick p50 5.16 p99 5.63 max 5.68 ms, 0 overruns | out 60.0k pps 370 kbps/client, 370 Mbps | in 30.0k pps 16 kbps/client, 28.2 per recv, receive thread busy 5% | stand-ins: repeated 0.00% frozen 0.00%, 0 late inputs | per client-tick: 1474 B (near 387 B, 98% deltas), near 64.0 mid 86.0 far 0.0, far skipped 0 starved 0 | input wait p50 50.0 p99 67.3 ms | 0 joins deferred | kernel drops rcv 0 snd 0
         p50/p99 ms: ingress 0.53/0.63  events 0.45/0.57  movement 0.33/0.52  grid 0.18/0.22  separate 0.16/0.35  history 0.01/0.01  shots 1.12/1.47  serialize 0.06/0.10  assembly 1.36/1.76  transport 0.35/0.49  egress 0.56/0.66
[   30s] clients 1000 | level 0 (0-0 in window: 30 Hz, dilation 1.0), pace 1.00, 0.0% clients bandwidth-degraded | tick p50 5.05 p99 6.05 max 6.06 ms, 0 overruns | out 60.0k pps 371 kbps/client, 371 Mbps | in 30.0k pps 16 kbps/client, 28.1 per recv, receive thread busy 5% | stand-ins: repeated 0.00% frozen 0.00%, 0 late inputs | per client-tick: 1478 B (near 392 B, 98% deltas), near 64.0 mid 86.0 far 0.0, far skipped 0 starved 0 | input wait p50 50.1 p99 67.3 ms | 0 joins deferred | kernel drops rcv 0 snd 0
         p50/p99 ms: ingress 0.53/0.71  events 0.43/0.58  movement 0.33/0.56  grid 0.18/0.39  separate 0.16/0.44  history 0.01/0.01  shots 1.09/1.38  serialize 0.06/0.10  assembly 1.26/1.95  transport 0.35/0.50  egress 0.56/0.66
[   35s] clients 1000 | level 0 (0-0 in window: 30 Hz, dilation 1.0), pace 1.00, 0.0% clients bandwidth-degraded | tick p50 5.20 p99 5.90 max 5.91 ms, 0 overruns | out 60.0k pps 371 kbps/client, 371 Mbps | in 30.0k pps 16 kbps/client, 27.9 per recv, receive thread busy 5% | stand-ins: repeated 0.00% frozen 0.00%, 0 late inputs | per client-tick: 1477 B (near 391 B, 98% deltas), near 64.0 mid 86.0 far 0.0, far skipped 0 starved 0 | input wait p50 50.0 p99 67.3 ms | 0 joins deferred | kernel drops rcv 0 snd 0
         p50/p99 ms: ingress 0.53/0.61  events 0.46/0.58  movement 0.33/0.57  grid 0.18/0.33  separate 0.16/0.43  history 0.01/0.01  shots 1.09/1.46  serialize 0.06/0.09  assembly 1.42/1.99  transport 0.34/0.51  egress 0.56/0.70
[   40s] clients 1000 | level 0 (0-0 in window: 30 Hz, dilation 1.0), pace 1.00, 0.0% clients bandwidth-degraded | tick p50 5.28 p99 5.93 max 6.29 ms, 0 overruns | out 60.0k pps 371 kbps/client, 371 Mbps | in 30.0k pps 16 kbps/client, 28.0 per recv, receive thread busy 5% | stand-ins: repeated 0.00% frozen 0.00%, 0 late inputs | per client-tick: 1480 B (near 395 B, 98% deltas), near 64.0 mid 86.0 far 0.0, far skipped 0 starved 0 | input wait p50 50.1 p99 67.3 ms | 0 joins deferred | kernel drops rcv 0 snd 0
         p50/p99 ms: ingress 0.53/0.81  events 0.44/0.58  movement 0.33/0.61  grid 0.18/0.44  separate 0.16/0.44  history 0.01/0.01  shots 1.11/1.48  serialize 0.06/0.10  assembly 1.48/2.14  transport 0.35/0.54  egress 0.56/0.78
[   45s] clients 1000 | level 0 (0-0 in window: 30 Hz, dilation 1.0), pace 1.00, 0.0% clients bandwidth-degraded | tick p50 5.03 p99 5.79 max 6.38 ms, 0 overruns | out 60.0k pps 370 kbps/client, 370 Mbps | in 30.0k pps 16 kbps/client, 27.9 per recv, receive thread busy 5% | stand-ins: repeated 0.00% frozen 0.00%, 0 late inputs | per client-tick: 1474 B (near 392 B, 98% deltas), near 64.0 mid 86.0 far 0.0, far skipped 0 starved 0 | input wait p50 50.1 p99 67.4 ms | 0 joins deferred | kernel drops rcv 0 snd 0
         p50/p99 ms: ingress 0.52/0.73  events 0.44/0.58  movement 0.34/0.61  grid 0.18/0.42  separate 0.16/0.43  history 0.01/0.02  shots 1.07/1.38  serialize 0.06/0.11  assembly 1.28/1.90  transport 0.34/0.52  egress 0.56/0.69
[   50s] clients 1000 | level 0 (0-0 in window: 30 Hz, dilation 1.0), pace 1.00, 0.0% clients bandwidth-degraded | tick p50 5.13 p99 5.75 max 5.76 ms, 0 overruns | out 60.0k pps 370 kbps/client, 370 Mbps | in 30.0k pps 16 kbps/client, 27.9 per recv, receive thread busy 5% | stand-ins: repeated 0.00% frozen 0.00%, 0 late inputs | per client-tick: 1476 B (near 392 B, 98% deltas), near 64.0 mid 86.0 far 0.0, far skipped 0 starved 0 | input wait p50 50.1 p99 67.3 ms | 0 joins deferred | kernel drops rcv 0 snd 0
         p50/p99 ms: ingress 0.53/0.61  events 0.44/0.58  movement 0.33/0.36  grid 0.18/0.21  separate 0.16/0.43  history 0.01/0.02  shots 1.09/1.37  serialize 0.06/0.10  assembly 1.33/1.77  transport 0.34/0.51  egress 0.56/0.68
[   55s] clients 1000 | level 0 (0-0 in window: 30 Hz, dilation 1.0), pace 1.00, 0.0% clients bandwidth-degraded | tick p50 5.21 p99 5.83 max 6.03 ms, 0 overruns | out 60.0k pps 372 kbps/client, 372 Mbps | in 30.0k pps 16 kbps/client, 28.0 per recv, receive thread busy 5% | stand-ins: repeated 0.00% frozen 0.00%, 0 late inputs | per client-tick: 1484 B (near 399 B, 98% deltas), near 64.0 mid 86.0 far 0.0, far skipped 0 starved 0 | input wait p50 50.1 p99 67.3 ms | 0 joins deferred | kernel drops rcv 0 snd 0
         p50/p99 ms: ingress 0.54/0.63  events 0.46/0.58  movement 0.33/0.58  grid 0.18/0.26  separate 0.16/0.42  history 0.01/0.02  shots 1.09/1.35  serialize 0.06/0.10  assembly 1.41/1.95  transport 0.34/0.48  egress 0.56/0.69
[   60s] clients 1000 | level 0 (0-0 in window: 30 Hz, dilation 1.0), pace 1.00, 0.0% clients bandwidth-degraded | tick p50 5.16 p99 5.86 max 5.87 ms, 0 overruns | out 60.0k pps 371 kbps/client, 371 Mbps | in 30.0k pps 16 kbps/client, 28.0 per recv, receive thread busy 5% | stand-ins: repeated 0.00% frozen 0.00%, 0 late inputs | per client-tick: 1477 B (near 395 B, 98% deltas), near 64.0 mid 86.0 far 0.0, far skipped 0 starved 0 | input wait p50 50.0 p99 67.3 ms | 0 joins deferred | kernel drops rcv 0 snd 0
         p50/p99 ms: ingress 0.54/0.65  events 0.45/0.59  movement 0.33/0.52  grid 0.18/0.22  separate 0.16/0.40  history 0.01/0.02  shots 1.06/1.38  serialize 0.06/0.10  assembly 1.38/1.93  transport 0.35/0.50  egress 0.56/0.71
[   61s] clients 0 | level 0 (0-0 in window: 30 Hz, dilation 1.0), pace 1.00, 0.0% clients bandwidth-degraded | tick p50 4.77 p99 5.89 max 5.89 ms, 0 overruns | out 48.0k pps 374 kbps/client, 300 Mbps | in 34.8k pps 18 kbps/client, 29.1 per recv, receive thread busy 5% | stand-ins: repeated 0.00% frozen 0.00%, 0 late inputs | per client-tick: 1484 B (near 418 B, 93% deltas), near 64.0 mid 85.0 far 0.0, far skipped 0 starved 0 | input wait p50 50.0 p99 67.4 ms | 0 joins deferred | kernel drops rcv 0 snd 0
         p50/p99 ms: ingress 0.54/0.80  events 0.48/1.78  movement 0.32/0.36  grid 0.17/0.20  separate 0.15/0.18  history 0.00/0.01  shots 0.99/1.26  serialize 0.06/0.07  assembly 1.07/1.18  transport 0.30/0.42  egress 0.54/0.61

== summary: 1708 steady-state ticks (after warmup, before clients drain), peak 1000 clients ==
  phase        p50 ms   p99 ms   max ms
  ingress        0.53     0.64     0.93
  events         0.45     0.58     0.77
  movement       0.33     0.57     0.65
  grid           0.18     0.27     0.48
  separate       0.16     0.42     0.46
  history        0.01     0.01     0.02
  shots          1.10     1.45     1.62
  serialize      0.06     0.10     0.33
  assembly       1.38     2.53     2.76
  transport      0.35     0.51     0.73
  egress         0.56     0.69     0.80
  tick           5.17     6.60     7.08
  overruns 0 | spawns 1000 despawns 1000 (139 joins deferred) | deaths 3995 respawns 3714 | stand-ins: repeated 0 frozen 0 | late inputs 0 discarded 0 | bad messages 0 | recv errors 0 send errors 0
  egress (whole run): 3593821 datagrams in 3593821 sends (1.00 per send), 115319 syscalls
  ingress (whole run): 1795522 datagrams in 64458 receive calls (27.86 per call)
  ticks per ladder level (whole run): L0: 1818
  input wait on the server (datagram arrival -> applied): p50 50.1 p99 67.3 max 77.2 mean 50.1 ms
  steady state: stand-ins repeated 0 frozen 0 | late inputs 0 discarded 0
  rewind of near targets (applied step - the input's render step for that tier): p50 242 p99 342 max 367 mean 237.9 ms (n=1777516)
  rewind of mid/far targets (applied step - the input's render step for that tier): p50 367 p99 433 max 492 mean 359.3 ms (n=1777516)
  render times ahead of the server (bogus) 0
  shots 148468 (late 0, refused 2940, rewinds capped 98206) | hits head 2070 body 28009 (after cover 967, too late 10086), kills 3995 | ground 83951 cover 8485 expired 24778 | segments 4761107 candidates 2574135
