spawn=blob
egress=sendmmsg
ingress=recvmmsg
rx_gather_us=1000
ladder=on
threads=64
shards=64
sockets=1
peak_clients=1000
steady_ticks=1708
steady_secs=56.9
ingress_p50_ms=0.53
ingress_p99_ms=0.64
ingress_max_ms=0.93
events_p50_ms=0.45
events_p99_ms=0.58
events_max_ms=0.77
movement_p50_ms=0.33
movement_p99_ms=0.57
movement_max_ms=0.65
grid_p50_ms=0.18
grid_p99_ms=0.27
grid_max_ms=0.48
separate_p50_ms=0.16
separate_p99_ms=0.42
separate_max_ms=0.46
history_p50_ms=0.01
history_p99_ms=0.01
history_max_ms=0.02
shots_p50_ms=1.10
shots_p99_ms=1.45
shots_max_ms=1.62
serialize_p50_ms=0.06
serialize_p99_ms=0.10
serialize_max_ms=0.33
assembly_p50_ms=1.38
assembly_p99_ms=2.53
assembly_max_ms=2.76
transport_p50_ms=0.35
transport_p99_ms=0.51
transport_max_ms=0.73
egress_p50_ms=0.56
egress_p99_ms=0.69
egress_max_ms=0.80
tick_p50_ms=5.17
tick_p99_ms=6.60
tick_max_ms=7.08
steady_overruns=0
level_mode=0
tick_hz=30
dilation=1
levels=L0:1708
clients_avg=1000
out_pps=60030
in_pps=30003
egress_mbps=369.7
packets_per_client_tick=2.00
wire_bytes_per_client_tick=1540
down_kbps_per_client=369.7
up_kbps_per_client=15.5
recv_per_call=27.96
ingress_thread_busy_max_pct=5.3
ingress_thread_busy_mean_pct=5.3
kernel_rcvbuf_drops=0
kernel_sndbuf_drops=0
snapshot_bytes_per_client_tick=1472
near_bytes_per_client_tick=388
activity_bytes_per_client_tick=5.2
near_per_client_tick=64.0
mid_per_client_tick=86.0
far_per_client_tick=0.0
near_scanned_per_query=193
mid_scanned_per_query=248
far_skipped=0
far_starved=0
repeated=0
frozen=0
late_inputs=0
discarded_inputs=0
input_wait_p10_ms=36.5
input_wait_p50_ms=50.1
input_wait_p90_ms=63.8
input_wait_p99_ms=67.3
spawns=1000
despawns=1000
deaths=3995
respawns=3714
shots=148468
shots_late=0
shots_refused=2940
rewinds_capped=98206
rewinds_trimmed=151
hits_head=2070
hits_body=28009
hits_ground=83951
hits_cover=8485
projectiles_expired=24778
kills=3995
hits_after_cover=967
hits_too_late=10086
events=71940
tracer_bytes=128304709
activity_cells=1860
activity_sent=1848751
activity_bytes=10077721
activity_cut=0
projectile_segments=4761107
hit_candidates=2574135
joins_deferred=139
bad_messages=0
recv_errors=0
send_errors=0
datagrams=3593821
sends=3593821
send_syscalls=115319
rewind_near_p50_ms=242
rewind_near_p99_ms=342
rewind_near_mean_ms=237.9
rewind_mid_p50_ms=367
rewind_mid_p99_ms=433
rewind_mid_mean_ms=359.3
ingress_longest_p50_ms=0.08
ingress_work_p50_ms=2.80
assembly_longest_p50_ms=1.05
assembly_work_p50_ms=34.70
transport_longest_p50_ms=0.18
transport_work_p50_ms=6.79
egress_longest_p50_ms=0.49
egress_work_p50_ms=13.43
