started=1000
welcomed=1000
failed=0
join_p50_ms=520
join_p99_ms=791
join_max_ms=929
corrections=98
corrections_per_bot_minute=0.098
correction_max_m=0.272
push_corrections=26806
push_corrections_per_bot_minute=26.806
push_max_m=0.394
snapshots=1749689
near_per_snapshot=64.7
mid_per_snapshot=86.9
far_per_snapshot=0.0
stale_snapshots=16486
resyncs=0
input_applied_p50_ms=128.0
input_applied_p99_ms=168.0
input_applied_mean_ms=128.2
server_wait_p50_ms=52.2
server_wait_p99_ms=93.6
server_wait_mean_ms=53.0
round_trip_p50_ms=233.0
round_trip_p99_ms=267.0
round_trip_mean_ms=225.6
near_interval_p50_ms=66.0
near_interval_p99_ms=66.0
near_interval_mean_ms=53.9
mid_interval_p50_ms=100.0
mid_interval_p99_ms=200.0
mid_interval_mean_ms=101.4
far_interval_p50_ms=0.0
far_interval_p99_ms=0.0
far_interval_mean_ms=0.0
near_interpolated_pct=93.49
near_extrapolated_pct=6.37
near_held_pct=0.00
near_new_pct=0.14
near_pop_p50_mm=0
near_pop_p99_mm=99
mid_interpolated_pct=95.80
mid_extrapolated_pct=1.41
mid_held_pct=1.59
mid_new_pct=1.20
mid_pop_p50_mm=0
mid_pop_p99_mm=4
far_interpolated_pct=0.00
far_extrapolated_pct=0.00
far_held_pct=0.00
far_new_pct=0.00
far_pop_p50_mm=0
far_pop_p99_mm=0
render_delay_ms=67.5
render_snaps=0
render_backwards=0
clock_extra=17220
clock_skipped=16047
backlog_skips=19
near_decode_errors=0
bytes_down_mb=2738.1
bytes_up_mb=111.4
swarm_busy_pct=11
swarm_overruns=10
