minting tokens with the public dev key (--token-key to change)
1000 bots -> 127.0.0.1:40500 on 8 threads, ramp 0/s, 60s, 1000 full + 0 sink bots
[    5s] bots 1000/1000 connected, 1000 welcomed, 0 failed | 24.4 snaps/s/bot, entities/snap near 65.9 mid 88.5 far 0.0 | corrections 0.001/s/bot | down 317 up 13 kbps/bot | rtt 150.4 ms loss 0.00% | input->applied ~ p50 125 p99 168 ms, round trip p50 233 p99 267 ms | joins 1000 (p50 520 p99 791 ms) | server pace 1.00 level 0, 0 bots bandwidth-degraded | swarm busy 11%, overruns 4
[   10s] bots 1000/1000 connected, 1000 welcomed, 0 failed | 30.7 snaps/s/bot, entities/snap near 64.6 mid 86.8 far 0.0 | corrections 0.001/s/bot | down 383 up 16 kbps/bot | rtt 150.5 ms loss 0.94% | input->applied ~ p50 126 p99 168 ms, round trip p50 233 p99 267 ms | joins 0 (p50 0 p99 0 ms) | server pace 1.00 level 0, 0 bots bandwidth-degraded | swarm busy 11%, overruns 0
[   15s] bots 1000/1000 connected, 1000 welcomed, 0 failed | 27.9 snaps/s/bot, entities/snap near 64.6 mid 86.8 far 0.0 | corrections 0.002/s/bot | down 348 up 14 kbps/bot | rtt 150.6 ms loss 0.96% | input->applied ~ p50 126 p99 168 ms, round trip p50 233 p99 267 ms | joins 0 (p50 0 p99 0 ms) | server pace 1.00 level 0, 0 bots bandwidth-degraded | swarm busy 11%, overruns 0
[   20s] bots 1000/1000 connected, 1000 welcomed, 0 failed | 30.1 snaps/s/bot, entities/snap near 64.6 mid 86.8 far 0.0 | corrections 0.001/s/bot | down 376 up 15 kbps/bot | rtt 150.5 ms loss 1.06% | input->applied ~ p50 126 p99 168 ms, round trip p50 233 p99 267 ms | joins 0 (p50 0 p99 0 ms) | server pace 1.00 level 0, 0 bots bandwidth-degraded | swarm busy 11%, overruns 0
[   25s] bots 1000/1000 connected, 1000 welcomed, 0 failed | 30.2 snaps/s/bot, entities/snap near 64.6 mid 86.8 far 0.0 | corrections 0.003/s/bot | down 377 up 15 kbps/bot | rtt 150.7 ms loss 1.05% | input->applied ~ p50 126 p99 169 ms, round trip p50 233 p99 267 ms | joins 0 (p50 0 p99 0 ms) | server pace 1.00 level 0, 0 bots bandwidth-degraded | swarm busy 11%, overruns 0
[   30s] bots 1000/1000 connected, 1000 welcomed, 0 failed | 28.0 snaps/s/bot, entities/snap near 64.6 mid 86.8 far 0.0 | corrections 0.001/s/bot | down 350 up 14 kbps/bot | rtt 150.9 ms loss 1.04% | input->applied ~ p50 126 p99 168 ms, round trip p50 233 p99 267 ms | joins 0 (p50 0 p99 0 ms) | server pace 1.00 level 0, 0 bots bandwidth-degraded | swarm busy 12%, overruns 0
[   35s] bots 1000/1000 connected, 1000 welcomed, 0 failed | 30.6 snaps/s/bot, entities/snap near 64.6 mid 86.9 far 0.0 | corrections 0.002/s/bot | down 382 up 16 kbps/bot | rtt 150.8 ms loss 1.03% | input->applied ~ p50 126 p99 168 ms, round trip p50 233 p99 267 ms | joins 0 (p50 0 p99 0 ms) | server pace 1.00 level 0, 0 bots bandwidth-degraded | swarm busy 11%, overruns 0
[   40s] bots 1000/1000 connected, 1000 welcomed, 0 failed | 29.2 snaps/s/bot, entities/snap near 64.6 mid 86.8 far 0.0 | corrections 0.001/s/bot | down 364 up 15 kbps/bot | rtt 150.7 ms loss 1.01% | input->applied ~ p50 126 p99 169 ms, round trip p50 233 p99 267 ms | joins 0 (p50 0 p99 0 ms) | server pace 1.00 level 0, 0 bots bandwidth-degraded | swarm busy 11%, overruns 0
[   45s] bots 1000/1000 connected, 1000 welcomed, 0 failed | 29.0 snaps/s/bot, entities/snap near 64.6 mid 86.8 far 0.0 | corrections 0.002/s/bot | down 363 up 15 kbps/bot | rtt 150.5 ms loss 0.99% | input->applied ~ p50 126 p99 169 ms, round trip p50 233 p99 267 ms | joins 0 (p50 0 p99 0 ms) | server pace 1.00 level 0, 0 bots bandwidth-degraded | swarm busy 11%, overruns 0
[   50s] bots 1000/1000 connected, 1000 welcomed, 0 failed | 29.7 snaps/s/bot, entities/snap near 64.6 mid 86.8 far 0.0 | corrections 0.002/s/bot | down 371 up 15 kbps/bot | rtt 150.0 ms loss 1.01% | input->applied ~ p50 130 p99 169 ms, round trip p50 233 p99 267 ms | joins 0 (p50 0 p99 0 ms) | server pace 1.00 level 0, 0 bots bandwidth-degraded | swarm busy 11%, overruns 6
[   55s] bots 1000/1000 connected, 1000 welcomed, 0 failed | 29.0 snaps/s/bot, entities/snap near 64.6 mid 86.8 far 0.0 | corrections 0.001/s/bot | down 362 up 15 kbps/bot | rtt 149.6 ms loss 0.99% | input->applied ~ p50 134 p99 169 ms, round trip p50 233 p99 267 ms | joins 0 (p50 0 p99 0 ms) | server pace 1.00 level 0, 0 bots bandwidth-degraded | swarm busy 10%, overruns 0
[   60s] bots 1000/1000 connected, 1000 welcomed, 0 failed | 29.9 snaps/s/bot, entities/snap near 64.6 mid 86.8 far 0.0 | corrections 0.002/s/bot | down 373 up 15 kbps/bot | rtt 149.6 ms loss 1.01% | input->applied ~ p50 134 p99 169 ms, round trip p50 233 p99 267 ms | joins 0 (p50 0 p99 0 ms) | server pace 1.00 level 0, 0 bots bandwidth-degraded | swarm busy 10%, overruns 0

== bots summary ==
  started 1000 welcomed 1000 failed 0
  join latency ms: p50 520 p99 791 max 929 (n=1000)
  corrections 98 (0.10/bot-minute), mean error 0.080 m, max 0.272 m
  push corrections (the server pushed us apart from a crowd) 26806 (26.81/bot-minute), max 0.394 m
  snapshots 1749689 (entities per snapshot: near 64.7 mid 86.9 far 0.0), stale 16486, unmatched acks 0, resyncs 0
  input -> applied on server (est. RTT/2 + server wait): p50 128.0 p99 168.0 max 215.0 mean 128.2 ms (n=1742419)
    of which server wait (arrival -> applied): p50 52.2 p99 93.6 max 143.6 mean 53.0 ms (n=1742419)
  input -> seen acked (round trip): p50 233.0 p99 267.0 max 335.0 mean 225.6 ms (n=1744994)
  near entity update interval (tracked bots): p50 66.0 p99 66.0 max 300.0 mean 53.9 ms (n=5627619)
  mid entity update interval (tracked bots): p50 100.0 p99 200.0 max 2200.0 mean 101.4 ms (n=7547102)
  far entity update interval (tracked bots): p50 0.0 p99 0.0 max 0.0 mean 0.0 ms (n=0)
  near drawn (tracked bots): 93.49% interpolated, 6.37% extrapolated, 0.00% held, 0.14% new | pops p50 0 p99 99 max 1117 mm
  mid drawn (tracked bots): 95.80% interpolated, 1.41% extrapolated, 1.59% held, 1.20% new | pops p50 0 p99 4 max 17121 mm
  far drawn (tracked bots): 0.00% interpolated, 0.00% extrapolated, 0.00% held, 0.00% new | pops p50 0 p99 0 max 0 mm
  render delay (near) 67.5 ms behind the newest step, clock snaps 0 (backwards 0)
  input clock: 17220 extra inputs, 16047 skipped ticks, 19 backlog skips | near decode errors (tracked bots) 0
  bytes down 2738.1 MB up 111.4 MB | swarm busy 11% of its threads' time, tick overruns 10
