preallocated connections for 10000 clients in 255.820352ms
listening on 127.0.0.1:40500 | spawn Blob | tiers near 64@150 m, mid 500 m, far 1500 m, budget 6250 B/tick, squads of 4 | 8 rayon threads, 64 shards, 1 socket(s), 256 accepts/tick, egress SendMmsg | socket buffers rcv 8192 KiB snd 8192 KiB
WARNING: token key is the public dev key; anyone can mint tokens for this server (--token-key)
[    5s] clients 1000 | level 0 (0-0 in window: 30 Hz, dilation 1.0), pace 1.00, 0.0% clients bandwidth-degraded | tick p50 8.81 p99 10.53 max 33.93 ms, 1 overruns | out 54.0k pps 380 kbps/client, 335 Mbps | in 25.7k pps 16 kbps/client | stand-ins: repeated 0.15% frozen 0.00%, 188 late inputs | per client-tick: 1510 B (near 504 B, 93% deltas), near 64.0 mid 85.9 far 0.0, far skipped 0 starved 0 | input wait p50 49.5 p99 91.9 ms | 325 joins deferred | kernel drops rcv 0 snd 0
         p50/p99 ms: ingress 0.40/1.09  events 0.11/1.47  movement 0.26/0.70  grid 0.15/0.41  separate 0.30/0.47  history 0.00/0.01  serialize 0.04/0.18  assembly 2.37/3.68  transport 0.99/1.94  egress 4.12/4.75
[   10s] clients 1000 | level 0 (0-0 in window: 30 Hz, dilation 1.0), pace 1.00, 0.0% clients bandwidth-degraded | tick p50 8.90 p99 10.54 max 10.62 ms, 0 overruns | out 60.0k pps 371 kbps/client, 371 Mbps | in 29.5k pps 15 kbps/client | stand-ins: repeated 0.13% frozen 0.00%, 203 late inputs | per client-tick: 1481 B (near 475 B, 99% deltas), near 64.0 mid 86.0 far 0.0, far skipped 0 starved 0 | input wait p50 50.7 p99 93.1 ms | 0 joins deferred | kernel drops rcv 0 snd 0
         p50/p99 ms: ingress 0.41/0.78  events 0.11/0.37  movement 0.26/0.46  grid 0.15/0.49  separate 0.31/0.53  history 0.00/0.01  serialize 0.04/0.13  assembly 2.42/3.44  transport 0.98/1.53  egress 4.14/5.01
[   15s] clients 1000 | level 0 (0-0 in window: 30 Hz, dilation 1.0), pace 1.00, 0.0% clients bandwidth-degraded | tick p50 8.91 p99 10.84 max 12.21 ms, 0 overruns | out 60.0k pps 371 kbps/client, 371 Mbps | in 29.4k pps 15 kbps/client | stand-ins: repeated 0.14% frozen 0.00%, 214 late inputs | per client-tick: 1481 B (near 475 B, 99% deltas), near 64.0 mid 86.0 far 0.0, far skipped 0 starved 0 | input wait p50 51.0 p99 93.5 ms | 0 joins deferred | kernel drops rcv 0 snd 0
         p50/p99 ms: ingress 0.41/1.09  events 0.11/0.36  movement 0.26/0.65  grid 0.15/0.42  separate 0.31/0.59  history 0.00/0.00  serialize 0.04/0.17  assembly 2.39/3.33  transport 1.02/1.45  egress 4.13/5.13
[   20s] clients 1000 | level 0 (0-0 in window: 30 Hz, dilation 1.0), pace 1.00, 0.0% clients bandwidth-degraded | tick p50 9.03 p99 10.33 max 10.36 ms, 0 overruns | out 60.0k pps 371 kbps/client, 371 Mbps | in 29.4k pps 15 kbps/client | stand-ins: repeated 0.13% frozen 0.00%, 200 late inputs | per client-tick: 1481 B (near 475 B, 99% deltas), near 64.0 mid 86.0 far 0.0, far skipped 0 starved 0 | input wait p50 50.9 p99 93.7 ms | 0 joins deferred | kernel drops rcv 0 snd 0
         p50/p99 ms: ingress 0.41/1.13  events 0.11/0.42  movement 0.27/0.76  grid 0.15/0.37  separate 0.31/0.63  history 0.00/0.00  serialize 0.04/0.17  assembly 2.45/3.09  transport 0.99/1.45  egress 4.18/4.82
[   25s] clients 1000 | level 0 (0-0 in window: 30 Hz, dilation 1.0), pace 1.00, 0.0% clients bandwidth-degraded | tick p50 8.85 p99 10.42 max 10.72 ms, 0 overruns | out 60.0k pps 371 kbps/client, 371 Mbps | in 29.4k pps 15 kbps/client | stand-ins: repeated 0.17% frozen 0.00%, 254 late inputs | per client-tick: 1482 B (near 476 B, 99% deltas), near 64.0 mid 86.0 far 0.0, far skipped 0 starved 0 | input wait p50 51.2 p99 94.4 ms | 0 joins deferred | kernel drops rcv 0 snd 0
         p50/p99 ms: ingress 0.40/0.79  events 0.11/0.40  movement 0.26/0.62  grid 0.16/0.41  separate 0.30/0.47  history 0.00/0.01  serialize 0.04/0.17  assembly 2.38/3.15  transport 0.95/1.33  egress 4.17/4.91
[   30s] clients 1000 | level 0 (0-0 in window: 30 Hz, dilation 1.0), pace 1.00, 0.0% clients bandwidth-degraded | tick p50 9.04 p99 12.69 max 23.59 ms, 0 overruns | out 60.0k pps 371 kbps/client, 371 Mbps | in 29.4k pps 15 kbps/client | stand-ins: repeated 0.13% frozen 0.00%, 194 late inputs | per client-tick: 1481 B (near 475 B, 99% deltas), near 64.0 mid 86.0 far 0.0, far skipped 0 starved 0 | input wait p50 50.9 p99 93.0 ms | 0 joins deferred | kernel drops rcv 0 snd 0
         p50/p99 ms: ingress 0.42/1.19  events 0.12/0.46  movement 0.27/0.50  grid 0.15/0.47  separate 0.31/0.75  history 0.00/0.02  serialize 0.04/0.19  assembly 2.44/3.27  transport 1.03/1.42  egress 4.23/6.37
[   35s] clients 1000 | level 0 (0-0 in window: 30 Hz, dilation 1.0), pace 1.00, 0.0% clients bandwidth-degraded | tick p50 8.96 p99 10.60 max 10.66 ms, 0 overruns | out 60.0k pps 371 kbps/client, 371 Mbps | in 29.4k pps 15 kbps/client | stand-ins: repeated 0.15% frozen 0.00%, 222 late inputs | per client-tick: 1480 B (near 474 B, 99% deltas), near 64.0 mid 86.0 far 0.0, far skipped 0 starved 0 | input wait p50 51.0 p99 93.3 ms | 0 joins deferred | kernel drops rcv 0 snd 0
         p50/p99 ms: ingress 0.42/0.98  events 0.11/0.28  movement 0.26/0.69  grid 0.15/0.43  separate 0.31/0.59  history 0.00/0.00  serialize 0.04/0.14  assembly 2.40/3.29  transport 1.01/1.70  egress 4.16/4.91
[   40s] clients 1000 | level 0 (0-0 in window: 30 Hz, dilation 1.0), pace 1.00, 0.0% clients bandwidth-degraded | tick p50 8.94 p99 10.52 max 10.57 ms, 0 overruns | out 60.0k pps 371 kbps/client, 371 Mbps | in 29.4k pps 15 kbps/client | stand-ins: repeated 0.16% frozen 0.00%, 231 late inputs | per client-tick: 1481 B (near 475 B, 99% deltas), near 64.0 mid 86.0 far 0.0, far skipped 0 starved 0 | input wait p50 51.0 p99 94.2 ms | 0 joins deferred | kernel drops rcv 0 snd 0
         p50/p99 ms: ingress 0.40/1.18  events 0.11/0.18  movement 0.27/0.60  grid 0.15/0.23  separate 0.31/0.73  history 0.00/0.00  serialize 0.04/0.07  assembly 2.40/3.09  transport 0.98/1.48  egress 4.23/4.96
[   45s] clients 1000 | level 0 (0-0 in window: 30 Hz, dilation 1.0), pace 1.00, 0.0% clients bandwidth-degraded | tick p50 9.01 p99 10.70 max 10.93 ms, 0 overruns | out 60.0k pps 371 kbps/client, 371 Mbps | in 29.4k pps 15 kbps/client | stand-ins: repeated 0.13% frozen 0.00%, 205 late inputs | per client-tick: 1482 B (near 476 B, 99% deltas), near 64.0 mid 86.0 far 0.0, far skipped 0 starved 0 | input wait p50 50.9 p99 93.3 ms | 0 joins deferred | kernel drops rcv 0 snd 0
         p50/p99 ms: ingress 0.41/1.12  events 0.11/0.17  movement 0.26/0.65  grid 0.14/0.20  separate 0.31/0.66  history 0.00/0.00  serialize 0.04/0.08  assembly 2.40/3.07  transport 1.00/1.40  egress 4.22/5.28
[   50s] clients 1000 | level 0 (0-0 in window: 30 Hz, dilation 1.0), pace 1.00, 0.0% clients bandwidth-degraded | tick p50 8.84 p99 25.15 max 33.99 ms, 1 overruns | out 60.0k pps 371 kbps/client, 371 Mbps | in 29.4k pps 15 kbps/client | stand-ins: repeated 0.17% frozen 0.00%, 256 late inputs | per client-tick: 1482 B (near 476 B, 99% deltas), near 64.0 mid 86.0 far 0.0, far skipped 0 starved 0 | input wait p50 54.6 p99 93.9 ms | 0 joins deferred | kernel drops rcv 0 snd 0
         p50/p99 ms: ingress 0.42/0.81  events 0.12/0.58  movement 0.26/0.45  grid 0.15/0.29  separate 0.30/0.54  history 0.00/0.00  serialize 0.04/0.08  assembly 2.40/3.02  transport 1.02/1.35  egress 4.14/15.72
[   55s] clients 1000 | level 0 (0-0 in window: 30 Hz, dilation 1.0), pace 1.00, 0.0% clients bandwidth-degraded | tick p50 8.78 p99 9.50 max 9.72 ms, 0 overruns | out 60.0k pps 371 kbps/client, 371 Mbps | in 29.4k pps 15 kbps/client | stand-ins: repeated 0.15% frozen 0.00%, 220 late inputs | per client-tick: 1480 B (near 474 B, 99% deltas), near 64.0 mid 86.0 far 0.0, far skipped 0 starved 0 | input wait p50 58.1 p99 95.0 ms | 0 joins deferred | kernel drops rcv 0 snd 0
         p50/p99 ms: ingress 0.42/0.86  events 0.12/0.18  movement 0.26/0.33  grid 0.14/0.27  separate 0.30/0.38  history 0.00/0.00  serialize 0.04/0.09  assembly 2.38/2.83  transport 1.00/1.33  egress 4.03/4.76
[   60s] clients 1000 | level 0 (0-0 in window: 30 Hz, dilation 1.0), pace 1.00, 0.0% clients bandwidth-degraded | tick p50 8.71 p99 9.84 max 10.51 ms, 0 overruns | out 60.0k pps 371 kbps/client, 371 Mbps | in 29.4k pps 15 kbps/client | stand-ins: repeated 0.16% frozen 0.00%, 235 late inputs | per client-tick: 1481 B (near 475 B, 99% deltas), near 64.0 mid 86.0 far 0.0, far skipped 0 starved 0 | input wait p50 58.2 p99 94.1 ms | 0 joins deferred | kernel drops rcv 0 snd 0
         p50/p99 ms: ingress 0.42/0.95  events 0.12/0.21  movement 0.26/0.36  grid 0.15/0.22  separate 0.30/0.36  history 0.00/0.00  serialize 0.04/0.07  assembly 2.35/2.76  transport 0.98/1.27  egress 4.06/4.78
[   60s] clients 0 | level 0 (0-0 in window: 30 Hz, dilation 1.0), pace 1.00, 0.0% clients bandwidth-degraded | tick p50 9.27 p99 9.92 max 9.92 ms, 0 overruns | out 42.1k pps 380 kbps/client, 260 Mbps | in 36.5k pps 19 kbps/client | stand-ins: repeated 0.15% frozen 0.00%, 7 late inputs | per client-tick: 1461 B (near 474 B, 97% deltas), near 63.4 mid 84.3 far 0.0, far skipped 0 starved 0 | input wait p50 58.9 p99 92.9 ms | 0 joins deferred | kernel drops rcv 0 snd 0
         p50/p99 ms: ingress 0.41/0.52  events 0.13/1.73  movement 0.24/1.60  grid 0.16/0.17  separate 0.28/0.34  history 0.00/0.00  serialize 0.04/0.06  assembly 2.41/2.59  transport 0.60/1.34  egress 4.36/4.88

== summary: 1706 steady-state ticks (after warmup, before clients drain), peak 1000 clients ==
  phase        p50 ms   p99 ms   max ms
  ingress        0.41     1.00     1.37
  events         0.11     0.36     4.79
  movement       0.26     0.60     0.87
  grid           0.15     0.41     0.60
  separate       0.31     0.62     0.78
  history        0.00     0.00     0.07
  serialize      0.04     0.14     0.24
  assembly       2.40     3.17     3.77
  transport      1.00     1.45     1.88
  egress         4.15     4.97    28.22
  tick           8.90    10.60    33.99
  overruns 1 | spawns 1000 despawns 1000 (325 joins deferred) | stand-ins: repeated 2643 frozen 0 | late inputs 2629 discarded 0 | bad messages 0 | recv errors 0 send errors 0
  egress (whole run): 3588424 datagrams in 3588424 sends (1.00 per send), 115167 syscalls
  ticks per ladder level (whole run): L0: 1812
  input wait on the server (datagram arrival -> applied): p50 52.2 p99 93.6 max 143.6 mean 53.0 ms
  steady state: stand-ins repeated 2518 frozen 0 | late inputs 2505 discarded 0
  rewind of near targets (applied step - the input's render step for that tier): p50 268 p99 302 max 360 mean 276.9 ms (n=1774382)
  rewind of mid/far targets (applied step - the input's render step for that tier): p50 402 p99 435 max 493 mean 410.1 ms (n=1774382)
  render times ahead of the server (bogus) 0
