minting tokens with the public dev key (--token-key to change)
1000 bots -> 127.0.0.1:40500 on 8 threads, ramp 0/s, 60s, 1000 full + 0 sink bots
[    5s] bots 1000/1000 connected, 1000 welcomed, 0 failed | 25.6 snaps/s/bot, entities/snap near 4.4 mid 4.2 far 6.4 | corrections 0.000/s/bot | down 51 up 13 kbps/bot | rtt 83.7 ms loss 0.06% | input->applied ~ p50 86 p99 122 ms, round trip p50 133 p99 167 ms | joins 1000 (p50 366 p99 654 ms) | server pace 1.00 level 0, 0 bots bandwidth-degraded | swarm busy 6%, overruns 6
[   10s] bots 1000/1000 connected, 1000 welcomed, 0 failed | 30.9 snaps/s/bot, entities/snap near 4.3 mid 4.2 far 6.3 | corrections 0.000/s/bot | down 61 up 16 kbps/bot | rtt 83.7 ms loss 0.47% | input->applied ~ p50 85 p99 113 ms, round trip p50 133 p99 167 ms | joins 0 (p50 0 p99 0 ms) | server pace 1.00 level 0, 0 bots bandwidth-degraded | swarm busy 5%, overruns 0
[   15s] bots 1000/1000 connected, 1000 welcomed, 0 failed | 29.4 snaps/s/bot, entities/snap near 4.3 mid 4.2 far 6.3 | corrections 0.000/s/bot | down 58 up 15 kbps/bot | rtt 83.7 ms loss 0.48% | input->applied ~ p50 85 p99 110 ms, round trip p50 133 p99 167 ms | joins 0 (p50 0 p99 0 ms) | server pace 1.00 level 0, 0 bots bandwidth-degraded | swarm busy 5%, overruns 0
[   20s] bots 1000/1000 connected, 1000 welcomed, 0 failed | 29.6 snaps/s/bot, entities/snap near 4.3 mid 4.2 far 6.3 | corrections 0.000/s/bot | down 58 up 15 kbps/bot | rtt 83.7 ms loss 0.52% | input->applied ~ p50 86 p99 112 ms, round trip p50 133 p99 167 ms | joins 0 (p50 0 p99 0 ms) | server pace 1.00 level 0, 0 bots bandwidth-degraded | swarm busy 5%, overruns 0
[   25s] bots 1000/1000 connected, 1000 welcomed, 0 failed | 30.4 snaps/s/bot, entities/snap near 4.3 mid 4.2 far 6.3 | corrections 0.000/s/bot | down 60 up 15 kbps/bot | rtt 83.7 ms loss 0.55% | input->applied ~ p50 85 p99 113 ms, round trip p50 133 p99 167 ms | joins 0 (p50 0 p99 0 ms) | server pace 1.00 level 0, 0 bots bandwidth-degraded | swarm busy 5%, overruns 0
[   30s] bots 1000/1000 connected, 1000 welcomed, 0 failed | 29.2 snaps/s/bot, entities/snap near 4.3 mid 4.2 far 6.3 | corrections 0.001/s/bot | down 57 up 15 kbps/bot | rtt 83.7 ms loss 0.46% | input->applied ~ p50 86 p99 113 ms, round trip p50 133 p99 167 ms | joins 0 (p50 0 p99 0 ms) | server pace 1.00 level 0, 0 bots bandwidth-degraded | swarm busy 5%, overruns 0
[   35s] bots 1000/1000 connected, 1000 welcomed, 0 failed | 30.2 snaps/s/bot, entities/snap near 4.3 mid 4.2 far 6.3 | corrections 0.000/s/bot | down 59 up 15 kbps/bot | rtt 83.7 ms loss 0.51% | input->applied ~ p50 85 p99 113 ms, round trip p50 133 p99 167 ms | joins 0 (p50 0 p99 0 ms) | server pace 1.00 level 0, 0 bots bandwidth-degraded | swarm busy 5%, overruns 0
[   40s] bots 1000/1000 connected, 1000 welcomed, 0 failed | 30.7 snaps/s/bot, entities/snap near 4.3 mid 4.2 far 6.3 | corrections 0.000/s/bot | down 60 up 16 kbps/bot | rtt 83.6 ms loss 0.51% | input->applied ~ p50 85 p99 113 ms, round trip p50 133 p99 167 ms | joins 0 (p50 0 p99 0 ms) | server pace 1.00 level 0, 0 bots bandwidth-degraded | swarm busy 5%, overruns 0
[   45s] bots 1000/1000 connected, 1000 welcomed, 0 failed | 28.4 snaps/s/bot, entities/snap near 4.3 mid 4.2 far 6.3 | corrections 0.000/s/bot | down 56 up 14 kbps/bot | rtt 83.8 ms loss 0.55% | input->applied ~ p50 86 p99 114 ms, round trip p50 133 p99 167 ms | joins 0 (p50 0 p99 0 ms) | server pace 1.00 level 0, 0 bots bandwidth-degraded | swarm busy 5%, overruns 0
[   50s] bots 1000/1000 connected, 1000 welcomed, 0 failed | 31.0 snaps/s/bot, entities/snap near 4.3 mid 4.2 far 6.3 | corrections 0.000/s/bot | down 61 up 16 kbps/bot | rtt 84.3 ms loss 0.54% | input->applied ~ p50 85 p99 112 ms, round trip p50 133 p99 167 ms | joins 0 (p50 0 p99 0 ms) | server pace 1.00 level 0, 0 bots bandwidth-degraded | swarm busy 5%, overruns 0
[   55s] bots 1000/1000 connected, 1000 welcomed, 0 failed | 29.5 snaps/s/bot, entities/snap near 4.3 mid 4.2 far 6.3 | corrections 0.000/s/bot | down 58 up 15 kbps/bot | rtt 83.8 ms loss 0.50% | input->applied ~ p50 85 p99 114 ms, round trip p50 133 p99 167 ms | joins 0 (p50 0 p99 0 ms) | server pace 1.00 level 0, 0 bots bandwidth-degraded | swarm busy 5%, overruns 0
[   60s] bots 1000/1000 connected, 1000 welcomed, 0 failed | 29.5 snaps/s/bot, entities/snap near 4.3 mid 4.2 far 6.3 | corrections 0.000/s/bot | down 58 up 15 kbps/bot | rtt 83.7 ms loss 0.55% | input->applied ~ p50 85 p99 114 ms, round trip p50 133 p99 167 ms | joins 0 (p50 0 p99 0 ms) | server pace 1.00 level 0, 0 bots bandwidth-degraded | swarm busy 5%, overruns 0

== bots summary ==
  started 1000 welcomed 1000 failed 0
  join latency ms: p50 366 p99 654 max 787 (n=1000)
  corrections 11 (0.01/bot-minute), mean error 0.084 m, max 0.139 m
  push corrections (the server pushed us apart from a crowd) 118 (0.12/bot-minute), max 0.100 m
  snapshots 1779421 (entities per snapshot: near 4.3 mid 4.2 far 6.3), stale 27, unmatched acks 0, resyncs 0
  input -> applied on server (est. RTT/2 + server wait): p50 85.0 p99 115.0 max 160.0 mean 87.3 ms (n=1776398)
    of which server wait (arrival -> applied): p50 43.7 p99 72.7 max 118.2 mean 45.4 ms (n=1776398)
  input -> seen acked (round trip): p50 133.0 p99 167.0 max 235.0 mean 142.1 ms (n=1776819)
  near entity update interval (tracked bots): p50 33.0 p99 33.0 max 133.0 mean 33.2 ms (n=383807)
  mid entity update interval (tracked bots): p50 100.0 p99 100.0 max 600.0 mean 100.7 ms (n=375149)
  far entity update interval (tracked bots): p50 500.0 p99 500.0 max 2000.0 mean 502.5 ms (n=542872)
  near drawn (tracked bots): 99.86% interpolated, 0.02% extrapolated, 0.00% held, 0.12% new | pops p50 0 p99 0 max 115 mm
  mid drawn (tracked bots): 99.53% interpolated, 0.13% extrapolated, 0.01% held, 0.32% new | pops p50 0 p99 0 max 3645 mm
  far drawn (tracked bots): 39.86% interpolated, 59.13% extrapolated, 0.61% held, 0.40% new | pops p50 429 p99 3834 max 14941 mm
  render delay (near) 75.9 ms behind the newest step, clock snaps 0 (backwards 0)
  input clock: 1842 extra inputs, 1029 skipped ticks, 0 backlog skips | near decode errors (tracked bots) 0
  bytes down 437.8 MB up 112.7 MB | swarm busy 5% of its threads' time, tick overruns 6
