started=1000
welcomed=1000
failed=0
join_p50_ms=366
join_p99_ms=654
join_max_ms=787
corrections=11
corrections_per_bot_minute=0.011
correction_max_m=0.139
push_corrections=118
push_corrections_per_bot_minute=0.118
push_max_m=0.100
snapshots=1779421
near_per_snapshot=4.3
mid_per_snapshot=4.2
far_per_snapshot=6.3
stale_snapshots=27
resyncs=0
input_applied_p50_ms=85.0
input_applied_p99_ms=115.0
input_applied_mean_ms=87.3
server_wait_p50_ms=43.7
server_wait_p99_ms=72.7
server_wait_mean_ms=45.4
round_trip_p50_ms=133.0
round_trip_p99_ms=167.0
round_trip_mean_ms=142.1
near_interval_p50_ms=33.0
near_interval_p99_ms=33.0
near_interval_mean_ms=33.2
mid_interval_p50_ms=100.0
mid_interval_p99_ms=100.0
mid_interval_mean_ms=100.7
far_interval_p50_ms=500.0
far_interval_p99_ms=500.0
far_interval_mean_ms=502.5
near_interpolated_pct=99.86
near_extrapolated_pct=0.02
near_held_pct=0.00
near_new_pct=0.12
near_pop_p50_mm=0
near_pop_p99_mm=0
mid_interpolated_pct=99.53
mid_extrapolated_pct=0.13
mid_held_pct=0.01
mid_new_pct=0.32
mid_pop_p50_mm=0
mid_pop_p99_mm=0
far_interpolated_pct=39.86
far_extrapolated_pct=59.13
far_held_pct=0.61
far_new_pct=0.40
far_pop_p50_mm=429
far_pop_p99_mm=3834
render_delay_ms=75.9
render_snaps=0
render_backwards=0
clock_extra=1842
clock_skipped=1029
backlog_skips=0
near_decode_errors=0
bytes_down_mb=437.8
bytes_up_mb=112.7
swarm_busy_pct=5
swarm_overruns=6
