preallocated connections for 10000 clients in 257.288276ms
listening on 127.0.0.1:40500 | spawn Uniform | tiers near 64@150 m, mid 500 m, far 1500 m, budget 6250 B/tick, squads of 4 | 8 rayon threads, 64 shards, 1 socket(s), 256 accepts/tick, egress SendMmsg | socket buffers rcv 8192 KiB snd 8192 KiB
WARNING: token key is the public dev key; anyone can mint tokens for this server (--token-key)
[    5s] clients 1000 | level 0 (0-0 in window: 30 Hz, dilation 1.0), pace 1.00, 0.0% clients bandwidth-degraded | tick p50 4.25 p99 6.84 max 26.79 ms, 0 overruns | out 27.8k pps 60 kbps/client, 54 Mbps | in 26.7k pps 16 kbps/client | stand-ins: repeated 0.03% frozen 0.00%, 35 late inputs | per client-tick: 211 B (near 37 B, 96% deltas), near 4.3 mid 4.2 far 6.2, far skipped 0 starved 0 | input wait p50 44.1 p99 79.2 ms | 421 joins deferred | kernel drops rcv 0 snd 0
         p50/p99 ms: ingress 0.38/1.23  events 0.10/1.51  movement 0.29/0.44  grid 0.16/0.27  separate 0.17/0.26  history 0.00/0.02  serialize 0.04/0.08  assembly 0.85/1.28  transport 0.40/0.94  egress 1.79/2.36
[   10s] clients 1000 | level 0 (0-0 in window: 30 Hz, dilation 1.0), pace 1.00, 0.0% clients bandwidth-degraded | tick p50 4.29 p99 4.86 max 4.86 ms, 0 overruns | out 30.0k pps 59 kbps/client, 59 Mbps | in 29.8k pps 15 kbps/client | stand-ins: repeated 0.03% frozen 0.00%, 39 late inputs | per client-tick: 210 B (near 35 B, 100% deltas), near 4.3 mid 4.2 far 6.3, far skipped 0 starved 0 | input wait p50 43.7 p99 70.9 ms | 0 joins deferred | kernel drops rcv 0 snd 0
         p50/p99 ms: ingress 0.38/0.70  events 0.10/0.17  movement 0.29/0.43  grid 0.16/0.23  separate 0.17/0.22  history 0.00/0.00  serialize 0.04/0.07  assembly 0.83/1.19  transport 0.41/0.91  egress 1.84/2.35
[   15s] clients 1000 | level 0 (0-0 in window: 30 Hz, dilation 1.0), pace 1.00, 0.0% clients bandwidth-degraded | tick p50 4.33 p99 5.41 max 11.16 ms, 0 overruns | out 30.0k pps 59 kbps/client, 59 Mbps | in 29.8k pps 15 kbps/client | stand-ins: repeated 0.02% frozen 0.00%, 33 late inputs | per client-tick: 210 B (near 35 B, 100% deltas), near 4.3 mid 4.2 far 6.3, far skipped 0 starved 0 | input wait p50 43.6 p99 68.6 ms | 0 joins deferred | kernel drops rcv 0 snd 0
         p50/p99 ms: ingress 0.39/0.75  events 0.10/0.22  movement 0.30/0.49  grid 0.16/0.26  separate 0.18/0.32  history 0.00/0.00  serialize 0.04/0.07  assembly 0.86/1.24  transport 0.41/0.88  egress 1.84/2.47
[   20s] clients 1000 | level 0 (0-0 in window: 30 Hz, dilation 1.0), pace 1.00, 0.0% clients bandwidth-degraded | tick p50 4.32 p99 5.31 max 5.41 ms, 0 overruns | out 30.0k pps 59 kbps/client, 59 Mbps | in 29.8k pps 15 kbps/client | stand-ins: repeated 0.02% frozen 0.00%, 32 late inputs | per client-tick: 210 B (near 35 B, 100% deltas), near 4.3 mid 4.2 far 6.3, far skipped 0 starved 0 | input wait p50 43.6 p99 70.4 ms | 0 joins deferred | kernel drops rcv 0 snd 0
         p50/p99 ms: ingress 0.38/0.92  events 0.10/0.19  movement 0.30/0.53  grid 0.16/0.23  separate 0.17/0.28  history 0.00/0.00  serialize 0.04/0.08  assembly 0.81/1.22  transport 0.40/0.81  egress 1.85/2.29
[   25s] clients 1000 | level 0 (0-0 in window: 30 Hz, dilation 1.0), pace 1.00, 0.0% clients bandwidth-degraded | tick p50 4.31 p99 5.17 max 5.17 ms, 0 overruns | out 30.0k pps 59 kbps/client, 59 Mbps | in 29.8k pps 15 kbps/client | stand-ins: repeated 0.02% frozen 0.00%, 33 late inputs | per client-tick: 210 B (near 35 B, 100% deltas), near 4.3 mid 4.2 far 6.3, far skipped 0 starved 0 | input wait p50 43.7 p99 70.9 ms | 0 joins deferred | kernel drops rcv 0 snd 0
         p50/p99 ms: ingress 0.37/0.83  events 0.10/0.15  movement 0.29/0.43  grid 0.16/0.22  separate 0.17/0.33  history 0.00/0.00  serialize 0.04/0.07  assembly 0.85/1.28  transport 0.40/0.88  egress 1.88/2.31
[   30s] clients 1000 | level 0 (0-0 in window: 30 Hz, dilation 1.0), pace 1.00, 0.0% clients bandwidth-degraded | tick p50 4.27 p99 5.11 max 5.69 ms, 0 overruns | out 30.0k pps 59 kbps/client, 59 Mbps | in 29.8k pps 15 kbps/client | stand-ins: repeated 0.03% frozen 0.00%, 46 late inputs | per client-tick: 211 B (near 35 B, 100% deltas), near 4.3 mid 4.2 far 6.3, far skipped 0 starved 0 | input wait p50 43.7 p99 71.5 ms | 0 joins deferred | kernel drops rcv 0 snd 0
         p50/p99 ms: ingress 0.38/0.83  events 0.10/0.19  movement 0.29/0.50  grid 0.16/0.23  separate 0.17/0.35  history 0.00/0.00  serialize 0.04/0.07  assembly 0.79/1.31  transport 0.41/0.76  egress 1.79/2.21
[   35s] clients 1000 | level 0 (0-0 in window: 30 Hz, dilation 1.0), pace 1.00, 0.0% clients bandwidth-degraded | tick p50 4.28 p99 5.16 max 5.29 ms, 0 overruns | out 30.0k pps 59 kbps/client, 59 Mbps | in 29.8k pps 15 kbps/client | stand-ins: repeated 0.02% frozen 0.00%, 34 late inputs | per client-tick: 210 B (near 35 B, 100% deltas), near 4.3 mid 4.2 far 6.3, far skipped 0 starved 0 | input wait p50 43.6 p99 70.8 ms | 0 joins deferred | kernel drops rcv 0 snd 0
         p50/p99 ms: ingress 0.37/0.67  events 0.10/0.23  movement 0.30/0.44  grid 0.16/0.26  separate 0.17/0.29  history 0.00/0.00  serialize 0.04/0.08  assembly 0.82/1.24  transport 0.41/0.80  egress 1.86/2.39
[   40s] clients 1000 | level 0 (0-0 in window: 30 Hz, dilation 1.0), pace 1.00, 0.0% clients bandwidth-degraded | tick p50 4.29 p99 5.14 max 5.18 ms, 0 overruns | out 30.0k pps 59 kbps/client, 59 Mbps | in 29.8k pps 15 kbps/client | stand-ins: repeated 0.02% frozen 0.00%, 32 late inputs | per client-tick: 210 B (near 35 B, 100% deltas), near 4.3 mid 4.2 far 6.3, far skipped 0 starved 0 | input wait p50 43.7 p99 70.9 ms | 0 joins deferred | kernel drops rcv 0 snd 0
         p50/p99 ms: ingress 0.38/0.83  events 0.10/0.21  movement 0.29/0.43  grid 0.16/0.21  separate 0.17/0.24  history 0.00/0.00  serialize 0.04/0.07  assembly 0.88/1.17  transport 0.40/0.81  egress 1.86/2.29
[   45s] clients 1000 | level 0 (0-0 in window: 30 Hz, dilation 1.0), pace 1.00, 0.0% clients bandwidth-degraded | tick p50 4.33 p99 5.32 max 5.33 ms, 0 overruns | out 30.0k pps 59 kbps/client, 59 Mbps | in 29.8k pps 15 kbps/client | stand-ins: repeated 0.03% frozen 0.00%, 41 late inputs | per client-tick: 211 B (near 35 B, 100% deltas), near 4.3 mid 4.2 far 6.3, far skipped 0 starved 0 | input wait p50 43.7 p99 72.2 ms | 0 joins deferred | kernel drops rcv 0 snd 0
         p50/p99 ms: ingress 0.37/1.10  events 0.10/0.28  movement 0.30/0.51  grid 0.17/0.25  separate 0.17/0.28  history 0.00/0.00  serialize 0.04/0.07  assembly 0.86/1.15  transport 0.41/0.82  egress 1.86/2.23
[   50s] clients 1000 | level 0 (0-0 in window: 30 Hz, dilation 1.0), pace 1.00, 0.0% clients bandwidth-degraded | tick p50 4.29 p99 14.09 max 15.39 ms, 0 overruns | out 30.0k pps 59 kbps/client, 59 Mbps | in 29.8k pps 15 kbps/client | stand-ins: repeated 0.02% frozen 0.00%, 25 late inputs | per client-tick: 211 B (near 35 B, 100% deltas), near 4.3 mid 4.2 far 6.3, far skipped 0 starved 0 | input wait p50 43.6 p99 70.0 ms | 0 joins deferred | kernel drops rcv 0 snd 0
         p50/p99 ms: ingress 0.37/0.75  events 0.10/0.16  movement 0.30/0.49  grid 0.16/0.23  separate 0.17/0.30  history 0.00/0.00  serialize 0.04/0.08  assembly 0.83/1.25  transport 0.40/0.78  egress 1.85/10.59
[   55s] clients 1000 | level 0 (0-0 in window: 30 Hz, dilation 1.0), pace 1.00, 0.0% clients bandwidth-degraded | tick p50 4.33 p99 5.22 max 5.32 ms, 0 overruns | out 30.0k pps 59 kbps/client, 59 Mbps | in 29.8k pps 15 kbps/client | stand-ins: repeated 0.02% frozen 0.00%, 34 late inputs | per client-tick: 211 B (near 35 B, 100% deltas), near 4.3 mid 4.2 far 6.3, far skipped 0 starved 0 | input wait p50 43.7 p99 72.0 ms | 0 joins deferred | kernel drops rcv 0 snd 0
         p50/p99 ms: ingress 0.39/1.00  events 0.10/0.16  movement 0.31/0.47  grid 0.15/0.30  separate 0.17/0.31  history 0.00/0.00  serialize 0.04/0.07  assembly 0.82/1.17  transport 0.40/0.76  egress 1.84/2.26
[   60s] clients 1000 | level 0 (0-0 in window: 30 Hz, dilation 1.0), pace 1.00, 0.0% clients bandwidth-degraded | tick p50 4.28 p99 5.23 max 5.36 ms, 0 overruns | out 30.0k pps 59 kbps/client, 59 Mbps | in 29.8k pps 15 kbps/client | stand-ins: repeated 0.03% frozen 0.00%, 36 late inputs | per client-tick: 211 B (near 35 B, 100% deltas), near 4.3 mid 4.2 far 6.3, far skipped 0 starved 0 | input wait p50 43.7 p99 71.9 ms | 0 joins deferred | kernel drops rcv 0 snd 0
         p50/p99 ms: ingress 0.38/0.68  events 0.10/0.16  movement 0.29/0.42  grid 0.16/0.20  separate 0.17/0.32  history 0.00/0.00  serialize 0.04/0.08  assembly 0.78/1.21  transport 0.40/0.69  egress 1.85/2.45
[   60s] clients 0 | level 0 (0-0 in window: 30 Hz, dilation 1.0), pace 1.00, 0.0% clients bandwidth-degraded | tick p50 4.19 p99 4.88 max 4.88 ms, 0 overruns | out 21.1k pps 57 kbps/client, 40 Mbps | in 38.8k pps 19 kbps/client | stand-ins: repeated 0.00% frozen 0.00%, 1 late inputs | per client-tick: 201 B (near 34 B, 100% deltas), near 4.1 mid 3.9 far 5.9, far skipped 0 starved 0 | input wait p50 44.1 p99 69.8 ms | 0 joins deferred | kernel drops rcv 0 snd 0
         p50/p99 ms: ingress 0.43/0.75  events 0.12/0.45  movement 0.29/0.32  grid 0.15/0.19  separate 0.17/0.22  history 0.00/0.00  serialize 0.04/0.06  assembly 0.88/1.02  transport 0.40/0.73  egress 1.39/2.20

== summary: 1706 steady-state ticks (after warmup, before clients drain), peak 1000 clients ==
  phase        p50 ms   p99 ms   max ms
  ingress        0.38     0.83     1.11
  events         0.10     0.22     0.47
  movement       0.30     0.47     0.66
  grid           0.16     0.24     0.32
  separate       0.17     0.31     0.42
  history        0.00     0.00     0.01
  serialize      0.04     0.07     0.13
  assembly       0.83     1.21     1.34
  transport      0.40     0.81     1.09
  egress         1.84     2.35    12.61
  tick           4.30     5.22    15.39
  overruns 0 | spawns 1000 despawns 1000 (421 joins deferred) | stand-ins: repeated 422 frozen 0 | late inputs 421 discarded 0 | bad messages 0 | recv errors 0 send errors 0
  egress (whole run): 1797396 datagrams in 1797396 sends (1.00 per send), 115198 syscalls
  ticks per ladder level (whole run): L0: 1811
  input wait on the server (datagram arrival -> applied): p50 43.7 p99 72.7 max 118.2 mean 45.4 ms
  steady state: stand-ins repeated 405 frozen 0 | late inputs 404 discarded 0
  rewind of near targets (applied step - the input's render step for that tier): p50 200 p99 233 max 283 mean 202.3 ms (n=1781786)
  rewind of mid/far targets (applied step - the input's render step for that tier): p50 333 p99 367 max 405 mean 335.0 ms (n=1781786)
  render times ahead of the server (bogus) 0
