started=1000
welcomed=1000
failed=0
join_p50_ms=383
join_p99_ms=697
join_max_ms=796
corrections=218
corrections_per_bot_minute=0.218
correction_max_m=0.333
push_corrections=110
push_corrections_per_bot_minute=0.110
push_max_m=0.162
snapshots=1698827
near_per_snapshot=4.4
mid_per_snapshot=4.2
far_per_snapshot=6.3
stale_snapshots=53
resyncs=0
input_applied_p50_ms=88.0
input_applied_p99_ms=134.0
input_applied_mean_ms=91.4
server_wait_p50_ms=45.9
server_wait_p99_ms=91.6
server_wait_mean_ms=49.5
round_trip_p50_ms=133.0
round_trip_p99_ms=200.0
round_trip_mean_ms=147.4
near_interval_p50_ms=33.0
near_interval_p99_ms=66.0
near_interval_mean_ms=34.8
mid_interval_p50_ms=100.0
mid_interval_p99_ms=200.0
mid_interval_mean_ms=105.6
far_interval_p50_ms=500.0
far_interval_p99_ms=1000.0
far_interval_mean_ms=524.3
near_interpolated_pct=99.84
near_extrapolated_pct=0.03
near_held_pct=0.00
near_new_pct=0.13
near_pop_p50_mm=0
near_pop_p99_mm=0
mid_interpolated_pct=99.19
mid_extrapolated_pct=0.45
mid_held_pct=0.03
mid_new_pct=0.33
mid_pop_p50_mm=0
mid_pop_p99_mm=46
far_interpolated_pct=38.21
far_extrapolated_pct=58.14
far_held_pct=3.16
far_new_pct=0.49
far_pop_p50_mm=496
far_pop_p99_mm=4584
render_delay_ms=92.1
render_snaps=0
render_backwards=0
clock_extra=6254
clock_skipped=5303
backlog_skips=8
near_decode_errors=0
bytes_down_mb=418.0
bytes_up_mb=112.4
swarm_busy_pct=5
swarm_overruns=6
