== uniform, 1000 bots, 60s -> baselines/2026-10-05-wsl2-adaptive-near-netem/lossy-uniform-1k-1
== summary: 1708 steady-state ticks (after warmup, before clients drain), peak 1000 clients ==
  phase        p50 ms   p99 ms   max ms
  ingress        0.37     0.75     1.24
  events         0.11     0.23     0.40
  movement       0.29     0.43     0.63
  grid           0.16     0.29     0.46
  separate       0.17     0.30     0.38
  history        0.00     0.00     0.04
  serialize      0.04     0.10     0.15
  assembly       0.84     1.22     1.47
  transport      0.41     0.81     0.95
  egress         1.92     2.31    11.97
  tick           4.36     5.12    15.37
  overruns 0 | spawns 1000 despawns 1000 (393 joins deferred) | stand-ins: repeated 5751 frozen 10 | late inputs 5490 discarded 2 | bad messages 0 | recv errors 0 send errors 0
  egress (whole run): 1797338 datagrams in 1797338 sends (1.00 per send), 115190 syscalls
  ticks per ladder level (whole run): L0: 1811
  input wait on the server (datagram arrival -> applied): p50 45.9 p99 91.6 max 506.2 mean 49.5 ms
  steady state: stand-ins repeated 5492 frozen 10 | late inputs 5246 discarded 0
  rewind of near targets (applied step - the input's render step for that tier): p50 200 p99 255 max 667 mean 208.9 ms (n=1777426)
  rewind of mid/far targets (applied step - the input's render step for that tier): p50 333 p99 375 max 800 mean 340.8 ms (n=1777426)
  render times ahead of the server (bogus) 0
== bots summary ==
  started 1000 welcomed 1000 failed 0
  join latency ms: p50 383 p99 697 max 796 (n=1000)
  corrections 218 (0.22/bot-minute), mean error 0.078 m, max 0.333 m
  push corrections (the server pushed us apart from a crowd) 110 (0.11/bot-minute), max 0.162 m
  snapshots 1698827 (entities per snapshot: near 4.4 mid 4.2 far 6.3), stale 53, unmatched acks 0, resyncs 0
  input -> applied on server (est. RTT/2 + server wait): p50 88.0 p99 134.0 max 548.0 mean 91.4 ms (n=1690907)
    of which server wait (arrival -> applied): p50 45.9 p99 91.6 max 506.2 mean 49.5 ms (n=1690907)
  input -> seen acked (round trip): p50 133.0 p99 200.0 max 633.0 mean 147.4 ms (n=1696383)
  near entity update interval (tracked bots): p50 33.0 p99 66.0 max 200.0 mean 34.8 ms (n=369239)
  mid entity update interval (tracked bots): p50 100.0 p99 200.0 max 1000.0 mean 105.6 ms (n=354584)
  far entity update interval (tracked bots): p50 500.0 p99 1000.0 max 2000.0 mean 524.3 ms (n=478261)
  near drawn (tracked bots): 99.84% interpolated, 0.03% extrapolated, 0.00% held, 0.13% new | pops p50 0 p99 0 max 355 mm
  mid drawn (tracked bots): 99.19% interpolated, 0.45% extrapolated, 0.03% held, 0.33% new | pops p50 0 p99 46 max 7100 mm
  far drawn (tracked bots): 38.21% interpolated, 58.14% extrapolated, 3.16% held, 0.49% new | pops p50 496 p99 4584 max 16711 mm
  render delay (near) 92.1 ms behind the newest step, clock snaps 0 (backwards 0)
  input clock: 6254 extra inputs, 5303 skipped ticks, 8 backlog skips | near decode errors (tracked bots) 0
  bytes down 418.0 MB up 112.4 MB | swarm busy 5% of its threads' time, tick overruns 6
