preallocated connections for 10000 clients in 254.407207ms
listening on 127.0.0.1:40500 | spawn Uniform | tiers near 64@150 m, mid 500 m, far 1500 m, budget 6250 B/tick, squads of 4 | 8 rayon threads, 64 shards, 1 socket(s), 256 accepts/tick, egress SendMmsg | socket buffers rcv 8192 KiB snd 8192 KiB
WARNING: token key is the public dev key; anyone can mint tokens for this server (--token-key)
[    5s] clients 1000 | level 0 (0-0 in window: 30 Hz, dilation 1.0), pace 1.00, 0.0% clients bandwidth-degraded | tick p50 4.32 p99 6.40 max 34.89 ms, 1 overruns | out 27.6k pps 59 kbps/client, 53 Mbps | in 25.4k pps 15 kbps/client | stand-ins: repeated 0.32% frozen 0.00%, 397 late inputs | per client-tick: 211 B (near 37 B, 96% deltas), near 4.3 mid 4.1 far 6.2, far skipped 0 starved 0 | input wait p50 46.0 p99 89.2 ms | 393 joins deferred | kernel drops rcv 0 snd 0
         p50/p99 ms: ingress 0.37/0.96  events 0.11/1.65  movement 0.28/0.52  grid 0.16/0.26  separate 0.17/0.33  history 0.00/0.01  serialize 0.04/0.13  assembly 0.81/1.18  transport 0.40/0.91  egress 1.87/2.32
[   10s] clients 1000 | level 0 (0-0 in window: 30 Hz, dilation 1.0), pace 1.00, 0.0% clients bandwidth-degraded | tick p50 4.42 p99 5.26 max 5.48 ms, 0 overruns | out 30.0k pps 59 kbps/client, 59 Mbps | in 28.4k pps 14 kbps/client | stand-ins: repeated 0.33% frozen 0.00%, 489 late inputs | per client-tick: 211 B (near 36 B, 100% deltas), near 4.4 mid 4.2 far 6.3, far skipped 0 starved 0 | input wait p50 45.8 p99 91.6 ms | 0 joins deferred | kernel drops rcv 0 snd 0
         p50/p99 ms: ingress 0.37/0.88  events 0.10/0.20  movement 0.31/0.60  grid 0.16/0.20  separate 0.17/0.30  history 0.00/0.00  serialize 0.04/0.08  assembly 0.85/1.37  transport 0.41/0.78  egress 1.90/2.29
[   15s] clients 1000 | level 0 (0-0 in window: 30 Hz, dilation 1.0), pace 1.00, 0.0% clients bandwidth-degraded | tick p50 4.36 p99 5.27 max 5.45 ms, 0 overruns | out 30.0k pps 59 kbps/client, 59 Mbps | in 28.4k pps 14 kbps/client | stand-ins: repeated 0.33% frozen 0.00%, 463 late inputs | per client-tick: 211 B (near 36 B, 100% deltas), near 4.4 mid 4.2 far 6.3, far skipped 0 starved 0 | input wait p50 45.9 p99 91.6 ms | 0 joins deferred | kernel drops rcv 0 snd 0
         p50/p99 ms: ingress 0.36/0.78  events 0.10/0.22  movement 0.29/0.45  grid 0.17/0.30  separate 0.17/0.24  history 0.00/0.01  serialize 0.04/0.09  assembly 0.84/1.13  transport 0.41/0.80  egress 1.92/2.27
[   20s] clients 1000 | level 0 (0-0 in window: 30 Hz, dilation 1.0), pace 1.00, 0.0% clients bandwidth-degraded | tick p50 4.37 p99 5.13 max 5.16 ms, 0 overruns | out 30.0k pps 59 kbps/client, 59 Mbps | in 28.4k pps 14 kbps/client | stand-ins: repeated 0.33% frozen 0.00%, 475 late inputs | per client-tick: 211 B (near 36 B, 100% deltas), near 4.4 mid 4.2 far 6.3, far skipped 0 starved 0 | input wait p50 45.8 p99 93.0 ms | 0 joins deferred | kernel drops rcv 0 snd 0
         p50/p99 ms: ingress 0.37/0.62  events 0.11/0.28  movement 0.30/0.46  grid 0.17/0.32  separate 0.17/0.36  history 0.00/0.01  serialize 0.04/0.14  assembly 0.82/1.19  transport 0.41/0.82  egress 1.91/2.26
[   25s] clients 1000 | level 0 (0-0 in window: 30 Hz, dilation 1.0), pace 1.00, 0.0% clients bandwidth-degraded | tick p50 4.41 p99 5.15 max 5.39 ms, 0 overruns | out 30.0k pps 59 kbps/client, 59 Mbps | in 28.4k pps 14 kbps/client | stand-ins: repeated 0.32% frozen 0.00%, 455 late inputs | per client-tick: 211 B (near 36 B, 100% deltas), near 4.3 mid 4.2 far 6.3, far skipped 0 starved 0 | input wait p50 46.0 p99 90.1 ms | 0 joins deferred | kernel drops rcv 0 snd 0
         p50/p99 ms: ingress 0.38/0.75  events 0.10/0.23  movement 0.29/0.45  grid 0.16/0.29  separate 0.18/0.35  history 0.00/0.00  serialize 0.04/0.09  assembly 0.82/1.17  transport 0.41/0.94  egress 1.90/2.29
[   30s] clients 1000 | level 0 (0-0 in window: 30 Hz, dilation 1.0), pace 1.00, 0.0% clients bandwidth-degraded | tick p50 4.34 p99 5.19 max 5.23 ms, 0 overruns | out 30.0k pps 59 kbps/client, 59 Mbps | in 28.4k pps 14 kbps/client | stand-ins: repeated 0.32% frozen 0.00%, 463 late inputs | per client-tick: 211 B (near 36 B, 100% deltas), near 4.3 mid 4.2 far 6.3, far skipped 0 starved 0 | input wait p50 46.0 p99 91.8 ms | 0 joins deferred | kernel drops rcv 0 snd 0
         p50/p99 ms: ingress 0.37/0.77  events 0.10/0.30  movement 0.29/0.39  grid 0.16/0.30  separate 0.17/0.25  history 0.00/0.00  serialize 0.04/0.12  assembly 0.83/1.18  transport 0.40/0.89  egress 1.91/2.36
[   35s] clients 1000 | level 0 (0-0 in window: 30 Hz, dilation 1.0), pace 1.00, 0.0% clients bandwidth-degraded | tick p50 4.40 p99 5.08 max 5.46 ms, 0 overruns | out 30.0k pps 59 kbps/client, 59 Mbps | in 28.4k pps 14 kbps/client | stand-ins: repeated 0.32% frozen 0.00%, 450 late inputs | per client-tick: 211 B (near 36 B, 100% deltas), near 4.4 mid 4.2 far 6.3, far skipped 0 starved 0 | input wait p50 45.9 p99 91.5 ms | 0 joins deferred | kernel drops rcv 0 snd 0
         p50/p99 ms: ingress 0.37/0.53  events 0.11/0.21  movement 0.29/0.38  grid 0.16/0.26  separate 0.17/0.29  history 0.00/0.00  serialize 0.04/0.07  assembly 0.86/1.18  transport 0.41/0.81  egress 1.97/2.38
[   40s] clients 1000 | level 0 (0-0 in window: 30 Hz, dilation 1.0), pace 1.00, 0.0% clients bandwidth-degraded | tick p50 4.34 p99 5.02 max 5.04 ms, 0 overruns | out 30.0k pps 59 kbps/client, 59 Mbps | in 28.4k pps 14 kbps/client | stand-ins: repeated 0.30% frozen 0.00%, 434 late inputs | per client-tick: 211 B (near 36 B, 100% deltas), near 4.3 mid 4.2 far 6.3, far skipped 0 starved 0 | input wait p50 45.9 p99 91.8 ms | 0 joins deferred | kernel drops rcv 0 snd 0
         p50/p99 ms: ingress 0.37/0.68  events 0.11/0.25  movement 0.29/0.41  grid 0.16/0.33  separate 0.17/0.30  history 0.00/0.00  serialize 0.04/0.10  assembly 0.85/1.27  transport 0.40/0.79  egress 1.90/2.31
[   45s] clients 1000 | level 0 (0-0 in window: 30 Hz, dilation 1.0), pace 1.00, 0.0% clients bandwidth-degraded | tick p50 4.33 p99 4.96 max 4.96 ms, 0 overruns | out 30.0k pps 59 kbps/client, 59 Mbps | in 28.4k pps 14 kbps/client | stand-ins: repeated 0.32% frozen 0.00%, 460 late inputs | per client-tick: 211 B (near 36 B, 100% deltas), near 4.3 mid 4.2 far 6.3, far skipped 0 starved 0 | input wait p50 45.9 p99 91.9 ms | 0 joins deferred | kernel drops rcv 0 snd 0
         p50/p99 ms: ingress 0.37/0.73  events 0.10/0.18  movement 0.30/0.38  grid 0.16/0.21  separate 0.17/0.23  history 0.00/0.00  serialize 0.04/0.07  assembly 0.84/1.14  transport 0.40/0.76  egress 1.92/2.27
[   50s] clients 1000 | level 0 (0-0 in window: 30 Hz, dilation 1.0), pace 1.00, 0.0% clients bandwidth-degraded | tick p50 4.36 p99 5.17 max 15.37 ms, 0 overruns | out 30.0k pps 59 kbps/client, 59 Mbps | in 28.4k pps 14 kbps/client | stand-ins: repeated 0.32% frozen 0.00%, 471 late inputs | per client-tick: 211 B (near 36 B, 100% deltas), near 4.3 mid 4.2 far 6.3, far skipped 0 starved 0 | input wait p50 46.1 p99 90.9 ms | 0 joins deferred | kernel drops rcv 0 snd 0
         p50/p99 ms: ingress 0.37/0.66  events 0.11/0.22  movement 0.30/0.40  grid 0.16/0.26  separate 0.17/0.32  history 0.00/0.00  serialize 0.04/0.08  assembly 0.85/1.24  transport 0.41/0.81  egress 1.90/2.52
[   55s] clients 1000 | level 0 (0-0 in window: 30 Hz, dilation 1.0), pace 1.00, 0.0% clients bandwidth-degraded | tick p50 4.38 p99 5.09 max 5.42 ms, 0 overruns | out 30.0k pps 59 kbps/client, 59 Mbps | in 28.4k pps 14 kbps/client | stand-ins: repeated 0.33% frozen 0.00%, 467 late inputs | per client-tick: 211 B (near 36 B, 100% deltas), near 4.3 mid 4.2 far 6.3, far skipped 0 starved 0 | input wait p50 46.0 p99 92.2 ms | 0 joins deferred | kernel drops rcv 0 snd 0
         p50/p99 ms: ingress 0.37/0.86  events 0.10/0.22  movement 0.29/0.45  grid 0.17/0.42  separate 0.17/0.22  history 0.00/0.00  serialize 0.04/0.11  assembly 0.83/1.23  transport 0.41/0.75  egress 1.92/2.49
[   60s] clients 1000 | level 0 (0-0 in window: 30 Hz, dilation 1.0), pace 1.00, 0.0% clients bandwidth-degraded | tick p50 4.31 p99 5.05 max 5.07 ms, 0 overruns | out 30.0k pps 59 kbps/client, 59 Mbps | in 28.4k pps 14 kbps/client | stand-ins: repeated 0.32% frozen 0.00%, 459 late inputs | per client-tick: 211 B (near 36 B, 100% deltas), near 4.3 mid 4.2 far 6.3, far skipped 0 starved 0 | input wait p50 46.0 p99 92.3 ms | 0 joins deferred | kernel drops rcv 0 snd 0
         p50/p99 ms: ingress 0.37/0.75  events 0.10/0.17  movement 0.29/0.43  grid 0.16/0.21  separate 0.17/0.30  history 0.00/0.00  serialize 0.04/0.07  assembly 0.81/1.21  transport 0.40/0.71  egress 1.92/2.32
[   60s] clients 0 | level 0 (0-0 in window: 30 Hz, dilation 1.0), pace 1.00, 0.0% clients bandwidth-degraded | tick p50 4.74 p99 6.25 max 6.25 ms, 0 overruns | out 19.8k pps 59 kbps/client, 39 Mbps | in 47.4k pps 21 kbps/client | stand-ins: repeated 0.15% frozen 0.00%, 7 late inputs | per client-tick: 209 B (near 35 B, 100% deltas), near 4.3 mid 4.1 far 6.2, far skipped 0 starved 0 | input wait p50 45.9 p99 90.7 ms | 0 joins deferred | kernel drops rcv 0 snd 0
         p50/p99 ms: ingress 0.60/0.60  events 0.15/0.62  movement 0.28/0.32  grid 0.15/0.16  separate 0.15/0.18  history 0.00/0.00  serialize 0.04/0.04  assembly 1.01/1.46  transport 0.50/1.04  egress 2.08/2.87

== summary: 1708 steady-state ticks (after warmup, before clients drain), peak 1000 clients ==
  phase        p50 ms   p99 ms   max ms
  ingress        0.37     0.75     1.24
  events         0.11     0.23     0.40
  movement       0.29     0.43     0.63
  grid           0.16     0.29     0.46
  separate       0.17     0.30     0.38
  history        0.00     0.00     0.04
  serialize      0.04     0.10     0.15
  assembly       0.84     1.22     1.47
  transport      0.41     0.81     0.95
  egress         1.92     2.31    11.97
  tick           4.36     5.12    15.37
  overruns 0 | spawns 1000 despawns 1000 (393 joins deferred) | stand-ins: repeated 5751 frozen 10 | late inputs 5490 discarded 2 | bad messages 0 | recv errors 0 send errors 0
  egress (whole run): 1797338 datagrams in 1797338 sends (1.00 per send), 115190 syscalls
  ticks per ladder level (whole run): L0: 1811
  input wait on the server (datagram arrival -> applied): p50 45.9 p99 91.6 max 506.2 mean 49.5 ms
  steady state: stand-ins repeated 5492 frozen 10 | late inputs 5246 discarded 0
  rewind of near targets (applied step - the input's render step for that tier): p50 200 p99 255 max 667 mean 208.9 ms (n=1777426)
  rewind of mid/far targets (applied step - the input's render step for that tier): p50 333 p99 375 max 800 mean 340.8 ms (n=1777426)
  render times ahead of the server (bogus) 0
