10000 bots -> 172.16.16.2:40500 on 24 threads, ramp 0/s, 60s, 10000 full + 0 sink bots
[    5s] bots 10000/10000 connected, 10000 welcomed, 0 failed | 23.6 snaps/s/bot, entities/snap near 29.7 mid 49.3 far 46.7 | corrections 0.000/s/bot | down 252 up 10 kbps/bot | rtt 15.4 ms loss 0.00% | input->applied ~ p50 58 p99 76 ms, round trip p50 67 p99 100 ms | joins 10000 (p50 691 p99 1594 ms) | server pace 1.00 level 0, 0 bots bandwidth-degraded | swarm busy 16%, overruns 0
[   10s] bots 10000/10000 connected, 10000 welcomed, 0 failed | 31.2 snaps/s/bot, entities/snap near 27.9 mid 47.8 far 50.1 | corrections 0.000/s/bot | down 334 up 12 kbps/bot | rtt 15.6 ms loss 0.00% | input->applied ~ p50 58 p99 75 ms, round trip p50 67 p99 100 ms | joins 0 (p50 0 p99 0 ms) | server pace 1.00 level 0, 0 bots bandwidth-degraded | swarm busy 17%, overruns 0
[   15s] bots 10000/10000 connected, 10000 welcomed, 0 failed | 28.8 snaps/s/bot, entities/snap near 27.9 mid 47.8 far 50.0 | corrections 0.000/s/bot | down 308 up 12 kbps/bot | rtt 15.5 ms loss 0.00% | input->applied ~ p50 58 p99 75 ms, round trip p50 67 p99 100 ms | joins 0 (p50 0 p99 0 ms) | server pace 1.00 level 0, 0 bots bandwidth-degraded | swarm busy 17%, overruns 0
[   20s] bots 10000/10000 connected, 10000 welcomed, 0 failed | 30.3 snaps/s/bot, entities/snap near 27.9 mid 47.8 far 50.1 | corrections 0.000/s/bot | down 324 up 12 kbps/bot | rtt 15.4 ms loss 0.00% | input->applied ~ p50 58 p99 75 ms, round trip p50 67 p99 100 ms | joins 0 (p50 0 p99 0 ms) | server pace 1.00 level 0, 0 bots bandwidth-degraded | swarm busy 17%, overruns 0
[   25s] bots 10000/10000 connected, 10000 welcomed, 0 failed | 30.7 snaps/s/bot, entities/snap near 27.9 mid 47.7 far 50.1 | corrections 0.000/s/bot | down 327 up 12 kbps/bot | rtt 15.5 ms loss 0.00% | input->applied ~ p50 58 p99 75 ms, round trip p50 67 p99 100 ms | joins 0 (p50 0 p99 0 ms) | server pace 1.00 level 0, 0 bots bandwidth-degraded | swarm busy 17%, overruns 0
[   30s] bots 10000/10000 connected, 10000 welcomed, 0 failed | 29.0 snaps/s/bot, entities/snap near 27.9 mid 47.8 far 50.0 | corrections 0.000/s/bot | down 310 up 12 kbps/bot | rtt 15.5 ms loss 0.00% | input->applied ~ p50 58 p99 75 ms, round trip p50 67 p99 100 ms | joins 0 (p50 0 p99 0 ms) | server pace 1.00 level 0, 0 bots bandwidth-degraded | swarm busy 17%, overruns 0
[   35s] bots 10000/10000 connected, 10000 welcomed, 0 failed | 30.7 snaps/s/bot, entities/snap near 28.1 mid 47.9 far 50.1 | corrections 0.000/s/bot | down 329 up 12 kbps/bot | rtt 15.5 ms loss 0.00% | input->applied ~ p50 58 p99 75 ms, round trip p50 67 p99 100 ms | joins 0 (p50 0 p99 0 ms) | server pace 1.00 level 0, 0 bots bandwidth-degraded | swarm busy 17%, overruns 0
[   40s] bots 10000/10000 connected, 10000 welcomed, 0 failed | 29.8 snaps/s/bot, entities/snap near 27.6 mid 47.4 far 50.0 | corrections 0.000/s/bot | down 318 up 12 kbps/bot | rtt 15.5 ms loss 0.00% | input->applied ~ p50 58 p99 75 ms, round trip p50 67 p99 100 ms | joins 0 (p50 0 p99 0 ms) | server pace 1.00 level 0, 0 bots bandwidth-degraded | swarm busy 18%, overruns 0
[   45s] bots 10000/10000 connected, 10000 welcomed, 0 failed | 29.4 snaps/s/bot, entities/snap near 28.1 mid 48.0 far 50.1 | corrections 0.000/s/bot | down 315 up 12 kbps/bot | rtt 15.6 ms loss 0.00% | input->applied ~ p50 58 p99 75 ms, round trip p50 67 p99 100 ms | joins 0 (p50 0 p99 0 ms) | server pace 1.00 level 0, 0 bots bandwidth-degraded | swarm busy 18%, overruns 0
[   50s] bots 10000/10000 connected, 10000 welcomed, 0 failed | 30.8 snaps/s/bot, entities/snap near 28.0 mid 47.9 far 50.1 | corrections 0.000/s/bot | down 330 up 12 kbps/bot | rtt 15.6 ms loss 0.00% | input->applied ~ p50 58 p99 75 ms, round trip p50 67 p99 100 ms | joins 0 (p50 0 p99 0 ms) | server pace 1.00 level 0, 0 bots bandwidth-degraded | swarm busy 17%, overruns 0
[   55s] bots 10000/10000 connected, 10000 welcomed, 0 failed | 29.6 snaps/s/bot, entities/snap near 27.5 mid 47.3 far 50.0 | corrections 0.000/s/bot | down 315 up 12 kbps/bot | rtt 15.6 ms loss 0.00% | input->applied ~ p50 58 p99 75 ms, round trip p50 67 p99 100 ms | joins 0 (p50 0 p99 0 ms) | server pace 1.00 level 0, 0 bots bandwidth-degraded | swarm busy 17%, overruns 0
[   60s] bots 10000/10000 connected, 10000 welcomed, 0 failed | 29.9 snaps/s/bot, entities/snap near 28.2 mid 48.1 far 50.1 | corrections 0.000/s/bot | down 321 up 12 kbps/bot | rtt 15.7 ms loss 0.00% | input->applied ~ p50 58 p99 75 ms, round trip p50 67 p99 100 ms | joins 0 (p50 0 p99 0 ms) | server pace 1.00 level 0, 0 bots bandwidth-degraded | swarm busy 18%, overruns 0

== bots summary ==
  started 10000 welcomed 10000 failed 0
  join latency ms: p50 691 p99 1594 max 1863 (n=10000)
  corrections 0 (0.00/bot-minute), mean error 0.000 m, max 0.000 m
  snapshots 17778847 (entities per snapshot: near 28.0 mid 47.9 far 49.8), stale 0, unmatched acks 0, resyncs 0
  input -> applied on server (est. RTT/2 + server wait): p50 58.0 p99 75.0 max 80.0 mean 58.0 ms (n=17774867)
    of which server wait (arrival -> applied): p50 50.3 p99 65.3 max 71.4 mean 50.2 ms (n=17774867)
  input -> seen acked (round trip): p50 67.0 p99 100.0 max 100.0 mean 79.7 ms (n=17774867)
  near entity update interval (tracked bots): p50 33.0 p99 66.0 max 133.0 mean 47.2 ms (n=24604755)
  mid entity update interval (tracked bots): p50 100.0 p99 100.0 max 59900.0 mean 131.5 ms (n=41424993)
  far entity update interval (tracked bots): p50 500.0 p99 500.0 max 59000.0 mean 517.8 ms (n=43256894)
  input clock: 10665 extra inputs, 873 skipped ticks, 0 backlog skips | near decode errors (tracked bots) 0
  bytes down 23751.5 MB up 889.4 MB | swarm busy 17% of its threads' time, tick overruns 0
