preallocated connections for 10000 clients in 219.500714ms
listening on 172.16.16.2:40500 | spawn Blob | tiers near 64@150 m, mid 500 m, far 1500 m, budget 6250 B/tick, squads of 4 | 64 rayon threads, 64 shards, 256 accepts/tick, egress SendMmsg | socket buffers rcv 32768 KiB snd 32768 KiB
[    5s] clients 10000 | level 0 (0-0 in window: 30 Hz, dilation 1.0), pace 1.00, 0.0% clients bandwidth-degraded | tick p50 12.70 p99 15.29 max 16.54 ms, 0 overruns | out 331.5k pps 319 kbps/client, 2350 Mbps | in 234.4k pps 16 kbps/client | stand-ins: repeated 0.00% frozen 0.00%, 0 late inputs | per client-tick: 1270 B (near 175 B, 97% deltas), near 29.6 mid 49.0 far 46.1, far skipped 0 starved 0 | input wait p50 50.8 p99 67.1 ms | 51783 joins deferred | kernel drops rcv 0 snd 0
         p50/p99 ms: ingress 1.54/5.47  events 2.47/4.22  movement 0.31/0.38  grid 0.38/0.41  history 0.01/0.06  serialize 0.21/0.37  assembly 3.43/4.80  transport 1.72/1.90  egress 2.44/2.94
[   10s] clients 10000 | level 0 (0-0 in window: 30 Hz, dilation 1.0), pace 1.00, 0.0% clients bandwidth-degraded | tick p50 12.66 p99 13.71 max 13.73 ms, 0 overruns | out 437.8k pps 321 kbps/client, 3208 Mbps | in 300.0k pps 12 kbps/client | stand-ins: repeated 0.00% frozen 0.00%, 0 late inputs | per client-tick: 1286 B (near 160 B, 99% deltas), near 27.9 mid 47.8 far 50.0, far skipped 0 starved 0 | input wait p50 50.2 p99 65.3 ms | 0 joins deferred | kernel drops rcv 0 snd 0
         p50/p99 ms: ingress 1.55/1.64  events 2.46/3.37  movement 0.34/0.38  grid 0.39/0.47  history 0.01/0.01  serialize 0.21/0.26  assembly 3.48/3.60  transport 1.80/1.91  egress 2.40/2.68
[   15s] clients 10000 | level 0 (0-0 in window: 30 Hz, dilation 1.0), pace 1.00, 0.0% clients bandwidth-degraded | tick p50 12.65 p99 12.97 max 13.23 ms, 0 overruns | out 437.8k pps 321 kbps/client, 3208 Mbps | in 300.0k pps 12 kbps/client | stand-ins: repeated 0.00% frozen 0.00%, 0 late inputs | per client-tick: 1286 B (near 160 B, 99% deltas), near 27.9 mid 47.8 far 50.1, far skipped 0 starved 0 | input wait p50 50.2 p99 65.3 ms | 0 joins deferred | kernel drops rcv 0 snd 0
         p50/p99 ms: ingress 1.58/1.67  events 2.48/2.69  movement 0.33/0.38  grid 0.39/0.41  history 0.01/0.01  serialize 0.21/0.26  assembly 3.48/3.61  transport 1.81/1.95  egress 2.36/2.63
[   20s] clients 10000 | level 0 (0-0 in window: 30 Hz, dilation 1.0), pace 1.00, 0.0% clients bandwidth-degraded | tick p50 12.76 p99 13.39 max 13.51 ms, 0 overruns | out 437.8k pps 321 kbps/client, 3208 Mbps | in 300.0k pps 12 kbps/client | stand-ins: repeated 0.00% frozen 0.00%, 0 late inputs | per client-tick: 1286 B (near 160 B, 99% deltas), near 27.9 mid 47.8 far 50.1, far skipped 0 starved 0 | input wait p50 50.2 p99 65.3 ms | 0 joins deferred | kernel drops rcv 0 snd 0
         p50/p99 ms: ingress 1.56/1.66  events 2.48/2.72  movement 0.33/0.39  grid 0.39/0.41  history 0.01/0.01  serialize 0.21/0.25  assembly 3.49/3.69  transport 1.81/1.92  egress 2.41/2.89
[   25s] clients 10000 | level 0 (0-0 in window: 30 Hz, dilation 1.0), pace 1.00, 0.0% clients bandwidth-degraded | tick p50 12.64 p99 12.95 max 13.02 ms, 0 overruns | out 437.4k pps 321 kbps/client, 3207 Mbps | in 300.0k pps 12 kbps/client | stand-ins: repeated 0.00% frozen 0.00%, 0 late inputs | per client-tick: 1285 B (near 160 B, 99% deltas), near 27.9 mid 47.8 far 50.0, far skipped 0 starved 0 | input wait p50 50.2 p99 65.2 ms | 0 joins deferred | kernel drops rcv 0 snd 0
         p50/p99 ms: ingress 1.56/1.65  events 2.48/2.70  movement 0.33/0.38  grid 0.40/0.42  history 0.01/0.01  serialize 0.21/0.25  assembly 3.49/3.60  transport 1.80/1.94  egress 2.33/2.50
[   30s] clients 10000 | level 0 (0-0 in window: 30 Hz, dilation 1.0), pace 1.00, 0.0% clients bandwidth-degraded | tick p50 12.62 p99 13.01 max 13.02 ms, 0 overruns | out 437.2k pps 321 kbps/client, 3206 Mbps | in 300.0k pps 12 kbps/client | stand-ins: repeated 0.00% frozen 0.00%, 0 late inputs | per client-tick: 1285 B (near 160 B, 99% deltas), near 27.9 mid 47.7 far 50.0, far skipped 0 starved 0 | input wait p50 50.2 p99 65.2 ms | 0 joins deferred | kernel drops rcv 0 snd 0
         p50/p99 ms: ingress 1.55/1.65  events 2.48/2.73  movement 0.33/0.37  grid 0.40/0.42  history 0.01/0.01  serialize 0.21/0.25  assembly 3.49/3.63  transport 1.81/1.93  egress 2.33/2.45
[   35s] clients 10000 | level 0 (0-0 in window: 30 Hz, dilation 1.0), pace 1.00, 0.0% clients bandwidth-degraded | tick p50 12.62 p99 13.57 max 13.58 ms, 0 overruns | out 437.1k pps 321 kbps/client, 3206 Mbps | in 300.0k pps 12 kbps/client | stand-ins: repeated 0.00% frozen 0.00%, 0 late inputs | per client-tick: 1285 B (near 160 B, 99% deltas), near 27.9 mid 47.7 far 50.0, far skipped 0 starved 0 | input wait p50 50.2 p99 65.2 ms | 0 joins deferred | kernel drops rcv 0 snd 0
         p50/p99 ms: ingress 1.55/1.63  events 2.49/3.23  movement 0.34/0.38  grid 0.40/0.48  history 0.01/0.01  serialize 0.21/0.24  assembly 3.48/3.66  transport 1.81/1.92  egress 2.32/2.45
[   40s] clients 10000 | level 0 (0-0 in window: 30 Hz, dilation 1.0), pace 1.00, 0.0% clients bandwidth-degraded | tick p50 12.64 p99 13.52 max 13.53 ms, 0 overruns | out 437.2k pps 321 kbps/client, 3206 Mbps | in 300.0k pps 12 kbps/client | stand-ins: repeated 0.00% frozen 0.00%, 0 late inputs | per client-tick: 1285 B (near 160 B, 99% deltas), near 27.9 mid 47.8 far 50.0, far skipped 0 starved 0 | input wait p50 50.2 p99 65.2 ms | 0 joins deferred | kernel drops rcv 0 snd 0
         p50/p99 ms: ingress 1.56/1.65  events 2.49/3.26  movement 0.34/0.38  grid 0.40/0.48  history 0.01/0.01  serialize 0.21/0.26  assembly 3.49/3.70  transport 1.81/1.92  egress 2.33/2.46
[   45s] clients 10000 | level 0 (0-0 in window: 30 Hz, dilation 1.0), pace 1.00, 0.0% clients bandwidth-degraded | tick p50 12.62 p99 12.94 max 13.08 ms, 0 overruns | out 437.1k pps 321 kbps/client, 3206 Mbps | in 300.0k pps 12 kbps/client | stand-ins: repeated 0.00% frozen 0.00%, 0 late inputs | per client-tick: 1285 B (near 160 B, 99% deltas), near 27.9 mid 47.8 far 50.0, far skipped 0 starved 0 | input wait p50 50.2 p99 65.2 ms | 0 joins deferred | kernel drops rcv 0 snd 0
         p50/p99 ms: ingress 1.57/1.68  events 2.48/2.68  movement 0.34/0.38  grid 0.40/0.42  history 0.01/0.01  serialize 0.21/0.26  assembly 3.49/3.62  transport 1.82/1.90  egress 2.31/2.45
[   50s] clients 10000 | level 0 (0-0 in window: 30 Hz, dilation 1.0), pace 1.00, 0.0% clients bandwidth-degraded | tick p50 12.71 p99 13.59 max 13.63 ms, 0 overruns | out 436.7k pps 321 kbps/client, 3206 Mbps | in 300.0k pps 12 kbps/client | stand-ins: repeated 0.00% frozen 0.00%, 0 late inputs | per client-tick: 1285 B (near 160 B, 99% deltas), near 27.9 mid 47.8 far 50.0, far skipped 0 starved 0 | input wait p50 50.2 p99 65.2 ms | 0 joins deferred | kernel drops rcv 0 snd 0
         p50/p99 ms: ingress 1.58/1.70  events 2.53/3.28  movement 0.34/0.39  grid 0.41/0.49  history 0.01/0.01  serialize 0.21/0.25  assembly 3.48/3.62  transport 1.82/1.95  egress 2.31/2.40
[   55s] clients 10000 | level 0 (0-0 in window: 30 Hz, dilation 1.0), pace 1.00, 0.0% clients bandwidth-degraded | tick p50 12.70 p99 13.00 max 13.02 ms, 0 overruns | out 436.7k pps 321 kbps/client, 3206 Mbps | in 300.0k pps 12 kbps/client | stand-ins: repeated 0.00% frozen 0.00%, 0 late inputs | per client-tick: 1285 B (near 160 B, 99% deltas), near 27.9 mid 47.8 far 50.0, far skipped 0 starved 0 | input wait p50 50.2 p99 65.2 ms | 0 joins deferred | kernel drops rcv 0 snd 0
         p50/p99 ms: ingress 1.60/1.70  events 2.51/2.71  movement 0.33/0.38  grid 0.40/0.43  history 0.01/0.01  serialize 0.21/0.24  assembly 3.49/3.58  transport 1.83/1.93  egress 2.30/2.44
[   60s] clients 10000 | level 0 (0-0 in window: 30 Hz, dilation 1.0), pace 1.00, 0.0% clients bandwidth-degraded | tick p50 12.66 p99 12.99 max 13.26 ms, 0 overruns | out 436.8k pps 321 kbps/client, 3206 Mbps | in 300.0k pps 12 kbps/client | stand-ins: repeated 0.00% frozen 0.00%, 0 late inputs | per client-tick: 1285 B (near 160 B, 99% deltas), near 27.8 mid 47.7 far 50.1, far skipped 0 starved 0 | input wait p50 50.2 p99 65.2 ms | 0 joins deferred | kernel drops rcv 0 snd 0
         p50/p99 ms: ingress 1.61/1.70  events 2.49/2.70  movement 0.33/0.39  grid 0.41/0.45  history 0.01/0.01  serialize 0.20/0.24  assembly 3.48/3.63  transport 1.83/1.91  egress 2.30/2.48
[   61s] clients 0 | level 0 (0-0 in window: 30 Hz, dilation 1.0), pace 1.00, 0.0% clients bandwidth-degraded | tick p50 12.67 p99 29.67 max 29.67 ms, 0 overruns | out 373.9k pps 323 kbps/client, 2741 Mbps | in 316.7k pps 13 kbps/client | stand-ins: repeated 0.00% frozen 0.00%, 0 late inputs | per client-tick: 1274 B (near 160 B, 98% deltas), near 27.3 mid 46.9 far 50.0, far skipped 0 starved 0 | input wait p50 50.1 p99 65.1 ms | 0 joins deferred | kernel drops rcv 0 snd 0
         p50/p99 ms: ingress 1.62/6.89  events 2.50/20.59  movement 0.32/0.34  grid 0.40/0.42  history 0.01/0.01  serialize 0.20/0.23  assembly 3.47/3.56  transport 1.78/1.95  egress 2.26/2.38

== summary: 1708 steady-state ticks (after warmup, before clients drain), peak 10000 clients ==
  phase        p50 ms   p99 ms   max ms
  ingress        1.57     1.68     1.80
  events         2.49     3.22     3.40
  movement       0.33     0.38     0.42
  grid           0.40     0.46     0.51
  history        0.01     0.01     0.02
  serialize      0.21     0.25     0.38
  assembly       3.48     3.62     4.22
  transport      1.81     1.92     2.13
  egress         2.33     2.76     2.92
  tick          12.66    13.42    13.73
  overruns 0 | spawns 10000 despawns 10000 (51783 joins deferred) | stand-ins: repeated 0 frozen 0 | late inputs 0 discarded 0 | bad messages 0 | recv errors 0 send errors 0
  egress (whole run): 25985737 datagrams in 25985737 sends (1.00 per send), 118351 syscalls
  ticks per ladder level (whole run): L0: 1822
  input wait on the server (datagram arrival -> applied): p50 50.3 p99 65.3 max 71.4 mean 50.2 ms
  steady state: stand-ins repeated 0 frozen 0 | late inputs 0 discarded 0
