minting tokens with the public dev key (--token-key to change)
1000 bots -> 127.0.0.1:40500 on 8 threads, ramp 0/s, 60s, 1000 full + 0 sink bots
[    5s] bots 1000/1000 connected, 1000 welcomed, 0 failed | 26.1 snaps/s/bot, entities/snap near 4.4 mid 4.2 far 6.3 | corrections 0.000/s/bot | down 52 up 13 kbps/bot | rtt 34.4 ms loss 0.00% | input->applied ~ p50 68 p99 95 ms, round trip p50 100 p99 133 ms | joins 1000 (p50 283 p99 620 ms) | server pace 1.00 level 0, 0 bots bandwidth-degraded | swarm busy 8%, overruns 3
[   10s] bots 1000/1000 connected, 1000 welcomed, 0 failed | 31.0 snaps/s/bot, entities/snap near 4.3 mid 4.2 far 6.3 | corrections 0.000/s/bot | down 61 up 16 kbps/bot | rtt 34.4 ms loss 0.00% | input->applied ~ p50 68 p99 87 ms, round trip p50 100 p99 133 ms | joins 0 (p50 0 p99 0 ms) | server pace 1.00 level 0, 0 bots bandwidth-degraded | swarm busy 7%, overruns 0
[   15s] bots 1000/1000 connected, 1000 welcomed, 0 failed | 28.8 snaps/s/bot, entities/snap near 4.3 mid 4.2 far 6.3 | corrections 0.000/s/bot | down 56 up 14 kbps/bot | rtt 34.5 ms loss 0.00% | input->applied ~ p50 69 p99 87 ms, round trip p50 100 p99 133 ms | joins 0 (p50 0 p99 0 ms) | server pace 1.00 level 0, 0 bots bandwidth-degraded | swarm busy 7%, overruns 0
[   20s] bots 1000/1000 connected, 1000 welcomed, 0 failed | 30.4 snaps/s/bot, entities/snap near 4.3 mid 4.2 far 6.3 | corrections 0.000/s/bot | down 59 up 15 kbps/bot | rtt 34.5 ms loss 0.00% | input->applied ~ p50 68 p99 87 ms, round trip p50 100 p99 133 ms | joins 0 (p50 0 p99 0 ms) | server pace 1.00 level 0, 0 bots bandwidth-degraded | swarm busy 7%, overruns 0
[   25s] bots 1000/1000 connected, 1000 welcomed, 0 failed | 31.1 snaps/s/bot, entities/snap near 4.3 mid 4.2 far 6.3 | corrections 0.000/s/bot | down 61 up 16 kbps/bot | rtt 34.4 ms loss 0.00% | input->applied ~ p50 69 p99 87 ms, round trip p50 100 p99 133 ms | joins 0 (p50 0 p99 0 ms) | server pace 1.00 level 0, 0 bots bandwidth-degraded | swarm busy 7%, overruns 0
[   30s] bots 1000/1000 connected, 1000 welcomed, 0 failed | 28.0 snaps/s/bot, entities/snap near 4.3 mid 4.2 far 6.3 | corrections 0.000/s/bot | down 55 up 14 kbps/bot | rtt 34.4 ms loss 0.00% | input->applied ~ p50 69 p99 87 ms, round trip p50 100 p99 133 ms | joins 0 (p50 0 p99 0 ms) | server pace 1.00 level 0, 0 bots bandwidth-degraded | swarm busy 7%, overruns 0
[   35s] bots 1000/1000 connected, 1000 welcomed, 0 failed | 31.2 snaps/s/bot, entities/snap near 4.3 mid 4.2 far 6.3 | corrections 0.000/s/bot | down 61 up 16 kbps/bot | rtt 34.3 ms loss 0.00% | input->applied ~ p50 68 p99 87 ms, round trip p50 100 p99 133 ms | joins 0 (p50 0 p99 0 ms) | server pace 1.00 level 0, 0 bots bandwidth-degraded | swarm busy 7%, overruns 0
[   40s] bots 1000/1000 connected, 1000 welcomed, 0 failed | 30.4 snaps/s/bot, entities/snap near 4.3 mid 4.2 far 6.3 | corrections 0.000/s/bot | down 59 up 15 kbps/bot | rtt 34.5 ms loss 0.00% | input->applied ~ p50 69 p99 87 ms, round trip p50 100 p99 133 ms | joins 0 (p50 0 p99 0 ms) | server pace 1.00 level 0, 0 bots bandwidth-degraded | swarm busy 7%, overruns 0
[   45s] bots 1000/1000 connected, 1000 welcomed, 0 failed | 28.8 snaps/s/bot, entities/snap near 4.4 mid 4.2 far 6.3 | corrections 0.000/s/bot | down 56 up 14 kbps/bot | rtt 34.5 ms loss 0.00% | input->applied ~ p50 68 p99 87 ms, round trip p50 100 p99 133 ms | joins 0 (p50 0 p99 0 ms) | server pace 1.00 level 0, 0 bots bandwidth-degraded | swarm busy 7%, overruns 0
[   50s] bots 1000/1000 connected, 1000 welcomed, 0 failed | 31.1 snaps/s/bot, entities/snap near 4.4 mid 4.2 far 6.3 | corrections 0.000/s/bot | down 61 up 16 kbps/bot | rtt 34.5 ms loss 0.00% | input->applied ~ p50 69 p99 87 ms, round trip p50 100 p99 133 ms | joins 0 (p50 0 p99 0 ms) | server pace 1.00 level 0, 0 bots bandwidth-degraded | swarm busy 7%, overruns 0
[   55s] bots 1000/1000 connected, 1000 welcomed, 0 failed | 29.3 snaps/s/bot, entities/snap near 4.3 mid 4.2 far 6.3 | corrections 0.000/s/bot | down 57 up 15 kbps/bot | rtt 34.6 ms loss 0.00% | input->applied ~ p50 69 p99 87 ms, round trip p50 100 p99 133 ms | joins 0 (p50 0 p99 0 ms) | server pace 1.00 level 0, 0 bots bandwidth-degraded | swarm busy 7%, overruns 0
[   60s] bots 1000/1000 connected, 1000 welcomed, 0 failed | 30.0 snaps/s/bot, entities/snap near 4.3 mid 4.2 far 6.3 | corrections 0.000/s/bot | down 59 up 15 kbps/bot | rtt 34.4 ms loss 0.00% | input->applied ~ p50 68 p99 87 ms, round trip p50 100 p99 133 ms | joins 0 (p50 0 p99 0 ms) | server pace 1.00 level 0, 0 bots bandwidth-degraded | swarm busy 7%, overruns 0

== bots summary ==
  started 1000 welcomed 1000 failed 0
  join latency ms: p50 283 p99 620 max 720 (n=1000)
  corrections 0 (0.00/bot-minute), mean error 0.000 m, max 0.000 m
  push corrections (the server pushed us apart from a crowd) 90 (0.09/bot-minute), max 0.099 m
  snapshots 1790015 (entities per snapshot: near 4.3 mid 4.2 far 6.3), stale 0, unmatched acks 0, resyncs 0
  input -> applied on server (est. RTT/2 + server wait): p50 69.0 p99 87.0 max 120.0 mean 68.5 ms (n=1788905)
    of which server wait (arrival -> applied): p50 51.3 p99 69.9 max 102.0 mean 51.2 ms (n=1788905)
  input -> seen acked (round trip): p50 100.0 p99 133.0 max 198.0 mean 101.2 ms (n=1788905)
  near entity update interval (tracked bots): p50 33.0 p99 33.0 max 100.0 mean 33.0 ms (n=384610)
  mid entity update interval (tracked bots): p50 100.0 p99 100.0 max 500.0 mean 100.2 ms (n=375455)
  far entity update interval (tracked bots): p50 500.0 p99 500.0 max 2000.0 mean 499.9 ms (n=569887)
  near drawn (tracked bots): 99.87% interpolated, 0.02% extrapolated, 0.00% held, 0.11% new | pops p50 0 p99 0 max 125 mm
  mid drawn (tracked bots): 99.50% interpolated, 0.15% extrapolated, 0.01% held, 0.34% new | pops p50 0 p99 0 max 3397 mm
  far drawn (tracked bots): 40.26% interpolated, 59.06% extrapolated, 0.27% held, 0.40% new | pops p50 406 p99 3679 max 10056 mm
  render delay (near) 67.2 ms behind the newest step, clock snaps 0 (backwards 0)
  input clock: 8460 extra inputs, 7478 skipped ticks, 0 backlog skips | near decode errors (tracked bots) 0
  bytes down 438.0 MB up 112.4 MB | swarm busy 7% of its threads' time, tick overruns 3
