spawn=uniform
egress=sendmmsg
ladder=on
threads=8
shards=64
sockets=1
peak_clients=1000
steady_ticks=1708
steady_secs=56.9
ingress_p50_ms=0.39
ingress_p99_ms=0.92
ingress_max_ms=1.20
events_p50_ms=0.10
events_p99_ms=0.34
events_max_ms=0.47
movement_p50_ms=0.29
movement_p99_ms=0.50
movement_max_ms=0.55
grid_p50_ms=0.16
grid_p99_ms=0.26
grid_max_ms=0.34
separate_p50_ms=0.17
separate_p99_ms=0.31
separate_max_ms=2.27
history_p50_ms=0.00
history_p99_ms=0.00
history_max_ms=0.02
serialize_p50_ms=0.04
serialize_p99_ms=0.07
serialize_max_ms=0.16
assembly_p50_ms=0.89
assembly_p99_ms=1.24
assembly_max_ms=1.44
transport_p50_ms=0.40
transport_p99_ms=0.84
transport_max_ms=1.03
egress_p50_ms=1.92
egress_p99_ms=2.36
egress_max_ms=8.30
tick_p50_ms=4.43
tick_p99_ms=5.24
tick_max_ms=11.70
steady_overruns=0
level_mode=0
tick_hz=30
dilation=1
levels=L0:1708
clients_avg=1000
out_pps=30015
in_pps=29917
egress_mbps=58.7
packets_per_client_tick=1.00
wire_bytes_per_client_tick=244
down_kbps_per_client=58.7
up_kbps_per_client=15.1
kernel_rcvbuf_drops=0
kernel_sndbuf_drops=0
snapshot_bytes_per_client_tick=209
near_bytes_per_client_tick=34
near_per_client_tick=4.3
mid_per_client_tick=4.2
far_per_client_tick=6.3
near_scanned_per_query=3
mid_scanned_per_query=7
far_skipped=0
far_starved=0
repeated=0
frozen=0
late_inputs=0
discarded_inputs=0
input_wait_p50_ms=51.3
input_wait_p99_ms=69.9
spawns=1000
despawns=1000
joins_deferred=892
bad_messages=0
recv_errors=0
send_errors=0
datagrams=1796799
sends=1796799
send_syscalls=115250
rewind_near_p50_ms=167
rewind_near_p99_ms=170
rewind_near_mean_ms=162.5
rewind_mid_p50_ms=300
rewind_mid_p99_ms=303
rewind_mid_mean_ms=295.6
ingress_longest_p50_ms=0.03
ingress_work_p50_ms=0.80
assembly_longest_p50_ms=0.09
assembly_work_p50_ms=2.84
transport_longest_p50_ms=0.05
transport_work_p50_ms=1.38
egress_longest_p50_ms=0.31
egress_work_p50_ms=10.55
