preallocated connections for 10000 clients in 253.640375ms
listening on 127.0.0.1:40500 | spawn Uniform | tiers near 64@150 m, mid 500 m, far 1500 m, budget 6250 B/tick, squads of 4 | 8 rayon threads, 64 shards, 1 socket(s), 256 accepts/tick, egress SendMmsg | socket buffers rcv 8192 KiB snd 8192 KiB
WARNING: token key is the public dev key; anyone can mint tokens for this server (--token-key)
[    5s] clients 1000 | level 0 (0-0 in window: 30 Hz, dilation 1.0), pace 1.00, 0.0% clients bandwidth-degraded | tick p50 4.43 p99 7.03 max 8.01 ms, 0 overruns | out 27.7k pps 59 kbps/client, 53 Mbps | in 27.2k pps 16 kbps/client | stand-ins: repeated 0.00% frozen 0.00%, 0 late inputs | per client-tick: 209 B (near 35 B, 98% deltas), near 4.3 mid 4.1 far 6.2, far skipped 0 starved 0 | input wait p50 50.9 p99 70.7 ms | 892 joins deferred | kernel drops rcv 0 snd 0
         p50/p99 ms: ingress 0.40/1.06  events 0.10/1.87  movement 0.29/0.44  grid 0.16/0.24  separate 0.17/0.29  history 0.00/0.01  serialize 0.04/0.08  assembly 0.84/1.20  transport 0.39/0.88  egress 1.90/2.36
[   10s] clients 1000 | level 0 (0-0 in window: 30 Hz, dilation 1.0), pace 1.00, 0.0% clients bandwidth-degraded | tick p50 4.46 p99 5.32 max 5.59 ms, 0 overruns | out 30.0k pps 59 kbps/client, 59 Mbps | in 29.9k pps 15 kbps/client | stand-ins: repeated 0.00% frozen 0.00%, 0 late inputs | per client-tick: 209 B (near 34 B, 100% deltas), near 4.3 mid 4.2 far 6.3, far skipped 0 starved 0 | input wait p50 51.2 p99 69.8 ms | 0 joins deferred | kernel drops rcv 0 snd 0
         p50/p99 ms: ingress 0.39/1.17  events 0.10/0.17  movement 0.30/0.45  grid 0.16/0.28  separate 0.17/0.33  history 0.00/0.00  serialize 0.04/0.08  assembly 0.88/1.23  transport 0.40/0.84  egress 1.92/2.42
[   15s] clients 1000 | level 0 (0-0 in window: 30 Hz, dilation 1.0), pace 1.00, 0.0% clients bandwidth-degraded | tick p50 4.44 p99 5.05 max 5.07 ms, 0 overruns | out 30.0k pps 59 kbps/client, 59 Mbps | in 29.9k pps 15 kbps/client | stand-ins: repeated 0.00% frozen 0.00%, 0 late inputs | per client-tick: 209 B (near 34 B, 100% deltas), near 4.3 mid 4.2 far 6.3, far skipped 0 starved 0 | input wait p50 51.3 p99 69.9 ms | 0 joins deferred | kernel drops rcv 0 snd 0
         p50/p99 ms: ingress 0.39/0.88  events 0.10/0.22  movement 0.30/0.53  grid 0.16/0.29  separate 0.17/0.33  history 0.00/0.00  serialize 0.04/0.08  assembly 0.90/1.25  transport 0.40/0.81  egress 1.92/2.37
[   20s] clients 1000 | level 0 (0-0 in window: 30 Hz, dilation 1.0), pace 1.00, 0.0% clients bandwidth-degraded | tick p50 4.42 p99 5.38 max 6.93 ms, 0 overruns | out 30.0k pps 59 kbps/client, 59 Mbps | in 29.9k pps 15 kbps/client | stand-ins: repeated 0.00% frozen 0.00%, 0 late inputs | per client-tick: 209 B (near 34 B, 100% deltas), near 4.3 mid 4.2 far 6.3, far skipped 0 starved 0 | input wait p50 51.2 p99 69.9 ms | 0 joins deferred | kernel drops rcv 0 snd 0
         p50/p99 ms: ingress 0.39/0.91  events 0.10/0.40  movement 0.29/0.48  grid 0.16/0.26  separate 0.17/0.31  history 0.00/0.00  serialize 0.04/0.07  assembly 0.89/1.22  transport 0.40/0.84  egress 1.95/2.30
[   25s] clients 1000 | level 0 (0-0 in window: 30 Hz, dilation 1.0), pace 1.00, 0.0% clients bandwidth-degraded | tick p50 4.43 p99 5.06 max 5.09 ms, 0 overruns | out 30.0k pps 59 kbps/client, 59 Mbps | in 29.9k pps 15 kbps/client | stand-ins: repeated 0.00% frozen 0.00%, 0 late inputs | per client-tick: 209 B (near 34 B, 100% deltas), near 4.3 mid 4.2 far 6.3, far skipped 0 starved 0 | input wait p50 51.4 p99 69.9 ms | 0 joins deferred | kernel drops rcv 0 snd 0
         p50/p99 ms: ingress 0.40/0.86  events 0.10/0.34  movement 0.29/0.50  grid 0.16/0.28  separate 0.17/0.31  history 0.00/0.00  serialize 0.04/0.08  assembly 0.89/1.23  transport 0.40/0.88  egress 1.91/2.36
[   30s] clients 1000 | level 0 (0-0 in window: 30 Hz, dilation 1.0), pace 1.00, 0.0% clients bandwidth-degraded | tick p50 4.38 p99 5.07 max 5.15 ms, 0 overruns | out 30.0k pps 59 kbps/client, 59 Mbps | in 29.9k pps 15 kbps/client | stand-ins: repeated 0.00% frozen 0.00%, 0 late inputs | per client-tick: 209 B (near 34 B, 100% deltas), near 4.3 mid 4.2 far 6.3, far skipped 0 starved 0 | input wait p50 51.3 p99 69.9 ms | 0 joins deferred | kernel drops rcv 0 snd 0
         p50/p99 ms: ingress 0.38/0.85  events 0.10/0.27  movement 0.29/0.47  grid 0.16/0.21  separate 0.17/0.32  history 0.00/0.00  serialize 0.04/0.07  assembly 0.84/1.19  transport 0.40/0.82  egress 1.91/2.29
[   35s] clients 1000 | level 0 (0-0 in window: 30 Hz, dilation 1.0), pace 1.00, 0.0% clients bandwidth-degraded | tick p50 4.38 p99 5.22 max 5.23 ms, 0 overruns | out 30.0k pps 59 kbps/client, 59 Mbps | in 29.9k pps 15 kbps/client | stand-ins: repeated 0.00% frozen 0.00%, 0 late inputs | per client-tick: 209 B (near 34 B, 100% deltas), near 4.3 mid 4.2 far 6.3, far skipped 0 starved 0 | input wait p50 51.3 p99 69.9 ms | 0 joins deferred | kernel drops rcv 0 snd 0
         p50/p99 ms: ingress 0.38/0.62  events 0.10/0.36  movement 0.29/0.45  grid 0.16/0.23  separate 0.17/0.25  history 0.00/0.00  serialize 0.04/0.10  assembly 0.88/1.33  transport 0.40/0.84  egress 1.92/2.36
[   40s] clients 1000 | level 0 (0-0 in window: 30 Hz, dilation 1.0), pace 1.00, 0.0% clients bandwidth-degraded | tick p50 4.41 p99 5.16 max 5.36 ms, 0 overruns | out 30.0k pps 59 kbps/client, 59 Mbps | in 29.9k pps 15 kbps/client | stand-ins: repeated 0.00% frozen 0.00%, 0 late inputs | per client-tick: 210 B (near 35 B, 100% deltas), near 4.3 mid 4.2 far 6.3, far skipped 0 starved 0 | input wait p50 51.3 p99 69.9 ms | 0 joins deferred | kernel drops rcv 0 snd 0
         p50/p99 ms: ingress 0.38/0.86  events 0.10/0.35  movement 0.29/0.36  grid 0.16/0.21  separate 0.17/0.24  history 0.00/0.00  serialize 0.04/0.08  assembly 0.88/1.13  transport 0.41/1.02  egress 1.92/2.33
[   45s] clients 1000 | level 0 (0-0 in window: 30 Hz, dilation 1.0), pace 1.00, 0.0% clients bandwidth-degraded | tick p50 4.43 p99 5.27 max 5.35 ms, 0 overruns | out 30.0k pps 59 kbps/client, 59 Mbps | in 29.9k pps 15 kbps/client | stand-ins: repeated 0.00% frozen 0.00%, 0 late inputs | per client-tick: 210 B (near 35 B, 100% deltas), near 4.4 mid 4.2 far 6.3, far skipped 0 starved 0 | input wait p50 51.3 p99 70.0 ms | 0 joins deferred | kernel drops rcv 0 snd 0
         p50/p99 ms: ingress 0.39/1.03  events 0.10/0.33  movement 0.29/0.51  grid 0.15/0.20  separate 0.17/0.28  history 0.00/0.00  serialize 0.04/0.08  assembly 0.85/1.22  transport 0.40/0.86  egress 1.93/2.37
[   50s] clients 1000 | level 0 (0-0 in window: 30 Hz, dilation 1.0), pace 1.00, 0.0% clients bandwidth-degraded | tick p50 4.46 p99 5.66 max 11.70 ms, 0 overruns | out 30.0k pps 59 kbps/client, 59 Mbps | in 29.9k pps 15 kbps/client | stand-ins: repeated 0.00% frozen 0.00%, 0 late inputs | per client-tick: 210 B (near 35 B, 100% deltas), near 4.4 mid 4.2 far 6.3, far skipped 0 starved 0 | input wait p50 51.2 p99 69.9 ms | 0 joins deferred | kernel drops rcv 0 snd 0
         p50/p99 ms: ingress 0.39/0.90  events 0.10/0.16  movement 0.29/0.50  grid 0.16/0.27  separate 0.17/0.25  history 0.00/0.01  serialize 0.04/0.07  assembly 0.89/1.35  transport 0.41/0.87  egress 1.92/2.46
[   55s] clients 1000 | level 0 (0-0 in window: 30 Hz, dilation 1.0), pace 1.00, 0.0% clients bandwidth-degraded | tick p50 4.49 p99 5.34 max 5.50 ms, 0 overruns | out 30.0k pps 59 kbps/client, 59 Mbps | in 29.9k pps 15 kbps/client | stand-ins: repeated 0.00% frozen 0.00%, 0 late inputs | per client-tick: 209 B (near 34 B, 100% deltas), near 4.3 mid 4.2 far 6.3, far skipped 0 starved 0 | input wait p50 51.4 p99 69.9 ms | 0 joins deferred | kernel drops rcv 0 snd 0
         p50/p99 ms: ingress 0.40/1.00  events 0.10/0.32  movement 0.28/0.50  grid 0.16/0.26  separate 0.17/0.32  history 0.00/0.02  serialize 0.04/0.07  assembly 0.88/1.22  transport 0.41/0.89  egress 1.92/2.44
[   60s] clients 1000 | level 0 (0-0 in window: 30 Hz, dilation 1.0), pace 1.00, 0.0% clients bandwidth-degraded | tick p50 4.42 p99 5.24 max 5.26 ms, 0 overruns | out 30.0k pps 59 kbps/client, 59 Mbps | in 29.9k pps 15 kbps/client | stand-ins: repeated 0.00% frozen 0.00%, 0 late inputs | per client-tick: 210 B (near 34 B, 100% deltas), near 4.3 mid 4.2 far 6.3, far skipped 0 starved 0 | input wait p50 51.3 p99 69.9 ms | 0 joins deferred | kernel drops rcv 0 snd 0
         p50/p99 ms: ingress 0.39/0.95  events 0.11/0.39  movement 0.30/0.48  grid 0.15/0.29  separate 0.17/0.22  history 0.00/0.00  serialize 0.04/0.07  assembly 0.90/1.23  transport 0.41/0.89  egress 1.90/2.24
[   60s] clients 0 | level 0 (0-0 in window: 30 Hz, dilation 1.0), pace 1.00, 0.0% clients bandwidth-degraded | tick p50 3.07 p99 4.50 max 4.50 ms, 0 overruns | out 12.1k pps 56 kbps/client, 22 Mbps | in 41.4k pps 26 kbps/client | stand-ins: repeated 0.00% frozen 0.00%, 0 late inputs | per client-tick: 191 B (near 31 B, 100% deltas), near 3.9 mid 3.7 far 5.5, far skipped 0 starved 0 | input wait p50 52.5 p99 69.9 ms | 0 joins deferred | kernel drops rcv 0 snd 0
         p50/p99 ms: ingress 0.45/0.52  events 0.12/0.52  movement 0.16/0.28  grid 0.15/0.17  separate 0.16/0.17  history 0.00/0.00  serialize 0.01/0.05  assembly 0.28/1.13  transport 0.30/0.39  egress 1.04/1.76

== summary: 1708 steady-state ticks (after warmup, before clients drain), peak 1000 clients ==
  phase        p50 ms   p99 ms   max ms
  ingress        0.39     0.92     1.20
  events         0.10     0.34     0.47
  movement       0.29     0.50     0.55
  grid           0.16     0.26     0.34
  separate       0.17     0.31     2.27
  history        0.00     0.00     0.02
  serialize      0.04     0.07     0.16
  assembly       0.89     1.24     1.44
  transport      0.40     0.84     1.03
  egress         1.92     2.36     8.30
  tick           4.43     5.24    11.70
  overruns 0 | spawns 1000 despawns 1000 (892 joins deferred) | stand-ins: repeated 0 frozen 0 | late inputs 0 discarded 0 | bad messages 0 | recv errors 0 send errors 0
  egress (whole run): 1796799 datagrams in 1796799 sends (1.00 per send), 115250 syscalls
  ticks per ladder level (whole run): L0: 1811
  input wait on the server (datagram arrival -> applied): p50 51.3 p99 69.9 max 102.0 mean 51.2 ms
  steady state: stand-ins repeated 0 frozen 0 | late inputs 0 discarded 0
  rewind of near targets (applied step - the input's render step for that tier): p50 167 p99 170 max 227 mean 162.5 ms (n=1786124)
  rewind of mid/far targets (applied step - the input's render step for that tier): p50 300 p99 303 max 360 mean 295.6 ms (n=1786124)
  render times ahead of the server (bogus) 0
