10000 bots -> 172.31.17.93:40500 on 28 threads x 8 slots, ramp 0/s, 60s, 10000 full + 0 sink bots
[    5s] bots 10000/10000 connected, 10000 welcomed, 0 failed | 23.3 snaps/s/bot, entities/snap near 29.6 mid 49.2 far 46.8 | corrections 0.001/s/bot | down 257 up 12 kbps/bot | rtt 15.9 ms loss 0.00% | input->applied ~ p50 58 p99 85 ms, round trip p50 67 p99 115 ms | joins 10000 (p50 733 p99 1522 ms) | server pace 1.00 level 0, 0 bots bandwidth-degraded | swarm busy 21%, overruns 354
[   10s] bots 10000/10000 connected, 10000 welcomed, 0 failed | 29.3 snaps/s/bot, entities/snap near 28.0 mid 47.9 far 50.0 | corrections 0.000/s/bot | down 324 up 15 kbps/bot | rtt 15.8 ms loss 0.00% | input->applied ~ p50 58 p99 75 ms, round trip p50 67 p99 100 ms | joins 0 (p50 0 p99 0 ms) | server pace 1.00 level 0, 0 bots bandwidth-degraded | swarm busy 25%, overruns 0
[   15s] bots 10000/10000 connected, 10000 welcomed, 0 failed | 30.1 snaps/s/bot, entities/snap near 27.9 mid 47.8 far 50.1 | corrections 0.000/s/bot | down 333 up 15 kbps/bot | rtt 15.8 ms loss 0.00% | input->applied ~ p50 58 p99 75 ms, round trip p50 67 p99 100 ms | joins 0 (p50 0 p99 0 ms) | server pace 1.00 level 0, 0 bots bandwidth-degraded | swarm busy 26%, overruns 0
[   20s] bots 10000/10000 connected, 10000 welcomed, 0 failed | 30.1 snaps/s/bot, entities/snap near 27.9 mid 47.8 far 50.1 | corrections 0.000/s/bot | down 334 up 15 kbps/bot | rtt 15.9 ms loss 0.00% | input->applied ~ p50 58 p99 75 ms, round trip p50 67 p99 100 ms | joins 0 (p50 0 p99 0 ms) | server pace 1.00 level 0, 0 bots bandwidth-degraded | swarm busy 26%, overruns 0
[   25s] bots 10000/10000 connected, 10000 welcomed, 0 failed | 30.1 snaps/s/bot, entities/snap near 28.0 mid 47.8 far 50.1 | corrections 0.000/s/bot | down 334 up 15 kbps/bot | rtt 15.8 ms loss 0.00% | input->applied ~ p50 58 p99 75 ms, round trip p50 67 p99 100 ms | joins 0 (p50 0 p99 0 ms) | server pace 1.00 level 0, 0 bots bandwidth-degraded | swarm busy 26%, overruns 0
[   30s] bots 10000/10000 connected, 10000 welcomed, 0 failed | 30.1 snaps/s/bot, entities/snap near 28.0 mid 47.8 far 50.1 | corrections 0.000/s/bot | down 333 up 15 kbps/bot | rtt 16.3 ms loss 0.00% | input->applied ~ p50 58 p99 75 ms, round trip p50 67 p99 100 ms | joins 0 (p50 0 p99 0 ms) | server pace 1.00 level 0, 0 bots bandwidth-degraded | swarm busy 25%, overruns 0
[   35s] bots 10000/10000 connected, 10000 welcomed, 0 failed | 30.2 snaps/s/bot, entities/snap near 28.0 mid 47.8 far 50.1 | corrections 0.000/s/bot | down 334 up 15 kbps/bot | rtt 15.7 ms loss 0.00% | input->applied ~ p50 58 p99 75 ms, round trip p50 67 p99 100 ms | joins 0 (p50 0 p99 0 ms) | server pace 1.00 level 0, 0 bots bandwidth-degraded | swarm busy 25%, overruns 0
[   40s] bots 10000/10000 connected, 10000 welcomed, 0 failed | 30.1 snaps/s/bot, entities/snap near 27.9 mid 47.8 far 50.1 | corrections 0.000/s/bot | down 333 up 15 kbps/bot | rtt 15.8 ms loss 0.00% | input->applied ~ p50 58 p99 75 ms, round trip p50 67 p99 100 ms | joins 0 (p50 0 p99 0 ms) | server pace 1.00 level 0, 0 bots bandwidth-degraded | swarm busy 26%, overruns 0
[   45s] bots 10000/10000 connected, 10000 welcomed, 0 failed | 30.1 snaps/s/bot, entities/snap near 27.9 mid 47.8 far 50.1 | corrections 0.000/s/bot | down 333 up 15 kbps/bot | rtt 16.0 ms loss 0.00% | input->applied ~ p50 58 p99 75 ms, round trip p50 67 p99 100 ms | joins 0 (p50 0 p99 0 ms) | server pace 1.00 level 0, 0 bots bandwidth-degraded | swarm busy 26%, overruns 0
[   50s] bots 10000/10000 connected, 10000 welcomed, 0 failed | 30.1 snaps/s/bot, entities/snap near 28.0 mid 47.8 far 50.1 | corrections 0.000/s/bot | down 334 up 15 kbps/bot | rtt 15.8 ms loss 0.00% | input->applied ~ p50 58 p99 75 ms, round trip p50 67 p99 100 ms | joins 0 (p50 0 p99 0 ms) | server pace 1.00 level 0, 0 bots bandwidth-degraded | swarm busy 26%, overruns 0
[   55s] bots 10000/10000 connected, 10000 welcomed, 0 failed | 30.1 snaps/s/bot, entities/snap near 28.0 mid 47.8 far 50.1 | corrections 0.000/s/bot | down 334 up 15 kbps/bot | rtt 16.1 ms loss 0.00% | input->applied ~ p50 58 p99 75 ms, round trip p50 67 p99 100 ms | joins 0 (p50 0 p99 0 ms) | server pace 1.00 level 0, 0 bots bandwidth-degraded | swarm busy 26%, overruns 0
[   60s] bots 10000/10000 connected, 10000 welcomed, 0 failed | 30.3 snaps/s/bot, entities/snap near 28.0 mid 47.8 far 50.1 | corrections 0.000/s/bot | down 335 up 15 kbps/bot | rtt 16.0 ms loss 0.00% | input->applied ~ p50 58 p99 75 ms, round trip p50 67 p99 100 ms | joins 0 (p50 0 p99 0 ms) | server pace 1.00 level 0, 0 bots bandwidth-degraded | swarm busy 26%, overruns 0

== bots summary ==
  started 10000 welcomed 10000 failed 0
  join latency ms: p50 733 p99 1522 max 1720 (n=10000)
  corrections 45 (0.00/bot-minute), mean error 0.070 m, max 0.142 m
  push corrections (the server pushed us apart from a crowd) 245209 (24.52/bot-minute), max 0.297 m
  snapshots 17771382 (entities per snapshot: near 28.1 mid 47.9 far 49.8), stale 0, unmatched acks 0, resyncs 270
  input -> applied on server (est. RTT/2 + server wait): p50 58.0 p99 75.0 max 127.0 mean 58.2 ms (n=17765623)
    of which server wait (arrival -> applied): p50 50.0 p99 66.8 max 119.8 mean 50.2 ms (n=17765623)
  input -> seen acked (round trip): p50 67.0 p99 100.0 max 167.0 mean 82.2 ms (n=17766990)
  near entity update interval (tracked bots): p50 33.0 p99 66.0 max 133.0 mean 46.7 ms (n=23346264)
  mid entity update interval (tracked bots): p50 100.0 p99 100.0 max 2200.0 mean 100.4 ms (n=40638420)
  far entity update interval (tracked bots): p50 500.0 p99 500.0 max 2000.0 mean 500.1 ms (n=42912948)
  near drawn (tracked bots): 99.75% interpolated, 0.06% extrapolated, 0.00% held, 0.19% new | pops p50 0 p99 0 max 297 mm
  mid drawn (tracked bots): 95.25% interpolated, 1.51% extrapolated, 1.94% held, 1.30% new | pops p50 0 p99 0 max 17976 mm
  far drawn (tracked bots): 40.09% interpolated, 58.88% extrapolated, 0.55% held, 0.48% new | pops p50 411 p99 3691 max 22221 mm
  render delay (near) 77.8 ms behind the newest step, clock snaps 0 (backwards 0), slewing 3.74% of frames, near delay changes 517 | streak entity-frames (drawn > 20 m/s) 12243290
  input clock: 23004 extra inputs, 10163 skipped ticks, 0 backlog skips | near decode errors (tracked bots) 0
  bytes down 24582.0 MB up 1119.1 MB | swarm busy 25% of its threads' time, tick overruns 354
