preallocated connections for 10000 clients in 250.271639ms
listening on 172.31.17.93:40500 | spawn Blob | tiers near 64@150 m, mid 500 m, far 1500 m, budget 6250 B/tick, squads of 4 | 64 rayon threads, 64 shards, 1 socket(s), 256 accepts/tick, egress SendMmsg, ingress RecvMmsg | socket buffers rcv 32768 KiB snd 32768 KiB
[    5s] clients 10000 | level 0 (0-0 in window: 30 Hz, dilation 1.0), pace 1.00, 0.0% clients bandwidth-degraded | tick p50 17.00 p99 19.55 max 19.61 ms, 0 overruns | out 348.7k pps 330 kbps/client, 2498 Mbps | in 240.1k pps 19 kbps/client, 58.0 per recv, receive thread busy 25% | stand-ins: repeated 0.15% frozen 0.00%, 1367 late inputs | per client-tick: 1317 B (near 205 B, 97% deltas), near 29.5 mid 49.0 far 46.2, far skipped 0 starved 0 | input wait p50 50.3 p99 78.0 ms | 55122 joins deferred | kernel drops rcv 0 snd 0
         p50/p99 ms: ingress 1.37/7.62  events 3.97/5.77  movement 0.96/1.23  grid 0.47/0.63  separate 0.55/1.00  history 0.03/0.20  shots 0.07/0.31  serialize 0.32/0.68  assembly 3.49/4.35  transport 1.97/2.50  egress 3.32/4.04
[   10s] clients 10000 | level 0 (0-0 in window: 30 Hz, dilation 1.0), pace 1.00, 0.0% clients bandwidth-degraded | tick p50 16.99 p99 18.37 max 18.91 ms, 0 overruns | out 451.3k pps 332 kbps/client, 3319 Mbps | in 299.9k pps 15 kbps/client, 58.6 per recv, receive thread busy 30% | stand-ins: repeated 0.00% frozen 0.00%, 0 late inputs | per client-tick: 1331 B (near 188 B, 99% deltas), near 27.9 mid 47.9 far 50.0, far skipped 0 starved 0 | input wait p50 49.9 p99 66.7 ms | 0 joins deferred | kernel drops rcv 0 snd 0
         p50/p99 ms: ingress 1.23/2.41  events 4.01/5.09  movement 1.00/1.27  grid 0.48/0.57  separate 0.58/1.02  history 0.02/0.05  shots 0.07/0.27  serialize 0.31/0.55  assembly 3.57/4.49  transport 2.02/2.34  egress 3.42/4.27
[   15s] clients 10000 | level 0 (0-0 in window: 30 Hz, dilation 1.0), pace 1.00, 0.0% clients bandwidth-degraded | tick p50 17.01 p99 18.36 max 18.50 ms, 0 overruns | out 451.4k pps 332 kbps/client, 3320 Mbps | in 299.8k pps 15 kbps/client, 58.9 per recv, receive thread busy 31% | stand-ins: repeated 0.00% frozen 0.00%, 0 late inputs | per client-tick: 1331 B (near 188 B, 99% deltas), near 27.9 mid 47.8 far 50.1, far skipped 0 starved 0 | input wait p50 50.0 p99 66.8 ms | 0 joins deferred | kernel drops rcv 0 snd 0
         p50/p99 ms: ingress 1.23/2.30  events 4.02/5.00  movement 0.99/1.26  grid 0.48/0.61  separate 0.60/1.08  history 0.02/0.08  shots 0.07/0.27  serialize 0.32/0.42  assembly 3.56/4.24  transport 2.03/2.50  egress 3.46/3.93
[   20s] clients 10000 | level 0 (0-0 in window: 30 Hz, dilation 1.0), pace 1.00, 0.0% clients bandwidth-degraded | tick p50 17.02 p99 18.64 max 18.84 ms, 0 overruns | out 451.3k pps 332 kbps/client, 3319 Mbps | in 299.8k pps 15 kbps/client, 59.0 per recv, receive thread busy 31% | stand-ins: repeated 0.00% frozen 0.00%, 0 late inputs | per client-tick: 1331 B (near 189 B, 99% deltas), near 27.9 mid 47.8 far 50.1, far skipped 0 starved 0 | input wait p50 50.0 p99 66.9 ms | 0 joins deferred | kernel drops rcv 0 snd 0
         p50/p99 ms: ingress 1.22/2.22  events 4.02/5.28  movement 0.99/1.24  grid 0.48/0.58  separate 0.59/1.15  history 0.02/0.05  shots 0.07/0.26  serialize 0.32/0.45  assembly 3.58/4.41  transport 2.01/2.40  egress 3.47/4.02
[   25s] clients 10000 | level 0 (0-0 in window: 30 Hz, dilation 1.0), pace 1.00, 0.0% clients bandwidth-degraded | tick p50 16.94 p99 18.62 max 18.72 ms, 0 overruns | out 451.1k pps 332 kbps/client, 3320 Mbps | in 299.9k pps 15 kbps/client, 58.9 per recv, receive thread busy 29% | stand-ins: repeated 0.00% frozen 0.00%, 0 late inputs | per client-tick: 1331 B (near 189 B, 99% deltas), near 28.0 mid 47.8 far 50.1, far skipped 0 starved 0 | input wait p50 50.0 p99 66.8 ms | 0 joins deferred | kernel drops rcv 0 snd 0
         p50/p99 ms: ingress 1.22/2.47  events 3.99/5.01  movement 0.99/1.27  grid 0.48/0.57  separate 0.57/0.87  history 0.02/0.04  shots 0.07/0.13  serialize 0.31/0.53  assembly 3.61/4.38  transport 2.03/2.35  egress 3.43/4.16
[   30s] clients 10000 | level 0 (0-0 in window: 30 Hz, dilation 1.0), pace 1.00, 0.0% clients bandwidth-degraded | tick p50 17.21 p99 18.91 max 19.11 ms, 0 overruns | out 451.2k pps 332 kbps/client, 3320 Mbps | in 299.7k pps 15 kbps/client, 58.6 per recv, receive thread busy 30% | stand-ins: repeated 0.00% frozen 0.00%, 0 late inputs | per client-tick: 1331 B (near 189 B, 99% deltas), near 28.0 mid 47.8 far 50.1, far skipped 0 starved 0 | input wait p50 50.0 p99 66.7 ms | 0 joins deferred | kernel drops rcv 0 snd 0
         p50/p99 ms: ingress 1.23/2.31  events 4.01/5.72  movement 1.02/1.31  grid 0.48/0.69  separate 0.59/1.13  history 0.02/0.06  shots 0.07/0.27  serialize 0.31/0.62  assembly 3.61/4.38  transport 2.03/2.40  egress 3.50/4.01
[   35s] clients 10000 | level 0 (0-0 in window: 30 Hz, dilation 1.0), pace 1.00, 0.0% clients bandwidth-degraded | tick p50 17.22 p99 19.00 max 19.00 ms, 0 overruns | out 451.1k pps 332 kbps/client, 3320 Mbps | in 299.8k pps 15 kbps/client, 58.8 per recv, receive thread busy 30% | stand-ins: repeated 0.00% frozen 0.00%, 0 late inputs | per client-tick: 1331 B (near 189 B, 99% deltas), near 28.0 mid 47.8 far 50.1, far skipped 0 starved 0 | input wait p50 50.0 p99 66.8 ms | 0 joins deferred | kernel drops rcv 0 snd 0
         p50/p99 ms: ingress 1.25/2.12  events 4.12/5.13  movement 1.01/1.37  grid 0.48/0.81  separate 0.59/0.95  history 0.02/0.07  shots 0.07/0.32  serialize 0.31/0.52  assembly 3.61/4.22  transport 2.05/2.65  egress 3.49/4.13
[   40s] clients 10000 | level 0 (0-0 in window: 30 Hz, dilation 1.0), pace 1.00, 0.0% clients bandwidth-degraded | tick p50 17.02 p99 18.64 max 18.66 ms, 0 overruns | out 451.3k pps 332 kbps/client, 3320 Mbps | in 299.7k pps 15 kbps/client, 58.8 per recv, receive thread busy 30% | stand-ins: repeated 0.00% frozen 0.00%, 0 late inputs | per client-tick: 1331 B (near 188 B, 99% deltas), near 27.9 mid 47.8 far 50.1, far skipped 0 starved 0 | input wait p50 50.0 p99 66.8 ms | 0 joins deferred | kernel drops rcv 0 snd 0
         p50/p99 ms: ingress 1.22/2.12  events 4.00/5.08  movement 0.99/1.32  grid 0.48/0.71  separate 0.59/1.03  history 0.02/0.04  shots 0.07/0.26  serialize 0.32/0.64  assembly 3.62/4.50  transport 2.03/2.43  egress 3.45/4.13
[   45s] clients 10000 | level 0 (0-0 in window: 30 Hz, dilation 1.0), pace 1.00, 0.0% clients bandwidth-degraded | tick p50 17.09 p99 19.18 max 19.52 ms, 0 overruns | out 451.2k pps 332 kbps/client, 3320 Mbps | in 299.8k pps 15 kbps/client, 58.8 per recv, receive thread busy 31% | stand-ins: repeated 0.00% frozen 0.00%, 0 late inputs | per client-tick: 1331 B (near 189 B, 99% deltas), near 27.9 mid 47.8 far 50.1, far skipped 0 starved 0 | input wait p50 50.0 p99 66.8 ms | 0 joins deferred | kernel drops rcv 0 snd 0
         p50/p99 ms: ingress 1.23/2.30  events 4.01/4.96  movement 1.00/1.26  grid 0.48/0.63  separate 0.59/1.12  history 0.02/0.05  shots 0.07/0.26  serialize 0.31/0.79  assembly 3.58/4.23  transport 2.06/2.44  egress 3.48/4.16
[   50s] clients 10000 | level 0 (0-0 in window: 30 Hz, dilation 1.0), pace 1.00, 0.0% clients bandwidth-degraded | tick p50 17.00 p99 18.35 max 18.68 ms, 0 overruns | out 451.2k pps 332 kbps/client, 3321 Mbps | in 299.8k pps 15 kbps/client, 58.8 per recv, receive thread busy 30% | stand-ins: repeated 0.00% frozen 0.00%, 0 late inputs | per client-tick: 1331 B (near 189 B, 99% deltas), near 28.0 mid 47.8 far 50.1, far skipped 0 starved 0 | input wait p50 50.0 p99 66.8 ms | 0 joins deferred | kernel drops rcv 0 snd 0
         p50/p99 ms: ingress 1.22/2.28  events 4.00/5.05  movement 1.00/1.35  grid 0.48/0.61  separate 0.59/1.02  history 0.02/0.04  shots 0.07/0.10  serialize 0.32/0.40  assembly 3.58/4.29  transport 2.03/2.42  egress 3.45/3.97
[   55s] clients 10000 | level 0 (0-0 in window: 30 Hz, dilation 1.0), pace 1.00, 0.0% clients bandwidth-degraded | tick p50 17.06 p99 18.49 max 18.53 ms, 0 overruns | out 450.9k pps 332 kbps/client, 3320 Mbps | in 299.8k pps 15 kbps/client, 58.4 per recv, receive thread busy 30% | stand-ins: repeated 0.00% frozen 0.00%, 0 late inputs | per client-tick: 1331 B (near 189 B, 99% deltas), near 28.0 mid 47.8 far 50.1, far skipped 0 starved 0 | input wait p50 49.9 p99 66.6 ms | 0 joins deferred | kernel drops rcv 0 snd 0
         p50/p99 ms: ingress 1.22/2.40  events 4.00/4.93  movement 1.01/1.36  grid 0.48/0.78  separate 0.59/1.11  history 0.02/0.05  shots 0.07/0.27  serialize 0.31/0.45  assembly 3.57/4.19  transport 2.02/2.46  egress 3.48/4.02
[   60s] clients 10000 | level 0 (0-0 in window: 30 Hz, dilation 1.0), pace 1.00, 0.0% clients bandwidth-degraded | tick p50 17.07 p99 18.53 max 18.62 ms, 0 overruns | out 451.0k pps 332 kbps/client, 3321 Mbps | in 299.7k pps 15 kbps/client, 58.9 per recv, receive thread busy 30% | stand-ins: repeated 0.00% frozen 0.00%, 0 late inputs | per client-tick: 1331 B (near 189 B, 99% deltas), near 28.0 mid 47.8 far 50.1, far skipped 0 starved 0 | input wait p50 49.9 p99 66.8 ms | 0 joins deferred | kernel drops rcv 0 snd 0
         p50/p99 ms: ingress 1.22/2.40  events 4.04/5.03  movement 0.99/1.39  grid 0.48/0.61  separate 0.58/1.01  history 0.02/0.06  shots 0.07/0.26  serialize 0.32/0.41  assembly 3.58/4.26  transport 2.03/2.48  egress 3.45/4.47
[   65s] clients 10 | level 0 (0-0 in window: 30 Hz, dilation 1.0), pace 1.00, 0.0% clients bandwidth-degraded | tick p50 2.25 p99 19.67 max 35.49 ms, 1 overruns | out 33.6k pps 327 kbps/client, 244 Mbps | in 27.6k pps 16 kbps/client, 60.1 per recv, receive thread busy 3% | stand-ins: repeated 0.02% frozen 1.21%, 0 late inputs | per client-tick: 1305 B (near 187 B, 99% deltas), near 27.5 mid 47.0 far 48.8, far skipped 0 starved 0 | input wait p50 50.1 p99 67.1 ms | 0 joins deferred | kernel drops rcv 0 snd 0
         p50/p99 ms: ingress 0.47/1.59  events 0.00/4.87  movement 0.21/1.05  grid 0.23/0.54  separate 0.41/0.70  history 0.03/0.06  shots 0.18/0.21  serialize 0.29/0.37  assembly 0.20/3.65  transport 0.11/2.27  egress 0.11/3.62
[   66s] clients 0 | level 0 (0-0 in window: 30 Hz, dilation 1.0), pace 1.00, 0.0% clients bandwidth-degraded | tick p50 2.22 p99 2.34 max 2.34 ms, 0 overruns | out 0.3k pps 19 kbps/client, 0 Mbps | in 0.0k pps 0 kbps/client, 0.0 per recv, receive thread busy 0% | stand-ins: repeated 0.00% frozen 100.00%, 0 late inputs | per client-tick: 48 B (near 0 B, 0% deltas), near 0.0 mid 0.0 far 0.0, far skipped 0 starved 0 | input wait p50 0.0 p99 0.0 ms | 0 joins deferred | kernel drops rcv 0 snd 0
         p50/p99 ms: ingress 0.46/0.50  events 0.00/0.04  movement 0.20/0.37  grid 0.24/0.27  separate 0.39/0.43  history 0.04/0.05  shots 0.19/0.20  serialize 0.28/0.30  assembly 0.19/0.30  transport 0.10/0.14  egress 0.10/0.12

== summary: 1709 steady-state ticks (after warmup, before clients drain), peak 10000 clients ==
  phase        p50 ms   p99 ms   max ms
  ingress        1.22     2.31     2.61
  events         4.02     5.08     5.79
  movement       1.00     1.32     1.45
  grid           0.48     0.66     0.86
  separate       0.59     1.06     1.30
  history        0.02     0.05     0.16
  shots          0.07     0.27     0.41
  serialize      0.32     0.53     0.86
  assembly       3.59     4.37     5.93
  transport      2.03     2.45     4.50
  egress         3.47     4.11     5.14
  tick          17.06    18.66    19.67
  overruns 0 | spawns 10000 despawns 10000 (55122 joins deferred) | deaths 0 respawns 0 | stand-ins: repeated 1657 frozen 1460 | late inputs 1367 discarded 0 | bad messages 0 | recv errors 0 send errors 0
  egress (whole run): 26793635 datagrams in 26793635 sends (1.00 per send), 131262 syscalls
  ingress (whole run): 17873483 datagrams in 304238 receive calls (58.75 per call)
  ticks per ladder level (whole run): L0: 1967
  input wait on the server (datagram arrival -> applied): p50 50.0 p99 66.8 max 119.8 mean 50.2 ms
  steady state: stand-ins repeated 0 frozen 0 | late inputs 0 discarded 0
  rewind of near targets (applied step - the input's render step for that tier): p50 133 p99 183 max 233 mean 147.7 ms (n=17628696)
  rewind of mid/far targets (applied step - the input's render step for that tier): p50 267 p99 300 max 348 mean 280.7 ms (n=17628696)
  render times ahead of the server (bogus) 0
  shots 0 (late 0, refused 0, rewinds capped 0) | hits head 0 body 0 (after cover 0, too late 0), kills 0 | ground 0 cover 0 expired 0 | segments 0 candidates 0
