started=1000
welcomed=1000
failed=0
join_p50_ms=283
join_p99_ms=558
join_max_ms=691
corrections=0
corrections_per_bot_minute=0.000
correction_max_m=0.000
push_corrections=26793
push_corrections_per_bot_minute=26.793
push_max_m=0.388
snapshots=1790629
near_per_snapshot=64.1
mid_per_snapshot=86.1
far_per_snapshot=0.0
stale_snapshots=0
resyncs=0
input_applied_p50_ms=64.0
input_applied_p99_ms=82.0
input_applied_mean_ms=65.1
server_wait_p50_ms=45.3
server_wait_p99_ms=64.0
server_wait_mean_ms=46.9
round_trip_p50_ms=100.0
round_trip_p99_ms=133.0
round_trip_mean_ms=100.3
near_interval_p50_ms=66.0
near_interval_p99_ms=66.0
near_interval_mean_ms=53.2
mid_interval_p50_ms=100.0
mid_interval_p99_ms=100.0
mid_interval_mean_ms=100.4
far_interval_p50_ms=0.0
far_interval_p99_ms=0.0
far_interval_mean_ms=0.0
near_interpolated_pct=99.65
near_extrapolated_pct=0.20
near_held_pct=0.00
near_new_pct=0.15
near_pop_p50_mm=0
near_pop_p99_mm=14
mid_interpolated_pct=95.93
mid_extrapolated_pct=1.33
mid_held_pct=1.59
mid_new_pct=1.15
mid_pop_p50_mm=0
mid_pop_p99_mm=0
far_interpolated_pct=0.00
far_extrapolated_pct=0.00
far_held_pct=0.00
far_new_pct=0.00
far_pop_p50_mm=0
far_pop_p99_mm=0
render_delay_ms=66.8
render_snaps=0
render_backwards=0
clock_extra=1797
clock_skipped=849
backlog_skips=0
near_decode_errors=0
bytes_down_mb=2659.1
bytes_up_mb=112.8
swarm_busy_pct=10
swarm_overruns=2
