minting tokens with the public dev key (--token-key to change)
1000 bots -> 127.0.0.1:40500 on 8 threads, ramp 0/s, 60s, 1000 full + 0 sink bots
[    5s] bots 1000/1000 connected, 1000 welcomed, 0 failed | 26.2 snaps/s/bot, entities/snap near 65.0 mid 87.4 far 0.0 | corrections 0.000/s/bot | down 318 up 13 kbps/bot | rtt 36.3 ms loss 0.00% | input->applied ~ p50 64 p99 87 ms, round trip p50 100 p99 133 ms | joins 1000 (p50 283 p99 558 ms) | server pace 1.00 level 0, 0 bots bandwidth-degraded | swarm busy 9%, overruns 1
[   10s] bots 1000/1000 connected, 1000 welcomed, 0 failed | 31.2 snaps/s/bot, entities/snap near 64.0 mid 86.0 far 0.0 | corrections 0.000/s/bot | down 370 up 16 kbps/bot | rtt 36.4 ms loss 0.00% | input->applied ~ p50 64 p99 85 ms, round trip p50 100 p99 133 ms | joins 0 (p50 0 p99 0 ms) | server pace 1.00 level 0, 0 bots bandwidth-degraded | swarm busy 10%, overruns 0
[   15s] bots 1000/1000 connected, 1000 welcomed, 0 failed | 28.3 snaps/s/bot, entities/snap near 64.0 mid 86.0 far 0.0 | corrections 0.000/s/bot | down 336 up 14 kbps/bot | rtt 36.3 ms loss 0.00% | input->applied ~ p50 64 p99 85 ms, round trip p50 100 p99 133 ms | joins 0 (p50 0 p99 0 ms) | server pace 1.00 level 0, 0 bots bandwidth-degraded | swarm busy 10%, overruns 0
[   20s] bots 1000/1000 connected, 1000 welcomed, 0 failed | 30.8 snaps/s/bot, entities/snap near 64.0 mid 86.0 far 0.0 | corrections 0.000/s/bot | down 365 up 16 kbps/bot | rtt 36.2 ms loss 0.00% | input->applied ~ p50 64 p99 86 ms, round trip p50 100 p99 133 ms | joins 0 (p50 0 p99 0 ms) | server pace 1.00 level 0, 0 bots bandwidth-degraded | swarm busy 10%, overruns 0
[   25s] bots 1000/1000 connected, 1000 welcomed, 0 failed | 30.7 snaps/s/bot, entities/snap near 64.0 mid 86.0 far 0.0 | corrections 0.000/s/bot | down 365 up 15 kbps/bot | rtt 36.4 ms loss 0.00% | input->applied ~ p50 64 p99 86 ms, round trip p50 100 p99 133 ms | joins 0 (p50 0 p99 0 ms) | server pace 1.00 level 0, 0 bots bandwidth-degraded | swarm busy 10%, overruns 0
[   30s] bots 1000/1000 connected, 1000 welcomed, 0 failed | 28.4 snaps/s/bot, entities/snap near 64.0 mid 86.0 far 0.0 | corrections 0.000/s/bot | down 337 up 14 kbps/bot | rtt 36.6 ms loss 0.00% | input->applied ~ p50 64 p99 83 ms, round trip p50 100 p99 133 ms | joins 0 (p50 0 p99 0 ms) | server pace 1.00 level 0, 0 bots bandwidth-degraded | swarm busy 10%, overruns 1
[   35s] bots 1000/1000 connected, 1000 welcomed, 0 failed | 31.1 snaps/s/bot, entities/snap near 64.0 mid 86.0 far 0.0 | corrections 0.000/s/bot | down 369 up 16 kbps/bot | rtt 36.6 ms loss 0.00% | input->applied ~ p50 63 p99 81 ms, round trip p50 100 p99 100 ms | joins 0 (p50 0 p99 0 ms) | server pace 1.00 level 0, 0 bots bandwidth-degraded | swarm busy 10%, overruns 0
[   40s] bots 1000/1000 connected, 1000 welcomed, 0 failed | 29.9 snaps/s/bot, entities/snap near 64.0 mid 86.0 far 0.0 | corrections 0.000/s/bot | down 355 up 15 kbps/bot | rtt 36.5 ms loss 0.00% | input->applied ~ p50 63 p99 81 ms, round trip p50 100 p99 100 ms | joins 0 (p50 0 p99 0 ms) | server pace 1.00 level 0, 0 bots bandwidth-degraded | swarm busy 10%, overruns 0
[   45s] bots 1000/1000 connected, 1000 welcomed, 0 failed | 29.5 snaps/s/bot, entities/snap near 64.0 mid 86.0 far 0.0 | corrections 0.000/s/bot | down 350 up 15 kbps/bot | rtt 36.7 ms loss 0.00% | input->applied ~ p50 63 p99 81 ms, round trip p50 100 p99 100 ms | joins 0 (p50 0 p99 0 ms) | server pace 1.00 level 0, 0 bots bandwidth-degraded | swarm busy 10%, overruns 0
[   50s] bots 1000/1000 connected, 1000 welcomed, 0 failed | 30.7 snaps/s/bot, entities/snap near 64.0 mid 86.0 far 0.0 | corrections 0.000/s/bot | down 365 up 15 kbps/bot | rtt 36.9 ms loss 0.00% | input->applied ~ p50 63 p99 81 ms, round trip p50 100 p99 100 ms | joins 0 (p50 0 p99 0 ms) | server pace 1.00 level 0, 0 bots bandwidth-degraded | swarm busy 10%, overruns 0
[   55s] bots 1000/1000 connected, 1000 welcomed, 0 failed | 29.2 snaps/s/bot, entities/snap near 64.0 mid 86.0 far 0.0 | corrections 0.000/s/bot | down 346 up 15 kbps/bot | rtt 36.7 ms loss 0.00% | input->applied ~ p50 64 p99 81 ms, round trip p50 100 p99 100 ms | joins 0 (p50 0 p99 0 ms) | server pace 1.00 level 0, 0 bots bandwidth-degraded | swarm busy 10%, overruns 0
[   60s] bots 1000/1000 connected, 1000 welcomed, 0 failed | 29.9 snaps/s/bot, entities/snap near 64.0 mid 86.0 far 0.0 | corrections 0.000/s/bot | down 355 up 15 kbps/bot | rtt 36.5 ms loss 0.00% | input->applied ~ p50 63 p99 81 ms, round trip p50 100 p99 100 ms | joins 0 (p50 0 p99 0 ms) | server pace 1.00 level 0, 0 bots bandwidth-degraded | swarm busy 10%, overruns 0

== bots summary ==
  started 1000 welcomed 1000 failed 0
  join latency ms: p50 283 p99 558 max 691 (n=1000)
  corrections 0 (0.00/bot-minute), mean error 0.000 m, max 0.000 m
  push corrections (the server pushed us apart from a crowd) 26793 (26.79/bot-minute), max 0.388 m
  snapshots 1790629 (entities per snapshot: near 64.1 mid 86.1 far 0.0), stale 0, unmatched acks 0, resyncs 0
  input -> applied on server (est. RTT/2 + server wait): p50 64.0 p99 82.0 max 97.0 mean 65.1 ms (n=1789555)
    of which server wait (arrival -> applied): p50 45.3 p99 64.0 max 77.5 mean 46.9 ms (n=1789555)
  input -> seen acked (round trip): p50 100.0 p99 133.0 max 160.0 mean 100.3 ms (n=1789555)
  near entity update interval (tracked bots): p50 66.0 p99 66.0 max 166.0 mean 53.2 ms (n=5724899)
  mid entity update interval (tracked bots): p50 100.0 p99 100.0 max 2200.0 mean 100.4 ms (n=7654343)
  far entity update interval (tracked bots): p50 0.0 p99 0.0 max 0.0 mean 0.0 ms (n=0)
  near drawn (tracked bots): 99.65% interpolated, 0.20% extrapolated, 0.00% held, 0.15% new | pops p50 0 p99 14 max 404 mm
  mid drawn (tracked bots): 95.93% interpolated, 1.33% extrapolated, 1.59% held, 1.15% new | pops p50 0 p99 0 max 16998 mm
  far drawn (tracked bots): 0.00% interpolated, 0.00% extrapolated, 0.00% held, 0.00% new | pops p50 0 p99 0 max 0 mm
  render delay (near) 66.8 ms behind the newest step, clock snaps 0 (backwards 0)
  input clock: 1797 extra inputs, 849 skipped ticks, 0 backlog skips | near decode errors (tracked bots) 0
  bytes down 2659.1 MB up 112.8 MB | swarm busy 10% of its threads' time, tick overruns 2
