spawn=blob
egress=sendmmsg
ladder=on
threads=8
shards=64
sockets=1
peak_clients=1000
steady_ticks=1709
steady_secs=56.9
ingress_p50_ms=0.40
ingress_p99_ms=0.68
ingress_max_ms=6.22
events_p50_ms=0.11
events_p99_ms=0.18
events_max_ms=0.29
movement_p50_ms=0.25
movement_p99_ms=0.35
movement_max_ms=0.41
grid_p50_ms=0.16
grid_p99_ms=0.23
grid_max_ms=0.28
separate_p50_ms=0.29
separate_p99_ms=0.39
separate_max_ms=0.46
history_p50_ms=0.00
history_p99_ms=0.00
history_max_ms=0.08
serialize_p50_ms=0.04
serialize_p99_ms=0.08
serialize_max_ms=0.12
assembly_p50_ms=2.23
assembly_p99_ms=2.65
assembly_max_ms=3.05
transport_p50_ms=0.95
transport_p99_ms=1.33
transport_max_ms=1.87
egress_p50_ms=3.31
egress_p99_ms=4.32
egress_max_ms=28.34
tick_p50_ms=7.76
tick_p99_ms=9.38
tick_max_ms=34.31
steady_overruns=1
level_mode=0
tick_hz=30
dilation=1
levels=L0:1709
clients_avg=1000
out_pps=60024
in_pps=30019
egress_mbps=355.9
packets_per_client_tick=2.00
wire_bytes_per_client_tick=1482
down_kbps_per_client=355.9
up_kbps_per_client=15.1
kernel_rcvbuf_drops=0
kernel_sndbuf_drops=0
snapshot_bytes_per_client_tick=1417
near_bytes_per_client_tick=411
near_per_client_tick=64.0
mid_per_client_tick=86.0
far_per_client_tick=0.0
near_scanned_per_query=178
mid_scanned_per_query=192
far_skipped=0
far_starved=0
repeated=0
frozen=0
late_inputs=0
discarded_inputs=0
input_wait_p50_ms=45.3
input_wait_p99_ms=64.0
spawns=1000
despawns=1000
joins_deferred=707
bad_messages=0
recv_errors=0
send_errors=0
datagrams=3604117
sends=3604117
send_syscalls=121614
rewind_near_p50_ms=167
rewind_near_p99_ms=167
rewind_near_mean_ms=165.7
rewind_mid_p50_ms=300
rewind_mid_p99_ms=300
rewind_mid_mean_ms=298.7
ingress_longest_p50_ms=0.03
ingress_work_p50_ms=0.95
assembly_longest_p50_ms=0.37
assembly_work_p50_ms=12.40
transport_longest_p50_ms=0.15
transport_work_p50_ms=3.63
egress_longest_p50_ms=0.60
egress_work_p50_ms=21.29
