preallocated connections for 10000 clients in 256.17098ms
listening on 127.0.0.1:40500 | spawn Blob | tiers near 64@150 m, mid 500 m, far 1500 m, budget 6250 B/tick, squads of 4 | 8 rayon threads, 64 shards, 1 socket(s), 256 accepts/tick, egress SendMmsg | socket buffers rcv 8192 KiB snd 8192 KiB
WARNING: token key is the public dev key; anyone can mint tokens for this server (--token-key)
[    5s] clients 1000 | level 0 (0-0 in window: 30 Hz, dilation 1.0), pace 1.00, 0.0% clients bandwidth-degraded | tick p50 7.62 p99 10.44 max 30.97 ms, 0 overruns | out 55.2k pps 361 kbps/client, 328 Mbps | in 27.4k pps 16 kbps/client | stand-ins: repeated 0.00% frozen 0.00%, 0 late inputs | per client-tick: 1432 B (near 427 B, 97% deltas), near 64.0 mid 85.9 far 0.0, far skipped 0 starved 0 | input wait p50 46.0 p99 68.2 ms | 707 joins deferred | kernel drops rcv 0 snd 0
         p50/p99 ms: ingress 0.39/2.50  events 0.11/1.34  movement 0.26/0.34  grid 0.15/0.22  separate 0.29/0.37  history 0.00/0.01  serialize 0.04/0.10  assembly 2.23/2.85  transport 0.99/1.93  egress 3.11/3.86
[   10s] clients 1000 | level 0 (0-0 in window: 30 Hz, dilation 1.0), pace 1.00, 0.0% clients bandwidth-degraded | tick p50 7.59 p99 8.72 max 8.75 ms, 0 overruns | out 60.0k pps 356 kbps/client, 356 Mbps | in 30.0k pps 15 kbps/client | stand-ins: repeated 0.00% frozen 0.00%, 0 late inputs | per client-tick: 1417 B (near 411 B, 100% deltas), near 64.0 mid 86.0 far 0.0, far skipped 0 starved 0 | input wait p50 45.8 p99 66.5 ms | 0 joins deferred | kernel drops rcv 0 snd 0
         p50/p99 ms: ingress 0.40/0.57  events 0.11/0.24  movement 0.26/0.38  grid 0.15/0.22  separate 0.29/0.36  history 0.00/0.00  serialize 0.04/0.09  assembly 2.27/2.60  transport 0.93/1.29  egress 3.12/3.84
[   15s] clients 1000 | level 0 (0-0 in window: 30 Hz, dilation 1.0), pace 1.00, 0.0% clients bandwidth-degraded | tick p50 7.58 p99 8.98 max 9.17 ms, 0 overruns | out 60.0k pps 356 kbps/client, 356 Mbps | in 30.0k pps 15 kbps/client | stand-ins: repeated 0.00% frozen 0.00%, 0 late inputs | per client-tick: 1418 B (near 412 B, 100% deltas), near 64.0 mid 86.0 far 0.0, far skipped 0 starved 0 | input wait p50 45.9 p99 67.2 ms | 0 joins deferred | kernel drops rcv 0 snd 0
         p50/p99 ms: ingress 0.40/0.56  events 0.11/0.18  movement 0.26/0.34  grid 0.16/0.20  separate 0.30/0.45  history 0.00/0.00  serialize 0.04/0.08  assembly 2.24/2.63  transport 0.96/1.26  egress 3.12/3.75
[   20s] clients 1000 | level 0 (0-0 in window: 30 Hz, dilation 1.0), pace 1.00, 0.0% clients bandwidth-degraded | tick p50 7.60 p99 9.07 max 9.46 ms, 0 overruns | out 60.0k pps 356 kbps/client, 356 Mbps | in 30.0k pps 15 kbps/client | stand-ins: repeated 0.00% frozen 0.00%, 0 late inputs | per client-tick: 1417 B (near 411 B, 100% deltas), near 64.0 mid 86.0 far 0.0, far skipped 0 starved 0 | input wait p50 45.9 p99 67.7 ms | 0 joins deferred | kernel drops rcv 0 snd 0
         p50/p99 ms: ingress 0.40/0.54  events 0.11/0.17  movement 0.26/0.34  grid 0.15/0.28  separate 0.30/0.38  history 0.00/0.00  serialize 0.04/0.08  assembly 2.24/2.65  transport 0.97/1.27  egress 3.12/3.82
[   25s] clients 1000 | level 0 (0-0 in window: 30 Hz, dilation 1.0), pace 1.00, 0.0% clients bandwidth-degraded | tick p50 7.58 p99 8.59 max 8.64 ms, 0 overruns | out 60.0k pps 356 kbps/client, 356 Mbps | in 30.0k pps 15 kbps/client | stand-ins: repeated 0.00% frozen 0.00%, 0 late inputs | per client-tick: 1418 B (near 412 B, 100% deltas), near 64.0 mid 86.0 far 0.0, far skipped 0 starved 0 | input wait p50 46.0 p99 68.2 ms | 0 joins deferred | kernel drops rcv 0 snd 0
         p50/p99 ms: ingress 0.40/0.54  events 0.11/0.19  movement 0.26/0.32  grid 0.15/0.20  separate 0.29/0.36  history 0.00/0.00  serialize 0.04/0.09  assembly 2.24/2.65  transport 0.94/1.30  egress 3.12/3.64
[   30s] clients 1000 | level 0 (0-0 in window: 30 Hz, dilation 1.0), pace 1.00, 0.0% clients bandwidth-degraded | tick p50 7.90 p99 20.24 max 34.31 ms, 1 overruns | out 60.0k pps 356 kbps/client, 356 Mbps | in 30.0k pps 15 kbps/client | stand-ins: repeated 0.00% frozen 0.00%, 0 late inputs | per client-tick: 1417 B (near 411 B, 100% deltas), near 64.0 mid 86.0 far 0.0, far skipped 0 starved 0 | input wait p50 45.2 p99 63.9 ms | 0 joins deferred | kernel drops rcv 0 snd 0
         p50/p99 ms: ingress 0.40/0.79  events 0.11/0.22  movement 0.25/0.35  grid 0.16/0.26  separate 0.29/0.40  history 0.00/0.02  serialize 0.04/0.07  assembly 2.23/2.81  transport 0.93/1.32  egress 3.40/14.66
[   35s] clients 1000 | level 0 (0-0 in window: 30 Hz, dilation 1.0), pace 1.00, 0.0% clients bandwidth-degraded | tick p50 7.81 p99 9.08 max 9.23 ms, 0 overruns | out 60.0k pps 355 kbps/client, 355 Mbps | in 30.0k pps 15 kbps/client | stand-ins: repeated 0.00% frozen 0.00%, 0 late inputs | per client-tick: 1416 B (near 410 B, 100% deltas), near 64.0 mid 86.0 far 0.0, far skipped 0 starved 0 | input wait p50 45.0 p99 62.7 ms | 0 joins deferred | kernel drops rcv 0 snd 0
         p50/p99 ms: ingress 0.38/0.60  events 0.11/0.20  movement 0.25/0.34  grid 0.17/0.24  separate 0.29/0.34  history 0.00/0.01  serialize 0.04/0.07  assembly 2.21/2.65  transport 0.93/1.22  egress 3.43/4.30
[   40s] clients 1000 | level 0 (0-0 in window: 30 Hz, dilation 1.0), pace 1.00, 0.0% clients bandwidth-degraded | tick p50 7.83 p99 9.26 max 9.38 ms, 0 overruns | out 60.0k pps 356 kbps/client, 356 Mbps | in 30.0k pps 15 kbps/client | stand-ins: repeated 0.00% frozen 0.00%, 0 late inputs | per client-tick: 1417 B (near 411 B, 100% deltas), near 64.0 mid 86.0 far 0.0, far skipped 0 starved 0 | input wait p50 45.0 p99 62.6 ms | 0 joins deferred | kernel drops rcv 0 snd 0
         p50/p99 ms: ingress 0.39/0.48  events 0.11/0.16  movement 0.25/0.35  grid 0.15/0.23  separate 0.29/0.38  history 0.00/0.00  serialize 0.04/0.07  assembly 2.22/2.53  transport 0.95/1.49  egress 3.44/4.18
[   45s] clients 1000 | level 0 (0-0 in window: 30 Hz, dilation 1.0), pace 1.00, 0.0% clients bandwidth-degraded | tick p50 7.84 p99 9.47 max 10.39 ms, 0 overruns | out 60.0k pps 356 kbps/client, 356 Mbps | in 30.0k pps 15 kbps/client | stand-ins: repeated 0.00% frozen 0.00%, 0 late inputs | per client-tick: 1418 B (near 412 B, 100% deltas), near 64.0 mid 86.0 far 0.0, far skipped 0 starved 0 | input wait p50 45.0 p99 62.6 ms | 0 joins deferred | kernel drops rcv 0 snd 0
         p50/p99 ms: ingress 0.40/0.77  events 0.11/0.17  movement 0.25/0.36  grid 0.16/0.24  separate 0.30/0.42  history 0.00/0.01  serialize 0.04/0.07  assembly 2.19/2.90  transport 0.97/1.43  egress 3.43/4.76
[   50s] clients 1000 | level 0 (0-0 in window: 30 Hz, dilation 1.0), pace 1.00, 0.0% clients bandwidth-degraded | tick p50 7.89 p99 9.79 max 10.28 ms, 0 overruns | out 60.0k pps 356 kbps/client, 356 Mbps | in 30.0k pps 15 kbps/client | stand-ins: repeated 0.00% frozen 0.00%, 0 late inputs | per client-tick: 1418 B (near 412 B, 100% deltas), near 64.0 mid 86.0 far 0.0, far skipped 0 starved 0 | input wait p50 45.0 p99 62.6 ms | 0 joins deferred | kernel drops rcv 0 snd 0
         p50/p99 ms: ingress 0.39/0.74  events 0.11/0.18  movement 0.25/0.35  grid 0.16/0.19  separate 0.29/0.37  history 0.00/0.00  serialize 0.04/0.09  assembly 2.22/2.72  transport 0.94/1.39  egress 3.49/4.20
[   55s] clients 1000 | level 0 (0-0 in window: 30 Hz, dilation 1.0), pace 1.00, 0.0% clients bandwidth-degraded | tick p50 8.14 p99 9.67 max 10.04 ms, 0 overruns | out 60.0k pps 356 kbps/client, 356 Mbps | in 30.0k pps 15 kbps/client | stand-ins: repeated 0.00% frozen 0.00%, 0 late inputs | per client-tick: 1417 B (near 411 B, 100% deltas), near 64.0 mid 86.0 far 0.0, far skipped 0 starved 0 | input wait p50 44.9 p99 62.6 ms | 0 joins deferred | kernel drops rcv 0 snd 0
         p50/p99 ms: ingress 0.40/0.61  events 0.11/0.20  movement 0.25/0.34  grid 0.16/0.21  separate 0.29/0.42  history 0.00/0.00  serialize 0.04/0.08  assembly 2.29/2.75  transport 0.99/1.40  egress 3.52/4.42
[   60s] clients 1000 | level 0 (0-0 in window: 30 Hz, dilation 1.0), pace 1.00, 0.0% clients bandwidth-degraded | tick p50 7.84 p99 9.78 max 11.44 ms, 0 overruns | out 60.0k pps 356 kbps/client, 356 Mbps | in 30.0k pps 15 kbps/client | stand-ins: repeated 0.00% frozen 0.00%, 0 late inputs | per client-tick: 1417 B (near 411 B, 100% deltas), near 64.0 mid 86.0 far 0.0, far skipped 0 starved 0 | input wait p50 45.0 p99 62.7 ms | 0 joins deferred | kernel drops rcv 0 snd 0
         p50/p99 ms: ingress 0.38/0.73  events 0.11/0.16  movement 0.25/0.32  grid 0.16/0.23  separate 0.29/0.36  history 0.00/0.00  serialize 0.04/0.07  assembly 2.21/2.58  transport 0.96/1.31  egress 3.41/4.46
[   65s] clients 1 | level 0 (0-0 in window: 30 Hz, dilation 1.0), pace 1.00, 0.0% clients bandwidth-degraded | tick p50 1.72 p99 5.04 max 9.86 ms, 0 overruns | out 2.7k pps 179 kbps/client, 15 Mbps | in 0.6k pps 2 kbps/client | stand-ins: repeated 1.21% frozen 88.06%, 0 late inputs | per client-tick: 705 B (near 406 B, 23% deltas), near 31.5 mid 22.4 far 0.0, far skipped 0 starved 0 | input wait p50 42.0 p99 61.3 ms | 0 joins deferred | kernel drops rcv 0 snd 0
         p50/p99 ms: ingress 0.32/1.18  events 0.00/0.38  movement 0.14/0.20  grid 0.16/0.19  separate 0.17/0.27  history 0.00/0.00  serialize 0.01/0.03  assembly 0.30/0.94  transport 0.26/0.96  egress 0.27/1.38

== summary: 1709 steady-state ticks (after warmup, before clients drain), peak 1000 clients ==
  phase        p50 ms   p99 ms   max ms
  ingress        0.40     0.68     6.22
  events         0.11     0.18     0.29
  movement       0.25     0.35     0.41
  grid           0.16     0.23     0.28
  separate       0.29     0.39     0.46
  history        0.00     0.00     0.08
  serialize      0.04     0.08     0.12
  assembly       2.23     2.65     3.05
  transport      0.95     1.33     1.87
  egress         3.31     4.32    28.34
  tick           7.76     9.38    34.31
  overruns 1 | spawns 1000 despawns 1000 (707 joins deferred) | stand-ins: repeated 148 frozen 10804 | late inputs 0 discarded 0 | bad messages 0 | recv errors 0 send errors 0
  egress (whole run): 3604117 datagrams in 3604117 sends (1.00 per send), 121614 syscalls
  ticks per ladder level (whole run): L0: 1960
  input wait on the server (datagram arrival -> applied): p50 45.3 p99 64.0 max 77.5 mean 46.9 ms
  steady state: stand-ins repeated 0 frozen 0 | late inputs 0 discarded 0
  rewind of near targets (applied step - the input's render step for that tier): p50 167 p99 167 max 200 mean 165.7 ms (n=1786748)
  rewind of mid/far targets (applied step - the input's render step for that tier): p50 300 p99 300 max 333 mean 298.7 ms (n=1786748)
  render times ahead of the server (bogus) 0
