== uniform, 10000 bots, 60s -> baselines/2026-10-07-aws-full/uniform-10k-1
== summary: 1707 steady-state ticks (after warmup, before clients drain), peak 10000 clients ==
  phase        p50 ms   p99 ms   max ms
  ingress        1.28     2.38    42.74
  events         4.13     5.32     6.21
  movement       1.03     1.30     4.99
  grid           0.48     0.70     0.85
  separate       0.60     1.31     5.07
  history        0.02     0.06     0.09
  shots          0.07     0.28     0.35
  serialize      0.33     0.52     0.93
  assembly       3.27     4.18     5.57
  transport      2.10     2.66     2.88
  egress         4.12     4.63    10.75
  tick          17.63    20.23    61.52
  overruns 1 | spawns 10000 despawns 10000 (55088 joins deferred) | deaths 0 respawns 0 | stand-ins: repeated 854 frozen 0 | late inputs 633 discarded 0 | bad messages 0 | recv errors 0 send errors 0
  egress (whole run): 31071436 datagrams in 31071436 sends (1.00 per send), 202352 syscalls
  ingress (whole run): 17865698 datagrams in 301770 receive calls (59.20 per call)
  ticks per ladder level (whole run): L0: 1817
  input wait on the server (datagram arrival -> applied): p50 50.0 p99 67.1 max 117.8 mean 50.5 ms
  steady state: stand-ins repeated 0 frozen 0 | late inputs 0 discarded 0
  rewind of near targets (applied step - the input's render step for that tier): p50 133 p99 170 max 209 mean 147.9 ms (n=17645319)
  rewind of mid/far targets (applied step - the input's render step for that tier): p50 267 p99 300 max 343 mean 280.9 ms (n=17645319)
  render times ahead of the server (bogus) 0
  shots 0 (late 0, refused 0, rewinds capped 0) | hits head 0 body 0 (after cover 0, too late 0), kills 0 | ground 0 cover 0 expired 0 | segments 0 candidates 0
== bots summary ==
  started 10000 welcomed 10000 failed 0
  join latency ms: p50 764 p99 1521 max 1787 (n=10000)
  corrections 31 (0.00/bot-minute), mean error 0.066 m, max 0.133 m
  push corrections (the server pushed us apart from a crowd) 6491 (0.65/bot-minute), max 0.101 m
  snapshots 17759129 (entities per snapshot: near 15.6 mid 41.8 far 58.5), stale 0, unmatched acks 0, resyncs 221
  input -> applied on server (est. RTT/2 + server wait): p50 58.0 p99 76.0 max 126.0 mean 58.5 ms (n=17754823)
    of which server wait (arrival -> applied): p50 50.0 p99 67.1 max 117.8 mean 50.5 ms (n=17754823)
  input -> seen acked (round trip): p50 67.0 p99 100.0 max 167.0 mean 82.7 ms (n=17755456)
  near entity update interval (tracked bots): p50 33.0 p99 33.0 max 100.0 mean 33.0 ms (n=13473646)
  mid entity update interval (tracked bots): p50 100.0 p99 100.0 max 500.0 mean 100.2 ms (n=36081703)
  far entity update interval (tracked bots): p50 500.0 p99 500.0 max 2000.0 mean 500.0 ms (n=50872455)
  near drawn (tracked bots): 99.85% interpolated, 0.02% extrapolated, 0.00% held, 0.13% new | pops p50 0 p99 0 max 248 mm
  mid drawn (tracked bots): 99.52% interpolated, 0.13% extrapolated, 0.01% held, 0.34% new | pops p50 0 p99 0 max 4711 mm
  far drawn (tracked bots): 40.12% interpolated, 58.92% extrapolated, 0.51% held, 0.45% new | pops p50 409 p99 3679 max 21928 mm
  render delay (near) 77.8 ms behind the newest step, clock snaps 0 (backwards 0), slewing 4.87% of frames, near delay changes 384 | streak entity-frames (drawn > 20 m/s) 14320545
  input clock: 19419 extra inputs, 16226 skipped ticks, 0 backlog skips | near decode errors (tracked bots) 0
  bytes down 23790.5 MB up 1118.6 MB | swarm busy 26% of its threads' time, tick overruns 340
