preallocated connections for 10000 clients in 250.392613ms
listening on 172.31.17.93:40500 | spawn Uniform | tiers near 64@150 m, mid 500 m, far 1500 m, budget 6250 B/tick, squads of 4 | 64 rayon threads, 64 shards, 1 socket(s), 256 accepts/tick, egress SendMmsg, ingress RecvMmsg | socket buffers rcv 32768 KiB snd 32768 KiB
[    5s] clients 10000 | level 0 (0-0 in window: 30 Hz, dilation 1.0), pace 1.00, 0.0% clients bandwidth-degraded | tick p50 17.14 p99 19.34 max 19.42 ms, 0 overruns | out 383.6k pps 308 kbps/client, 2322 Mbps | in 239.8k pps 19 kbps/client, 58.0 per recv, receive thread busy 25% | stand-ins: repeated 0.08% frozen 0.00%, 633 late inputs | per client-tick: 1221 B (near 107 B, 99% deltas), near 14.9 mid 39.5 far 55.8, far skipped 0 starved 0 | input wait p50 50.4 p99 67.6 ms | 55088 joins deferred | kernel drops rcv 0 snd 0
         p50/p99 ms: ingress 1.25/6.79  events 4.04/5.92  movement 0.95/1.20  grid 0.46/0.58  separate 0.55/0.96  history 0.03/0.13  shots 0.07/0.30  serialize 0.31/0.53  assembly 3.07/4.08  transport 1.92/2.28  egress 3.94/4.54
[   10s] clients 10000 | level 0 (0-0 in window: 30 Hz, dilation 1.0), pace 1.00, 0.0% clients bandwidth-degraded | tick p50 17.32 p99 18.83 max 19.12 ms, 0 overruns | out 525.6k pps 322 kbps/client, 3224 Mbps | in 299.8k pps 15 kbps/client, 59.2 per recv, receive thread busy 30% | stand-ins: repeated 0.00% frozen 0.00%, 0 late inputs | per client-tick: 1284 B (near 110 B, 100% deltas), near 15.7 mid 41.9 far 58.7, far skipped 0 starved 0 | input wait p50 50.1 p99 67.0 ms | 0 joins deferred | kernel drops rcv 0 snd 0
         p50/p99 ms: ingress 1.23/2.24  events 4.08/5.16  movement 1.00/1.22  grid 0.47/0.69  separate 0.56/1.00  history 0.02/0.06  shots 0.07/0.28  serialize 0.32/0.39  assembly 3.25/4.23  transport 2.04/2.45  egress 4.05/4.74
[   15s] clients 10000 | level 0 (0-0 in window: 30 Hz, dilation 1.0), pace 1.00, 0.0% clients bandwidth-degraded | tick p50 17.30 p99 18.57 max 18.60 ms, 0 overruns | out 525.6k pps 322 kbps/client, 3223 Mbps | in 299.8k pps 15 kbps/client, 58.7 per recv, receive thread busy 30% | stand-ins: repeated 0.00% frozen 0.00%, 0 late inputs | per client-tick: 1283 B (near 110 B, 100% deltas), near 15.7 mid 41.9 far 58.7, far skipped 0 starved 0 | input wait p50 50.0 p99 66.9 ms | 0 joins deferred | kernel drops rcv 0 snd 0
         p50/p99 ms: ingress 1.22/2.17  events 4.06/5.28  movement 1.01/1.19  grid 0.47/0.69  separate 0.57/0.85  history 0.02/0.05  shots 0.07/0.26  serialize 0.31/0.81  assembly 3.19/4.10  transport 2.02/2.37  egress 4.05/4.52
[   20s] clients 10000 | level 0 (0-0 in window: 30 Hz, dilation 1.0), pace 1.00, 0.0% clients bandwidth-degraded | tick p50 18.87 p99 21.57 max 61.52 ms, 1 overruns | out 522.7k pps 321 kbps/client, 3205 Mbps | in 297.9k pps 15 kbps/client, 57.8 per recv, receive thread busy 31% | stand-ins: repeated 0.00% frozen 0.00%, 0 late inputs | per client-tick: 1284 B (near 110 B, 100% deltas), near 15.7 mid 41.9 far 58.7, far skipped 0 starved 0 | input wait p50 50.8 p99 91.5 ms | 0 joins deferred | kernel drops rcv 0 snd 0
         p50/p99 ms: ingress 1.36/2.62  events 4.20/5.98  movement 1.09/1.31  grid 0.49/0.78  separate 0.89/1.42  history 0.02/0.07  shots 0.07/0.28  serialize 0.37/0.57  assembly 3.45/4.35  transport 2.33/2.84  egress 4.26/5.11
[   25s] clients 10000 | level 0 (0-0 in window: 30 Hz, dilation 1.0), pace 1.00, 0.0% clients bandwidth-degraded | tick p50 18.68 p99 20.80 max 21.58 ms, 0 overruns | out 525.6k pps 322 kbps/client, 3224 Mbps | in 299.9k pps 15 kbps/client, 59.6 per recv, receive thread busy 32% | stand-ins: repeated 0.00% frozen 0.00%, 0 late inputs | per client-tick: 1284 B (near 110 B, 100% deltas), near 15.7 mid 41.9 far 58.6, far skipped 0 starved 0 | input wait p50 49.8 p99 66.6 ms | 0 joins deferred | kernel drops rcv 0 snd 0
         p50/p99 ms: ingress 1.32/2.58  events 4.19/5.59  movement 1.09/1.51  grid 0.49/0.75  separate 0.89/1.38  history 0.02/0.06  shots 0.07/0.29  serialize 0.37/0.54  assembly 3.38/4.45  transport 2.31/2.78  egress 4.32/4.64
[   30s] clients 10000 | level 0 (0-0 in window: 30 Hz, dilation 1.0), pace 1.00, 0.0% clients bandwidth-degraded | tick p50 18.77 p99 20.33 max 20.53 ms, 0 overruns | out 525.4k pps 322 kbps/client, 3224 Mbps | in 299.8k pps 15 kbps/client, 59.5 per recv, receive thread busy 32% | stand-ins: repeated 0.00% frozen 0.00%, 0 late inputs | per client-tick: 1283 B (near 110 B, 100% deltas), near 15.7 mid 41.9 far 58.6, far skipped 0 starved 0 | input wait p50 49.8 p99 66.6 ms | 0 joins deferred | kernel drops rcv 0 snd 0
         p50/p99 ms: ingress 1.35/2.58  events 4.25/5.33  movement 1.08/1.30  grid 0.49/0.74  separate 0.91/1.45  history 0.02/0.06  shots 0.07/0.30  serialize 0.37/0.49  assembly 3.41/4.20  transport 2.32/2.77  egress 4.31/4.80
[   35s] clients 10000 | level 0 (0-0 in window: 30 Hz, dilation 1.0), pace 1.00, 0.0% clients bandwidth-degraded | tick p50 17.64 p99 21.31 max 22.00 ms, 0 overruns | out 525.2k pps 322 kbps/client, 3223 Mbps | in 299.8k pps 15 kbps/client, 59.4 per recv, receive thread busy 31% | stand-ins: repeated 0.00% frozen 0.00%, 0 late inputs | per client-tick: 1283 B (near 110 B, 100% deltas), near 15.7 mid 41.9 far 58.6, far skipped 0 starved 0 | input wait p50 49.9 p99 66.7 ms | 0 joins deferred | kernel drops rcv 0 snd 0
         p50/p99 ms: ingress 1.26/2.25  events 4.10/5.35  movement 1.03/1.56  grid 0.48/0.64  separate 0.61/1.42  history 0.02/0.05  shots 0.07/0.30  serialize 0.33/0.76  assembly 3.28/4.15  transport 2.10/2.47  egress 4.09/4.47
[   40s] clients 10000 | level 0 (0-0 in window: 30 Hz, dilation 1.0), pace 1.00, 0.0% clients bandwidth-degraded | tick p50 17.36 p99 18.90 max 18.98 ms, 0 overruns | out 525.4k pps 322 kbps/client, 3223 Mbps | in 299.9k pps 15 kbps/client, 59.5 per recv, receive thread busy 30% | stand-ins: repeated 0.00% frozen 0.00%, 0 late inputs | per client-tick: 1283 B (near 110 B, 100% deltas), near 15.7 mid 41.9 far 58.6, far skipped 0 starved 0 | input wait p50 49.9 p99 66.7 ms | 0 joins deferred | kernel drops rcv 0 snd 0
         p50/p99 ms: ingress 1.24/1.92  events 4.12/5.10  movement 0.99/1.18  grid 0.47/0.67  separate 0.56/1.07  history 0.02/0.05  shots 0.07/0.27  serialize 0.31/0.60  assembly 3.22/3.91  transport 2.03/2.47  egress 4.07/4.53
[   45s] clients 10000 | level 0 (0-0 in window: 30 Hz, dilation 1.0), pace 1.00, 0.0% clients bandwidth-degraded | tick p50 17.46 p99 18.68 max 18.86 ms, 0 overruns | out 525.2k pps 322 kbps/client, 3222 Mbps | in 299.9k pps 15 kbps/client, 59.5 per recv, receive thread busy 31% | stand-ins: repeated 0.00% frozen 0.00%, 0 late inputs | per client-tick: 1283 B (near 110 B, 100% deltas), near 15.7 mid 41.9 far 58.6, far skipped 0 starved 0 | input wait p50 49.9 p99 66.7 ms | 0 joins deferred | kernel drops rcv 0 snd 0
         p50/p99 ms: ingress 1.24/1.89  events 4.16/5.32  movement 1.00/1.29  grid 0.47/0.65  separate 0.57/1.09  history 0.02/0.06  shots 0.07/0.31  serialize 0.31/0.52  assembly 3.22/4.30  transport 2.03/2.45  egress 4.10/4.68
[   50s] clients 10000 | level 0 (0-0 in window: 30 Hz, dilation 1.0), pace 1.00, 0.0% clients bandwidth-degraded | tick p50 17.37 p99 18.81 max 19.33 ms, 0 overruns | out 525.5k pps 322 kbps/client, 3224 Mbps | in 300.0k pps 15 kbps/client, 59.7 per recv, receive thread busy 31% | stand-ins: repeated 0.00% frozen 0.00%, 0 late inputs | per client-tick: 1283 B (near 110 B, 100% deltas), near 15.7 mid 41.9 far 58.6, far skipped 0 starved 0 | input wait p50 50.0 p99 66.8 ms | 0 joins deferred | kernel drops rcv 0 snd 0
         p50/p99 ms: ingress 1.25/2.48  events 4.11/5.30  movement 1.00/1.21  grid 0.47/0.73  separate 0.57/1.06  history 0.02/0.05  shots 0.07/0.28  serialize 0.32/0.61  assembly 3.23/3.97  transport 2.02/2.38  egress 4.07/4.48
[   55s] clients 10000 | level 0 (0-0 in window: 30 Hz, dilation 1.0), pace 1.00, 0.0% clients bandwidth-degraded | tick p50 17.38 p99 18.98 max 19.05 ms, 0 overruns | out 525.0k pps 322 kbps/client, 3222 Mbps | in 299.9k pps 15 kbps/client, 59.6 per recv, receive thread busy 31% | stand-ins: repeated 0.00% frozen 0.00%, 0 late inputs | per client-tick: 1283 B (near 110 B, 100% deltas), near 15.7 mid 41.9 far 58.6, far skipped 0 starved 0 | input wait p50 50.0 p99 66.8 ms | 0 joins deferred | kernel drops rcv 0 snd 0
         p50/p99 ms: ingress 1.23/2.24  events 4.11/5.28  movement 1.01/1.38  grid 0.47/0.71  separate 0.57/0.97  history 0.02/0.05  shots 0.07/0.28  serialize 0.32/0.43  assembly 3.24/4.27  transport 2.04/2.33  egress 4.08/4.36
[   60s] clients 10000 | level 0 (0-0 in window: 30 Hz, dilation 1.0), pace 1.00, 0.0% clients bandwidth-degraded | tick p50 17.48 p99 19.04 max 19.17 ms, 0 overruns | out 525.2k pps 322 kbps/client, 3223 Mbps | in 299.8k pps 15 kbps/client, 59.7 per recv, receive thread busy 31% | stand-ins: repeated 0.00% frozen 0.00%, 0 late inputs | per client-tick: 1283 B (near 110 B, 100% deltas), near 15.7 mid 41.9 far 58.6, far skipped 0 starved 0 | input wait p50 50.0 p99 66.7 ms | 0 joins deferred | kernel drops rcv 0 snd 0
         p50/p99 ms: ingress 1.28/2.55  events 4.12/5.62  movement 1.01/1.25  grid 0.48/0.59  separate 0.55/1.06  history 0.02/0.05  shots 0.07/0.28  serialize 0.31/0.43  assembly 3.26/3.83  transport 2.01/2.47  egress 4.05/4.49
[   61s] clients 0 | level 0 (0-0 in window: 30 Hz, dilation 1.0), pace 1.00, 0.0% clients bandwidth-degraded | tick p50 16.78 p99 28.33 max 28.33 ms, 0 overruns | out 435.4k pps 317 kbps/client, 2655 Mbps | in 332.2k pps 16 kbps/client, 60.4 per recv, receive thread busy 32% | stand-ins: repeated 0.00% frozen 0.00%, 0 late inputs | per client-tick: 1249 B (near 107 B, 100% deltas), near 15.2 mid 40.7 far 57.0, far skipped 0 starved 0 | input wait p50 50.1 p99 66.8 ms | 0 joins deferred | kernel drops rcv 0 snd 0
         p50/p99 ms: ingress 1.23/5.80  events 3.94/16.25  movement 0.95/1.09  grid 0.46/0.47  separate 0.56/0.91  history 0.02/0.03  shots 0.07/0.34  serialize 0.28/0.34  assembly 3.23/3.58  transport 2.03/2.36  egress 3.95/10.75

== summary: 1707 steady-state ticks (after warmup, before clients drain), peak 10000 clients ==
  phase        p50 ms   p99 ms   max ms
  ingress        1.28     2.38    42.74
  events         4.13     5.32     6.21
  movement       1.03     1.30     4.99
  grid           0.48     0.70     0.85
  separate       0.60     1.31     5.07
  history        0.02     0.06     0.09
  shots          0.07     0.28     0.35
  serialize      0.33     0.52     0.93
  assembly       3.27     4.18     5.57
  transport      2.10     2.66     2.88
  egress         4.12     4.63    10.75
  tick          17.63    20.23    61.52
  overruns 1 | spawns 10000 despawns 10000 (55088 joins deferred) | deaths 0 respawns 0 | stand-ins: repeated 854 frozen 0 | late inputs 633 discarded 0 | bad messages 0 | recv errors 0 send errors 0
  egress (whole run): 31071436 datagrams in 31071436 sends (1.00 per send), 202352 syscalls
  ingress (whole run): 17865698 datagrams in 301770 receive calls (59.20 per call)
  ticks per ladder level (whole run): L0: 1817
  input wait on the server (datagram arrival -> applied): p50 50.0 p99 67.1 max 117.8 mean 50.5 ms
  steady state: stand-ins repeated 0 frozen 0 | late inputs 0 discarded 0
  rewind of near targets (applied step - the input's render step for that tier): p50 133 p99 170 max 209 mean 147.9 ms (n=17645319)
  rewind of mid/far targets (applied step - the input's render step for that tier): p50 267 p99 300 max 343 mean 280.9 ms (n=17645319)
  render times ahead of the server (bogus) 0
  shots 0 (late 0, refused 0, rewinds capped 0) | hits head 0 body 0 (after cover 0, too late 0), kills 0 | ground 0 cover 0 expired 0 | segments 0 candidates 0
