spawn=uniform
egress=sendmmsg
ingress=recvmmsg
rx_gather_us=1000
ladder=on
threads=64
shards=64
sockets=1
peak_clients=10000
steady_ticks=1707
steady_secs=56.9
ingress_p50_ms=1.28
ingress_p99_ms=2.38
ingress_max_ms=42.74
events_p50_ms=4.13
events_p99_ms=5.32
events_max_ms=6.21
movement_p50_ms=1.03
movement_p99_ms=1.30
movement_max_ms=4.99
grid_p50_ms=0.48
grid_p99_ms=0.70
grid_max_ms=0.85
separate_p50_ms=0.60
separate_p99_ms=1.31
separate_max_ms=5.07
history_p50_ms=0.02
history_p99_ms=0.06
history_max_ms=0.09
shots_p50_ms=0.07
shots_p99_ms=0.28
shots_max_ms=0.35
serialize_p50_ms=0.33
serialize_p99_ms=0.52
serialize_max_ms=0.93
assembly_p50_ms=3.27
assembly_p99_ms=4.18
assembly_max_ms=5.57
transport_p50_ms=2.10
transport_p99_ms=2.66
transport_max_ms=2.88
egress_p50_ms=4.12
egress_p99_ms=4.63
egress_max_ms=10.75
tick_p50_ms=17.63
tick_p99_ms=20.23
tick_max_ms=61.52
steady_overruns=1
level_mode=0
tick_hz=30
dilation=1
levels=L0:1707
clients_avg=10000
out_pps=525237
in_pps=300125
egress_mbps=3222.1
packets_per_client_tick=1.75
wire_bytes_per_client_tick=1343
down_kbps_per_client=322.2
up_kbps_per_client=15.1
recv_per_call=59.29
ingress_thread_busy_max_pct=30.9
ingress_thread_busy_mean_pct=30.9
kernel_rcvbuf_drops=0
kernel_sndbuf_drops=0
snapshot_bytes_per_client_tick=1283
near_bytes_per_client_tick=110
activity_bytes_per_client_tick=0.0
near_per_client_tick=15.7
mid_per_client_tick=41.9
far_per_client_tick=58.6
near_scanned_per_query=18
mid_scanned_per_query=55
far_skipped=0
far_starved=0
repeated=0
frozen=0
late_inputs=0
discarded_inputs=0
input_wait_p10_ms=37.2
input_wait_p50_ms=50.0
input_wait_p90_ms=63.7
input_wait_p99_ms=67.1
spawns=10000
despawns=10000
deaths=0
respawns=0
shots=0
shots_late=0
shots_refused=0
rewinds_capped=0
rewinds_trimmed=0
hits_head=0
hits_body=0
hits_ground=0
hits_cover=0
projectiles_expired=0
kills=0
hits_after_cover=0
hits_too_late=0
events=0
tracer_bytes=0
activity_cells=0
activity_sent=0
activity_bytes=0
activity_cut=0
projectile_segments=0
hit_candidates=0
joins_deferred=55088
bad_messages=0
recv_errors=0
send_errors=0
datagrams=31071436
sends=31071436
send_syscalls=202352
rewind_near_p50_ms=133
rewind_near_p99_ms=170
rewind_near_mean_ms=147.9
rewind_mid_p50_ms=267
rewind_mid_p99_ms=300
rewind_mid_mean_ms=280.9
ingress_longest_p50_ms=0.77
ingress_work_p50_ms=38.84
assembly_longest_p50_ms=2.21
assembly_work_p50_ms=110.18
transport_longest_p50_ms=1.72
transport_work_p50_ms=82.75
egress_longest_p50_ms=3.90
egress_work_p50_ms=123.86
