preallocated connections for 20000 clients in 427.157193ms
listening on 172.16.16.2:40500 | spawn Uniform | tiers near 64@150 m, mid 500 m, far 1500 m, budget 6250 B/tick, squads of 4 | 64 rayon threads, 64 shards, 256 accepts/tick, egress SendMmsg | socket buffers rcv 32768 KiB snd 32768 KiB
[    5s] clients 445 | level 0 (0-0 in window: 30 Hz, dilation 1.0), pace 1.00, 0.0% clients bandwidth-degraded | tick p50 1.19 p99 1.56 max 1.72 ms, 0 overruns | out 6.2k pps 33 kbps/client, 7 Mbps | in 6.1k pps 14 kbps/client | stand-ins: repeated 0.00% frozen 0.00%, 0 late inputs | per client-tick: 103 B (near 25 B, 98% deltas), near 3.4 mid 1.4 far 2.0, far skipped 0 starved 0 | input wait p50 49.0 p99 65.7 ms | 0 joins deferred | kernel drops rcv 0 snd 0
         p50/p99 ms: ingress 0.34/0.54  events 0.11/0.20  movement 0.01/0.04  grid 0.13/0.18  history 0.00/0.01  serialize 0.02/0.04  assembly 0.29/0.53  transport 0.09/0.17  egress 0.17/0.31
[   10s] clients 946 | level 0 (0-0 in window: 30 Hz, dilation 1.0), pace 1.00, 0.0% clients bandwidth-degraded | tick p50 1.81 p99 2.13 max 2.19 ms, 0 overruns | out 21.1k pps 46 kbps/client, 32 Mbps | in 21.0k pps 13 kbps/client | stand-ins: repeated 0.00% frozen 0.00%, 0 late inputs | per client-tick: 158 B (near 27 B, 99% deltas), near 4.0 mid 3.1 far 4.7, far skipped 0 starved 0 | input wait p50 49.0 p99 65.6 ms | 0 joins deferred | kernel drops rcv 0 snd 0
         p50/p99 ms: ingress 0.35/0.45  events 0.25/0.36  movement 0.10/0.13  grid 0.16/0.19  history 0.00/0.02  serialize 0.04/0.07  assembly 0.36/0.46  transport 0.13/0.20  egress 0.40/0.53
[   15s] clients 1448 | level 0 (0-0 in window: 30 Hz, dilation 1.0), pace 1.00, 0.0% clients bandwidth-degraded | tick p50 2.36 p99 2.69 max 2.73 ms, 0 overruns | out 36.1k pps 61 kbps/client, 73 Mbps | in 36.0k pps 12 kbps/client | stand-ins: repeated 0.00% frozen 0.00%, 0 late inputs | per client-tick: 220 B (near 31 B, 100% deltas), near 4.7 mid 5.1 far 7.9, far skipped 0 starved 0 | input wait p50 49.0 p99 65.6 ms | 0 joins deferred | kernel drops rcv 0 snd 0
         p50/p99 ms: ingress 0.39/0.48  events 0.42/0.53  movement 0.12/0.15  grid 0.17/0.20  history 0.00/0.02  serialize 0.08/0.14  assembly 0.40/0.48  transport 0.17/0.22  egress 0.60/0.71
[   20s] clients 1948 | level 0 (0-0 in window: 30 Hz, dilation 1.0), pace 1.00, 0.0% clients bandwidth-degraded | tick p50 2.89 p99 3.25 max 3.33 ms, 0 overruns | out 51.1k pps 76 kbps/client, 129 Mbps | in 51.0k pps 12 kbps/client | stand-ins: repeated 0.00% frozen 0.00%, 0 late inputs | per client-tick: 281 B (near 35 B, 100% deltas), near 5.3 mid 7.1 far 11.1, far skipped 0 starved 0 | input wait p50 49.9 p99 66.4 ms | 0 joins deferred | kernel drops rcv 0 snd 0
         p50/p99 ms: ingress 0.44/0.55  events 0.57/0.67  movement 0.15/0.18  grid 0.18/0.22  history 0.00/0.01  serialize 0.10/0.16  assembly 0.48/0.59  transport 0.22/0.28  egress 0.73/0.84
[   25s] clients 2447 | level 0 (0-0 in window: 30 Hz, dilation 1.0), pace 1.00, 0.0% clients bandwidth-degraded | tick p50 3.42 p99 3.79 max 3.79 ms, 0 overruns | out 66.1k pps 91 kbps/client, 200 Mbps | in 66.0k pps 12 kbps/client | stand-ins: repeated 0.00% frozen 0.00%, 0 late inputs | per client-tick: 343 B (near 38 B, 100% deltas), near 5.9 mid 9.1 far 14.4, far skipped 0 starved 0 | input wait p50 49.9 p99 66.4 ms | 0 joins deferred | kernel drops rcv 0 snd 0
         p50/p99 ms: ingress 0.50/0.60  events 0.70/0.81  movement 0.17/0.21  grid 0.20/0.23  history 0.00/0.02  serialize 0.11/0.17  assembly 0.57/0.67  transport 0.28/0.34  egress 0.90/1.04
[   30s] clients 2946 | level 0 (0-0 in window: 30 Hz, dilation 1.0), pace 1.00, 0.0% clients bandwidth-degraded | tick p50 3.96 p99 4.47 max 4.52 ms, 0 overruns | out 81.1k pps 106 kbps/client, 287 Mbps | in 81.0k pps 12 kbps/client | stand-ins: repeated 0.00% frozen 0.00%, 0 late inputs | per client-tick: 406 B (near 42 B, 100% deltas), near 6.5 mid 11.2 far 17.8, far skipped 0 starved 0 | input wait p50 49.9 p99 66.2 ms | 0 joins deferred | kernel drops rcv 0 snd 0
         p50/p99 ms: ingress 0.57/0.65  events 0.81/0.94  movement 0.17/0.22  grid 0.22/0.25  history 0.00/0.01  serialize 0.12/0.18  assembly 0.66/0.83  transport 0.35/0.42  egress 1.09/1.26
[   35s] clients 3445 | level 0 (0-0 in window: 30 Hz, dilation 1.0), pace 1.00, 0.0% clients bandwidth-degraded | tick p50 4.52 p99 5.01 max 5.12 ms, 0 overruns | out 96.1k pps 121 kbps/client, 385 Mbps | in 96.0k pps 12 kbps/client | stand-ins: repeated 0.00% frozen 0.00%, 0 late inputs | per client-tick: 466 B (near 45 B, 100% deltas), near 7.1 mid 13.2 far 20.8, far skipped 0 starved 0 | input wait p50 49.9 p99 66.1 ms | 0 joins deferred | kernel drops rcv 0 snd 0
         p50/p99 ms: ingress 0.63/0.78  events 0.92/1.04  movement 0.19/0.23  grid 0.23/0.25  history 0.00/0.01  serialize 0.12/0.19  assembly 0.76/0.93  transport 0.41/0.53  egress 1.27/1.48
[   40s] clients 3944 | level 0 (0-0 in window: 30 Hz, dilation 1.0), pace 1.00, 0.0% clients bandwidth-degraded | tick p50 5.06 p99 5.72 max 5.78 ms, 0 overruns | out 111.1k pps 136 kbps/client, 504 Mbps | in 111.0k pps 12 kbps/client | stand-ins: repeated 0.00% frozen 0.00%, 0 late inputs | per client-tick: 531 B (near 49 B, 100% deltas), near 7.7 mid 15.4 far 24.2, far skipped 0 starved 0 | input wait p50 49.9 p99 66.1 ms | 0 joins deferred | kernel drops rcv 0 snd 0
         p50/p99 ms: ingress 0.71/0.86  events 1.07/1.21  movement 0.20/0.23  grid 0.24/0.27  history 0.00/0.01  serialize 0.13/0.19  assembly 0.88/1.12  transport 0.48/0.61  egress 1.44/1.70
[   45s] clients 4448 | level 0 (0-0 in window: 30 Hz, dilation 1.0), pace 1.00, 0.0% clients bandwidth-degraded | tick p50 5.62 p99 6.29 max 6.32 ms, 0 overruns | out 126.2k pps 152 kbps/client, 638 Mbps | in 126.1k pps 12 kbps/client | stand-ins: repeated 0.00% frozen 0.00%, 0 late inputs | per client-tick: 597 B (near 53 B, 100% deltas), near 8.4 mid 17.6 far 27.7, far skipped 0 starved 0 | input wait p50 49.9 p99 66.1 ms | 0 joins deferred | kernel drops rcv 0 snd 0
         p50/p99 ms: ingress 0.79/0.92  events 1.22/1.32  movement 0.23/0.29  grid 0.29/0.35  history 0.00/0.03  serialize 0.13/0.22  assembly 0.97/1.19  transport 0.55/0.66  egress 1.49/1.87
[   50s] clients 4952 | level 0 (0-0 in window: 30 Hz, dilation 1.0), pace 1.00, 0.0% clients bandwidth-degraded | tick p50 6.23 p99 6.87 max 6.91 ms, 0 overruns | out 141.3k pps 167 kbps/client, 785 Mbps | in 141.2k pps 12 kbps/client | stand-ins: repeated 0.00% frozen 0.00%, 0 late inputs | per client-tick: 659 B (near 56 B, 100% deltas), near 9.0 mid 19.7 far 30.9, far skipped 0 starved 0 | input wait p50 49.9 p99 66.0 ms | 0 joins deferred | kernel drops rcv 0 snd 0
         p50/p99 ms: ingress 0.88/1.01  events 1.37/1.66  movement 0.25/0.30  grid 0.30/0.34  history 0.00/0.01  serialize 0.13/0.22  assembly 1.04/1.23  transport 0.62/0.75  egress 1.63/1.96
[   55s] clients 5455 | level 0 (0-0 in window: 30 Hz, dilation 1.0), pace 1.00, 0.0% clients bandwidth-degraded | tick p50 6.46 p99 7.11 max 7.63 ms, 0 overruns | out 156.3k pps 182 kbps/client, 947 Mbps | in 156.2k pps 12 kbps/client | stand-ins: repeated 0.00% frozen 0.00%, 0 late inputs | per client-tick: 722 B (near 60 B, 100% deltas), near 9.7 mid 21.8 far 34.1, far skipped 0 starved 0 | input wait p50 49.9 p99 65.9 ms | 0 joins deferred | kernel drops rcv 0 snd 0
         p50/p99 ms: ingress 0.99/1.13  events 1.59/2.11  movement 0.25/0.30  grid 0.28/0.35  history 0.00/0.01  serialize 0.14/0.22  assembly 1.17/1.44  transport 0.71/0.84  egress 1.23/1.80
[   60s] clients 5954 | level 0 (0-0 in window: 30 Hz, dilation 1.0), pace 1.00, 0.0% clients bandwidth-degraded | tick p50 6.99 p99 7.75 max 7.76 ms, 0 overruns | out 171.5k pps 197 kbps/client, 1122 Mbps | in 171.2k pps 12 kbps/client | stand-ins: repeated 0.00% frozen 0.00%, 0 late inputs | per client-tick: 783 B (near 64 B, 100% deltas), near 10.3 mid 23.9 far 37.3, far skipped 0 starved 0 | input wait p50 49.9 p99 65.8 ms | 0 joins deferred | kernel drops rcv 0 snd 0
         p50/p99 ms: ingress 1.07/1.20  events 1.75/2.27  movement 0.26/0.29  grid 0.29/0.37  history 0.00/0.01  serialize 0.14/0.22  assembly 1.31/1.64  transport 0.80/0.90  egress 1.30/1.72
[   65s] clients 6457 | level 0 (0-0 in window: 30 Hz, dilation 1.0), pace 1.00, 0.0% clients bandwidth-degraded | tick p50 7.35 p99 7.89 max 8.14 ms, 0 overruns | out 189.4k pps 212 kbps/client, 1314 Mbps | in 186.3k pps 12 kbps/client | stand-ins: repeated 0.00% frozen 0.00%, 0 late inputs | per client-tick: 844 B (near 67 B, 100% deltas), near 10.9 mid 25.9 far 40.5, far skipped 0 starved 0 | input wait p50 49.9 p99 65.7 ms | 0 joins deferred | kernel drops rcv 0 snd 0
         p50/p99 ms: ingress 1.11/1.29  events 1.91/2.33  movement 0.26/0.32  grid 0.34/0.39  history 0.01/0.01  serialize 0.15/0.22  assembly 1.42/1.74  transport 0.87/0.96  egress 1.23/1.44
[   70s] clients 6957 | level 0 (0-0 in window: 30 Hz, dilation 1.0), pace 1.00, 0.0% clients bandwidth-degraded | tick p50 7.91 p99 8.51 max 8.56 ms, 0 overruns | out 216.5k pps 227 kbps/client, 1526 Mbps | in 201.3k pps 12 kbps/client | stand-ins: repeated 0.00% frozen 0.00%, 0 late inputs | per client-tick: 909 B (near 71 B, 100% deltas), near 11.6 mid 28.1 far 43.8, far skipped 0 starved 0 | input wait p50 49.9 p99 65.6 ms | 0 joins deferred | kernel drops rcv 0 snd 0
         p50/p99 ms: ingress 1.19/1.52  events 2.07/2.19  movement 0.27/0.33  grid 0.36/0.39  history 0.01/0.01  serialize 0.15/0.24  assembly 1.57/2.01  transport 0.97/1.10  egress 1.28/1.56
[   75s] clients 7456 | level 0 (0-0 in window: 30 Hz, dilation 1.0), pace 1.00, 0.0% clients bandwidth-degraded | tick p50 8.49 p99 8.98 max 9.43 ms, 0 overruns | out 257.4k pps 243 kbps/client, 1754 Mbps | in 216.3k pps 12 kbps/client | stand-ins: repeated 0.00% frozen 0.00%, 0 late inputs | per client-tick: 972 B (near 75 B, 100% deltas), near 12.2 mid 30.2 far 47.0, far skipped 0 starved 0 | input wait p50 49.9 p99 65.6 ms | 0 joins deferred | kernel drops rcv 0 snd 0
         p50/p99 ms: ingress 1.32/1.54  events 2.04/2.54  movement 0.29/0.34  grid 0.33/0.40  history 0.01/0.01  serialize 0.15/0.20  assembly 1.73/1.98  transport 1.09/1.24  egress 1.49/1.65
[   80s] clients 7951 | level 0 (0-0 in window: 30 Hz, dilation 1.0), pace 1.00, 0.0% clients bandwidth-degraded | tick p50 9.29 p99 9.81 max 9.86 ms, 0 overruns | out 306.4k pps 259 kbps/client, 1995 Mbps | in 231.3k pps 12 kbps/client | stand-ins: repeated 0.00% frozen 0.00%, 0 late inputs | per client-tick: 1032 B (near 78 B, 100% deltas), near 12.8 mid 32.4 far 50.0, far skipped 0 starved 0 | input wait p50 49.9 p99 65.5 ms | 0 joins deferred | kernel drops rcv 0 snd 0
         p50/p99 ms: ingress 1.38/1.60  events 2.13/2.34  movement 0.30/0.34  grid 0.34/0.37  history 0.01/0.01  serialize 0.15/0.20  assembly 1.90/2.08  transport 1.25/1.38  egress 1.80/2.06
[   85s] clients 8455 | level 0 (0-0 in window: 30 Hz, dilation 1.0), pace 1.00, 0.0% clients bandwidth-degraded | tick p50 10.15 p99 11.08 max 11.44 ms, 0 overruns | out 359.3k pps 274 kbps/client, 2248 Mbps | in 246.3k pps 12 kbps/client | stand-ins: repeated 0.00% frozen 0.00%, 0 late inputs | per client-tick: 1091 B (near 82 B, 100% deltas), near 13.5 mid 34.6 far 52.7, far skipped 0 starved 0 | input wait p50 49.9 p99 65.4 ms | 0 joins deferred | kernel drops rcv 0 snd 0
         p50/p99 ms: ingress 1.49/1.68  events 2.25/3.03  movement 0.30/0.37  grid 0.35/0.39  history 0.01/0.01  serialize 0.18/0.24  assembly 2.04/2.26  transport 1.39/1.53  egress 2.12/2.83
[   90s] clients 8958 | level 0 (0-0 in window: 30 Hz, dilation 1.0), pace 1.00, 0.0% clients bandwidth-degraded | tick p50 11.03 p99 12.08 max 12.12 ms, 0 overruns | out 410.0k pps 287 kbps/client, 2500 Mbps | in 261.3k pps 12 kbps/client | stand-ins: repeated 0.00% frozen 0.00%, 0 late inputs | per client-tick: 1142 B (near 86 B, 100% deltas), near 14.1 mid 36.7 far 54.8, far skipped 0 starved 0 | input wait p50 49.9 p99 65.3 ms | 0 joins deferred | kernel drops rcv 0 snd 0
         p50/p99 ms: ingress 1.55/1.72  events 2.39/3.08  movement 0.32/0.37  grid 0.36/0.39  history 0.01/0.05  serialize 0.20/0.25  assembly 2.20/2.58  transport 1.54/1.69  egress 2.39/3.05
[   95s] clients 9457 | level 0 (0-0 in window: 30 Hz, dilation 1.0), pace 1.00, 0.0% clients bandwidth-degraded | tick p50 11.69 p99 12.34 max 12.85 ms, 0 overruns | out 457.3k pps 299 kbps/client, 2750 Mbps | in 276.3k pps 12 kbps/client | stand-ins: repeated 0.00% frozen 0.00%, 0 late inputs | per client-tick: 1188 B (near 89 B, 100% deltas), near 14.7 mid 38.8 far 56.6, far skipped 0 starved 0 | input wait p50 49.9 p99 65.3 ms | 0 joins deferred | kernel drops rcv 0 snd 0
         p50/p99 ms: ingress 1.66/1.82  events 2.54/2.68  movement 0.32/0.37  grid 0.37/0.41  history 0.01/0.01  serialize 0.21/0.28  assembly 2.37/2.55  transport 1.69/1.86  egress 2.54/2.79
[  100s] clients 9957 | level 0 (0-0 in window: 30 Hz, dilation 1.0), pace 1.00, 0.0% clients bandwidth-degraded | tick p50 12.49 p99 13.11 max 13.16 ms, 0 overruns | out 499.6k pps 309 kbps/client, 3002 Mbps | in 291.3k pps 12 kbps/client | stand-ins: repeated 0.00% frozen 0.00%, 0 late inputs | per client-tick: 1230 B (near 93 B, 100% deltas), near 15.3 mid 40.8 far 58.0, far skipped 0 starved 0 | input wait p50 49.8 p99 65.2 ms | 0 joins deferred | kernel drops rcv 0 snd 0
         p50/p99 ms: ingress 1.71/1.88  events 2.67/2.87  movement 0.33/0.40  grid 0.39/0.43  history 0.01/0.01  serialize 0.21/0.25  assembly 2.53/2.71  transport 1.84/1.99  egress 2.78/3.32
[  105s] clients 10455 | level 0 (0-0 in window: 30 Hz, dilation 1.0), pace 1.00, 0.0% clients bandwidth-degraded | tick p50 13.36 p99 14.29 max 14.38 ms, 0 overruns | out 538.6k pps 319 kbps/client, 3254 Mbps | in 306.3k pps 12 kbps/client | stand-ins: repeated 0.00% frozen 0.00%, 0 late inputs | per client-tick: 1269 B (near 96 B, 100% deltas), near 15.9 mid 42.8 far 59.1, far skipped 0 starved 0 | input wait p50 49.7 p99 65.1 ms | 0 joins deferred | kernel drops rcv 0 snd 0
         p50/p99 ms: ingress 1.75/1.97  events 2.95/3.80  movement 0.33/0.39  grid 0.40/0.49  history 0.01/0.02  serialize 0.20/0.27  assembly 2.70/2.85  transport 1.96/2.09  egress 3.00/3.33
[  110s] clients 10951 | level 0 (0-0 in window: 30 Hz, dilation 1.0), pace 1.00, 0.0% clients bandwidth-degraded | tick p50 13.85 p99 14.67 max 14.73 ms, 0 overruns | out 575.6k pps 328 kbps/client, 3512 Mbps | in 321.3k pps 12 kbps/client | stand-ins: repeated 0.00% frozen 0.00%, 0 late inputs | per client-tick: 1306 B (near 100 B, 100% deltas), near 16.5 mid 44.9 far 60.1, far skipped 0 starved 0 | input wait p50 49.3 p99 65.1 ms | 0 joins deferred | kernel drops rcv 0 snd 0
         p50/p99 ms: ingress 1.83/2.03  events 2.98/3.20  movement 0.34/0.38  grid 0.41/0.45  history 0.01/0.01  serialize 0.21/0.25  assembly 2.90/3.11  transport 2.07/2.20  egress 3.14/3.98
[  115s] clients 11452 | level 0 (0-0 in window: 30 Hz, dilation 1.0), pace 1.00, 0.0% clients bandwidth-degraded | tick p50 14.64 p99 15.22 max 15.46 ms, 0 overruns | out 611.6k pps 337 kbps/client, 3777 Mbps | in 336.3k pps 12 kbps/client | stand-ins: repeated 0.00% frozen 0.00%, 0 late inputs | per client-tick: 1343 B (near 104 B, 100% deltas), near 17.2 mid 47.0 far 60.9, far skipped 0 starved 0 | input wait p50 49.5 p99 65.0 ms | 0 joins deferred | kernel drops rcv 0 snd 0
         p50/p99 ms: ingress 1.93/2.10  events 3.08/3.21  movement 0.34/0.38  grid 0.42/0.45  history 0.01/0.02  serialize 0.21/0.25  assembly 3.12/3.54  transport 2.19/2.32  egress 3.31/3.48
[  120s] clients 11956 | level 0 (0-0 in window: 30 Hz, dilation 1.0), pace 1.00, 0.0% clients bandwidth-degraded | tick p50 15.31 p99 16.21 max 16.28 ms, 0 overruns | out 646.9k pps 346 kbps/client, 4048 Mbps | in 351.3k pps 12 kbps/client | stand-ins: repeated 0.00% frozen 0.00%, 0 late inputs | per client-tick: 1378 B (near 107 B, 100% deltas), near 17.8 mid 49.2 far 61.7, far skipped 0 starved 0 | input wait p50 49.5 p99 64.9 ms | 0 joins deferred | kernel drops rcv 0 snd 0
         p50/p99 ms: ingress 1.97/2.14  events 3.33/4.17  movement 0.34/0.38  grid 0.43/0.52  history 0.01/0.02  serialize 0.21/0.38  assembly 3.34/3.71  transport 2.26/2.43  egress 3.43/3.76
[  125s] clients 12457 | level 0 (0-0 in window: 30 Hz, dilation 1.0), pace 1.00, 0.0% clients bandwidth-degraded | tick p50 16.30 p99 17.30 max 17.39 ms, 0 overruns | out 681.2k pps 354 kbps/client, 4318 Mbps | in 366.3k pps 12 kbps/client | stand-ins: repeated 0.00% frozen 0.00%, 0 late inputs | per client-tick: 1411 B (near 111 B, 100% deltas), near 18.4 mid 51.2 far 62.3, far skipped 0 starved 0 | input wait p50 49.4 p99 64.9 ms | 0 joins deferred | kernel drops rcv 0 snd 0
         p50/p99 ms: ingress 2.00/2.17  events 3.67/4.39  movement 0.35/0.41  grid 0.45/0.56  history 0.01/0.03  serialize 0.22/0.27  assembly 3.52/4.15  transport 2.36/2.49  egress 3.66/4.13
[  130s] clients 12957 | level 0 (0-0 in window: 30 Hz, dilation 1.0), pace 1.00, 0.0% clients bandwidth-degraded | tick p50 17.01 p99 17.81 max 18.20 ms, 0 overruns | out 715.1k pps 362 kbps/client, 4601 Mbps | in 381.3k pps 12 kbps/client | stand-ins: repeated 0.00% frozen 0.00%, 0 late inputs | per client-tick: 1445 B (near 114 B, 100% deltas), near 19.0 mid 53.3 far 62.9, far skipped 0 starved 0 | input wait p50 49.4 p99 64.9 ms | 0 joins deferred | kernel drops rcv 0 snd 0
         p50/p99 ms: ingress 2.05/2.25  events 3.86/4.29  movement 0.36/0.41  grid 0.46/0.52  history 0.01/0.02  serialize 0.22/0.25  assembly 3.75/4.27  transport 2.47/2.67  egress 3.77/4.08
[  135s] clients 13455 | level 0 (0-0 in window: 30 Hz, dilation 1.0), pace 1.00, 0.0% clients bandwidth-degraded | tick p50 17.61 p99 18.25 max 18.68 ms, 0 overruns | out 749.0k pps 370 kbps/client, 4887 Mbps | in 396.3k pps 12 kbps/client | stand-ins: repeated 0.00% frozen 0.00%, 0 late inputs | per client-tick: 1478 B (near 118 B, 100% deltas), near 19.7 mid 55.4 far 63.5, far skipped 0 starved 0 | input wait p50 49.5 p99 64.8 ms | 0 joins deferred | kernel drops rcv 0 snd 0
         p50/p99 ms: ingress 2.10/2.30  events 4.01/4.41  movement 0.36/0.40  grid 0.47/0.51  history 0.01/0.02  serialize 0.22/0.28  assembly 3.96/4.44  transport 2.59/2.78  egress 3.83/4.10
[  140s] clients 13951 | level 0 (0-0 in window: 30 Hz, dilation 1.0), pace 1.00, 0.0% clients bandwidth-degraded | tick p50 18.32 p99 19.26 max 19.32 ms, 0 overruns | out 782.8k pps 378 kbps/client, 5179 Mbps | in 411.2k pps 12 kbps/client | stand-ins: repeated 0.00% frozen 0.00%, 0 late inputs | per client-tick: 1510 B (near 122 B, 100% deltas), near 20.3 mid 57.5 far 63.9, far skipped 0 starved 0 | input wait p50 49.6 p99 64.7 ms | 0 joins deferred | kernel drops rcv 0 snd 0
         p50/p99 ms: ingress 2.19/2.37  events 4.08/4.30  movement 0.37/0.41  grid 0.48/0.51  history 0.01/0.02  serialize 0.23/0.27  assembly 4.22/4.67  transport 2.68/2.86  egress 4.04/4.40
[  145s] clients 14452 | level 0 (0-0 in window: 30 Hz, dilation 1.0), pace 1.00, 0.0% clients bandwidth-degraded | tick p50 18.98 p99 19.88 max 19.91 ms, 0 overruns | out 815.7k pps 385 kbps/client, 5476 Mbps | in 426.2k pps 12 kbps/client | stand-ins: repeated 0.00% frozen 0.00%, 0 late inputs | per client-tick: 1541 B (near 126 B, 100% deltas), near 21.0 mid 59.6 far 64.3, far skipped 0 starved 0 | input wait p50 49.6 p99 64.6 ms | 0 joins deferred | kernel drops rcv 0 snd 0
         p50/p99 ms: ingress 2.27/2.58  events 4.13/4.40  movement 0.37/0.42  grid 0.49/0.53  history 0.01/0.02  serialize 0.23/0.30  assembly 4.45/4.98  transport 2.79/3.03  egress 4.18/4.50
[  150s] clients 14955 | level 0 (0-0 in window: 30 Hz, dilation 1.0), pace 1.00, 0.0% clients bandwidth-degraded | tick p50 19.69 p99 20.57 max 20.59 ms, 0 overruns | out 849.2k pps 393 kbps/client, 5777 Mbps | in 441.2k pps 12 kbps/client | stand-ins: repeated 0.00% frozen 0.00%, 0 late inputs | per client-tick: 1572 B (near 129 B, 100% deltas), near 21.6 mid 61.7 far 64.7, far skipped 0 starved 0 | input wait p50 49.4 p99 64.5 ms | 0 joins deferred | kernel drops rcv 0 snd 0
         p50/p99 ms: ingress 2.31/2.55  events 4.31/4.53  movement 0.37/0.41  grid 0.51/0.54  history 0.01/0.02  serialize 0.23/0.28  assembly 4.63/5.31  transport 2.90/3.14  egress 4.35/4.72
[  155s] clients 15456 | level 0 (0-0 in window: 30 Hz, dilation 1.0), pace 1.00, 0.0% clients bandwidth-degraded | tick p50 20.26 p99 21.65 max 23.20 ms, 0 overruns | out 882.3k pps 400 kbps/client, 6083 Mbps | in 456.2k pps 12 kbps/client | stand-ins: repeated 0.00% frozen 0.00%, 0 late inputs | per client-tick: 1602 B (near 133 B, 100% deltas), near 22.3 mid 63.7 far 65.0, far skipped 0 starved 0 | input wait p50 49.4 p99 64.6 ms | 0 joins deferred | kernel drops rcv 0 snd 0
         p50/p99 ms: ingress 2.36/2.60  events 4.46/4.74  movement 0.39/0.44  grid 0.52/0.55  history 0.01/0.02  serialize 0.23/0.30  assembly 4.80/5.57  transport 3.01/3.15  egress 4.47/5.35
[  160s] clients 15957 | level 0 (0-0 in window: 30 Hz, dilation 1.0), pace 1.00, 0.0% clients bandwidth-degraded | tick p50 21.06 p99 22.25 max 22.37 ms, 0 overruns | out 915.0k pps 407 kbps/client, 6396 Mbps | in 471.2k pps 12 kbps/client | stand-ins: repeated 0.00% frozen 0.00%, 0 late inputs | per client-tick: 1632 B (near 137 B, 100% deltas), near 22.9 mid 65.8 far 65.3, far skipped 0 starved 0 | input wait p50 49.8 p99 64.5 ms | 0 joins deferred | kernel drops rcv 0 snd 0
         p50/p99 ms: ingress 2.36/2.60  events 4.60/4.94  movement 0.39/0.44  grid 0.53/0.57  history 0.01/0.02  serialize 0.24/0.30  assembly 5.00/5.60  transport 3.11/3.25  egress 4.73/5.43
[  165s] clients 16454 | level 0 (0-0 in window: 30 Hz, dilation 1.0), pace 1.00, 0.0% clients bandwidth-degraded | tick p50 22.43 p99 23.74 max 24.30 ms, 0 overruns | out 946.7k pps 414 kbps/client, 6705 Mbps | in 486.2k pps 12 kbps/client | stand-ins: repeated 0.00% frozen 0.00%, 0 late inputs | per client-tick: 1659 B (near 141 B, 100% deltas), near 23.5 mid 67.7 far 65.6, far skipped 0 starved 0 | input wait p50 49.9 p99 64.7 ms | 0 joins deferred | kernel drops rcv 0 snd 0
         p50/p99 ms: ingress 2.22/2.42  events 4.79/5.23  movement 0.40/0.45  grid 0.55/0.58  history 0.01/0.02  serialize 0.24/0.29  assembly 5.26/5.84  transport 3.18/3.39  egress 5.75/6.43
[  170s] clients 16948 | level 0 (0-0 in window: 30 Hz, dilation 1.0), pace 1.00, 0.0% clients bandwidth-degraded | tick p50 23.68 p99 24.64 max 24.64 ms, 0 overruns | out 978.8k pps 420 kbps/client, 7025 Mbps | in 495.9k pps 12 kbps/client | stand-ins: repeated 0.02% frozen 0.00%, 141 late inputs | per client-tick: 1686 B (near 145 B, 100% deltas), near 24.1 mid 69.6 far 65.8, far skipped 0 starved 0 | input wait p50 46.2 p99 71.9 ms | 0 joins deferred | kernel drops rcv 2454 snd 0
         p50/p99 ms: ingress 2.17/2.74  events 5.06/5.51  movement 0.37/0.42  grid 0.56/0.59  history 0.01/0.02  serialize 0.27/0.33  assembly 5.57/6.08  transport 3.29/3.48  egress 6.40/6.98
[  175s] clients 17449 | level 0 (0-0 in window: 30 Hz, dilation 1.0), pace 1.00, 0.0% clients bandwidth-degraded | tick p50 24.89 p99 26.89 max 27.11 ms, 0 overruns | out 1009.4k pps 427 kbps/client, 7338 Mbps | in 493.9k pps 12 kbps/client | stand-ins: repeated 0.47% frozen 0.00%, 12355 late inputs | per client-tick: 1713 B (near 151 B, 100% deltas), near 24.7 mid 71.3 far 65.9, far skipped 0 starved 0 | input wait p50 50.7 p99 102.2 ms | 0 joins deferred | kernel drops rcv 95181 snd 0
         p50/p99 ms: ingress 2.06/2.60  events 5.38/6.47  movement 0.38/0.45  grid 0.58/0.68  history 0.01/0.10  serialize 0.27/0.31  assembly 5.94/6.46  transport 3.45/3.72  egress 6.68/8.19
[  180s] clients 17954 | level 0 (0-0 in window: 30 Hz, dilation 1.0), pace 1.00, 0.0% clients bandwidth-degraded | tick p50 25.66 p99 50.52 max 122.36 ms, 4 overruns | out 1018.5k pps 422 kbps/client, 7480 Mbps | in 496.8k pps 11 kbps/client | stand-ins: repeated 0.90% frozen 0.12%, 25195 late inputs | per client-tick: 1735 B (near 154 B, 100% deltas), near 25.4 mid 72.9 far 66.1, far skipped 0 starved 0 | input wait p50 55.1 p99 174.6 ms | 0 joins deferred | kernel drops rcv 42150 snd 0
         p50/p99 ms: ingress 2.20/3.78  events 4.89/8.70  movement 0.40/0.53  grid 0.57/0.67  history 0.01/0.03  serialize 0.27/0.33  assembly 6.22/6.72  transport 3.66/3.99  egress 7.13/26.49
[  185s] clients 18457 | level 0 (0-0 in window: 30 Hz, dilation 1.0), pace 0.94, 0.0% clients bandwidth-degraded | tick p50 27.13 p99 58.39 max 70.08 ms, 4 overruns | out 1056.7k pps 431 kbps/client, 7842 Mbps | in 503.1k pps 11 kbps/client | stand-ins: repeated 1.02% frozen 0.02%, 27631 late inputs | per client-tick: 1757 B (near 159 B, 100% deltas), near 26.1 mid 74.4 far 66.2, far skipped 0 starved 0 | input wait p50 57.4 p99 143.3 ms | 0 joins deferred | kernel drops rcv 143878 snd 0
         p50/p99 ms: ingress 2.23/4.55  events 5.27/8.23  movement 0.41/0.61  grid 0.59/0.73  history 0.01/0.02  serialize 0.28/0.33  assembly 6.53/7.39  transport 3.79/4.21  egress 7.62/32.32
[  190s] clients 18963 | level 0 (0-0 in window: 30 Hz, dilation 1.0), pace 0.94, 0.0% clients bandwidth-degraded | tick p50 28.19 p99 81.69 max 85.92 ms, 15 overruns | out 1048.5k pps 420 kbps/client, 7851 Mbps | in 513.2k pps 11 kbps/client | stand-ins: repeated 2.06% frozen 0.53%, 65392 late inputs | per client-tick: 1776 B (near 162 B, 100% deltas), near 26.7 mid 75.7 far 66.3, far skipped 0 starved 0 | input wait p50 71.3 p99 143.8 ms | 0 joins deferred | kernel drops rcv 39708 snd 0
         p50/p99 ms: ingress 2.34/4.88  events 5.28/8.30  movement 0.41/0.73  grid 0.59/0.66  history 0.01/0.02  serialize 0.28/0.53  assembly 6.81/9.10  transport 3.98/4.54  egress 8.17/63.31
[  195s] clients 19460 | level 0 (0-0 in window: 30 Hz, dilation 1.0), pace 0.98, 0.0% clients bandwidth-degraded | tick p50 28.54 p99 72.75 max 73.22 ms, 26 overruns | out 1043.9k pps 410 kbps/client, 7880 Mbps | in 524.0k pps 11 kbps/client | stand-ins: repeated 1.74% frozen 0.21%, 52037 late inputs | per client-tick: 1793 B (near 165 B, 100% deltas), near 27.4 mid 76.9 far 66.4, far skipped 0 starved 0 | input wait p50 56.0 p99 162.1 ms | 0 joins deferred | kernel drops rcv 1821 snd 0
         p50/p99 ms: ingress 2.35/5.23  events 4.90/9.51  movement 0.43/0.79  grid 0.58/0.66  history 0.01/0.02  serialize 0.28/0.50  assembly 7.12/10.05  transport 4.20/4.76  egress 8.66/48.09
[  200s] clients 19967 | level 0 (0-0 in window: 30 Hz, dilation 1.0), pace 0.90, 0.0% clients bandwidth-degraded | tick p50 31.30 p99 74.30 max 84.70 ms, 49 overruns | out 1048.0k pps 404 kbps/client, 7968 Mbps | in 526.7k pps 11 kbps/client | stand-ins: repeated 0.44% frozen 0.08%, 13989 late inputs | per client-tick: 1809 B (near 169 B, 100% deltas), near 28.1 mid 77.9 far 66.5, far skipped 0 starved 0 | input wait p50 78.6 p99 139.0 ms | 0 joins deferred | kernel drops rcv 0 snd 0
         p50/p99 ms: ingress 2.41/5.25  events 5.56/10.04  movement 0.44/0.66  grid 0.60/0.70  history 0.02/0.02  serialize 0.30/0.43  assembly 7.49/10.46  transport 4.42/5.01  egress 9.24/54.94
[  205s] clients 20000 | level 0 (0-0 in window: 30 Hz, dilation 1.0), pace 0.84, 0.0% clients bandwidth-degraded | tick p50 31.12 p99 86.94 max 93.76 ms, 46 overruns | out 1013.1k pps 387 kbps/client, 7731 Mbps | in 512.7k pps 10 kbps/client | stand-ins: repeated 1.93% frozen 0.11%, 52476 late inputs | per client-tick: 1817 B (near 171 B, 100% deltas), near 28.5 mid 78.4 far 66.5, far skipped 0 starved 0 | input wait p50 66.9 p99 172.3 ms | 0 joins deferred | kernel drops rcv 0 snd 0
         p50/p99 ms: ingress 2.35/5.51  events 5.10/9.20  movement 0.43/0.63  grid 0.59/0.68  history 0.02/0.02  serialize 0.29/0.40  assembly 7.62/10.49  transport 4.49/5.16  egress 9.43/67.62
[  210s] clients 20000 | level 0 (0-0 in window: 30 Hz, dilation 1.0), pace 0.89, 0.0% clients bandwidth-degraded | tick p50 31.44 p99 76.76 max 99.20 ms, 55 overruns | out 1047.7k pps 400 kbps/client, 7995 Mbps | in 511.2k pps 10 kbps/client | stand-ins: repeated 1.36% frozen 0.27%, 42595 late inputs | per client-tick: 1817 B (near 172 B, 100% deltas), near 28.5 mid 78.4 far 66.5, far skipped 0 starved 0 | input wait p50 65.9 p99 147.9 ms | 0 joins deferred | kernel drops rcv 0 snd 0
         p50/p99 ms: ingress 2.34/5.85  events 4.86/9.08  movement 0.44/0.74  grid 0.59/0.64  history 0.02/0.02  serialize 0.29/0.50  assembly 7.61/11.08  transport 4.50/5.20  egress 9.31/58.09
[  215s] clients 20000 | level 0 (0-0 in window: 30 Hz, dilation 1.0), pace 0.79, 0.0% clients bandwidth-degraded | tick p50 31.23 p99 93.75 max 98.01 ms, 47 overruns | out 1012.4k pps 386 kbps/client, 7726 Mbps | in 502.2k pps 10 kbps/client | stand-ins: repeated 2.75% frozen 0.42%, 82540 late inputs | per client-tick: 1817 B (near 172 B, 100% deltas), near 28.5 mid 78.4 far 66.5, far skipped 0 starved 0 | input wait p50 66.3 p99 202.7 ms | 0 joins deferred | kernel drops rcv 0 snd 0
         p50/p99 ms: ingress 2.32/6.03  events 4.87/9.35  movement 0.43/0.83  grid 0.58/0.65  history 0.02/0.02  serialize 0.29/0.42  assembly 7.65/11.55  transport 4.50/5.15  egress 9.50/71.49
[  220s] clients 20000 | level 0 (0-0 in window: 30 Hz, dilation 1.0), pace 0.84, 0.0% clients bandwidth-degraded | tick p50 30.69 p99 97.55 max 135.95 ms, 40 overruns | out 1025.6k pps 392 kbps/client, 7831 Mbps | in 502.0k pps 10 kbps/client | stand-ins: repeated 5.44% frozen 1.05%, 167535 late inputs | per client-tick: 1818 B (near 173 B, 100% deltas), near 28.5 mid 78.4 far 66.5, far skipped 0 starved 0 | input wait p50 62.4 p99 199.8 ms | 0 joins deferred | kernel drops rcv 0 snd 0
         p50/p99 ms: ingress 2.29/5.89  events 4.70/10.88  movement 0.43/0.62  grid 0.60/0.67  history 0.02/0.02  serialize 0.28/0.41  assembly 7.66/10.56  transport 4.51/5.00  egress 9.33/79.05
[  225s] clients 20000 | level 0 (0-0 in window: 30 Hz, dilation 1.0), pace 0.84, 0.0% clients bandwidth-degraded | tick p50 30.50 p99 135.82 max 137.10 ms, 34 overruns | out 984.2k pps 375 kbps/client, 7509 Mbps | in 467.9k pps 9 kbps/client | stand-ins: repeated 4.16% frozen 0.26%, 103403 late inputs | per client-tick: 1817 B (near 171 B, 100% deltas), near 28.5 mid 78.4 far 66.5, far skipped 0 starved 0 | input wait p50 78.2 p99 206.9 ms | 0 joins deferred | kernel drops rcv 1082 snd 0
         p50/p99 ms: ingress 2.15/5.51  events 4.74/10.77  movement 0.43/0.71  grid 0.60/0.71  history 0.02/0.02  serialize 0.29/0.40  assembly 7.60/11.51  transport 4.50/5.26  egress 9.26/116.34
[  230s] clients 20000 | level 0 (0-0 in window: 30 Hz, dilation 1.0), pace 0.83, 0.0% clients bandwidth-degraded | tick p50 31.49 p99 87.83 max 88.28 ms, 43 overruns | out 1011.9k pps 386 kbps/client, 7724 Mbps | in 511.8k pps 10 kbps/client | stand-ins: repeated 2.43% frozen 0.88%, 91302 late inputs | per client-tick: 1817 B (near 172 B, 100% deltas), near 28.5 mid 78.4 far 66.5, far skipped 0 starved 0 | input wait p50 62.0 p99 175.4 ms | 0 joins deferred | kernel drops rcv 972 snd 0
         p50/p99 ms: ingress 2.35/6.73  events 5.13/10.53  movement 0.43/0.82  grid 0.61/0.72  history 0.02/0.02  serialize 0.29/0.44  assembly 7.63/10.97  transport 4.51/5.12  egress 9.29/65.58
[  235s] clients 20000 | level 0 (0-0 in window: 30 Hz, dilation 1.0), pace 1.00, 0.0% clients bandwidth-degraded | tick p50 29.96 p99 102.62 max 125.28 ms, 36 overruns | out 1028.1k pps 392 kbps/client, 7845 Mbps | in 493.7k pps 10 kbps/client | stand-ins: repeated 4.06% frozen 0.73%, 113824 late inputs | per client-tick: 1817 B (near 172 B, 100% deltas), near 28.5 mid 78.4 far 66.5, far skipped 0 starved 0 | input wait p50 74.5 p99 175.2 ms | 0 joins deferred | kernel drops rcv 0 snd 0
         p50/p99 ms: ingress 2.21/5.58  events 4.49/9.68  movement 0.42/0.70  grid 0.58/0.64  history 0.02/0.02  serialize 0.29/0.39  assembly 7.62/10.73  transport 4.50/5.13  egress 9.24/83.54
[  240s] clients 20000 | level 0 (0-0 in window: 30 Hz, dilation 1.0), pace 0.87, 0.0% clients bandwidth-degraded | tick p50 30.52 p99 86.24 max 103.48 ms, 45 overruns | out 1022.1k pps 390 kbps/client, 7800 Mbps | in 505.5k pps 10 kbps/client | stand-ins: repeated 3.82% frozen 0.50%, 123426 late inputs | per client-tick: 1817 B (near 172 B, 100% deltas), near 28.5 mid 78.3 far 66.5, far skipped 0 starved 0 | input wait p50 74.8 p99 183.4 ms | 0 joins deferred | kernel drops rcv 0 snd 0
         p50/p99 ms: ingress 2.35/5.81  events 4.57/10.15  movement 0.43/0.74  grid 0.58/0.65  history 0.02/0.02  serialize 0.29/0.42  assembly 7.69/10.35  transport 4.51/5.05  egress 9.35/65.38
[  245s] clients 13991 | level 0 (0-0 in window: 30 Hz, dilation 1.0), pace 1.00, 0.0% clients bandwidth-degraded | tick p50 14.82 p99 41.39 max 94.59 ms, 2 overruns | out 829.9k pps 420 kbps/client, 6057 Mbps | in 8.4k pps 0 kbps/client | stand-ins: repeated 1.34% frozen 96.12%, 0 late inputs | per client-tick: 1706 B (near 277 B, 21% deltas), near 20.8 mid 60.6 far 64.6, far skipped 0 starved 0 | input wait p50 93.2 p99 151.6 ms | 0 joins deferred | kernel drops rcv 0 snd 0
         p50/p99 ms: ingress 0.27/3.45  events 0.00/4.41  movement 0.18/0.46  grid 0.63/0.69  history 0.02/0.02  serialize 0.26/0.30  assembly 4.48/4.97  transport 3.08/3.36  egress 5.86/9.36
[  246s] clients 0 | level 0 (0-0 in window: 30 Hz, dilation 1.0), pace 1.00, 0.0% clients bandwidth-degraded | tick p50 28.55 p99 47.93 max 47.93 ms, 1 overruns | out 198.5k pps 304 kbps/client, 1240 Mbps | in 0.0k pps 0 kbps/client | stand-ins: repeated 0.00% frozen 100.00%, 0 late inputs | per client-tick: 1311 B (near 210 B, 0% deltas), near 14.1 mid 41.6 far 53.8, far skipped 0 starved 0 | input wait p50 0.0 p99 0.0 ms | 0 joins deferred | kernel drops rcv 0 snd 0
         p50/p99 ms: ingress 3.29/9.13  events 10.96/35.82  movement 0.36/0.39  grid 0.25/0.69  history 0.02/0.02  serialize 0.24/0.24  assembly 0.66/3.35  transport 0.64/2.60  egress 0.79/7.02

== summary: 6898 steady-state ticks (after warmup, before clients drain), peak 20000 clients ==
  phase        p50 ms   p99 ms   max ms
  ingress        1.91     4.56     6.88
  events         3.34     8.48    12.31
  movement       0.35     0.61     1.02
  grid           0.43     0.67     0.77
  history        0.01     0.02     0.10
  serialize      0.21     0.39     1.14
  assembly       3.37    10.24    11.89
  transport      2.28     4.89     5.33
  egress         3.48    42.66   118.19
  tick          15.52    68.34   137.10
  overruns 445 | spawns 20000 despawns 20000 (0 joins deferred) | stand-ins: repeated 876131 frozen 2211175 | late inputs 973841 discarded 3 | bad messages 0 | recv errors 0 send errors 0
  egress (whole run): 148657455 datagrams in 148657455 sends (1.00 per send), 849714 syscalls
  ticks per ladder level (whole run): L0: 7156
  input wait on the server (datagram arrival -> applied): p50 52.8 p99 169.5 max 561.4 mean 58.8 ms
  steady state: stand-ins repeated 847403 frozen 135406 | late inputs 973841 discarded 3
