spawn=uniform
egress=sendmmsg
ladder=off
threads=64
shards=64
peak_clients=20000
steady_ticks=6898
steady_secs=237.0
ingress_p50_ms=1.91
ingress_p99_ms=4.56
ingress_max_ms=6.88
events_p50_ms=3.34
events_p99_ms=8.48
events_max_ms=12.31
movement_p50_ms=0.35
movement_p99_ms=0.61
movement_max_ms=1.02
grid_p50_ms=0.43
grid_p99_ms=0.67
grid_max_ms=0.77
history_p50_ms=0.01
history_p99_ms=0.02
history_max_ms=0.10
serialize_p50_ms=0.21
serialize_p99_ms=0.39
serialize_max_ms=1.14
assembly_p50_ms=3.37
assembly_p99_ms=10.24
assembly_max_ms=11.89
transport_p50_ms=2.28
transport_p99_ms=4.89
transport_max_ms=5.33
egress_p50_ms=3.48
egress_p99_ms=42.66
egress_max_ms=118.19
tick_p50_ms=15.52
tick_p99_ms=68.34
tick_max_ms=137.10
steady_overruns=445
level_mode=0
tick_hz=30
dilation=1
levels=L0:6898
clients_avg=11565
out_pps=609691
in_pps=331881
egress_mbps=4269.5
packets_per_client_tick=1.81
wire_bytes_per_client_tick=1585
down_kbps_per_client=369.2
up_kbps_per_client=11.5
kernel_rcvbuf_drops=327246
kernel_sndbuf_drops=0
snapshot_bytes_per_client_tick=1524
near_bytes_per_client_tick=133
near_per_client_tick=22.0
mid_per_client_tick=60.9
far_per_client_tick=60.9
far_skipped=0
far_starved=0
repeated=847403
frozen=135406
late_inputs=973841
discarded_inputs=3
input_wait_p50_ms=52.8
input_wait_p99_ms=169.5
spawns=20000
despawns=20000
joins_deferred=0
bad_messages=0
recv_errors=0
send_errors=0
datagrams=148657455
sends=148657455
send_syscalls=849714
