warning: use of deprecated method `std::sync::atomic::Atomic::<usize>::fetch_update`: renamed to `try_update` for consistency
   --> src/server.rs:140:14
    |
140 |             .fetch_update(Ordering::AcqRel, Ordering::Acquire, |n| (n < self.max_clients).then_some(n + 1))
    |              ^^^^^^^^^^^^
    |
    = note: `#[warn(deprecated)]` on by default
help: replace the use of the deprecated method
    |
140 -             .fetch_update(Ordering::AcqRel, Ordering::Acquire, |n| (n < self.max_clients).then_some(n + 1))
140 +             .try_update(Ordering::AcqRel, Ordering::Acquire, |n| (n < self.max_clients).then_some(n + 1))
    |

== blob, 3000 bots, 60s -> baselines/2026-10-04-scaleway-8t/blob-3k-sendmmsg-2
== summary: 1708 steady-state ticks (after warmup, before clients drain), peak 3000 clients ==
  phase        p50 ms   p99 ms   max ms
  ingress        0.90     0.95     0.97
  events         0.69     0.75     0.91
  movement       0.11     0.13     0.15
  grid           0.13     0.14     0.15
  history        0.00     0.01     0.01
  serialize      0.09     0.12     0.13
  assembly       9.02     9.38     9.72
  transport      3.80     4.48     4.86
  egress         3.92     4.06     4.34
  tick          18.69    19.42    19.68
  overruns 0 | spawns 3000 despawns 3000 (6555 joins deferred) | stand-ins: repeated 0 frozen 0 | late inputs 0 discarded 0 | bad messages 0 | recv errors 0 send errors 0
  egress (whole run): 10753040 datagrams in 10753040 sends (1.00 per send), 115235 syscalls
  ticks per ladder level (whole run): L0: 1820
  input wait on the server (datagram arrival -> applied): p50 49.8 p99 66.2 max 70.7 mean 49.8 ms
  steady state: stand-ins repeated 0 frozen 0 | late inputs 0 discarded 0
== bots summary ==
  started 3000 welcomed 3000 failed 0
  join latency ms: p50 345 p99 726 max 798 (n=3000)
  corrections 0 (0.00/bot-minute), mean error 0.000 m, max 0.000 m
  snapshots 5366061 (entities per snapshot: near 64.0 mid 86.0 far 0.0), stale 0, unmatched acks 0, resyncs 0
  input -> applied on server (est. RTT/2 + server wait): p50 58.0 p99 75.0 max 80.0 mean 58.6 ms (n=5365033)
    of which server wait (arrival -> applied): p50 49.8 p99 66.2 max 70.7 mean 49.8 ms (n=5365033)
  input -> seen acked (round trip): p50 67.0 p99 100.0 max 100.0 mean 83.3 ms (n=5365033)
  near entity update interval (tracked bots): p50 66.0 p99 66.0 max 133.0 mean 53.3 ms (n=17154466)
  mid entity update interval (tracked bots): p50 100.0 p99 100.0 max 59800.0 mean 153.6 ms (n=22958749)
  far entity update interval (tracked bots): p50 0.0 p99 0.0 max 0.0 mean 0.0 ms (n=0)
  input clock: 3064 extra inputs, 59 skipped ticks, 0 backlog skips | near decode errors (tracked bots) 0
  bytes down 7591.0 MB up 268.5 MB | swarm busy 5% of its threads' time, tick overruns 0
