spawn=blob
egress=sendmmsg
ladder=on
threads=8
shards=64
peak_clients=3000
steady_ticks=1708
steady_secs=56.9
ingress_p50_ms=0.90
ingress_p99_ms=0.95
ingress_max_ms=0.97
events_p50_ms=0.69
events_p99_ms=0.75
events_max_ms=0.91
movement_p50_ms=0.11
movement_p99_ms=0.13
movement_max_ms=0.15
grid_p50_ms=0.13
grid_p99_ms=0.14
grid_max_ms=0.15
history_p50_ms=0.00
history_p99_ms=0.01
history_max_ms=0.01
serialize_p50_ms=0.09
serialize_p99_ms=0.12
serialize_max_ms=0.13
assembly_p50_ms=9.02
assembly_p99_ms=9.38
assembly_max_ms=9.72
transport_p50_ms=3.80
transport_p99_ms=4.48
transport_max_ms=4.86
egress_p50_ms=3.92
egress_p99_ms=4.06
egress_max_ms=4.34
tick_p50_ms=18.69
tick_p99_ms=19.42
tick_max_ms=19.68
steady_overruns=0
level_mode=0
tick_hz=30
dilation=1
levels=L0:1708
clients_avg=3000
out_pps=180046
in_pps=90100
egress_mbps=1017.5
packets_per_client_tick=2.00
wire_bytes_per_client_tick=1413
down_kbps_per_client=339.2
up_kbps_per_client=12.0
kernel_rcvbuf_drops=0
kernel_sndbuf_drops=0
snapshot_bytes_per_client_tick=1348
near_bytes_per_client_tick=356
near_per_client_tick=64.0
mid_per_client_tick=86.0
far_per_client_tick=0.0
far_skipped=0
far_starved=0
repeated=0
frozen=0
late_inputs=0
discarded_inputs=0
input_wait_p50_ms=49.8
input_wait_p99_ms=66.2
spawns=3000
despawns=3000
joins_deferred=6555
bad_messages=0
recv_errors=0
send_errors=0
datagrams=10753040
sends=10753040
send_syscalls=115235
