preallocated connections for 10000 clients in 220.379038ms
listening on 172.16.8.2:40500 | spawn Blob | tiers near 64@150 m, mid 500 m, far 1500 m, budget 6250 B/tick, squads of 4 | 8 rayon threads, 64 shards, 256 accepts/tick, egress SendMmsg | socket buffers rcv 32768 KiB snd 32768 KiB
[    5s] clients 3000 | level 0 (0-0 in window: 30 Hz, dilation 1.0), pace 1.00, 0.0% clients bandwidth-degraded | tick p50 18.30 p99 19.48 max 19.58 ms, 0 overruns | out 149.6k pps 344 kbps/client, 848 Mbps | in 76.3k pps 14 kbps/client | stand-ins: repeated 0.00% frozen 0.00%, 0 late inputs | per client-tick: 1362 B (near 371 B, 97% deltas), near 64.0 mid 86.0 far 0.0, far skipped 0 starved 0 | input wait p50 50.2 p99 66.3 ms | 6555 joins deferred | kernel drops rcv 0 snd 0
         p50/p99 ms: ingress 0.86/2.63  events 0.68/2.26  movement 0.10/0.13  grid 0.13/0.17  history 0.00/0.02  serialize 0.08/0.14  assembly 8.91/9.31  transport 3.60/4.28  egress 3.88/4.03
[   10s] clients 3000 | level 0 (0-0 in window: 30 Hz, dilation 1.0), pace 1.00, 0.0% clients bandwidth-degraded | tick p50 18.54 p99 19.65 max 19.65 ms, 0 overruns | out 180.0k pps 339 kbps/client, 1018 Mbps | in 90.0k pps 12 kbps/client | stand-ins: repeated 0.00% frozen 0.00%, 0 late inputs | per client-tick: 1348 B (near 356 B, 99% deltas), near 64.0 mid 86.0 far 0.0, far skipped 0 starved 0 | input wait p50 49.8 p99 66.1 ms | 0 joins deferred | kernel drops rcv 0 snd 0
         p50/p99 ms: ingress 0.89/0.95  events 0.69/0.88  movement 0.11/0.12  grid 0.12/0.15  history 0.00/0.00  serialize 0.09/0.11  assembly 8.96/9.52  transport 3.73/4.43  egress 3.90/4.10
[   15s] clients 3000 | level 0 (0-0 in window: 30 Hz, dilation 1.0), pace 1.00, 0.0% clients bandwidth-degraded | tick p50 18.66 p99 19.58 max 19.60 ms, 0 overruns | out 180.0k pps 339 kbps/client, 1017 Mbps | in 90.0k pps 12 kbps/client | stand-ins: repeated 0.00% frozen 0.00%, 0 late inputs | per client-tick: 1348 B (near 356 B, 99% deltas), near 64.0 mid 86.0 far 0.0, far skipped 0 starved 0 | input wait p50 49.8 p99 66.0 ms | 0 joins deferred | kernel drops rcv 0 snd 0
         p50/p99 ms: ingress 0.90/0.95  events 0.69/0.80  movement 0.11/0.12  grid 0.12/0.14  history 0.00/0.00  serialize 0.09/0.11  assembly 9.00/9.40  transport 3.81/4.53  egress 3.91/4.06
[   20s] clients 3000 | level 0 (0-0 in window: 30 Hz, dilation 1.0), pace 1.00, 0.0% clients bandwidth-degraded | tick p50 18.72 p99 19.27 max 19.28 ms, 0 overruns | out 180.0k pps 339 kbps/client, 1017 Mbps | in 90.0k pps 12 kbps/client | stand-ins: repeated 0.00% frozen 0.00%, 0 late inputs | per client-tick: 1348 B (near 356 B, 99% deltas), near 64.0 mid 86.0 far 0.0, far skipped 0 starved 0 | input wait p50 49.8 p99 66.1 ms | 0 joins deferred | kernel drops rcv 0 snd 0
         p50/p99 ms: ingress 0.90/0.96  events 0.69/0.72  movement 0.11/0.12  grid 0.13/0.14  history 0.00/0.01  serialize 0.09/0.13  assembly 9.04/9.32  transport 3.82/4.46  egress 3.92/4.06
[   25s] clients 3000 | level 0 (0-0 in window: 30 Hz, dilation 1.0), pace 1.00, 0.0% clients bandwidth-degraded | tick p50 18.78 p99 19.48 max 19.60 ms, 0 overruns | out 180.0k pps 339 kbps/client, 1017 Mbps | in 90.0k pps 12 kbps/client | stand-ins: repeated 0.00% frozen 0.00%, 0 late inputs | per client-tick: 1347 B (near 355 B, 99% deltas), near 64.0 mid 86.0 far 0.0, far skipped 0 starved 0 | input wait p50 49.8 p99 66.2 ms | 0 joins deferred | kernel drops rcv 0 snd 0
         p50/p99 ms: ingress 0.90/0.94  events 0.69/0.72  movement 0.11/0.13  grid 0.13/0.14  history 0.00/0.01  serialize 0.09/0.12  assembly 9.07/9.38  transport 3.81/4.48  egress 3.94/4.05
[   30s] clients 3000 | level 0 (0-0 in window: 30 Hz, dilation 1.0), pace 1.00, 0.0% clients bandwidth-degraded | tick p50 18.74 p99 19.42 max 19.57 ms, 0 overruns | out 180.0k pps 339 kbps/client, 1017 Mbps | in 90.0k pps 12 kbps/client | stand-ins: repeated 0.00% frozen 0.00%, 0 late inputs | per client-tick: 1348 B (near 356 B, 99% deltas), near 64.0 mid 86.0 far 0.0, far skipped 0 starved 0 | input wait p50 49.8 p99 66.2 ms | 0 joins deferred | kernel drops rcv 0 snd 0
         p50/p99 ms: ingress 0.91/0.95  events 0.69/0.73  movement 0.11/0.13  grid 0.13/0.14  history 0.00/0.01  serialize 0.09/0.12  assembly 9.06/9.38  transport 3.80/4.47  egress 3.96/4.12
[   35s] clients 3000 | level 0 (0-0 in window: 30 Hz, dilation 1.0), pace 1.00, 0.0% clients bandwidth-degraded | tick p50 18.67 p99 19.37 max 19.43 ms, 0 overruns | out 180.0k pps 339 kbps/client, 1017 Mbps | in 90.0k pps 12 kbps/client | stand-ins: repeated 0.00% frozen 0.00%, 0 late inputs | per client-tick: 1348 B (near 356 B, 99% deltas), near 64.0 mid 86.0 far 0.0, far skipped 0 starved 0 | input wait p50 49.7 p99 66.3 ms | 0 joins deferred | kernel drops rcv 0 snd 0
         p50/p99 ms: ingress 0.90/0.94  events 0.70/0.75  movement 0.11/0.12  grid 0.12/0.14  history 0.00/0.00  serialize 0.09/0.12  assembly 9.02/9.31  transport 3.76/4.43  egress 3.92/4.09
[   40s] clients 3000 | level 0 (0-0 in window: 30 Hz, dilation 1.0), pace 1.00, 0.0% clients bandwidth-degraded | tick p50 18.56 p99 19.39 max 19.42 ms, 0 overruns | out 180.0k pps 339 kbps/client, 1017 Mbps | in 90.0k pps 12 kbps/client | stand-ins: repeated 0.00% frozen 0.00%, 0 late inputs | per client-tick: 1348 B (near 356 B, 99% deltas), near 64.0 mid 86.0 far 0.0, far skipped 0 starved 0 | input wait p50 49.7 p99 66.3 ms | 0 joins deferred | kernel drops rcv 0 snd 0
         p50/p99 ms: ingress 0.90/0.96  events 0.70/0.88  movement 0.11/0.13  grid 0.13/0.14  history 0.00/0.00  serialize 0.09/0.12  assembly 8.98/9.31  transport 3.74/4.39  egress 3.87/4.06
[   45s] clients 3000 | level 0 (0-0 in window: 30 Hz, dilation 1.0), pace 1.00, 0.0% clients bandwidth-degraded | tick p50 18.72 p99 19.43 max 19.68 ms, 0 overruns | out 180.0k pps 339 kbps/client, 1017 Mbps | in 90.0k pps 12 kbps/client | stand-ins: repeated 0.00% frozen 0.00%, 0 late inputs | per client-tick: 1347 B (near 355 B, 99% deltas), near 64.0 mid 86.0 far 0.0, far skipped 0 starved 0 | input wait p50 49.7 p99 66.3 ms | 0 joins deferred | kernel drops rcv 0 snd 0
         p50/p99 ms: ingress 0.90/0.95  events 0.69/0.73  movement 0.11/0.14  grid 0.13/0.14  history 0.00/0.00  serialize 0.09/0.11  assembly 9.01/9.38  transport 3.83/4.58  egress 3.94/4.10
[   50s] clients 3000 | level 0 (0-0 in window: 30 Hz, dilation 1.0), pace 1.00, 0.0% clients bandwidth-degraded | tick p50 18.73 p99 19.42 max 19.54 ms, 0 overruns | out 180.0k pps 339 kbps/client, 1017 Mbps | in 90.0k pps 12 kbps/client | stand-ins: repeated 0.00% frozen 0.00%, 0 late inputs | per client-tick: 1348 B (near 356 B, 99% deltas), near 64.0 mid 86.0 far 0.0, far skipped 0 starved 0 | input wait p50 49.7 p99 66.3 ms | 0 joins deferred | kernel drops rcv 0 snd 0
         p50/p99 ms: ingress 0.90/0.95  events 0.69/0.74  movement 0.11/0.14  grid 0.12/0.14  history 0.00/0.01  serialize 0.09/0.12  assembly 9.02/9.35  transport 3.84/4.61  egress 3.92/4.05
[   55s] clients 3000 | level 0 (0-0 in window: 30 Hz, dilation 1.0), pace 1.00, 0.0% clients bandwidth-degraded | tick p50 18.68 p99 19.36 max 19.41 ms, 0 overruns | out 180.0k pps 339 kbps/client, 1017 Mbps | in 90.0k pps 12 kbps/client | stand-ins: repeated 0.00% frozen 0.00%, 0 late inputs | per client-tick: 1348 B (near 356 B, 99% deltas), near 64.0 mid 86.0 far 0.0, far skipped 0 starved 0 | input wait p50 49.7 p99 66.3 ms | 0 joins deferred | kernel drops rcv 0 snd 0
         p50/p99 ms: ingress 0.90/0.96  events 0.70/0.73  movement 0.11/0.12  grid 0.12/0.13  history 0.00/0.00  serialize 0.09/0.12  assembly 9.04/9.35  transport 3.79/4.38  egress 3.91/4.07
[   60s] clients 3000 | level 0 (0-0 in window: 30 Hz, dilation 1.0), pace 1.00, 0.0% clients bandwidth-degraded | tick p50 18.81 p99 19.45 max 19.48 ms, 0 overruns | out 180.0k pps 339 kbps/client, 1017 Mbps | in 90.0k pps 12 kbps/client | stand-ins: repeated 0.00% frozen 0.00%, 0 late inputs | per client-tick: 1348 B (near 356 B, 99% deltas), near 64.0 mid 86.0 far 0.0, far skipped 0 starved 0 | input wait p50 49.7 p99 66.3 ms | 0 joins deferred | kernel drops rcv 0 snd 0
         p50/p99 ms: ingress 0.90/0.94  events 0.69/0.73  movement 0.11/0.12  grid 0.13/0.14  history 0.00/0.00  serialize 0.09/0.12  assembly 9.07/9.44  transport 3.83/4.56  egress 3.93/4.05
[   61s] clients 0 | level 0 (0-0 in window: 30 Hz, dilation 1.0), pace 1.00, 0.0% clients bandwidth-degraded | tick p50 18.73 p99 19.08 max 19.08 ms, 0 overruns | out 159.1k pps 353 kbps/client, 899 Mbps | in 97.1k pps 13 kbps/client | stand-ins: repeated 0.00% frozen 0.00%, 0 late inputs | per client-tick: 1346 B (near 356 B, 99% deltas), near 63.9 mid 85.9 far 0.0, far skipped 0 starved 0 | input wait p50 49.8 p99 66.3 ms | 0 joins deferred | kernel drops rcv 0 snd 0
         p50/p99 ms: ingress 0.91/2.74  events 0.69/8.60  movement 0.11/0.12  grid 0.13/0.13  history 0.00/0.00  serialize 0.09/0.11  assembly 9.04/9.28  transport 3.77/4.03  egress 3.91/3.99

== summary: 1708 steady-state ticks (after warmup, before clients drain), peak 3000 clients ==
  phase        p50 ms   p99 ms   max ms
  ingress        0.90     0.95     0.97
  events         0.69     0.75     0.91
  movement       0.11     0.13     0.15
  grid           0.13     0.14     0.15
  history        0.00     0.01     0.01
  serialize      0.09     0.12     0.13
  assembly       9.02     9.38     9.72
  transport      3.80     4.48     4.86
  egress         3.92     4.06     4.34
  tick          18.69    19.42    19.68
  overruns 0 | spawns 3000 despawns 3000 (6555 joins deferred) | stand-ins: repeated 0 frozen 0 | late inputs 0 discarded 0 | bad messages 0 | recv errors 0 send errors 0
  egress (whole run): 10753040 datagrams in 10753040 sends (1.00 per send), 115235 syscalls
  ticks per ladder level (whole run): L0: 1820
  input wait on the server (datagram arrival -> applied): p50 49.8 p99 66.2 max 70.7 mean 49.8 ms
  steady state: stand-ins repeated 0 frozen 0 | late inputs 0 discarded 0
