started=10000
welcomed=10000
failed=0
join_p50_ms=856
join_p99_ms=1668
join_max_ms=2068
corrections=3007
corrections_per_bot_minute=0.301
correction_max_m=1.674
push_corrections=194023
push_corrections_per_bot_minute=19.402
push_max_m=0.769
snapshots=12632318
near_per_snapshot=28.1
mid_per_snapshot=48.1
far_per_snapshot=50.0
stale_snapshots=0
resyncs=62
input_applied_p50_ms=75.0
input_applied_p99_ms=93.0
input_applied_mean_ms=74.7
server_wait_p50_ms=50.7
server_wait_p99_ms=69.0
server_wait_mean_ms=50.7
round_trip_p50_ms=100.0
round_trip_p99_ms=133.0
round_trip_mean_ms=115.7
slot_work_p50_ms=0.6
slot_work_p99_ms=3.7
slot_work_mean_ms=1.1
slot_late_p50_ms=0.0
slot_late_p99_ms=0.1
slot_late_mean_ms=0.0
near_interval_p50_ms=66.0
near_interval_p99_ms=266.0
near_interval_mean_ms=68.7
mid_interval_p50_ms=100.0
mid_interval_p99_ms=500.0
mid_interval_mean_ms=141.8
far_interval_p50_ms=500.0
far_interval_p99_ms=1500.0
far_interval_mean_ms=630.0
slot_late_max_ms=52.0
near_interpolated_pct=92.28
near_extrapolated_pct=7.29
near_held_pct=0.24
near_new_pct=0.19
near_pop_p50_mm=0
near_pop_p99_mm=227
mid_interpolated_pct=85.21
mid_extrapolated_pct=10.58
mid_held_pct=2.69
mid_new_pct=1.51
mid_pop_p50_mm=0
mid_pop_p99_mm=970
far_interpolated_pct=28.00
far_extrapolated_pct=54.85
far_held_pct=14.86
far_new_pct=2.28
far_pop_p50_mm=942
far_pop_p99_mm=9009
render_delay_ms=129.7
render_snaps=0
shots_seen=0
activity_cells=0
activity_shots=0
ambient=0
streak_frames_per_million=28236
clock_slewing_pct=15.85
delay_changes=1323
render_backwards=0
clock_extra=32381
clock_skipped=16927
backlog_skips=0
near_decode_errors=0
bytes_down_mb=17666.5
bytes_up_mb=1116.7
swarm_busy_pct=27
swarm_overruns=392
