preallocated connections for 10000 clients in 253.310866ms
listening on 172.31.17.93:40500 | spawn Blob | tiers near 64@150 m, mid 500 m, far 1500 m, budget 6250 B/tick, squads of 4 | 64 rayon threads, 64 shards, 1 socket(s), 256 accepts/tick, egress SendMmsg, ingress RecvMmsg | socket buffers rcv 32768 KiB snd 32768 KiB
[    5s] clients 10000 | level 0 (0-0 in window: 30 Hz, dilation 1.0), pace 1.00, 0.0% clients bandwidth-degraded | tick p50 16.75 p99 19.06 max 19.27 ms, 0 overruns | out 322.2k pps 334 kbps/client, 2323 Mbps | in 215.5k pps 19 kbps/client, 57.7 per recv, receive thread busy 22% | stand-ins: repeated 0.47% frozen 0.37%, 8409 late inputs | per client-tick: 1333 B (near 223 B, 95% deltas), near 29.7 mid 49.1 far 46.0, far skipped 0 starved 0 | input wait p50 49.7 p99 70.5 ms | 50350 joins deferred | kernel drops rcv 0 snd 0
         p50/p99 ms: ingress 1.19/5.95  events 3.95/5.71  movement 0.96/1.34  grid 0.46/0.58  separate 0.56/0.86  history 0.03/0.14  shots 0.07/0.26  serialize 0.31/0.59  assembly 3.56/4.51  transport 1.91/2.41  egress 3.28/3.85
[   10s] clients 10000 | level 0 (0-0 in window: 30 Hz, dilation 1.0), pace 1.00, 0.0% clients bandwidth-degraded | tick p50 17.11 p99 18.44 max 18.52 ms, 0 overruns | out 452.5k pps 335 kbps/client, 3347 Mbps | in 299.7k pps 15 kbps/client, 58.8 per recv, receive thread busy 30% | stand-ins: repeated 0.00% frozen 0.00%, 0 late inputs | per client-tick: 1342 B (near 200 B, 99% deltas), near 27.9 mid 47.8 far 50.0, far skipped 0 starved 0 | input wait p50 50.6 p99 68.8 ms | 0 joins deferred | kernel drops rcv 0 snd 0
         p50/p99 ms: ingress 1.18/2.44  events 4.05/4.97  movement 1.03/1.25  grid 0.48/0.61  separate 0.57/0.96  history 0.03/0.06  shots 0.07/0.27  serialize 0.31/0.61  assembly 3.71/4.53  transport 2.04/2.35  egress 3.48/4.15
[   15s] clients 10000 | level 0 (0-0 in window: 30 Hz, dilation 1.0), pace 1.00, 0.0% clients bandwidth-degraded | tick p50 17.21 p99 18.86 max 19.14 ms, 0 overruns | out 452.4k pps 335 kbps/client, 3347 Mbps | in 299.7k pps 15 kbps/client, 58.8 per recv, receive thread busy 30% | stand-ins: repeated 0.00% frozen 0.00%, 0 late inputs | per client-tick: 1342 B (near 200 B, 99% deltas), near 27.9 mid 47.8 far 50.1, far skipped 0 starved 0 | input wait p50 50.7 p99 68.8 ms | 0 joins deferred | kernel drops rcv 0 snd 0
         p50/p99 ms: ingress 1.19/2.40  events 4.07/5.46  movement 1.03/1.30  grid 0.48/0.59  separate 0.57/0.95  history 0.03/0.05  shots 0.07/0.28  serialize 0.32/0.56  assembly 3.72/4.43  transport 2.02/2.33  egress 3.48/4.11
[   20s] clients 10000 | level 0 (0-0 in window: 30 Hz, dilation 1.0), pace 1.00, 0.0% clients bandwidth-degraded | tick p50 17.09 p99 18.99 max 19.33 ms, 0 overruns | out 452.2k pps 335 kbps/client, 3347 Mbps | in 299.7k pps 15 kbps/client, 58.9 per recv, receive thread busy 29% | stand-ins: repeated 0.00% frozen 0.00%, 0 late inputs | per client-tick: 1342 B (near 200 B, 99% deltas), near 27.9 mid 47.8 far 50.1, far skipped 0 starved 0 | input wait p50 50.7 p99 68.8 ms | 0 joins deferred | kernel drops rcv 0 snd 0
         p50/p99 ms: ingress 1.20/2.43  events 4.02/5.19  movement 1.04/1.33  grid 0.48/0.57  separate 0.57/0.84  history 0.03/0.04  shots 0.07/0.28  serialize 0.32/0.42  assembly 3.73/4.31  transport 2.01/2.31  egress 3.46/4.20
[   25s] clients 10000 | level 0 (0-0 in window: 30 Hz, dilation 1.0), pace 1.00, 0.0% clients bandwidth-degraded | tick p50 17.21 p99 19.14 max 19.22 ms, 0 overruns | out 452.1k pps 335 kbps/client, 3347 Mbps | in 299.7k pps 15 kbps/client, 59.0 per recv, receive thread busy 30% | stand-ins: repeated 0.00% frozen 0.00%, 0 late inputs | per client-tick: 1342 B (near 200 B, 99% deltas), near 27.9 mid 47.8 far 50.0, far skipped 0 starved 0 | input wait p50 50.7 p99 68.9 ms | 0 joins deferred | kernel drops rcv 0 snd 0
         p50/p99 ms: ingress 1.19/2.38  events 4.04/5.04  movement 1.02/1.20  grid 0.48/0.60  separate 0.59/1.05  history 0.03/0.06  shots 0.07/0.26  serialize 0.31/0.38  assembly 3.74/4.40  transport 2.05/2.44  egress 3.51/4.31
[   30s] clients 10000 | level 0 (0-0 in window: 30 Hz, dilation 1.0), pace 1.00, 0.0% clients bandwidth-degraded | tick p50 17.20 p99 18.75 max 18.75 ms, 0 overruns | out 452.2k pps 335 kbps/client, 3347 Mbps | in 299.7k pps 15 kbps/client, 58.9 per recv, receive thread busy 29% | stand-ins: repeated 0.00% frozen 0.00%, 0 late inputs | per client-tick: 1342 B (near 200 B, 99% deltas), near 27.9 mid 47.8 far 50.0, far skipped 0 starved 0 | input wait p50 50.8 p99 68.9 ms | 0 joins deferred | kernel drops rcv 0 snd 0
         p50/p99 ms: ingress 1.19/2.34  events 4.05/5.55  movement 1.03/1.18  grid 0.47/0.60  separate 0.58/0.84  history 0.03/0.05  shots 0.07/0.27  serialize 0.31/0.63  assembly 3.72/4.69  transport 2.04/2.37  egress 3.49/4.00
[   35s] clients 10000 | level 0 (0-0 in window: 30 Hz, dilation 1.0), pace 1.00, 0.0% clients bandwidth-degraded | tick p50 17.23 p99 18.84 max 19.20 ms, 0 overruns | out 452.4k pps 335 kbps/client, 3347 Mbps | in 299.7k pps 15 kbps/client, 58.8 per recv, receive thread busy 30% | stand-ins: repeated 0.00% frozen 0.00%, 0 late inputs | per client-tick: 1342 B (near 201 B, 99% deltas), near 27.9 mid 47.8 far 50.0, far skipped 0 starved 0 | input wait p50 50.8 p99 69.0 ms | 0 joins deferred | kernel drops rcv 0 snd 0
         p50/p99 ms: ingress 1.18/2.31  events 4.06/5.73  movement 1.02/1.20  grid 0.48/0.61  separate 0.57/0.80  history 0.03/0.05  shots 0.07/0.27  serialize 0.31/0.52  assembly 3.70/4.89  transport 2.03/2.38  egress 3.49/4.22
[   40s] clients 10000 | level 0 (0-0 in window: 30 Hz, dilation 1.0), pace 1.00, 0.0% clients bandwidth-degraded | tick p50 17.06 p99 18.39 max 18.68 ms, 0 overruns | out 452.6k pps 335 kbps/client, 3347 Mbps | in 299.7k pps 15 kbps/client, 59.0 per recv, receive thread busy 29% | stand-ins: repeated 0.00% frozen 0.00%, 0 late inputs | per client-tick: 1342 B (near 200 B, 99% deltas), near 27.9 mid 47.8 far 50.0, far skipped 0 starved 0 | input wait p50 50.7 p99 69.0 ms | 0 joins deferred | kernel drops rcv 0 snd 0
         p50/p99 ms: ingress 1.17/2.42  events 4.02/5.04  movement 1.01/1.21  grid 0.47/0.58  separate 0.57/0.98  history 0.03/0.06  shots 0.07/0.33  serialize 0.31/0.56  assembly 3.73/4.35  transport 2.02/2.27  egress 3.46/4.09
[   45s] clients 10000 | level 0 (0-0 in window: 30 Hz, dilation 1.0), pace 1.00, 0.0% clients bandwidth-degraded | tick p50 17.10 p99 18.76 max 19.07 ms, 0 overruns | out 452.6k pps 335 kbps/client, 3346 Mbps | in 299.7k pps 15 kbps/client, 58.7 per recv, receive thread busy 29% | stand-ins: repeated 0.00% frozen 0.00%, 0 late inputs | per client-tick: 1342 B (near 200 B, 99% deltas), near 27.9 mid 47.8 far 50.0, far skipped 0 starved 0 | input wait p50 50.7 p99 69.0 ms | 0 joins deferred | kernel drops rcv 0 snd 0
         p50/p99 ms: ingress 1.19/2.30  events 4.04/5.31  movement 1.02/1.23  grid 0.48/0.56  separate 0.57/0.80  history 0.03/0.06  shots 0.07/0.28  serialize 0.30/0.38  assembly 3.73/4.43  transport 2.01/2.35  egress 3.46/3.96
[   50s] clients 10000 | level 0 (0-0 in window: 30 Hz, dilation 1.0), pace 1.00, 0.0% clients bandwidth-degraded | tick p50 17.13 p99 19.33 max 20.52 ms, 0 overruns | out 452.3k pps 334 kbps/client, 3345 Mbps | in 299.7k pps 15 kbps/client, 59.0 per recv, receive thread busy 30% | stand-ins: repeated 0.00% frozen 0.00%, 0 late inputs | per client-tick: 1342 B (near 201 B, 99% deltas), near 27.9 mid 47.8 far 50.0, far skipped 0 starved 0 | input wait p50 50.7 p99 69.0 ms | 0 joins deferred | kernel drops rcv 0 snd 0
         p50/p99 ms: ingress 1.18/2.44  events 4.07/5.49  movement 1.03/1.23  grid 0.48/0.62  separate 0.58/0.93  history 0.03/0.06  shots 0.07/0.27  serialize 0.31/0.44  assembly 3.71/4.86  transport 2.01/2.34  egress 3.49/4.19
[   55s] clients 10000 | level 0 (0-0 in window: 30 Hz, dilation 1.0), pace 1.00, 0.0% clients bandwidth-degraded | tick p50 17.11 p99 19.36 max 19.42 ms, 0 overruns | out 452.6k pps 335 kbps/client, 3348 Mbps | in 299.7k pps 15 kbps/client, 59.1 per recv, receive thread busy 29% | stand-ins: repeated 0.00% frozen 0.00%, 0 late inputs | per client-tick: 1342 B (near 201 B, 99% deltas), near 27.9 mid 47.8 far 50.0, far skipped 0 starved 0 | input wait p50 50.7 p99 69.0 ms | 0 joins deferred | kernel drops rcv 0 snd 0
         p50/p99 ms: ingress 1.18/2.39  events 4.06/5.00  movement 1.01/1.24  grid 0.48/0.59  separate 0.57/1.09  history 0.03/0.04  shots 0.07/0.27  serialize 0.32/0.56  assembly 3.72/4.67  transport 2.01/2.35  egress 3.47/4.34
[   60s] clients 10000 | level 0 (0-0 in window: 30 Hz, dilation 1.0), pace 1.00, 0.0% clients bandwidth-degraded | tick p50 17.24 p99 19.57 max 20.87 ms, 0 overruns | out 452.2k pps 335 kbps/client, 3345 Mbps | in 299.7k pps 15 kbps/client, 58.8 per recv, receive thread busy 29% | stand-ins: repeated 0.00% frozen 0.00%, 0 late inputs | per client-tick: 1342 B (near 200 B, 99% deltas), near 27.9 mid 47.8 far 50.0, far skipped 0 starved 0 | input wait p50 50.8 p99 69.0 ms | 0 joins deferred | kernel drops rcv 0 snd 0
         p50/p99 ms: ingress 1.19/2.42  events 4.09/5.65  movement 1.04/1.38  grid 0.48/0.60  separate 0.57/1.10  history 0.03/0.05  shots 0.07/0.28  serialize 0.32/0.56  assembly 3.71/4.73  transport 2.02/2.33  egress 3.46/3.95
[   65s] clients 5247 | level 0 (0-0 in window: 30 Hz, dilation 1.0), pace 1.00, 0.0% clients bandwidth-degraded | tick p50 8.56 p99 18.95 max 27.91 ms, 0 overruns | out 246.9k pps 298 kbps/client, 1741 Mbps | in 41.1k pps 3 kbps/client, 59.0 per recv, receive thread busy 4% | stand-ins: repeated 1.19% frozen 76.16%, 0 late inputs | per client-tick: 1188 B (near 309 B, 35% deltas), near 24.9 mid 40.4 far 33.6, far skipped 0 starved 0 | input wait p50 50.7 p99 69.0 ms | 0 joins deferred | kernel drops rcv 0 snd 0
         p50/p99 ms: ingress 0.49/1.44  events 0.00/4.32  movement 0.52/1.09  grid 0.53/0.59  separate 0.57/0.78  history 0.03/0.06  shots 0.14/0.29  serialize 0.32/0.44  assembly 1.60/4.22  transport 1.15/2.27  egress 3.11/3.86
[   66s] clients 0 | level 0 (0-0 in window: 30 Hz, dilation 1.0), pace 1.00, 0.0% clients bandwidth-degraded | tick p50 8.49 p99 18.79 max 18.79 ms, 0 overruns | out 200.9k pps 286 kbps/client, 1401 Mbps | in 0.0k pps 0 kbps/client, 0.0 per recv, receive thread busy 0% | stand-ins: repeated 0.00% frozen 100.00%, 0 late inputs | per client-tick: 1162 B (near 358 B, 0% deltas), near 24.1 mid 38.4 far 28.8, far skipped 0 starved 0 | input wait p50 0.0 p99 0.0 ms | 0 joins deferred | kernel drops rcv 0 snd 0
         p50/p99 ms: ingress 0.50/5.09  events 0.00/11.75  movement 0.52/0.66  grid 0.52/0.57  separate 0.55/0.77  history 0.03/0.05  shots 0.15/0.28  serialize 0.33/0.39  assembly 1.29/1.91  transport 1.05/1.36  egress 3.07/3.56

== summary: 1708 steady-state ticks (after warmup, before clients drain), peak 10000 clients ==
  phase        p50 ms   p99 ms   max ms
  ingress        1.18     2.40     2.66
  events         4.05     5.37     6.49
  movement       1.03     1.25     1.49
  grid           0.48     0.60     0.68
  separate       0.57     0.95     1.23
  history        0.03     0.05     0.06
  shots          0.07     0.27     0.42
  serialize      0.31     0.56     0.70
  assembly       3.72     4.55     5.43
  transport      2.02     2.34     2.51
  egress         3.48     4.15     5.16
  tick          17.15    18.86    20.87
  overruns 0 | spawns 10000 despawns 10000 (50350 joins deferred) | deaths 0 respawns 0 | stand-ins: repeated 15237 frozen 769656 | late inputs 8409 discarded 0 | bad messages 0 | recv errors 0 send errors 0
  egress (whole run): 27942127 datagrams in 27942127 sends (1.00 per send), 134496 syscalls
  ingress (whole run): 17821237 datagrams in 302979 receive calls (58.82 per call)
  ticks per ladder level (whole run): L0: 1976
  input wait on the server (datagram arrival -> applied): p50 50.7 p99 69.0 max 99.2 mean 50.6 ms
  steady state: stand-ins repeated 88 frozen 2 | late inputs 130 discarded 0
  rewind of near targets (applied step - the input's render step for that tier): p50 167 p99 266 max 282 mean 179.1 ms (n=17501087)
  rewind of mid/far targets (applied step - the input's render step for that tier): p50 300 p99 333 max 392 mean 309.1 ms (n=17501087)
  render times ahead of the server (bogus) 0
  shots 0 (late 0, refused 0, rewinds capped 0) | hits head 0 body 0 (after cover 0, too late 0), kills 0 | ground 0 cover 0 expired 0 | segments 0 candidates 0
