preallocated connections for 10000 clients in 250.242983ms
listening on 127.0.0.1:14500 | spawn Blob | tiers near 64@150 m, mid 500 m, far 1500 m, budget 6250 B/tick, squads of 4 | 8 rayon threads (keep awake on), 64 shards (send during assembly on), 1 socket(s), 256 accepts/tick, egress SendMmsg, ingress RecvMmsg | socket buffers rcv 8192 KiB snd 8192 KiB
WARNING: token key is the public dev key; anyone can mint tokens for this server (--token-key)
[    5s] clients 1000 | level 0 (0-0 in window: 30 Hz, dilation 1.0), pace 1.00, 0.0% clients bandwidth-degraded | tick p50 6.12 p99 9.30 max 9.75 ms, 0 overruns | out 55.1k pps 363 kbps/client, 328 Mbps | in 26.9k pps 16 kbps/client, 28.4 per recv, receive thread busy 4% | stand-ins: repeated 0.00% frozen 0.00%, 0 late inputs | per client-tick: 1436 B (near 361 B, 95% deltas), near 64.0 mid 85.8 far 0.0, far skipped 0 starved 0 | input wait p50 50.2 p99 67.3 ms | 170 joins deferred | kernel drops rcv 0 snd 0
         p50/p99 ms: ingress 0.65/0.97  events 0.00/2.20  movement 0.24/0.34  grid 0.23/0.30  separate 0.02/0.07  history 0.00/0.07  shots 0.15/0.32  serialize 0.07/0.15  assembly 4.39/5.34  transport 0.00/0.00  egress 0.03/0.07
[   10s] clients 1000 | level 0 (0-0 in window: 30 Hz, dilation 1.0), pace 1.00, 0.0% clients bandwidth-degraded | tick p50 6.33 p99 7.02 max 7.08 ms, 0 overruns | out 60.0k pps 365 kbps/client, 365 Mbps | in 30.0k pps 15 kbps/client, 29.9 per recv, receive thread busy 4% | stand-ins: repeated 0.00% frozen 0.00%, 0 late inputs | per client-tick: 1454 B (near 374 B, 95% deltas), near 64.0 mid 86.0 far 0.0, far skipped 0 starved 0 | input wait p50 50.4 p99 67.5 ms | 0 joins deferred | kernel drops rcv 0 snd 0
         p50/p99 ms: ingress 0.72/0.93  events 0.00/0.00  movement 0.25/0.36  grid 0.22/0.28  separate 0.03/0.05  history 0.00/0.00  shots 0.22/0.46  serialize 0.07/0.09  assembly 4.48/5.12  transport 0.00/0.00  egress 0.03/0.06
[   15s] clients 1000 | level 0 (0-0 in window: 30 Hz, dilation 1.0), pace 1.00, 0.0% clients bandwidth-degraded | tick p50 6.43 p99 7.02 max 7.14 ms, 0 overruns | out 60.0k pps 374 kbps/client, 374 Mbps | in 30.0k pps 16 kbps/client, 29.8 per recv, receive thread busy 4% | stand-ins: repeated 0.00% frozen 0.00%, 0 late inputs | per client-tick: 1492 B (near 397 B, 98% deltas), near 64.0 mid 86.0 far 0.0, far skipped 0 starved 0 | input wait p50 50.6 p99 67.5 ms | 0 joins deferred | kernel drops rcv 0 snd 0
         p50/p99 ms: ingress 0.70/1.05  events 0.00/0.00  movement 0.25/0.32  grid 0.23/0.29  separate 0.04/0.06  history 0.00/0.01  shots 0.33/0.53  serialize 0.07/0.10  assembly 4.50/4.96  transport 0.00/0.00  egress 0.03/0.05
[   20s] clients 1000 | level 0 (0-0 in window: 30 Hz, dilation 1.0), pace 1.00, 0.0% clients bandwidth-degraded | tick p50 6.44 p99 7.22 max 7.24 ms, 0 overruns | out 60.0k pps 370 kbps/client, 370 Mbps | in 30.0k pps 16 kbps/client, 29.8 per recv, receive thread busy 4% | stand-ins: repeated 0.00% frozen 0.00%, 0 late inputs | per client-tick: 1473 B (near 385 B, 98% deltas), near 64.0 mid 86.0 far 0.0, far skipped 0 starved 0 | input wait p50 50.6 p99 67.5 ms | 0 joins deferred | kernel drops rcv 0 snd 0
         p50/p99 ms: ingress 0.72/0.97  events 0.00/0.00  movement 0.25/0.30  grid 0.22/0.27  separate 0.04/0.05  history 0.00/0.00  shots 0.33/0.53  serialize 0.07/0.09  assembly 4.53/5.06  transport 0.00/0.00  egress 0.03/0.05
[   25s] clients 1000 | level 0 (0-0 in window: 30 Hz, dilation 1.0), pace 1.00, 0.0% clients bandwidth-degraded | tick p50 6.47 p99 7.05 max 7.43 ms, 0 overruns | out 60.0k pps 369 kbps/client, 369 Mbps | in 30.0k pps 16 kbps/client, 29.8 per recv, receive thread busy 4% | stand-ins: repeated 0.00% frozen 0.00%, 0 late inputs | per client-tick: 1471 B (near 384 B, 98% deltas), near 64.0 mid 86.0 far 0.0, far skipped 0 starved 0 | input wait p50 50.6 p99 67.5 ms | 0 joins deferred | kernel drops rcv 0 snd 0
         p50/p99 ms: ingress 0.72/1.00  events 0.00/0.00  movement 0.25/0.33  grid 0.23/0.27  separate 0.04/0.06  history 0.00/0.00  shots 0.31/0.47  serialize 0.07/0.09  assembly 4.51/5.01  transport 0.00/0.00  egress 0.03/0.06
[   30s] clients 1000 | level 0 (0-0 in window: 30 Hz, dilation 1.0), pace 1.00, 0.0% clients bandwidth-degraded | tick p50 6.39 p99 7.32 max 7.47 ms, 0 overruns | out 60.0k pps 372 kbps/client, 372 Mbps | in 30.0k pps 16 kbps/client, 29.5 per recv, receive thread busy 4% | stand-ins: repeated 0.00% frozen 0.00%, 0 late inputs | per client-tick: 1481 B (near 393 B, 98% deltas), near 64.0 mid 86.0 far 0.0, far skipped 0 starved 0 | input wait p50 50.6 p99 67.5 ms | 0 joins deferred | kernel drops rcv 0 snd 0
         p50/p99 ms: ingress 0.72/0.97  events 0.00/0.00  movement 0.25/0.34  grid 0.23/0.28  separate 0.04/0.06  history 0.00/0.00  shots 0.32/0.51  serialize 0.07/0.11  assembly 4.49/5.09  transport 0.00/0.00  egress 0.03/0.05
[   35s] clients 1000 | level 0 (0-0 in window: 30 Hz, dilation 1.0), pace 1.00, 0.0% clients bandwidth-degraded | tick p50 6.46 p99 7.18 max 7.35 ms, 0 overruns | out 60.0k pps 370 kbps/client, 370 Mbps | in 30.0k pps 16 kbps/client, 29.7 per recv, receive thread busy 4% | stand-ins: repeated 0.00% frozen 0.00%, 0 late inputs | per client-tick: 1472 B (near 388 B, 98% deltas), near 64.0 mid 86.0 far 0.0, far skipped 0 starved 0 | input wait p50 50.6 p99 67.5 ms | 0 joins deferred | kernel drops rcv 0 snd 0
         p50/p99 ms: ingress 0.71/0.98  events 0.00/0.00  movement 0.24/0.32  grid 0.23/0.27  separate 0.04/0.06  history 0.00/0.00  shots 0.31/0.46  serialize 0.07/0.09  assembly 4.50/5.16  transport 0.00/0.00  egress 0.03/0.08
[   40s] clients 1000 | level 0 (0-0 in window: 30 Hz, dilation 1.0), pace 1.00, 0.0% clients bandwidth-degraded | tick p50 6.44 p99 7.21 max 7.26 ms, 0 overruns | out 60.0k pps 371 kbps/client, 371 Mbps | in 30.0k pps 16 kbps/client, 29.7 per recv, receive thread busy 4% | stand-ins: repeated 0.00% frozen 0.00%, 0 late inputs | per client-tick: 1479 B (near 393 B, 98% deltas), near 64.0 mid 86.0 far 0.0, far skipped 0 starved 0 | input wait p50 50.6 p99 67.5 ms | 0 joins deferred | kernel drops rcv 0 snd 0
         p50/p99 ms: ingress 0.70/1.06  events 0.00/0.00  movement 0.24/0.31  grid 0.23/0.33  separate 0.04/0.05  history 0.00/0.00  shots 0.31/0.51  serialize 0.07/0.09  assembly 4.51/5.13  transport 0.00/0.00  egress 0.03/0.06
[   45s] clients 1000 | level 0 (0-0 in window: 30 Hz, dilation 1.0), pace 1.00, 0.0% clients bandwidth-degraded | tick p50 6.42 p99 7.07 max 7.29 ms, 0 overruns | out 60.0k pps 370 kbps/client, 370 Mbps | in 30.0k pps 16 kbps/client, 29.7 per recv, receive thread busy 4% | stand-ins: repeated 0.00% frozen 0.00%, 0 late inputs | per client-tick: 1475 B (near 393 B, 98% deltas), near 64.0 mid 86.0 far 0.0, far skipped 0 starved 0 | input wait p50 50.6 p99 67.5 ms | 0 joins deferred | kernel drops rcv 0 snd 0
         p50/p99 ms: ingress 0.69/0.99  events 0.00/0.00  movement 0.24/0.32  grid 0.23/0.29  separate 0.04/0.06  history 0.00/0.00  shots 0.31/0.47  serialize 0.07/0.09  assembly 4.49/5.06  transport 0.00/0.00  egress 0.03/0.08
[   50s] clients 1000 | level 0 (0-0 in window: 30 Hz, dilation 1.0), pace 1.00, 0.0% clients bandwidth-degraded | tick p50 6.40 p99 7.21 max 17.88 ms, 0 overruns | out 60.0k pps 373 kbps/client, 373 Mbps | in 30.0k pps 16 kbps/client, 29.7 per recv, receive thread busy 5% | stand-ins: repeated 0.00% frozen 0.00%, 0 late inputs | per client-tick: 1486 B (near 398 B, 98% deltas), near 64.0 mid 86.0 far 0.0, far skipped 0 starved 0 | input wait p50 50.5 p99 67.5 ms | 0 joins deferred | kernel drops rcv 0 snd 0
         p50/p99 ms: ingress 0.69/1.06  events 0.00/0.00  movement 0.25/0.32  grid 0.23/0.28  separate 0.04/0.06  history 0.00/0.00  shots 0.30/0.50  serialize 0.07/0.10  assembly 4.52/5.31  transport 0.00/0.00  egress 0.03/0.07
[   55s] clients 1000 | level 0 (0-0 in window: 30 Hz, dilation 1.0), pace 1.00, 0.0% clients bandwidth-degraded | tick p50 6.42 p99 23.81 max 30.01 ms, 0 overruns | out 60.0k pps 372 kbps/client, 372 Mbps | in 29.8k pps 15 kbps/client, 29.5 per recv, receive thread busy 4% | stand-ins: repeated 0.47% frozen 0.16%, 950 late inputs | per client-tick: 1484 B (near 396 B, 98% deltas), near 64.0 mid 86.0 far 0.0, far skipped 0 starved 0 | input wait p50 49.3 p99 67.6 ms | 0 joins deferred | kernel drops rcv 0 snd 0
         p50/p99 ms: ingress 0.69/0.97  events 0.00/0.01  movement 0.24/0.32  grid 0.23/0.29  separate 0.04/0.07  history 0.00/0.00  shots 0.30/0.50  serialize 0.07/0.09  assembly 4.53/21.85  transport 0.00/0.00  egress 0.03/0.08
[   60s] clients 1000 | level 0 (0-0 in window: 30 Hz, dilation 1.0), pace 1.00, 0.0% clients bandwidth-degraded | tick p50 6.34 p99 7.42 max 10.86 ms, 0 overruns | out 60.0k pps 370 kbps/client, 370 Mbps | in 30.0k pps 16 kbps/client, 29.8 per recv, receive thread busy 5% | stand-ins: repeated 0.00% frozen 0.00%, 0 late inputs | per client-tick: 1474 B (near 393 B, 98% deltas), near 64.0 mid 86.0 far 0.0, far skipped 0 starved 0 | input wait p50 50.5 p99 67.5 ms | 0 joins deferred | kernel drops rcv 0 snd 0
         p50/p99 ms: ingress 0.68/0.94  events 0.00/0.00  movement 0.24/0.31  grid 0.23/0.28  separate 0.04/0.05  history 0.00/0.00  shots 0.30/0.47  serialize 0.07/0.09  assembly 4.48/5.44  transport 0.00/0.00  egress 0.03/0.05
[   60s] clients 0 | level 0 (0-0 in window: 30 Hz, dilation 1.0), pace 1.00, 0.0% clients bandwidth-degraded | tick p50 4.38 p99 6.49 max 6.49 ms, 0 overruns | out 39.6k pps 385 kbps/client, 250 Mbps | in 35.3k pps 19 kbps/client, 33.6 per recv, receive thread busy 5% | stand-ins: repeated 0.00% frozen 0.00%, 0 late inputs | per client-tick: 1494 B (near 439 B, 89% deltas), near 64.0 mid 83.8 far 0.0, far skipped 0 starved 0 | input wait p50 50.2 p99 67.1 ms | 0 joins deferred | kernel drops rcv 0 snd 0
         p50/p99 ms: ingress 0.36/0.71  events 0.05/0.70  movement 0.18/0.24  grid 0.23/0.25  separate 0.03/0.04  history 0.00/0.00  shots 0.21/0.28  serialize 0.03/0.10  assembly 2.42/4.80  transport 0.00/0.00  egress 0.03/0.03

== summary: 1708 steady-state ticks (after warmup, before clients drain), peak 1000 clients ==
  phase        p50 ms   p99 ms   max ms
  ingress        0.71     0.99     3.85
  events         0.00     0.00     0.05
  movement       0.25     0.32     0.43
  grid           0.23     0.28     0.34
  separate       0.04     0.06     0.16
  history        0.00     0.00     0.02
  shots          0.30     0.50     0.61
  serialize      0.07     0.09     0.14
  assembly       4.50     5.13    27.85
  transport      0.00     0.00     0.00
  egress         0.03     0.06     0.17
  tick           6.40     7.21    30.01
  overruns 0 | spawns 1000 despawns 1000 (170 joins deferred) | deaths 4029 respawns 3732 | stand-ins: repeated 704 frozen 246 | late inputs 950 discarded 0 | bad messages 0 | recv errors 0 send errors 0
  egress (whole run): 3593778 datagrams in 3593778 sends (1.00 per send), 115321 syscalls
  ingress (whole run): 1794116 datagrams in 60544 receive calls (29.63 per call)
  ticks per ladder level (whole run): L0: 1812
  input wait on the server (datagram arrival -> applied): p50 50.4 p99 67.5 max 78.0 mean 50.2 ms
  steady state: stand-ins repeated 704 frozen 246 | late inputs 950 discarded 0
  rewind of near targets (applied step - the input's render step for that tier): p50 242 p99 340 max 365 mean 237.5 ms (n=1781259)
  rewind of mid/far targets (applied step - the input's render step for that tier): p50 367 p99 433 max 435 mean 358.4 ms (n=1781259)
  render times ahead of the server (bogus) 0
  shots 147883 (late 82, refused 3039, rewinds capped 98436) | hits head 1991 body 28422 (after cover 929, too late 10244), kills 4029 | ground 85213 cover 7842 expired 23255 | segments 4625299 candidates 2646547
