spawn=blob
egress=sendmmsg
ingress=recvmmsg
rx_gather_us=1000
ladder=on
threads=8
keep_awake=on
send_during_assembly=on
worker_cpus=-
rx_cpus=-
shards=64
sockets=1
peak_clients=1000
steady_ticks=1708
steady_secs=56.9
ingress_p50_ms=0.71
ingress_p99_ms=0.99
ingress_max_ms=3.85
events_p50_ms=0.00
events_p99_ms=0.00
events_max_ms=0.05
movement_p50_ms=0.25
movement_p99_ms=0.32
movement_max_ms=0.43
grid_p50_ms=0.23
grid_p99_ms=0.28
grid_max_ms=0.34
separate_p50_ms=0.04
separate_p99_ms=0.06
separate_max_ms=0.16
history_p50_ms=0.00
history_p99_ms=0.00
history_max_ms=0.02
shots_p50_ms=0.30
shots_p99_ms=0.50
shots_max_ms=0.61
serialize_p50_ms=0.07
serialize_p99_ms=0.09
serialize_max_ms=0.14
assembly_p50_ms=4.50
assembly_p99_ms=5.13
assembly_max_ms=27.85
transport_p50_ms=0.00
transport_p99_ms=0.00
transport_max_ms=0.00
egress_p50_ms=0.03
egress_p99_ms=0.06
egress_max_ms=0.17
tick_p50_ms=6.40
tick_p99_ms=7.21
tick_max_ms=30.01
steady_overruns=0
level_mode=0
tick_hz=30
dilation=1
levels=L0:1708
clients_avg=1000
out_pps=60028
in_pps=29985
egress_mbps=369.7
packets_per_client_tick=2.00
wire_bytes_per_client_tick=1540
down_kbps_per_client=369.7
up_kbps_per_client=15.5
recv_per_call=29.72
ingress_thread_busy_max_pct=4.4
ingress_thread_busy_mean_pct=4.4
rx_runq_wait_max_pct=0.09
rx_runq_wait_mean_pct=0.09
ksoftirqd_cpu_pct=0.0
kernel_rcvbuf_drops=0
kernel_sndbuf_drops=0
snapshot_bytes_per_client_tick=1472
near_bytes_per_client_tick=387
activity_bytes_per_client_tick=5.3
near_per_client_tick=64.0
mid_per_client_tick=86.0
far_per_client_tick=0.0
near_scanned_per_query=194
mid_scanned_per_query=249
far_skipped=0
far_starved=0
repeated=704
frozen=246
late_inputs=950
discarded_inputs=0
input_wait_p10_ms=36.8
input_wait_p50_ms=50.4
input_wait_p90_ms=63.6
input_wait_p99_ms=67.5
spawns=1000
despawns=1000
deaths=4029
respawns=3732
shots=147883
shots_late=82
shots_refused=3039
rewinds_capped=98436
rewinds_trimmed=0
rewinds_trimmed_mid=0
renders_held=1
shot_dip_clients=644
shot_dip_flagged=0
hits_head=1991
hits_body=28422
hits_ground=85213
hits_cover=7842
projectiles_expired=23255
kills=4029
hits_after_cover=929
hits_too_late=10244
events=72568
tracer_bytes=129247774
activity_cells=1873
activity_sent=1866427
activity_bytes=10169440
activity_cut=0
projectile_segments=4625299
hit_candidates=2646547
trim_excess_p50_steps=0.0
trim_excess_p99_steps=0.0
trim_excess_max_steps=0.0
shot_dip_excess_p50_steps=0.0
shot_dip_excess_p99_steps=0.0
shot_dip_excess_max_steps=0.0
held_by_p50_steps=0.1
held_by_p99_steps=0.1
held_by_max_steps=0.1
joins_deferred=170
bad_messages=0
recv_errors=0
send_errors=0
datagrams=3593778
sends=3593778
send_syscalls=115321
rewind_near_p50_ms=242
rewind_near_p99_ms=340
rewind_near_mean_ms=237.5
rewind_mid_p50_ms=367
rewind_mid_p99_ms=433
rewind_mid_mean_ms=358.4
ingress_longest_p50_ms=0.12
ingress_work_p50_ms=4.45
assembly_longest_p50_ms=0.86
assembly_work_p50_ms=32.85
transport_longest_p50_ms=-
transport_work_p50_ms=-
egress_longest_p50_ms=-
egress_work_p50_ms=-
