warning: use of deprecated method `std::sync::atomic::Atomic::<usize>::fetch_update`: renamed to `try_update` for consistency
   --> src/server.rs:140:14
    |
140 |             .fetch_update(Ordering::AcqRel, Ordering::Acquire, |n| (n < self.max_clients).then_some(n + 1))
    |              ^^^^^^^^^^^^
    |
    = note: `#[warn(deprecated)]` on by default
help: replace the use of the deprecated method
    |
140 -             .fetch_update(Ordering::AcqRel, Ordering::Acquire, |n| (n < self.max_clients).then_some(n + 1))
140 +             .try_update(Ordering::AcqRel, Ordering::Acquire, |n| (n < self.max_clients).then_some(n + 1))
    |

== joins, 5000 bots, 60s -> baselines/2026-10-04-scaleway-8t/joins-5k-2
== summary: 1709 steady-state ticks (after warmup, before clients drain), peak 5500 clients ==
  phase        p50 ms   p99 ms   max ms
  ingress        1.54     1.63     1.69
  events         1.23     1.28     1.60
  movement       0.17     0.20     0.23
  grid           0.27     0.29     0.30
  history        0.00     0.01     0.01
  serialize      0.08     0.13     0.16
  assembly       5.32     5.57     5.64
  transport      4.85     5.88     6.30
  egress         3.59     3.74     3.78
  tick          17.10    18.18    18.59
  overruns 0 | spawns 5500 despawns 5500 (13104 joins deferred) | stand-ins: repeated 0 frozen 0 | late inputs 0 discarded 0 | bad messages 0 | recv errors 0 send errors 0
  egress (whole run): 9559612 datagrams in 9559612 sends (1.00 per send), 115264 syscalls
  ticks per ladder level (whole run): L0: 1820
  input wait on the server (datagram arrival -> applied): p50 49.8 p99 66.1 max 69.0 mean 49.8 ms
  steady state: stand-ins repeated 0 frozen 0 | late inputs 0 discarded 0
== bots summary ==
  started 5000 welcomed 5000 failed 0
  join latency ms: p50 373 p99 944 max 1147 (n=5000)
  corrections 0 (0.00/bot-minute), mean error 0.000 m, max 0.000 m
  snapshots 8936334 (entities per snapshot: near 9.8 mid 22.3 far 34.8), stale 0, unmatched acks 0, resyncs 0
  input -> applied on server (est. RTT/2 + server wait): p50 58.0 p99 74.0 max 77.0 mean 57.8 ms (n=8934735)
    of which server wait (arrival -> applied): p50 49.8 p99 66.1 max 69.0 mean 49.8 ms (n=8934735)
  input -> seen acked (round trip): p50 67.0 p99 100.0 max 100.0 mean 81.5 ms (n=8934735)
  near entity update interval (tracked bots): p50 33.0 p99 33.0 max 100.0 mean 33.0 ms (n=4458047)
  mid entity update interval (tracked bots): p50 100.0 p99 100.0 max 500.0 mean 100.2 ms (n=9987274)
  far entity update interval (tracked bots): p50 500.0 p99 500.0 max 56500.0 mean 509.0 ms (n=15222667)
  input clock: 5093 extra inputs, 72 skipped ticks, 0 backlog skips | near decode errors (tracked bots) 0
  bytes down 6901.1 MB up 447.1 MB | swarm busy 7% of its threads' time, tick overruns 0
== bots summary ==
  started 500 welcomed 500 failed 0
  join latency ms: p50 96 p99 165 max 166 (n=500)
  corrections 0 (0.00/bot-minute), mean error 0.000 m, max 0.000 m
  snapshots 598201 (entities per snapshot: near 10.1 mid 23.0 far 35.5), stale 0, unmatched acks 0, resyncs 0
  input -> applied on server (est. RTT/2 + server wait): p50 57.0 p99 74.0 max 75.0 mean 57.3 ms (n=597981)
    of which server wait (arrival -> applied): p50 50.0 p99 65.5 max 66.8 mean 49.5 ms (n=597981)
  input -> seen acked (round trip): p50 67.0 p99 100.0 max 100.0 mean 82.1 ms (n=597981)
  near entity update interval (tracked bots): p50 33.0 p99 33.0 max 100.0 mean 33.0 ms (n=316615)
  mid entity update interval (tracked bots): p50 100.0 p99 100.0 max 500.0 mean 100.2 ms (n=721950)
  far entity update interval (tracked bots): p50 500.0 p99 500.0 max 38500.0 mean 506.4 ms (n=1057545)
  input clock: 510 extra inputs, 1 skipped ticks, 0 backlog skips | near decode errors (tracked bots) 0
  bytes down 472.2 MB up 29.9 MB | swarm busy 1% of its threads' time, tick overruns 0
