spawn=uniform
egress=sendmmsg
ladder=on
threads=8
shards=64
peak_clients=5500
steady_ticks=1709
steady_secs=57.0
ingress_p50_ms=1.54
ingress_p99_ms=1.63
ingress_max_ms=1.69
events_p50_ms=1.23
events_p99_ms=1.28
events_max_ms=1.60
movement_p50_ms=0.17
movement_p99_ms=0.20
movement_max_ms=0.23
grid_p50_ms=0.27
grid_p99_ms=0.29
grid_max_ms=0.30
history_p50_ms=0.00
history_p99_ms=0.01
history_max_ms=0.01
serialize_p50_ms=0.08
serialize_p99_ms=0.13
serialize_max_ms=0.16
assembly_p50_ms=5.32
assembly_p99_ms=5.57
assembly_max_ms=5.64
transport_p50_ms=4.85
transport_p99_ms=5.88
transport_max_ms=6.30
egress_p50_ms=3.59
egress_p99_ms=3.74
egress_max_ms=3.78
tick_p50_ms=17.10
tick_p99_ms=18.18
tick_max_ms=18.59
steady_overruns=0
level_mode=0
tick_hz=30
dilation=1
levels=L0:1709
clients_avg=5351
out_pps=160596
in_pps=160771
egress_mbps=996.7
packets_per_client_tick=1.00
wire_bytes_per_client_tick=776
down_kbps_per_client=186.3
up_kbps_per_client=12.0
kernel_rcvbuf_drops=0
kernel_sndbuf_drops=0
snapshot_bytes_per_client_tick=739
near_bytes_per_client_tick=61
near_per_client_tick=9.9
mid_per_client_tick=22.4
far_per_client_tick=35.0
far_skipped=0
far_starved=0
repeated=0
frozen=0
late_inputs=0
discarded_inputs=0
input_wait_p50_ms=49.8
input_wait_p99_ms=66.1
spawns=5500
despawns=5500
joins_deferred=13104
bad_messages=0
recv_errors=0
send_errors=0
datagrams=9559612
sends=9559612
send_syscalls=115264
