preallocated connections for 10000 clients in 220.790688ms
listening on 172.16.8.2:40500 | spawn Uniform | tiers near 64@150 m, mid 500 m, far 1500 m, budget 6250 B/tick, squads of 4 | 8 rayon threads, 64 shards, 256 accepts/tick, egress SendMmsg | socket buffers rcv 32768 KiB snd 32768 KiB
[    5s] clients 5000 | level 0 (0-0 in window: 30 Hz, dilation 1.0), pace 1.00, 0.0% clients bandwidth-degraded | tick p50 15.16 p99 16.11 max 16.27 ms, 0 overruns | out 123.8k pps 172 kbps/client, 696 Mbps | in 125.5k pps 14 kbps/client | stand-ins: repeated 0.00% frozen 0.00%, 0 late inputs | per client-tick: 677 B (near 59 B, 99% deltas), near 9.2 mid 20.3 far 31.7, far skipped 0 starved 0 | input wait p50 49.9 p99 66.2 ms | 13104 joins deferred | kernel drops rcv 0 snd 0
         p50/p99 ms: ingress 1.39/2.77  events 1.07/2.49  movement 0.15/0.17  grid 0.26/0.28  history 0.00/0.03  serialize 0.08/0.17  assembly 4.58/4.99  transport 4.31/5.05  egress 3.18/3.30
[   10s] clients 5000 | level 0 (0-0 in window: 30 Hz, dilation 1.0), pace 1.00, 0.0% clients bandwidth-degraded | tick p50 15.44 p99 16.25 max 16.44 ms, 0 overruns | out 150.0k pps 176 kbps/client, 878 Mbps | in 150.0k pps 12 kbps/client | stand-ins: repeated 0.00% frozen 0.00%, 0 late inputs | per client-tick: 695 B (near 59 B, 100% deltas), near 9.4 mid 20.9 far 32.7, far skipped 0 starved 0 | input wait p50 49.9 p99 66.1 ms | 0 joins deferred | kernel drops rcv 0 snd 0
         p50/p99 ms: ingress 1.42/1.48  events 1.08/1.12  movement 0.15/0.18  grid 0.26/0.28  history 0.00/0.01  serialize 0.08/0.11  assembly 4.63/4.83  transport 4.47/5.32  egress 3.31/3.42
[   15s] clients 5000 | level 0 (0-0 in window: 30 Hz, dilation 1.0), pace 1.00, 0.0% clients bandwidth-degraded | tick p50 15.50 p99 16.22 max 16.31 ms, 0 overruns | out 150.0k pps 176 kbps/client, 878 Mbps | in 150.0k pps 12 kbps/client | stand-ins: repeated 0.00% frozen 0.00%, 0 late inputs | per client-tick: 695 B (near 59 B, 100% deltas), near 9.4 mid 20.9 far 32.7, far skipped 0 starved 0 | input wait p50 49.9 p99 66.1 ms | 0 joins deferred | kernel drops rcv 0 snd 0
         p50/p99 ms: ingress 1.41/1.48  events 1.09/1.12  movement 0.15/0.18  grid 0.26/0.29  history 0.00/0.01  serialize 0.08/0.11  assembly 4.66/4.82  transport 4.50/5.33  egress 3.31/3.40
[   20s] clients 5223 | level 0 (0-0 in window: 30 Hz, dilation 1.0), pace 1.00, 0.0% clients bandwidth-degraded | tick p50 15.85 p99 16.92 max 17.00 ms, 0 overruns | out 153.0k pps 179 kbps/client, 911 Mbps | in 153.0k pps 12 kbps/client | stand-ins: repeated 0.00% frozen 0.00%, 0 late inputs | per client-tick: 707 B (near 60 B, 100% deltas), near 9.5 mid 21.4 far 33.4, far skipped 0 starved 0 | input wait p50 49.9 p99 66.1 ms | 0 joins deferred | kernel drops rcv 0 snd 0
         p50/p99 ms: ingress 1.45/1.51  events 1.12/1.19  movement 0.16/0.18  grid 0.27/0.28  history 0.00/0.01  serialize 0.08/0.16  assembly 4.80/5.08  transport 4.53/5.37  egress 3.36/3.51
[   25s] clients 5470 | level 0 (0-0 in window: 30 Hz, dilation 1.0), pace 1.00, 0.0% clients bandwidth-degraded | tick p50 16.91 p99 17.77 max 17.88 ms, 0 overruns | out 160.5k pps 186 kbps/client, 997 Mbps | in 160.4k pps 12 kbps/client | stand-ins: repeated 0.00% frozen 0.00%, 0 late inputs | per client-tick: 740 B (near 61 B, 100% deltas), near 9.9 mid 22.4 far 35.1, far skipped 0 starved 0 | input wait p50 49.8 p99 66.1 ms | 0 joins deferred | kernel drops rcv 0 snd 0
         p50/p99 ms: ingress 1.52/1.60  events 1.21/1.26  movement 0.17/0.19  grid 0.27/0.29  history 0.00/0.01  serialize 0.08/0.13  assembly 5.23/5.48  transport 4.84/5.58  egress 3.53/3.69
[   30s] clients 5500 | level 0 (0-0 in window: 30 Hz, dilation 1.0), pace 1.00, 0.0% clients bandwidth-degraded | tick p50 17.39 p99 18.35 max 18.37 ms, 0 overruns | out 165.0k pps 190 kbps/client, 1047 Mbps | in 164.9k pps 12 kbps/client | stand-ins: repeated 0.00% frozen 0.00%, 0 late inputs | per client-tick: 756 B (near 62 B, 100% deltas), near 10.0 mid 23.0 far 35.9, far skipped 0 starved 0 | input wait p50 49.8 p99 66.0 ms | 0 joins deferred | kernel drops rcv 0 snd 0
         p50/p99 ms: ingress 1.57/1.66  events 1.23/1.29  movement 0.17/0.19  grid 0.27/0.29  history 0.00/0.01  serialize 0.08/0.13  assembly 5.40/5.60  transport 5.02/6.02  egress 3.60/3.71
[   35s] clients 5500 | level 0 (0-0 in window: 30 Hz, dilation 1.0), pace 1.00, 0.0% clients bandwidth-degraded | tick p50 17.34 p99 18.17 max 18.56 ms, 0 overruns | out 165.0k pps 190 kbps/client, 1047 Mbps | in 165.0k pps 12 kbps/client | stand-ins: repeated 0.00% frozen 0.00%, 0 late inputs | per client-tick: 756 B (near 62 B, 100% deltas), near 10.1 mid 23.0 far 35.9, far skipped 0 starved 0 | input wait p50 49.8 p99 66.0 ms | 0 joins deferred | kernel drops rcv 0 snd 0
         p50/p99 ms: ingress 1.55/1.62  events 1.23/1.29  movement 0.17/0.20  grid 0.27/0.29  history 0.00/0.01  serialize 0.08/0.13  assembly 5.36/5.57  transport 5.05/5.95  egress 3.63/3.74
[   40s] clients 5500 | level 0 (0-0 in window: 30 Hz, dilation 1.0), pace 1.00, 0.0% clients bandwidth-degraded | tick p50 17.27 p99 18.17 max 18.22 ms, 0 overruns | out 165.0k pps 190 kbps/client, 1047 Mbps | in 165.0k pps 12 kbps/client | stand-ins: repeated 0.00% frozen 0.00%, 0 late inputs | per client-tick: 756 B (near 62 B, 100% deltas), near 10.1 mid 23.0 far 35.9, far skipped 0 starved 0 | input wait p50 49.8 p99 66.0 ms | 0 joins deferred | kernel drops rcv 0 snd 0
         p50/p99 ms: ingress 1.55/1.63  events 1.25/1.28  movement 0.17/0.21  grid 0.28/0.29  history 0.00/0.01  serialize 0.08/0.13  assembly 5.34/5.56  transport 4.93/5.94  egress 3.65/3.78
[   45s] clients 5500 | level 0 (0-0 in window: 30 Hz, dilation 1.0), pace 1.00, 0.0% clients bandwidth-degraded | tick p50 17.34 p99 18.27 max 18.27 ms, 0 overruns | out 165.0k pps 190 kbps/client, 1046 Mbps | in 165.0k pps 12 kbps/client | stand-ins: repeated 0.00% frozen 0.00%, 0 late inputs | per client-tick: 756 B (near 62 B, 100% deltas), near 10.0 mid 23.0 far 35.9, far skipped 0 starved 0 | input wait p50 49.7 p99 66.1 ms | 0 joins deferred | kernel drops rcv 0 snd 0
         p50/p99 ms: ingress 1.57/1.63  events 1.24/1.28  movement 0.17/0.21  grid 0.28/0.30  history 0.00/0.01  serialize 0.08/0.13  assembly 5.38/5.55  transport 4.96/5.84  egress 3.64/3.76
[   50s] clients 5500 | level 0 (0-0 in window: 30 Hz, dilation 1.0), pace 1.00, 0.0% clients bandwidth-degraded | tick p50 17.40 p99 18.38 max 18.59 ms, 0 overruns | out 165.0k pps 190 kbps/client, 1046 Mbps | in 165.0k pps 12 kbps/client | stand-ins: repeated 0.00% frozen 0.00%, 0 late inputs | per client-tick: 756 B (near 62 B, 100% deltas), near 10.0 mid 23.0 far 35.9, far skipped 0 starved 0 | input wait p50 49.8 p99 66.1 ms | 0 joins deferred | kernel drops rcv 0 snd 0
         p50/p99 ms: ingress 1.57/1.65  events 1.24/1.27  movement 0.17/0.20  grid 0.28/0.29  history 0.00/0.01  serialize 0.08/0.12  assembly 5.40/5.57  transport 5.02/5.90  egress 3.64/3.75
[   55s] clients 5500 | level 0 (0-0 in window: 30 Hz, dilation 1.0), pace 1.00, 0.0% clients bandwidth-degraded | tick p50 17.48 p99 18.31 max 18.41 ms, 0 overruns | out 165.0k pps 190 kbps/client, 1046 Mbps | in 165.0k pps 12 kbps/client | stand-ins: repeated 0.00% frozen 0.00%, 0 late inputs | per client-tick: 756 B (near 62 B, 100% deltas), near 10.0 mid 23.0 far 35.9, far skipped 0 starved 0 | input wait p50 49.8 p99 66.2 ms | 0 joins deferred | kernel drops rcv 0 snd 0
         p50/p99 ms: ingress 1.57/1.66  events 1.24/1.28  movement 0.17/0.20  grid 0.28/0.30  history 0.00/0.01  serialize 0.08/0.12  assembly 5.39/5.59  transport 5.05/6.09  egress 3.65/3.76
[   60s] clients 5500 | level 0 (0-0 in window: 30 Hz, dilation 1.0), pace 1.00, 0.0% clients bandwidth-degraded | tick p50 17.30 p99 18.27 max 18.34 ms, 0 overruns | out 165.0k pps 190 kbps/client, 1047 Mbps | in 165.0k pps 12 kbps/client | stand-ins: repeated 0.00% frozen 0.00%, 0 late inputs | per client-tick: 756 B (near 62 B, 100% deltas), near 10.0 mid 23.0 far 35.9, far skipped 0 starved 0 | input wait p50 49.8 p99 66.2 ms | 0 joins deferred | kernel drops rcv 0 snd 0
         p50/p99 ms: ingress 1.57/1.65  events 1.24/1.27  movement 0.17/0.20  grid 0.28/0.30  history 0.00/0.01  serialize 0.08/0.12  assembly 5.37/5.54  transport 4.95/5.94  egress 3.60/3.71
[   61s] clients 0 | level 0 (0-0 in window: 30 Hz, dilation 1.0), pace 1.00, 0.0% clients bandwidth-degraded | tick p50 17.48 p99 17.96 max 17.96 ms, 0 overruns | out 148.3k pps 190 kbps/client, 920 Mbps | in 180.3k pps 13 kbps/client | stand-ins: repeated 0.00% frozen 0.00%, 0 late inputs | per client-tick: 739 B (near 61 B, 100% deltas), near 9.8 mid 22.5 far 34.9, far skipped 0 starved 0 | input wait p50 50.2 p99 66.3 ms | 0 joins deferred | kernel drops rcv 0 snd 0
         p50/p99 ms: ingress 1.56/2.59  events 1.25/6.71  movement 0.17/0.17  grid 0.28/0.29  history 0.00/0.01  serialize 0.08/0.10  assembly 5.32/5.58  transport 5.12/5.51  egress 3.59/3.66

== summary: 1709 steady-state ticks (after warmup, before clients drain), peak 5500 clients ==
  phase        p50 ms   p99 ms   max ms
  ingress        1.54     1.63     1.69
  events         1.23     1.28     1.60
  movement       0.17     0.20     0.23
  grid           0.27     0.29     0.30
  history        0.00     0.01     0.01
  serialize      0.08     0.13     0.16
  assembly       5.32     5.57     5.64
  transport      4.85     5.88     6.30
  egress         3.59     3.74     3.78
  tick          17.10    18.18    18.59
  overruns 0 | spawns 5500 despawns 5500 (13104 joins deferred) | stand-ins: repeated 0 frozen 0 | late inputs 0 discarded 0 | bad messages 0 | recv errors 0 send errors 0
  egress (whole run): 9559612 datagrams in 9559612 sends (1.00 per send), 115264 syscalls
  ticks per ladder level (whole run): L0: 1820
  input wait on the server (datagram arrival -> applied): p50 49.8 p99 66.1 max 69.0 mean 49.8 ms
  steady state: stand-ins repeated 0 frozen 0 | late inputs 0 discarded 0
