started=3000
welcomed=3000
failed=0
join_p50_ms=507
join_p99_ms=1227
join_max_ms=4743
corrections=177
corrections_per_bot_minute=0.059
correction_max_m=0.793
push_corrections=184369
push_corrections_per_bot_minute=61.456
push_max_m=0.903
snapshots=3500207
near_per_snapshot=64.1
mid_per_snapshot=85.6
far_per_snapshot=0.0
stale_snapshots=0
resyncs=8
input_applied_p50_ms=105.0
input_applied_p99_ms=146.0
input_applied_mean_ms=99.7
server_wait_p50_ms=50.3
server_wait_p99_ms=67.2
server_wait_mean_ms=50.2
round_trip_p50_ms=167.0
round_trip_p99_ms=233.0
round_trip_mean_ms=165.8
slot_work_p50_ms=0.4
slot_work_p99_ms=3.4
slot_work_mean_ms=1.3
slot_late_p50_ms=0.0
slot_late_p99_ms=0.0
slot_late_mean_ms=0.0
near_interval_p50_ms=66.0
near_interval_p99_ms=333.0
near_interval_mean_ms=82.7
mid_interval_p50_ms=100.0
mid_interval_p99_ms=600.0
mid_interval_mean_ms=149.2
far_interval_p50_ms=0.0
far_interval_p99_ms=0.0
far_interval_mean_ms=0.0
slot_late_max_ms=40.3
near_interpolated_pct=80.54
near_extrapolated_pct=14.14
near_held_pct=3.51
near_new_pct=1.82
near_pop_p50_mm=0
near_pop_p99_mm=315
mid_interpolated_pct=70.69
mid_extrapolated_pct=16.28
mid_held_pct=8.58
mid_new_pct=4.44
mid_pop_p50_mm=0
mid_pop_p99_mm=670
far_interpolated_pct=0.00
far_extrapolated_pct=0.00
far_held_pct=0.00
far_new_pct=0.00
far_pop_p50_mm=0
far_pop_p99_mm=0
render_delay_ms=131.7
render_snaps=0
class0_fighters=500
class0_shots=93597
class0_hits=25433
class0_kills=5090
class0_hit_pct=27.2
class0_rtt_ms=30.5
class1_fighters=500
class1_shots=92366
class1_hits=21047
class1_kills=4497
class1_hit_pct=22.8
class1_rtt_ms=110.4
class2_fighters=500
class2_shots=92117
class2_hits=19883
class2_kills=4273
class2_hit_pct=21.6
class2_rtt_ms=160.9
shots_seen=15290376
activity_cells=2040136
activity_shots=395299909
ambient=34439500
streak_frames_per_million=506
clock_slewing_pct=6.78
delay_changes=3815
render_backwards=0
clock_extra=5703
clock_skipped=2239
backlog_skips=0
near_decode_errors=0
bytes_down_mb=5423.7
bytes_up_mb=346.2
swarm_busy_pct=33
swarm_overruns=239
