spawn=blob
egress=sendmmsg
ingress=recvmmsg
rx_gather_us=1000
ladder=on
threads=64
shards=64
sockets=1
peak_clients=3000
steady_ticks=1708
steady_secs=56.9
ingress_p50_ms=0.67
ingress_p99_ms=1.07
ingress_max_ms=1.48
events_p50_ms=1.25
events_p99_ms=1.59
events_max_ms=1.77
movement_p50_ms=0.44
movement_p99_ms=0.52
movement_max_ms=0.74
grid_p50_ms=0.23
grid_p99_ms=0.29
grid_max_ms=0.31
separate_p50_ms=0.35
separate_p99_ms=0.41
separate_max_ms=0.52
history_p50_ms=0.01
history_p99_ms=0.02
history_max_ms=0.03
shots_p50_ms=2.27
shots_p99_ms=2.79
shots_max_ms=3.31
serialize_p50_ms=0.18
serialize_p99_ms=0.22
serialize_max_ms=0.23
assembly_p50_ms=1.89
assembly_p99_ms=2.75
assembly_max_ms=3.29
transport_p50_ms=0.82
transport_p99_ms=1.20
transport_max_ms=1.30
egress_p50_ms=1.43
egress_p99_ms=1.78
egress_max_ms=1.89
tick_p50_ms=9.74
tick_p99_ms=10.85
tick_max_ms=11.60
steady_overruns=0
level_mode=0
tick_hz=30
dilation=1
levels=L0:1708
clients_avg=3000
out_pps=180086
in_pps=90017
egress_mbps=1119.5
packets_per_client_tick=2.00
wire_bytes_per_client_tick=1554
down_kbps_per_client=373.2
up_kbps_per_client=15.5
recv_per_call=45.39
ingress_thread_busy_max_pct=9.8
ingress_thread_busy_mean_pct=9.8
kernel_rcvbuf_drops=0
kernel_sndbuf_drops=0
snapshot_bytes_per_client_tick=1487
near_bytes_per_client_tick=407
activity_bytes_per_client_tick=6.0
near_per_client_tick=64.0
mid_per_client_tick=86.0
far_per_client_tick=0.0
near_scanned_per_query=361
mid_scanned_per_query=384
far_skipped=0
far_starved=0
repeated=2
frozen=0
late_inputs=2
discarded_inputs=0
input_wait_p10_ms=36.8
input_wait_p50_ms=50.4
input_wait_p90_ms=63.6
input_wait_p99_ms=67.3
spawns=3000
despawns=3000
deaths=14513
respawns=13804
shots=416888
shots_late=48
shots_refused=12347
rewinds_capped=273856
rewinds_trimmed=160
hits_head=9571
hits_body=102702
hits_ground=214259
hits_cover=21743
projectiles_expired=68613
kills=14513
hits_after_cover=4017
hits_too_late=42217
events=255977
tracer_bytes=354965167
activity_cells=2142
activity_sent=6374678
activity_bytes=34390576
activity_cut=0
projectile_segments=13080173
hit_candidates=20210999
joins_deferred=2780
bad_messages=0
recv_errors=0
send_errors=0
datagrams=11113398
sends=11113398
send_syscalls=124885
rewind_near_p50_ms=267
rewind_near_p99_ms=367
rewind_near_mean_ms=263.1
rewind_mid_p50_ms=367
rewind_mid_p99_ms=433
rewind_mid_mean_ms=363.7
ingress_longest_p50_ms=0.21
ingress_work_p50_ms=9.32
assembly_longest_p50_ms=1.41
assembly_work_p50_ms=63.61
transport_longest_p50_ms=0.52
transport_work_p50_ms=23.09
egress_longest_p50_ms=1.33
egress_work_p50_ms=40.64
