preallocated connections for 10000 clients in 244.912655ms
listening on 172.31.17.93:14500 | spawn Blob | tiers near 64@150 m, mid 500 m, far 1500 m, budget 6250 B/tick, squads of 4 | 64 rayon threads, 64 shards, 1 socket(s), 256 accepts/tick, egress SendMmsg, ingress RecvMmsg | socket buffers rcv 32768 KiB snd 32768 KiB
[    5s] clients 3000 | level 0 (0-0 in window: 30 Hz, dilation 1.0), pace 1.00, 0.0% clients bandwidth-degraded | tick p50 8.70 p99 16.04 max 16.28 ms, 0 overruns | out 154.0k pps 374 kbps/client, 939 Mbps | in 74.2k pps 17 kbps/client, 44.2 per recv, receive thread busy 10% | stand-ins: repeated 0.09% frozen 0.11%, 716 late inputs | per client-tick: 1480 B (near 399 B, 93% deltas), near 64.0 mid 86.0 far 0.0, far skipped 0 starved 0 | input wait p50 49.7 p99 67.6 ms | 2780 joins deferred | kernel drops rcv 0 snd 0
         p50/p99 ms: ingress 0.67/2.13  events 1.25/2.39  movement 0.43/0.50  grid 0.21/0.29  separate 0.34/0.41  history 0.01/0.11  shots 1.41/1.91  serialize 0.18/0.25  assembly 1.68/7.62  transport 0.81/1.57  egress 1.44/1.78
[   10s] clients 3000 | level 0 (0-0 in window: 30 Hz, dilation 1.0), pace 1.00, 0.0% clients bandwidth-degraded | tick p50 9.12 p99 10.93 max 10.97 ms, 0 overruns | out 180.0k pps 367 kbps/client, 1102 Mbps | in 90.0k pps 15 kbps/client, 45.5 per recv, receive thread busy 10% | stand-ins: repeated 0.00% frozen 0.00%, 0 late inputs | per client-tick: 1464 B (near 391 B, 93% deltas), near 64.0 mid 86.0 far 0.0, far skipped 0 starved 0 | input wait p50 50.4 p99 67.1 ms | 0 joins deferred | kernel drops rcv 0 snd 0
         p50/p99 ms: ingress 0.68/1.04  events 1.26/1.63  movement 0.44/0.51  grid 0.22/0.28  separate 0.34/0.42  history 0.01/0.02  shots 1.57/2.81  serialize 0.17/0.22  assembly 1.78/2.75  transport 0.82/1.18  egress 1.43/1.79
[   15s] clients 3000 | level 0 (0-0 in window: 30 Hz, dilation 1.0), pace 1.00, 0.0% clients bandwidth-degraded | tick p50 10.11 p99 10.90 max 11.60 ms, 0 overruns | out 180.0k pps 378 kbps/client, 1133 Mbps | in 90.0k pps 16 kbps/client, 45.3 per recv, receive thread busy 10% | stand-ins: repeated 0.00% frozen 0.00%, 0 late inputs | per client-tick: 1505 B (near 416 B, 96% deltas), near 64.0 mid 86.0 far 0.0, far skipped 0 starved 0 | input wait p50 50.5 p99 67.2 ms | 0 joins deferred | kernel drops rcv 0 snd 0
         p50/p99 ms: ingress 0.66/1.05  events 1.25/1.59  movement 0.43/0.65  grid 0.23/0.29  separate 0.35/0.42  history 0.01/0.02  shots 2.53/2.89  serialize 0.17/0.21  assembly 2.04/2.71  transport 0.82/1.17  egress 1.42/1.72
[   20s] clients 3000 | level 0 (0-0 in window: 30 Hz, dilation 1.0), pace 1.00, 0.0% clients bandwidth-degraded | tick p50 9.69 p99 10.67 max 10.89 ms, 0 overruns | out 180.0k pps 373 kbps/client, 1118 Mbps | in 90.0k pps 16 kbps/client, 45.2 per recv, receive thread busy 10% | stand-ins: repeated 0.00% frozen 0.00%, 0 late inputs | per client-tick: 1485 B (near 405 B, 95% deltas), near 64.0 mid 86.0 far 0.0, far skipped 0 starved 0 | input wait p50 50.5 p99 67.2 ms | 0 joins deferred | kernel drops rcv 0 snd 0
         p50/p99 ms: ingress 0.66/1.10  events 1.24/1.49  movement 0.43/0.51  grid 0.23/0.27  separate 0.35/0.40  history 0.01/0.02  shots 2.30/2.45  serialize 0.18/0.22  assembly 1.95/2.90  transport 0.81/1.23  egress 1.43/1.74
[   25s] clients 3000 | level 0 (0-0 in window: 30 Hz, dilation 1.0), pace 1.00, 0.0% clients bandwidth-degraded | tick p50 9.87 p99 10.92 max 10.96 ms, 0 overruns | out 180.0k pps 374 kbps/client, 1123 Mbps | in 90.0k pps 16 kbps/client, 45.4 per recv, receive thread busy 10% | stand-ins: repeated 0.00% frozen 0.00%, 0 late inputs | per client-tick: 1492 B (near 409 B, 96% deltas), near 64.0 mid 86.0 far 0.0, far skipped 0 starved 0 | input wait p50 50.5 p99 67.2 ms | 0 joins deferred | kernel drops rcv 0 snd 0
         p50/p99 ms: ingress 0.67/1.06  events 1.27/1.60  movement 0.45/0.52  grid 0.23/0.29  separate 0.35/0.41  history 0.01/0.03  shots 2.35/2.64  serialize 0.18/0.22  assembly 1.91/2.99  transport 0.81/1.19  egress 1.43/1.83
[   30s] clients 3000 | level 0 (0-0 in window: 30 Hz, dilation 1.0), pace 1.00, 0.0% clients bandwidth-degraded | tick p50 9.78 p99 10.82 max 10.85 ms, 0 overruns | out 180.0k pps 373 kbps/client, 1119 Mbps | in 90.0k pps 16 kbps/client, 45.4 per recv, receive thread busy 10% | stand-ins: repeated 0.00% frozen 0.00%, 0 late inputs | per client-tick: 1486 B (near 407 B, 96% deltas), near 64.0 mid 86.0 far 0.0, far skipped 0 starved 0 | input wait p50 50.5 p99 67.3 ms | 0 joins deferred | kernel drops rcv 0 snd 0
         p50/p99 ms: ingress 0.68/1.06  events 1.26/1.55  movement 0.46/0.69  grid 0.23/0.28  separate 0.36/0.41  history 0.01/0.02  shots 2.25/2.46  serialize 0.18/0.22  assembly 1.92/2.97  transport 0.82/1.20  egress 1.42/1.78
[   35s] clients 3000 | level 0 (0-0 in window: 30 Hz, dilation 1.0), pace 1.00, 0.0% clients bandwidth-degraded | tick p50 9.77 p99 10.84 max 11.03 ms, 0 overruns | out 180.0k pps 374 kbps/client, 1123 Mbps | in 90.0k pps 16 kbps/client, 45.2 per recv, receive thread busy 10% | stand-ins: repeated 0.00% frozen 0.00%, 0 late inputs | per client-tick: 1491 B (near 411 B, 96% deltas), near 64.0 mid 86.0 far 0.0, far skipped 0 starved 0 | input wait p50 50.4 p99 67.2 ms | 0 joins deferred | kernel drops rcv 0 snd 0
         p50/p99 ms: ingress 0.68/1.12  events 1.25/1.56  movement 0.45/0.51  grid 0.23/0.30  separate 0.36/0.41  history 0.01/0.01  shots 2.27/2.43  serialize 0.19/0.21  assembly 1.91/2.94  transport 0.82/1.22  egress 1.43/1.86
[   40s] clients 3000 | level 0 (0-0 in window: 30 Hz, dilation 1.0), pace 1.00, 0.0% clients bandwidth-degraded | tick p50 9.82 p99 10.84 max 10.97 ms, 0 overruns | out 180.0k pps 374 kbps/client, 1123 Mbps | in 90.0k pps 16 kbps/client, 45.5 per recv, receive thread busy 10% | stand-ins: repeated 0.00% frozen 0.00%, 0 late inputs | per client-tick: 1491 B (near 411 B, 96% deltas), near 64.0 mid 86.0 far 0.0, far skipped 0 starved 0 | input wait p50 50.4 p99 67.2 ms | 0 joins deferred | kernel drops rcv 0 snd 0
         p50/p99 ms: ingress 0.68/1.09  events 1.26/1.72  movement 0.45/0.51  grid 0.23/0.29  separate 0.36/0.42  history 0.01/0.02  shots 2.27/2.51  serialize 0.18/0.21  assembly 1.89/2.83  transport 0.82/1.20  egress 1.44/1.76
[   45s] clients 3000 | level 0 (0-0 in window: 30 Hz, dilation 1.0), pace 1.00, 0.0% clients bandwidth-degraded | tick p50 9.74 p99 10.86 max 10.89 ms, 0 overruns | out 180.0k pps 375 kbps/client, 1125 Mbps | in 89.9k pps 16 kbps/client, 45.4 per recv, receive thread busy 10% | stand-ins: repeated 0.00% frozen 0.00%, 0 late inputs | per client-tick: 1494 B (near 414 B, 96% deltas), near 64.0 mid 86.0 far 0.0, far skipped 0 starved 0 | input wait p50 50.5 p99 67.3 ms | 0 joins deferred | kernel drops rcv 0 snd 0
         p50/p99 ms: ingress 0.67/1.10  events 1.26/1.54  movement 0.45/0.61  grid 0.23/0.29  separate 0.36/0.42  history 0.01/0.02  shots 2.27/2.55  serialize 0.18/0.22  assembly 1.87/2.76  transport 0.82/1.13  egress 1.44/1.76
[   50s] clients 3000 | level 0 (0-0 in window: 30 Hz, dilation 1.0), pace 1.00, 0.0% clients bandwidth-degraded | tick p50 9.69 p99 10.83 max 10.85 ms, 0 overruns | out 180.0k pps 374 kbps/client, 1123 Mbps | in 90.0k pps 16 kbps/client, 45.5 per recv, receive thread busy 10% | stand-ins: repeated 0.00% frozen 0.00%, 0 late inputs | per client-tick: 1492 B (near 413 B, 96% deltas), near 64.0 mid 86.0 far 0.0, far skipped 0 starved 0 | input wait p50 50.5 p99 67.3 ms | 0 joins deferred | kernel drops rcv 0 snd 0
         p50/p99 ms: ingress 0.68/1.19  events 1.25/1.61  movement 0.44/0.60  grid 0.23/0.27  separate 0.36/0.42  history 0.01/0.01  shots 2.25/2.46  serialize 0.18/0.21  assembly 1.90/2.65  transport 0.83/1.22  egress 1.44/1.82
[   55s] clients 3000 | level 0 (0-0 in window: 30 Hz, dilation 1.0), pace 1.00, 0.0% clients bandwidth-degraded | tick p50 9.65 p99 10.54 max 10.65 ms, 0 overruns | out 180.0k pps 375 kbps/client, 1125 Mbps | in 90.0k pps 16 kbps/client, 45.4 per recv, receive thread busy 10% | stand-ins: repeated 0.00% frozen 0.00%, 0 late inputs | per client-tick: 1494 B (near 414 B, 96% deltas), near 64.0 mid 86.0 far 0.0, far skipped 0 starved 0 | input wait p50 50.5 p99 67.3 ms | 0 joins deferred | kernel drops rcv 0 snd 0
         p50/p99 ms: ingress 0.66/1.07  events 1.25/1.64  movement 0.44/0.50  grid 0.23/0.30  separate 0.36/0.41  history 0.01/0.02  shots 2.25/2.41  serialize 0.17/0.22  assembly 1.82/2.71  transport 0.81/1.19  egress 1.44/1.86
[   60s] clients 3000 | level 0 (0-0 in window: 30 Hz, dilation 1.0), pace 1.00, 0.0% clients bandwidth-degraded | tick p50 9.64 p99 10.89 max 10.90 ms, 0 overruns | out 180.0k pps 375 kbps/client, 1124 Mbps | in 90.0k pps 16 kbps/client, 45.5 per recv, receive thread busy 10% | stand-ins: repeated 0.00% frozen 0.00%, 0 late inputs | per client-tick: 1493 B (near 414 B, 96% deltas), near 64.0 mid 86.0 far 0.0, far skipped 0 starved 0 | input wait p50 50.5 p99 67.3 ms | 0 joins deferred | kernel drops rcv 0 snd 0
         p50/p99 ms: ingress 0.67/1.03  events 1.24/1.59  movement 0.44/0.67  grid 0.23/0.29  separate 0.35/0.40  history 0.01/0.02  shots 2.22/2.46  serialize 0.18/0.21  assembly 1.85/2.69  transport 0.82/1.26  egress 1.45/1.78
[   65s] clients 1160 | level 0 (0-0 in window: 30 Hz, dilation 1.0), pace 1.00, 0.0% clients bandwidth-degraded | tick p50 4.13 p99 10.38 max 10.96 ms, 0 overruns | out 78.5k pps 456 kbps/client, 595 Mbps | in 8.2k pps 3 kbps/client, 45.4 per recv, receive thread busy 1% | stand-ins: repeated 1.18% frozen 79.88%, 0 late inputs | per client-tick: 1830 B (near 808 B, 25% deltas), near 64.0 mid 86.0 far 0.0, far skipped 0 starved 0 | input wait p50 50.4 p99 67.1 ms | 0 joins deferred | kernel drops rcv 0 snd 0
         p50/p99 ms: ingress 0.48/1.04  events 0.00/3.29  movement 0.20/0.45  grid 0.23/0.27  separate 0.34/0.41  history 0.01/0.03  shots 0.08/2.25  serialize 0.13/0.19  assembly 0.86/2.52  transport 0.50/0.87  egress 1.10/1.55
[   66s] clients 0 | level 0 (0-0 in window: 30 Hz, dilation 1.0), pace 1.00, 0.0% clients bandwidth-degraded | tick p50 3.98 p99 5.08 max 5.08 ms, 0 overruns | out 54.6k pps 483 kbps/client, 438 Mbps | in 0.0k pps 0 kbps/client, 0.0 per recv, receive thread busy 0% | stand-ins: repeated 0.00% frozen 100.00%, 0 late inputs | per client-tick: 1936 B (near 931 B, 0% deltas), near 63.9 mid 85.7 far 0.0, far skipped 0 starved 0 | input wait p50 0.0 p99 0.0 ms | 0 joins deferred | kernel drops rcv 0 snd 0
         p50/p99 ms: ingress 0.50/0.80  events 0.00/2.11  movement 0.21/0.28  grid 0.23/0.27  separate 0.33/0.41  history 0.01/0.02  shots 0.04/0.06  serialize 0.13/0.17  assembly 0.84/0.91  transport 0.43/0.60  egress 1.04/1.18

== summary: 1708 steady-state ticks (after warmup, before clients drain), peak 3000 clients ==
  phase        p50 ms   p99 ms   max ms
  ingress        0.67     1.07     1.48
  events         1.25     1.59     1.77
  movement       0.44     0.52     0.74
  grid           0.23     0.29     0.31
  separate       0.35     0.41     0.52
  history        0.01     0.02     0.03
  shots          2.27     2.79     3.31
  serialize      0.18     0.22     0.23
  assembly       1.89     2.75     3.29
  transport      0.82     1.20     1.30
  egress         1.43     1.78     1.89
  tick           9.74    10.85    11.60
  overruns 0 | spawns 3000 despawns 3000 (2780 joins deferred) | deaths 14513 respawns 13804 | stand-ins: repeated 2650 frozen 169737 | late inputs 716 discarded 0 | bad messages 0 | recv errors 0 send errors 0
  egress (whole run): 11113398 datagrams in 11113398 sends (1.00 per send), 124885 syscalls
  ingress (whole run): 5372790 datagrams in 118601 receive calls (45.30 per call)
  ticks per ladder level (whole run): L0: 1969
  input wait on the server (datagram arrival -> applied): p50 50.4 p99 67.3 max 138.7 mean 50.3 ms
  steady state: stand-ins repeated 2 frozen 0 | late inputs 2 discarded 0
  rewind of near targets (applied step - the input's render step for that tier): p50 267 p99 367 max 368 mean 263.1 ms (n=5306510)
  rewind of mid/far targets (applied step - the input's render step for that tier): p50 367 p99 433 max 492 mean 363.7 ms (n=5306510)
  render times ahead of the server (bogus) 0
  shots 416888 (late 48, refused 12347, rewinds capped 273856) | hits head 9571 body 102702 (after cover 4017, too late 42217), kills 14513 | ground 214259 cover 21743 expired 68613 | segments 13080173 candidates 20210999
