== uniform, 1000 bots, 60s -> baselines/2026-10-04-wsl2-netem/clean-uniform-1k-1
== summary: 1709 steady-state ticks (after warmup, before clients drain), peak 1000 clients ==
  phase        p50 ms   p99 ms   max ms
  ingress        0.34     0.56     1.02
  events         0.09     0.15     0.22
  movement       0.17     0.28     0.36
  grid           0.07     0.12     0.15
  history        0.00     0.00     0.03
  serialize      0.04     0.07     0.14
  assembly       0.60     0.99     1.23
  transport      0.34     0.70     0.95
  egress         1.11     1.58    15.05
  tick           2.85     3.72    17.07
  overruns 0 | spawns 1000 despawns 1000 (438 joins deferred) | stand-ins: repeated 0 frozen 0 | late inputs 0 discarded 0 | bad messages 0 | recv errors 0 send errors 0
  egress (whole run): 1799211 datagrams in 1799211 sends (1.00 per send), 115262 syscalls
  ticks per ladder level (whole run): L0: 1812
  input wait on the server (datagram arrival -> applied): p50 50.1 p99 66.6 max 68.3 mean 49.6 ms
  steady state: stand-ins repeated 0 frozen 0 | late inputs 0 discarded 0
== bots summary ==
  started 1000 welcomed 1000 failed 0
  join latency ms: p50 145 p99 358 max 375 (n=1000)
  corrections 0 (0.00/bot-minute), mean error 0.000 m, max 0.000 m
  snapshots 1795210 (entities per snapshot: near 4.3 mid 4.2 far 6.3), stale 0, unmatched acks 0, resyncs 0
  input -> applied on server (est. RTT/2 + server wait): p50 52.0 p99 69.0 max 71.0 mean 51.4 ms (n=1795042)
    of which server wait (arrival -> applied): p50 50.2 p99 66.6 max 68.3 mean 49.6 ms (n=1795042)
  input -> seen acked (round trip): p50 67.0 p99 100.0 max 101.0 mean 68.5 ms (n=1795042)
  near entity update interval (tracked bots): p50 33.0 p99 33.0 max 100.0 mean 33.0 ms (n=408437)
  mid entity update interval (tracked bots): p50 100.0 p99 100.0 max 500.0 mean 100.2 ms (n=384704)
  far entity update interval (tracked bots): p50 500.0 p99 500.0 max 47000.0 mean 509.3 ms (n=562845)
  input clock: 1874 extra inputs, 878 skipped ticks, 0 backlog skips | near decode errors (tracked bots) 0
  bytes down 405.1 MB up 89.8 MB | swarm busy 8% of its threads' time, tick overruns 0
