preallocated connections for 10000 clients in 185.26833ms
listening on 127.0.0.1:40540 | spawn Uniform | tiers near 64@150 m, mid 500 m, far 1500 m, budget 6250 B/tick, squads of 4 | 8 rayon threads, 64 shards, 256 accepts/tick, egress SendMmsg | socket buffers rcv 8192 KiB snd 8192 KiB
WARNING: token key is the public dev key; anyone can mint tokens for this server (--token-key)
[    5s] clients 1000 | level 0 (0-0 in window: 30 Hz, dilation 1.0), pace 1.00, 0.0% clients bandwidth-degraded | tick p50 2.89 p99 4.50 max 5.32 ms, 0 overruns | out 27.9k pps 54 kbps/client, 50 Mbps | in 27.8k pps 13 kbps/client | stand-ins: repeated 0.00% frozen 0.00%, 0 late inputs | per client-tick: 190 B (near 30 B, 99% deltas), near 4.3 mid 4.1 far 6.2, far skipped 0 starved 0 | input wait p50 50.0 p99 66.6 ms | 438 joins deferred | kernel drops rcv 0 snd 0
         p50/p99 ms: ingress 0.34/0.92  events 0.09/1.52  movement 0.17/0.25  grid 0.06/0.14  history 0.00/0.01  serialize 0.04/0.10  assembly 0.58/1.32  transport 0.34/0.69  egress 1.13/1.49
[   10s] clients 1000 | level 0 (0-0 in window: 30 Hz, dilation 1.0), pace 1.00, 0.0% clients bandwidth-degraded | tick p50 2.90 p99 13.85 max 17.07 ms, 0 overruns | out 30.0k pps 54 kbps/client, 54 Mbps | in 30.0k pps 12 kbps/client | stand-ins: repeated 0.00% frozen 0.00%, 0 late inputs | per client-tick: 190 B (near 29 B, 100% deltas), near 4.3 mid 4.2 far 6.3, far skipped 0 starved 0 | input wait p50 50.1 p99 66.7 ms | 0 joins deferred | kernel drops rcv 0 snd 0
         p50/p99 ms: ingress 0.33/0.68  events 0.08/0.17  movement 0.16/0.28  grid 0.07/0.12  history 0.00/0.00  serialize 0.04/0.07  assembly 0.60/1.04  transport 0.35/0.70  egress 1.16/11.36
[   15s] clients 1000 | level 0 (0-0 in window: 30 Hz, dilation 1.0), pace 1.00, 0.0% clients bandwidth-degraded | tick p50 2.89 p99 3.74 max 3.76 ms, 0 overruns | out 30.0k pps 54 kbps/client, 54 Mbps | in 30.0k pps 12 kbps/client | stand-ins: repeated 0.00% frozen 0.00%, 0 late inputs | per client-tick: 190 B (near 29 B, 100% deltas), near 4.4 mid 4.2 far 6.3, far skipped 0 starved 0 | input wait p50 50.1 p99 66.6 ms | 0 joins deferred | kernel drops rcv 0 snd 0
         p50/p99 ms: ingress 0.33/0.49  events 0.09/0.13  movement 0.16/0.29  grid 0.07/0.14  history 0.00/0.02  serialize 0.04/0.08  assembly 0.66/1.07  transport 0.35/0.71  egress 1.10/1.56
[   20s] clients 1000 | level 0 (0-0 in window: 30 Hz, dilation 1.0), pace 1.00, 0.0% clients bandwidth-degraded | tick p50 2.90 p99 3.62 max 3.66 ms, 0 overruns | out 30.0k pps 54 kbps/client, 54 Mbps | in 30.0k pps 12 kbps/client | stand-ins: repeated 0.00% frozen 0.00%, 0 late inputs | per client-tick: 190 B (near 29 B, 100% deltas), near 4.3 mid 4.2 far 6.3, far skipped 0 starved 0 | input wait p50 50.3 p99 66.6 ms | 0 joins deferred | kernel drops rcv 0 snd 0
         p50/p99 ms: ingress 0.34/0.56  events 0.09/0.13  movement 0.17/0.26  grid 0.07/0.12  history 0.00/0.00  serialize 0.04/0.06  assembly 0.60/0.95  transport 0.34/0.77  egress 1.16/1.54
[   25s] clients 1000 | level 0 (0-0 in window: 30 Hz, dilation 1.0), pace 1.00, 0.0% clients bandwidth-degraded | tick p50 2.79 p99 3.74 max 3.85 ms, 0 overruns | out 30.0k pps 54 kbps/client, 54 Mbps | in 30.0k pps 12 kbps/client | stand-ins: repeated 0.00% frozen 0.00%, 0 late inputs | per client-tick: 190 B (near 29 B, 100% deltas), near 4.3 mid 4.2 far 6.3, far skipped 0 starved 0 | input wait p50 50.1 p99 66.6 ms | 0 joins deferred | kernel drops rcv 0 snd 0
         p50/p99 ms: ingress 0.33/0.50  events 0.09/0.17  movement 0.17/0.26  grid 0.07/0.12  history 0.00/0.00  serialize 0.04/0.06  assembly 0.59/0.98  transport 0.34/0.76  egress 1.08/1.55
[   30s] clients 1000 | level 0 (0-0 in window: 30 Hz, dilation 1.0), pace 1.00, 0.0% clients bandwidth-degraded | tick p50 2.88 p99 3.90 max 3.94 ms, 0 overruns | out 30.0k pps 54 kbps/client, 54 Mbps | in 30.0k pps 12 kbps/client | stand-ins: repeated 0.00% frozen 0.00%, 0 late inputs | per client-tick: 190 B (near 29 B, 100% deltas), near 4.3 mid 4.2 far 6.3, far skipped 0 starved 0 | input wait p50 50.3 p99 66.6 ms | 0 joins deferred | kernel drops rcv 0 snd 0
         p50/p99 ms: ingress 0.34/0.83  events 0.09/0.14  movement 0.17/0.29  grid 0.07/0.14  history 0.00/0.00  serialize 0.04/0.08  assembly 0.61/0.94  transport 0.35/0.74  egress 1.11/1.59
[   35s] clients 1000 | level 0 (0-0 in window: 30 Hz, dilation 1.0), pace 1.00, 0.0% clients bandwidth-degraded | tick p50 2.83 p99 4.05 max 4.06 ms, 0 overruns | out 30.0k pps 54 kbps/client, 54 Mbps | in 30.0k pps 12 kbps/client | stand-ins: repeated 0.00% frozen 0.00%, 0 late inputs | per client-tick: 190 B (near 29 B, 100% deltas), near 4.3 mid 4.2 far 6.3, far skipped 0 starved 0 | input wait p50 50.3 p99 66.5 ms | 0 joins deferred | kernel drops rcv 0 snd 0
         p50/p99 ms: ingress 0.34/0.60  events 0.09/0.15  movement 0.17/0.24  grid 0.07/0.12  history 0.00/0.00  serialize 0.05/0.07  assembly 0.57/0.98  transport 0.34/0.73  egress 1.11/1.60
[   40s] clients 1000 | level 0 (0-0 in window: 30 Hz, dilation 1.0), pace 1.00, 0.0% clients bandwidth-degraded | tick p50 2.80 p99 3.65 max 3.72 ms, 0 overruns | out 30.0k pps 54 kbps/client, 54 Mbps | in 30.0k pps 12 kbps/client | stand-ins: repeated 0.00% frozen 0.00%, 0 late inputs | per client-tick: 191 B (near 29 B, 100% deltas), near 4.4 mid 4.2 far 6.3, far skipped 0 starved 0 | input wait p50 50.3 p99 66.6 ms | 0 joins deferred | kernel drops rcv 0 snd 0
         p50/p99 ms: ingress 0.34/0.55  events 0.08/0.14  movement 0.17/0.26  grid 0.06/0.11  history 0.00/0.00  serialize 0.04/0.06  assembly 0.60/0.99  transport 0.34/0.67  egress 1.07/1.52
[   45s] clients 1000 | level 0 (0-0 in window: 30 Hz, dilation 1.0), pace 1.00, 0.0% clients bandwidth-degraded | tick p50 2.86 p99 3.64 max 3.77 ms, 0 overruns | out 30.0k pps 54 kbps/client, 54 Mbps | in 30.0k pps 12 kbps/client | stand-ins: repeated 0.00% frozen 0.00%, 0 late inputs | per client-tick: 191 B (near 30 B, 100% deltas), near 4.4 mid 4.2 far 6.3, far skipped 0 starved 0 | input wait p50 50.0 p99 66.6 ms | 0 joins deferred | kernel drops rcv 0 snd 0
         p50/p99 ms: ingress 0.33/0.50  events 0.09/0.18  movement 0.16/0.27  grid 0.07/0.14  history 0.00/0.00  serialize 0.05/0.06  assembly 0.56/0.98  transport 0.35/0.64  egress 1.13/1.57
[   50s] clients 1000 | level 0 (0-0 in window: 30 Hz, dilation 1.0), pace 1.00, 0.0% clients bandwidth-degraded | tick p50 2.77 p99 3.70 max 4.11 ms, 0 overruns | out 30.0k pps 54 kbps/client, 54 Mbps | in 30.0k pps 12 kbps/client | stand-ins: repeated 0.00% frozen 0.00%, 0 late inputs | per client-tick: 191 B (near 30 B, 100% deltas), near 4.4 mid 4.2 far 6.3, far skipped 0 starved 0 | input wait p50 50.1 p99 66.5 ms | 0 joins deferred | kernel drops rcv 0 snd 0
         p50/p99 ms: ingress 0.33/0.47  events 0.08/0.13  movement 0.16/0.29  grid 0.07/0.13  history 0.00/0.00  serialize 0.04/0.10  assembly 0.59/0.99  transport 0.34/0.71  egress 1.06/1.54
[   55s] clients 1000 | level 0 (0-0 in window: 30 Hz, dilation 1.0), pace 1.00, 0.0% clients bandwidth-degraded | tick p50 2.89 p99 3.63 max 3.70 ms, 0 overruns | out 30.0k pps 54 kbps/client, 54 Mbps | in 30.0k pps 12 kbps/client | stand-ins: repeated 0.00% frozen 0.00%, 0 late inputs | per client-tick: 191 B (near 30 B, 100% deltas), near 4.4 mid 4.2 far 6.3, far skipped 0 starved 0 | input wait p50 50.0 p99 66.5 ms | 0 joins deferred | kernel drops rcv 0 snd 0
         p50/p99 ms: ingress 0.34/0.49  events 0.09/0.19  movement 0.17/0.28  grid 0.06/0.11  history 0.00/0.00  serialize 0.04/0.07  assembly 0.64/0.99  transport 0.34/0.70  egress 1.12/1.55
[   60s] clients 1000 | level 0 (0-0 in window: 30 Hz, dilation 1.0), pace 1.00, 0.0% clients bandwidth-degraded | tick p50 2.78 p99 3.87 max 3.88 ms, 0 overruns | out 30.0k pps 54 kbps/client, 54 Mbps | in 30.0k pps 12 kbps/client | stand-ins: repeated 0.00% frozen 0.00%, 0 late inputs | per client-tick: 191 B (near 30 B, 100% deltas), near 4.4 mid 4.2 far 6.3, far skipped 0 starved 0 | input wait p50 50.1 p99 66.7 ms | 0 joins deferred | kernel drops rcv 0 snd 0
         p50/p99 ms: ingress 0.33/0.64  events 0.09/0.15  movement 0.16/0.35  grid 0.07/0.12  history 0.00/0.00  serialize 0.04/0.08  assembly 0.58/1.03  transport 0.34/0.66  egress 1.09/1.59
[   60s] clients 0 | level 0 (0-0 in window: 30 Hz, dilation 1.0), pace 1.00, 0.0% clients bandwidth-degraded | tick p50 2.50 p99 3.38 max 3.38 ms, 0 overruns | out 19.8k pps 51 kbps/client, 34 Mbps | in 41.8k pps 17 kbps/client | stand-ins: repeated 0.00% frozen 0.00%, 0 late inputs | per client-tick: 179 B (near 28 B, 100% deltas), near 4.2 mid 3.8 far 5.7, far skipped 0 starved 0 | input wait p50 51.2 p99 66.4 ms | 0 joins deferred | kernel drops rcv 0 snd 0
         p50/p99 ms: ingress 0.41/0.77  events 0.08/0.35  movement 0.14/0.16  grid 0.05/0.07  history 0.00/0.00  serialize 0.03/0.06  assembly 0.50/1.07  transport 0.33/0.34  egress 0.81/1.47

== summary: 1709 steady-state ticks (after warmup, before clients drain), peak 1000 clients ==
  phase        p50 ms   p99 ms   max ms
  ingress        0.34     0.56     1.02
  events         0.09     0.15     0.22
  movement       0.17     0.28     0.36
  grid           0.07     0.12     0.15
  history        0.00     0.00     0.03
  serialize      0.04     0.07     0.14
  assembly       0.60     0.99     1.23
  transport      0.34     0.70     0.95
  egress         1.11     1.58    15.05
  tick           2.85     3.72    17.07
  overruns 0 | spawns 1000 despawns 1000 (438 joins deferred) | stand-ins: repeated 0 frozen 0 | late inputs 0 discarded 0 | bad messages 0 | recv errors 0 send errors 0
  egress (whole run): 1799211 datagrams in 1799211 sends (1.00 per send), 115262 syscalls
  ticks per ladder level (whole run): L0: 1812
  input wait on the server (datagram arrival -> applied): p50 50.1 p99 66.6 max 68.3 mean 49.6 ms
  steady state: stand-ins repeated 0 frozen 0 | late inputs 0 discarded 0
