spawn=uniform
egress=sendmmsg
ladder=on
threads=8
shards=64
peak_clients=1000
steady_ticks=1709
steady_secs=56.9
ingress_p50_ms=0.34
ingress_p99_ms=0.56
ingress_max_ms=1.02
events_p50_ms=0.09
events_p99_ms=0.15
events_max_ms=0.22
movement_p50_ms=0.17
movement_p99_ms=0.28
movement_max_ms=0.36
grid_p50_ms=0.07
grid_p99_ms=0.12
grid_max_ms=0.15
history_p50_ms=0.00
history_p99_ms=0.00
history_max_ms=0.03
serialize_p50_ms=0.04
serialize_p99_ms=0.07
serialize_max_ms=0.14
assembly_p50_ms=0.60
assembly_p99_ms=0.99
assembly_max_ms=1.23
transport_p50_ms=0.34
transport_p99_ms=0.70
transport_max_ms=0.95
egress_p50_ms=1.11
egress_p99_ms=1.58
egress_max_ms=15.05
tick_p50_ms=2.85
tick_p99_ms=3.72
tick_max_ms=17.07
steady_overruns=0
level_mode=0
tick_hz=30
dilation=1
levels=L0:1709
clients_avg=1000
out_pps=30016
in_pps=30014
egress_mbps=54.2
packets_per_client_tick=1.00
wire_bytes_per_client_tick=226
down_kbps_per_client=54.2
up_kbps_per_client=12.0
kernel_rcvbuf_drops=0
kernel_sndbuf_drops=0
snapshot_bytes_per_client_tick=191
near_bytes_per_client_tick=29
near_per_client_tick=4.3
mid_per_client_tick=4.2
far_per_client_tick=6.3
far_skipped=0
far_starved=0
repeated=0
frozen=0
late_inputs=0
discarded_inputs=0
input_wait_p50_ms=50.1
input_wait_p99_ms=66.6
spawns=1000
despawns=1000
joins_deferred=438
bad_messages=0
recv_errors=0
send_errors=0
datagrams=1799211
sends=1799211
send_syscalls=115262
