preallocated connections for 10000 clients in 219.330115ms
listening on 172.16.16.2:40500 | spawn Disk(25.0) | tiers near 64@150 m, mid 500 m, far 1500 m, budget 6250 B/tick, squads of 4 | 64 rayon threads, 64 shards, 256 accepts/tick, egress SendMmsg | socket buffers rcv 32768 KiB snd 32768 KiB
[    5s] clients 217 | level 0 (0-0 in window: 30 Hz, dilation 1.0), pace 1.00, 0.0% clients bandwidth-degraded | tick p50 0.98 p99 1.74 max 1.95 ms, 0 overruns | out 2.9k pps 145 kbps/client, 14 Mbps | in 2.9k pps 14 kbps/client | stand-ins: repeated 0.00% frozen 0.00%, 0 late inputs | per client-tick: 564 B (near 347 B, 96% deltas), near 62.1 mid 16.4 far 0.0, far skipped 0 starved 0 | input wait p50 49.1 p99 65.8 ms | 0 joins deferred | kernel drops rcv 0 snd 0
         p50/p99 ms: ingress 0.33/0.56  events 0.07/0.12  movement 0.01/0.02  grid 0.06/0.14  history 0.00/0.01  serialize 0.01/0.02  assembly 0.25/1.03  transport 0.10/0.19  egress 0.13/0.22
[   10s] clients 468 | level 0 (0-0 in window: 30 Hz, dilation 1.0), pace 1.00, 0.0% clients bandwidth-degraded | tick p50 1.67 p99 2.09 max 2.16 ms, 0 overruns | out 17.5k pps 306 kbps/client, 105 Mbps | in 10.3k pps 13 kbps/client | stand-ins: repeated 0.00% frozen 0.00%, 0 late inputs | per client-tick: 1220 B (near 349 B, 97% deltas), near 64.0 mid 75.2 far 0.0, far skipped 0 starved 0 | input wait p50 49.1 p99 65.8 ms | 0 joins deferred | kernel drops rcv 0 snd 0
         p50/p99 ms: ingress 0.35/0.40  events 0.14/0.22  movement 0.03/0.06  grid 0.06/0.08  history 0.00/0.00  serialize 0.02/0.04  assembly 0.52/0.74  transport 0.17/0.27  egress 0.39/0.52
[   15s] clients 717 | level 0 (0-0 in window: 30 Hz, dilation 1.0), pace 1.00, 0.0% clients bandwidth-degraded | tick p50 2.44 p99 2.90 max 2.91 ms, 0 overruns | out 35.7k pps 338 kbps/client, 201 Mbps | in 17.8k pps 12 kbps/client | stand-ins: repeated 0.00% frozen 0.00%, 0 late inputs | per client-tick: 1345 B (near 353 B, 97% deltas), near 64.0 mid 86.0 far 0.0, far skipped 0 starved 0 | input wait p50 49.1 p99 65.7 ms | 0 joins deferred | kernel drops rcv 0 snd 0
         p50/p99 ms: ingress 0.34/0.43  events 0.25/0.30  movement 0.09/0.13  grid 0.06/0.08  history 0.00/0.01  serialize 0.04/0.06  assembly 0.87/1.18  transport 0.24/0.35  egress 0.55/0.68
[   20s] clients 968 | level 0 (0-0 in window: 30 Hz, dilation 1.0), pace 1.00, 0.0% clients bandwidth-degraded | tick p50 3.12 p99 3.79 max 3.84 ms, 0 overruns | out 50.7k pps 340 kbps/client, 287 Mbps | in 25.3k pps 12 kbps/client | stand-ins: repeated 0.00% frozen 0.00%, 0 late inputs | per client-tick: 1351 B (near 359 B, 97% deltas), near 64.0 mid 86.0 far 0.0, far skipped 0 starved 0 | input wait p50 49.1 p99 65.7 ms | 0 joins deferred | kernel drops rcv 0 snd 0
         p50/p99 ms: ingress 0.34/0.44  events 0.31/0.39  movement 0.12/0.15  grid 0.07/0.08  history 0.00/0.01  serialize 0.05/0.07  assembly 1.22/1.56  transport 0.29/0.43  egress 0.68/0.93
[   25s] clients 1217 | level 0 (0-0 in window: 30 Hz, dilation 1.0), pace 1.00, 0.0% clients bandwidth-degraded | tick p50 3.98 p99 4.50 max 4.55 ms, 0 overruns | out 65.7k pps 341 kbps/client, 373 Mbps | in 32.8k pps 12 kbps/client | stand-ins: repeated 0.00% frozen 0.00%, 0 late inputs | per client-tick: 1356 B (near 364 B, 96% deltas), near 64.0 mid 86.0 far 0.0, far skipped 0 starved 0 | input wait p50 49.1 p99 65.6 ms | 0 joins deferred | kernel drops rcv 0 snd 0
         p50/p99 ms: ingress 0.38/0.49  events 0.35/0.42  movement 0.11/0.15  grid 0.08/0.09  history 0.00/0.01  serialize 0.06/0.09  assembly 1.73/2.17  transport 0.37/0.46  egress 0.91/1.06
[   30s] clients 1467 | level 0 (0-0 in window: 30 Hz, dilation 1.0), pace 1.00, 0.0% clients bandwidth-degraded | tick p50 4.58 p99 5.65 max 5.72 ms, 0 overruns | out 80.6k pps 342 kbps/client, 459 Mbps | in 40.3k pps 12 kbps/client | stand-ins: repeated 0.00% frozen 0.00%, 0 late inputs | per client-tick: 1361 B (near 369 B, 96% deltas), near 64.0 mid 86.0 far 0.0, far skipped 0 starved 0 | input wait p50 49.9 p99 65.7 ms | 0 joins deferred | kernel drops rcv 0 snd 0
         p50/p99 ms: ingress 0.41/0.48  events 0.43/0.50  movement 0.12/0.15  grid 0.09/0.10  history 0.00/0.00  serialize 0.07/0.11  assembly 2.07/2.92  transport 0.42/0.51  egress 1.01/1.23
[   35s] clients 1715 | level 0 (0-0 in window: 30 Hz, dilation 1.0), pace 1.00, 0.0% clients bandwidth-degraded | tick p50 5.50 p99 6.09 max 6.45 ms, 0 overruns | out 95.6k pps 343 kbps/client, 546 Mbps | in 47.8k pps 12 kbps/client | stand-ins: repeated 0.00% frozen 0.00%, 0 late inputs | per client-tick: 1365 B (near 373 B, 96% deltas), near 64.0 mid 86.0 far 0.0, far skipped 0 starved 0 | input wait p50 49.9 p99 65.8 ms | 0 joins deferred | kernel drops rcv 0 snd 0
         p50/p99 ms: ingress 0.45/0.58  events 0.54/0.60  movement 0.14/0.16  grid 0.09/0.10  history 0.00/0.01  serialize 0.10/0.15  assembly 2.47/3.08  transport 0.47/0.57  egress 1.23/1.38
[   40s] clients 1967 | level 0 (0-0 in window: 30 Hz, dilation 1.0), pace 1.00, 0.0% clients bandwidth-degraded | tick p50 6.17 p99 7.21 max 7.33 ms, 0 overruns | out 110.6k pps 344 kbps/client, 633 Mbps | in 55.3k pps 12 kbps/client | stand-ins: repeated 0.00% frozen 0.00%, 0 late inputs | per client-tick: 1368 B (near 376 B, 95% deltas), near 64.0 mid 86.0 far 0.0, far skipped 0 starved 0 | input wait p50 50.0 p99 66.4 ms | 0 joins deferred | kernel drops rcv 0 snd 0
         p50/p99 ms: ingress 0.48/0.66  events 0.61/0.67  movement 0.15/0.18  grid 0.10/0.11  history 0.00/0.01  serialize 0.12/0.16  assembly 2.89/3.69  transport 0.53/0.60  egress 1.37/1.61
[   45s] clients 2218 | level 0 (0-0 in window: 30 Hz, dilation 1.0), pace 1.00, 0.0% clients bandwidth-degraded | tick p50 6.94 p99 7.85 max 7.87 ms, 0 overruns | out 125.6k pps 345 kbps/client, 721 Mbps | in 62.8k pps 12 kbps/client | stand-ins: repeated 0.00% frozen 0.00%, 0 late inputs | per client-tick: 1371 B (near 379 B, 95% deltas), near 64.0 mid 86.0 far 0.0, far skipped 0 starved 0 | input wait p50 50.0 p99 66.3 ms | 0 joins deferred | kernel drops rcv 0 snd 0
         p50/p99 ms: ingress 0.51/0.75  events 0.67/0.73  movement 0.16/0.20  grid 0.12/0.13  history 0.00/0.00  serialize 0.10/0.16  assembly 3.29/4.02  transport 0.57/0.64  egress 1.53/1.77
[   50s] clients 2467 | level 0 (0-0 in window: 30 Hz, dilation 1.0), pace 1.00, 0.0% clients bandwidth-degraded | tick p50 7.74 p99 8.56 max 8.79 ms, 0 overruns | out 140.6k pps 345 kbps/client, 809 Mbps | in 70.3k pps 12 kbps/client | stand-ins: repeated 0.00% frozen 0.00%, 0 late inputs | per client-tick: 1374 B (near 382 B, 95% deltas), near 64.0 mid 86.0 far 0.0, far skipped 0 starved 0 | input wait p50 49.9 p99 66.2 ms | 0 joins deferred | kernel drops rcv 0 snd 0
         p50/p99 ms: ingress 0.54/0.79  events 0.70/0.77  movement 0.15/0.22  grid 0.12/0.14  history 0.00/0.01  serialize 0.10/0.14  assembly 3.77/4.55  transport 0.63/0.72  egress 1.70/1.93
[   55s] clients 2718 | level 0 (0-0 in window: 30 Hz, dilation 1.0), pace 1.00, 0.0% clients bandwidth-degraded | tick p50 8.63 p99 9.54 max 9.75 ms, 0 overruns | out 155.6k pps 346 kbps/client, 896 Mbps | in 77.8k pps 12 kbps/client | stand-ins: repeated 0.00% frozen 0.00%, 0 late inputs | per client-tick: 1376 B (near 384 B, 94% deltas), near 64.0 mid 86.0 far 0.0, far skipped 0 starved 0 | input wait p50 50.0 p99 66.2 ms | 0 joins deferred | kernel drops rcv 0 snd 0
         p50/p99 ms: ingress 0.58/0.69  events 0.74/0.82  movement 0.16/0.22  grid 0.12/0.14  history 0.00/0.02  serialize 0.11/0.17  assembly 4.42/5.20  transport 0.68/0.77  egress 1.90/2.13
[   60s] clients 2965 | level 0 (0-0 in window: 30 Hz, dilation 1.0), pace 1.00, 0.0% clients bandwidth-degraded | tick p50 9.45 p99 10.82 max 11.02 ms, 0 overruns | out 170.6k pps 346 kbps/client, 984 Mbps | in 85.3k pps 12 kbps/client | stand-ins: repeated 0.00% frozen 0.00%, 0 late inputs | per client-tick: 1378 B (near 386 B, 94% deltas), near 64.0 mid 86.0 far 0.0, far skipped 0 starved 0 | input wait p50 50.0 p99 66.1 ms | 0 joins deferred | kernel drops rcv 0 snd 0
         p50/p99 ms: ingress 0.61/0.70  events 0.81/0.88  movement 0.17/0.24  grid 0.12/0.14  history 0.00/0.01  serialize 0.11/0.15  assembly 5.04/5.88  transport 0.73/0.81  egress 1.91/2.30
[   65s] clients 3219 | level 0 (0-0 in window: 30 Hz, dilation 1.0), pace 1.00, 0.0% clients bandwidth-degraded | tick p50 10.64 p99 11.86 max 12.16 ms, 0 overruns | out 185.7k pps 347 kbps/client, 1073 Mbps | in 92.8k pps 12 kbps/client | stand-ins: repeated 0.00% frozen 0.00%, 0 late inputs | per client-tick: 1380 B (near 388 B, 94% deltas), near 64.0 mid 86.0 far 0.0, far skipped 0 starved 0 | input wait p50 49.9 p99 66.1 ms | 0 joins deferred | kernel drops rcv 0 snd 0
         p50/p99 ms: ingress 0.65/0.75  events 0.93/1.06  movement 0.18/0.24  grid 0.13/0.14  history 0.00/0.01  serialize 0.11/0.18  assembly 5.77/7.02  transport 0.78/0.88  egress 2.22/2.49
[   70s] clients 3467 | level 0 (0-0 in window: 30 Hz, dilation 1.0), pace 1.00, 0.0% clients bandwidth-degraded | tick p50 11.54 p99 12.68 max 13.04 ms, 0 overruns | out 200.7k pps 347 kbps/client, 1161 Mbps | in 100.4k pps 12 kbps/client | stand-ins: repeated 0.00% frozen 0.00%, 0 late inputs | per client-tick: 1382 B (near 390 B, 94% deltas), near 64.0 mid 86.0 far 0.0, far skipped 0 starved 0 | input wait p50 49.9 p99 66.1 ms | 0 joins deferred | kernel drops rcv 0 snd 0
         p50/p99 ms: ingress 0.68/0.78  events 1.06/1.14  movement 0.18/0.23  grid 0.14/0.15  history 0.00/0.01  serialize 0.12/0.18  assembly 6.41/7.67  transport 0.82/0.90  egress 2.10/2.60
[   75s] clients 3719 | level 0 (0-0 in window: 30 Hz, dilation 1.0), pace 1.00, 0.0% clients bandwidth-degraded | tick p50 12.18 p99 13.38 max 13.77 ms, 0 overruns | out 215.7k pps 348 kbps/client, 1250 Mbps | in 107.9k pps 12 kbps/client | stand-ins: repeated 0.00% frozen 0.00%, 0 late inputs | per client-tick: 1384 B (near 392 B, 93% deltas), near 64.0 mid 86.0 far 0.0, far skipped 0 starved 0 | input wait p50 49.9 p99 66.0 ms | 0 joins deferred | kernel drops rcv 0 snd 0
         p50/p99 ms: ingress 0.71/0.96  events 1.16/1.25  movement 0.18/0.24  grid 0.14/0.15  history 0.00/0.01  serialize 0.12/0.16  assembly 7.14/8.05  transport 0.86/0.96  egress 1.79/2.58
[   80s] clients 3968 | level 0 (0-0 in window: 30 Hz, dilation 1.0), pace 1.00, 0.0% clients bandwidth-degraded | tick p50 13.26 p99 14.39 max 14.46 ms, 0 overruns | out 230.7k pps 348 kbps/client, 1339 Mbps | in 115.4k pps 12 kbps/client | stand-ins: repeated 0.00% frozen 0.00%, 0 late inputs | per client-tick: 1386 B (near 394 B, 93% deltas), near 64.0 mid 86.0 far 0.0, far skipped 0 starved 0 | input wait p50 49.9 p99 66.0 ms | 0 joins deferred | kernel drops rcv 0 snd 0
         p50/p99 ms: ingress 0.75/0.89  events 1.24/1.35  movement 0.19/0.24  grid 0.15/0.17  history 0.00/0.01  serialize 0.13/0.18  assembly 7.92/8.94  transport 0.90/1.01  egress 1.89/2.53
[   85s] clients 4217 | level 0 (0-0 in window: 30 Hz, dilation 1.0), pace 1.00, 0.0% clients bandwidth-degraded | tick p50 14.74 p99 15.61 max 15.64 ms, 0 overruns | out 245.7k pps 349 kbps/client, 1428 Mbps | in 122.8k pps 12 kbps/client | stand-ins: repeated 0.00% frozen 0.00%, 0 late inputs | per client-tick: 1388 B (near 396 B, 93% deltas), near 64.0 mid 86.0 far 0.0, far skipped 0 starved 0 | input wait p50 49.9 p99 66.0 ms | 0 joins deferred | kernel drops rcv 0 snd 0
         p50/p99 ms: ingress 0.79/1.14  events 1.29/1.51  movement 0.21/0.25  grid 0.17/0.20  history 0.00/0.01  serialize 0.13/0.20  assembly 8.84/9.75  transport 0.96/1.05  egress 2.11/2.85
[   90s] clients 4469 | level 0 (0-0 in window: 30 Hz, dilation 1.0), pace 1.00, 0.0% clients bandwidth-degraded | tick p50 15.24 p99 16.50 max 16.80 ms, 0 overruns | out 260.7k pps 349 kbps/client, 1516 Mbps | in 130.4k pps 12 kbps/client | stand-ins: repeated 0.00% frozen 0.00%, 0 late inputs | per client-tick: 1390 B (near 398 B, 93% deltas), near 64.0 mid 86.0 far 0.0, far skipped 0 starved 0 | input wait p50 49.9 p99 65.9 ms | 0 joins deferred | kernel drops rcv 0 snd 0
         p50/p99 ms: ingress 0.84/1.17  events 1.35/1.47  movement 0.22/0.27  grid 0.17/0.20  history 0.00/0.01  serialize 0.13/0.20  assembly 9.64/10.57  transport 1.02/1.10  egress 1.83/2.76
[   95s] clients 4716 | level 0 (0-0 in window: 30 Hz, dilation 1.0), pace 1.00, 0.0% clients bandwidth-degraded | tick p50 16.30 p99 18.10 max 18.18 ms, 0 overruns | out 275.6k pps 350 kbps/client, 1606 Mbps | in 137.8k pps 12 kbps/client | stand-ins: repeated 0.00% frozen 0.00%, 0 late inputs | per client-tick: 1392 B (near 400 B, 93% deltas), near 64.0 mid 86.0 far 0.0, far skipped 0 starved 0 | input wait p50 49.7 p99 65.9 ms | 0 joins deferred | kernel drops rcv 0 snd 0
         p50/p99 ms: ingress 0.84/0.98  events 1.45/1.66  movement 0.23/0.26  grid 0.20/0.22  history 0.00/0.01  serialize 0.13/0.20  assembly 10.46/11.66  transport 1.03/1.15  egress 1.94/2.45
[  100s] clients 4969 | level 0 (0-0 in window: 30 Hz, dilation 1.0), pace 1.00, 0.0% clients bandwidth-degraded | tick p50 18.16 p99 19.97 max 20.04 ms, 0 overruns | out 290.7k pps 350 kbps/client, 1695 Mbps | in 145.4k pps 12 kbps/client | stand-ins: repeated 0.00% frozen 0.00%, 0 late inputs | per client-tick: 1394 B (near 402 B, 92% deltas), near 64.0 mid 86.0 far 0.0, far skipped 0 starved 0 | input wait p50 49.5 p99 65.9 ms | 0 joins deferred | kernel drops rcv 0 snd 0
         p50/p99 ms: ingress 0.84/0.94  events 1.56/1.75  movement 0.23/0.27  grid 0.21/0.23  history 0.00/0.01  serialize 0.14/0.23  assembly 11.65/12.95  transport 1.07/1.18  egress 2.39/3.20
[  105s] clients 5217 | level 0 (0-0 in window: 30 Hz, dilation 1.0), pace 1.00, 0.0% clients bandwidth-degraded | tick p50 19.64 p99 21.58 max 21.83 ms, 0 overruns | out 305.6k pps 350 kbps/client, 1785 Mbps | in 152.9k pps 12 kbps/client | stand-ins: repeated 0.00% frozen 0.00%, 0 late inputs | per client-tick: 1395 B (near 403 B, 92% deltas), near 64.0 mid 86.0 far 0.0, far skipped 0 starved 0 | input wait p50 49.8 p99 65.9 ms | 0 joins deferred | kernel drops rcv 0 snd 0
         p50/p99 ms: ingress 0.88/1.02  events 1.60/1.80  movement 0.23/0.27  grid 0.21/0.23  history 0.00/0.01  serialize 0.14/0.23  assembly 12.73/14.28  transport 1.12/1.24  egress 2.55/3.27
[  110s] clients 5467 | level 0 (0-0 in window: 30 Hz, dilation 1.0), pace 1.00, 0.0% clients bandwidth-degraded | tick p50 20.97 p99 22.30 max 22.68 ms, 0 overruns | out 320.6k pps 351 kbps/client, 1874 Mbps | in 160.3k pps 12 kbps/client | stand-ins: repeated 0.00% frozen 0.00%, 0 late inputs | per client-tick: 1397 B (near 405 B, 92% deltas), near 64.0 mid 86.0 far 0.0, far skipped 0 starved 0 | input wait p50 49.8 p99 65.9 ms | 0 joins deferred | kernel drops rcv 0 snd 0
         p50/p99 ms: ingress 0.90/1.02  events 1.67/1.88  movement 0.23/0.27  grid 0.22/0.24  history 0.00/0.01  serialize 0.14/0.20  assembly 13.84/15.12  transport 1.16/1.28  egress 2.63/3.47
[  115s] clients 5719 | level 0 (0-0 in window: 30 Hz, dilation 1.0), pace 1.00, 0.0% clients bandwidth-degraded | tick p50 22.21 p99 23.61 max 23.84 ms, 0 overruns | out 335.6k pps 351 kbps/client, 1965 Mbps | in 167.9k pps 12 kbps/client | stand-ins: repeated 0.00% frozen 0.00%, 0 late inputs | per client-tick: 1399 B (near 407 B, 92% deltas), near 64.0 mid 86.0 far 0.0, far skipped 0 starved 0 | input wait p50 49.9 p99 65.9 ms | 0 joins deferred | kernel drops rcv 0 snd 0
         p50/p99 ms: ingress 0.93/1.04  events 1.79/1.97  movement 0.24/0.28  grid 0.23/0.24  history 0.00/0.01  serialize 0.14/0.24  assembly 14.86/16.67  transport 1.19/1.30  egress 2.77/3.43
[  120s] clients 5966 | level 0 (0-0 in window: 30 Hz, dilation 1.0), pace 1.00, 0.0% clients bandwidth-degraded | tick p50 23.59 p99 26.05 max 26.44 ms, 0 overruns | out 350.6k pps 352 kbps/client, 2054 Mbps | in 175.3k pps 12 kbps/client | stand-ins: repeated 0.00% frozen 0.00%, 0 late inputs | per client-tick: 1400 B (near 408 B, 92% deltas), near 64.0 mid 86.0 far 0.0, far skipped 0 starved 0 | input wait p50 49.9 p99 65.8 ms | 0 joins deferred | kernel drops rcv 0 snd 0
         p50/p99 ms: ingress 0.94/1.09  events 1.77/2.28  movement 0.24/0.28  grid 0.22/0.25  history 0.01/0.01  serialize 0.15/0.22  assembly 16.19/18.45  transport 1.23/1.35  egress 2.78/3.60
[  125s] clients 6218 | level 0 (0-0 in window: 30 Hz, dilation 1.0), pace 1.00, 0.0% clients bandwidth-degraded | tick p50 25.35 p99 27.66 max 27.96 ms, 0 overruns | out 365.6k pps 352 kbps/client, 2144 Mbps | in 182.8k pps 12 kbps/client | stand-ins: repeated 0.00% frozen 0.00%, 0 late inputs | per client-tick: 1401 B (near 409 B, 91% deltas), near 64.0 mid 86.0 far 0.0, far skipped 0 starved 0 | input wait p50 49.9 p99 65.8 ms | 0 joins deferred | kernel drops rcv 0 snd 0
         p50/p99 ms: ingress 0.95/1.10  events 1.88/2.12  movement 0.24/0.28  grid 0.24/0.26  history 0.01/0.01  serialize 0.15/0.23  assembly 17.59/19.83  transport 1.26/1.38  egress 2.87/3.72
[  130s] clients 6466 | level 0 (0-0 in window: 30 Hz, dilation 1.0), pace 1.00, 0.0% clients bandwidth-degraded | tick p50 26.74 p99 29.00 max 29.29 ms, 0 overruns | out 380.4k pps 352 kbps/client, 2234 Mbps | in 190.3k pps 12 kbps/client | stand-ins: repeated 0.00% frozen 0.00%, 0 late inputs | per client-tick: 1403 B (near 411 B, 91% deltas), near 64.0 mid 86.0 far 0.0, far skipped 0 starved 0 | input wait p50 50.1 p99 65.8 ms | 0 joins deferred | kernel drops rcv 0 snd 0
         p50/p99 ms: ingress 0.99/1.23  events 1.95/2.20  movement 0.25/0.28  grid 0.25/0.27  history 0.01/0.01  serialize 0.15/0.34  assembly 18.75/21.15  transport 1.30/1.42  egress 3.10/3.99
[  135s] clients 6717 | level 0 (0-0 in window: 30 Hz, dilation 1.0), pace 1.00, 0.0% clients bandwidth-degraded | tick p50 28.02 p99 31.43 max 32.51 ms, 0 overruns | out 395.5k pps 353 kbps/client, 2326 Mbps | in 197.9k pps 12 kbps/client | stand-ins: repeated 0.00% frozen 0.00%, 0 late inputs | per client-tick: 1405 B (near 413 B, 91% deltas), near 64.0 mid 86.0 far 0.0, far skipped 0 starved 0 | input wait p50 50.0 p99 65.8 ms | 0 joins deferred | kernel drops rcv 0 snd 0
         p50/p99 ms: ingress 1.02/1.19  events 2.04/2.32  movement 0.26/0.29  grid 0.25/0.28  history 0.01/0.01  serialize 0.16/0.45  assembly 19.71/23.12  transport 1.35/1.51  egress 3.17/3.99
[  140s] clients 6968 | level 0 (0-0 in window: 30 Hz, dilation 1.0), pace 1.00, 0.0% clients bandwidth-degraded | tick p50 29.92 p99 32.40 max 32.56 ms, 0 overruns | out 410.6k pps 353 kbps/client, 2417 Mbps | in 205.3k pps 12 kbps/client | stand-ins: repeated 0.00% frozen 0.00%, 0 late inputs | per client-tick: 1407 B (near 415 B, 91% deltas), near 64.0 mid 86.0 far 0.0, far skipped 0 starved 0 | input wait p50 50.1 p99 65.8 ms | 0 joins deferred | kernel drops rcv 0 snd 0
         p50/p99 ms: ingress 1.05/1.20  events 2.14/2.33  movement 0.26/0.48  grid 0.26/0.29  history 0.01/0.01  serialize 0.16/0.35  assembly 21.45/23.55  transport 1.38/1.54  egress 3.28/4.00
[  145s] clients 7217 | level 0 (0-0 in window: 30 Hz, dilation 1.0), pace 1.00, 0.0% clients bandwidth-degraded | tick p50 31.85 p99 34.49 max 34.50 ms, 13 overruns | out 425.0k pps 353 kbps/client, 2504 Mbps | in 212.6k pps 12 kbps/client | stand-ins: repeated 0.00% frozen 0.00%, 0 late inputs | per client-tick: 1408 B (near 416 B, 91% deltas), near 64.0 mid 86.0 far 0.0, far skipped 0 starved 0 | input wait p50 51.6 p99 68.2 ms | 0 joins deferred | kernel drops rcv 0 snd 0
         p50/p99 ms: ingress 1.08/1.30  events 2.25/2.54  movement 0.26/0.30  grid 0.28/0.30  history 0.01/0.01  serialize 0.17/0.20  assembly 23.01/25.56  transport 1.44/1.56  egress 3.33/4.48
[  150s] clients 7467 | level 0 (0-0 in window: 30 Hz, dilation 1.0), pace 0.97, 0.0% clients bandwidth-degraded | tick p50 33.88 p99 36.07 max 36.09 ms, 99 overruns | out 431.1k pps 347 kbps/client, 2545 Mbps | in 215.9k pps 12 kbps/client | stand-ins: repeated 0.00% frozen 0.00%, 0 late inputs | per client-tick: 1411 B (near 419 B, 90% deltas), near 64.0 mid 86.0 far 0.0, far skipped 0 starved 0 | input wait p50 65.6 p99 88.7 ms | 0 joins deferred | kernel drops rcv 0 snd 0
         p50/p99 ms: ingress 1.12/1.75  events 2.44/2.65  movement 0.27/0.31  grid 0.29/0.30  history 0.01/0.01  serialize 0.17/0.21  assembly 24.66/26.95  transport 1.49/1.61  egress 3.31/3.99
[  155s] clients 7718 | level 0 (0-0 in window: 30 Hz, dilation 1.0), pace 0.92, 0.0% clients bandwidth-degraded | tick p50 35.45 p99 38.32 max 38.44 ms, 139 overruns | out 427.2k pps 333 kbps/client, 2529 Mbps | in 214.2k pps 11 kbps/client | stand-ins: repeated 0.00% frozen 0.00%, 0 late inputs | per client-tick: 1415 B (near 423 B, 90% deltas), near 64.0 mid 86.0 far 0.0, far skipped 0 starved 0 | input wait p50 67.9 p99 89.7 ms | 0 joins deferred | kernel drops rcv 0 snd 0
         p50/p99 ms: ingress 1.15/1.38  events 2.50/3.49  movement 0.27/0.33  grid 0.28/0.31  history 0.01/0.01  serialize 0.17/0.23  assembly 26.16/28.36  transport 1.51/1.67  egress 3.36/3.86
[  160s] clients 7968 | level 0 (0-0 in window: 30 Hz, dilation 1.0), pace 0.88, 0.0% clients bandwidth-degraded | tick p50 37.67 p99 39.74 max 39.77 ms, 133 overruns | out 417.0k pps 316 kbps/client, 2478 Mbps | in 208.2k pps 11 kbps/client | stand-ins: repeated 0.00% frozen 0.00%, 0 late inputs | per client-tick: 1421 B (near 429 B, 89% deltas), near 64.0 mid 86.0 far 0.0, far skipped 0 starved 0 | input wait p50 74.1 p99 94.9 ms | 0 joins deferred | kernel drops rcv 0 snd 0
         p50/p99 ms: ingress 1.22/1.88  events 2.62/2.89  movement 0.28/0.31  grid 0.28/0.32  history 0.01/0.01  serialize 0.17/0.19  assembly 28.10/30.22  transport 1.58/1.70  egress 3.32/4.19
[  165s] clients 8218 | level 0 (0-0 in window: 30 Hz, dilation 1.0), pace 0.83, 0.0% clients bandwidth-degraded | tick p50 39.51 p99 41.59 max 41.85 ms, 127 overruns | out 411.0k pps 303 kbps/client, 2449 Mbps | in 205.2k pps 10 kbps/client | stand-ins: repeated 0.00% frozen 0.00%, 0 late inputs | per client-tick: 1425 B (near 433 B, 88% deltas), near 64.0 mid 86.0 far 0.0, far skipped 0 starved 0 | input wait p50 78.2 p99 98.8 ms | 0 joins deferred | kernel drops rcv 0 snd 0
         p50/p99 ms: ingress 1.22/1.37  events 2.61/3.10  movement 0.28/0.33  grid 0.29/0.33  history 0.01/0.01  serialize 0.17/0.23  assembly 29.66/31.54  transport 1.60/1.71  egress 3.47/4.47
[  170s] clients 8470 | level 0 (0-0 in window: 30 Hz, dilation 1.0), pace 0.79, 0.0% clients bandwidth-degraded | tick p50 41.77 p99 44.15 max 44.57 ms, 121 overruns | out 401.7k pps 288 kbps/client, 2401 Mbps | in 201.4k pps 10 kbps/client | stand-ins: repeated 0.00% frozen 0.00%, 0 late inputs | per client-tick: 1430 B (near 438 B, 87% deltas), near 64.0 mid 86.0 far 0.0, far skipped 0 starved 0 | input wait p50 81.4 p99 102.9 ms | 0 joins deferred | kernel drops rcv 0 snd 0
         p50/p99 ms: ingress 1.26/1.46  events 2.64/2.94  movement 0.31/0.35  grid 0.30/0.33  history 0.01/0.01  serialize 0.20/0.28  assembly 31.43/33.82  transport 1.65/1.74  egress 3.82/5.01
[  175s] clients 8719 | level 0 (0-0 in window: 30 Hz, dilation 1.0), pace 0.75, 0.0% clients bandwidth-degraded | tick p50 43.26 p99 47.67 max 48.41 ms, 116 overruns | out 396.1k pps 276 kbps/client, 2374 Mbps | in 198.0k pps 9 kbps/client | stand-ins: repeated 0.00% frozen 0.00%, 0 late inputs | per client-tick: 1434 B (near 442 B, 87% deltas), near 64.0 mid 86.0 far 0.0, far skipped 0 starved 0 | input wait p50 84.8 p99 109.2 ms | 0 joins deferred | kernel drops rcv 0 snd 0
         p50/p99 ms: ingress 1.24/1.46  events 2.69/3.04  movement 0.30/0.36  grid 0.32/0.36  history 0.01/0.01  serialize 0.20/0.24  assembly 32.72/36.52  transport 1.67/1.91  egress 4.11/5.13
[  180s] clients 8970 | level 0 (0-0 in window: 30 Hz, dilation 1.0), pace 0.73, 0.0% clients bandwidth-degraded | tick p50 45.50 p99 48.95 max 50.49 ms, 110 overruns | out 388.7k pps 264 kbps/client, 2338 Mbps | in 193.9k pps 9 kbps/client | stand-ins: repeated 0.00% frozen 0.00%, 0 late inputs | per client-tick: 1439 B (near 447 B, 86% deltas), near 64.0 mid 86.0 far 0.0, far skipped 0 starved 0 | input wait p50 89.8 p99 111.5 ms | 0 joins deferred | kernel drops rcv 0 snd 0
         p50/p99 ms: ingress 1.27/1.50  events 2.79/3.28  movement 0.31/0.38  grid 0.34/0.44  history 0.01/0.01  serialize 0.20/0.26  assembly 34.44/37.94  transport 1.71/1.98  egress 4.30/5.06
[  185s] clients 9221 | level 0 (0-0 in window: 30 Hz, dilation 1.0), pace 0.68, 0.0% clients bandwidth-degraded | tick p50 46.92 p99 52.52 max 53.77 ms, 106 overruns | out 384.3k pps 254 kbps/client, 2311 Mbps | in 192.4k pps 8 kbps/client | stand-ins: repeated 0.00% frozen 0.00%, 0 late inputs | per client-tick: 1439 B (near 447 B, 86% deltas), near 64.0 mid 86.0 far 0.0, far skipped 0 starved 0 | input wait p50 94.1 p99 122.5 ms | 0 joins deferred | kernel drops rcv 0 snd 0
         p50/p99 ms: ingress 1.33/1.64  events 2.95/3.48  movement 0.32/0.47  grid 0.34/0.46  history 0.01/0.01  serialize 0.20/0.30  assembly 35.67/41.34  transport 1.79/2.05  egress 4.39/5.31
[  190s] clients 9471 | level 0 (0-0 in window: 30 Hz, dilation 1.0), pace 0.64, 0.0% clients bandwidth-degraded | tick p50 50.52 p99 55.75 max 55.75 ms, 99 overruns | out 369.6k pps 237 kbps/client, 2213 Mbps | in 184.1k pps 8 kbps/client | stand-ins: repeated 0.00% frozen 0.00%, 0 late inputs | per client-tick: 1432 B (near 440 B, 87% deltas), near 64.0 mid 86.0 far 0.0, far skipped 0 starved 0 | input wait p50 104.8 p99 157.7 ms | 0 joins deferred | kernel drops rcv 0 snd 0
         p50/p99 ms: ingress 1.33/1.66  events 3.19/3.90  movement 0.32/0.68  grid 0.35/0.44  history 0.01/0.12  serialize 0.20/0.26  assembly 38.18/43.26  transport 1.93/2.15  egress 4.98/7.39
[  195s] clients 9722 | level 0 (0-0 in window: 30 Hz, dilation 1.0), pace 0.63, 0.0% clients bandwidth-degraded | tick p50 53.06 p99 57.79 max 57.79 ms, 95 overruns | out 361.5k pps 225 kbps/client, 2157 Mbps | in 181.2k pps 8 kbps/client | stand-ins: repeated 0.00% frozen 0.00%, 0 late inputs | per client-tick: 1427 B (near 435 B, 88% deltas), near 64.0 mid 86.0 far 0.0, far skipped 0 starved 0 | input wait p50 95.9 p99 137.7 ms | 0 joins deferred | kernel drops rcv 0 snd 0
         p50/p99 ms: ingress 1.40/1.65  events 3.18/3.48  movement 0.32/0.52  grid 0.35/0.37  history 0.01/0.01  serialize 0.21/0.32  assembly 40.19/45.02  transport 2.01/2.27  egress 5.22/7.15
[  200s] clients 9974 | level 0 (0-0 in window: 30 Hz, dilation 1.0), pace 0.61, 0.0% clients bandwidth-degraded | tick p50 54.43 p99 59.62 max 59.62 ms, 92 overruns | out 360.6k pps 220 kbps/client, 2166 Mbps | in 180.8k pps 7 kbps/client | stand-ins: repeated 0.00% frozen 0.00%, 0 late inputs | per client-tick: 1437 B (near 445 B, 87% deltas), near 64.0 mid 86.0 far 0.0, far skipped 0 starved 0 | input wait p50 104.3 p99 136.5 ms | 0 joins deferred | kernel drops rcv 0 snd 0
         p50/p99 ms: ingress 1.40/1.73  events 3.11/3.64  movement 0.32/0.36  grid 0.36/0.38  history 0.01/0.01  serialize 0.20/0.36  assembly 42.31/47.30  transport 2.01/2.15  egress 4.67/6.72
[  205s] clients 10000 | level 0 (0-0 in window: 30 Hz, dilation 1.0), pace 0.60, 0.0% clients bandwidth-degraded | tick p50 55.54 p99 60.22 max 60.22 ms, 90 overruns | out 359.6k pps 216 kbps/client, 2156 Mbps | in 179.0k pps 7 kbps/client | stand-ins: repeated 0.00% frozen 0.00%, 0 late inputs | per client-tick: 1434 B (near 442 B, 87% deltas), near 64.0 mid 86.0 far 0.0, far skipped 0 starved 0 | input wait p50 104.4 p99 139.0 ms | 0 joins deferred | kernel drops rcv 0 snd 0
         p50/p99 ms: ingress 1.34/1.68  events 3.14/3.58  movement 0.33/0.38  grid 0.36/0.39  history 0.01/0.01  serialize 0.20/0.26  assembly 43.10/48.30  transport 2.06/2.27  egress 4.88/6.05
[  210s] clients 10000 | level 0 (0-0 in window: 30 Hz, dilation 1.0), pace 0.59, 0.0% clients bandwidth-degraded | tick p50 55.95 p99 61.36 max 61.36 ms, 90 overruns | out 356.3k pps 214 kbps/client, 2138 Mbps | in 178.3k pps 7 kbps/client | stand-ins: repeated 0.00% frozen 0.00%, 0 late inputs | per client-tick: 1435 B (near 443 B, 87% deltas), near 64.0 mid 86.0 far 0.0, far skipped 0 starved 0 | input wait p50 105.1 p99 136.3 ms | 0 joins deferred | kernel drops rcv 0 snd 0
         p50/p99 ms: ingress 1.35/1.59  events 3.17/3.68  movement 0.33/0.39  grid 0.36/0.39  history 0.01/0.02  serialize 0.21/0.25  assembly 43.56/49.34  transport 2.08/2.33  egress 4.74/6.46
[  215s] clients 10000 | level 0 (0-0 in window: 30 Hz, dilation 1.0), pace 0.59, 0.0% clients bandwidth-degraded | tick p50 56.53 p99 60.40 max 60.40 ms, 89 overruns | out 354.6k pps 213 kbps/client, 2135 Mbps | in 177.5k pps 7 kbps/client | stand-ins: repeated 0.00% frozen 0.00%, 0 late inputs | per client-tick: 1440 B (near 448 B, 86% deltas), near 64.0 mid 86.0 far 0.0, far skipped 0 starved 0 | input wait p50 106.8 p99 129.2 ms | 0 joins deferred | kernel drops rcv 0 snd 0
         p50/p99 ms: ingress 1.36/1.61  events 3.08/3.49  movement 0.33/0.37  grid 0.37/0.39  history 0.01/0.02  serialize 0.21/0.26  assembly 44.35/48.86  transport 2.10/2.32  egress 4.56/5.49
[  220s] clients 10000 | level 0 (0-0 in window: 30 Hz, dilation 1.0), pace 0.58, 0.0% clients bandwidth-degraded | tick p50 56.99 p99 62.24 max 62.24 ms, 88 overruns | out 351.2k pps 210 kbps/client, 2105 Mbps | in 176.0k pps 7 kbps/client | stand-ins: repeated 0.00% frozen 0.00%, 0 late inputs | per client-tick: 1433 B (near 441 B, 87% deltas), near 64.0 mid 86.0 far 0.0, far skipped 0 starved 0 | input wait p50 105.7 p99 135.9 ms | 0 joins deferred | kernel drops rcv 0 snd 0
         p50/p99 ms: ingress 1.37/1.70  events 3.16/3.55  movement 0.33/0.38  grid 0.37/0.40  history 0.01/0.01  serialize 0.21/0.48  assembly 44.54/49.22  transport 2.10/2.40  egress 4.78/6.65
[  225s] clients 10000 | level 0 (0-0 in window: 30 Hz, dilation 1.0), pace 0.59, 0.0% clients bandwidth-degraded | tick p50 56.65 p99 62.61 max 62.61 ms, 89 overruns | out 352.8k pps 211 kbps/client, 2113 Mbps | in 176.1k pps 7 kbps/client | stand-ins: repeated 0.00% frozen 0.00%, 0 late inputs | per client-tick: 1433 B (near 441 B, 87% deltas), near 64.0 mid 86.0 far 0.0, far skipped 0 starved 0 | input wait p50 102.9 p99 128.1 ms | 0 joins deferred | kernel drops rcv 0 snd 0
         p50/p99 ms: ingress 1.35/1.74  events 3.12/3.91  movement 0.33/0.47  grid 0.37/0.39  history 0.01/0.01  serialize 0.20/0.25  assembly 44.13/50.15  transport 2.10/2.37  egress 4.79/6.64
[  230s] clients 10000 | level 0 (0-0 in window: 30 Hz, dilation 1.0), pace 0.59, 0.0% clients bandwidth-degraded | tick p50 56.64 p99 61.28 max 61.28 ms, 89 overruns | out 354.1k pps 212 kbps/client, 2117 Mbps | in 176.6k pps 7 kbps/client | stand-ins: repeated 0.00% frozen 0.00%, 0 late inputs | per client-tick: 1430 B (near 438 B, 88% deltas), near 64.0 mid 86.0 far 0.0, far skipped 0 starved 0 | input wait p50 100.2 p99 123.9 ms | 0 joins deferred | kernel drops rcv 0 snd 0
         p50/p99 ms: ingress 1.34/1.58  events 3.19/3.64  movement 0.32/0.38  grid 0.37/0.38  history 0.01/0.01  serialize 0.21/0.49  assembly 43.61/49.06  transport 2.06/2.26  egress 5.16/7.44
[  235s] clients 10000 | level 0 (0-0 in window: 30 Hz, dilation 1.0), pace 0.59, 0.0% clients bandwidth-degraded | tick p50 56.65 p99 60.71 max 60.71 ms, 89 overruns | out 353.6k pps 211 kbps/client, 2110 Mbps | in 177.1k pps 7 kbps/client | stand-ins: repeated 0.00% frozen 0.00%, 0 late inputs | per client-tick: 1427 B (near 435 B, 88% deltas), near 64.0 mid 86.0 far 0.0, far skipped 0 starved 0 | input wait p50 98.4 p99 122.7 ms | 0 joins deferred | kernel drops rcv 0 snd 0
         p50/p99 ms: ingress 1.34/1.58  events 3.23/3.68  movement 0.32/0.38  grid 0.37/0.38  history 0.01/0.01  serialize 0.20/0.25  assembly 43.70/49.12  transport 2.04/2.28  egress 5.28/8.20
[  241s] clients 10000 | level 0 (0-0 in window: 30 Hz, dilation 1.0), pace 0.59, 0.0% clients bandwidth-degraded | tick p50 56.66 p99 60.65 max 60.65 ms, 89 overruns | out 353.0k pps 211 kbps/client, 2114 Mbps | in 176.4k pps 7 kbps/client | stand-ins: repeated 0.00% frozen 0.00%, 0 late inputs | per client-tick: 1432 B (near 440 B, 87% deltas), near 64.0 mid 86.0 far 0.0, far skipped 0 starved 0 | input wait p50 102.2 p99 127.7 ms | 0 joins deferred | kernel drops rcv 0 snd 0
         p50/p99 ms: ingress 1.34/1.58  events 3.17/3.56  movement 0.33/0.51  grid 0.36/0.38  history 0.01/0.01  serialize 0.21/0.42  assembly 44.37/48.76  transport 2.06/2.35  egress 4.84/6.56
[  246s] clients 1 | level 0 (0-0 in window: 30 Hz, dilation 1.0), pace 1.00, 0.0% clients bandwidth-degraded | tick p50 1.50 p99 55.34 max 59.13 ms, 4 overruns | out 12.0k pps 354 kbps/client, 72 Mbps | in 9.9k pps 12 kbps/client | stand-ins: repeated 0.01% frozen 0.47%, 0 late inputs | per client-tick: 1425 B (near 437 B, 87% deltas), near 63.7 mid 85.6 far 0.0, far skipped 0 starved 0 | input wait p50 100.5 p99 122.1 ms | 0 joins deferred | kernel drops rcv 0 snd 0
         p50/p99 ms: ingress 0.47/1.38  events 0.00/3.33  movement 0.12/0.33  grid 0.17/0.37  history 0.01/0.04  serialize 0.14/0.29  assembly 0.17/43.55  transport 0.14/2.15  egress 0.12/4.96
[  246s] clients 0 | level 0 (0-0 in window: 30 Hz, dilation 1.0), pace 1.00, 0.0% clients bandwidth-degraded | tick p50 0.83 p99 1.62 max 1.62 ms, 0 overruns | out 0.0k pps 15 kbps/client, 0 Mbps | in 0.0k pps 0 kbps/client | stand-ins: repeated 0.00% frozen 100.00%, 0 late inputs | per client-tick: 32 B (near 0 B, 0% deltas), near 0.0 mid 0.0 far 0.0, far skipped 0 starved 0 | input wait p50 0.0 p99 0.0 ms | 0 joins deferred | kernel drops rcv 0 snd 0
         p50/p99 ms: ingress 0.29/0.58  events 0.00/0.04  movement 0.09/0.15  grid 0.10/0.16  history 0.01/0.01  serialize 0.06/0.20  assembly 0.08/0.22  transport 0.08/0.17  egress 0.07/0.12

== summary: 6244 steady-state ticks (after warmup, before clients drain), peak 10000 clients ==
  phase        p50 ms   p99 ms   max ms
  ingress        0.91     1.54     2.03
  events         1.69     3.46     3.91
  movement       0.23     0.36     0.68
  grid           0.22     0.38     0.47
  history        0.00     0.01     0.12
  serialize      0.14     0.24     0.54
  assembly      13.92    47.02    50.15
  transport      1.16     2.20     2.40
  egress         2.63     6.56     8.20
  tick          21.05    59.21    62.61
  overruns 1966 | spawns 10000 despawns 10000 (0 joins deferred) | stand-ins: repeated 2 frozen 144 | late inputs 0 discarded 0 | bad messages 0 | recv errors 0 send errors 0
  egress (whole run): 67392978 datagrams in 67392978 sends (1.00 per send), 497446 syscalls
  ticks per ladder level (whole run): L0: 6503
  input wait on the server (datagram arrival -> applied): p50 65.7 p99 131.8 max 213.0 mean 72.8 ms
  steady state: stand-ins repeated 0 frozen 0 | late inputs 0 discarded 0
