spawn=disk(25.0)
egress=sendmmsg
ladder=off
threads=64
shards=64
peak_clients=10000
steady_ticks=6244
steady_secs=237.0
ingress_p50_ms=0.91
ingress_p99_ms=1.54
ingress_max_ms=2.03
events_p50_ms=1.69
events_p99_ms=3.46
events_max_ms=3.91
movement_p50_ms=0.23
movement_p99_ms=0.36
movement_max_ms=0.68
grid_p50_ms=0.22
grid_p99_ms=0.38
grid_max_ms=0.47
history_p50_ms=0.00
history_p99_ms=0.01
history_max_ms=0.12
serialize_p50_ms=0.14
serialize_p99_ms=0.24
serialize_max_ms=0.54
assembly_p50_ms=13.92
assembly_p99_ms=47.02
assembly_max_ms=50.15
transport_p50_ms=1.16
transport_p99_ms=2.20
transport_max_ms=2.40
egress_p50_ms=2.63
egress_p99_ms=6.56
egress_max_ms=8.20
tick_p50_ms=21.05
tick_p99_ms=59.21
tick_max_ms=62.61
steady_overruns=1966
level_mode=0
tick_hz=30
dilation=1
levels=L0:6244
clients_avg=5396
out_pps=284358
in_pps=142336
egress_mbps=1680.1
packets_per_client_tick=2.00
wire_bytes_per_client_tick=1477
down_kbps_per_client=311.3
up_kbps_per_client=10.6
kernel_rcvbuf_drops=0
kernel_sndbuf_drops=0
snapshot_bytes_per_client_tick=1412
near_bytes_per_client_tick=420
near_per_client_tick=64.0
mid_per_client_tick=86.0
far_per_client_tick=0.0
far_skipped=0
far_starved=0
repeated=0
frozen=0
late_inputs=0
discarded_inputs=0
input_wait_p50_ms=65.7
input_wait_p99_ms=131.8
spawns=10000
despawns=10000
joins_deferred=0
bad_messages=0
recv_errors=0
send_errors=0
datagrams=67392978
sends=67392978
send_syscalls=497446
