minting tokens with the public dev key (--token-key to change)
10000 bots -> 127.0.0.1:40500 on 8 threads, ramp 0/s, 60s, 10000 full + 0 sink bots
[    5s] bots 10000/10000 connected, 10000 welcomed, 0 failed | 19.8 snaps/s/bot, entities/snap near 14.9 mid 24.9 far 25.8 | corrections 0.012/s/bot | down 117 up 8 kbps/bot | rtt 39.6 ms loss 0.00% | input->applied ~ p50 94 p99 188 ms, round trip p50 133 p99 233 ms | joins 10000 (p50 737 p99 1825 ms) | server pace 0.92 level 3, 0 bots bandwidth-degraded | swarm busy 55%, overruns 12
[   10s] bots 10000/10000 connected, 10000 welcomed, 0 failed | 24.7 snaps/s/bot, entities/snap near 15.7 mid 11.3 far 6.1 | corrections 0.000/s/bot | down 73 up 12 kbps/bot | rtt 38.2 ms loss 0.00% | input->applied ~ p50 56 p99 101 ms, round trip p50 100 p99 133 ms | joins 0 (p50 0 p99 0 ms) | server pace 0.90 level 7, 0 bots bandwidth-degraded | swarm busy 55%, overruns 5
[   15s] bots 10000/10000 connected, 10000 welcomed, 0 failed | 17.6 snaps/s/bot, entities/snap near 15.7 mid 11.2 far 6.0 | corrections 0.000/s/bot | down 52 up 11 kbps/bot | rtt 37.2 ms loss 0.00% | input->applied ~ p50 78 p99 114 ms, round trip p50 100 p99 134 ms | joins 0 (p50 0 p99 0 ms) | server pace 0.90 level 7, 0 bots bandwidth-degraded | swarm busy 49%, overruns 3
[   20s] bots 10000/10000 connected, 10000 welcomed, 0 failed | 17.9 snaps/s/bot, entities/snap near 15.7 mid 11.2 far 6.0 | corrections 0.000/s/bot | down 52 up 11 kbps/bot | rtt 38.1 ms loss 0.00% | input->applied ~ p50 77 p99 113 ms, round trip p50 100 p99 134 ms | joins 0 (p50 0 p99 0 ms) | server pace 0.90 level 7, 0 bots bandwidth-degraded | swarm busy 49%, overruns 1
[   25s] bots 10000/10000 connected, 10000 welcomed, 0 failed | 18.4 snaps/s/bot, entities/snap near 15.7 mid 11.2 far 6.0 | corrections 0.002/s/bot | down 54 up 11 kbps/bot | rtt 36.5 ms loss 0.00% | input->applied ~ p50 76 p99 114 ms, round trip p50 100 p99 133 ms | joins 0 (p50 0 p99 0 ms) | server pace 0.90 level 7, 0 bots bandwidth-degraded | swarm busy 50%, overruns 9
[   30s] bots 10000/10000 connected, 10000 welcomed, 0 failed | 17.3 snaps/s/bot, entities/snap near 15.7 mid 11.2 far 6.0 | corrections 0.000/s/bot | down 51 up 10 kbps/bot | rtt 37.4 ms loss 0.00% | input->applied ~ p50 76 p99 111 ms, round trip p50 100 p99 133 ms | joins 0 (p50 0 p99 0 ms) | server pace 0.90 level 7, 0 bots bandwidth-degraded | swarm busy 49%, overruns 0
[   35s] bots 10000/10000 connected, 10000 welcomed, 0 failed | 17.2 snaps/s/bot, entities/snap near 15.7 mid 11.2 far 6.0 | corrections 0.000/s/bot | down 50 up 10 kbps/bot | rtt 35.4 ms loss 0.00% | input->applied ~ p50 86 p99 130 ms, round trip p50 132 p99 167 ms | joins 0 (p50 0 p99 0 ms) | server pace 0.80 level 8, 0 bots bandwidth-degraded | swarm busy 48%, overruns 2
[   40s] bots 10000/10000 connected, 10000 welcomed, 0 failed | 16.3 snaps/s/bot, entities/snap near 15.7 mid 11.2 far 6.0 | corrections 0.000/s/bot | down 48 up 10 kbps/bot | rtt 36.2 ms loss 0.00% | input->applied ~ p50 91 p99 126 ms, round trip p50 133 p99 167 ms | joins 0 (p50 0 p99 0 ms) | server pace 0.80 level 8, 0 bots bandwidth-degraded | swarm busy 46%, overruns 0
[   45s] bots 10000/10000 connected, 10000 welcomed, 0 failed | 15.3 snaps/s/bot, entities/snap near 15.7 mid 11.2 far 6.0 | corrections 0.000/s/bot | down 45 up 9 kbps/bot | rtt 39.0 ms loss 0.00% | input->applied ~ p50 91 p99 127 ms, round trip p50 133 p99 167 ms | joins 0 (p50 0 p99 0 ms) | server pace 0.80 level 8, 0 bots bandwidth-degraded | swarm busy 48%, overruns 10
[   50s] bots 10000/10000 connected, 10000 welcomed, 0 failed | 16.4 snaps/s/bot, entities/snap near 15.8 mid 11.2 far 6.0 | corrections 0.000/s/bot | down 48 up 10 kbps/bot | rtt 38.4 ms loss 0.00% | input->applied ~ p50 86 p99 126 ms, round trip p50 101 p99 167 ms | joins 0 (p50 0 p99 0 ms) | server pace 0.80 level 8, 0 bots bandwidth-degraded | swarm busy 47%, overruns 0
[   55s] bots 10000/10000 connected, 10000 welcomed, 0 failed | 16.0 snaps/s/bot, entities/snap near 15.7 mid 11.2 far 6.0 | corrections 0.000/s/bot | down 47 up 10 kbps/bot | rtt 35.6 ms loss 0.00% | input->applied ~ p50 89 p99 131 ms, round trip p50 133 p99 167 ms | joins 0 (p50 0 p99 0 ms) | server pace 0.80 level 8, 0 bots bandwidth-degraded | swarm busy 47%, overruns 5
[   60s] bots 10000/10000 connected, 10000 welcomed, 0 failed | 15.9 snaps/s/bot, entities/snap near 15.7 mid 11.2 far 6.0 | corrections 0.000/s/bot | down 47 up 10 kbps/bot | rtt 35.6 ms loss 0.00% | input->applied ~ p50 89 p99 126 ms, round trip p50 133 p99 133 ms | joins 0 (p50 0 p99 0 ms) | server pace 0.80 level 8, 0 bots bandwidth-degraded | swarm busy 45%, overruns 0

== bots summary ==
  started 10000 welcomed 10000 failed 0
  join latency ms: p50 737 p99 1825 max 2080 (n=10000)
  corrections 703 (0.07/bot-minute), mean error 0.063 m, max 0.133 m
  snapshots 10683193 (entities per snapshot: near 15.6 mid 12.4 far 7.9), stale 0, unmatched acks 0, resyncs 0
  input -> applied on server (est. RTT/2 + server wait): p50 82.0 p99 152.0 max 217.0 mean 82.6 ms (n=10653979)
    of which server wait (arrival -> applied): p50 63.1 p99 130.1 max 197.5 mean 63.9 ms (n=10653979)
  input -> seen acked (round trip): p50 100.0 p99 196.0 max 267.0 mean 111.5 ms (n=10675415)
  near entity update interval (tracked bots): p50 50.0 p99 50.0 max 250.0 mean 47.6 ms (n=8341976)
  mid entity update interval (tracked bots): p50 250.0 p99 250.0 max 1500.0 mean 220.5 ms (n=6509795)
  far entity update interval (tracked bots): p50 1500.0 p99 3000.0 max 51750.0 mean 1368.5 ms (n=3821200)
  input clock: 31772 extra inputs, 2548480 skipped ticks, 9012 backlog skips | near decode errors (tracked bots) 0
  bytes down 4285.7 MB up 760.0 MB | swarm busy 49% of its threads' time, tick overruns 47
