preallocated connections for 10000 clients in 226.790925ms
listening on 127.0.0.1:40500 | spawn Uniform | tiers near 64@150 m, mid 500 m, far 1500 m, budget 6250 B/tick, squads of 4 | 8 rayon threads, 64 shards, 256 accepts/tick, egress SendMmsg | socket buffers rcv 8192 KiB snd 8192 KiB
WARNING: token key is the public dev key; anyone can mint tokens for this server (--token-key)
[    5s] clients 10000 | level 3 (0-3 in window: 30 Hz, dilation 1.0), pace 0.93, 0.0% clients bandwidth-degraded | tick p50 36.33 p99 51.09 max 57.77 ms, 91 overruns | out 211.9k pps 155 kbps/client, 1172 Mbps | in 211.9k pps 15 kbps/client | stand-ins: repeated 1.77% frozen 0.00%, 17636 late inputs | per client-tick: 690 B (near 93 B, 98% deltas), near 14.8 mid 24.6 far 25.4, far skipped 0 starved 0 | input wait p50 72.2 p99 166.5 ms | 56585 joins deferred | kernel drops rcv 0 snd 0
         p50/p99 ms: ingress 3.38/6.24  events 2.41/7.73  movement 0.44/1.07  grid 0.25/0.38  history 0.01/0.09  serialize 0.54/1.08  assembly 11.39/17.78  transport 7.52/12.42  egress 9.13/13.89
[   10s] clients 10000 | level 7 (3-7 in window: 20 Hz, dilation 0.9), pace 0.90, 0.0% clients bandwidth-degraded | tick p50 33.31 p99 48.48 max 51.03 ms, 22 overruns | out 239.7k pps 70 kbps/client, 704 Mbps | in 296.9k pps 12 kbps/client | stand-ins: repeated 0.00% frozen 0.00%, 25 late inputs | per client-tick: 332 B (near 96 B, 100% deltas), near 15.7 mid 11.2 far 6.1, far skipped 0 starved 0 | input wait p50 38.5 p99 81.7 ms | 0 joins deferred | kernel drops rcv 0 snd 0
         p50/p99 ms: ingress 4.20/7.43  events 2.54/3.98  movement 0.46/1.14  grid 0.25/0.35  history 0.00/0.01  serialize 0.41/0.92  assembly 9.75/15.78  transport 6.15/8.79  egress 9.09/12.19
[   15s] clients 10000 | level 7 (7-7 in window: 20 Hz, dilation 0.9), pace 0.90, 0.0% clients bandwidth-degraded | tick p50 35.35 p99 47.31 max 47.31 ms, 0 overruns | out 180.1k pps 53 kbps/client, 528 Mbps | in 269.1k pps 11 kbps/client | stand-ins: repeated 0.00% frozen 0.00%, 0 late inputs | per client-tick: 331 B (near 96 B, 100% deltas), near 15.7 mid 11.2 far 6.0, far skipped 0 starved 0 | input wait p50 59.0 p99 94.5 ms | 0 joins deferred | kernel drops rcv 0 snd 0
         p50/p99 ms: ingress 4.57/10.02  events 3.00/4.41  movement 0.44/1.72  grid 0.27/0.38  history 0.01/0.01  serialize 0.39/1.04  assembly 9.81/17.67  transport 6.13/11.04  egress 10.18/14.09
[   20s] clients 10000 | level 7 (7-7 in window: 20 Hz, dilation 0.9), pace 0.90, 0.0% clients bandwidth-degraded | tick p50 35.78 p99 44.14 max 44.14 ms, 0 overruns | out 179.9k pps 53 kbps/client, 527 Mbps | in 269.8k pps 11 kbps/client | stand-ins: repeated 0.00% frozen 0.00%, 0 late inputs | per client-tick: 331 B (near 96 B, 100% deltas), near 15.7 mid 11.2 far 6.0, far skipped 0 starved 0 | input wait p50 57.9 p99 94.6 ms | 0 joins deferred | kernel drops rcv 0 snd 0
         p50/p99 ms: ingress 4.52/7.42  events 2.96/4.42  movement 0.43/1.05  grid 0.28/0.35  history 0.01/0.01  serialize 0.38/2.39  assembly 10.02/14.55  transport 6.25/10.19  egress 10.68/16.38
[   25s] clients 10000 | level 7 (7-7 in window: 20 Hz, dilation 0.9), pace 0.90, 0.0% clients bandwidth-degraded | tick p50 35.15 p99 59.53 max 59.53 ms, 1 overruns | out 180.0k pps 53 kbps/client, 528 Mbps | in 269.3k pps 11 kbps/client | stand-ins: repeated 0.28% frozen 0.00%, 3775 late inputs | per client-tick: 331 B (near 96 B, 100% deltas), near 15.7 mid 11.2 far 6.0, far skipped 0 starved 0 | input wait p50 57.2 p99 94.3 ms | 0 joins deferred | kernel drops rcv 0 snd 0
         p50/p99 ms: ingress 4.64/7.41  events 3.02/5.11  movement 0.42/1.54  grid 0.28/0.35  history 0.01/0.01  serialize 0.38/0.98  assembly 9.80/16.89  transport 6.26/18.02  egress 10.33/18.90
[   30s] clients 10000 | level 7 (7-7 in window: 20 Hz, dilation 0.9), pace 0.90, 0.0% clients bandwidth-degraded | tick p50 34.45 p99 41.47 max 41.47 ms, 0 overruns | out 180.0k pps 53 kbps/client, 528 Mbps | in 269.9k pps 11 kbps/client | stand-ins: repeated 0.00% frozen 0.00%, 0 late inputs | per client-tick: 331 B (near 96 B, 100% deltas), near 15.7 mid 11.2 far 6.0, far skipped 0 starved 0 | input wait p50 57.9 p99 93.3 ms | 0 joins deferred | kernel drops rcv 0 snd 0
         p50/p99 ms: ingress 4.52/6.27  events 2.86/4.17  movement 0.41/2.70  grid 0.25/0.34  history 0.00/0.01  serialize 0.38/0.94  assembly 9.55/14.41  transport 6.12/7.50  egress 10.14/13.16
[   35s] clients 10000 | level 8 (7-8 in window: 20 Hz, dilation 0.8), pace 0.80, 0.0% clients bandwidth-degraded | tick p50 34.85 p99 58.35 max 58.35 ms, 1 overruns | out 166.9k pps 49 kbps/client, 490 Mbps | in 250.5k pps 10 kbps/client | stand-ins: repeated 0.00% frozen 0.00%, 0 late inputs | per client-tick: 331 B (near 96 B, 100% deltas), near 15.7 mid 11.2 far 6.0, far skipped 0 starved 0 | input wait p50 68.9 p99 109.7 ms | 0 joins deferred | kernel drops rcv 0 snd 0
         p50/p99 ms: ingress 4.50/11.06  events 2.93/4.38  movement 0.44/2.82  grid 0.26/0.47  history 0.00/0.01  serialize 0.39/1.01  assembly 9.56/21.91  transport 6.32/17.79  egress 10.35/19.45
[   40s] clients 10000 | level 8 (8-8 in window: 20 Hz, dilation 0.8), pace 0.80, 0.0% clients bandwidth-degraded | tick p50 34.75 p99 39.29 max 39.29 ms, 0 overruns | out 160.0k pps 47 kbps/client, 469 Mbps | in 240.5k pps 10 kbps/client | stand-ins: repeated 0.00% frozen 0.00%, 0 late inputs | per client-tick: 331 B (near 96 B, 100% deltas), near 15.7 mid 11.2 far 6.0, far skipped 0 starved 0 | input wait p50 72.2 p99 106.7 ms | 0 joins deferred | kernel drops rcv 0 snd 0
         p50/p99 ms: ingress 4.46/6.28  events 2.87/3.99  movement 0.42/0.71  grid 0.26/0.38  history 0.00/0.02  serialize 0.40/0.91  assembly 9.45/12.04  transport 6.17/7.21  egress 10.47/12.40
[   45s] clients 10000 | level 8 (8-8 in window: 20 Hz, dilation 0.8), pace 0.80, 0.0% clients bandwidth-degraded | tick p50 35.44 p99 76.58 max 76.58 ms, 1 overruns | out 159.6k pps 47 kbps/client, 468 Mbps | in 238.8k pps 10 kbps/client | stand-ins: repeated 0.00% frozen 0.00%, 0 late inputs | per client-tick: 331 B (near 96 B, 100% deltas), near 15.7 mid 11.2 far 6.0, far skipped 0 starved 0 | input wait p50 71.3 p99 106.8 ms | 0 joins deferred | kernel drops rcv 0 snd 0
         p50/p99 ms: ingress 4.61/7.89  events 2.98/4.31  movement 0.43/0.90  grid 0.27/0.35  history 0.00/0.01  serialize 0.39/0.98  assembly 9.58/26.37  transport 6.39/10.77  egress 10.51/52.37
[   50s] clients 10000 | level 8 (8-8 in window: 20 Hz, dilation 0.8), pace 0.80, 0.0% clients bandwidth-degraded | tick p50 35.37 p99 40.48 max 40.48 ms, 0 overruns | out 160.0k pps 47 kbps/client, 469 Mbps | in 240.2k pps 10 kbps/client | stand-ins: repeated 0.00% frozen 0.00%, 0 late inputs | per client-tick: 331 B (near 96 B, 100% deltas), near 15.8 mid 11.2 far 6.0, far skipped 0 starved 0 | input wait p50 67.9 p99 107.6 ms | 0 joins deferred | kernel drops rcv 0 snd 0
         p50/p99 ms: ingress 4.54/5.77  events 2.96/4.53  movement 0.45/0.85  grid 0.27/0.36  history 0.01/0.02  serialize 0.42/0.99  assembly 9.88/12.04  transport 6.37/7.78  egress 10.31/12.95
[   55s] clients 10000 | level 8 (8-8 in window: 20 Hz, dilation 0.8), pace 0.80, 0.0% clients bandwidth-degraded | tick p50 34.61 p99 72.48 max 72.48 ms, 1 overruns | out 159.7k pps 47 kbps/client, 468 Mbps | in 239.3k pps 10 kbps/client | stand-ins: repeated 0.00% frozen 0.00%, 0 late inputs | per client-tick: 331 B (near 96 B, 100% deltas), near 15.7 mid 11.2 far 6.0, far skipped 0 starved 0 | input wait p50 70.8 p99 111.4 ms | 0 joins deferred | kernel drops rcv 0 snd 0
         p50/p99 ms: ingress 4.42/7.73  events 2.96/3.83  movement 0.43/7.10  grid 0.26/0.36  history 0.01/0.03  serialize 0.39/0.99  assembly 9.57/25.68  transport 6.19/16.76  egress 10.56/14.85
[   60s] clients 0 | level 8 (8-8 in window: 20 Hz, dilation 0.8), pace 0.80, 0.0% clients bandwidth-degraded | tick p50 33.88 p99 42.78 max 42.78 ms, 0 overruns | out 157.2k pps 47 kbps/client, 460 Mbps | in 241.4k pps 10 kbps/client | stand-ins: repeated 0.00% frozen 0.00%, 0 late inputs | per client-tick: 330 B (near 96 B, 100% deltas), near 15.7 mid 11.1 far 6.0, far skipped 0 starved 0 | input wait p50 70.5 p99 107.3 ms | 0 joins deferred | kernel drops rcv 0 snd 0
         p50/p99 ms: ingress 4.38/6.57  events 2.75/16.16  movement 0.43/0.96  grid 0.25/0.37  history 0.00/0.01  serialize 0.43/4.12  assembly 9.45/12.62  transport 6.07/7.45  egress 9.94/12.09

== summary: 1011 steady-state ticks (after warmup, before clients drain), peak 10000 clients ==
  phase        p50 ms   p99 ms   max ms
  ingress        4.49     7.41    11.06
  events         2.90     4.16     5.11
  movement       0.44     1.00     7.10
  grid           0.27     0.36     0.47
  history        0.01     0.01     0.03
  serialize      0.40     0.98     4.12
  assembly       9.69    16.89    26.37
  transport      6.24     9.78    18.02
  egress        10.25    14.09    52.37
  tick          34.89    48.48    76.58
  overruns 66 | spawns 10000 despawns 10000 (56585 joins deferred) | stand-ins: repeated 21434 frozen 2 | late inputs 21436 discarded 0 | bad messages 0 | recv errors 0 send errors 0
  egress (whole run): 10758099 datagrams in 10758099 sends (1.00 per send), 69952 syscalls
  ticks per ladder level (whole run): L0: 42, L1: 31, L2: 31, L3: 31, L4: 31, L5: 31, L6: 57, L7: 396, L8: 455
  input wait on the server (datagram arrival -> applied): p50 62.4 p99 131.5 max 197.5 mean 63.4 ms
  steady state: stand-ins repeated 21431 frozen 2 | late inputs 21433 discarded 0
