spawn=uniform
egress=sendmmsg
ladder=on
threads=8
shards=64
peak_clients=10000
steady_ticks=1011
steady_secs=56.9
ingress_p50_ms=4.49
ingress_p99_ms=7.41
ingress_max_ms=11.06
events_p50_ms=2.90
events_p99_ms=4.16
events_max_ms=5.11
movement_p50_ms=0.44
movement_p99_ms=1.00
movement_max_ms=7.10
grid_p50_ms=0.27
grid_p99_ms=0.36
grid_max_ms=0.47
history_p50_ms=0.01
history_p99_ms=0.01
history_max_ms=0.03
serialize_p50_ms=0.40
serialize_p99_ms=0.98
serialize_max_ms=4.12
assembly_p50_ms=9.69
assembly_p99_ms=16.89
assembly_max_ms=26.37
transport_p50_ms=6.24
transport_p99_ms=9.78
transport_max_ms=18.02
egress_p50_ms=10.25
egress_p99_ms=14.09
egress_max_ms=52.37
tick_p50_ms=34.89
tick_p99_ms=48.48
tick_max_ms=76.58
steady_overruns=66
level_mode=8
tick_hz=20
dilation=0.8
levels=L2:12,L3:31,L4:31,L5:31,L6:57,L7:396,L8:453
clients_avg=10000
out_pps=177574
in_pps=257071
egress_mbps=532.8
packets_per_client_tick=1.00
wire_bytes_per_client_tick=375
down_kbps_per_client=53.3
up_kbps_per_client=10.3
kernel_rcvbuf_drops=0
kernel_sndbuf_drops=0
snapshot_bytes_per_client_tick=339
near_bytes_per_client_tick=96
near_per_client_tick=15.7
mid_per_client_tick=11.5
far_per_client_tick=6.4
far_skipped=0
far_starved=0
repeated=21431
frozen=2
late_inputs=21433
discarded_inputs=0
input_wait_p50_ms=62.4
input_wait_p99_ms=131.5
spawns=10000
despawns=10000
joins_deferred=56585
bad_messages=0
recv_errors=0
send_errors=0
datagrams=10758099
sends=10758099
send_syscalls=69952
