minting tokens with the public dev key (--token-key to change)
1000 bots -> 127.0.0.1:40500 on 8 threads, ramp 0/s, 60s, 1000 full + 0 sink bots
[    5s] bots 1000/1000 connected, 1000 welcomed, 0 failed | 25.7 snaps/s/bot, entities/snap near 4.4 mid 4.2 far 6.4 | corrections 0.001/s/bot | down 52 up 13 kbps/bot | rtt 83.8 ms loss 0.07% | input->applied ~ p50 86 p99 122 ms, round trip p50 133 p99 167 ms | joins 1000 (p50 367 p99 600 ms) | server pace 1.00 level 0, 0 bots bandwidth-degraded | swarm busy 6%, overruns 6
[   10s] bots 1000/1000 connected, 1000 welcomed, 0 failed | 31.1 snaps/s/bot, entities/snap near 4.4 mid 4.2 far 6.3 | corrections 0.000/s/bot | down 61 up 16 kbps/bot | rtt 83.6 ms loss 0.51% | input->applied ~ p50 85 p99 114 ms, round trip p50 133 p99 167 ms | joins 0 (p50 0 p99 0 ms) | server pace 1.00 level 0, 0 bots bandwidth-degraded | swarm busy 6%, overruns 0
[   15s] bots 1000/1000 connected, 1000 welcomed, 0 failed | 28.3 snaps/s/bot, entities/snap near 4.3 mid 4.2 far 6.3 | corrections 0.001/s/bot | down 56 up 14 kbps/bot | rtt 83.7 ms loss 0.50% | input->applied ~ p50 85 p99 115 ms, round trip p50 133 p99 167 ms | joins 0 (p50 0 p99 0 ms) | server pace 1.00 level 0, 0 bots bandwidth-degraded | swarm busy 6%, overruns 0
[   20s] bots 1000/1000 connected, 1000 welcomed, 0 failed | 30.7 snaps/s/bot, entities/snap near 4.3 mid 4.2 far 6.3 | corrections 0.000/s/bot | down 60 up 16 kbps/bot | rtt 83.8 ms loss 0.47% | input->applied ~ p50 85 p99 116 ms, round trip p50 133 p99 167 ms | joins 0 (p50 0 p99 0 ms) | server pace 1.00 level 0, 0 bots bandwidth-degraded | swarm busy 6%, overruns 0
[   25s] bots 1000/1000 connected, 1000 welcomed, 0 failed | 30.0 snaps/s/bot, entities/snap near 4.3 mid 4.2 far 6.3 | corrections 0.000/s/bot | down 59 up 15 kbps/bot | rtt 83.8 ms loss 0.47% | input->applied ~ p50 85 p99 115 ms, round trip p50 133 p99 167 ms | joins 0 (p50 0 p99 0 ms) | server pace 1.00 level 0, 0 bots bandwidth-degraded | swarm busy 6%, overruns 0
[   30s] bots 1000/1000 connected, 1000 welcomed, 0 failed | 29.1 snaps/s/bot, entities/snap near 4.3 mid 4.2 far 6.3 | corrections 0.000/s/bot | down 57 up 15 kbps/bot | rtt 83.7 ms loss 0.50% | input->applied ~ p50 85 p99 116 ms, round trip p50 133 p99 167 ms | joins 0 (p50 0 p99 0 ms) | server pace 1.00 level 0, 0 bots bandwidth-degraded | swarm busy 6%, overruns 0
[   35s] bots 1000/1000 connected, 1000 welcomed, 0 failed | 30.6 snaps/s/bot, entities/snap near 4.3 mid 4.2 far 6.3 | corrections 0.000/s/bot | down 60 up 15 kbps/bot | rtt 83.7 ms loss 0.52% | input->applied ~ p50 85 p99 117 ms, round trip p50 133 p99 167 ms | joins 0 (p50 0 p99 0 ms) | server pace 1.00 level 0, 0 bots bandwidth-degraded | swarm busy 6%, overruns 0
[   40s] bots 1000/1000 connected, 1000 welcomed, 0 failed | 29.7 snaps/s/bot, entities/snap near 4.3 mid 4.2 far 6.3 | corrections 0.001/s/bot | down 58 up 15 kbps/bot | rtt 83.7 ms loss 0.46% | input->applied ~ p50 85 p99 115 ms, round trip p50 133 p99 167 ms | joins 0 (p50 0 p99 0 ms) | server pace 1.00 level 0, 0 bots bandwidth-degraded | swarm busy 6%, overruns 0
[   45s] bots 1000/1000 connected, 1000 welcomed, 0 failed | 29.5 snaps/s/bot, entities/snap near 4.2 mid 4.2 far 6.3 | corrections 0.001/s/bot | down 58 up 15 kbps/bot | rtt 83.6 ms loss 0.52% | input->applied ~ p50 86 p99 117 ms, round trip p50 133 p99 167 ms | joins 0 (p50 0 p99 0 ms) | server pace 1.00 level 0, 0 bots bandwidth-degraded | swarm busy 6%, overruns 0
[   50s] bots 1000/1000 connected, 1000 welcomed, 0 failed | 30.5 snaps/s/bot, entities/snap near 4.3 mid 4.2 far 6.3 | corrections 0.000/s/bot | down 60 up 15 kbps/bot | rtt 83.9 ms loss 0.54% | input->applied ~ p50 85 p99 116 ms, round trip p50 133 p99 167 ms | joins 0 (p50 0 p99 0 ms) | server pace 1.00 level 0, 0 bots bandwidth-degraded | swarm busy 6%, overruns 0
[   55s] bots 1000/1000 connected, 1000 welcomed, 0 failed | 29.6 snaps/s/bot, entities/snap near 4.3 mid 4.2 far 6.3 | corrections 0.001/s/bot | down 58 up 15 kbps/bot | rtt 83.8 ms loss 0.48% | input->applied ~ p50 86 p99 116 ms, round trip p50 133 p99 167 ms | joins 0 (p50 0 p99 0 ms) | server pace 1.00 level 0, 0 bots bandwidth-degraded | swarm busy 6%, overruns 0
[   60s] bots 1000/1000 connected, 1000 welcomed, 0 failed | 29.2 snaps/s/bot, entities/snap near 4.3 mid 4.2 far 6.3 | corrections 0.000/s/bot | down 57 up 15 kbps/bot | rtt 83.6 ms loss 0.54% | input->applied ~ p50 85 p99 116 ms, round trip p50 133 p99 167 ms | joins 0 (p50 0 p99 0 ms) | server pace 1.00 level 0, 0 bots bandwidth-degraded | swarm busy 6%, overruns 0

== bots summary ==
  started 1000 welcomed 1000 failed 0
  join latency ms: p50 367 p99 600 max 683 (n=1000)
  corrections 24 (0.02/bot-minute), mean error 0.071 m, max 0.150 m
  push corrections (the server pushed us apart from a crowd) 71 (0.07/bot-minute), max 0.100 m
  snapshots 1779655 (entities per snapshot: near 4.3 mid 4.2 far 6.3), stale 4, unmatched acks 0, resyncs 0
  input -> applied on server (est. RTT/2 + server wait): p50 85.0 p99 117.0 max 161.0 mean 87.6 ms (n=1776620)
    of which server wait (arrival -> applied): p50 43.7 p99 74.6 max 118.2 mean 45.7 ms (n=1776620)
  input -> seen acked (round trip): p50 133.0 p99 167.0 max 236.0 mean 142.6 ms (n=1777084)
  near entity update interval (tracked bots): p50 33.0 p99 33.0 max 200.0 mean 33.2 ms (n=362957)
  mid entity update interval (tracked bots): p50 100.0 p99 100.0 max 900.0 mean 100.8 ms (n=370702)
  far entity update interval (tracked bots): p50 500.0 p99 500.0 max 2000.0 mean 502.5 ms (n=538136)
  near drawn (tracked bots): 99.85% interpolated, 0.03% extrapolated, 0.00% held, 0.12% new | pops p50 0 p99 0 max 126 mm
  mid drawn (tracked bots): 99.53% interpolated, 0.13% extrapolated, 0.01% held, 0.33% new | pops p50 0 p99 0 max 3838 mm
  far drawn (tracked bots): 39.76% interpolated, 59.21% extrapolated, 0.63% held, 0.40% new | pops p50 427 p99 3833 max 10323 mm
  render delay (near) 67.3 ms behind the newest step, clock snaps 0 (backwards 0)
  input clock: 3038 extra inputs, 2244 skipped ticks, 0 backlog skips | near decode errors (tracked bots) 0
  bytes down 437.5 MB up 112.6 MB | swarm busy 6% of its threads' time, tick overruns 6
