started=1000
welcomed=1000
failed=0
join_p50_ms=367
join_p99_ms=600
join_max_ms=683
corrections=24
corrections_per_bot_minute=0.024
correction_max_m=0.150
push_corrections=71
push_corrections_per_bot_minute=0.071
push_max_m=0.100
snapshots=1779655
near_per_snapshot=4.3
mid_per_snapshot=4.2
far_per_snapshot=6.3
stale_snapshots=4
resyncs=0
input_applied_p50_ms=85.0
input_applied_p99_ms=117.0
input_applied_mean_ms=87.6
server_wait_p50_ms=43.7
server_wait_p99_ms=74.6
server_wait_mean_ms=45.7
round_trip_p50_ms=133.0
round_trip_p99_ms=167.0
round_trip_mean_ms=142.6
near_interval_p50_ms=33.0
near_interval_p99_ms=33.0
near_interval_mean_ms=33.2
mid_interval_p50_ms=100.0
mid_interval_p99_ms=100.0
mid_interval_mean_ms=100.8
far_interval_p50_ms=500.0
far_interval_p99_ms=500.0
far_interval_mean_ms=502.5
near_interpolated_pct=99.85
near_extrapolated_pct=0.03
near_held_pct=0.00
near_new_pct=0.12
near_pop_p50_mm=0
near_pop_p99_mm=0
mid_interpolated_pct=99.53
mid_extrapolated_pct=0.13
mid_held_pct=0.01
mid_new_pct=0.33
mid_pop_p50_mm=0
mid_pop_p99_mm=0
far_interpolated_pct=39.76
far_extrapolated_pct=59.21
far_held_pct=0.63
far_new_pct=0.40
far_pop_p50_mm=427
far_pop_p99_mm=3833
render_delay_ms=67.3
render_snaps=0
render_backwards=0
clock_extra=3038
clock_skipped=2244
backlog_skips=0
near_decode_errors=0
bytes_down_mb=437.5
bytes_up_mb=112.6
swarm_busy_pct=6
swarm_overruns=6
