preallocated connections for 10000 clients in 257.958598ms
listening on 127.0.0.1:40500 | spawn Uniform | tiers near 64@150 m, mid 500 m, far 1500 m, budget 6250 B/tick, squads of 4 | 8 rayon threads, 64 shards, 1 socket(s), 256 accepts/tick, egress SendMmsg | socket buffers rcv 8192 KiB snd 8192 KiB
WARNING: token key is the public dev key; anyone can mint tokens for this server (--token-key)
[    5s] clients 1000 | level 0 (0-0 in window: 30 Hz, dilation 1.0), pace 1.00, 0.0% clients bandwidth-degraded | tick p50 4.25 p99 6.30 max 7.68 ms, 0 overruns | out 27.7k pps 60 kbps/client, 54 Mbps | in 26.7k pps 16 kbps/client | stand-ins: repeated 0.02% frozen 0.00%, 32 late inputs | per client-tick: 211 B (near 37 B, 97% deltas), near 4.3 mid 4.2 far 6.2, far skipped 0 starved 0 | input wait p50 44.2 p99 79.2 ms | 356 joins deferred | kernel drops rcv 0 snd 0
         p50/p99 ms: ingress 0.39/1.11  events 0.10/1.62  movement 0.29/0.45  grid 0.15/0.28  separate 0.17/0.28  history 0.00/0.02  serialize 0.04/0.09  assembly 0.81/1.48  transport 0.41/0.80  egress 1.80/2.40
[   10s] clients 1000 | level 0 (0-0 in window: 30 Hz, dilation 1.0), pace 1.00, 0.0% clients bandwidth-degraded | tick p50 4.24 p99 5.05 max 5.21 ms, 0 overruns | out 30.0k pps 59 kbps/client, 59 Mbps | in 29.8k pps 15 kbps/client | stand-ins: repeated 0.02% frozen 0.00%, 31 late inputs | per client-tick: 210 B (near 36 B, 100% deltas), near 4.4 mid 4.2 far 6.3, far skipped 0 starved 0 | input wait p50 43.6 p99 72.5 ms | 0 joins deferred | kernel drops rcv 0 snd 0
         p50/p99 ms: ingress 0.37/0.85  events 0.10/0.16  movement 0.29/0.36  grid 0.15/0.22  separate 0.17/0.30  history 0.00/0.00  serialize 0.04/0.07  assembly 0.80/1.13  transport 0.40/0.87  egress 1.82/2.38
[   15s] clients 1000 | level 0 (0-0 in window: 30 Hz, dilation 1.0), pace 1.00, 0.0% clients bandwidth-degraded | tick p50 4.28 p99 5.04 max 5.14 ms, 0 overruns | out 30.0k pps 59 kbps/client, 59 Mbps | in 29.8k pps 15 kbps/client | stand-ins: repeated 0.03% frozen 0.00%, 44 late inputs | per client-tick: 210 B (near 35 B, 100% deltas), near 4.3 mid 4.2 far 6.3, far skipped 0 starved 0 | input wait p50 43.7 p99 73.4 ms | 0 joins deferred | kernel drops rcv 0 snd 0
         p50/p99 ms: ingress 0.40/0.75  events 0.10/0.15  movement 0.29/0.37  grid 0.16/0.28  separate 0.17/0.23  history 0.00/0.00  serialize 0.04/0.08  assembly 0.85/1.13  transport 0.40/0.83  egress 1.86/2.36
[   20s] clients 1000 | level 0 (0-0 in window: 30 Hz, dilation 1.0), pace 1.00, 0.0% clients bandwidth-degraded | tick p50 4.17 p99 4.82 max 4.90 ms, 0 overruns | out 30.0k pps 59 kbps/client, 59 Mbps | in 29.8k pps 15 kbps/client | stand-ins: repeated 0.02% frozen 0.00%, 32 late inputs | per client-tick: 210 B (near 35 B, 100% deltas), near 4.3 mid 4.2 far 6.3, far skipped 0 starved 0 | input wait p50 43.7 p99 73.6 ms | 0 joins deferred | kernel drops rcv 0 snd 0
         p50/p99 ms: ingress 0.37/0.85  events 0.10/0.19  movement 0.29/0.37  grid 0.15/0.21  separate 0.17/0.33  history 0.00/0.00  serialize 0.04/0.07  assembly 0.80/1.16  transport 0.39/0.81  egress 1.80/2.26
[   25s] clients 1000 | level 0 (0-0 in window: 30 Hz, dilation 1.0), pace 1.00, 0.0% clients bandwidth-degraded | tick p50 4.23 p99 5.11 max 6.67 ms, 0 overruns | out 30.0k pps 59 kbps/client, 59 Mbps | in 29.8k pps 15 kbps/client | stand-ins: repeated 0.02% frozen 0.00%, 35 late inputs | per client-tick: 210 B (near 35 B, 100% deltas), near 4.3 mid 4.2 far 6.3, far skipped 0 starved 0 | input wait p50 43.7 p99 72.8 ms | 0 joins deferred | kernel drops rcv 0 snd 0
         p50/p99 ms: ingress 0.39/0.88  events 0.10/0.16  movement 0.29/0.40  grid 0.15/0.29  separate 0.17/0.22  history 0.00/0.00  serialize 0.04/0.08  assembly 0.77/1.13  transport 0.40/0.70  egress 1.84/2.25
[   30s] clients 1000 | level 0 (0-0 in window: 30 Hz, dilation 1.0), pace 1.00, 0.0% clients bandwidth-degraded | tick p50 4.19 p99 5.25 max 16.72 ms, 0 overruns | out 30.0k pps 59 kbps/client, 59 Mbps | in 29.8k pps 15 kbps/client | stand-ins: repeated 0.03% frozen 0.00%, 41 late inputs | per client-tick: 211 B (near 35 B, 100% deltas), near 4.3 mid 4.2 far 6.3, far skipped 0 starved 0 | input wait p50 43.7 p99 73.9 ms | 0 joins deferred | kernel drops rcv 0 snd 0
         p50/p99 ms: ingress 0.37/0.68  events 0.10/0.15  movement 0.29/0.39  grid 0.15/0.27  separate 0.17/0.27  history 0.00/0.00  serialize 0.04/0.07  assembly 0.78/1.29  transport 0.40/0.84  egress 1.84/2.50
[   35s] clients 1000 | level 0 (0-0 in window: 30 Hz, dilation 1.0), pace 1.00, 0.0% clients bandwidth-degraded | tick p50 4.23 p99 4.93 max 6.25 ms, 0 overruns | out 30.0k pps 59 kbps/client, 59 Mbps | in 29.8k pps 15 kbps/client | stand-ins: repeated 0.03% frozen 0.00%, 45 late inputs | per client-tick: 210 B (near 35 B, 100% deltas), near 4.3 mid 4.2 far 6.3, far skipped 0 starved 0 | input wait p50 43.7 p99 74.6 ms | 0 joins deferred | kernel drops rcv 0 snd 0
         p50/p99 ms: ingress 0.38/0.85  events 0.10/0.16  movement 0.29/0.35  grid 0.16/0.21  separate 0.17/0.31  history 0.00/0.00  serialize 0.04/0.10  assembly 0.78/1.06  transport 0.40/0.71  egress 1.84/2.47
[   40s] clients 1000 | level 0 (0-0 in window: 30 Hz, dilation 1.0), pace 1.00, 0.0% clients bandwidth-degraded | tick p50 4.23 p99 4.85 max 4.89 ms, 0 overruns | out 30.0k pps 59 kbps/client, 59 Mbps | in 29.8k pps 15 kbps/client | stand-ins: repeated 0.02% frozen 0.00%, 36 late inputs | per client-tick: 210 B (near 35 B, 100% deltas), near 4.3 mid 4.2 far 6.3, far skipped 0 starved 0 | input wait p50 43.7 p99 73.5 ms | 0 joins deferred | kernel drops rcv 0 snd 0
         p50/p99 ms: ingress 0.41/0.83  events 0.10/0.15  movement 0.29/0.36  grid 0.16/0.22  separate 0.17/0.23  history 0.00/0.00  serialize 0.04/0.10  assembly 0.72/1.07  transport 0.39/0.69  egress 1.80/2.31
[   45s] clients 1000 | level 0 (0-0 in window: 30 Hz, dilation 1.0), pace 1.00, 0.0% clients bandwidth-degraded | tick p50 4.29 p99 4.90 max 4.95 ms, 0 overruns | out 30.0k pps 59 kbps/client, 59 Mbps | in 29.8k pps 15 kbps/client | stand-ins: repeated 0.03% frozen 0.00%, 41 late inputs | per client-tick: 210 B (near 35 B, 100% deltas), near 4.2 mid 4.2 far 6.3, far skipped 0 starved 0 | input wait p50 43.7 p99 74.4 ms | 0 joins deferred | kernel drops rcv 0 snd 0
         p50/p99 ms: ingress 0.39/0.82  events 0.10/0.15  movement 0.28/0.36  grid 0.15/0.21  separate 0.17/0.31  history 0.00/0.00  serialize 0.04/0.08  assembly 0.80/1.16  transport 0.40/0.83  egress 1.85/2.23
[   50s] clients 1000 | level 0 (0-0 in window: 30 Hz, dilation 1.0), pace 1.00, 0.0% clients bandwidth-degraded | tick p50 4.24 p99 5.20 max 5.45 ms, 0 overruns | out 30.0k pps 59 kbps/client, 59 Mbps | in 29.8k pps 15 kbps/client | stand-ins: repeated 0.02% frozen 0.00%, 31 late inputs | per client-tick: 210 B (near 35 B, 100% deltas), near 4.3 mid 4.2 far 6.3, far skipped 0 starved 0 | input wait p50 43.7 p99 73.8 ms | 0 joins deferred | kernel drops rcv 0 snd 0
         p50/p99 ms: ingress 0.39/0.79  events 0.10/0.19  movement 0.29/0.36  grid 0.15/0.30  separate 0.17/0.23  history 0.00/0.00  serialize 0.04/0.08  assembly 0.85/1.20  transport 0.41/0.85  egress 1.82/2.23
[   55s] clients 1000 | level 0 (0-0 in window: 30 Hz, dilation 1.0), pace 1.00, 0.0% clients bandwidth-degraded | tick p50 4.27 p99 5.05 max 5.19 ms, 0 overruns | out 30.0k pps 59 kbps/client, 59 Mbps | in 29.8k pps 15 kbps/client | stand-ins: repeated 0.03% frozen 0.00%, 51 late inputs | per client-tick: 210 B (near 36 B, 100% deltas), near 4.3 mid 4.2 far 6.3, far skipped 0 starved 0 | input wait p50 43.8 p99 74.4 ms | 0 joins deferred | kernel drops rcv 0 snd 0
         p50/p99 ms: ingress 0.39/0.89  events 0.10/0.20  movement 0.29/0.41  grid 0.16/0.20  separate 0.17/0.30  history 0.00/0.00  serialize 0.04/0.08  assembly 0.80/1.19  transport 0.40/0.73  egress 1.86/2.33
[   60s] clients 1000 | level 0 (0-0 in window: 30 Hz, dilation 1.0), pace 1.00, 0.0% clients bandwidth-degraded | tick p50 4.18 p99 5.13 max 5.13 ms, 0 overruns | out 30.0k pps 59 kbps/client, 59 Mbps | in 29.8k pps 15 kbps/client | stand-ins: repeated 0.03% frozen 0.00%, 46 late inputs | per client-tick: 210 B (near 35 B, 100% deltas), near 4.3 mid 4.2 far 6.3, far skipped 0 starved 0 | input wait p50 43.7 p99 74.7 ms | 0 joins deferred | kernel drops rcv 0 snd 0
         p50/p99 ms: ingress 0.37/0.78  events 0.10/0.14  movement 0.29/0.38  grid 0.15/0.26  separate 0.17/0.21  history 0.00/0.00  serialize 0.04/0.07  assembly 0.82/1.14  transport 0.40/0.92  egress 1.79/2.19
[   60s] clients 0 | level 0 (0-0 in window: 30 Hz, dilation 1.0), pace 1.00, 0.0% clients bandwidth-degraded | tick p50 4.38 p99 4.78 max 4.78 ms, 0 overruns | out 18.0k pps 56 kbps/client, 33 Mbps | in 40.5k pps 21 kbps/client | stand-ins: repeated 0.00% frozen 0.00%, 1 late inputs | per client-tick: 196 B (near 33 B, 100% deltas), near 4.0 mid 3.7 far 5.7, far skipped 0 starved 0 | input wait p50 44.9 p99 74.1 ms | 0 joins deferred | kernel drops rcv 0 snd 0
         p50/p99 ms: ingress 0.36/0.75  events 0.15/0.56  movement 0.26/0.34  grid 0.15/0.17  separate 0.15/0.17  history 0.00/0.00  serialize 0.02/0.06  assembly 0.70/0.80  transport 0.38/0.48  egress 1.45/2.08

== summary: 1706 steady-state ticks (after warmup, before clients drain), peak 1000 clients ==
  phase        p50 ms   p99 ms   max ms
  ingress        0.38     0.82     1.19
  events         0.10     0.17     0.22
  movement       0.29     0.38     0.48
  grid           0.15     0.24     0.35
  separate       0.17     0.29     0.37
  history        0.00     0.00     0.03
  serialize      0.04     0.08     0.12
  assembly       0.80     1.14     1.46
  transport      0.40     0.81     0.93
  egress         1.83     2.31    13.59
  tick           4.24     5.05    16.72
  overruns 0 | spawns 1000 despawns 1000 (356 joins deferred) | stand-ins: repeated 468 frozen 0 | late inputs 466 discarded 0 | bad messages 0 | recv errors 0 send errors 0
  egress (whole run): 1797161 datagrams in 1797161 sends (1.00 per send), 115197 syscalls
  ticks per ladder level (whole run): L0: 1811
  input wait on the server (datagram arrival -> applied): p50 43.7 p99 74.6 max 118.2 mean 45.7 ms
  steady state: stand-ins repeated 448 frozen 0 | late inputs 447 discarded 0
  rewind of near targets (applied step - the input's render step for that tier): p50 200 p99 233 max 267 mean 202.4 ms (n=1783235)
  rewind of mid/far targets (applied step - the input's render step for that tier): p50 333 p99 367 max 401 mean 335.5 ms (n=1783235)
  render times ahead of the server (bogus) 0
