minting tokens with the public dev key (--token-key to change)
1000 bots -> 127.0.0.1:40500 on 8 threads, ramp 0/s, 60s, 1000 full + 0 sink bots
[    5s] bots 1000/1000 connected, 1000 welcomed, 0 failed | 25.6 snaps/s/bot, entities/snap near 65.3 mid 87.7 far 0.0 | corrections 0.000/s/bot | down 319 up 13 kbps/bot | rtt 85.2 ms loss 0.04% | input->applied ~ p50 91 p99 122 ms, round trip p50 167 p99 167 ms | joins 1000 (p50 379 p99 630 ms) | server pace 1.00 level 0, 0 bots bandwidth-degraded | swarm busy 12%, overruns 4
[   10s] bots 1000/1000 connected, 1000 welcomed, 0 failed | 31.1 snaps/s/bot, entities/snap near 64.0 mid 86.0 far 0.0 | corrections 0.000/s/bot | down 375 up 16 kbps/bot | rtt 85.3 ms loss 0.51% | input->applied ~ p50 90 p99 117 ms, round trip p50 167 p99 167 ms | joins 0 (p50 0 p99 0 ms) | server pace 1.00 level 0, 0 bots bandwidth-degraded | swarm busy 12%, overruns 0
[   15s] bots 1000/1000 connected, 1000 welcomed, 0 failed | 28.0 snaps/s/bot, entities/snap near 64.0 mid 86.0 far 0.0 | corrections 0.000/s/bot | down 338 up 14 kbps/bot | rtt 85.4 ms loss 0.58% | input->applied ~ p50 90 p99 117 ms, round trip p50 167 p99 167 ms | joins 0 (p50 0 p99 0 ms) | server pace 1.00 level 0, 0 bots bandwidth-degraded | swarm busy 12%, overruns 0
[   20s] bots 1000/1000 connected, 1000 welcomed, 0 failed | 30.9 snaps/s/bot, entities/snap near 64.0 mid 86.0 far 0.0 | corrections 0.000/s/bot | down 373 up 16 kbps/bot | rtt 85.3 ms loss 0.49% | input->applied ~ p50 90 p99 117 ms, round trip p50 167 p99 167 ms | joins 0 (p50 0 p99 0 ms) | server pace 1.00 level 0, 0 bots bandwidth-degraded | swarm busy 13%, overruns 0
[   25s] bots 1000/1000 connected, 1000 welcomed, 0 failed | 30.5 snaps/s/bot, entities/snap near 64.0 mid 86.0 far 0.0 | corrections 0.000/s/bot | down 368 up 15 kbps/bot | rtt 85.1 ms loss 0.53% | input->applied ~ p50 90 p99 117 ms, round trip p50 167 p99 167 ms | joins 0 (p50 0 p99 0 ms) | server pace 1.00 level 0, 0 bots bandwidth-degraded | swarm busy 12%, overruns 0
[   30s] bots 1000/1000 connected, 1000 welcomed, 0 failed | 28.6 snaps/s/bot, entities/snap near 64.0 mid 86.0 far 0.0 | corrections 0.000/s/bot | down 344 up 14 kbps/bot | rtt 85.4 ms loss 0.52% | input->applied ~ p50 90 p99 117 ms, round trip p50 167 p99 167 ms | joins 0 (p50 0 p99 0 ms) | server pace 1.00 level 0, 0 bots bandwidth-degraded | swarm busy 12%, overruns 0
[   35s] bots 1000/1000 connected, 1000 welcomed, 0 failed | 30.7 snaps/s/bot, entities/snap near 64.0 mid 86.0 far 0.0 | corrections 0.000/s/bot | down 370 up 16 kbps/bot | rtt 85.3 ms loss 0.46% | input->applied ~ p50 90 p99 117 ms, round trip p50 167 p99 167 ms | joins 0 (p50 0 p99 0 ms) | server pace 1.00 level 0, 0 bots bandwidth-degraded | swarm busy 13%, overruns 0
[   40s] bots 1000/1000 connected, 1000 welcomed, 0 failed | 29.6 snaps/s/bot, entities/snap near 64.0 mid 86.0 far 0.0 | corrections 0.001/s/bot | down 357 up 15 kbps/bot | rtt 85.2 ms loss 0.46% | input->applied ~ p50 90 p99 117 ms, round trip p50 167 p99 167 ms | joins 0 (p50 0 p99 0 ms) | server pace 1.00 level 0, 0 bots bandwidth-degraded | swarm busy 12%, overruns 0
[   45s] bots 1000/1000 connected, 1000 welcomed, 0 failed | 29.8 snaps/s/bot, entities/snap near 64.0 mid 86.0 far 0.0 | corrections 0.001/s/bot | down 360 up 15 kbps/bot | rtt 85.4 ms loss 0.53% | input->applied ~ p50 90 p99 117 ms, round trip p50 167 p99 167 ms | joins 0 (p50 0 p99 0 ms) | server pace 1.00 level 0, 0 bots bandwidth-degraded | swarm busy 13%, overruns 0
[   50s] bots 1000/1000 connected, 1000 welcomed, 0 failed | 30.0 snaps/s/bot, entities/snap near 64.0 mid 86.0 far 0.0 | corrections 0.000/s/bot | down 362 up 15 kbps/bot | rtt 85.3 ms loss 0.50% | input->applied ~ p50 90 p99 117 ms, round trip p50 167 p99 167 ms | joins 0 (p50 0 p99 0 ms) | server pace 1.00 level 0, 0 bots bandwidth-degraded | swarm busy 12%, overruns 0
[   55s] bots 1000/1000 connected, 1000 welcomed, 0 failed | 29.9 snaps/s/bot, entities/snap near 64.0 mid 86.0 far 0.0 | corrections 0.000/s/bot | down 360 up 15 kbps/bot | rtt 85.3 ms loss 0.52% | input->applied ~ p50 90 p99 117 ms, round trip p50 167 p99 167 ms | joins 0 (p50 0 p99 0 ms) | server pace 1.00 level 0, 0 bots bandwidth-degraded | swarm busy 13%, overruns 0
[   60s] bots 1000/1000 connected, 1000 welcomed, 0 failed | 29.9 snaps/s/bot, entities/snap near 64.0 mid 86.0 far 0.0 | corrections 0.000/s/bot | down 361 up 15 kbps/bot | rtt 85.3 ms loss 0.48% | input->applied ~ p50 90 p99 117 ms, round trip p50 167 p99 167 ms | joins 0 (p50 0 p99 0 ms) | server pace 1.00 level 0, 0 bots bandwidth-degraded | swarm busy 13%, overruns 0

== bots summary ==
  started 1000 welcomed 1000 failed 0
  join latency ms: p50 379 p99 630 max 687 (n=1000)
  corrections 16 (0.02/bot-minute), mean error 0.067 m, max 0.135 m
  push corrections (the server pushed us apart from a crowd) 25551 (25.55/bot-minute), max 0.300 m
  snapshots 1779687 (entities per snapshot: near 64.1 mid 86.1 far 0.0), stale 39, unmatched acks 0, resyncs 0
  input -> applied on server (est. RTT/2 + server wait): p50 90.0 p99 118.0 max 162.0 mean 91.6 ms (n=1776575)
    of which server wait (arrival -> applied): p50 47.7 p99 74.1 max 120.3 mean 48.9 ms (n=1776575)
  input -> seen acked (round trip): p50 167.0 p99 167.0 max 234.0 mean 151.4 ms (n=1776906)
  near entity update interval (tracked bots): p50 66.0 p99 66.0 max 200.0 mean 53.4 ms (n=5690468)
  mid entity update interval (tracked bots): p50 100.0 p99 100.0 max 2200.0 mean 100.9 ms (n=7607584)
  far entity update interval (tracked bots): p50 0.0 p99 0.0 max 0.0 mean 0.0 ms (n=0)
  near drawn (tracked bots): 99.68% interpolated, 0.18% extrapolated, 0.00% held, 0.14% new | pops p50 0 p99 0 max 700 mm
  mid drawn (tracked bots): 96.16% interpolated, 1.23% extrapolated, 1.51% held, 1.11% new | pops p50 0 p99 0 max 17031 mm
  far drawn (tracked bots): 0.00% interpolated, 0.00% extrapolated, 0.00% held, 0.00% new | pops p50 0 p99 0 max 0 mm
  render delay (near) 100.4 ms behind the newest step, clock snaps 0 (backwards 0)
  input clock: 3824 extra inputs, 2937 skipped ticks, 0 backlog skips | near decode errors (tracked bots) 0
  bytes down 2689.4 MB up 112.5 MB | swarm busy 12% of its threads' time, tick overruns 4
