== blob, 1000 bots, 60s -> baselines/2026-10-05-wsl2-adaptive-near-netem/typical-blob-1k-1
== summary: 1707 steady-state ticks (after warmup, before clients drain), peak 1000 clients ==
  phase        p50 ms   p99 ms   max ms
  ingress        0.41     0.55     1.07
  events         0.12     0.19     0.27
  movement       0.26     0.34     0.40
  grid           0.15     0.21     0.41
  separate       0.30     0.39     0.53
  history        0.00     0.00     0.02
  serialize      0.04     0.08     0.14
  assembly       2.29     2.74     3.04
  transport      0.95     1.28     1.60
  egress         3.98     4.84    17.05
  tick           8.53     9.87    22.36
  overruns 0 | spawns 1000 despawns 1000 (384 joins deferred) | stand-ins: repeated 347 frozen 876 | late inputs 335 discarded 0 | bad messages 0 | recv errors 0 send errors 0
  egress (whole run): 3593668 datagrams in 3593668 sends (1.00 per send), 116094 syscalls
  ticks per ladder level (whole run): L0: 1960
  input wait on the server (datagram arrival -> applied): p50 47.7 p99 74.1 max 120.3 mean 48.9 ms
  steady state: stand-ins repeated 317 frozen 0 | late inputs 317 discarded 0
  rewind of near targets (applied step - the input's render step for that tier): p50 200 p99 259 max 333 mean 208.6 ms (n=1634905)
  rewind of mid/far targets (applied step - the input's render step for that tier): p50 333 p99 367 max 433 mean 340.1 ms (n=1634905)
  render times ahead of the server (bogus) 0
== bots summary ==
  started 1000 welcomed 1000 failed 0
  join latency ms: p50 379 p99 630 max 687 (n=1000)
  corrections 16 (0.02/bot-minute), mean error 0.067 m, max 0.135 m
  push corrections (the server pushed us apart from a crowd) 25551 (25.55/bot-minute), max 0.300 m
  snapshots 1779687 (entities per snapshot: near 64.1 mid 86.1 far 0.0), stale 39, unmatched acks 0, resyncs 0
  input -> applied on server (est. RTT/2 + server wait): p50 90.0 p99 118.0 max 162.0 mean 91.6 ms (n=1776575)
    of which server wait (arrival -> applied): p50 47.7 p99 74.1 max 120.3 mean 48.9 ms (n=1776575)
  input -> seen acked (round trip): p50 167.0 p99 167.0 max 234.0 mean 151.4 ms (n=1776906)
  near entity update interval (tracked bots): p50 66.0 p99 66.0 max 200.0 mean 53.4 ms (n=5690468)
  mid entity update interval (tracked bots): p50 100.0 p99 100.0 max 2200.0 mean 100.9 ms (n=7607584)
  far entity update interval (tracked bots): p50 0.0 p99 0.0 max 0.0 mean 0.0 ms (n=0)
  near drawn (tracked bots): 99.68% interpolated, 0.18% extrapolated, 0.00% held, 0.14% new | pops p50 0 p99 0 max 700 mm
  mid drawn (tracked bots): 96.16% interpolated, 1.23% extrapolated, 1.51% held, 1.11% new | pops p50 0 p99 0 max 17031 mm
  far drawn (tracked bots): 0.00% interpolated, 0.00% extrapolated, 0.00% held, 0.00% new | pops p50 0 p99 0 max 0 mm
  render delay (near) 100.4 ms behind the newest step, clock snaps 0 (backwards 0)
  input clock: 3824 extra inputs, 2937 skipped ticks, 0 backlog skips | near decode errors (tracked bots) 0
  bytes down 2689.4 MB up 112.5 MB | swarm busy 12% of its threads' time, tick overruns 4
