preallocated connections for 10000 clients in 256.006387ms
listening on 127.0.0.1:40500 | spawn Blob | tiers near 64@150 m, mid 500 m, far 1500 m, budget 6250 B/tick, squads of 4 | 8 rayon threads, 64 shards, 1 socket(s), 256 accepts/tick, egress SendMmsg | socket buffers rcv 8192 KiB snd 8192 KiB
WARNING: token key is the public dev key; anyone can mint tokens for this server (--token-key)
[    5s] clients 1000 | level 0 (0-0 in window: 30 Hz, dilation 1.0), pace 1.00, 0.0% clients bandwidth-degraded | tick p50 8.57 p99 9.83 max 32.81 ms, 0 overruns | out 54.9k pps 369 kbps/client, 333 Mbps | in 26.7k pps 16 kbps/client | stand-ins: repeated 0.03% frozen 0.00%, 32 late inputs | per client-tick: 1464 B (near 459 B, 95% deltas), near 64.0 mid 85.9 far 0.0, far skipped 0 starved 0 | input wait p50 48.0 p99 78.9 ms | 384 joins deferred | kernel drops rcv 0 snd 0
         p50/p99 ms: ingress 0.40/0.92  events 0.12/1.55  movement 0.26/0.35  grid 0.15/0.22  separate 0.30/0.42  history 0.00/0.01  serialize 0.04/0.08  assembly 2.26/2.88  transport 0.96/1.76  egress 3.93/4.64
[   10s] clients 1000 | level 0 (0-0 in window: 30 Hz, dilation 1.0), pace 1.00, 0.0% clients bandwidth-degraded | tick p50 8.51 p99 9.76 max 9.82 ms, 0 overruns | out 60.0k pps 362 kbps/client, 362 Mbps | in 29.8k pps 15 kbps/client | stand-ins: repeated 0.02% frozen 0.00%, 24 late inputs | per client-tick: 1442 B (near 436 B, 99% deltas), near 64.0 mid 86.0 far 0.0, far skipped 0 starved 0 | input wait p50 47.7 p99 73.8 ms | 0 joins deferred | kernel drops rcv 0 snd 0
         p50/p99 ms: ingress 0.41/0.52  events 0.12/0.18  movement 0.26/0.33  grid 0.15/0.29  separate 0.30/0.39  history 0.00/0.01  serialize 0.04/0.08  assembly 2.29/2.69  transport 0.97/1.31  egress 3.92/4.76
[   15s] clients 1000 | level 0 (0-0 in window: 30 Hz, dilation 1.0), pace 1.00, 0.0% clients bandwidth-degraded | tick p50 8.51 p99 9.93 max 10.55 ms, 0 overruns | out 60.0k pps 362 kbps/client, 362 Mbps | in 29.8k pps 15 kbps/client | stand-ins: repeated 0.02% frozen 0.00%, 35 late inputs | per client-tick: 1443 B (near 437 B, 99% deltas), near 64.0 mid 86.0 far 0.0, far skipped 0 starved 0 | input wait p50 47.7 p99 73.7 ms | 0 joins deferred | kernel drops rcv 0 snd 0
         p50/p99 ms: ingress 0.41/0.70  events 0.12/0.20  movement 0.26/0.39  grid 0.15/0.24  separate 0.30/0.45  history 0.00/0.00  serialize 0.04/0.09  assembly 2.29/2.74  transport 0.95/1.24  egress 3.95/5.02
[   20s] clients 1000 | level 0 (0-0 in window: 30 Hz, dilation 1.0), pace 1.00, 0.0% clients bandwidth-degraded | tick p50 8.60 p99 10.25 max 10.32 ms, 0 overruns | out 60.0k pps 362 kbps/client, 362 Mbps | in 29.8k pps 15 kbps/client | stand-ins: repeated 0.02% frozen 0.00%, 25 late inputs | per client-tick: 1441 B (near 435 B, 99% deltas), near 64.0 mid 86.0 far 0.0, far skipped 0 starved 0 | input wait p50 47.6 p99 73.4 ms | 0 joins deferred | kernel drops rcv 0 snd 0
         p50/p99 ms: ingress 0.41/0.54  events 0.12/0.20  movement 0.27/0.35  grid 0.15/0.18  separate 0.30/0.38  history 0.00/0.00  serialize 0.04/0.08  assembly 2.30/2.75  transport 0.97/1.25  egress 4.04/4.84
[   25s] clients 1000 | level 0 (0-0 in window: 30 Hz, dilation 1.0), pace 1.00, 0.0% clients bandwidth-degraded | tick p50 8.59 p99 9.80 max 9.91 ms, 0 overruns | out 60.0k pps 362 kbps/client, 362 Mbps | in 29.8k pps 15 kbps/client | stand-ins: repeated 0.02% frozen 0.00%, 28 late inputs | per client-tick: 1442 B (near 436 B, 99% deltas), near 64.0 mid 86.0 far 0.0, far skipped 0 starved 0 | input wait p50 47.7 p99 73.5 ms | 0 joins deferred | kernel drops rcv 0 snd 0
         p50/p99 ms: ingress 0.40/0.50  events 0.12/0.18  movement 0.26/0.33  grid 0.15/0.23  separate 0.31/0.39  history 0.00/0.00  serialize 0.04/0.09  assembly 2.30/2.68  transport 0.99/1.30  egress 3.97/4.87
[   30s] clients 1000 | level 0 (0-0 in window: 30 Hz, dilation 1.0), pace 1.00, 0.0% clients bandwidth-degraded | tick p50 8.54 p99 9.98 max 10.02 ms, 0 overruns | out 60.0k pps 362 kbps/client, 362 Mbps | in 29.8k pps 15 kbps/client | stand-ins: repeated 0.02% frozen 0.00%, 29 late inputs | per client-tick: 1442 B (near 436 B, 99% deltas), near 64.0 mid 86.0 far 0.0, far skipped 0 starved 0 | input wait p50 47.7 p99 73.6 ms | 0 joins deferred | kernel drops rcv 0 snd 0
         p50/p99 ms: ingress 0.41/0.62  events 0.12/0.17  movement 0.26/0.34  grid 0.15/0.21  separate 0.30/0.39  history 0.00/0.00  serialize 0.04/0.08  assembly 2.29/2.68  transport 0.97/1.31  egress 3.98/4.76
[   35s] clients 1000 | level 0 (0-0 in window: 30 Hz, dilation 1.0), pace 1.00, 0.0% clients bandwidth-degraded | tick p50 8.55 p99 9.73 max 11.06 ms, 0 overruns | out 60.0k pps 362 kbps/client, 362 Mbps | in 29.8k pps 15 kbps/client | stand-ins: repeated 0.02% frozen 0.00%, 31 late inputs | per client-tick: 1441 B (near 435 B, 99% deltas), near 64.0 mid 86.0 far 0.0, far skipped 0 starved 0 | input wait p50 47.7 p99 73.4 ms | 0 joins deferred | kernel drops rcv 0 snd 0
         p50/p99 ms: ingress 0.41/0.67  events 0.12/0.19  movement 0.26/0.37  grid 0.15/0.20  separate 0.30/0.40  history 0.00/0.01  serialize 0.04/0.08  assembly 2.30/2.68  transport 0.95/1.31  egress 3.98/4.89
[   40s] clients 1000 | level 0 (0-0 in window: 30 Hz, dilation 1.0), pace 1.00, 0.0% clients bandwidth-degraded | tick p50 8.49 p99 9.73 max 9.74 ms, 0 overruns | out 60.0k pps 362 kbps/client, 362 Mbps | in 29.8k pps 15 kbps/client | stand-ins: repeated 0.01% frozen 0.00%, 22 late inputs | per client-tick: 1442 B (near 436 B, 99% deltas), near 64.0 mid 86.0 far 0.0, far skipped 0 starved 0 | input wait p50 47.7 p99 73.6 ms | 0 joins deferred | kernel drops rcv 0 snd 0
         p50/p99 ms: ingress 0.40/0.54  events 0.12/0.20  movement 0.26/0.34  grid 0.15/0.20  separate 0.30/0.39  history 0.00/0.00  serialize 0.04/0.10  assembly 2.29/2.61  transport 0.95/1.18  egress 3.96/4.62
[   45s] clients 1000 | level 0 (0-0 in window: 30 Hz, dilation 1.0), pace 1.00, 0.0% clients bandwidth-degraded | tick p50 8.49 p99 9.80 max 12.66 ms, 0 overruns | out 60.0k pps 362 kbps/client, 362 Mbps | in 29.8k pps 15 kbps/client | stand-ins: repeated 0.02% frozen 0.00%, 32 late inputs | per client-tick: 1443 B (near 437 B, 99% deltas), near 64.0 mid 86.0 far 0.0, far skipped 0 starved 0 | input wait p50 47.7 p99 73.9 ms | 0 joins deferred | kernel drops rcv 0 snd 0
         p50/p99 ms: ingress 0.41/0.68  events 0.12/0.19  movement 0.26/0.33  grid 0.15/0.22  separate 0.30/0.39  history 0.00/0.00  serialize 0.04/0.09  assembly 2.27/2.62  transport 0.95/1.43  egress 3.95/5.07
[   50s] clients 1000 | level 0 (0-0 in window: 30 Hz, dilation 1.0), pace 1.00, 0.0% clients bandwidth-degraded | tick p50 8.51 p99 9.87 max 10.13 ms, 0 overruns | out 60.0k pps 362 kbps/client, 362 Mbps | in 29.8k pps 15 kbps/client | stand-ins: repeated 0.02% frozen 0.00%, 23 late inputs | per client-tick: 1444 B (near 438 B, 99% deltas), near 64.0 mid 86.0 far 0.0, far skipped 0 starved 0 | input wait p50 47.6 p99 73.4 ms | 0 joins deferred | kernel drops rcv 0 snd 0
         p50/p99 ms: ingress 0.40/0.58  events 0.12/0.18  movement 0.26/0.34  grid 0.15/0.23  separate 0.30/0.37  history 0.00/0.00  serialize 0.04/0.07  assembly 2.30/2.69  transport 0.92/1.31  egress 4.03/4.79
[   55s] clients 1000 | level 0 (0-0 in window: 30 Hz, dilation 1.0), pace 1.00, 0.0% clients bandwidth-degraded | tick p50 8.50 p99 9.87 max 10.14 ms, 0 overruns | out 60.0k pps 362 kbps/client, 362 Mbps | in 29.8k pps 15 kbps/client | stand-ins: repeated 0.02% frozen 0.00%, 27 late inputs | per client-tick: 1442 B (near 436 B, 99% deltas), near 64.0 mid 86.0 far 0.0, far skipped 0 starved 0 | input wait p50 47.7 p99 73.7 ms | 0 joins deferred | kernel drops rcv 0 snd 0
         p50/p99 ms: ingress 0.41/0.51  events 0.12/0.19  movement 0.26/0.33  grid 0.14/0.24  separate 0.30/0.40  history 0.00/0.00  serialize 0.04/0.09  assembly 2.28/2.54  transport 0.93/1.29  egress 3.97/4.87
[   60s] clients 821 | level 0 (0-0 in window: 30 Hz, dilation 1.0), pace 1.00, 0.0% clients bandwidth-degraded | tick p50 8.54 p99 14.02 max 22.36 ms, 0 overruns | out 59.9k pps 362 kbps/client, 361 Mbps | in 29.9k pps 15 kbps/client | stand-ins: repeated 0.02% frozen 0.00%, 27 late inputs | per client-tick: 1443 B (near 437 B, 99% deltas), near 64.0 mid 86.0 far 0.0, far skipped 0 starved 0 | input wait p50 47.6 p99 73.6 ms | 0 joins deferred | kernel drops rcv 0 snd 0
         p50/p99 ms: ingress 0.41/0.55  events 0.12/0.24  movement 0.26/0.33  grid 0.15/0.20  separate 0.30/0.38  history 0.00/0.00  serialize 0.04/0.07  assembly 2.33/2.98  transport 0.94/1.25  egress 4.01/9.72
[   65s] clients 0 | level 0 (0-0 in window: 30 Hz, dilation 1.0), pace 1.00, 0.0% clients bandwidth-degraded | tick p50 1.87 p99 3.37 max 3.48 ms, 0 overruns | out 0.2k pps 29 kbps/client, 0 Mbps | in 0.3k pps 8 kbps/client | stand-ins: repeated 1.34% frozen 97.55%, 0 late inputs | per client-tick: 90 B (near 25 B, 7% deltas), near 1.3 mid 1.2 far 0.0, far skipped 0 starved 0 | input wait p50 39.4 p99 53.6 ms | 0 joins deferred | kernel drops rcv 0 snd 0
         p50/p99 ms: ingress 0.33/1.26  events 0.00/0.03  movement 0.14/0.19  grid 0.14/0.19  separate 0.17/0.20  history 0.00/0.00  serialize 0.00/0.00  assembly 0.27/1.16  transport 0.25/1.05  egress 0.24/1.08

== summary: 1707 steady-state ticks (after warmup, before clients drain), peak 1000 clients ==
  phase        p50 ms   p99 ms   max ms
  ingress        0.41     0.55     1.07
  events         0.12     0.19     0.27
  movement       0.26     0.34     0.40
  grid           0.15     0.21     0.41
  separate       0.30     0.39     0.53
  history        0.00     0.00     0.02
  serialize      0.04     0.08     0.14
  assembly       2.29     2.74     3.04
  transport      0.95     1.28     1.60
  egress         3.98     4.84    17.05
  tick           8.53     9.87    22.36
  overruns 0 | spawns 1000 despawns 1000 (384 joins deferred) | stand-ins: repeated 347 frozen 876 | late inputs 335 discarded 0 | bad messages 0 | recv errors 0 send errors 0
  egress (whole run): 3593668 datagrams in 3593668 sends (1.00 per send), 116094 syscalls
  ticks per ladder level (whole run): L0: 1960
  input wait on the server (datagram arrival -> applied): p50 47.7 p99 74.1 max 120.3 mean 48.9 ms
  steady state: stand-ins repeated 317 frozen 0 | late inputs 317 discarded 0
  rewind of near targets (applied step - the input's render step for that tier): p50 200 p99 259 max 333 mean 208.6 ms (n=1634905)
  rewind of mid/far targets (applied step - the input's render step for that tier): p50 333 p99 367 max 433 mean 340.1 ms (n=1634905)
  render times ahead of the server (bogus) 0
