spawn=blob
egress=sendmmsg
ladder=on
threads=8
shards=64
sockets=1
peak_clients=1000
steady_ticks=1707
steady_secs=56.9
ingress_p50_ms=0.41
ingress_p99_ms=0.55
ingress_max_ms=1.07
events_p50_ms=0.12
events_p99_ms=0.19
events_max_ms=0.27
movement_p50_ms=0.26
movement_p99_ms=0.34
movement_max_ms=0.40
grid_p50_ms=0.15
grid_p99_ms=0.21
grid_max_ms=0.41
separate_p50_ms=0.30
separate_p99_ms=0.39
separate_max_ms=0.53
history_p50_ms=0.00
history_p99_ms=0.00
history_max_ms=0.02
serialize_p50_ms=0.04
serialize_p99_ms=0.08
serialize_max_ms=0.14
assembly_p50_ms=2.29
assembly_p99_ms=2.74
assembly_max_ms=3.04
transport_p50_ms=0.95
transport_p99_ms=1.28
transport_max_ms=1.60
egress_p50_ms=3.98
egress_p99_ms=4.84
egress_max_ms=17.05
tick_p50_ms=8.53
tick_p99_ms=9.87
tick_max_ms=22.36
steady_overruns=0
level_mode=0
tick_hz=30
dilation=1
levels=L0:1707
clients_avg=1000
out_pps=60026
in_pps=29830
egress_mbps=361.9
packets_per_client_tick=2.00
wire_bytes_per_client_tick=1507
down_kbps_per_client=361.9
up_kbps_per_client=15.0
kernel_rcvbuf_drops=0
kernel_sndbuf_drops=0
snapshot_bytes_per_client_tick=1442
near_bytes_per_client_tick=436
near_per_client_tick=64.0
mid_per_client_tick=86.0
far_per_client_tick=0.0
near_scanned_per_query=176
mid_scanned_per_query=190
far_skipped=0
far_starved=0
repeated=317
frozen=0
late_inputs=317
discarded_inputs=0
input_wait_p50_ms=47.7
input_wait_p99_ms=74.1
spawns=1000
despawns=1000
joins_deferred=384
bad_messages=0
recv_errors=0
send_errors=0
datagrams=3593668
sends=3593668
send_syscalls=116094
rewind_near_p50_ms=200
rewind_near_p99_ms=259
rewind_near_mean_ms=208.6
rewind_mid_p50_ms=333
rewind_mid_p99_ms=367
rewind_mid_mean_ms=340.1
ingress_longest_p50_ms=0.03
ingress_work_p50_ms=0.98
assembly_longest_p50_ms=0.38
assembly_work_p50_ms=13.06
transport_longest_p50_ms=0.15
transport_work_p50_ms=3.72
egress_longest_p50_ms=0.74
egress_work_p50_ms=26.62
