5000 bots -> 172.31.17.93:40500 on 28 threads x 8 slots, ramp 0/s, 60s, 5000 full + 0 sink bots
[    5s] bots 5000/5000 connected, 5000 welcomed, 0 failed | 24.5 snaps/s/bot, entities/snap near 9.3 mid 20.4 far 32.0 | corrections 0.000/s/bot | down 146 up 12 kbps/bot | rtt 7.6 ms loss 0.00% | input->applied ~ p50 54 p99 92 ms, round trip p50 67 p99 100 ms | joins 5000 (p50 398 p99 932 ms) | server pace 1.00 level 0, 0 bots bandwidth-degraded | swarm busy 8%, overruns 268
[   10s] bots 5000/5000 connected, 5000 welcomed, 0 failed | 30.1 snaps/s/bot, entities/snap near 9.4 mid 20.9 far 32.7 | corrections 0.000/s/bot | down 182 up 15 kbps/bot | rtt 7.7 ms loss 0.00% | input->applied ~ p50 54 p99 70 ms, round trip p50 67 p99 100 ms | joins 0 (p50 0 p99 0 ms) | server pace 1.00 level 0, 0 bots bandwidth-degraded | swarm busy 9%, overruns 0
[   15s] bots 5000/5000 connected, 5000 welcomed, 0 failed | 30.1 snaps/s/bot, entities/snap near 9.4 mid 20.9 far 32.7 | corrections 0.000/s/bot | down 182 up 15 kbps/bot | rtt 7.5 ms loss 0.00% | input->applied ~ p50 54 p99 70 ms, round trip p50 67 p99 100 ms | joins 0 (p50 0 p99 0 ms) | server pace 1.00 level 0, 0 bots bandwidth-degraded | swarm busy 9%, overruns 0
[   20s] bots 5000/5000 connected, 5000 welcomed, 0 failed | 30.2 snaps/s/bot, entities/snap near 9.4 mid 20.9 far 32.7 | corrections 0.000/s/bot | down 182 up 15 kbps/bot | rtt 7.4 ms loss 0.00% | input->applied ~ p50 54 p99 70 ms, round trip p50 67 p99 100 ms | joins 0 (p50 0 p99 0 ms) | server pace 1.00 level 0, 0 bots bandwidth-degraded | swarm busy 9%, overruns 0
[   25s] bots 5000/5000 connected, 5000 welcomed, 0 failed | 30.1 snaps/s/bot, entities/snap near 9.4 mid 20.9 far 32.7 | corrections 0.000/s/bot | down 182 up 15 kbps/bot | rtt 7.4 ms loss 0.00% | input->applied ~ p50 54 p99 70 ms, round trip p50 67 p99 100 ms | joins 0 (p50 0 p99 0 ms) | server pace 1.00 level 0, 0 bots bandwidth-degraded | swarm busy 9%, overruns 0
[   30s] bots 5000/5000 connected, 5000 welcomed, 0 failed | 30.2 snaps/s/bot, entities/snap near 9.4 mid 20.9 far 32.7 | corrections 0.000/s/bot | down 182 up 15 kbps/bot | rtt 7.4 ms loss 0.00% | input->applied ~ p50 54 p99 70 ms, round trip p50 67 p99 100 ms | joins 0 (p50 0 p99 0 ms) | server pace 1.00 level 0, 0 bots bandwidth-degraded | swarm busy 9%, overruns 0
[   35s] bots 5000/5000 connected, 5000 welcomed, 0 failed | 30.1 snaps/s/bot, entities/snap near 9.4 mid 20.9 far 32.7 | corrections 0.000/s/bot | down 182 up 15 kbps/bot | rtt 7.6 ms loss 0.00% | input->applied ~ p50 54 p99 70 ms, round trip p50 67 p99 100 ms | joins 0 (p50 0 p99 0 ms) | server pace 1.00 level 0, 0 bots bandwidth-degraded | swarm busy 9%, overruns 0
[   40s] bots 5000/5000 connected, 5000 welcomed, 0 failed | 30.1 snaps/s/bot, entities/snap near 9.4 mid 20.9 far 32.7 | corrections 0.000/s/bot | down 182 up 15 kbps/bot | rtt 7.5 ms loss 0.00% | input->applied ~ p50 54 p99 70 ms, round trip p50 67 p99 100 ms | joins 0 (p50 0 p99 0 ms) | server pace 1.00 level 0, 0 bots bandwidth-degraded | swarm busy 9%, overruns 0
[   45s] bots 5000/5000 connected, 5000 welcomed, 0 failed | 30.1 snaps/s/bot, entities/snap near 9.4 mid 20.9 far 32.7 | corrections 0.000/s/bot | down 182 up 15 kbps/bot | rtt 7.6 ms loss 0.00% | input->applied ~ p50 54 p99 70 ms, round trip p50 67 p99 100 ms | joins 0 (p50 0 p99 0 ms) | server pace 1.00 level 0, 0 bots bandwidth-degraded | swarm busy 9%, overruns 12
[   50s] bots 5000/5000 connected, 5000 welcomed, 0 failed | 30.1 snaps/s/bot, entities/snap near 9.4 mid 20.9 far 32.7 | corrections 0.000/s/bot | down 182 up 15 kbps/bot | rtt 7.4 ms loss 0.00% | input->applied ~ p50 54 p99 70 ms, round trip p50 67 p99 100 ms | joins 0 (p50 0 p99 0 ms) | server pace 1.00 level 0, 0 bots bandwidth-degraded | swarm busy 9%, overruns 0
[   55s] bots 5000/5000 connected, 5000 welcomed, 0 failed | 30.2 snaps/s/bot, entities/snap near 9.4 mid 20.9 far 32.7 | corrections 0.000/s/bot | down 182 up 15 kbps/bot | rtt 7.5 ms loss 0.00% | input->applied ~ p50 54 p99 70 ms, round trip p50 67 p99 100 ms | joins 0 (p50 0 p99 0 ms) | server pace 1.00 level 0, 0 bots bandwidth-degraded | swarm busy 9%, overruns 0
[   60s] bots 5000/5000 connected, 5000 welcomed, 0 failed | 30.2 snaps/s/bot, entities/snap near 9.4 mid 20.9 far 32.7 | corrections 0.000/s/bot | down 183 up 15 kbps/bot | rtt 7.5 ms loss 0.00% | input->applied ~ p50 54 p99 70 ms, round trip p50 67 p99 100 ms | joins 0 (p50 0 p99 0 ms) | server pace 1.00 level 0, 0 bots bandwidth-degraded | swarm busy 9%, overruns 0

== bots summary ==
  started 5000 welcomed 5000 failed 0
  join latency ms: p50 398 p99 932 max 1065 (n=5000)
  corrections 0 (0.00/bot-minute), mean error 0.000 m, max 0.000 m
  push corrections (the server pushed us apart from a crowd) 1491 (0.30/bot-minute), max 0.101 m
  snapshots 8935462 (entities per snapshot: near 9.4 mid 20.9 far 32.7), stale 0, unmatched acks 0, resyncs 0
  input -> applied on server (est. RTT/2 + server wait): p50 54.0 p99 70.0 max 96.0 mean 54.1 ms (n=8934026)
    of which server wait (arrival -> applied): p50 50.1 p99 66.5 max 92.6 mean 50.4 ms (n=8934026)
  input -> seen acked (round trip): p50 67.0 p99 100.0 max 136.0 mean 74.4 ms (n=8934026)
  near entity update interval (tracked bots): p50 33.0 p99 33.0 max 100.0 mean 33.0 ms (n=4109211)
  mid entity update interval (tracked bots): p50 100.0 p99 100.0 max 500.0 mean 100.2 ms (n=9155901)
  far entity update interval (tracked bots): p50 500.0 p99 500.0 max 2000.0 mean 499.9 ms (n=14555779)
  near drawn (tracked bots): 99.85% interpolated, 0.02% extrapolated, 0.00% held, 0.12% new | pops p50 0 p99 0 max 55 mm
  mid drawn (tracked bots): 99.52% interpolated, 0.13% extrapolated, 0.01% held, 0.34% new | pops p50 0 p99 0 max 4420 mm
  far drawn (tracked bots): 40.33% interpolated, 58.99% extrapolated, 0.27% held, 0.41% new | pops p50 403 p99 3666 max 16215 mm
  render delay (near) 66.9 ms behind the newest step, clock snaps 0 (backwards 0), slewing 1.25% of frames, near delay changes 8 | streak entity-frames (drawn > 20 m/s) 4039080
  input clock: 5300 extra inputs, 536 skipped ticks, 0 backlog skips | near decode errors (tracked bots) 0
  bytes down 6750.0 MB up 563.1 MB | swarm busy 9% of its threads' time, tick overruns 280
