== uniform, 5000 bots, 60s -> baselines/2026-10-07-aws-full/uniform-5k-2
== summary: 1709 steady-state ticks (after warmup, before clients drain), peak 5000 clients ==
  phase        p50 ms   p99 ms   max ms
  ingress        0.81     1.19     2.25
  events         2.05     2.64     2.90
  movement       0.64     0.74     0.92
  grid           0.34     0.41     0.49
  separate       0.34     0.67     0.89
  history        0.01     0.02     0.09
  shots          0.03     0.05     0.24
  serialize      0.23     0.34     0.52
  assembly       1.22     1.67     2.34
  transport      0.83     1.13     1.23
  egress         1.23     1.55     1.76
  tick           7.90     8.76     9.57
  overruns 0 | spawns 5000 despawns 5000 (13570 joins deferred) | deaths 0 respawns 0 | stand-ins: repeated 0 frozen 0 | late inputs 0 discarded 0 | bad messages 0 | recv errors 0 send errors 0
  egress (whole run): 8961548 datagrams in 8961548 sends (1.00 per send), 115255 syscalls
  ingress (whole run): 8978415 datagrams in 178875 receive calls (50.19 per call)
  ticks per ladder level (whole run): L0: 1817
  input wait on the server (datagram arrival -> applied): p50 50.1 p99 66.5 max 92.6 mean 50.4 ms
  steady state: stand-ins repeated 0 frozen 0 | late inputs 0 discarded 0
  rewind of near targets (applied step - the input's render step for that tier): p50 133 p99 167 max 193 mean 140.1 ms (n=8880942)
  rewind of mid/far targets (applied step - the input's render step for that tier): p50 267 p99 300 max 327 mean 273.9 ms (n=8880942)
  render times ahead of the server (bogus) 0
  shots 0 (late 0, refused 0, rewinds capped 0) | hits head 0 body 0 (after cover 0, too late 0), kills 0 | ground 0 cover 0 expired 0 | segments 0 candidates 0
== bots summary ==
  started 5000 welcomed 5000 failed 0
  join latency ms: p50 398 p99 932 max 1065 (n=5000)
  corrections 0 (0.00/bot-minute), mean error 0.000 m, max 0.000 m
  push corrections (the server pushed us apart from a crowd) 1491 (0.30/bot-minute), max 0.101 m
  snapshots 8935462 (entities per snapshot: near 9.4 mid 20.9 far 32.7), stale 0, unmatched acks 0, resyncs 0
  input -> applied on server (est. RTT/2 + server wait): p50 54.0 p99 70.0 max 96.0 mean 54.1 ms (n=8934026)
    of which server wait (arrival -> applied): p50 50.1 p99 66.5 max 92.6 mean 50.4 ms (n=8934026)
  input -> seen acked (round trip): p50 67.0 p99 100.0 max 136.0 mean 74.4 ms (n=8934026)
  near entity update interval (tracked bots): p50 33.0 p99 33.0 max 100.0 mean 33.0 ms (n=4109211)
  mid entity update interval (tracked bots): p50 100.0 p99 100.0 max 500.0 mean 100.2 ms (n=9155901)
  far entity update interval (tracked bots): p50 500.0 p99 500.0 max 2000.0 mean 499.9 ms (n=14555779)
  near drawn (tracked bots): 99.85% interpolated, 0.02% extrapolated, 0.00% held, 0.12% new | pops p50 0 p99 0 max 55 mm
  mid drawn (tracked bots): 99.52% interpolated, 0.13% extrapolated, 0.01% held, 0.34% new | pops p50 0 p99 0 max 4420 mm
  far drawn (tracked bots): 40.33% interpolated, 58.99% extrapolated, 0.27% held, 0.41% new | pops p50 403 p99 3666 max 16215 mm
  render delay (near) 66.9 ms behind the newest step, clock snaps 0 (backwards 0), slewing 1.25% of frames, near delay changes 8 | streak entity-frames (drawn > 20 m/s) 4039080
  input clock: 5300 extra inputs, 536 skipped ticks, 0 backlog skips | near decode errors (tracked bots) 0
  bytes down 6750.0 MB up 563.1 MB | swarm busy 9% of its threads' time, tick overruns 280
