preallocated connections for 10000 clients in 247.019708ms
listening on 172.31.17.93:40500 | spawn Uniform | tiers near 64@150 m, mid 500 m, far 1500 m, budget 6250 B/tick, squads of 4 | 64 rayon threads, 64 shards, 1 socket(s), 256 accepts/tick, egress SendMmsg, ingress RecvMmsg | socket buffers rcv 32768 KiB snd 32768 KiB
[    5s] clients 5000 | level 0 (0-0 in window: 30 Hz, dilation 1.0), pace 1.00, 0.0% clients bandwidth-degraded | tick p50 7.83 p99 9.43 max 9.81 ms, 0 overruns | out 126.2k pps 178 kbps/client, 734 Mbps | in 127.8k pps 17 kbps/client, 49.2 per recv, receive thread busy 13% | stand-ins: repeated 0.00% frozen 0.00%, 0 late inputs | per client-tick: 701 B (near 67 B, 99% deltas), near 9.2 mid 20.3 far 31.7, far skipped 0 starved 0 | input wait p50 50.5 p99 88.8 ms | 13570 joins deferred | kernel drops rcv 0 snd 0
         p50/p99 ms: ingress 0.81/4.22  events 2.05/3.65  movement 0.62/0.71  grid 0.34/0.41  separate 0.35/0.66  history 0.01/0.09  shots 0.03/0.05  serialize 0.22/0.43  assembly 1.18/1.53  transport 0.78/1.01  egress 1.20/1.53
[   10s] clients 5000 | level 0 (0-0 in window: 30 Hz, dilation 1.0), pace 1.00, 0.0% clients bandwidth-degraded | tick p50 8.02 p99 9.14 max 9.21 ms, 0 overruns | out 150.1k pps 182 kbps/client, 908 Mbps | in 150.0k pps 15 kbps/client, 50.0 per recv, receive thread busy 15% | stand-ins: repeated 0.00% frozen 0.00%, 0 late inputs | per client-tick: 719 B (near 67 B, 100% deltas), near 9.4 mid 20.9 far 32.7, far skipped 0 starved 0 | input wait p50 50.1 p99 66.5 ms | 0 joins deferred | kernel drops rcv 0 snd 0
         p50/p99 ms: ingress 0.82/1.21  events 2.10/2.65  movement 0.64/0.75  grid 0.34/0.41  separate 0.33/0.62  history 0.01/0.04  shots 0.03/0.13  serialize 0.23/0.37  assembly 1.24/1.90  transport 0.85/1.15  egress 1.22/1.57
[   15s] clients 5000 | level 0 (0-0 in window: 30 Hz, dilation 1.0), pace 1.00, 0.0% clients bandwidth-degraded | tick p50 7.99 p99 8.88 max 9.03 ms, 0 overruns | out 150.1k pps 182 kbps/client, 908 Mbps | in 150.0k pps 15 kbps/client, 50.6 per recv, receive thread busy 15% | stand-ins: repeated 0.00% frozen 0.00%, 0 late inputs | per client-tick: 720 B (near 67 B, 100% deltas), near 9.4 mid 20.9 far 32.7, far skipped 0 starved 0 | input wait p50 50.1 p99 66.5 ms | 0 joins deferred | kernel drops rcv 0 snd 0
         p50/p99 ms: ingress 0.82/1.10  events 2.07/2.82  movement 0.64/0.71  grid 0.34/0.41  separate 0.34/0.65  history 0.01/0.02  shots 0.03/0.12  serialize 0.23/0.28  assembly 1.26/1.88  transport 0.85/1.10  egress 1.23/1.61
[   20s] clients 5000 | level 0 (0-0 in window: 30 Hz, dilation 1.0), pace 1.00, 0.0% clients bandwidth-degraded | tick p50 7.85 p99 8.65 max 8.71 ms, 0 overruns | out 150.1k pps 182 kbps/client, 908 Mbps | in 150.0k pps 15 kbps/client, 50.5 per recv, receive thread busy 15% | stand-ins: repeated 0.00% frozen 0.00%, 0 late inputs | per client-tick: 720 B (near 67 B, 100% deltas), near 9.4 mid 20.9 far 32.7, far skipped 0 starved 0 | input wait p50 50.1 p99 66.5 ms | 0 joins deferred | kernel drops rcv 0 snd 0
         p50/p99 ms: ingress 0.81/1.16  events 2.07/2.67  movement 0.65/0.91  grid 0.34/0.42  separate 0.34/0.74  history 0.01/0.02  shots 0.03/0.05  serialize 0.23/0.45  assembly 1.21/1.63  transport 0.81/1.10  egress 1.22/1.52
[   25s] clients 5000 | level 0 (0-0 in window: 30 Hz, dilation 1.0), pace 1.00, 0.0% clients bandwidth-degraded | tick p50 7.89 p99 8.92 max 9.00 ms, 0 overruns | out 150.1k pps 181 kbps/client, 907 Mbps | in 150.0k pps 15 kbps/client, 50.5 per recv, receive thread busy 15% | stand-ins: repeated 0.00% frozen 0.00%, 0 late inputs | per client-tick: 719 B (near 67 B, 100% deltas), near 9.4 mid 20.9 far 32.7, far skipped 0 starved 0 | input wait p50 50.1 p99 66.5 ms | 0 joins deferred | kernel drops rcv 0 snd 0
         p50/p99 ms: ingress 0.80/1.08  events 2.05/2.47  movement 0.64/0.77  grid 0.34/0.41  separate 0.34/0.69  history 0.01/0.02  shots 0.03/0.05  serialize 0.23/0.31  assembly 1.23/1.53  transport 0.83/1.15  egress 1.22/1.53
[   30s] clients 5000 | level 0 (0-0 in window: 30 Hz, dilation 1.0), pace 1.00, 0.0% clients bandwidth-degraded | tick p50 7.86 p99 8.61 max 8.71 ms, 0 overruns | out 150.1k pps 181 kbps/client, 907 Mbps | in 150.0k pps 15 kbps/client, 50.5 per recv, receive thread busy 15% | stand-ins: repeated 0.00% frozen 0.00%, 0 late inputs | per client-tick: 719 B (near 67 B, 100% deltas), near 9.4 mid 20.9 far 32.7, far skipped 0 starved 0 | input wait p50 50.1 p99 66.5 ms | 0 joins deferred | kernel drops rcv 0 snd 0
         p50/p99 ms: ingress 0.81/1.30  events 2.03/2.49  movement 0.64/0.71  grid 0.35/0.40  separate 0.36/0.65  history 0.01/0.02  shots 0.03/0.05  serialize 0.22/0.32  assembly 1.21/1.57  transport 0.84/1.12  egress 1.23/1.66
[   35s] clients 5000 | level 0 (0-0 in window: 30 Hz, dilation 1.0), pace 1.00, 0.0% clients bandwidth-degraded | tick p50 7.91 p99 8.88 max 9.32 ms, 0 overruns | out 150.1k pps 182 kbps/client, 908 Mbps | in 150.0k pps 15 kbps/client, 50.4 per recv, receive thread busy 15% | stand-ins: repeated 0.00% frozen 0.00%, 0 late inputs | per client-tick: 720 B (near 67 B, 100% deltas), near 9.4 mid 21.0 far 32.7, far skipped 0 starved 0 | input wait p50 50.1 p99 66.5 ms | 0 joins deferred | kernel drops rcv 0 snd 0
         p50/p99 ms: ingress 0.81/1.24  events 2.05/2.51  movement 0.64/0.69  grid 0.34/0.41  separate 0.48/0.74  history 0.01/0.02  shots 0.03/0.05  serialize 0.23/0.47  assembly 1.19/1.76  transport 0.82/1.11  egress 1.22/1.59
[   40s] clients 5000 | level 0 (0-0 in window: 30 Hz, dilation 1.0), pace 1.00, 0.0% clients bandwidth-degraded | tick p50 7.85 p99 8.64 max 8.88 ms, 0 overruns | out 150.1k pps 181 kbps/client, 907 Mbps | in 150.0k pps 15 kbps/client, 49.8 per recv, receive thread busy 15% | stand-ins: repeated 0.00% frozen 0.00%, 0 late inputs | per client-tick: 719 B (near 67 B, 100% deltas), near 9.4 mid 20.9 far 32.7, far skipped 0 starved 0 | input wait p50 50.1 p99 66.5 ms | 0 joins deferred | kernel drops rcv 0 snd 0
         p50/p99 ms: ingress 0.82/1.13  events 2.05/2.53  movement 0.64/0.73  grid 0.34/0.40  separate 0.34/0.68  history 0.01/0.02  shots 0.03/0.05  serialize 0.23/0.27  assembly 1.22/1.62  transport 0.82/1.07  egress 1.22/1.51
[   45s] clients 5000 | level 0 (0-0 in window: 30 Hz, dilation 1.0), pace 1.00, 0.0% clients bandwidth-degraded | tick p50 7.91 p99 8.72 max 9.15 ms, 0 overruns | out 150.1k pps 181 kbps/client, 907 Mbps | in 150.0k pps 15 kbps/client, 49.6 per recv, receive thread busy 15% | stand-ins: repeated 0.00% frozen 0.00%, 0 late inputs | per client-tick: 719 B (near 67 B, 100% deltas), near 9.4 mid 20.9 far 32.7, far skipped 0 starved 0 | input wait p50 50.1 p99 66.5 ms | 0 joins deferred | kernel drops rcv 0 snd 0
         p50/p99 ms: ingress 0.81/1.13  events 2.05/2.60  movement 0.64/0.87  grid 0.34/0.42  separate 0.34/0.69  history 0.01/0.03  shots 0.03/0.13  serialize 0.23/0.46  assembly 1.20/1.64  transport 0.81/1.18  egress 1.24/1.49
[   50s] clients 5000 | level 0 (0-0 in window: 30 Hz, dilation 1.0), pace 1.00, 0.0% clients bandwidth-degraded | tick p50 7.81 p99 8.69 max 8.69 ms, 0 overruns | out 150.1k pps 181 kbps/client, 907 Mbps | in 150.0k pps 15 kbps/client, 50.6 per recv, receive thread busy 15% | stand-ins: repeated 0.00% frozen 0.00%, 0 late inputs | per client-tick: 719 B (near 67 B, 100% deltas), near 9.4 mid 20.9 far 32.7, far skipped 0 starved 0 | input wait p50 50.1 p99 66.5 ms | 0 joins deferred | kernel drops rcv 0 snd 0
         p50/p99 ms: ingress 0.82/1.16  events 2.02/2.40  movement 0.64/0.71  grid 0.34/0.39  separate 0.34/0.64  history 0.01/0.02  shots 0.03/0.05  serialize 0.23/0.35  assembly 1.20/1.54  transport 0.82/1.12  egress 1.23/1.49
[   55s] clients 5000 | level 0 (0-0 in window: 30 Hz, dilation 1.0), pace 1.00, 0.0% clients bandwidth-degraded | tick p50 7.91 p99 8.62 max 8.77 ms, 0 overruns | out 150.0k pps 181 kbps/client, 907 Mbps | in 150.0k pps 15 kbps/client, 50.3 per recv, receive thread busy 15% | stand-ins: repeated 0.00% frozen 0.00%, 0 late inputs | per client-tick: 719 B (near 68 B, 100% deltas), near 9.4 mid 20.9 far 32.7, far skipped 0 starved 0 | input wait p50 50.1 p99 66.5 ms | 0 joins deferred | kernel drops rcv 0 snd 0
         p50/p99 ms: ingress 0.81/1.25  events 2.06/2.64  movement 0.63/0.71  grid 0.34/0.39  separate 0.34/0.65  history 0.01/0.03  shots 0.03/0.04  serialize 0.23/0.30  assembly 1.22/1.67  transport 0.82/1.19  egress 1.22/1.51
[   60s] clients 5000 | level 0 (0-0 in window: 30 Hz, dilation 1.0), pace 1.00, 0.0% clients bandwidth-degraded | tick p50 7.89 p99 8.64 max 8.75 ms, 0 overruns | out 150.1k pps 181 kbps/client, 907 Mbps | in 150.0k pps 15 kbps/client, 50.0 per recv, receive thread busy 15% | stand-ins: repeated 0.00% frozen 0.00%, 0 late inputs | per client-tick: 719 B (near 67 B, 100% deltas), near 9.4 mid 20.9 far 32.7, far skipped 0 starved 0 | input wait p50 50.1 p99 66.5 ms | 0 joins deferred | kernel drops rcv 0 snd 0
         p50/p99 ms: ingress 0.81/1.19  events 2.05/2.42  movement 0.64/0.70  grid 0.34/0.41  separate 0.33/0.67  history 0.01/0.02  shots 0.03/0.05  serialize 0.23/0.47  assembly 1.22/1.66  transport 0.83/1.16  egress 1.23/1.55
[   61s] clients 0 | level 0 (0-0 in window: 30 Hz, dilation 1.0), pace 1.00, 0.0% clients bandwidth-degraded | tick p50 7.90 p99 15.51 max 15.51 ms, 0 overruns | out 129.0k pps 176 kbps/client, 775 Mbps | in 174.2k pps 16 kbps/client, 53.9 per recv, receive thread busy 17% | stand-ins: repeated 0.00% frozen 0.00%, 0 late inputs | per client-tick: 714 B (near 67 B, 100% deltas), near 9.4 mid 20.8 far 32.4, far skipped 0 starved 0 | input wait p50 50.1 p99 66.5 ms | 0 joins deferred | kernel drops rcv 0 snd 0
         p50/p99 ms: ingress 0.86/5.00  events 2.10/8.88  movement 0.63/0.70  grid 0.34/0.36  separate 0.33/0.53  history 0.01/0.01  shots 0.03/0.10  serialize 0.22/0.26  assembly 1.19/1.73  transport 0.84/0.92  egress 1.22/1.57

== summary: 1709 steady-state ticks (after warmup, before clients drain), peak 5000 clients ==
  phase        p50 ms   p99 ms   max ms
  ingress        0.81     1.19     2.25
  events         2.05     2.64     2.90
  movement       0.64     0.74     0.92
  grid           0.34     0.41     0.49
  separate       0.34     0.67     0.89
  history        0.01     0.02     0.09
  shots          0.03     0.05     0.24
  serialize      0.23     0.34     0.52
  assembly       1.22     1.67     2.34
  transport      0.83     1.13     1.23
  egress         1.23     1.55     1.76
  tick           7.90     8.76     9.57
  overruns 0 | spawns 5000 despawns 5000 (13570 joins deferred) | deaths 0 respawns 0 | stand-ins: repeated 0 frozen 0 | late inputs 0 discarded 0 | bad messages 0 | recv errors 0 send errors 0
  egress (whole run): 8961548 datagrams in 8961548 sends (1.00 per send), 115255 syscalls
  ingress (whole run): 8978415 datagrams in 178875 receive calls (50.19 per call)
  ticks per ladder level (whole run): L0: 1817
  input wait on the server (datagram arrival -> applied): p50 50.1 p99 66.5 max 92.6 mean 50.4 ms
  steady state: stand-ins repeated 0 frozen 0 | late inputs 0 discarded 0
  rewind of near targets (applied step - the input's render step for that tier): p50 133 p99 167 max 193 mean 140.1 ms (n=8880942)
  rewind of mid/far targets (applied step - the input's render step for that tier): p50 267 p99 300 max 327 mean 273.9 ms (n=8880942)
  render times ahead of the server (bogus) 0
  shots 0 (late 0, refused 0, rewinds capped 0) | hits head 0 body 0 (after cover 0, too late 0), kills 0 | ground 0 cover 0 expired 0 | segments 0 candidates 0
