spawn=uniform
egress=sendmmsg
ingress=recvmmsg
rx_gather_us=1000
ladder=on
threads=64
shards=64
sockets=1
peak_clients=5000
steady_ticks=1709
steady_secs=56.9
ingress_p50_ms=0.81
ingress_p99_ms=1.19
ingress_max_ms=2.25
events_p50_ms=2.05
events_p99_ms=2.64
events_max_ms=2.90
movement_p50_ms=0.64
movement_p99_ms=0.74
movement_max_ms=0.92
grid_p50_ms=0.34
grid_p99_ms=0.41
grid_max_ms=0.49
separate_p50_ms=0.34
separate_p99_ms=0.67
separate_max_ms=0.89
history_p50_ms=0.01
history_p99_ms=0.02
history_max_ms=0.09
shots_p50_ms=0.03
shots_p99_ms=0.05
shots_max_ms=0.24
serialize_p50_ms=0.23
serialize_p99_ms=0.34
serialize_max_ms=0.52
assembly_p50_ms=1.22
assembly_p99_ms=1.67
assembly_max_ms=2.34
transport_p50_ms=0.83
transport_p99_ms=1.13
transport_max_ms=1.23
egress_p50_ms=1.23
egress_p99_ms=1.55
egress_max_ms=1.76
tick_p50_ms=7.90
tick_p99_ms=8.76
tick_max_ms=9.57
steady_overruns=0
level_mode=0
tick_hz=30
dilation=1
levels=L0:1709
clients_avg=5000
out_pps=150142
in_pps=150209
egress_mbps=907.8
packets_per_client_tick=1.00
wire_bytes_per_client_tick=756
down_kbps_per_client=181.6
up_kbps_per_client=15.1
recv_per_call=50.25
ingress_thread_busy_max_pct=14.7
ingress_thread_busy_mean_pct=14.7
kernel_rcvbuf_drops=0
kernel_sndbuf_drops=0
snapshot_bytes_per_client_tick=719
near_bytes_per_client_tick=67
activity_bytes_per_client_tick=0.0
near_per_client_tick=9.4
mid_per_client_tick=20.9
far_per_client_tick=32.7
near_scanned_per_query=10
mid_scanned_per_query=28
far_skipped=0
far_starved=0
repeated=0
frozen=0
late_inputs=0
discarded_inputs=0
input_wait_p10_ms=37.1
input_wait_p50_ms=50.1
input_wait_p90_ms=63.3
input_wait_p99_ms=66.5
spawns=5000
despawns=5000
deaths=0
respawns=0
shots=0
shots_late=0
shots_refused=0
rewinds_capped=0
rewinds_trimmed=0
hits_head=0
hits_body=0
hits_ground=0
hits_cover=0
projectiles_expired=0
kills=0
hits_after_cover=0
hits_too_late=0
events=0
tracer_bytes=0
activity_cells=0
activity_sent=0
activity_bytes=0
activity_cut=0
projectile_segments=0
hit_candidates=0
joins_deferred=13570
bad_messages=0
recv_errors=0
send_errors=0
datagrams=8961548
sends=8961548
send_syscalls=115255
rewind_near_p50_ms=133
rewind_near_p99_ms=167
rewind_near_mean_ms=140.1
rewind_mid_p50_ms=267
rewind_mid_p99_ms=300
rewind_mid_mean_ms=273.9
ingress_longest_p50_ms=0.35
ingress_work_p50_ms=17.02
assembly_longest_p50_ms=0.77
assembly_work_p50_ms=37.64
transport_longest_p50_ms=0.55
transport_work_p50_ms=24.87
egress_longest_p50_ms=1.13
egress_work_p50_ms=35.19
