== uniform, 5000 bots, 60s -> baselines/2026-10-07-aws-full/uniform-5k-1
== summary: 1708 steady-state ticks (after warmup, before clients drain), peak 5000 clients ==
  phase        p50 ms   p99 ms   max ms
  ingress        0.83     1.12     1.28
  events         2.04     2.65     2.78
  movement       0.63     0.69     0.80
  grid           0.35     0.39     0.41
  separate       0.35     0.65     0.79
  history        0.01     0.03     0.06
  shots          0.03     0.13     0.18
  serialize      0.23     0.28     0.54
  assembly       1.25     1.83     2.27
  transport      0.85     1.18     1.29
  egress         1.23     1.81     2.20
  tick           7.96     9.12     9.65
  overruns 0 | spawns 5000 despawns 5000 (14204 joins deferred) | deaths 0 respawns 0 | stand-ins: repeated 0 frozen 0 | late inputs 0 discarded 0 | bad messages 0 | recv errors 0 send errors 0
  egress (whole run): 8958478 datagrams in 8958478 sends (1.00 per send), 115200 syscalls
  ingress (whole run): 8976911 datagrams in 196033 receive calls (45.79 per call)
  ticks per ladder level (whole run): L0: 1816
  input wait on the server (datagram arrival -> applied): p50 49.7 p99 66.3 max 83.4 mean 50.7 ms
  steady state: stand-ins repeated 0 frozen 0 | late inputs 0 discarded 0
  rewind of near targets (applied step - the input's render step for that tier): p50 133 p99 167 max 167 mean 140.9 ms (n=8876355)
  rewind of mid/far targets (applied step - the input's render step for that tier): p50 267 p99 300 max 300 mean 274.6 ms (n=8876355)
  render times ahead of the server (bogus) 0
  shots 0 (late 0, refused 0, rewinds capped 0) | hits head 0 body 0 (after cover 0, too late 0), kills 0 | ground 0 cover 0 expired 0 | segments 0 candidates 0
== bots summary ==
  started 5000 welcomed 5000 failed 0
  join latency ms: p50 423 p99 915 max 1051 (n=5000)
  corrections 0 (0.00/bot-minute), mean error 0.000 m, max 0.000 m
  push corrections (the server pushed us apart from a crowd) 1442 (0.29/bot-minute), max 0.101 m
  snapshots 8933043 (entities per snapshot: near 9.4 mid 20.9 far 32.6), stale 0, unmatched acks 0, resyncs 0
  input -> applied on server (est. RTT/2 + server wait): p50 54.0 p99 70.0 max 87.0 mean 54.5 ms (n=8931646)
    of which server wait (arrival -> applied): p50 49.7 p99 66.3 max 83.4 mean 50.7 ms (n=8931646)
  input -> seen acked (round trip): p50 67.0 p99 100.0 max 115.0 mean 74.9 ms (n=8931646)
  near entity update interval (tracked bots): p50 33.0 p99 33.0 max 100.0 mean 33.0 ms (n=4035516)
  mid entity update interval (tracked bots): p50 100.0 p99 100.0 max 500.0 mean 100.2 ms (n=9083824)
  far entity update interval (tracked bots): p50 500.0 p99 500.0 max 2000.0 mean 499.9 ms (n=14394410)
  near drawn (tracked bots): 99.85% interpolated, 0.02% extrapolated, 0.00% held, 0.12% new | pops p50 0 p99 0 max 41 mm
  mid drawn (tracked bots): 99.52% interpolated, 0.13% extrapolated, 0.01% held, 0.34% new | pops p50 0 p99 0 max 4484 mm
  far drawn (tracked bots): 40.27% interpolated, 59.05% extrapolated, 0.27% held, 0.41% new | pops p50 403 p99 3664 max 14045 mm
  render delay (near) 67.0 ms behind the newest step, clock snaps 0 (backwards 0), slewing 0.67% of frames, near delay changes 10 | streak entity-frames (drawn > 20 m/s) 4000078
  input clock: 5142 extra inputs, 188 skipped ticks, 0 backlog skips | near decode errors (tracked bots) 0
  bytes down 6741.6 MB up 562.9 MB | swarm busy 9% of its threads' time, tick overruns 198
