spawn=uniform
egress=sendmmsg
ingress=recvmmsg
rx_gather_us=1000
ladder=on
threads=64
shards=64
sockets=1
peak_clients=5000
steady_ticks=1708
steady_secs=56.9
ingress_p50_ms=0.83
ingress_p99_ms=1.12
ingress_max_ms=1.28
events_p50_ms=2.04
events_p99_ms=2.65
events_max_ms=2.78
movement_p50_ms=0.63
movement_p99_ms=0.69
movement_max_ms=0.80
grid_p50_ms=0.35
grid_p99_ms=0.39
grid_max_ms=0.41
separate_p50_ms=0.35
separate_p99_ms=0.65
separate_max_ms=0.79
history_p50_ms=0.01
history_p99_ms=0.03
history_max_ms=0.06
shots_p50_ms=0.03
shots_p99_ms=0.13
shots_max_ms=0.18
serialize_p50_ms=0.23
serialize_p99_ms=0.28
serialize_max_ms=0.54
assembly_p50_ms=1.25
assembly_p99_ms=1.83
assembly_max_ms=2.27
transport_p50_ms=0.85
transport_p99_ms=1.18
transport_max_ms=1.29
egress_p50_ms=1.23
egress_p99_ms=1.81
egress_max_ms=2.20
tick_p50_ms=7.96
tick_p99_ms=9.12
tick_max_ms=9.65
steady_overruns=0
level_mode=0
tick_hz=30
dilation=1
levels=L0:1708
clients_avg=5000
out_pps=150180
in_pps=150263
egress_mbps=907.1
packets_per_client_tick=1.00
wire_bytes_per_client_tick=756
down_kbps_per_client=181.4
up_kbps_per_client=15.1
recv_per_call=45.79
ingress_thread_busy_max_pct=14.9
ingress_thread_busy_mean_pct=14.9
kernel_rcvbuf_drops=0
kernel_sndbuf_drops=0
snapshot_bytes_per_client_tick=719
near_bytes_per_client_tick=67
activity_bytes_per_client_tick=0.0
near_per_client_tick=9.4
mid_per_client_tick=20.9
far_per_client_tick=32.7
near_scanned_per_query=10
mid_scanned_per_query=28
far_skipped=0
far_starved=0
repeated=0
frozen=0
late_inputs=0
discarded_inputs=0
input_wait_p10_ms=36.9
input_wait_p50_ms=49.7
input_wait_p90_ms=64.6
input_wait_p99_ms=66.3
spawns=5000
despawns=5000
deaths=0
respawns=0
shots=0
shots_late=0
shots_refused=0
rewinds_capped=0
rewinds_trimmed=0
hits_head=0
hits_body=0
hits_ground=0
hits_cover=0
projectiles_expired=0
kills=0
hits_after_cover=0
hits_too_late=0
events=0
tracer_bytes=0
activity_cells=0
activity_sent=0
activity_bytes=0
activity_cut=0
projectile_segments=0
hit_candidates=0
joins_deferred=14204
bad_messages=0
recv_errors=0
send_errors=0
datagrams=8958478
sends=8958478
send_syscalls=115200
rewind_near_p50_ms=133
rewind_near_p99_ms=167
rewind_near_mean_ms=140.9
rewind_mid_p50_ms=267
rewind_mid_p99_ms=300
rewind_mid_mean_ms=274.6
ingress_longest_p50_ms=0.37
ingress_work_p50_ms=16.95
assembly_longest_p50_ms=0.84
assembly_work_p50_ms=37.95
transport_longest_p50_ms=0.56
transport_work_p50_ms=25.20
egress_longest_p50_ms=1.12
egress_work_p50_ms=34.90
