preallocated connections for 10000 clients in 260.004768ms
listening on 172.31.17.93:40500 | spawn Uniform | tiers near 64@150 m, mid 500 m, far 1500 m, budget 6250 B/tick, squads of 4 | 64 rayon threads, 64 shards, 1 socket(s), 256 accepts/tick, egress SendMmsg, ingress RecvMmsg | socket buffers rcv 32768 KiB snd 32768 KiB
[    5s] clients 5000 | level 0 (0-0 in window: 30 Hz, dilation 1.0), pace 1.00, 0.0% clients bandwidth-degraded | tick p50 7.98 p99 9.81 max 10.21 ms, 0 overruns | out 126.2k pps 178 kbps/client, 733 Mbps | in 128.0k pps 17 kbps/client, 46.1 per recv, receive thread busy 13% | stand-ins: repeated 0.00% frozen 0.00%, 0 late inputs | per client-tick: 700 B (near 67 B, 99% deltas), near 9.2 mid 20.2 far 31.7, far skipped 0 starved 0 | input wait p50 51.3 p99 66.4 ms | 14204 joins deferred | kernel drops rcv 0 snd 0
         p50/p99 ms: ingress 0.83/2.83  events 2.02/3.66  movement 0.61/0.67  grid 0.34/0.40  separate 0.33/0.66  history 0.01/0.08  shots 0.03/0.13  serialize 0.23/0.33  assembly 1.28/1.63  transport 0.83/1.23  egress 1.22/1.80
[   10s] clients 5000 | level 0 (0-0 in window: 30 Hz, dilation 1.0), pace 1.00, 0.0% clients bandwidth-degraded | tick p50 8.02 p99 9.01 max 9.17 ms, 0 overruns | out 150.1k pps 181 kbps/client, 907 Mbps | in 150.0k pps 15 kbps/client, 45.9 per recv, receive thread busy 15% | stand-ins: repeated 0.00% frozen 0.00%, 0 late inputs | per client-tick: 719 B (near 67 B, 100% deltas), near 9.4 mid 20.9 far 32.7, far skipped 0 starved 0 | input wait p50 49.7 p99 66.3 ms | 0 joins deferred | kernel drops rcv 0 snd 0
         p50/p99 ms: ingress 0.83/1.11  events 2.03/2.58  movement 0.63/0.68  grid 0.35/0.39  separate 0.36/0.63  history 0.01/0.02  shots 0.03/0.06  serialize 0.23/0.28  assembly 1.24/1.93  transport 0.85/1.17  egress 1.24/1.87
[   15s] clients 5000 | level 0 (0-0 in window: 30 Hz, dilation 1.0), pace 1.00, 0.0% clients bandwidth-degraded | tick p50 7.99 p99 9.08 max 9.14 ms, 0 overruns | out 150.1k pps 181 kbps/client, 907 Mbps | in 150.0k pps 15 kbps/client, 45.8 per recv, receive thread busy 15% | stand-ins: repeated 0.00% frozen 0.00%, 0 late inputs | per client-tick: 719 B (near 67 B, 100% deltas), near 9.4 mid 20.9 far 32.7, far skipped 0 starved 0 | input wait p50 49.7 p99 66.3 ms | 0 joins deferred | kernel drops rcv 0 snd 0
         p50/p99 ms: ingress 0.83/1.10  events 2.04/2.42  movement 0.63/0.68  grid 0.34/0.38  separate 0.35/0.64  history 0.01/0.04  shots 0.03/0.13  serialize 0.23/0.28  assembly 1.26/1.67  transport 0.85/1.25  egress 1.24/1.82
[   20s] clients 5000 | level 0 (0-0 in window: 30 Hz, dilation 1.0), pace 1.00, 0.0% clients bandwidth-degraded | tick p50 7.94 p99 9.37 max 9.37 ms, 0 overruns | out 150.1k pps 181 kbps/client, 907 Mbps | in 150.0k pps 15 kbps/client, 45.6 per recv, receive thread busy 15% | stand-ins: repeated 0.00% frozen 0.00%, 0 late inputs | per client-tick: 719 B (near 67 B, 100% deltas), near 9.4 mid 20.9 far 32.7, far skipped 0 starved 0 | input wait p50 49.7 p99 66.3 ms | 0 joins deferred | kernel drops rcv 0 snd 0
         p50/p99 ms: ingress 0.84/1.12  events 2.04/2.77  movement 0.64/0.69  grid 0.35/0.39  separate 0.35/0.67  history 0.01/0.03  shots 0.03/0.13  serialize 0.23/0.28  assembly 1.26/1.85  transport 0.84/1.08  egress 1.24/1.72
[   25s] clients 5000 | level 0 (0-0 in window: 30 Hz, dilation 1.0), pace 1.00, 0.0% clients bandwidth-degraded | tick p50 7.97 p99 9.07 max 9.11 ms, 0 overruns | out 150.2k pps 181 kbps/client, 907 Mbps | in 150.0k pps 15 kbps/client, 45.8 per recv, receive thread busy 15% | stand-ins: repeated 0.00% frozen 0.00%, 0 late inputs | per client-tick: 719 B (near 67 B, 100% deltas), near 9.4 mid 20.9 far 32.7, far skipped 0 starved 0 | input wait p50 49.7 p99 66.3 ms | 0 joins deferred | kernel drops rcv 0 snd 0
         p50/p99 ms: ingress 0.84/1.12  events 2.04/2.77  movement 0.63/0.69  grid 0.35/0.39  separate 0.35/0.66  history 0.01/0.02  shots 0.03/0.05  serialize 0.23/0.28  assembly 1.26/1.73  transport 0.84/1.09  egress 1.22/1.58
[   30s] clients 5000 | level 0 (0-0 in window: 30 Hz, dilation 1.0), pace 1.00, 0.0% clients bandwidth-degraded | tick p50 7.91 p99 8.85 max 9.04 ms, 0 overruns | out 150.1k pps 181 kbps/client, 906 Mbps | in 150.0k pps 15 kbps/client, 45.8 per recv, receive thread busy 15% | stand-ins: repeated 0.00% frozen 0.00%, 0 late inputs | per client-tick: 719 B (near 67 B, 100% deltas), near 9.4 mid 20.9 far 32.7, far skipped 0 starved 0 | input wait p50 49.7 p99 66.3 ms | 0 joins deferred | kernel drops rcv 0 snd 0
         p50/p99 ms: ingress 0.83/1.11  events 2.03/2.67  movement 0.63/0.70  grid 0.35/0.37  separate 0.33/0.63  history 0.01/0.03  shots 0.03/0.13  serialize 0.23/0.29  assembly 1.24/1.79  transport 0.84/1.24  egress 1.22/1.62
[   35s] clients 5000 | level 0 (0-0 in window: 30 Hz, dilation 1.0), pace 1.00, 0.0% clients bandwidth-degraded | tick p50 7.96 p99 9.17 max 9.59 ms, 0 overruns | out 150.1k pps 181 kbps/client, 907 Mbps | in 150.0k pps 15 kbps/client, 46.0 per recv, receive thread busy 15% | stand-ins: repeated 0.00% frozen 0.00%, 0 late inputs | per client-tick: 719 B (near 67 B, 100% deltas), near 9.4 mid 20.9 far 32.7, far skipped 0 starved 0 | input wait p50 49.7 p99 66.3 ms | 0 joins deferred | kernel drops rcv 0 snd 0
         p50/p99 ms: ingress 0.84/1.08  events 2.02/2.61  movement 0.63/0.69  grid 0.34/0.37  separate 0.35/0.68  history 0.01/0.02  shots 0.03/0.13  serialize 0.23/0.30  assembly 1.26/2.00  transport 0.85/1.12  egress 1.22/2.05
[   40s] clients 5000 | level 0 (0-0 in window: 30 Hz, dilation 1.0), pace 1.00, 0.0% clients bandwidth-degraded | tick p50 7.96 p99 9.01 max 9.49 ms, 0 overruns | out 150.2k pps 181 kbps/client, 907 Mbps | in 150.0k pps 15 kbps/client, 46.0 per recv, receive thread busy 15% | stand-ins: repeated 0.00% frozen 0.00%, 0 late inputs | per client-tick: 718 B (near 67 B, 100% deltas), near 9.4 mid 20.9 far 32.7, far skipped 0 starved 0 | input wait p50 49.7 p99 66.3 ms | 0 joins deferred | kernel drops rcv 0 snd 0
         p50/p99 ms: ingress 0.82/1.21  events 2.03/2.65  movement 0.63/0.71  grid 0.35/0.39  separate 0.34/0.64  history 0.01/0.02  shots 0.03/0.05  serialize 0.23/0.28  assembly 1.25/1.91  transport 0.85/1.07  egress 1.24/1.61
[   45s] clients 5000 | level 0 (0-0 in window: 30 Hz, dilation 1.0), pace 1.00, 0.0% clients bandwidth-degraded | tick p50 7.96 p99 8.83 max 9.27 ms, 0 overruns | out 150.1k pps 181 kbps/client, 906 Mbps | in 150.0k pps 15 kbps/client, 45.6 per recv, receive thread busy 15% | stand-ins: repeated 0.00% frozen 0.00%, 0 late inputs | per client-tick: 718 B (near 67 B, 100% deltas), near 9.4 mid 20.9 far 32.7, far skipped 0 starved 0 | input wait p50 49.7 p99 66.3 ms | 0 joins deferred | kernel drops rcv 0 snd 0
         p50/p99 ms: ingress 0.82/1.18  events 2.05/2.57  movement 0.63/0.69  grid 0.34/0.39  separate 0.34/0.66  history 0.01/0.03  shots 0.03/0.05  serialize 0.23/0.35  assembly 1.25/1.71  transport 0.85/1.16  egress 1.24/1.75
[   50s] clients 5000 | level 0 (0-0 in window: 30 Hz, dilation 1.0), pace 1.00, 0.0% clients bandwidth-degraded | tick p50 7.93 p99 9.25 max 9.46 ms, 0 overruns | out 150.1k pps 181 kbps/client, 907 Mbps | in 150.0k pps 15 kbps/client, 45.2 per recv, receive thread busy 15% | stand-ins: repeated 0.00% frozen 0.00%, 0 late inputs | per client-tick: 719 B (near 67 B, 100% deltas), near 9.4 mid 20.9 far 32.7, far skipped 0 starved 0 | input wait p50 49.7 p99 66.3 ms | 0 joins deferred | kernel drops rcv 0 snd 0
         p50/p99 ms: ingress 0.83/1.10  events 2.05/2.72  movement 0.64/0.70  grid 0.35/0.37  separate 0.35/0.65  history 0.01/0.03  shots 0.03/0.13  serialize 0.23/0.30  assembly 1.25/1.98  transport 0.84/1.26  egress 1.22/1.73
[   55s] clients 5000 | level 0 (0-0 in window: 30 Hz, dilation 1.0), pace 1.00, 0.0% clients bandwidth-degraded | tick p50 7.99 p99 9.13 max 9.28 ms, 0 overruns | out 150.1k pps 181 kbps/client, 906 Mbps | in 150.0k pps 15 kbps/client, 45.8 per recv, receive thread busy 15% | stand-ins: repeated 0.00% frozen 0.00%, 0 late inputs | per client-tick: 718 B (near 67 B, 100% deltas), near 9.4 mid 20.9 far 32.7, far skipped 0 starved 0 | input wait p50 49.7 p99 66.3 ms | 0 joins deferred | kernel drops rcv 0 snd 0
         p50/p99 ms: ingress 0.83/1.05  events 2.05/2.65  movement 0.64/0.70  grid 0.34/0.37  separate 0.35/0.64  history 0.01/0.04  shots 0.03/0.13  serialize 0.23/0.30  assembly 1.26/1.63  transport 0.86/1.21  egress 1.22/2.01
[   60s] clients 5000 | level 0 (0-0 in window: 30 Hz, dilation 1.0), pace 1.00, 0.0% clients bandwidth-degraded | tick p50 8.05 p99 9.10 max 9.65 ms, 0 overruns | out 150.1k pps 181 kbps/client, 907 Mbps | in 150.0k pps 15 kbps/client, 45.7 per recv, receive thread busy 15% | stand-ins: repeated 0.00% frozen 0.00%, 0 late inputs | per client-tick: 719 B (near 67 B, 100% deltas), near 9.4 mid 20.9 far 32.7, far skipped 0 starved 0 | input wait p50 49.7 p99 66.3 ms | 0 joins deferred | kernel drops rcv 0 snd 0
         p50/p99 ms: ingress 0.82/1.25  events 2.06/2.69  movement 0.64/0.69  grid 0.35/0.39  separate 0.37/0.68  history 0.01/0.04  shots 0.03/0.13  serialize 0.24/0.29  assembly 1.26/1.70  transport 0.85/1.18  egress 1.22/1.85
[   61s] clients 0 | level 0 (0-0 in window: 30 Hz, dilation 1.0), pace 1.00, 0.0% clients bandwidth-degraded | tick p50 7.97 p99 17.58 max 17.58 ms, 0 overruns | out 129.4k pps 176 kbps/client, 782 Mbps | in 181.8k pps 17 kbps/client, 50.2 per recv, receive thread busy 17% | stand-ins: repeated 0.00% frozen 0.00%, 0 late inputs | per client-tick: 719 B (near 67 B, 100% deltas), near 9.4 mid 20.9 far 32.7, far skipped 0 starved 0 | input wait p50 49.7 p99 66.3 ms | 0 joins deferred | kernel drops rcv 0 snd 0
         p50/p99 ms: ingress 0.89/5.47  events 2.04/10.35  movement 0.63/0.67  grid 0.35/0.35  separate 0.33/0.36  history 0.01/0.02  shots 0.03/0.09  serialize 0.26/0.28  assembly 1.23/1.67  transport 0.83/1.00  egress 1.24/1.43

== summary: 1708 steady-state ticks (after warmup, before clients drain), peak 5000 clients ==
  phase        p50 ms   p99 ms   max ms
  ingress        0.83     1.12     1.28
  events         2.04     2.65     2.78
  movement       0.63     0.69     0.80
  grid           0.35     0.39     0.41
  separate       0.35     0.65     0.79
  history        0.01     0.03     0.06
  shots          0.03     0.13     0.18
  serialize      0.23     0.28     0.54
  assembly       1.25     1.83     2.27
  transport      0.85     1.18     1.29
  egress         1.23     1.81     2.20
  tick           7.96     9.12     9.65
  overruns 0 | spawns 5000 despawns 5000 (14204 joins deferred) | deaths 0 respawns 0 | stand-ins: repeated 0 frozen 0 | late inputs 0 discarded 0 | bad messages 0 | recv errors 0 send errors 0
  egress (whole run): 8958478 datagrams in 8958478 sends (1.00 per send), 115200 syscalls
  ingress (whole run): 8976911 datagrams in 196033 receive calls (45.79 per call)
  ticks per ladder level (whole run): L0: 1816
  input wait on the server (datagram arrival -> applied): p50 49.7 p99 66.3 max 83.4 mean 50.7 ms
  steady state: stand-ins repeated 0 frozen 0 | late inputs 0 discarded 0
  rewind of near targets (applied step - the input's render step for that tier): p50 133 p99 167 max 167 mean 140.9 ms (n=8876355)
  rewind of mid/far targets (applied step - the input's render step for that tier): p50 267 p99 300 max 300 mean 274.6 ms (n=8876355)
  render times ahead of the server (bogus) 0
  shots 0 (late 0, refused 0, rewinds capped 0) | hits head 0 body 0 (after cover 0, too late 0), kills 0 | ground 0 cover 0 expired 0 | segments 0 candidates 0
