preallocated connections for 10000 clients in 257.957282ms
listening on 172.31.17.93:40500 | spawn Uniform | tiers near 64@150 m, mid 500 m, far 1500 m, budget 6250 B/tick, squads of 4 | 64 rayon threads, 64 shards, 1 socket(s), 256 accepts/tick, egress SendMmsg, ingress RecvMmsg | socket buffers rcv 32768 KiB snd 32768 KiB
[    5s] clients 10000 | level 0 (0-0 in window: 30 Hz, dilation 1.0), pace 1.00, 0.0% clients bandwidth-degraded | tick p50 16.78 p99 18.99 max 19.11 ms, 0 overruns | out 354.5k pps 309 kbps/client, 2150 Mbps | in 216.0k pps 19 kbps/client, 57.3 per recv, receive thread busy 23% | stand-ins: repeated 0.39% frozen 0.15%, 5382 late inputs | per client-tick: 1225 B (near 115 B, 96% deltas), near 14.9 mid 39.3 far 55.6, far skipped 0 starved 0 | input wait p50 49.8 p99 69.2 ms | 49699 joins deferred | kernel drops rcv 0 snd 0
         p50/p99 ms: ingress 1.18/6.67  events 4.01/5.69  movement 0.94/1.17  grid 0.46/0.57  separate 0.49/0.81  history 0.03/0.13  shots 0.07/0.27  serialize 0.32/0.64  assembly 3.00/3.83  transport 1.91/2.31  egress 3.89/4.49
[   10s] clients 10000 | level 0 (0-0 in window: 30 Hz, dilation 1.0), pace 1.00, 0.0% clients bandwidth-degraded | tick p50 17.32 p99 19.05 max 19.21 ms, 0 overruns | out 526.9k pps 324 kbps/client, 3239 Mbps | in 299.7k pps 15 kbps/client, 58.6 per recv, receive thread busy 31% | stand-ins: repeated 0.00% frozen 0.00%, 0 late inputs | per client-tick: 1290 B (near 116 B, 100% deltas), near 15.6 mid 41.9 far 58.7, far skipped 0 starved 0 | input wait p50 50.8 p99 69.0 ms | 0 joins deferred | kernel drops rcv 0 snd 0
         p50/p99 ms: ingress 1.19/2.45  events 4.18/5.61  movement 1.01/1.19  grid 0.47/0.62  separate 0.55/0.87  history 0.02/0.06  shots 0.07/0.27  serialize 0.31/0.41  assembly 3.18/4.04  transport 2.01/2.33  egress 4.03/4.50
[   15s] clients 10000 | level 0 (0-0 in window: 30 Hz, dilation 1.0), pace 1.00, 0.0% clients bandwidth-degraded | tick p50 17.13 p99 19.43 max 20.10 ms, 0 overruns | out 526.8k pps 324 kbps/client, 3239 Mbps | in 299.7k pps 15 kbps/client, 58.8 per recv, receive thread busy 30% | stand-ins: repeated 0.00% frozen 0.00%, 0 late inputs | per client-tick: 1290 B (near 116 B, 100% deltas), near 15.6 mid 41.9 far 58.7, far skipped 0 starved 0 | input wait p50 50.8 p99 68.9 ms | 0 joins deferred | kernel drops rcv 0 snd 0
         p50/p99 ms: ingress 1.19/2.53  events 4.09/5.63  movement 1.00/1.21  grid 0.47/0.57  separate 0.55/0.84  history 0.02/0.04  shots 0.07/0.28  serialize 0.30/0.39  assembly 3.15/3.98  transport 2.03/2.34  egress 4.04/4.42
[   20s] clients 10000 | level 0 (0-0 in window: 30 Hz, dilation 1.0), pace 1.00, 0.0% clients bandwidth-degraded | tick p50 17.27 p99 18.78 max 19.30 ms, 0 overruns | out 526.8k pps 324 kbps/client, 3238 Mbps | in 299.8k pps 15 kbps/client, 59.0 per recv, receive thread busy 29% | stand-ins: repeated 0.00% frozen 0.00%, 0 late inputs | per client-tick: 1290 B (near 116 B, 100% deltas), near 15.7 mid 41.9 far 58.7, far skipped 0 starved 0 | input wait p50 50.8 p99 68.9 ms | 0 joins deferred | kernel drops rcv 0 snd 0
         p50/p99 ms: ingress 1.18/2.44  events 4.15/5.67  movement 1.01/1.30  grid 0.47/0.57  separate 0.55/0.80  history 0.02/0.05  shots 0.07/0.27  serialize 0.31/0.40  assembly 3.15/3.96  transport 2.07/2.48  egress 4.07/4.49
[   25s] clients 10000 | level 0 (0-0 in window: 30 Hz, dilation 1.0), pace 1.00, 0.0% clients bandwidth-degraded | tick p50 17.25 p99 19.27 max 19.85 ms, 0 overruns | out 526.7k pps 324 kbps/client, 3238 Mbps | in 299.7k pps 15 kbps/client, 58.9 per recv, receive thread busy 30% | stand-ins: repeated 0.00% frozen 0.00%, 0 late inputs | per client-tick: 1289 B (near 116 B, 100% deltas), near 15.7 mid 41.9 far 58.7, far skipped 0 starved 0 | input wait p50 50.8 p99 68.9 ms | 0 joins deferred | kernel drops rcv 0 snd 0
         p50/p99 ms: ingress 1.19/2.38  events 4.09/5.37  movement 1.00/1.29  grid 0.47/0.56  separate 0.56/0.80  history 0.02/0.05  shots 0.07/0.27  serialize 0.30/0.38  assembly 3.22/3.97  transport 2.04/2.43  egress 4.07/4.55
[   30s] clients 10000 | level 0 (0-0 in window: 30 Hz, dilation 1.0), pace 1.00, 0.0% clients bandwidth-degraded | tick p50 17.26 p99 18.83 max 18.99 ms, 0 overruns | out 526.8k pps 324 kbps/client, 3238 Mbps | in 299.7k pps 15 kbps/client, 59.0 per recv, receive thread busy 30% | stand-ins: repeated 0.00% frozen 0.00%, 0 late inputs | per client-tick: 1289 B (near 116 B, 100% deltas), near 15.6 mid 41.9 far 58.7, far skipped 0 starved 0 | input wait p50 50.8 p99 69.0 ms | 0 joins deferred | kernel drops rcv 0 snd 0
         p50/p99 ms: ingress 1.18/2.46  events 4.17/5.55  movement 1.02/1.20  grid 0.47/0.61  separate 0.55/0.84  history 0.02/0.06  shots 0.07/0.27  serialize 0.31/0.44  assembly 3.16/4.01  transport 2.02/2.50  egress 4.07/4.68
[   35s] clients 10000 | level 0 (0-0 in window: 30 Hz, dilation 1.0), pace 1.00, 0.0% clients bandwidth-degraded | tick p50 17.06 p99 18.82 max 19.06 ms, 0 overruns | out 526.6k pps 324 kbps/client, 3237 Mbps | in 299.7k pps 15 kbps/client, 58.9 per recv, receive thread busy 30% | stand-ins: repeated 0.00% frozen 0.00%, 0 late inputs | per client-tick: 1289 B (near 116 B, 100% deltas), near 15.6 mid 41.9 far 58.7, far skipped 0 starved 0 | input wait p50 50.8 p99 68.9 ms | 0 joins deferred | kernel drops rcv 0 snd 0
         p50/p99 ms: ingress 1.19/2.51  events 4.10/5.06  movement 1.00/1.21  grid 0.47/0.55  separate 0.56/0.75  history 0.02/0.05  shots 0.07/0.28  serialize 0.31/0.39  assembly 3.11/4.54  transport 2.02/2.43  egress 4.05/4.62
[   40s] clients 10000 | level 0 (0-0 in window: 30 Hz, dilation 1.0), pace 1.00, 0.0% clients bandwidth-degraded | tick p50 17.17 p99 18.65 max 19.43 ms, 0 overruns | out 526.6k pps 324 kbps/client, 3237 Mbps | in 299.7k pps 15 kbps/client, 58.9 per recv, receive thread busy 30% | stand-ins: repeated 0.00% frozen 0.00%, 0 late inputs | per client-tick: 1289 B (near 116 B, 100% deltas), near 15.6 mid 41.9 far 58.7, far skipped 0 starved 0 | input wait p50 50.8 p99 68.9 ms | 0 joins deferred | kernel drops rcv 0 snd 0
         p50/p99 ms: ingress 1.18/2.43  events 4.13/5.74  movement 1.00/1.26  grid 0.47/0.56  separate 0.56/0.92  history 0.02/0.04  shots 0.07/0.27  serialize 0.31/0.44  assembly 3.12/3.83  transport 2.02/2.50  egress 4.10/4.66
[   45s] clients 10000 | level 0 (0-0 in window: 30 Hz, dilation 1.0), pace 1.00, 0.0% clients bandwidth-degraded | tick p50 17.11 p99 18.65 max 18.90 ms, 0 overruns | out 526.7k pps 324 kbps/client, 3239 Mbps | in 299.7k pps 15 kbps/client, 59.3 per recv, receive thread busy 29% | stand-ins: repeated 0.00% frozen 0.00%, 0 late inputs | per client-tick: 1289 B (near 116 B, 100% deltas), near 15.7 mid 41.9 far 58.7, far skipped 0 starved 0 | input wait p50 50.8 p99 69.0 ms | 0 joins deferred | kernel drops rcv 0 snd 0
         p50/p99 ms: ingress 1.17/1.73  events 4.12/5.24  movement 1.00/1.35  grid 0.47/0.67  separate 0.56/1.05  history 0.02/0.04  shots 0.07/0.10  serialize 0.30/0.43  assembly 3.17/3.99  transport 2.03/2.54  egress 4.04/4.46
[   50s] clients 10000 | level 0 (0-0 in window: 30 Hz, dilation 1.0), pace 1.00, 0.0% clients bandwidth-degraded | tick p50 17.12 p99 18.85 max 18.87 ms, 0 overruns | out 526.2k pps 324 kbps/client, 3237 Mbps | in 299.7k pps 15 kbps/client, 59.0 per recv, receive thread busy 30% | stand-ins: repeated 0.00% frozen 0.00%, 0 late inputs | per client-tick: 1289 B (near 116 B, 100% deltas), near 15.7 mid 41.9 far 58.7, far skipped 0 starved 0 | input wait p50 50.8 p99 69.0 ms | 0 joins deferred | kernel drops rcv 0 snd 0
         p50/p99 ms: ingress 1.18/1.43  events 4.11/5.09  movement 1.00/1.31  grid 0.47/0.72  separate 0.54/0.78  history 0.02/0.04  shots 0.07/0.27  serialize 0.31/0.40  assembly 3.16/3.82  transport 2.01/2.36  egress 4.07/4.60
[   55s] clients 10000 | level 0 (0-0 in window: 30 Hz, dilation 1.0), pace 1.00, 0.0% clients bandwidth-degraded | tick p50 17.16 p99 18.73 max 19.52 ms, 0 overruns | out 526.4k pps 324 kbps/client, 3238 Mbps | in 299.7k pps 15 kbps/client, 58.9 per recv, receive thread busy 30% | stand-ins: repeated 0.00% frozen 0.00%, 0 late inputs | per client-tick: 1289 B (near 116 B, 100% deltas), near 15.6 mid 41.9 far 58.7, far skipped 0 starved 0 | input wait p50 50.8 p99 69.0 ms | 0 joins deferred | kernel drops rcv 0 snd 0
         p50/p99 ms: ingress 1.19/2.02  events 4.13/5.48  movement 1.01/1.30  grid 0.47/0.59  separate 0.53/0.77  history 0.02/0.05  shots 0.07/0.27  serialize 0.31/0.55  assembly 3.17/3.85  transport 2.03/2.35  egress 4.05/4.83
[   60s] clients 10000 | level 0 (0-0 in window: 30 Hz, dilation 1.0), pace 1.00, 0.0% clients bandwidth-degraded | tick p50 17.14 p99 18.98 max 19.11 ms, 0 overruns | out 526.2k pps 324 kbps/client, 3236 Mbps | in 299.7k pps 15 kbps/client, 59.3 per recv, receive thread busy 30% | stand-ins: repeated 0.00% frozen 0.00%, 0 late inputs | per client-tick: 1289 B (near 116 B, 100% deltas), near 15.7 mid 41.9 far 58.7, far skipped 0 starved 0 | input wait p50 50.8 p99 69.0 ms | 0 joins deferred | kernel drops rcv 0 snd 0
         p50/p99 ms: ingress 1.18/2.03  events 4.12/5.26  movement 1.00/1.33  grid 0.47/0.56  separate 0.54/0.78  history 0.02/0.06  shots 0.07/0.27  serialize 0.30/0.52  assembly 3.13/4.32  transport 2.04/2.41  egress 4.03/4.76
[   65s] clients 5540 | level 0 (0-0 in window: 30 Hz, dilation 1.0), pace 1.00, 0.0% clients bandwidth-degraded | tick p50 7.61 p99 18.54 max 22.87 ms, 0 overruns | out 209.5k pps 232 kbps/client, 1396 Mbps | in 35.0k pps 3 kbps/client, 59.7 per recv, receive thread busy 3% | stand-ins: repeated 1.22% frozen 79.85%, 0 late inputs | per client-tick: 921 B (near 125 B, 43% deltas), near 10.0 mid 26.6 far 40.1, far skipped 0 starved 0 | input wait p50 50.9 p99 68.9 ms | 0 joins deferred | kernel drops rcv 0 snd 0
         p50/p99 ms: ingress 0.50/2.01  events 0.00/4.94  movement 0.55/1.21  grid 0.53/0.59  separate 0.55/0.85  history 0.03/0.06  shots 0.14/0.28  serialize 0.32/0.42  assembly 1.40/3.45  transport 1.06/2.32  egress 2.55/4.09
[   66s] clients 0 | level 0 (0-0 in window: 30 Hz, dilation 1.0), pace 1.00, 0.0% clients bandwidth-degraded | tick p50 7.78 p99 18.88 max 18.88 ms, 0 overruns | out 150.7k pps 214 kbps/client, 1034 Mbps | in 0.0k pps 0 kbps/client, 0.0 per recv, receive thread busy 0% | stand-ins: repeated 0.00% frozen 100.00%, 0 late inputs | per client-tick: 843 B (near 135 B, 0% deltas), near 8.7 mid 23.0 far 35.6, far skipped 0 starved 0 | input wait p50 0.0 p99 0.0 ms | 0 joins deferred | kernel drops rcv 0 snd 0
         p50/p99 ms: ingress 0.50/5.79  events 0.00/10.94  movement 0.55/0.64  grid 0.52/0.57  separate 0.53/0.68  history 0.03/0.04  shots 0.14/0.27  serialize 0.31/0.36  assembly 1.16/1.78  transport 1.03/1.28  egress 2.51/2.73

== summary: 1709 steady-state ticks (after warmup, before clients drain), peak 10000 clients ==
  phase        p50 ms   p99 ms   max ms
  ingress        1.18     2.42     2.83
  events         4.13     5.48     6.06
  movement       1.01     1.26     1.47
  grid           0.47     0.59     0.74
  separate       0.55     0.84     1.13
  history        0.02     0.05     0.07
  shots          0.07     0.27     0.32
  serialize      0.31     0.43     0.71
  assembly       3.15     3.98     4.75
  transport      2.03     2.44     2.58
  egress         4.05     4.57     5.38
  tick          17.18    18.86    20.10
  overruns 0 | spawns 10000 despawns 10000 (49699 joins deferred) | deaths 0 respawns 0 | stand-ins: repeated 14985 frozen 810159 | late inputs 5382 discarded 0 | bad messages 0 | recv errors 0 send errors 0
  egress (whole run): 32020733 datagrams in 32020733 sends (1.00 per send), 212857 syscalls
  ingress (whole run): 17826321 datagrams in 302829 receive calls (58.87 per call)
  ticks per ladder level (whole run): L0: 1977
  input wait on the server (datagram arrival -> applied): p50 50.7 p99 69.0 max 104.5 mean 50.7 ms
  steady state: stand-ins repeated 257 frozen 8 | late inputs 1145 discarded 0
  rewind of near targets (applied step - the input's render step for that tier): p50 167 p99 264 max 268 mean 178.7 ms (n=17537105)
  rewind of mid/far targets (applied step - the input's render step for that tier): p50 300 p99 333 max 392 mean 308.7 ms (n=17537105)
  render times ahead of the server (bogus) 0
  shots 0 (late 0, refused 0, rewinds capped 0) | hits head 0 body 0 (after cover 0, too late 0), kills 0 | ground 0 cover 0 expired 0 | segments 0 candidates 0
