warning: use of deprecated method `std::sync::atomic::Atomic::<usize>::fetch_update`: renamed to `try_update` for consistency
   --> src/server.rs:140:14
    |
140 |             .fetch_update(Ordering::AcqRel, Ordering::Acquire, |n| (n < self.max_clients).then_some(n + 1))
    |              ^^^^^^^^^^^^
    |
    = note: `#[warn(deprecated)]` on by default
help: replace the use of the deprecated method
    |
140 -             .fetch_update(Ordering::AcqRel, Ordering::Acquire, |n| (n < self.max_clients).then_some(n + 1))
140 +             .try_update(Ordering::AcqRel, Ordering::Acquire, |n| (n < self.max_clients).then_some(n + 1))
    |

== uniform, 10000 bots, 60s -> baselines/2026-10-04-scaleway-128t/uniform-10k-2
== summary: 1709 steady-state ticks (after warmup, before clients drain), peak 10000 clients ==
  phase        p50 ms   p99 ms   max ms
  ingress        1.56     1.87     1.95
  events         2.60     3.17     3.73
  movement       0.47     0.56     0.71
  grid           0.47     0.53     0.56
  history        0.01     0.01     0.02
  serialize      0.21     0.30     0.49
  assembly       2.83     4.16     4.60
  transport      1.95     2.26     2.45
  egress         3.86     4.73     5.08
  tick          14.05    15.48    16.00
  overruns 0 | spawns 10000 despawns 10000 (52580 joins deferred) | stand-ins: repeated 0 frozen 0 | late inputs 0 discarded 0 | bad messages 0 | recv errors 0 send errors 0
  egress (whole run): 30971593 datagrams in 30971593 sends (1.00 per send), 196349 syscalls
  ticks per ladder level (whole run): L0: 1822
  input wait on the server (datagram arrival -> applied): p50 49.5 p99 65.3 max 73.8 mean 49.7 ms
  steady state: stand-ins repeated 0 frozen 0 | late inputs 0 discarded 0
== bots summary ==
  started 10000 welcomed 10000 failed 0
  join latency ms: p50 720 p99 1645 max 1944 (n=10000)
  corrections 0 (0.00/bot-minute), mean error 0.000 m, max 0.000 m
  snapshots 17776537 (entities per snapshot: near 15.6 mid 41.8 far 58.5), stale 0, unmatched acks 0, resyncs 0
  input -> applied on server (est. RTT/2 + server wait): p50 57.0 p99 74.0 max 81.0 mean 57.5 ms (n=17773191)
    of which server wait (arrival -> applied): p50 49.5 p99 65.3 max 73.8 mean 49.7 ms (n=17773191)
  input -> seen acked (round trip): p50 67.0 p99 100.0 max 101.0 mean 79.1 ms (n=17773191)
  near entity update interval (tracked bots): p50 33.0 p99 33.0 max 100.0 mean 33.0 ms (n=14153890)
  mid entity update interval (tracked bots): p50 100.0 p99 100.0 max 500.0 mean 100.2 ms (n=37949533)
  far entity update interval (tracked bots): p50 500.0 p99 500.0 max 59000.0 mean 516.3 ms (n=51920952)
  input clock: 10714 extra inputs, 722 skipped ticks, 0 backlog skips | near decode errors (tracked bots) 0
  bytes down 23255.9 MB up 889.3 MB | swarm busy 18% of its threads' time, tick overruns 0
