preallocated connections for 10000 clients in 218.6417ms
listening on 172.16.8.2:40500 | spawn Uniform | tiers near 64@150 m, mid 500 m, far 1500 m, budget 6250 B/tick, squads of 4 | 128 rayon threads, 64 shards, 256 accepts/tick, egress SendMmsg | socket buffers rcv 32768 KiB snd 32768 KiB
[    5s] clients 10000 | level 0 (0-0 in window: 30 Hz, dilation 1.0), pace 1.00, 0.0% clients bandwidth-degraded | tick p50 14.05 p99 16.13 max 16.65 ms, 0 overruns | out 372.2k pps 300 kbps/client, 2212 Mbps | in 234.7k pps 16 kbps/client | stand-ins: repeated 0.00% frozen 0.00%, 0 late inputs | per client-tick: 1188 B (near 92 B, 99% deltas), near 14.9 mid 39.3 far 55.7, far skipped 0 starved 0 | input wait p50 49.0 p99 66.4 ms | 52580 joins deferred | kernel drops rcv 0 snd 0
         p50/p99 ms: ingress 1.56/5.58  events 2.61/3.96  movement 0.43/0.54  grid 0.44/0.54  history 0.01/0.05  serialize 0.21/0.38  assembly 2.77/3.79  transport 1.88/2.23  egress 3.85/5.02
[   10s] clients 10000 | level 0 (0-0 in window: 30 Hz, dilation 1.0), pace 1.00, 0.0% clients bandwidth-degraded | tick p50 14.27 p99 15.72 max 15.73 ms, 0 overruns | out 523.2k pps 315 kbps/client, 3148 Mbps | in 300.0k pps 12 kbps/client | stand-ins: repeated 0.00% frozen 0.00%, 0 late inputs | per client-tick: 1252 B (near 94 B, 100% deltas), near 15.7 mid 41.9 far 58.7, far skipped 0 starved 0 | input wait p50 48.9 p99 65.3 ms | 0 joins deferred | kernel drops rcv 0 snd 0
         p50/p99 ms: ingress 1.56/1.89  events 2.62/3.30  movement 0.46/0.58  grid 0.46/0.53  history 0.01/0.02  serialize 0.21/0.27  assembly 2.83/4.07  transport 1.93/2.16  egress 4.09/4.96
[   15s] clients 10000 | level 0 (0-0 in window: 30 Hz, dilation 1.0), pace 1.00, 0.0% clients bandwidth-degraded | tick p50 14.13 p99 15.72 max 15.93 ms, 0 overruns | out 522.9k pps 315 kbps/client, 3147 Mbps | in 300.0k pps 12 kbps/client | stand-ins: repeated 0.00% frozen 0.00%, 0 late inputs | per client-tick: 1252 B (near 94 B, 100% deltas), near 15.6 mid 41.9 far 58.7, far skipped 0 starved 0 | input wait p50 49.4 p99 65.3 ms | 0 joins deferred | kernel drops rcv 0 snd 0
         p50/p99 ms: ingress 1.56/1.86  events 2.56/3.12  movement 0.47/0.56  grid 0.47/0.52  history 0.01/0.01  serialize 0.21/0.30  assembly 2.85/4.25  transport 1.95/2.29  egress 3.97/4.80
[   20s] clients 10000 | level 0 (0-0 in window: 30 Hz, dilation 1.0), pace 1.00, 0.0% clients bandwidth-degraded | tick p50 13.92 p99 15.51 max 15.57 ms, 0 overruns | out 523.1k pps 315 kbps/client, 3147 Mbps | in 300.0k pps 12 kbps/client | stand-ins: repeated 0.00% frozen 0.00%, 0 late inputs | per client-tick: 1252 B (near 94 B, 100% deltas), near 15.6 mid 41.9 far 58.7, far skipped 0 starved 0 | input wait p50 49.8 p99 65.3 ms | 0 joins deferred | kernel drops rcv 0 snd 0
         p50/p99 ms: ingress 1.55/1.78  events 2.61/2.96  movement 0.46/0.57  grid 0.47/0.54  history 0.01/0.01  serialize 0.21/0.27  assembly 2.81/4.02  transport 1.94/2.24  egress 3.81/4.27
[   25s] clients 10000 | level 0 (0-0 in window: 30 Hz, dilation 1.0), pace 1.00, 0.0% clients bandwidth-degraded | tick p50 13.98 p99 15.35 max 15.48 ms, 0 overruns | out 523.3k pps 315 kbps/client, 3148 Mbps | in 300.0k pps 12 kbps/client | stand-ins: repeated 0.00% frozen 0.00%, 0 late inputs | per client-tick: 1252 B (near 94 B, 100% deltas), near 15.7 mid 41.9 far 58.7, far skipped 0 starved 0 | input wait p50 49.6 p99 65.3 ms | 0 joins deferred | kernel drops rcv 0 snd 0
         p50/p99 ms: ingress 1.55/1.82  events 2.62/3.34  movement 0.47/0.58  grid 0.47/0.53  history 0.01/0.02  serialize 0.21/0.28  assembly 2.84/3.97  transport 1.96/2.23  egress 3.80/4.75
[   30s] clients 10000 | level 0 (0-0 in window: 30 Hz, dilation 1.0), pace 1.00, 0.0% clients bandwidth-degraded | tick p50 14.09 p99 15.58 max 15.89 ms, 0 overruns | out 523.5k pps 315 kbps/client, 3149 Mbps | in 299.9k pps 12 kbps/client | stand-ins: repeated 0.00% frozen 0.00%, 0 late inputs | per client-tick: 1253 B (near 94 B, 100% deltas), near 15.7 mid 41.9 far 58.7, far skipped 0 starved 0 | input wait p50 49.5 p99 65.3 ms | 0 joins deferred | kernel drops rcv 0 snd 0
         p50/p99 ms: ingress 1.56/1.88  events 2.59/3.29  movement 0.47/0.56  grid 0.47/0.53  history 0.01/0.01  serialize 0.21/0.33  assembly 2.83/4.40  transport 1.96/2.28  egress 3.88/4.58
[   35s] clients 10000 | level 0 (0-0 in window: 30 Hz, dilation 1.0), pace 1.00, 0.0% clients bandwidth-degraded | tick p50 14.04 p99 15.93 max 16.00 ms, 0 overruns | out 523.5k pps 315 kbps/client, 3149 Mbps | in 300.0k pps 12 kbps/client | stand-ins: repeated 0.00% frozen 0.00%, 0 late inputs | per client-tick: 1253 B (near 95 B, 100% deltas), near 15.7 mid 41.9 far 58.7, far skipped 0 starved 0 | input wait p50 49.5 p99 65.3 ms | 0 joins deferred | kernel drops rcv 0 snd 0
         p50/p99 ms: ingress 1.56/1.87  events 2.60/3.50  movement 0.46/0.55  grid 0.47/0.53  history 0.01/0.02  serialize 0.21/0.27  assembly 2.83/4.42  transport 1.94/2.23  egress 3.88/4.54
[   40s] clients 10000 | level 0 (0-0 in window: 30 Hz, dilation 1.0), pace 1.00, 0.0% clients bandwidth-degraded | tick p50 14.02 p99 15.57 max 15.68 ms, 0 overruns | out 523.3k pps 315 kbps/client, 3148 Mbps | in 300.0k pps 12 kbps/client | stand-ins: repeated 0.00% frozen 0.00%, 0 late inputs | per client-tick: 1253 B (near 95 B, 100% deltas), near 15.7 mid 41.9 far 58.7, far skipped 0 starved 0 | input wait p50 49.5 p99 65.3 ms | 0 joins deferred | kernel drops rcv 0 snd 0
         p50/p99 ms: ingress 1.56/1.87  events 2.60/3.04  movement 0.47/0.55  grid 0.48/0.54  history 0.01/0.02  serialize 0.21/0.26  assembly 2.82/4.22  transport 1.95/2.26  egress 3.83/4.33
[   45s] clients 10000 | level 0 (0-0 in window: 30 Hz, dilation 1.0), pace 1.00, 0.0% clients bandwidth-degraded | tick p50 14.03 p99 15.36 max 15.48 ms, 0 overruns | out 523.5k pps 315 kbps/client, 3148 Mbps | in 300.0k pps 12 kbps/client | stand-ins: repeated 0.00% frozen 0.00%, 0 late inputs | per client-tick: 1252 B (near 94 B, 100% deltas), near 15.6 mid 41.9 far 58.7, far skipped 0 starved 0 | input wait p50 49.6 p99 65.3 ms | 0 joins deferred | kernel drops rcv 0 snd 0
         p50/p99 ms: ingress 1.56/1.88  events 2.59/2.95  movement 0.47/0.57  grid 0.47/0.53  history 0.01/0.01  serialize 0.21/0.31  assembly 2.83/4.17  transport 1.95/2.27  egress 3.82/4.30
[   50s] clients 10000 | level 0 (0-0 in window: 30 Hz, dilation 1.0), pace 1.00, 0.0% clients bandwidth-degraded | tick p50 14.07 p99 15.44 max 15.47 ms, 0 overruns | out 523.3k pps 315 kbps/client, 3148 Mbps | in 300.0k pps 12 kbps/client | stand-ins: repeated 0.00% frozen 0.00%, 0 late inputs | per client-tick: 1252 B (near 94 B, 100% deltas), near 15.7 mid 41.9 far 58.7, far skipped 0 starved 0 | input wait p50 49.7 p99 65.3 ms | 0 joins deferred | kernel drops rcv 0 snd 0
         p50/p99 ms: ingress 1.55/1.82  events 2.62/3.15  movement 0.47/0.62  grid 0.47/0.53  history 0.01/0.01  serialize 0.21/0.26  assembly 2.83/4.16  transport 1.95/2.35  egress 3.81/4.22
[   55s] clients 10000 | level 0 (0-0 in window: 30 Hz, dilation 1.0), pace 1.00, 0.0% clients bandwidth-degraded | tick p50 14.01 p99 15.59 max 16.00 ms, 0 overruns | out 523.4k pps 315 kbps/client, 3149 Mbps | in 300.0k pps 12 kbps/client | stand-ins: repeated 0.00% frozen 0.00%, 0 late inputs | per client-tick: 1253 B (near 94 B, 100% deltas), near 15.6 mid 42.0 far 58.7, far skipped 0 starved 0 | input wait p50 49.7 p99 65.3 ms | 0 joins deferred | kernel drops rcv 0 snd 0
         p50/p99 ms: ingress 1.56/1.88  events 2.61/3.44  movement 0.47/0.55  grid 0.47/0.53  history 0.01/0.01  serialize 0.21/0.34  assembly 2.83/4.15  transport 1.95/2.25  egress 3.81/4.39
[   60s] clients 10000 | level 0 (0-0 in window: 30 Hz, dilation 1.0), pace 1.00, 0.0% clients bandwidth-degraded | tick p50 13.93 p99 15.02 max 15.03 ms, 0 overruns | out 523.4k pps 315 kbps/client, 3148 Mbps | in 300.0k pps 12 kbps/client | stand-ins: repeated 0.00% frozen 0.00%, 0 late inputs | per client-tick: 1253 B (near 94 B, 100% deltas), near 15.6 mid 42.0 far 58.7, far skipped 0 starved 0 | input wait p50 49.7 p99 65.3 ms | 0 joins deferred | kernel drops rcv 0 snd 0
         p50/p99 ms: ingress 1.55/1.90  events 2.60/2.94  movement 0.47/0.55  grid 0.47/0.52  history 0.01/0.01  serialize 0.21/0.26  assembly 2.84/3.96  transport 1.95/2.27  egress 3.78/4.20
[   61s] clients 0 | level 0 (0-0 in window: 30 Hz, dilation 1.0), pace 1.00, 0.0% clients bandwidth-degraded | tick p50 13.99 p99 24.14 max 24.14 ms, 0 overruns | out 424.7k pps 314 kbps/client, 2561 Mbps | in 311.2k pps 13 kbps/client | stand-ins: repeated 0.00% frozen 0.00%, 0 late inputs | per client-tick: 1224 B (near 92 B, 100% deltas), near 15.2 mid 40.9 far 57.4, far skipped 0 starved 0 | input wait p50 50.1 p99 65.3 ms | 0 joins deferred | kernel drops rcv 0 snd 0
         p50/p99 ms: ingress 1.57/7.47  events 2.63/14.10  movement 0.45/0.49  grid 0.45/0.52  history 0.01/0.01  serialize 0.21/0.30  assembly 2.78/3.49  transport 1.91/2.10  egress 3.78/4.09

== summary: 1709 steady-state ticks (after warmup, before clients drain), peak 10000 clients ==
  phase        p50 ms   p99 ms   max ms
  ingress        1.56     1.87     1.95
  events         2.60     3.17     3.73
  movement       0.47     0.56     0.71
  grid           0.47     0.53     0.56
  history        0.01     0.01     0.02
  serialize      0.21     0.30     0.49
  assembly       2.83     4.16     4.60
  transport      1.95     2.26     2.45
  egress         3.86     4.73     5.08
  tick          14.05    15.48    16.00
  overruns 0 | spawns 10000 despawns 10000 (52580 joins deferred) | stand-ins: repeated 0 frozen 0 | late inputs 0 discarded 0 | bad messages 0 | recv errors 0 send errors 0
  egress (whole run): 30971593 datagrams in 30971593 sends (1.00 per send), 196349 syscalls
  ticks per ladder level (whole run): L0: 1822
  input wait on the server (datagram arrival -> applied): p50 49.5 p99 65.3 max 73.8 mean 49.7 ms
  steady state: stand-ins repeated 0 frozen 0 | late inputs 0 discarded 0
