minting tokens with the public dev key (--token-key to change)
1000 bots -> 127.0.0.1:40500 on 8 threads, ramp 0/s, 60s, 1000 full + 0 sink bots
[    5s] bots 1000/1000 connected, 1000 welcomed, 0 failed | 26.1 snaps/s/bot, entities/snap near 4.4 mid 4.2 far 6.3 | corrections 0.000/s/bot | down 52 up 13 kbps/bot | rtt 34.1 ms loss 0.00% | input->applied ~ p50 65 p99 83 ms, round trip p50 100 p99 100 ms | joins 1000 (p50 287 p99 662 ms) | server pace 1.00 level 0, 0 bots bandwidth-degraded | swarm busy 6%, overruns 1
[   10s] bots 1000/1000 connected, 1000 welcomed, 0 failed | 31.2 snaps/s/bot, entities/snap near 4.3 mid 4.2 far 6.3 | corrections 0.000/s/bot | down 61 up 15 kbps/bot | rtt 34.3 ms loss 0.00% | input->applied ~ p50 65 p99 82 ms, round trip p50 100 p99 100 ms | joins 0 (p50 0 p99 0 ms) | server pace 1.00 level 0, 0 bots bandwidth-degraded | swarm busy 6%, overruns 0
[   15s] bots 1000/1000 connected, 1000 welcomed, 0 failed | 29.1 snaps/s/bot, entities/snap near 4.3 mid 4.2 far 6.3 | corrections 0.000/s/bot | down 57 up 14 kbps/bot | rtt 34.2 ms loss 0.00% | input->applied ~ p50 65 p99 82 ms, round trip p50 100 p99 100 ms | joins 0 (p50 0 p99 0 ms) | server pace 1.00 level 0, 0 bots bandwidth-degraded | swarm busy 6%, overruns 0
[   20s] bots 1000/1000 connected, 1000 welcomed, 0 failed | 29.9 snaps/s/bot, entities/snap near 4.4 mid 4.2 far 6.3 | corrections 0.000/s/bot | down 59 up 15 kbps/bot | rtt 34.2 ms loss 0.00% | input->applied ~ p50 65 p99 82 ms, round trip p50 100 p99 100 ms | joins 0 (p50 0 p99 0 ms) | server pace 1.00 level 0, 0 bots bandwidth-degraded | swarm busy 6%, overruns 0
[   25s] bots 1000/1000 connected, 1000 welcomed, 0 failed | 31.1 snaps/s/bot, entities/snap near 4.4 mid 4.2 far 6.3 | corrections 0.000/s/bot | down 61 up 15 kbps/bot | rtt 34.2 ms loss 0.00% | input->applied ~ p50 65 p99 82 ms, round trip p50 100 p99 100 ms | joins 0 (p50 0 p99 0 ms) | server pace 1.00 level 0, 0 bots bandwidth-degraded | swarm busy 6%, overruns 0
[   30s] bots 1000/1000 connected, 1000 welcomed, 0 failed | 28.4 snaps/s/bot, entities/snap near 4.4 mid 4.2 far 6.3 | corrections 0.000/s/bot | down 56 up 14 kbps/bot | rtt 34.2 ms loss 0.00% | input->applied ~ p50 65 p99 83 ms, round trip p50 100 p99 100 ms | joins 0 (p50 0 p99 0 ms) | server pace 1.00 level 0, 0 bots bandwidth-degraded | swarm busy 6%, overruns 0
[   35s] bots 1000/1000 connected, 1000 welcomed, 0 failed | 30.9 snaps/s/bot, entities/snap near 4.4 mid 4.2 far 6.3 | corrections 0.000/s/bot | down 60 up 15 kbps/bot | rtt 34.3 ms loss 0.00% | input->applied ~ p50 64 p99 82 ms, round trip p50 100 p99 100 ms | joins 0 (p50 0 p99 0 ms) | server pace 1.00 level 0, 0 bots bandwidth-degraded | swarm busy 7%, overruns 0
[   40s] bots 1000/1000 connected, 1000 welcomed, 0 failed | 30.4 snaps/s/bot, entities/snap near 4.4 mid 4.2 far 6.3 | corrections 0.000/s/bot | down 59 up 15 kbps/bot | rtt 34.3 ms loss 0.00% | input->applied ~ p50 65 p99 83 ms, round trip p50 100 p99 100 ms | joins 0 (p50 0 p99 0 ms) | server pace 1.00 level 0, 0 bots bandwidth-degraded | swarm busy 7%, overruns 0
[   45s] bots 1000/1000 connected, 1000 welcomed, 0 failed | 29.5 snaps/s/bot, entities/snap near 4.4 mid 4.2 far 6.3 | corrections 0.000/s/bot | down 58 up 15 kbps/bot | rtt 34.2 ms loss 0.00% | input->applied ~ p50 65 p99 83 ms, round trip p50 100 p99 100 ms | joins 0 (p50 0 p99 0 ms) | server pace 1.00 level 0, 0 bots bandwidth-degraded | swarm busy 6%, overruns 0
[   50s] bots 1000/1000 connected, 1000 welcomed, 0 failed | 30.4 snaps/s/bot, entities/snap near 4.4 mid 4.2 far 6.3 | corrections 0.000/s/bot | down 59 up 15 kbps/bot | rtt 34.2 ms loss 0.00% | input->applied ~ p50 65 p99 82 ms, round trip p50 100 p99 100 ms | joins 0 (p50 0 p99 0 ms) | server pace 1.00 level 0, 0 bots bandwidth-degraded | swarm busy 6%, overruns 0
[   55s] bots 1000/1000 connected, 1000 welcomed, 0 failed | 29.7 snaps/s/bot, entities/snap near 4.4 mid 4.2 far 6.3 | corrections 0.000/s/bot | down 58 up 15 kbps/bot | rtt 34.2 ms loss 0.00% | input->applied ~ p50 65 p99 83 ms, round trip p50 100 p99 100 ms | joins 0 (p50 0 p99 0 ms) | server pace 1.00 level 0, 0 bots bandwidth-degraded | swarm busy 6%, overruns 0
[   60s] bots 1000/1000 connected, 1000 welcomed, 0 failed | 29.6 snaps/s/bot, entities/snap near 4.4 mid 4.2 far 6.3 | corrections 0.000/s/bot | down 58 up 15 kbps/bot | rtt 34.2 ms loss 0.00% | input->applied ~ p50 65 p99 82 ms, round trip p50 100 p99 100 ms | joins 0 (p50 0 p99 0 ms) | server pace 1.00 level 0, 0 bots bandwidth-degraded | swarm busy 6%, overruns 0

== bots summary ==
  started 1000 welcomed 1000 failed 0
  join latency ms: p50 287 p99 662 max 793 (n=1000)
  corrections 0 (0.00/bot-minute), mean error 0.000 m, max 0.000 m
  push corrections (the server pushed us apart from a crowd) 174 (0.17/bot-minute), max 0.100 m
  snapshots 1789995 (entities per snapshot: near 4.4 mid 4.2 far 6.3), stale 0, unmatched acks 0, resyncs 0
  input -> applied on server (est. RTT/2 + server wait): p50 65.0 p99 82.0 max 95.0 mean 65.4 ms (n=1788968)
    of which server wait (arrival -> applied): p50 47.7 p99 65.5 max 78.8 mean 48.3 ms (n=1788968)
  input -> seen acked (round trip): p50 100.0 p99 100.0 max 160.0 mean 99.8 ms (n=1788968)
  near entity update interval (tracked bots): p50 33.0 p99 33.0 max 100.0 mean 33.0 ms (n=389261)
  mid entity update interval (tracked bots): p50 100.0 p99 100.0 max 500.0 mean 100.2 ms (n=374276)
  far entity update interval (tracked bots): p50 500.0 p99 500.0 max 2000.0 mean 499.9 ms (n=573856)
  near drawn (tracked bots): 99.83% interpolated, 0.00% extrapolated, 0.00% held, 0.17% new | pops p50 0 p99 0 max 20 mm
  mid drawn (tracked bots): 99.58% interpolated, 0.22% extrapolated, 0.04% held, 0.16% new | pops p50 0 p99 46 max 5203 mm
  far drawn (tracked bots): 20.08% interpolated, 79.25% extrapolated, 0.47% held, 0.20% new | pops p50 539 p99 4886 max 12695 mm
  render delay 100.1 ms behind the newest step, clock snaps 0 (backwards 0)
  input clock: 1641 extra inputs, 666 skipped ticks, 0 backlog skips | near decode errors (tracked bots) 0
  bytes down 438.3 MB up 111.0 MB | swarm busy 6% of its threads' time, tick overruns 1
