== uniform, 1000 bots, 60s -> baselines/2026-10-05-wsl2-m3b-netem/lan-uniform-1k-1
== summary: 1709 steady-state ticks (after warmup, before clients drain), peak 1000 clients ==
  phase        p50 ms   p99 ms   max ms
  ingress        0.36     0.74     1.11
  events         0.09     0.16     0.22
  movement       0.27     0.40     0.81
  grid           0.18     0.26     0.34
  separate       0.17     0.32     3.56
  history        0.00     0.00     0.02
  serialize      0.04     0.10     0.14
  assembly       0.83     1.18     1.49
  transport      0.41     0.81     1.05
  egress         1.71     2.15     3.17
  tick           4.10     4.95     8.03
  overruns 0 | spawns 1000 despawns 1000 (824 joins deferred) | stand-ins: repeated 0 frozen 0 | late inputs 0 discarded 0 | bad messages 0 | recv errors 0 send errors 0
  egress (whole run): 1797046 datagrams in 1797046 sends (1.00 per send), 115250 syscalls
  ticks per ladder level (whole run): L0: 1811
  input wait on the server (datagram arrival -> applied): p50 47.7 p99 65.5 max 78.8 mean 48.3 ms
  steady state: stand-ins repeated 0 frozen 0 | late inputs 0 discarded 0
  rewind (applied step - the input's render step, what lag compensation would rewind): p50 200 p99 200 max 233 mean 196.7 ms (n=1786061), render times ahead of the server 0
== bots summary ==
  started 1000 welcomed 1000 failed 0
  join latency ms: p50 287 p99 662 max 793 (n=1000)
  corrections 0 (0.00/bot-minute), mean error 0.000 m, max 0.000 m
  push corrections (the server pushed us apart from a crowd) 174 (0.17/bot-minute), max 0.100 m
  snapshots 1789995 (entities per snapshot: near 4.4 mid 4.2 far 6.3), stale 0, unmatched acks 0, resyncs 0
  input -> applied on server (est. RTT/2 + server wait): p50 65.0 p99 82.0 max 95.0 mean 65.4 ms (n=1788968)
    of which server wait (arrival -> applied): p50 47.7 p99 65.5 max 78.8 mean 48.3 ms (n=1788968)
  input -> seen acked (round trip): p50 100.0 p99 100.0 max 160.0 mean 99.8 ms (n=1788968)
  near entity update interval (tracked bots): p50 33.0 p99 33.0 max 100.0 mean 33.0 ms (n=389261)
  mid entity update interval (tracked bots): p50 100.0 p99 100.0 max 500.0 mean 100.2 ms (n=374276)
  far entity update interval (tracked bots): p50 500.0 p99 500.0 max 2000.0 mean 499.9 ms (n=573856)
  near drawn (tracked bots): 99.83% interpolated, 0.00% extrapolated, 0.00% held, 0.17% new | pops p50 0 p99 0 max 20 mm
  mid drawn (tracked bots): 99.58% interpolated, 0.22% extrapolated, 0.04% held, 0.16% new | pops p50 0 p99 46 max 5203 mm
  far drawn (tracked bots): 20.08% interpolated, 79.25% extrapolated, 0.47% held, 0.20% new | pops p50 539 p99 4886 max 12695 mm
  render delay 100.1 ms behind the newest step, clock snaps 0 (backwards 0)
  input clock: 1641 extra inputs, 666 skipped ticks, 0 backlog skips | near decode errors (tracked bots) 0
  bytes down 438.3 MB up 111.0 MB | swarm busy 6% of its threads' time, tick overruns 1
