preallocated connections for 10000 clients in 257.436193ms
listening on 127.0.0.1:40500 | spawn Uniform | tiers near 64@150 m, mid 500 m, far 1500 m, budget 6250 B/tick, squads of 4 | 8 rayon threads, 64 shards, 1 socket(s), 256 accepts/tick, egress SendMmsg | socket buffers rcv 8192 KiB snd 8192 KiB
WARNING: token key is the public dev key; anyone can mint tokens for this server (--token-key)
[    5s] clients 1000 | level 0 (0-0 in window: 30 Hz, dilation 1.0), pace 1.00, 0.0% clients bandwidth-degraded | tick p50 4.10 p99 6.88 max 10.47 ms, 0 overruns | out 27.8k pps 59 kbps/client, 54 Mbps | in 27.3k pps 16 kbps/client | stand-ins: repeated 0.00% frozen 0.00%, 0 late inputs | per client-tick: 209 B (near 35 B, 97% deltas), near 4.3 mid 4.1 far 6.2, far skipped 0 starved 0 | input wait p50 47.8 p99 66.0 ms | 824 joins deferred | kernel drops rcv 0 snd 0
         p50/p99 ms: ingress 0.36/1.14  events 0.09/1.64  movement 0.27/0.39  grid 0.18/0.37  separate 0.18/0.34  history 0.00/0.01  serialize 0.05/0.13  assembly 0.78/1.25  transport 0.39/0.78  egress 1.67/2.19
[   10s] clients 1000 | level 0 (0-0 in window: 30 Hz, dilation 1.0), pace 1.00, 0.0% clients bandwidth-degraded | tick p50 4.11 p99 5.03 max 5.78 ms, 0 overruns | out 30.0k pps 59 kbps/client, 59 Mbps | in 30.0k pps 15 kbps/client | stand-ins: repeated 0.00% frozen 0.00%, 0 late inputs | per client-tick: 210 B (near 34 B, 100% deltas), near 4.3 mid 4.2 far 6.3, far skipped 0 starved 0 | input wait p50 47.7 p99 65.2 ms | 0 joins deferred | kernel drops rcv 0 snd 0
         p50/p99 ms: ingress 0.36/0.87  events 0.09/0.12  movement 0.27/0.34  grid 0.18/0.24  separate 0.17/0.23  history 0.00/0.00  serialize 0.04/0.10  assembly 0.84/1.16  transport 0.42/0.81  egress 1.71/2.31
[   15s] clients 1000 | level 0 (0-0 in window: 30 Hz, dilation 1.0), pace 1.00, 0.0% clients bandwidth-degraded | tick p50 4.07 p99 4.81 max 4.89 ms, 0 overruns | out 30.0k pps 59 kbps/client, 59 Mbps | in 30.0k pps 15 kbps/client | stand-ins: repeated 0.00% frozen 0.00%, 0 late inputs | per client-tick: 209 B (near 34 B, 100% deltas), near 4.3 mid 4.2 far 6.3, far skipped 0 starved 0 | input wait p50 47.7 p99 65.3 ms | 0 joins deferred | kernel drops rcv 0 snd 0
         p50/p99 ms: ingress 0.36/0.56  events 0.09/0.12  movement 0.26/0.34  grid 0.18/0.23  separate 0.17/0.25  history 0.00/0.00  serialize 0.04/0.10  assembly 0.83/1.19  transport 0.41/0.89  egress 1.70/2.13
[   20s] clients 1000 | level 0 (0-0 in window: 30 Hz, dilation 1.0), pace 1.00, 0.0% clients bandwidth-degraded | tick p50 4.07 p99 4.79 max 4.93 ms, 0 overruns | out 30.0k pps 59 kbps/client, 59 Mbps | in 30.0k pps 15 kbps/client | stand-ins: repeated 0.00% frozen 0.00%, 0 late inputs | per client-tick: 210 B (near 35 B, 100% deltas), near 4.4 mid 4.2 far 6.3, far skipped 0 starved 0 | input wait p50 47.7 p99 65.3 ms | 0 joins deferred | kernel drops rcv 0 snd 0
         p50/p99 ms: ingress 0.36/0.74  events 0.09/0.13  movement 0.27/0.34  grid 0.18/0.22  separate 0.18/0.33  history 0.00/0.01  serialize 0.04/0.09  assembly 0.81/1.11  transport 0.40/0.78  egress 1.70/2.19
[   25s] clients 1000 | level 0 (0-0 in window: 30 Hz, dilation 1.0), pace 1.00, 0.0% clients bandwidth-degraded | tick p50 4.07 p99 4.88 max 4.91 ms, 0 overruns | out 30.0k pps 59 kbps/client, 59 Mbps | in 30.0k pps 15 kbps/client | stand-ins: repeated 0.00% frozen 0.00%, 0 late inputs | per client-tick: 210 B (near 35 B, 100% deltas), near 4.4 mid 4.2 far 6.3, far skipped 0 starved 0 | input wait p50 47.7 p99 65.4 ms | 0 joins deferred | kernel drops rcv 0 snd 0
         p50/p99 ms: ingress 0.35/0.75  events 0.09/0.14  movement 0.28/0.40  grid 0.18/0.27  separate 0.18/0.34  history 0.00/0.00  serialize 0.04/0.12  assembly 0.80/1.18  transport 0.41/0.82  egress 1.69/2.08
[   30s] clients 1000 | level 0 (0-0 in window: 30 Hz, dilation 1.0), pace 1.00, 0.0% clients bandwidth-degraded | tick p50 4.12 p99 4.84 max 4.90 ms, 0 overruns | out 30.0k pps 59 kbps/client, 59 Mbps | in 30.0k pps 15 kbps/client | stand-ins: repeated 0.00% frozen 0.00%, 0 late inputs | per client-tick: 210 B (near 35 B, 100% deltas), near 4.4 mid 4.2 far 6.3, far skipped 0 starved 0 | input wait p50 47.8 p99 65.6 ms | 0 joins deferred | kernel drops rcv 0 snd 0
         p50/p99 ms: ingress 0.36/0.73  events 0.09/0.12  movement 0.27/0.36  grid 0.18/0.22  separate 0.17/0.32  history 0.00/0.00  serialize 0.04/0.10  assembly 0.83/1.19  transport 0.40/0.79  egress 1.74/2.11
[   35s] clients 1000 | level 0 (0-0 in window: 30 Hz, dilation 1.0), pace 1.00, 0.0% clients bandwidth-degraded | tick p50 4.16 p99 5.01 max 5.07 ms, 0 overruns | out 30.0k pps 59 kbps/client, 59 Mbps | in 30.0k pps 15 kbps/client | stand-ins: repeated 0.00% frozen 0.00%, 0 late inputs | per client-tick: 209 B (near 35 B, 100% deltas), near 4.4 mid 4.2 far 6.3, far skipped 0 starved 0 | input wait p50 47.7 p99 65.5 ms | 0 joins deferred | kernel drops rcv 0 snd 0
         p50/p99 ms: ingress 0.37/0.71  events 0.10/0.18  movement 0.28/0.39  grid 0.18/0.31  separate 0.17/0.35  history 0.00/0.00  serialize 0.04/0.10  assembly 0.86/1.21  transport 0.42/0.80  egress 1.71/2.23
[   40s] clients 1000 | level 0 (0-0 in window: 30 Hz, dilation 1.0), pace 1.00, 0.0% clients bandwidth-degraded | tick p50 4.23 p99 5.67 max 8.03 ms, 0 overruns | out 30.0k pps 59 kbps/client, 59 Mbps | in 30.0k pps 15 kbps/client | stand-ins: repeated 0.00% frozen 0.00%, 0 late inputs | per client-tick: 209 B (near 34 B, 100% deltas), near 4.4 mid 4.2 far 6.3, far skipped 0 starved 0 | input wait p50 47.7 p99 65.5 ms | 0 joins deferred | kernel drops rcv 0 snd 0
         p50/p99 ms: ingress 0.39/0.84  events 0.10/0.22  movement 0.29/0.44  grid 0.18/0.26  separate 0.17/0.33  history 0.00/0.00  serialize 0.04/0.10  assembly 0.88/1.18  transport 0.41/0.82  egress 1.77/2.15
[   45s] clients 1000 | level 0 (0-0 in window: 30 Hz, dilation 1.0), pace 1.00, 0.0% clients bandwidth-degraded | tick p50 4.07 p99 4.96 max 5.05 ms, 0 overruns | out 30.0k pps 59 kbps/client, 59 Mbps | in 30.0k pps 15 kbps/client | stand-ins: repeated 0.00% frozen 0.00%, 0 late inputs | per client-tick: 209 B (near 35 B, 100% deltas), near 4.4 mid 4.2 far 6.3, far skipped 0 starved 0 | input wait p50 47.8 p99 65.8 ms | 0 joins deferred | kernel drops rcv 0 snd 0
         p50/p99 ms: ingress 0.36/0.73  events 0.09/0.13  movement 0.30/0.42  grid 0.18/0.25  separate 0.18/0.31  history 0.00/0.00  serialize 0.04/0.10  assembly 0.80/1.16  transport 0.40/0.90  egress 1.67/2.14
[   50s] clients 1000 | level 0 (0-0 in window: 30 Hz, dilation 1.0), pace 1.00, 0.0% clients bandwidth-degraded | tick p50 4.06 p99 4.64 max 4.69 ms, 0 overruns | out 30.0k pps 59 kbps/client, 59 Mbps | in 30.0k pps 15 kbps/client | stand-ins: repeated 0.00% frozen 0.00%, 0 late inputs | per client-tick: 209 B (near 35 B, 100% deltas), near 4.4 mid 4.2 far 6.3, far skipped 0 starved 0 | input wait p50 47.7 p99 65.5 ms | 0 joins deferred | kernel drops rcv 0 snd 0
         p50/p99 ms: ingress 0.35/0.55  events 0.09/0.12  movement 0.27/0.40  grid 0.17/0.23  separate 0.17/0.36  history 0.00/0.00  serialize 0.04/0.10  assembly 0.79/1.21  transport 0.40/0.86  egress 1.72/2.04
[   55s] clients 1000 | level 0 (0-0 in window: 30 Hz, dilation 1.0), pace 1.00, 0.0% clients bandwidth-degraded | tick p50 4.04 p99 4.98 max 5.01 ms, 0 overruns | out 30.0k pps 59 kbps/client, 59 Mbps | in 30.0k pps 15 kbps/client | stand-ins: repeated 0.00% frozen 0.00%, 0 late inputs | per client-tick: 209 B (near 35 B, 100% deltas), near 4.4 mid 4.2 far 6.3, far skipped 0 starved 0 | input wait p50 47.8 p99 65.6 ms | 0 joins deferred | kernel drops rcv 0 snd 0
         p50/p99 ms: ingress 0.36/0.68  events 0.09/0.14  movement 0.27/0.41  grid 0.18/0.24  separate 0.17/0.32  history 0.00/0.00  serialize 0.04/0.09  assembly 0.79/1.16  transport 0.40/0.77  egress 1.71/2.09
[   60s] clients 1000 | level 0 (0-0 in window: 30 Hz, dilation 1.0), pace 1.00, 0.0% clients bandwidth-degraded | tick p50 4.13 p99 4.85 max 5.48 ms, 0 overruns | out 30.0k pps 59 kbps/client, 59 Mbps | in 30.0k pps 15 kbps/client | stand-ins: repeated 0.00% frozen 0.00%, 0 late inputs | per client-tick: 209 B (near 35 B, 100% deltas), near 4.4 mid 4.2 far 6.3, far skipped 0 starved 0 | input wait p50 47.7 p99 65.3 ms | 0 joins deferred | kernel drops rcv 0 snd 0
         p50/p99 ms: ingress 0.36/0.83  events 0.09/0.16  movement 0.27/0.40  grid 0.18/0.30  separate 0.17/0.33  history 0.00/0.00  serialize 0.04/0.11  assembly 0.85/1.18  transport 0.41/0.85  egress 1.71/2.08
[   60s] clients 0 | level 0 (0-0 in window: 30 Hz, dilation 1.0), pace 1.00, 0.0% clients bandwidth-degraded | tick p50 2.86 p99 4.82 max 4.82 ms, 0 overruns | out 11.2k pps 57 kbps/client, 21 Mbps | in 40.3k pps 26 kbps/client | stand-ins: repeated 0.00% frozen 0.00%, 0 late inputs | per client-tick: 197 B (near 32 B, 100% deltas), near 4.0 mid 3.9 far 5.7, far skipped 0 starved 0 | input wait p50 46.0 p99 66.0 ms | 0 joins deferred | kernel drops rcv 0 snd 0
         p50/p99 ms: ingress 0.46/0.97  events 0.09/0.51  movement 0.17/0.25  grid 0.16/0.18  separate 0.18/0.29  history 0.00/0.00  serialize 0.01/0.04  assembly 0.80/0.81  transport 0.32/0.38  egress 0.35/2.33

== summary: 1709 steady-state ticks (after warmup, before clients drain), peak 1000 clients ==
  phase        p50 ms   p99 ms   max ms
  ingress        0.36     0.74     1.11
  events         0.09     0.16     0.22
  movement       0.27     0.40     0.81
  grid           0.18     0.26     0.34
  separate       0.17     0.32     3.56
  history        0.00     0.00     0.02
  serialize      0.04     0.10     0.14
  assembly       0.83     1.18     1.49
  transport      0.41     0.81     1.05
  egress         1.71     2.15     3.17
  tick           4.10     4.95     8.03
  overruns 0 | spawns 1000 despawns 1000 (824 joins deferred) | stand-ins: repeated 0 frozen 0 | late inputs 0 discarded 0 | bad messages 0 | recv errors 0 send errors 0
  egress (whole run): 1797046 datagrams in 1797046 sends (1.00 per send), 115250 syscalls
  ticks per ladder level (whole run): L0: 1811
  input wait on the server (datagram arrival -> applied): p50 47.7 p99 65.5 max 78.8 mean 48.3 ms
  steady state: stand-ins repeated 0 frozen 0 | late inputs 0 discarded 0
  rewind (applied step - the input's render step, what lag compensation would rewind): p50 200 p99 200 max 233 mean 196.7 ms (n=1786061), render times ahead of the server 0
