== uniform, 10000 bots, 60s -> baselines/2026-10-07-aws-netem-10k/clean-uniform-10k-1
== summary: 1709 steady-state ticks (after warmup, before clients drain), peak 10000 clients ==
  phase        p50 ms   p99 ms   max ms
  ingress        1.26     2.51     3.00
  events         4.08     5.40     6.06
  movement       1.01     1.33     1.82
  grid           0.47     0.60     0.75
  separate       0.55     1.03     1.33
  history        0.02     0.05     0.24
  shots          0.07     0.28     0.55
  serialize      0.31     0.56     0.68
  assembly       3.23     4.14     5.14
  transport      2.03     2.40     2.63
  egress         4.06     4.68     5.77
  tick          17.36    19.34    20.82
  overruns 0 | spawns 10000 despawns 10000 (53371 joins deferred) | deaths 0 respawns 0 | stand-ins: repeated 3549 frozen 133443 | late inputs 1707 discarded 0 | bad messages 0 | recv errors 0 send errors 0
  egress (whole run): 31260440 datagrams in 31260440 sends (1.00 per send), 207008 syscalls
  ingress (whole run): 17883668 datagrams in 304565 receive calls (58.72 per call)
  ticks per ladder level (whole run): L0: 1967
  input wait on the server (datagram arrival -> applied): p50 49.6 p99 66.2 max 120.9 mean 49.8 ms
  steady state: stand-ins repeated 0 frozen 0 | late inputs 0 discarded 0
  rewind of near targets (applied step - the input's render step for that tier): p50 133 p99 167 max 232 mean 146.6 ms (n=17674024)
  rewind of mid/far targets (applied step - the input's render step for that tier): p50 267 p99 300 max 341 mean 279.8 ms (n=17674024)
  render times ahead of the server (bogus) 0
  shots 0 (late 0, refused 0, rewinds capped 0) | hits head 0 body 0 (after cover 0, too late 0), kills 0 | ground 0 cover 0 expired 0 | segments 0 candidates 0
== bots summary ==
  started 10000 welcomed 10000 failed 0
  join latency ms: p50 730 p99 1486 max 1953 (n=10000)
  corrections 85 (0.01/bot-minute), mean error 0.068 m, max 0.152 m
  push corrections (the server pushed us apart from a crowd) 5845 (0.58/bot-minute), max 0.181 m
  snapshots 17777081 (entities per snapshot: near 15.6 mid 41.8 far 58.6), stale 0, unmatched acks 0, resyncs 14
  input -> applied on server (est. RTT/2 + server wait): p50 58.0 p99 74.0 max 129.0 mean 57.6 ms (n=17771325)
    of which server wait (arrival -> applied): p50 49.6 p99 66.2 max 120.9 mean 49.8 ms (n=17771325)
  input -> seen acked (round trip): p50 67.0 p99 100.0 max 171.0 mean 81.6 ms (n=17773032)
  near entity update interval (tracked bots): p50 33.0 p99 33.0 max 100.0 mean 33.0 ms (n=14030899)
  mid entity update interval (tracked bots): p50 100.0 p99 100.0 max 600.0 mean 100.2 ms (n=37646744)
  far entity update interval (tracked bots): p50 500.0 p99 500.0 max 2000.0 mean 500.0 ms (n=51568413)
  near drawn (tracked bots): 99.86% interpolated, 0.02% extrapolated, 0.00% held, 0.13% new | pops p50 0 p99 0 max 170 mm
  mid drawn (tracked bots): 99.52% interpolated, 0.13% extrapolated, 0.01% held, 0.34% new | pops p50 0 p99 0 max 4580 mm
  far drawn (tracked bots): 40.06% interpolated, 58.97% extrapolated, 0.52% held, 0.45% new | pops p50 407 p99 3677 max 20140 mm
  render delay (near) 74.9 ms behind the newest step, clock snaps 0 (backwards 0), slewing 4.78% of frames, near delay changes 282 | streak entity-frames (drawn > 20 m/s) 14419981
  input clock: 14092 extra inputs, 423 skipped ticks, 0 backlog skips | near decode errors (tracked bots) 0
  bytes down 23830.9 MB up 1120.1 MB | swarm busy 27% of its threads' time, tick overruns 405
