preallocated connections for 10000 clients in 246.974145ms
listening on 172.31.17.93:40500 | spawn Uniform | tiers near 64@150 m, mid 500 m, far 1500 m, budget 6250 B/tick, squads of 4 | 64 rayon threads, 64 shards, 1 socket(s), 256 accepts/tick, egress SendMmsg, ingress RecvMmsg | socket buffers rcv 32768 KiB snd 32768 KiB
[    5s] clients 10000 | level 0 (0-0 in window: 30 Hz, dilation 1.0), pace 1.00, 0.0% clients bandwidth-degraded | tick p50 17.12 p99 18.84 max 19.24 ms, 0 overruns | out 386.7k pps 308 kbps/client, 2342 Mbps | in 240.8k pps 19 kbps/client, 58.4 per recv, receive thread busy 24% | stand-ins: repeated 0.15% frozen 0.00%, 1707 late inputs | per client-tick: 1223 B (near 107 B, 99% deltas), near 14.9 mid 39.5 far 55.8, far skipped 0 starved 0 | input wait p50 49.1 p99 66.3 ms | 53371 joins deferred | kernel drops rcv 0 snd 0
         p50/p99 ms: ingress 1.35/6.39  events 3.96/5.83  movement 0.96/1.26  grid 0.46/0.57  separate 0.52/1.06  history 0.02/0.13  shots 0.07/0.26  serialize 0.31/0.53  assembly 3.13/3.78  transport 1.91/2.33  egress 3.95/4.53
[   10s] clients 10000 | level 0 (0-0 in window: 30 Hz, dilation 1.0), pace 1.00, 0.0% clients bandwidth-degraded | tick p50 17.36 p99 19.48 max 19.57 ms, 0 overruns | out 525.6k pps 323 kbps/client, 3225 Mbps | in 300.0k pps 15 kbps/client, 58.7 per recv, receive thread busy 29% | stand-ins: repeated 0.00% frozen 0.00%, 0 late inputs | per client-tick: 1284 B (near 110 B, 100% deltas), near 15.7 mid 42.0 far 58.7, far skipped 0 starved 0 | input wait p50 49.6 p99 66.2 ms | 0 joins deferred | kernel drops rcv 0 snd 0
         p50/p99 ms: ingress 1.27/2.54  events 4.08/5.84  movement 1.01/1.28  grid 0.47/0.61  separate 0.57/0.95  history 0.02/0.05  shots 0.07/0.27  serialize 0.30/0.38  assembly 3.25/4.17  transport 2.02/2.35  egress 4.04/4.67
[   15s] clients 10000 | level 0 (0-0 in window: 30 Hz, dilation 1.0), pace 1.00, 0.0% clients bandwidth-degraded | tick p50 17.45 p99 19.21 max 19.45 ms, 0 overruns | out 525.8k pps 323 kbps/client, 3226 Mbps | in 300.0k pps 15 kbps/client, 58.6 per recv, receive thread busy 30% | stand-ins: repeated 0.00% frozen 0.00%, 0 late inputs | per client-tick: 1284 B (near 110 B, 100% deltas), near 15.7 mid 41.9 far 58.7, far skipped 0 starved 0 | input wait p50 49.6 p99 66.3 ms | 0 joins deferred | kernel drops rcv 0 snd 0
         p50/p99 ms: ingress 1.25/2.41  events 4.07/5.68  movement 1.01/1.34  grid 0.47/0.60  separate 0.56/1.15  history 0.02/0.06  shots 0.07/0.27  serialize 0.31/0.48  assembly 3.26/4.17  transport 2.03/2.44  egress 4.07/4.63
[   20s] clients 10000 | level 0 (0-0 in window: 30 Hz, dilation 1.0), pace 1.00, 0.0% clients bandwidth-degraded | tick p50 17.37 p99 18.63 max 19.01 ms, 0 overruns | out 525.9k pps 323 kbps/client, 3226 Mbps | in 300.0k pps 15 kbps/client, 58.9 per recv, receive thread busy 29% | stand-ins: repeated 0.00% frozen 0.00%, 0 late inputs | per client-tick: 1284 B (near 110 B, 100% deltas), near 15.7 mid 41.9 far 58.7, far skipped 0 starved 0 | input wait p50 49.6 p99 66.2 ms | 0 joins deferred | kernel drops rcv 0 snd 0
         p50/p99 ms: ingress 1.26/2.68  events 4.06/5.07  movement 1.01/1.26  grid 0.47/0.62  separate 0.56/0.98  history 0.02/0.04  shots 0.07/0.28  serialize 0.30/0.45  assembly 3.24/4.09  transport 2.05/2.44  egress 4.03/4.57
[   25s] clients 10000 | level 0 (0-0 in window: 30 Hz, dilation 1.0), pace 1.00, 0.0% clients bandwidth-degraded | tick p50 17.19 p99 19.01 max 19.11 ms, 0 overruns | out 525.8k pps 322 kbps/client, 3225 Mbps | in 300.0k pps 15 kbps/client, 58.7 per recv, receive thread busy 30% | stand-ins: repeated 0.00% frozen 0.00%, 0 late inputs | per client-tick: 1284 B (near 110 B, 100% deltas), near 15.7 mid 41.9 far 58.7, far skipped 0 starved 0 | input wait p50 49.6 p99 66.2 ms | 0 joins deferred | kernel drops rcv 0 snd 0
         p50/p99 ms: ingress 1.26/2.40  events 4.07/5.08  movement 0.99/1.28  grid 0.47/0.63  separate 0.55/1.08  history 0.02/0.06  shots 0.07/0.28  serialize 0.31/0.42  assembly 3.21/3.88  transport 2.02/2.41  egress 4.07/4.87
[   30s] clients 10000 | level 0 (0-0 in window: 30 Hz, dilation 1.0), pace 1.00, 0.0% clients bandwidth-degraded | tick p50 17.40 p99 20.36 max 20.82 ms, 0 overruns | out 525.7k pps 323 kbps/client, 3225 Mbps | in 300.0k pps 15 kbps/client, 58.6 per recv, receive thread busy 30% | stand-ins: repeated 0.00% frozen 0.00%, 0 late inputs | per client-tick: 1284 B (near 110 B, 100% deltas), near 15.7 mid 41.9 far 58.7, far skipped 0 starved 0 | input wait p50 49.6 p99 66.2 ms | 0 joins deferred | kernel drops rcv 0 snd 0
         p50/p99 ms: ingress 1.26/2.47  events 4.07/5.70  movement 1.00/1.33  grid 0.47/0.66  separate 0.55/0.84  history 0.02/0.06  shots 0.07/0.28  serialize 0.31/0.59  assembly 3.23/4.13  transport 2.05/2.51  egress 4.09/4.71
[   35s] clients 10000 | level 0 (0-0 in window: 30 Hz, dilation 1.0), pace 1.00, 0.0% clients bandwidth-degraded | tick p50 17.29 p99 19.31 max 19.54 ms, 0 overruns | out 525.8k pps 323 kbps/client, 3225 Mbps | in 300.0k pps 15 kbps/client, 58.7 per recv, receive thread busy 29% | stand-ins: repeated 0.00% frozen 0.00%, 0 late inputs | per client-tick: 1284 B (near 110 B, 100% deltas), near 15.7 mid 41.9 far 58.7, far skipped 0 starved 0 | input wait p50 49.6 p99 66.2 ms | 0 joins deferred | kernel drops rcv 0 snd 0
         p50/p99 ms: ingress 1.27/2.52  events 4.07/5.16  movement 1.00/1.36  grid 0.47/0.65  separate 0.54/0.79  history 0.02/0.05  shots 0.07/0.27  serialize 0.31/0.39  assembly 3.23/3.76  transport 2.00/2.36  egress 4.11/4.55
[   40s] clients 10000 | level 0 (0-0 in window: 30 Hz, dilation 1.0), pace 1.00, 0.0% clients bandwidth-degraded | tick p50 17.41 p99 19.47 max 19.51 ms, 0 overruns | out 526.0k pps 323 kbps/client, 3227 Mbps | in 300.0k pps 15 kbps/client, 58.9 per recv, receive thread busy 30% | stand-ins: repeated 0.00% frozen 0.00%, 0 late inputs | per client-tick: 1284 B (near 110 B, 100% deltas), near 15.7 mid 41.9 far 58.7, far skipped 0 starved 0 | input wait p50 49.5 p99 66.2 ms | 0 joins deferred | kernel drops rcv 0 snd 0
         p50/p99 ms: ingress 1.27/2.58  events 4.07/5.37  movement 1.01/1.46  grid 0.47/0.57  separate 0.55/0.92  history 0.02/0.05  shots 0.07/0.26  serialize 0.31/0.63  assembly 3.23/3.92  transport 2.01/2.42  egress 4.09/4.66
[   45s] clients 10000 | level 0 (0-0 in window: 30 Hz, dilation 1.0), pace 1.00, 0.0% clients bandwidth-degraded | tick p50 17.40 p99 19.64 max 19.97 ms, 0 overruns | out 525.8k pps 323 kbps/client, 3225 Mbps | in 300.0k pps 15 kbps/client, 58.6 per recv, receive thread busy 29% | stand-ins: repeated 0.00% frozen 0.00%, 0 late inputs | per client-tick: 1284 B (near 110 B, 100% deltas), near 15.7 mid 41.9 far 58.7, far skipped 0 starved 0 | input wait p50 49.6 p99 66.2 ms | 0 joins deferred | kernel drops rcv 0 snd 0
         p50/p99 ms: ingress 1.25/2.54  events 4.10/5.51  movement 1.02/1.35  grid 0.47/0.60  separate 0.55/1.03  history 0.02/0.06  shots 0.07/0.27  serialize 0.31/0.61  assembly 3.23/4.36  transport 2.03/2.40  egress 4.05/4.80
[   50s] clients 10000 | level 0 (0-0 in window: 30 Hz, dilation 1.0), pace 1.00, 0.0% clients bandwidth-degraded | tick p50 17.35 p99 18.72 max 19.04 ms, 0 overruns | out 525.7k pps 322 kbps/client, 3225 Mbps | in 299.9k pps 15 kbps/client, 58.8 per recv, receive thread busy 30% | stand-ins: repeated 0.00% frozen 0.00%, 0 late inputs | per client-tick: 1284 B (near 110 B, 100% deltas), near 15.7 mid 41.9 far 58.7, far skipped 0 starved 0 | input wait p50 49.6 p99 66.3 ms | 0 joins deferred | kernel drops rcv 0 snd 0
         p50/p99 ms: ingress 1.25/2.57  events 4.09/5.32  movement 1.01/1.26  grid 0.47/0.57  separate 0.56/1.02  history 0.02/0.04  shots 0.07/0.26  serialize 0.30/0.52  assembly 3.24/4.17  transport 2.01/2.36  egress 4.05/4.62
[   55s] clients 10000 | level 0 (0-0 in window: 30 Hz, dilation 1.0), pace 1.00, 0.0% clients bandwidth-degraded | tick p50 17.32 p99 19.16 max 19.73 ms, 0 overruns | out 525.9k pps 323 kbps/client, 3226 Mbps | in 300.0k pps 15 kbps/client, 59.0 per recv, receive thread busy 29% | stand-ins: repeated 0.00% frozen 0.00%, 0 late inputs | per client-tick: 1284 B (near 110 B, 100% deltas), near 15.7 mid 41.9 far 58.7, far skipped 0 starved 0 | input wait p50 49.6 p99 66.3 ms | 0 joins deferred | kernel drops rcv 0 snd 0
         p50/p99 ms: ingress 1.25/2.51  events 4.08/5.44  movement 1.00/1.20  grid 0.47/0.58  separate 0.56/1.15  history 0.02/0.05  shots 0.07/0.28  serialize 0.31/0.58  assembly 3.24/4.13  transport 2.03/2.42  egress 4.04/4.59
[   60s] clients 10000 | level 0 (0-0 in window: 30 Hz, dilation 1.0), pace 1.00, 0.0% clients bandwidth-degraded | tick p50 17.42 p99 19.28 max 19.55 ms, 0 overruns | out 525.9k pps 323 kbps/client, 3225 Mbps | in 300.0k pps 15 kbps/client, 58.7 per recv, receive thread busy 30% | stand-ins: repeated 0.00% frozen 0.00%, 0 late inputs | per client-tick: 1284 B (near 110 B, 100% deltas), near 15.6 mid 41.9 far 58.7, far skipped 0 starved 0 | input wait p50 49.6 p99 66.3 ms | 0 joins deferred | kernel drops rcv 0 snd 0
         p50/p99 ms: ingress 1.25/2.41  events 4.08/5.40  movement 1.00/1.36  grid 0.47/0.59  separate 0.56/0.93  history 0.02/0.06  shots 0.07/0.28  serialize 0.30/0.44  assembly 3.23/4.33  transport 2.03/2.38  egress 4.05/5.11
[   65s] clients 914 | level 0 (0-0 in window: 30 Hz, dilation 1.0), pace 1.00, 0.0% clients bandwidth-degraded | tick p50 2.94 p99 18.87 max 32.37 ms, 0 overruns | out 51.0k pps 148 kbps/client, 199 Mbps | in 19.1k pps 6 kbps/client, 59.4 per recv, receive thread busy 2% | stand-ins: repeated 0.90% frozen 63.27%, 0 late inputs | per client-tick: 571 B (near 55 B, 88% deltas), near 6.4 mid 17.0 far 24.2, far skipped 0 starved 0 | input wait p50 49.7 p99 66.2 ms | 0 joins deferred | kernel drops rcv 0 snd 0
         p50/p99 ms: ingress 0.50/1.80  events 0.00/4.20  movement 0.27/1.07  grid 0.29/0.48  separate 0.44/0.78  history 0.03/0.06  shots 0.10/0.32  serialize 0.30/0.57  assembly 0.29/3.32  transport 0.15/2.22  egress 0.47/4.25
[   66s] clients 0 | level 0 (0-0 in window: 30 Hz, dilation 1.0), pace 1.00, 0.0% clients bandwidth-degraded | tick p50 2.73 p99 4.96 max 4.96 ms, 0 overruns | out 21.0k pps 54 kbps/client, 38 Mbps | in 0.0k pps 0 kbps/client, 0.0 per recv, receive thread busy 0% | stand-ins: repeated 0.00% frozen 100.00%, 0 late inputs | per client-tick: 191 B (near 26 B, 0% deltas), near 1.4 mid 3.6 far 5.8, far skipped 0 starved 0 | input wait p50 0.0 p99 0.0 ms | 0 joins deferred | kernel drops rcv 0 snd 0
         p50/p99 ms: ingress 0.51/1.13  events 0.00/1.83  movement 0.24/0.43  grid 0.29/0.33  separate 0.42/0.47  history 0.03/0.04  shots 0.09/0.10  serialize 0.25/0.31  assembly 0.23/0.38  transport 0.15/0.16  egress 0.44/0.50

== summary: 1709 steady-state ticks (after warmup, before clients drain), peak 10000 clients ==
  phase        p50 ms   p99 ms   max ms
  ingress        1.26     2.51     3.00
  events         4.08     5.40     6.06
  movement       1.01     1.33     1.82
  grid           0.47     0.60     0.75
  separate       0.55     1.03     1.33
  history        0.02     0.05     0.24
  shots          0.07     0.28     0.55
  serialize      0.31     0.56     0.68
  assembly       3.23     4.14     5.14
  transport      2.03     2.40     2.63
  egress         4.06     4.68     5.77
  tick          17.36    19.34    20.82
  overruns 0 | spawns 10000 despawns 10000 (53371 joins deferred) | deaths 0 respawns 0 | stand-ins: repeated 3549 frozen 133443 | late inputs 1707 discarded 0 | bad messages 0 | recv errors 0 send errors 0
  egress (whole run): 31260440 datagrams in 31260440 sends (1.00 per send), 207008 syscalls
  ingress (whole run): 17883668 datagrams in 304565 receive calls (58.72 per call)
  ticks per ladder level (whole run): L0: 1967
  input wait on the server (datagram arrival -> applied): p50 49.6 p99 66.2 max 120.9 mean 49.8 ms
  steady state: stand-ins repeated 0 frozen 0 | late inputs 0 discarded 0
  rewind of near targets (applied step - the input's render step for that tier): p50 133 p99 167 max 232 mean 146.6 ms (n=17674024)
  rewind of mid/far targets (applied step - the input's render step for that tier): p50 267 p99 300 max 341 mean 279.8 ms (n=17674024)
  render times ahead of the server (bogus) 0
  shots 0 (late 0, refused 0, rewinds capped 0) | hits head 0 body 0 (after cover 0, too late 0), kills 0 | ground 0 cover 0 expired 0 | segments 0 candidates 0
