5000 bots -> 172.16.8.2:40500 on 24 threads, ramp 0/s, 60s, 5000 full + 0 sink bots
[    5s] bots 5000/5000 connected, 5000 welcomed, 0 failed | 25.4 snaps/s/bot, entities/snap near 36.2 mid 25.3 far 21.1 | corrections 0.000/s/bot | down 165 up 10 kbps/bot | rtt 8.3 ms loss 0.00% | input->applied ~ p50 55 p99 71 ms, round trip p50 67 p99 100 ms | joins 5000 (p50 407 p99 919 ms) | server pace 1.00 level 0, 0 bots bandwidth-degraded | swarm busy 7%, overruns 0
[   10s] bots 5000/5000 connected, 5000 welcomed, 0 failed | 31.2 snaps/s/bot, entities/snap near 34.7 mid 25.1 far 22.1 | corrections 0.000/s/bot | down 200 up 12 kbps/bot | rtt 8.2 ms loss 0.00% | input->applied ~ p50 54 p99 70 ms, round trip p50 67 p99 100 ms | joins 0 (p50 0 p99 0 ms) | server pace 1.00 level 0, 0 bots bandwidth-degraded | swarm busy 7%, overruns 0
[   15s] bots 5000/5000 connected, 5000 welcomed, 0 failed | 29.2 snaps/s/bot, entities/snap near 34.6 mid 25.0 far 22.1 | corrections 0.000/s/bot | down 187 up 12 kbps/bot | rtt 8.4 ms loss 0.00% | input->applied ~ p50 54 p99 70 ms, round trip p50 67 p99 100 ms | joins 0 (p50 0 p99 0 ms) | server pace 1.00 level 0, 0 bots bandwidth-degraded | swarm busy 7%, overruns 0
[   20s] bots 5000/5000 connected, 5000 welcomed, 0 failed | 30.0 snaps/s/bot, entities/snap near 34.7 mid 25.0 far 22.1 | corrections 0.000/s/bot | down 192 up 12 kbps/bot | rtt 8.2 ms loss 0.00% | input->applied ~ p50 54 p99 70 ms, round trip p50 67 p99 100 ms | joins 0 (p50 0 p99 0 ms) | server pace 1.00 level 0, 0 bots bandwidth-degraded | swarm busy 7%, overruns 0
[   25s] bots 5000/5000 connected, 5000 welcomed, 0 failed | 30.6 snaps/s/bot, entities/snap near 34.9 mid 25.2 far 22.1 | corrections 0.000/s/bot | down 197 up 12 kbps/bot | rtt 8.3 ms loss 0.00% | input->applied ~ p50 54 p99 70 ms, round trip p50 67 p99 100 ms | joins 0 (p50 0 p99 0 ms) | server pace 1.00 level 0, 0 bots bandwidth-degraded | swarm busy 7%, overruns 0
[   30s] bots 5000/5000 connected, 5000 welcomed, 0 failed | 29.4 snaps/s/bot, entities/snap near 34.1 mid 24.8 far 22.1 | corrections 0.000/s/bot | down 187 up 12 kbps/bot | rtt 8.3 ms loss 0.00% | input->applied ~ p50 54 p99 70 ms, round trip p50 67 p99 100 ms | joins 0 (p50 0 p99 0 ms) | server pace 1.00 level 0, 0 bots bandwidth-degraded | swarm busy 7%, overruns 0
[   35s] bots 5000/5000 connected, 5000 welcomed, 0 failed | 30.2 snaps/s/bot, entities/snap near 35.1 mid 25.2 far 22.0 | corrections 0.000/s/bot | down 194 up 12 kbps/bot | rtt 8.2 ms loss 0.00% | input->applied ~ p50 54 p99 70 ms, round trip p50 67 p99 100 ms | joins 0 (p50 0 p99 0 ms) | server pace 1.00 level 0, 0 bots bandwidth-degraded | swarm busy 7%, overruns 0
[   40s] bots 5000/5000 connected, 5000 welcomed, 0 failed | 29.7 snaps/s/bot, entities/snap near 34.4 mid 24.9 far 22.1 | corrections 0.000/s/bot | down 190 up 12 kbps/bot | rtt 8.3 ms loss 0.00% | input->applied ~ p50 54 p99 70 ms, round trip p50 67 p99 100 ms | joins 0 (p50 0 p99 0 ms) | server pace 1.00 level 0, 0 bots bandwidth-degraded | swarm busy 7%, overruns 0
[   45s] bots 5000/5000 connected, 5000 welcomed, 0 failed | 30.3 snaps/s/bot, entities/snap near 34.7 mid 25.0 far 22.1 | corrections 0.000/s/bot | down 194 up 12 kbps/bot | rtt 8.3 ms loss 0.00% | input->applied ~ p50 54 p99 70 ms, round trip p50 67 p99 100 ms | joins 0 (p50 0 p99 0 ms) | server pace 1.00 level 0, 0 bots bandwidth-degraded | swarm busy 7%, overruns 0
[   50s] bots 5000/5000 connected, 5000 welcomed, 0 failed | 30.5 snaps/s/bot, entities/snap near 35.0 mid 25.1 far 22.0 | corrections 0.000/s/bot | down 196 up 12 kbps/bot | rtt 8.2 ms loss 0.00% | input->applied ~ p50 54 p99 70 ms, round trip p50 67 p99 100 ms | joins 0 (p50 0 p99 0 ms) | server pace 1.00 level 0, 0 bots bandwidth-degraded | swarm busy 7%, overruns 0
[   55s] bots 5000/5000 connected, 5000 welcomed, 0 failed | 29.5 snaps/s/bot, entities/snap near 34.0 mid 24.7 far 22.1 | corrections 0.000/s/bot | down 187 up 12 kbps/bot | rtt 8.2 ms loss 0.00% | input->applied ~ p50 54 p99 70 ms, round trip p50 67 p99 100 ms | joins 0 (p50 0 p99 0 ms) | server pace 1.00 level 0, 0 bots bandwidth-degraded | swarm busy 7%, overruns 0
[   60s] bots 5000/5000 connected, 5000 welcomed, 0 failed | 30.0 snaps/s/bot, entities/snap near 35.0 mid 25.2 far 22.0 | corrections 0.000/s/bot | down 193 up 12 kbps/bot | rtt 8.1 ms loss 0.00% | input->applied ~ p50 54 p99 70 ms, round trip p50 67 p99 100 ms | joins 0 (p50 0 p99 0 ms) | server pace 1.00 level 0, 0 bots bandwidth-degraded | swarm busy 7%, overruns 0

== bots summary ==
  started 5000 welcomed 5000 failed 0
  join latency ms: p50 407 p99 919 max 1086 (n=5000)
  corrections 0 (0.00/bot-minute), mean error 0.000 m, max 0.000 m
  snapshots 8934276 (entities per snapshot: near 34.8 mid 25.0 far 22.0), stale 0, unmatched acks 0, resyncs 0
  input -> applied on server (est. RTT/2 + server wait): p50 54.0 p99 70.0 max 74.0 mean 54.0 ms (n=8932862)
    of which server wait (arrival -> applied): p50 50.0 p99 65.8 max 69.4 mean 49.8 ms (n=8932862)
  input -> seen acked (round trip): p50 67.0 p99 100.0 max 100.0 mean 73.9 ms (n=8932862)
  near entity update interval (tracked bots): p50 66.0 p99 66.0 max 166.0 mean 50.7 ms (n=13932546)
  mid entity update interval (tracked bots): p50 100.0 p99 100.0 max 59800.0 mean 141.1 ms (n=10273963)
  far entity update interval (tracked bots): p50 500.0 p99 500.0 max 58000.0 mean 520.8 ms (n=9584265)
  input clock: 5117 extra inputs, 263 skipped ticks, 0 backlog skips | near decode errors (tracked bots) 0
  bytes down 7162.8 MB up 446.9 MB | swarm busy 7% of its threads' time, tick overruns 0
