spawn=hotspots
egress=sendmmsg
ladder=on
threads=128
shards=64
peak_clients=5000
steady_ticks=1709
steady_secs=56.9
ingress_p50_ms=1.05
ingress_p99_ms=1.39
ingress_max_ms=1.47
events_p50_ms=1.45
events_p99_ms=1.83
events_max_ms=2.06
movement_p50_ms=0.24
movement_p99_ms=0.31
movement_max_ms=0.39
grid_p50_ms=0.28
grid_p99_ms=0.37
grid_max_ms=0.39
history_p50_ms=0.00
history_p99_ms=0.01
history_max_ms=0.02
serialize_p50_ms=0.13
serialize_p99_ms=0.17
serialize_max_ms=0.20
assembly_p50_ms=1.89
assembly_p99_ms=2.74
assembly_max_ms=2.87
transport_p50_ms=0.99
transport_p99_ms=1.27
transport_max_ms=1.40
egress_p50_ms=1.69
egress_p99_ms=2.23
egress_max_ms=2.33
tick_p50_ms=7.81
tick_p99_ms=9.05
tick_max_ms=9.76
steady_overruns=0
level_mode=0
tick_hz=30
dilation=1
levels=L0:1709
clients_avg=5000
out_pps=176207
in_pps=150256
egress_mbps=961.8
packets_per_client_tick=1.17
wire_bytes_per_client_tick=801
down_kbps_per_client=192.4
up_kbps_per_client=12.0
kernel_rcvbuf_drops=0
kernel_sndbuf_drops=0
snapshot_bytes_per_client_tick=759
near_bytes_per_client_tick=194
near_per_client_tick=34.6
mid_per_client_tick=25.0
far_per_client_tick=22.1
far_skipped=0
far_starved=0
repeated=0
frozen=0
late_inputs=0
discarded_inputs=0
input_wait_p50_ms=50.0
input_wait_p99_ms=65.8
spawns=5000
despawns=5000
joins_deferred=13741
bad_messages=0
recv_errors=0
send_errors=0
datagrams=10518081
sends=10518081
send_syscalls=115264
