preallocated connections for 10000 clients in 219.155589ms
listening on 172.16.8.2:40500 | spawn Hotspots | tiers near 64@150 m, mid 500 m, far 1500 m, budget 6250 B/tick, squads of 4 | 128 rayon threads, 64 shards, 256 accepts/tick, egress SendMmsg | socket buffers rcv 32768 KiB snd 32768 KiB
[    5s] clients 5000 | level 0 (0-0 in window: 30 Hz, dilation 1.0), pace 1.00, 0.0% clients bandwidth-degraded | tick p50 7.86 p99 10.57 max 11.47 ms, 0 overruns | out 145.5k pps 194 kbps/client, 781 Mbps | in 125.2k pps 14 kbps/client | stand-ins: repeated 0.00% frozen 0.00%, 0 late inputs | per client-tick: 760 B (near 207 B, 98% deltas), near 35.9 mid 25.1 far 20.9, far skipped 0 starved 0 | input wait p50 50.4 p99 66.5 ms | 13741 joins deferred | kernel drops rcv 0 snd 0
         p50/p99 ms: ingress 1.04/3.09  events 1.43/2.88  movement 0.23/0.30  grid 0.27/0.38  history 0.00/0.03  serialize 0.14/0.23  assembly 1.88/4.23  transport 0.96/1.29  egress 1.63/2.24
[   10s] clients 5000 | level 0 (0-0 in window: 30 Hz, dilation 1.0), pace 1.00, 0.0% clients bandwidth-degraded | tick p50 7.76 p99 8.93 max 9.16 ms, 0 overruns | out 176.1k pps 192 kbps/client, 962 Mbps | in 150.0k pps 12 kbps/client | stand-ins: repeated 0.00% frozen 0.00%, 0 late inputs | per client-tick: 760 B (near 194 B, 100% deltas), near 34.6 mid 25.0 far 22.1, far skipped 0 starved 0 | input wait p50 49.9 p99 65.8 ms | 0 joins deferred | kernel drops rcv 0 snd 0
         p50/p99 ms: ingress 1.05/1.39  events 1.46/1.80  movement 0.24/0.32  grid 0.27/0.37  history 0.00/0.01  serialize 0.13/0.18  assembly 1.88/2.71  transport 0.98/1.31  egress 1.69/2.19
[   15s] clients 5000 | level 0 (0-0 in window: 30 Hz, dilation 1.0), pace 1.00, 0.0% clients bandwidth-degraded | tick p50 7.81 p99 9.13 max 9.23 ms, 0 overruns | out 176.1k pps 192 kbps/client, 962 Mbps | in 150.0k pps 12 kbps/client | stand-ins: repeated 0.00% frozen 0.00%, 0 late inputs | per client-tick: 760 B (near 194 B, 100% deltas), near 34.7 mid 25.0 far 22.1, far skipped 0 starved 0 | input wait p50 49.9 p99 65.8 ms | 0 joins deferred | kernel drops rcv 0 snd 0
         p50/p99 ms: ingress 1.05/1.40  events 1.46/1.76  movement 0.24/0.32  grid 0.28/0.37  history 0.00/0.01  serialize 0.13/0.17  assembly 1.88/2.78  transport 0.97/1.37  egress 1.70/2.22
[   20s] clients 5000 | level 0 (0-0 in window: 30 Hz, dilation 1.0), pace 1.00, 0.0% clients bandwidth-degraded | tick p50 7.87 p99 9.63 max 9.67 ms, 0 overruns | out 176.2k pps 192 kbps/client, 962 Mbps | in 150.0k pps 12 kbps/client | stand-ins: repeated 0.00% frozen 0.00%, 0 late inputs | per client-tick: 759 B (near 194 B, 100% deltas), near 34.6 mid 25.0 far 22.1, far skipped 0 starved 0 | input wait p50 49.9 p99 65.8 ms | 0 joins deferred | kernel drops rcv 0 snd 0
         p50/p99 ms: ingress 1.08/1.39  events 1.46/1.88  movement 0.24/0.31  grid 0.28/0.36  history 0.00/0.01  serialize 0.13/0.17  assembly 1.89/2.83  transport 0.98/1.26  egress 1.75/2.33
[   25s] clients 5000 | level 0 (0-0 in window: 30 Hz, dilation 1.0), pace 1.00, 0.0% clients bandwidth-degraded | tick p50 7.90 p99 8.63 max 9.34 ms, 0 overruns | out 176.1k pps 192 kbps/client, 961 Mbps | in 150.0k pps 12 kbps/client | stand-ins: repeated 0.00% frozen 0.00%, 0 late inputs | per client-tick: 759 B (near 194 B, 100% deltas), near 34.6 mid 25.0 far 22.1, far skipped 0 starved 0 | input wait p50 49.9 p99 65.8 ms | 0 joins deferred | kernel drops rcv 0 snd 0
         p50/p99 ms: ingress 1.05/1.41  events 1.45/1.86  movement 0.24/0.30  grid 0.28/0.38  history 0.00/0.01  serialize 0.13/0.19  assembly 1.89/2.71  transport 1.00/1.23  egress 1.70/2.26
[   30s] clients 5000 | level 0 (0-0 in window: 30 Hz, dilation 1.0), pace 1.00, 0.0% clients bandwidth-degraded | tick p50 7.83 p99 8.91 max 9.07 ms, 0 overruns | out 176.1k pps 192 kbps/client, 962 Mbps | in 150.0k pps 12 kbps/client | stand-ins: repeated 0.00% frozen 0.00%, 0 late inputs | per client-tick: 759 B (near 194 B, 100% deltas), near 34.7 mid 25.0 far 22.1, far skipped 0 starved 0 | input wait p50 49.9 p99 65.8 ms | 0 joins deferred | kernel drops rcv 0 snd 0
         p50/p99 ms: ingress 1.03/1.35  events 1.46/1.87  movement 0.24/0.30  grid 0.28/0.37  history 0.00/0.01  serialize 0.13/0.17  assembly 1.89/2.79  transport 1.00/1.24  egress 1.70/2.20
[   35s] clients 5000 | level 0 (0-0 in window: 30 Hz, dilation 1.0), pace 1.00, 0.0% clients bandwidth-degraded | tick p50 7.72 p99 8.97 max 9.20 ms, 0 overruns | out 176.1k pps 192 kbps/client, 962 Mbps | in 150.0k pps 12 kbps/client | stand-ins: repeated 0.00% frozen 0.00%, 0 late inputs | per client-tick: 759 B (near 194 B, 100% deltas), near 34.7 mid 25.0 far 22.1, far skipped 0 starved 0 | input wait p50 49.9 p99 65.8 ms | 0 joins deferred | kernel drops rcv 0 snd 0
         p50/p99 ms: ingress 1.05/1.37  events 1.45/1.76  movement 0.24/0.35  grid 0.28/0.36  history 0.00/0.01  serialize 0.13/0.17  assembly 1.88/2.75  transport 0.99/1.18  egress 1.66/2.13
[   40s] clients 5000 | level 0 (0-0 in window: 30 Hz, dilation 1.0), pace 1.00, 0.0% clients bandwidth-degraded | tick p50 7.73 p99 8.96 max 9.17 ms, 0 overruns | out 176.1k pps 192 kbps/client, 962 Mbps | in 150.0k pps 12 kbps/client | stand-ins: repeated 0.00% frozen 0.00%, 0 late inputs | per client-tick: 759 B (near 194 B, 100% deltas), near 34.7 mid 25.0 far 22.1, far skipped 0 starved 0 | input wait p50 49.9 p99 65.8 ms | 0 joins deferred | kernel drops rcv 0 snd 0
         p50/p99 ms: ingress 1.04/1.36  events 1.43/1.75  movement 0.24/0.31  grid 0.28/0.37  history 0.00/0.01  serialize 0.14/0.17  assembly 1.90/2.77  transport 1.00/1.17  egress 1.66/2.29
[   45s] clients 5000 | level 0 (0-0 in window: 30 Hz, dilation 1.0), pace 1.00, 0.0% clients bandwidth-degraded | tick p50 7.81 p99 9.06 max 9.76 ms, 0 overruns | out 176.1k pps 192 kbps/client, 961 Mbps | in 150.0k pps 12 kbps/client | stand-ins: repeated 0.00% frozen 0.00%, 0 late inputs | per client-tick: 759 B (near 194 B, 100% deltas), near 34.7 mid 25.0 far 22.1, far skipped 0 starved 0 | input wait p50 49.9 p99 65.8 ms | 0 joins deferred | kernel drops rcv 0 snd 0
         p50/p99 ms: ingress 1.06/1.40  events 1.45/1.84  movement 0.24/0.32  grid 0.28/0.37  history 0.00/0.01  serialize 0.13/0.17  assembly 1.89/2.66  transport 0.99/1.33  egress 1.71/2.28
[   50s] clients 5000 | level 0 (0-0 in window: 30 Hz, dilation 1.0), pace 1.00, 0.0% clients bandwidth-degraded | tick p50 7.84 p99 8.93 max 9.01 ms, 0 overruns | out 176.2k pps 192 kbps/client, 961 Mbps | in 150.0k pps 12 kbps/client | stand-ins: repeated 0.00% frozen 0.00%, 0 late inputs | per client-tick: 758 B (near 194 B, 100% deltas), near 34.6 mid 25.0 far 22.1, far skipped 0 starved 0 | input wait p50 49.9 p99 65.8 ms | 0 joins deferred | kernel drops rcv 0 snd 0
         p50/p99 ms: ingress 1.03/1.44  events 1.45/1.97  movement 0.24/0.31  grid 0.28/0.36  history 0.00/0.01  serialize 0.14/0.18  assembly 1.90/2.82  transport 1.00/1.29  egress 1.71/2.23
[   55s] clients 5000 | level 0 (0-0 in window: 30 Hz, dilation 1.0), pace 1.00, 0.0% clients bandwidth-degraded | tick p50 7.86 p99 8.95 max 9.13 ms, 0 overruns | out 176.1k pps 192 kbps/client, 960 Mbps | in 150.0k pps 12 kbps/client | stand-ins: repeated 0.00% frozen 0.00%, 0 late inputs | per client-tick: 758 B (near 194 B, 100% deltas), near 34.6 mid 25.0 far 22.1, far skipped 0 starved 0 | input wait p50 49.9 p99 65.8 ms | 0 joins deferred | kernel drops rcv 0 snd 0
         p50/p99 ms: ingress 1.05/1.37  events 1.47/1.85  movement 0.24/0.29  grid 0.27/0.37  history 0.00/0.01  serialize 0.13/0.17  assembly 1.88/2.74  transport 0.99/1.28  egress 1.68/2.21
[   60s] clients 5000 | level 0 (0-0 in window: 30 Hz, dilation 1.0), pace 1.00, 0.0% clients bandwidth-degraded | tick p50 7.80 p99 8.92 max 8.94 ms, 0 overruns | out 176.1k pps 192 kbps/client, 960 Mbps | in 150.0k pps 12 kbps/client | stand-ins: repeated 0.00% frozen 0.00%, 0 late inputs | per client-tick: 758 B (near 194 B, 100% deltas), near 34.6 mid 25.0 far 22.1, far skipped 0 starved 0 | input wait p50 49.9 p99 65.8 ms | 0 joins deferred | kernel drops rcv 0 snd 0
         p50/p99 ms: ingress 1.06/1.39  events 1.45/1.74  movement 0.24/0.29  grid 0.28/0.38  history 0.00/0.01  serialize 0.13/0.17  assembly 1.88/2.67  transport 0.99/1.27  egress 1.69/2.25
[   61s] clients 0 | level 0 (0-0 in window: 30 Hz, dilation 1.0), pace 1.00, 0.0% clients bandwidth-degraded | tick p50 7.51 p99 16.18 max 16.18 ms, 0 overruns | out 152.1k pps 191 kbps/client, 827 Mbps | in 163.2k pps 13 kbps/client | stand-ins: repeated 0.00% frozen 0.00%, 0 late inputs | per client-tick: 758 B (near 202 B, 98% deltas), near 35.3 mid 25.1 far 21.2, far skipped 0 starved 0 | input wait p50 50.4 p99 65.8 ms | 0 joins deferred | kernel drops rcv 0 snd 0
         p50/p99 ms: ingress 1.03/3.70  events 1.45/8.31  movement 0.23/0.30  grid 0.25/0.35  history 0.00/0.01  serialize 0.13/0.16  assembly 1.85/2.03  transport 0.91/1.07  egress 1.55/1.97

== summary: 1709 steady-state ticks (after warmup, before clients drain), peak 5000 clients ==
  phase        p50 ms   p99 ms   max ms
  ingress        1.05     1.39     1.47
  events         1.45     1.83     2.06
  movement       0.24     0.31     0.39
  grid           0.28     0.37     0.39
  history        0.00     0.01     0.02
  serialize      0.13     0.17     0.20
  assembly       1.89     2.74     2.87
  transport      0.99     1.27     1.40
  egress         1.69     2.23     2.33
  tick           7.81     9.05     9.76
  overruns 0 | spawns 5000 despawns 5000 (13741 joins deferred) | stand-ins: repeated 0 frozen 0 | late inputs 0 discarded 0 | bad messages 0 | recv errors 0 send errors 0
  egress (whole run): 10518081 datagrams in 10518081 sends (1.00 per send), 115264 syscalls
  ticks per ladder level (whole run): L0: 1820
  input wait on the server (datagram arrival -> applied): p50 50.0 p99 65.8 max 69.4 mean 49.8 ms
  steady state: stand-ins repeated 0 frozen 0 | late inputs 0 discarded 0
