spawn=uniform
egress=sendmmsg
ladder=on
threads=128
shards=64
peak_clients=1000
steady_ticks=1709
steady_secs=56.9
ingress_p50_ms=0.65
ingress_p99_ms=0.81
ingress_max_ms=0.99
events_p50_ms=0.37
events_p99_ms=0.46
events_max_ms=0.48
movement_p50_ms=0.13
movement_p99_ms=0.17
movement_max_ms=0.21
grid_p50_ms=0.15
grid_p99_ms=0.21
grid_max_ms=0.25
history_p50_ms=0.00
history_p99_ms=0.00
history_max_ms=0.00
serialize_p50_ms=0.06
serialize_p99_ms=0.09
serialize_max_ms=0.11
assembly_p50_ms=0.66
assembly_p99_ms=0.88
assembly_max_ms=0.98
transport_p50_ms=0.27
transport_p99_ms=0.47
transport_max_ms=0.59
egress_p50_ms=0.55
egress_p99_ms=0.67
egress_max_ms=0.83
tick_p50_ms=2.86
tick_p99_ms=3.25
tick_max_ms=3.57
steady_overruns=0
level_mode=0
tick_hz=30
dilation=1
levels=L0:1709
clients_avg=1000
out_pps=30016
in_pps=30039
egress_mbps=54.2
packets_per_client_tick=1.00
wire_bytes_per_client_tick=226
down_kbps_per_client=54.2
up_kbps_per_client=12.0
kernel_rcvbuf_drops=0
kernel_sndbuf_drops=0
snapshot_bytes_per_client_tick=191
near_bytes_per_client_tick=29
near_per_client_tick=4.3
mid_per_client_tick=4.2
far_per_client_tick=6.3
far_skipped=0
far_starved=0
repeated=0
frozen=0
late_inputs=0
discarded_inputs=0
input_wait_p50_ms=49.9
input_wait_p99_ms=66.5
spawns=1000
despawns=1000
joins_deferred=456
bad_messages=0
recv_errors=0
send_errors=0
datagrams=1799347
sends=1799347
send_syscalls=115264
