warning: use of deprecated method `std::sync::atomic::Atomic::<usize>::fetch_update`: renamed to `try_update` for consistency
   --> src/server.rs:140:14
    |
140 |             .fetch_update(Ordering::AcqRel, Ordering::Acquire, |n| (n < self.max_clients).then_some(n + 1))
    |              ^^^^^^^^^^^^
    |
    = note: `#[warn(deprecated)]` on by default
help: replace the use of the deprecated method
    |
140 -             .fetch_update(Ordering::AcqRel, Ordering::Acquire, |n| (n < self.max_clients).then_some(n + 1))
140 +             .try_update(Ordering::AcqRel, Ordering::Acquire, |n| (n < self.max_clients).then_some(n + 1))
    |

== joins, 5000 bots, 60s -> baselines/2026-10-04-scaleway-128t/joins-5k-2
== summary: 1709 steady-state ticks (after warmup, before clients drain), peak 5500 clients ==
  phase        p50 ms   p99 ms   max ms
  ingress        1.08     1.42     1.54
  events         1.56     2.04     2.31
  movement       0.25     0.31     0.35
  grid           0.29     0.35     0.41
  history        0.00     0.01     0.02
  serialize      0.13     0.17     0.26
  assembly       1.45     2.06     2.22
  transport      0.93     1.24     1.50
  egress         1.48     2.04     2.27
  tick           7.26     8.34     9.38
  overruns 0 | spawns 5500 despawns 5500 (12932 joins deferred) | stand-ins: repeated 0 frozen 0 | late inputs 0 discarded 0 | bad messages 0 | recv errors 0 send errors 0
  egress (whole run): 9561043 datagrams in 9561043 sends (1.00 per send), 115264 syscalls
  ticks per ladder level (whole run): L0: 1820
  input wait on the server (datagram arrival -> applied): p50 50.0 p99 66.2 max 68.9 mean 50.0 ms
  steady state: stand-ins repeated 0 frozen 0 | late inputs 0 discarded 0
== bots summary ==
  started 5000 welcomed 5000 failed 0
  join latency ms: p50 388 p99 850 max 1050 (n=5000)
  corrections 0 (0.00/bot-minute), mean error 0.000 m, max 0.000 m
  snapshots 8937992 (entities per snapshot: near 9.8 mid 22.3 far 34.8), stale 0, unmatched acks 0, resyncs 0
  input -> applied on server (est. RTT/2 + server wait): p50 54.0 p99 70.0 max 73.0 mean 53.9 ms (n=8936939)
    of which server wait (arrival -> applied): p50 50.0 p99 66.3 max 68.9 mean 50.0 ms (n=8936939)
  input -> seen acked (round trip): p50 67.0 p99 100.0 max 100.0 mean 73.7 ms (n=8936939)
  near entity update interval (tracked bots): p50 33.0 p99 33.0 max 100.0 mean 33.0 ms (n=4383117)
  mid entity update interval (tracked bots): p50 100.0 p99 100.0 max 500.0 mean 100.2 ms (n=10159483)
  far entity update interval (tracked bots): p50 500.0 p99 500.0 max 57000.0 mean 509.1 ms (n=15288998)
  input clock: 5145 extra inputs, 267 skipped ticks, 0 backlog skips | near decode errors (tracked bots) 0
  bytes down 6898.2 MB up 447.1 MB | swarm busy 7% of its threads' time, tick overruns 0
== bots summary ==
  started 500 welcomed 500 failed 0
  join latency ms: p50 87 p99 163 max 164 (n=500)
  corrections 0 (0.00/bot-minute), mean error 0.000 m, max 0.000 m
  snapshots 598452 (entities per snapshot: near 10.1 mid 23.1 far 35.4), stale 0, unmatched acks 0, resyncs 0
  input -> applied on server (est. RTT/2 + server wait): p50 54.0 p99 69.0 max 70.0 mean 53.1 ms (n=598362)
    of which server wait (arrival -> applied): p50 50.1 p99 65.6 max 65.8 mean 49.6 ms (n=598362)
  input -> seen acked (round trip): p50 67.0 p99 100.0 max 100.0 mean 73.4 ms (n=598362)
  near entity update interval (tracked bots): p50 33.0 p99 33.0 max 100.0 mean 33.0 ms (n=294244)
  mid entity update interval (tracked bots): p50 100.0 p99 100.0 max 500.0 mean 100.2 ms (n=694226)
  far entity update interval (tracked bots): p50 500.0 p99 500.0 max 43000.0 mean 507.4 ms (n=1028902)
  input clock: 500 extra inputs, 0 skipped ticks, 0 backlog skips | near decode errors (tracked bots) 0
  bytes down 472.4 MB up 29.9 MB | swarm busy 1% of its threads' time, tick overruns 0
