preallocated connections for 10000 clients in 218.031061ms
listening on 172.16.8.2:40500 | spawn Uniform | tiers near 64@150 m, mid 500 m, far 1500 m, budget 6250 B/tick, squads of 4 | 128 rayon threads, 64 shards, 256 accepts/tick, egress SendMmsg | socket buffers rcv 32768 KiB snd 32768 KiB
[    5s] clients 5000 | level 0 (0-0 in window: 30 Hz, dilation 1.0), pace 1.00, 0.0% clients bandwidth-degraded | tick p50 6.93 p99 9.07 max 9.72 ms, 0 overruns | out 124.2k pps 172 kbps/client, 699 Mbps | in 125.8k pps 14 kbps/client | stand-ins: repeated 0.00% frozen 0.00%, 0 late inputs | per client-tick: 677 B (near 58 B, 99% deltas), near 9.2 mid 20.3 far 31.8, far skipped 0 starved 0 | input wait p50 50.3 p99 66.4 ms | 12932 joins deferred | kernel drops rcv 0 snd 0
         p50/p99 ms: ingress 1.04/2.91  events 1.49/2.76  movement 0.23/0.31  grid 0.26/0.34  history 0.00/0.03  serialize 0.14/0.23  assembly 1.33/1.84  transport 0.83/1.11  egress 1.37/1.88
[   10s] clients 5000 | level 0 (0-0 in window: 30 Hz, dilation 1.0), pace 1.00, 0.0% clients bandwidth-degraded | tick p50 6.96 p99 7.81 max 7.83 ms, 0 overruns | out 150.0k pps 176 kbps/client, 878 Mbps | in 150.0k pps 12 kbps/client | stand-ins: repeated 0.00% frozen 0.00%, 0 late inputs | per client-tick: 694 B (near 58 B, 100% deltas), near 9.4 mid 20.9 far 32.7, far skipped 0 starved 0 | input wait p50 49.9 p99 66.1 ms | 0 joins deferred | kernel drops rcv 0 snd 0
         p50/p99 ms: ingress 1.03/1.38  events 1.43/1.87  movement 0.24/0.33  grid 0.27/0.35  history 0.00/0.01  serialize 0.13/0.17  assembly 1.34/1.90  transport 0.87/1.23  egress 1.47/1.90
[   15s] clients 5000 | level 0 (0-0 in window: 30 Hz, dilation 1.0), pace 1.00, 0.0% clients bandwidth-degraded | tick p50 6.97 p99 8.30 max 8.40 ms, 0 overruns | out 150.0k pps 175 kbps/client, 877 Mbps | in 150.0k pps 12 kbps/client | stand-ins: repeated 0.00% frozen 0.00%, 0 late inputs | per client-tick: 694 B (near 58 B, 100% deltas), near 9.4 mid 20.9 far 32.7, far skipped 0 starved 0 | input wait p50 49.9 p99 66.1 ms | 0 joins deferred | kernel drops rcv 0 snd 0
         p50/p99 ms: ingress 1.03/1.36  events 1.48/1.74  movement 0.24/0.31  grid 0.28/0.34  history 0.00/0.01  serialize 0.13/0.16  assembly 1.35/1.88  transport 0.87/1.24  egress 1.44/2.01
[   20s] clients 5221 | level 0 (0-0 in window: 30 Hz, dilation 1.0), pace 1.00, 0.0% clients bandwidth-degraded | tick p50 7.10 p99 8.25 max 8.32 ms, 0 overruns | out 153.1k pps 179 kbps/client, 911 Mbps | in 153.0k pps 12 kbps/client | stand-ins: repeated 0.00% frozen 0.00%, 0 late inputs | per client-tick: 707 B (near 59 B, 100% deltas), near 9.5 mid 21.4 far 33.4, far skipped 0 starved 0 | input wait p50 49.9 p99 66.2 ms | 0 joins deferred | kernel drops rcv 0 snd 0
         p50/p99 ms: ingress 1.07/1.37  events 1.50/1.87  movement 0.24/0.31  grid 0.28/0.34  history 0.00/0.02  serialize 0.14/0.23  assembly 1.38/1.91  transport 0.90/1.17  egress 1.46/2.04
[   25s] clients 5473 | level 0 (0-0 in window: 30 Hz, dilation 1.0), pace 1.00, 0.0% clients bandwidth-degraded | tick p50 7.23 p99 8.34 max 8.83 ms, 0 overruns | out 160.6k pps 186 kbps/client, 996 Mbps | in 160.5k pps 12 kbps/client | stand-ins: repeated 0.00% frozen 0.00%, 0 late inputs | per client-tick: 739 B (near 61 B, 100% deltas), near 9.8 mid 22.4 far 35.1, far skipped 0 starved 0 | input wait p50 49.9 p99 66.1 ms | 0 joins deferred | kernel drops rcv 0 snd 0
         p50/p99 ms: ingress 1.08/1.42  events 1.56/1.90  movement 0.25/0.30  grid 0.28/0.36  history 0.00/0.01  serialize 0.14/0.18  assembly 1.43/2.03  transport 0.93/1.24  egress 1.48/2.02
[   30s] clients 5500 | level 0 (0-0 in window: 30 Hz, dilation 1.0), pace 1.00, 0.0% clients bandwidth-degraded | tick p50 7.33 p99 8.10 max 8.20 ms, 0 overruns | out 165.0k pps 190 kbps/client, 1046 Mbps | in 164.9k pps 12 kbps/client | stand-ins: repeated 0.00% frozen 0.00%, 0 late inputs | per client-tick: 756 B (near 62 B, 100% deltas), near 10.0 mid 23.0 far 35.9, far skipped 0 starved 0 | input wait p50 49.9 p99 66.1 ms | 0 joins deferred | kernel drops rcv 0 snd 0
         p50/p99 ms: ingress 1.10/1.45  events 1.57/2.15  movement 0.25/0.30  grid 0.30/0.35  history 0.00/0.01  serialize 0.13/0.17  assembly 1.47/1.93  transport 0.95/1.23  egress 1.46/2.04
[   35s] clients 5500 | level 0 (0-0 in window: 30 Hz, dilation 1.0), pace 1.00, 0.0% clients bandwidth-degraded | tick p50 7.34 p99 8.40 max 8.46 ms, 0 overruns | out 165.0k pps 190 kbps/client, 1046 Mbps | in 165.0k pps 12 kbps/client | stand-ins: repeated 0.00% frozen 0.00%, 0 late inputs | per client-tick: 756 B (near 62 B, 100% deltas), near 10.0 mid 23.0 far 35.9, far skipped 0 starved 0 | input wait p50 49.9 p99 66.2 ms | 0 joins deferred | kernel drops rcv 0 snd 0
         p50/p99 ms: ingress 1.11/1.42  events 1.61/2.08  movement 0.25/0.30  grid 0.28/0.35  history 0.00/0.01  serialize 0.14/0.17  assembly 1.47/2.10  transport 0.95/1.19  egress 1.47/2.04
[   40s] clients 5500 | level 0 (0-0 in window: 30 Hz, dilation 1.0), pace 1.00, 0.0% clients bandwidth-degraded | tick p50 7.34 p99 8.56 max 8.70 ms, 0 overruns | out 165.0k pps 190 kbps/client, 1046 Mbps | in 165.0k pps 12 kbps/client | stand-ins: repeated 0.00% frozen 0.00%, 0 late inputs | per client-tick: 755 B (near 62 B, 100% deltas), near 10.0 mid 23.0 far 35.9, far skipped 0 starved 0 | input wait p50 50.0 p99 66.2 ms | 0 joins deferred | kernel drops rcv 0 snd 0
         p50/p99 ms: ingress 1.09/1.41  events 1.59/2.02  movement 0.25/0.30  grid 0.29/0.36  history 0.00/0.01  serialize 0.13/0.17  assembly 1.47/2.14  transport 0.94/1.36  egress 1.49/1.98
[   45s] clients 5500 | level 0 (0-0 in window: 30 Hz, dilation 1.0), pace 1.00, 0.0% clients bandwidth-degraded | tick p50 7.36 p99 8.25 max 8.30 ms, 0 overruns | out 165.0k pps 190 kbps/client, 1046 Mbps | in 165.0k pps 12 kbps/client | stand-ins: repeated 0.00% frozen 0.00%, 0 late inputs | per client-tick: 755 B (near 62 B, 100% deltas), near 10.0 mid 23.0 far 35.9, far skipped 0 starved 0 | input wait p50 50.0 p99 66.2 ms | 0 joins deferred | kernel drops rcv 0 snd 0
         p50/p99 ms: ingress 1.07/1.47  events 1.61/2.00  movement 0.26/0.30  grid 0.29/0.36  history 0.00/0.01  serialize 0.13/0.17  assembly 1.47/2.08  transport 0.95/1.29  egress 1.47/2.21
[   50s] clients 5500 | level 0 (0-0 in window: 30 Hz, dilation 1.0), pace 1.00, 0.0% clients bandwidth-degraded | tick p50 7.34 p99 8.45 max 8.77 ms, 0 overruns | out 165.0k pps 190 kbps/client, 1046 Mbps | in 165.0k pps 12 kbps/client | stand-ins: repeated 0.00% frozen 0.00%, 0 late inputs | per client-tick: 755 B (near 62 B, 100% deltas), near 10.0 mid 23.0 far 35.9, far skipped 0 starved 0 | input wait p50 50.0 p99 66.3 ms | 0 joins deferred | kernel drops rcv 0 snd 0
         p50/p99 ms: ingress 1.08/1.36  events 1.62/2.10  movement 0.25/0.32  grid 0.29/0.37  history 0.00/0.01  serialize 0.14/0.17  assembly 1.47/2.18  transport 0.95/1.28  egress 1.49/2.17
[   55s] clients 5500 | level 0 (0-0 in window: 30 Hz, dilation 1.0), pace 1.00, 0.0% clients bandwidth-degraded | tick p50 7.40 p99 8.37 max 8.56 ms, 0 overruns | out 165.0k pps 190 kbps/client, 1046 Mbps | in 165.0k pps 12 kbps/client | stand-ins: repeated 0.00% frozen 0.00%, 0 late inputs | per client-tick: 755 B (near 62 B, 100% deltas), near 10.0 mid 23.0 far 35.9, far skipped 0 starved 0 | input wait p50 50.0 p99 66.3 ms | 0 joins deferred | kernel drops rcv 0 snd 0
         p50/p99 ms: ingress 1.12/1.50  events 1.60/1.99  movement 0.26/0.34  grid 0.29/0.35  history 0.00/0.01  serialize 0.14/0.17  assembly 1.47/2.04  transport 0.94/1.24  egress 1.49/2.05
[   60s] clients 5500 | level 0 (0-0 in window: 30 Hz, dilation 1.0), pace 1.00, 0.0% clients bandwidth-degraded | tick p50 7.44 p99 8.49 max 9.38 ms, 0 overruns | out 165.0k pps 190 kbps/client, 1046 Mbps | in 165.0k pps 12 kbps/client | stand-ins: repeated 0.00% frozen 0.00%, 0 late inputs | per client-tick: 755 B (near 62 B, 100% deltas), near 10.0 mid 23.0 far 35.9, far skipped 0 starved 0 | input wait p50 50.0 p99 66.2 ms | 0 joins deferred | kernel drops rcv 0 snd 0
         p50/p99 ms: ingress 1.08/1.42  events 1.64/2.08  movement 0.25/0.33  grid 0.29/0.36  history 0.00/0.01  serialize 0.14/0.18  assembly 1.47/1.98  transport 0.95/1.35  egress 1.51/2.10
[   61s] clients 0 | level 0 (0-0 in window: 30 Hz, dilation 1.0), pace 1.00, 0.0% clients bandwidth-degraded | tick p50 7.56 p99 13.76 max 13.76 ms, 0 overruns | out 141.1k pps 184 kbps/client, 874 Mbps | in 178.6k pps 13 kbps/client | stand-ins: repeated 0.00% frozen 0.00%, 0 late inputs | per client-tick: 737 B (near 61 B, 100% deltas), near 9.9 mid 22.4 far 34.9, far skipped 0 starved 0 | input wait p50 50.5 p99 66.3 ms | 0 joins deferred | kernel drops rcv 0 snd 0
         p50/p99 ms: ingress 1.24/3.66  events 1.66/7.16  movement 0.25/0.29  grid 0.28/0.35  history 0.01/0.01  serialize 0.13/0.16  assembly 1.44/1.80  transport 0.86/1.22  egress 1.46/1.96

== summary: 1709 steady-state ticks (after warmup, before clients drain), peak 5500 clients ==
  phase        p50 ms   p99 ms   max ms
  ingress        1.08     1.42     1.54
  events         1.56     2.04     2.31
  movement       0.25     0.31     0.35
  grid           0.29     0.35     0.41
  history        0.00     0.01     0.02
  serialize      0.13     0.17     0.26
  assembly       1.45     2.06     2.22
  transport      0.93     1.24     1.50
  egress         1.48     2.04     2.27
  tick           7.26     8.34     9.38
  overruns 0 | spawns 5500 despawns 5500 (12932 joins deferred) | stand-ins: repeated 0 frozen 0 | late inputs 0 discarded 0 | bad messages 0 | recv errors 0 send errors 0
  egress (whole run): 9561043 datagrams in 9561043 sends (1.00 per send), 115264 syscalls
  ticks per ladder level (whole run): L0: 1820
  input wait on the server (datagram arrival -> applied): p50 50.0 p99 66.2 max 68.9 mean 50.0 ms
  steady state: stand-ins repeated 0 frozen 0 | late inputs 0 discarded 0
