spawn=uniform
egress=sendmmsg
ladder=on
threads=128
shards=64
peak_clients=5500
steady_ticks=1709
steady_secs=56.9
ingress_p50_ms=1.08
ingress_p99_ms=1.42
ingress_max_ms=1.54
events_p50_ms=1.56
events_p99_ms=2.04
events_max_ms=2.31
movement_p50_ms=0.25
movement_p99_ms=0.31
movement_max_ms=0.35
grid_p50_ms=0.29
grid_p99_ms=0.35
grid_max_ms=0.41
history_p50_ms=0.00
history_p99_ms=0.01
history_max_ms=0.02
serialize_p50_ms=0.13
serialize_p99_ms=0.17
serialize_max_ms=0.26
assembly_p50_ms=1.45
assembly_p99_ms=2.06
assembly_max_ms=2.22
transport_p50_ms=0.93
transport_p99_ms=1.24
transport_max_ms=1.50
egress_p50_ms=1.48
egress_p99_ms=2.04
egress_max_ms=2.27
tick_p50_ms=7.26
tick_p99_ms=8.34
tick_max_ms=9.38
steady_overruns=0
level_mode=0
tick_hz=30
dilation=1
levels=L0:1709
clients_avg=5351
out_pps=160639
in_pps=160809
egress_mbps=996.2
packets_per_client_tick=1.00
wire_bytes_per_client_tick=775
down_kbps_per_client=186.2
up_kbps_per_client=12.0
kernel_rcvbuf_drops=0
kernel_sndbuf_drops=0
snapshot_bytes_per_client_tick=738
near_bytes_per_client_tick=61
near_per_client_tick=9.8
mid_per_client_tick=22.4
far_per_client_tick=35.0
far_skipped=0
far_starved=0
repeated=0
frozen=0
late_inputs=0
discarded_inputs=0
input_wait_p50_ms=50.0
input_wait_p99_ms=66.2
spawns=5500
despawns=5500
joins_deferred=12932
bad_messages=0
recv_errors=0
send_errors=0
datagrams=9561043
sends=9561043
send_syscalls=115264
