preallocated connections for 10000 clients in 251.978702ms
listening on 172.31.17.93:40500 | spawn Blob | tiers near 64@150 m, mid 500 m, far 1500 m, budget 6250 B/tick, squads of 4 | 64 rayon threads, 64 shards, 1 socket(s), 256 accepts/tick, egress SendMmsg, ingress RecvMmsg | socket buffers rcv 32768 KiB snd 32768 KiB
[    5s] clients 10000 | level 0 (0-0 in window: 30 Hz, dilation 1.0), pace 1.00, 0.0% clients bandwidth-degraded | tick p50 15.54 p99 18.63 max 18.87 ms, 0 overruns | out 266.5k pps 337 kbps/client, 1913 Mbps | in 164.7k pps 18 kbps/client, 56.1 per recv, receive thread busy 17% | stand-ins: repeated 1.59% frozen 0.57%, 16622 late inputs | per client-tick: 1344 B (near 240 B, 91% deltas), near 30.1 mid 49.4 far 45.1, far skipped 0 starved 0 | input wait p50 50.3 p99 96.2 ms | 46473 joins deferred | kernel drops rcv 0 snd 0
         p50/p99 ms: ingress 1.14/4.79  events 3.65/5.12  movement 0.71/1.20  grid 0.44/0.56  separate 0.51/0.81  history 0.02/0.13  shots 0.07/0.26  serialize 0.28/0.50  assembly 2.69/4.21  transport 1.66/2.28  egress 2.61/4.22
[   10s] clients 10000 | level 0 (0-0 in window: 30 Hz, dilation 1.0), pace 1.00, 0.0% clients bandwidth-degraded | tick p50 16.70 p99 18.51 max 18.68 ms, 0 overruns | out 454.2k pps 337 kbps/client, 3369 Mbps | in 283.8k pps 14 kbps/client, 58.0 per recv, receive thread busy 29% | stand-ins: repeated 0.38% frozen 0.00%, 5488 late inputs | per client-tick: 1351 B (near 209 B, 98% deltas), near 27.9 mid 47.8 far 50.0, far skipped 0 starved 0 | input wait p50 53.9 p99 96.1 ms | 0 joins deferred | kernel drops rcv 0 snd 0
         p50/p99 ms: ingress 1.14/2.35  events 3.85/4.84  movement 0.99/1.20  grid 0.48/0.60  separate 0.56/0.95  history 0.02/0.05  shots 0.07/0.27  serialize 0.30/0.59  assembly 3.69/4.33  transport 2.04/2.36  egress 3.37/4.41
[   15s] clients 10000 | level 0 (0-0 in window: 30 Hz, dilation 1.0), pace 1.00, 0.0% clients bandwidth-degraded | tick p50 16.75 p99 18.52 max 19.10 ms, 0 overruns | out 454.1k pps 337 kbps/client, 3369 Mbps | in 283.8k pps 14 kbps/client, 58.0 per recv, receive thread busy 28% | stand-ins: repeated 0.36% frozen 0.00%, 5246 late inputs | per client-tick: 1351 B (near 209 B, 98% deltas), near 27.9 mid 47.9 far 50.1, far skipped 0 starved 0 | input wait p50 53.8 p99 95.6 ms | 0 joins deferred | kernel drops rcv 0 snd 0
         p50/p99 ms: ingress 1.15/2.31  events 3.86/4.77  movement 0.99/1.31  grid 0.48/0.58  separate 0.57/1.00  history 0.02/0.04  shots 0.07/0.27  serialize 0.32/0.46  assembly 3.70/4.37  transport 2.01/2.39  egress 3.38/4.32
[   20s] clients 10000 | level 0 (0-0 in window: 30 Hz, dilation 1.0), pace 1.00, 0.0% clients bandwidth-degraded | tick p50 16.72 p99 17.89 max 17.96 ms, 0 overruns | out 453.8k pps 337 kbps/client, 3369 Mbps | in 283.9k pps 14 kbps/client, 57.9 per recv, receive thread busy 28% | stand-ins: repeated 0.36% frozen 0.00%, 5259 late inputs | per client-tick: 1351 B (near 208 B, 98% deltas), near 27.9 mid 47.9 far 50.1, far skipped 0 starved 0 | input wait p50 53.9 p99 95.9 ms | 0 joins deferred | kernel drops rcv 0 snd 0
         p50/p99 ms: ingress 1.14/2.05  events 3.83/4.80  movement 1.01/1.18  grid 0.48/0.57  separate 0.56/0.97  history 0.02/0.05  shots 0.07/0.28  serialize 0.30/0.39  assembly 3.68/4.40  transport 2.02/2.36  egress 3.38/4.46
[   25s] clients 10000 | level 0 (0-0 in window: 30 Hz, dilation 1.0), pace 1.00, 0.0% clients bandwidth-degraded | tick p50 16.73 p99 18.29 max 18.32 ms, 0 overruns | out 453.8k pps 337 kbps/client, 3369 Mbps | in 284.0k pps 14 kbps/client, 57.8 per recv, receive thread busy 28% | stand-ins: repeated 0.37% frozen 0.00%, 5256 late inputs | per client-tick: 1351 B (near 209 B, 98% deltas), near 27.9 mid 47.8 far 50.1, far skipped 0 starved 0 | input wait p50 53.9 p99 96.1 ms | 0 joins deferred | kernel drops rcv 0 snd 0
         p50/p99 ms: ingress 1.15/2.37  events 3.87/4.83  movement 1.00/1.24  grid 0.48/0.60  separate 0.55/0.79  history 0.02/0.05  shots 0.07/0.26  serialize 0.30/0.61  assembly 3.68/4.44  transport 2.02/2.31  egress 3.38/4.29
[   30s] clients 10000 | level 0 (0-0 in window: 30 Hz, dilation 1.0), pace 1.00, 0.0% clients bandwidth-degraded | tick p50 16.80 p99 18.16 max 18.58 ms, 0 overruns | out 453.7k pps 337 kbps/client, 3369 Mbps | in 283.9k pps 14 kbps/client, 57.8 per recv, receive thread busy 28% | stand-ins: repeated 0.37% frozen 0.00%, 5249 late inputs | per client-tick: 1351 B (near 209 B, 98% deltas), near 27.9 mid 47.8 far 50.1, far skipped 0 starved 0 | input wait p50 53.9 p99 96.2 ms | 0 joins deferred | kernel drops rcv 0 snd 0
         p50/p99 ms: ingress 1.14/2.30  events 3.88/4.80  movement 1.01/1.22  grid 0.48/0.63  separate 0.56/0.87  history 0.02/0.07  shots 0.07/0.26  serialize 0.30/0.58  assembly 3.68/4.23  transport 2.02/2.43  egress 3.38/4.34
[   35s] clients 10000 | level 0 (0-0 in window: 30 Hz, dilation 1.0), pace 1.00, 0.0% clients bandwidth-degraded | tick p50 16.78 p99 18.57 max 19.30 ms, 0 overruns | out 453.7k pps 337 kbps/client, 3369 Mbps | in 283.9k pps 14 kbps/client, 57.9 per recv, receive thread busy 28% | stand-ins: repeated 0.36% frozen 0.00%, 5190 late inputs | per client-tick: 1351 B (near 208 B, 98% deltas), near 27.9 mid 47.8 far 50.1, far skipped 0 starved 0 | input wait p50 53.9 p99 96.2 ms | 0 joins deferred | kernel drops rcv 0 snd 0
         p50/p99 ms: ingress 1.13/2.08  events 3.89/5.16  movement 1.00/1.18  grid 0.48/0.57  separate 0.56/1.01  history 0.02/0.05  shots 0.07/0.27  serialize 0.31/0.54  assembly 3.69/4.23  transport 2.02/2.37  egress 3.38/4.40
[   40s] clients 10000 | level 0 (0-0 in window: 30 Hz, dilation 1.0), pace 1.00, 0.0% clients bandwidth-degraded | tick p50 16.57 p99 18.22 max 18.33 ms, 0 overruns | out 453.9k pps 337 kbps/client, 3370 Mbps | in 283.8k pps 14 kbps/client, 57.7 per recv, receive thread busy 28% | stand-ins: repeated 0.36% frozen 0.00%, 5226 late inputs | per client-tick: 1352 B (near 208 B, 98% deltas), near 27.9 mid 47.8 far 50.1, far skipped 0 starved 0 | input wait p50 53.9 p99 96.4 ms | 0 joins deferred | kernel drops rcv 0 snd 0
         p50/p99 ms: ingress 1.14/2.03  events 3.82/4.82  movement 1.00/1.21  grid 0.48/0.57  separate 0.56/0.90  history 0.02/0.05  shots 0.07/0.27  serialize 0.29/0.61  assembly 3.66/4.44  transport 2.02/2.39  egress 3.36/4.34
[   45s] clients 10000 | level 0 (0-0 in window: 30 Hz, dilation 1.0), pace 1.00, 0.0% clients bandwidth-degraded | tick p50 16.76 p99 18.43 max 18.63 ms, 0 overruns | out 453.8k pps 337 kbps/client, 3370 Mbps | in 283.9k pps 14 kbps/client, 57.6 per recv, receive thread busy 28% | stand-ins: repeated 0.36% frozen 0.00%, 5093 late inputs | per client-tick: 1352 B (near 209 B, 98% deltas), near 27.9 mid 47.8 far 50.1, far skipped 0 starved 0 | input wait p50 53.9 p99 96.1 ms | 0 joins deferred | kernel drops rcv 0 snd 0
         p50/p99 ms: ingress 1.14/2.07  events 3.86/5.10  movement 1.00/1.18  grid 0.48/0.57  separate 0.56/0.91  history 0.02/0.05  shots 0.07/0.27  serialize 0.31/0.49  assembly 3.70/4.27  transport 2.02/2.32  egress 3.38/4.34
[   50s] clients 10000 | level 0 (0-0 in window: 30 Hz, dilation 1.0), pace 1.00, 0.0% clients bandwidth-degraded | tick p50 16.89 p99 18.59 max 18.60 ms, 0 overruns | out 453.7k pps 337 kbps/client, 3372 Mbps | in 283.9k pps 14 kbps/client, 57.6 per recv, receive thread busy 28% | stand-ins: repeated 0.36% frozen 0.00%, 5283 late inputs | per client-tick: 1352 B (near 209 B, 98% deltas), near 27.9 mid 47.8 far 50.2, far skipped 0 starved 0 | input wait p50 53.9 p99 96.2 ms | 0 joins deferred | kernel drops rcv 0 snd 0
         p50/p99 ms: ingress 1.15/2.06  events 3.90/4.72  movement 1.00/1.20  grid 0.48/0.58  separate 0.56/1.03  history 0.02/0.04  shots 0.07/0.26  serialize 0.30/0.54  assembly 3.71/4.55  transport 2.02/2.46  egress 3.37/4.59
[   55s] clients 10000 | level 0 (0-0 in window: 30 Hz, dilation 1.0), pace 1.00, 0.0% clients bandwidth-degraded | tick p50 16.81 p99 18.73 max 19.08 ms, 0 overruns | out 453.7k pps 337 kbps/client, 3369 Mbps | in 283.7k pps 14 kbps/client, 57.8 per recv, receive thread busy 28% | stand-ins: repeated 0.36% frozen 0.00%, 5232 late inputs | per client-tick: 1351 B (near 209 B, 98% deltas), near 27.9 mid 47.8 far 50.1, far skipped 0 starved 0 | input wait p50 54.0 p99 95.9 ms | 0 joins deferred | kernel drops rcv 0 snd 0
         p50/p99 ms: ingress 1.14/2.30  events 3.90/4.97  movement 1.01/1.25  grid 0.48/0.67  separate 0.56/0.98  history 0.02/0.05  shots 0.07/0.27  serialize 0.30/0.59  assembly 3.69/4.25  transport 2.01/2.35  egress 3.37/4.24
[   60s] clients 10000 | level 0 (0-0 in window: 30 Hz, dilation 1.0), pace 1.00, 0.0% clients bandwidth-degraded | tick p50 16.62 p99 18.91 max 18.93 ms, 0 overruns | out 453.7k pps 337 kbps/client, 3369 Mbps | in 284.1k pps 14 kbps/client, 58.0 per recv, receive thread busy 28% | stand-ins: repeated 0.35% frozen 0.00%, 5022 late inputs | per client-tick: 1351 B (near 209 B, 98% deltas), near 27.9 mid 47.8 far 50.1, far skipped 0 starved 0 | input wait p50 53.9 p99 95.6 ms | 0 joins deferred | kernel drops rcv 0 snd 0
         p50/p99 ms: ingress 1.14/2.27  events 3.90/5.14  movement 1.00/1.24  grid 0.48/0.59  separate 0.56/1.10  history 0.02/0.05  shots 0.07/0.30  serialize 0.31/0.40  assembly 3.65/4.38  transport 2.02/2.33  egress 3.36/4.57
[   65s] clients 4695 | level 0 (0-0 in window: 30 Hz, dilation 1.0), pace 1.00, 0.0% clients bandwidth-degraded | tick p50 7.94 p99 18.07 max 28.82 ms, 0 overruns | out 251.9k pps 300 kbps/client, 1787 Mbps | in 70.9k pps 6 kbps/client, 58.5 per recv, receive thread busy 7% | stand-ins: repeated 1.18% frozen 58.05%, 1235 late inputs | per client-tick: 1197 B (near 281 B, 52% deltas), near 25.2 mid 41.3 far 36.2, far skipped 0 starved 0 | input wait p50 54.2 p99 96.4 ms | 0 joins deferred | kernel drops rcv 0 snd 0
         p50/p99 ms: ingress 0.52/1.40  events 0.00/4.89  movement 0.49/1.16  grid 0.51/0.58  separate 0.56/0.85  history 0.03/0.06  shots 0.15/0.28  serialize 0.31/0.39  assembly 1.56/4.12  transport 1.08/2.25  egress 2.75/4.07
[   66s] clients 0 | level 0 (0-0 in window: 30 Hz, dilation 1.0), pace 1.00, 0.0% clients bandwidth-degraded | tick p50 7.89 p99 14.54 max 14.54 ms, 0 overruns | out 180.6k pps 276 kbps/client, 1244 Mbps | in 0.0k pps 0 kbps/client, 0.0 per recv, receive thread busy 0% | stand-ins: repeated 0.00% frozen 100.00%, 0 late inputs | per client-tick: 1108 B (near 345 B, 0% deltas), near 23.3 mid 36.8 far 26.7, far skipped 0 starved 0 | input wait p50 0.0 p99 0.0 ms | 0 joins deferred | kernel drops rcv 0 snd 0
         p50/p99 ms: ingress 0.49/3.19  events 0.00/7.49  movement 0.44/0.66  grid 0.52/0.56  separate 0.54/0.65  history 0.03/0.06  shots 0.15/0.28  serialize 0.33/0.38  assembly 1.54/1.82  transport 1.09/1.25  egress 2.71/3.08

== summary: 1706 steady-state ticks (after warmup, before clients drain), peak 10000 clients ==
  phase        p50 ms   p99 ms   max ms
  ingress        1.14     2.29     2.57
  events         3.87     4.90     5.42
  movement       1.00     1.21     1.39
  grid           0.48     0.58     0.86
  separate       0.56     0.98     1.23
  history        0.02     0.05     0.29
  shots          0.07     0.27     0.43
  serialize      0.30     0.56     0.68
  assembly       3.69     4.34     4.86
  transport      2.02     2.36     2.58
  egress         3.37     4.41     4.97
  tick          16.73    18.45    19.30
  overruns 0 | spawns 10000 despawns 10000 (46473 joins deferred) | deaths 0 respawns 0 | stand-ins: repeated 83108 frozen 689311 | late inputs 75401 discarded 26 | bad messages 0 | recv errors 0 send errors 0
  egress (whole run): 27870862 datagrams in 27870862 sends (1.00 per send), 139453 syscalls
  ingress (whole run): 16853584 datagrams in 291768 receive calls (57.76 per call)
  ticks per ladder level (whole run): L0: 1994
  input wait on the server (datagram arrival -> applied): p50 53.8 p99 96.0 max 539.4 mean 53.8 ms
  steady state: stand-ins repeated 64056 frozen 2022 | late inputs 64607 discarded 0
  rewind of near targets (applied step - the input's render step for that tier): p50 233 p99 300 max 700 mean 228.9 ms (n=17224263)
  rewind of mid/far targets (applied step - the input's render step for that tier): p50 367 p99 400 max 833 mean 359.3 ms (n=17224263)
  render times ahead of the server (bogus) 0
  shots 0 (late 0, refused 0, rewinds capped 0) | hits head 0 body 0 (after cover 0, too late 0), kills 0 | ground 0 cover 0 expired 0 | segments 0 candidates 0
