== hotspots, 5000 bots, 60s -> baselines/2026-10-07-aws-full/hotspots-5k-2
== summary: 1708 steady-state ticks (after warmup, before clients drain), peak 5000 clients ==
  phase        p50 ms   p99 ms   max ms
  ingress        0.81     1.05     1.23
  events         2.07     2.63     2.85
  movement       0.63     0.71     0.89
  grid           0.34     0.44     0.54
  separate       0.56     0.69     0.89
  history        0.01     0.03     0.05
  shots          0.03     0.13     0.15
  serialize      0.22     0.28     0.59
  assembly       1.80     2.21     3.06
  transport      1.06     1.35     1.51
  egress         1.82     2.16     2.40
  tick           9.45    10.28    10.94
  overruns 0 | spawns 5000 despawns 5000 (12230 joins deferred) | deaths 0 respawns 0 | stand-ins: repeated 0 frozen 0 | late inputs 0 discarded 0 | bad messages 0 | recv errors 0 send errors 0
  egress (whole run): 13610124 datagrams in 13610124 sends (1.00 per send), 115264 syscalls
  ingress (whole run): 8980510 datagrams in 170279 receive calls (52.74 per call)
  ticks per ladder level (whole run): L0: 1817
  input wait on the server (datagram arrival -> applied): p50 50.0 p99 66.6 max 71.6 mean 50.2 ms
  steady state: stand-ins repeated 0 frozen 0 | late inputs 0 discarded 0
  rewind of near targets (applied step - the input's render step for that tier): p50 133 p99 175 max 217 mean 140.9 ms (n=8881462)
  rewind of mid/far targets (applied step - the input's render step for that tier): p50 267 p99 300 max 300 mean 274.1 ms (n=8881462)
  render times ahead of the server (bogus) 0
  shots 0 (late 0, refused 0, rewinds capped 0) | hits head 0 body 0 (after cover 0, too late 0), kills 0 | ground 0 cover 0 expired 0 | segments 0 candidates 0
== bots summary ==
  started 5000 welcomed 5000 failed 0
  join latency ms: p50 378 p99 906 max 1172 (n=5000)
  corrections 0 (0.00/bot-minute), mean error 0.000 m, max 0.000 m
  push corrections (the server pushed us apart from a crowd) 92624 (18.52/bot-minute), max 0.274 m
  snapshots 8939733 (entities per snapshot: near 34.7 mid 49.8 far 26.6), stale 0, unmatched acks 0, resyncs 0
  input -> applied on server (est. RTT/2 + server wait): p50 54.0 p99 71.0 max 76.0 mean 54.6 ms (n=8938121)
    of which server wait (arrival -> applied): p50 50.0 p99 66.6 max 71.6 mean 50.2 ms (n=8938121)
  input -> seen acked (round trip): p50 67.0 p99 100.0 max 127.0 mean 75.5 ms (n=8938121)
  near entity update interval (tracked bots): p50 66.0 p99 66.0 max 166.0 mean 51.3 ms (n=15578083)
  mid entity update interval (tracked bots): p50 100.0 p99 100.0 max 2200.0 mean 100.4 ms (n=22312894)
  far entity update interval (tracked bots): p50 500.0 p99 500.0 max 2000.0 mean 500.1 ms (n=10788624)
  near drawn (tracked bots): 99.77% interpolated, 0.05% extrapolated, 0.00% held, 0.18% new | pops p50 0 p99 0 max 401 mm
  mid drawn (tracked bots): 95.90% interpolated, 1.29% extrapolated, 1.70% held, 1.11% new | pops p50 0 p99 0 max 17419 mm
  far drawn (tracked bots): 40.29% interpolated, 58.88% extrapolated, 0.40% held, 0.44% new | pops p50 410 p99 3676 max 16079 mm
  render delay (near) 78.1 ms behind the newest step, clock snaps 0 (backwards 0), slewing 4.02% of frames, near delay changes 234 | streak entity-frames (drawn > 20 m/s) 3047938
  input clock: 6139 extra inputs, 1160 skipped ticks, 0 backlog skips | near decode errors (tracked bots) 0
  bytes down 10622.0 MB up 563.3 MB | swarm busy 10% of its threads' time, tick overruns 215
