spawn=hotspots
egress=sendmmsg
ingress=recvmmsg
rx_gather_us=1000
ladder=on
threads=64
shards=64
sockets=1
peak_clients=5000
steady_ticks=1708
steady_secs=56.9
ingress_p50_ms=0.81
ingress_p99_ms=1.05
ingress_max_ms=1.23
events_p50_ms=2.07
events_p99_ms=2.63
events_max_ms=2.85
movement_p50_ms=0.63
movement_p99_ms=0.71
movement_max_ms=0.89
grid_p50_ms=0.34
grid_p99_ms=0.44
grid_max_ms=0.54
separate_p50_ms=0.56
separate_p99_ms=0.69
separate_max_ms=0.89
history_p50_ms=0.01
history_p99_ms=0.03
history_max_ms=0.05
shots_p50_ms=0.03
shots_p99_ms=0.13
shots_max_ms=0.15
serialize_p50_ms=0.22
serialize_p99_ms=0.28
serialize_max_ms=0.59
assembly_p50_ms=1.80
assembly_p99_ms=2.21
assembly_max_ms=3.06
transport_p50_ms=1.06
transport_p99_ms=1.35
transport_max_ms=1.51
egress_p50_ms=1.82
egress_p99_ms=2.16
egress_max_ms=2.40
tick_p50_ms=9.45
tick_p99_ms=10.28
tick_max_ms=10.94
steady_overruns=0
level_mode=0
tick_hz=30
dilation=1
levels=L0:1708
clients_avg=5000
out_pps=227833
in_pps=150270
egress_mbps=1424.4
packets_per_client_tick=1.52
wire_bytes_per_client_tick=1187
down_kbps_per_client=284.9
up_kbps_per_client=15.1
recv_per_call=52.81
ingress_thread_busy_max_pct=14.8
ingress_thread_busy_mean_pct=14.8
kernel_rcvbuf_drops=0
kernel_sndbuf_drops=0
snapshot_bytes_per_client_tick=1134
near_bytes_per_client_tick=228
activity_bytes_per_client_tick=0.0
near_per_client_tick=34.6
mid_per_client_tick=49.7
far_per_client_tick=26.7
near_scanned_per_query=101
mid_scanned_per_query=103
far_skipped=0
far_starved=0
repeated=0
frozen=0
late_inputs=0
discarded_inputs=0
input_wait_p10_ms=37.2
input_wait_p50_ms=50.0
input_wait_p90_ms=62.8
input_wait_p99_ms=66.6
spawns=5000
despawns=5000
deaths=0
respawns=0
shots=0
shots_late=0
shots_refused=0
rewinds_capped=0
rewinds_trimmed=0
hits_head=0
hits_body=0
hits_ground=0
hits_cover=0
projectiles_expired=0
kills=0
hits_after_cover=0
hits_too_late=0
events=0
tracer_bytes=0
activity_cells=0
activity_sent=0
activity_bytes=0
activity_cut=0
projectile_segments=0
hit_candidates=0
joins_deferred=12230
bad_messages=0
recv_errors=0
send_errors=0
datagrams=13610124
sends=13610124
send_syscalls=115264
rewind_near_p50_ms=133
rewind_near_p99_ms=175
rewind_near_mean_ms=140.9
rewind_mid_p50_ms=267
rewind_mid_p99_ms=300
rewind_mid_mean_ms=274.1
ingress_longest_p50_ms=0.36
ingress_work_p50_ms=17.43
assembly_longest_p50_ms=1.09
assembly_work_p50_ms=57.49
transport_longest_p50_ms=0.74
transport_work_p50_ms=36.18
egress_longest_p50_ms=1.72
egress_work_p50_ms=53.33
