preallocated connections for 10000 clients in 250.18834ms
listening on 172.31.17.93:40500 | spawn Hotspots | tiers near 64@150 m, mid 500 m, far 1500 m, budget 6250 B/tick, squads of 4 | 64 rayon threads, 64 shards, 1 socket(s), 256 accepts/tick, egress SendMmsg, ingress RecvMmsg | socket buffers rcv 32768 KiB snd 32768 KiB
[    5s] clients 5000 | level 0 (0-0 in window: 30 Hz, dilation 1.0), pace 1.00, 0.0% clients bandwidth-degraded | tick p50 9.47 p99 10.78 max 11.71 ms, 0 overruns | out 194.3k pps 290 kbps/client, 1203 Mbps | in 128.5k pps 17 kbps/client, 51.7 per recv, receive thread busy 13% | stand-ins: repeated 0.00% frozen 0.00%, 0 late inputs | per client-tick: 1148 B (near 242 B, 98% deltas), near 35.7 mid 50.9 far 25.5, far skipped 0 starved 0 | input wait p50 50.1 p99 66.6 ms | 12230 joins deferred | kernel drops rcv 0 snd 0
         p50/p99 ms: ingress 0.82/3.34  events 2.08/3.36  movement 0.61/0.69  grid 0.34/0.36  separate 0.55/0.71  history 0.01/0.08  shots 0.03/0.13  serialize 0.22/0.31  assembly 1.80/2.13  transport 1.05/1.41  egress 1.79/2.32
[   10s] clients 5000 | level 0 (0-0 in window: 30 Hz, dilation 1.0), pace 1.00, 0.0% clients bandwidth-degraded | tick p50 9.43 p99 10.42 max 10.94 ms, 0 overruns | out 227.8k pps 285 kbps/client, 1424 Mbps | in 150.0k pps 15 kbps/client, 53.0 per recv, receive thread busy 15% | stand-ins: repeated 0.00% frozen 0.00%, 0 late inputs | per client-tick: 1134 B (near 228 B, 100% deltas), near 34.6 mid 49.7 far 26.7, far skipped 0 starved 0 | input wait p50 50.0 p99 66.6 ms | 0 joins deferred | kernel drops rcv 0 snd 0
         p50/p99 ms: ingress 0.81/1.08  events 2.07/2.51  movement 0.62/0.69  grid 0.34/0.48  separate 0.56/0.69  history 0.01/0.03  shots 0.03/0.05  serialize 0.22/0.27  assembly 1.80/2.26  transport 1.05/1.39  egress 1.82/2.10
[   15s] clients 5000 | level 0 (0-0 in window: 30 Hz, dilation 1.0), pace 1.00, 0.0% clients bandwidth-degraded | tick p50 9.48 p99 10.48 max 10.57 ms, 0 overruns | out 227.7k pps 285 kbps/client, 1424 Mbps | in 150.0k pps 15 kbps/client, 52.6 per recv, receive thread busy 15% | stand-ins: repeated 0.00% frozen 0.00%, 0 late inputs | per client-tick: 1134 B (near 229 B, 100% deltas), near 34.6 mid 49.7 far 26.7, far skipped 0 starved 0 | input wait p50 50.0 p99 66.5 ms | 0 joins deferred | kernel drops rcv 0 snd 0
         p50/p99 ms: ingress 0.81/1.09  events 2.06/2.66  movement 0.62/0.69  grid 0.34/0.40  separate 0.56/0.81  history 0.01/0.03  shots 0.03/0.15  serialize 0.22/0.27  assembly 1.80/2.26  transport 1.06/1.35  egress 1.81/2.14
[   20s] clients 5000 | level 0 (0-0 in window: 30 Hz, dilation 1.0), pace 1.00, 0.0% clients bandwidth-degraded | tick p50 9.44 p99 10.19 max 10.28 ms, 0 overruns | out 227.8k pps 285 kbps/client, 1424 Mbps | in 150.0k pps 15 kbps/client, 52.6 per recv, receive thread busy 15% | stand-ins: repeated 0.00% frozen 0.00%, 0 late inputs | per client-tick: 1134 B (near 228 B, 100% deltas), near 34.6 mid 49.7 far 26.7, far skipped 0 starved 0 | input wait p50 50.0 p99 66.5 ms | 0 joins deferred | kernel drops rcv 0 snd 0
         p50/p99 ms: ingress 0.81/1.04  events 2.09/2.49  movement 0.63/0.71  grid 0.34/0.40  separate 0.56/0.68  history 0.01/0.02  shots 0.03/0.05  serialize 0.22/0.27  assembly 1.80/2.20  transport 1.06/1.41  egress 1.83/2.08
[   25s] clients 5000 | level 0 (0-0 in window: 30 Hz, dilation 1.0), pace 1.00, 0.0% clients bandwidth-degraded | tick p50 9.50 p99 10.72 max 10.88 ms, 0 overruns | out 227.8k pps 285 kbps/client, 1425 Mbps | in 150.0k pps 15 kbps/client, 52.6 per recv, receive thread busy 15% | stand-ins: repeated 0.00% frozen 0.00%, 0 late inputs | per client-tick: 1135 B (near 229 B, 100% deltas), near 34.6 mid 49.7 far 26.7, far skipped 0 starved 0 | input wait p50 50.0 p99 66.5 ms | 0 joins deferred | kernel drops rcv 0 snd 0
         p50/p99 ms: ingress 0.82/1.12  events 2.08/2.72  movement 0.63/0.69  grid 0.34/0.48  separate 0.56/0.70  history 0.01/0.03  shots 0.03/0.13  serialize 0.22/0.33  assembly 1.80/2.28  transport 1.07/1.45  egress 1.83/2.20
[   30s] clients 5000 | level 0 (0-0 in window: 30 Hz, dilation 1.0), pace 1.00, 0.0% clients bandwidth-degraded | tick p50 9.47 p99 10.20 max 10.24 ms, 0 overruns | out 227.7k pps 285 kbps/client, 1424 Mbps | in 150.0k pps 15 kbps/client, 52.5 per recv, receive thread busy 15% | stand-ins: repeated 0.00% frozen 0.00%, 0 late inputs | per client-tick: 1134 B (near 228 B, 100% deltas), near 34.6 mid 49.7 far 26.7, far skipped 0 starved 0 | input wait p50 50.0 p99 66.5 ms | 0 joins deferred | kernel drops rcv 0 snd 0
         p50/p99 ms: ingress 0.81/1.07  events 2.06/2.50  movement 0.63/0.86  grid 0.34/0.51  separate 0.56/0.66  history 0.01/0.02  shots 0.03/0.05  serialize 0.22/0.28  assembly 1.82/2.23  transport 1.07/1.31  egress 1.83/2.20
[   35s] clients 5000 | level 0 (0-0 in window: 30 Hz, dilation 1.0), pace 1.00, 0.0% clients bandwidth-degraded | tick p50 9.48 p99 10.32 max 10.33 ms, 0 overruns | out 227.7k pps 285 kbps/client, 1424 Mbps | in 150.0k pps 15 kbps/client, 52.8 per recv, receive thread busy 15% | stand-ins: repeated 0.00% frozen 0.00%, 0 late inputs | per client-tick: 1134 B (near 228 B, 100% deltas), near 34.6 mid 49.7 far 26.7, far skipped 0 starved 0 | input wait p50 50.0 p99 66.6 ms | 0 joins deferred | kernel drops rcv 0 snd 0
         p50/p99 ms: ingress 0.81/1.09  events 2.08/2.62  movement 0.63/0.72  grid 0.34/0.46  separate 0.56/0.68  history 0.01/0.05  shots 0.03/0.14  serialize 0.22/0.27  assembly 1.82/2.25  transport 1.07/1.36  egress 1.83/2.00
[   40s] clients 5000 | level 0 (0-0 in window: 30 Hz, dilation 1.0), pace 1.00, 0.0% clients bandwidth-degraded | tick p50 9.47 p99 10.62 max 10.69 ms, 0 overruns | out 227.7k pps 285 kbps/client, 1423 Mbps | in 150.0k pps 15 kbps/client, 52.8 per recv, receive thread busy 15% | stand-ins: repeated 0.00% frozen 0.00%, 0 late inputs | per client-tick: 1134 B (near 228 B, 100% deltas), near 34.6 mid 49.7 far 26.7, far skipped 0 starved 0 | input wait p50 50.0 p99 66.5 ms | 0 joins deferred | kernel drops rcv 0 snd 0
         p50/p99 ms: ingress 0.81/1.00  events 2.06/2.82  movement 0.63/0.69  grid 0.35/0.41  separate 0.56/0.68  history 0.01/0.03  shots 0.03/0.12  serialize 0.22/0.27  assembly 1.81/2.18  transport 1.05/1.25  egress 1.82/2.16
[   45s] clients 5000 | level 0 (0-0 in window: 30 Hz, dilation 1.0), pace 1.00, 0.0% clients bandwidth-degraded | tick p50 9.38 p99 10.14 max 10.15 ms, 0 overruns | out 227.8k pps 285 kbps/client, 1424 Mbps | in 150.0k pps 15 kbps/client, 52.7 per recv, receive thread busy 15% | stand-ins: repeated 0.00% frozen 0.00%, 0 late inputs | per client-tick: 1133 B (near 228 B, 100% deltas), near 34.5 mid 49.7 far 26.7, far skipped 0 starved 0 | input wait p50 50.0 p99 66.6 ms | 0 joins deferred | kernel drops rcv 0 snd 0
         p50/p99 ms: ingress 0.82/1.06  events 2.08/2.56  movement 0.63/0.71  grid 0.34/0.42  separate 0.56/0.69  history 0.01/0.03  shots 0.03/0.13  serialize 0.22/0.41  assembly 1.78/2.17  transport 1.07/1.29  egress 1.81/2.15
[   50s] clients 5000 | level 0 (0-0 in window: 30 Hz, dilation 1.0), pace 1.00, 0.0% clients bandwidth-degraded | tick p50 9.40 p99 10.19 max 10.24 ms, 0 overruns | out 227.7k pps 285 kbps/client, 1423 Mbps | in 149.9k pps 15 kbps/client, 53.3 per recv, receive thread busy 15% | stand-ins: repeated 0.00% frozen 0.00%, 0 late inputs | per client-tick: 1133 B (near 228 B, 100% deltas), near 34.5 mid 49.7 far 26.7, far skipped 0 starved 0 | input wait p50 50.0 p99 66.6 ms | 0 joins deferred | kernel drops rcv 0 snd 0
         p50/p99 ms: ingress 0.80/1.04  events 2.06/2.53  movement 0.63/0.71  grid 0.34/0.44  separate 0.55/0.67  history 0.01/0.03  shots 0.03/0.13  serialize 0.23/0.28  assembly 1.79/2.27  transport 1.05/1.34  egress 1.84/2.14
[   55s] clients 5000 | level 0 (0-0 in window: 30 Hz, dilation 1.0), pace 1.00, 0.0% clients bandwidth-degraded | tick p50 9.44 p99 10.07 max 10.35 ms, 0 overruns | out 227.7k pps 284 kbps/client, 1422 Mbps | in 150.0k pps 15 kbps/client, 52.9 per recv, receive thread busy 15% | stand-ins: repeated 0.00% frozen 0.00%, 0 late inputs | per client-tick: 1133 B (near 228 B, 100% deltas), near 34.6 mid 49.7 far 26.6, far skipped 0 starved 0 | input wait p50 50.0 p99 66.6 ms | 0 joins deferred | kernel drops rcv 0 snd 0
         p50/p99 ms: ingress 0.81/1.02  events 2.08/2.48  movement 0.63/0.72  grid 0.34/0.40  separate 0.56/0.71  history 0.01/0.03  shots 0.03/0.05  serialize 0.22/0.27  assembly 1.80/2.14  transport 1.06/1.27  egress 1.81/2.15
[   60s] clients 5000 | level 0 (0-0 in window: 30 Hz, dilation 1.0), pace 1.00, 0.0% clients bandwidth-degraded | tick p50 9.47 p99 10.51 max 10.78 ms, 0 overruns | out 227.8k pps 285 kbps/client, 1423 Mbps | in 150.0k pps 15 kbps/client, 53.2 per recv, receive thread busy 15% | stand-ins: repeated 0.00% frozen 0.00%, 0 late inputs | per client-tick: 1133 B (near 228 B, 100% deltas), near 34.6 mid 49.7 far 26.6, far skipped 0 starved 0 | input wait p50 50.0 p99 66.6 ms | 0 joins deferred | kernel drops rcv 0 snd 0
         p50/p99 ms: ingress 0.82/1.01  events 2.07/2.74  movement 0.64/0.75  grid 0.34/0.46  separate 0.56/0.68  history 0.01/0.03  shots 0.03/0.06  serialize 0.22/0.31  assembly 1.81/2.21  transport 1.04/1.36  egress 1.82/2.19
[   61s] clients 0 | level 0 (0-0 in window: 30 Hz, dilation 1.0), pace 1.00, 0.0% clients bandwidth-degraded | tick p50 9.48 p99 14.76 max 14.76 ms, 0 overruns | out 194.6k pps 280 kbps/client, 1214 Mbps | in 170.4k pps 16 kbps/client, 55.7 per recv, receive thread busy 17% | stand-ins: repeated 0.00% frozen 0.00%, 0 late inputs | per client-tick: 1130 B (near 233 B, 97% deltas), near 34.5 mid 49.5 far 26.1, far skipped 0 starved 0 | input wait p50 50.0 p99 66.6 ms | 0 joins deferred | kernel drops rcv 0 snd 0
         p50/p99 ms: ingress 0.83/3.17  events 2.11/8.81  movement 0.63/0.70  grid 0.34/0.36  separate 0.60/0.89  history 0.01/0.01  shots 0.03/0.09  serialize 0.21/0.28  assembly 1.75/1.92  transport 1.06/1.16  egress 1.82/2.23

== summary: 1708 steady-state ticks (after warmup, before clients drain), peak 5000 clients ==
  phase        p50 ms   p99 ms   max ms
  ingress        0.81     1.05     1.23
  events         2.07     2.63     2.85
  movement       0.63     0.71     0.89
  grid           0.34     0.44     0.54
  separate       0.56     0.69     0.89
  history        0.01     0.03     0.05
  shots          0.03     0.13     0.15
  serialize      0.22     0.28     0.59
  assembly       1.80     2.21     3.06
  transport      1.06     1.35     1.51
  egress         1.82     2.16     2.40
  tick           9.45    10.28    10.94
  overruns 0 | spawns 5000 despawns 5000 (12230 joins deferred) | deaths 0 respawns 0 | stand-ins: repeated 0 frozen 0 | late inputs 0 discarded 0 | bad messages 0 | recv errors 0 send errors 0
  egress (whole run): 13610124 datagrams in 13610124 sends (1.00 per send), 115264 syscalls
  ingress (whole run): 8980510 datagrams in 170279 receive calls (52.74 per call)
  ticks per ladder level (whole run): L0: 1817
  input wait on the server (datagram arrival -> applied): p50 50.0 p99 66.6 max 71.6 mean 50.2 ms
  steady state: stand-ins repeated 0 frozen 0 | late inputs 0 discarded 0
  rewind of near targets (applied step - the input's render step for that tier): p50 133 p99 175 max 217 mean 140.9 ms (n=8881462)
  rewind of mid/far targets (applied step - the input's render step for that tier): p50 267 p99 300 max 300 mean 274.1 ms (n=8881462)
  render times ahead of the server (bogus) 0
  shots 0 (late 0, refused 0, rewinds capped 0) | hits head 0 body 0 (after cover 0, too late 0), kills 0 | ground 0 cover 0 expired 0 | segments 0 candidates 0
