minting tokens with the public dev key (--token-key to change)
10000 bots -> 127.0.0.1:40500 on 8 threads, ramp 0/s, 60s, 10000 full + 0 sink bots
[    5s] bots 10000/10000 connected, 10000 welcomed, 0 failed | 16.5 snaps/s/bot, entities/snap near 14.8 mid 38.8 far 55.2 | corrections 0.000/s/bot | down 163 up 7 kbps/bot | rtt 48.3 ms loss 0.00% | input->applied ~ p50 136 p99 280 ms, round trip p50 167 p99 301 ms | joins 10000 (p50 770 p99 1737 ms) | server pace 0.69 level 0, 0 bots bandwidth-degraded | swarm busy 52%, overruns 8
[   10s] bots 10000/10000 connected, 10000 welcomed, 0 failed | 20.6 snaps/s/bot, entities/snap near 15.7 mid 42.0 far 58.7 | corrections 0.000/s/bot | down 217 up 8 kbps/bot | rtt 48.6 ms loss 0.00% | input->applied ~ p50 121 p99 153 ms, round trip p50 167 p99 200 ms | joins 0 (p50 0 p99 0 ms) | server pace 0.66 level 0, 0 bots bandwidth-degraded | swarm busy 56%, overruns 7
[   15s] bots 10000/10000 connected, 10000 welcomed, 0 failed | 18.5 snaps/s/bot, entities/snap near 15.7 mid 41.9 far 58.7 | corrections 0.014/s/bot | down 194 up 7 kbps/bot | rtt 48.4 ms loss 0.00% | input->applied ~ p50 117 p99 328 ms, round trip p50 167 p99 373 ms | joins 0 (p50 0 p99 0 ms) | server pace 0.65 level 0, 0 bots bandwidth-degraded | swarm busy 56%, overruns 37
[   20s] bots 10000/10000 connected, 10000 welcomed, 0 failed | 20.9 snaps/s/bot, entities/snap near 15.7 mid 42.0 far 58.7 | corrections 0.000/s/bot | down 220 up 8 kbps/bot | rtt 44.6 ms loss 0.00% | input->applied ~ p50 71 p99 115 ms, round trip p50 100 p99 138 ms | joins 0 (p50 0 p99 0 ms) | server pace 0.73 level 0, 0 bots bandwidth-degraded | swarm busy 57%, overruns 4
[   25s] bots 10000/10000 connected, 10000 welcomed, 0 failed | 21.3 snaps/s/bot, entities/snap near 15.7 mid 42.0 far 58.7 | corrections 0.000/s/bot | down 223 up 9 kbps/bot | rtt 48.4 ms loss 0.00% | input->applied ~ p50 109 p99 149 ms, round trip p50 133 p99 170 ms | joins 0 (p50 0 p99 0 ms) | server pace 0.69 level 0, 0 bots bandwidth-degraded | swarm busy 56%, overruns 13
[   30s] bots 10000/10000 connected, 10000 welcomed, 0 failed | 20.9 snaps/s/bot, entities/snap near 15.6 mid 41.9 far 58.7 | corrections 0.000/s/bot | down 220 up 8 kbps/bot | rtt 44.1 ms loss 0.00% | input->applied ~ p50 79 p99 158 ms, round trip p50 100 p99 200 ms | joins 0 (p50 0 p99 0 ms) | server pace 0.74 level 0, 0 bots bandwidth-degraded | swarm busy 56%, overruns 6
[   35s] bots 10000/10000 connected, 10000 welcomed, 0 failed | 21.8 snaps/s/bot, entities/snap near 15.6 mid 42.0 far 58.7 | corrections 0.000/s/bot | down 229 up 9 kbps/bot | rtt 46.5 ms loss 0.00% | input->applied ~ p50 83 p99 135 ms, round trip p50 101 p99 167 ms | joins 0 (p50 0 p99 0 ms) | server pace 0.71 level 0, 0 bots bandwidth-degraded | swarm busy 57%, overruns 11
[   40s] bots 10000/10000 connected, 10000 welcomed, 0 failed | 21.6 snaps/s/bot, entities/snap near 15.6 mid 41.9 far 58.7 | corrections 0.000/s/bot | down 226 up 9 kbps/bot | rtt 47.4 ms loss 0.00% | input->applied ~ p50 111 p99 143 ms, round trip p50 134 p99 169 ms | joins 0 (p50 0 p99 0 ms) | server pace 0.69 level 0, 0 bots bandwidth-degraded | swarm busy 55%, overruns 12
[   45s] bots 10000/10000 connected, 10000 welcomed, 0 failed | 20.7 snaps/s/bot, entities/snap near 15.6 mid 42.0 far 58.7 | corrections 0.000/s/bot | down 217 up 8 kbps/bot | rtt 44.9 ms loss 0.00% | input->applied ~ p50 103 p99 143 ms, round trip p50 133 p99 170 ms | joins 0 (p50 0 p99 0 ms) | server pace 0.72 level 0, 0 bots bandwidth-degraded | swarm busy 55%, overruns 20
[   50s] bots 10000/10000 connected, 10000 welcomed, 0 failed | 21.9 snaps/s/bot, entities/snap near 15.6 mid 42.0 far 58.7 | corrections 0.000/s/bot | down 231 up 9 kbps/bot | rtt 44.0 ms loss 0.00% | input->applied ~ p50 84 p99 139 ms, round trip p50 101 p99 168 ms | joins 0 (p50 0 p99 0 ms) | server pace 0.74 level 0, 0 bots bandwidth-degraded | swarm busy 56%, overruns 14
[   55s] bots 10000/10000 connected, 10000 welcomed, 0 failed | 21.5 snaps/s/bot, entities/snap near 15.6 mid 42.0 far 58.7 | corrections 0.000/s/bot | down 226 up 9 kbps/bot | rtt 46.2 ms loss 0.00% | input->applied ~ p50 92 p99 152 ms, round trip p50 133 p99 200 ms | joins 0 (p50 0 p99 0 ms) | server pace 0.69 level 0, 0 bots bandwidth-degraded | swarm busy 56%, overruns 10
[   60s] bots 10000/10000 connected, 10000 welcomed, 0 failed | 22.1 snaps/s/bot, entities/snap near 15.6 mid 42.0 far 58.7 | corrections 0.000/s/bot | down 232 up 9 kbps/bot | rtt 44.5 ms loss 0.00% | input->applied ~ p50 81 p99 121 ms, round trip p50 100 p99 167 ms | joins 0 (p50 0 p99 0 ms) | server pace 0.74 level 0, 0 bots bandwidth-degraded | swarm busy 56%, overruns 4

== bots summary ==
  started 10000 welcomed 10000 failed 0
  join latency ms: p50 770 p99 1737 max 1996 (n=10000)
  corrections 724 (0.07/bot-minute), mean error 0.065 m, max 0.133 m
  snapshots 12458245 (entities per snapshot: near 15.6 mid 41.8 far 58.5), stale 0, unmatched acks 0, resyncs 30
  input -> applied on server (est. RTT/2 + server wait): p50 95.0 p99 253.0 max 362.0 mean 100.8 ms (n=12426130)
    of which server wait (arrival -> applied): p50 72.0 p99 228.2 max 328.9 mean 77.7 ms (n=12426130)
  input -> seen acked (round trip): p50 133.0 p99 300.0 max 407.0 mean 134.9 ms (n=12450393)
  near entity update interval (tracked bots): p50 33.0 p99 33.0 max 100.0 mean 33.0 ms (n=9373238)
  mid entity update interval (tracked bots): p50 100.0 p99 100.0 max 500.0 mean 100.2 ms (n=25723720)
  far entity update interval (tracked bots): p50 500.0 p99 500.0 max 41500.0 mean 513.0 ms (n=36129224)
  input clock: 19715 extra inputs, 5296632 skipped ticks, 46696 backlog skips | near decode errors (tracked bots) 0
  bytes down 16297.5 MB up 622.9 MB | swarm busy 56% of its threads' time, tick overruns 146
