== uniform, 10000 bots, 60s -> baselines/2026-09-29-wsl2/uniform-10k-noladder-1
== summary: 1197 steady-state ticks (after warmup, before clients drain), peak 10000 clients ==
  phase        p50 ms   p99 ms   max ms
  ingress        3.68     7.47    10.50
  events         2.16     3.53     5.60
  movement       0.45     1.98     5.81
  grid           0.27     0.41     1.52
  history        0.01     0.02     0.03
  serialize      0.41     1.08     7.58
  assembly      14.03    21.58    25.38
  transport      8.87    13.06    23.97
  egress        16.93    22.90    34.37
  tick          47.22    63.56    78.46
  overruns 1197 | spawns 10000 despawns 10000 (53615 joins deferred) | stand-ins: repeated 25395 frozen 80022 | late inputs 24263 discarded 0 | bad messages 0 | recv errors 0 send errors 0
  egress (whole run): 21798310 datagrams in 21798310 sends (1.00 per send), 154151 syscalls
  ticks per ladder level (whole run): L0: 1431
  input wait on the server (datagram arrival -> applied): p50 72.1 p99 228.2 max 328.9 mean 77.7 ms
  steady state: stand-ins repeated 24293 frozen 0 | late inputs 24263 discarded 0
== bots summary ==
  started 10000 welcomed 10000 failed 0
  join latency ms: p50 770 p99 1737 max 1996 (n=10000)
  corrections 724 (0.07/bot-minute), mean error 0.065 m, max 0.133 m
  snapshots 12458245 (entities per snapshot: near 15.6 mid 41.8 far 58.5), stale 0, unmatched acks 0, resyncs 30
  input -> applied on server (est. RTT/2 + server wait): p50 95.0 p99 253.0 max 362.0 mean 100.8 ms (n=12426130)
    of which server wait (arrival -> applied): p50 72.0 p99 228.2 max 328.9 mean 77.7 ms (n=12426130)
  input -> seen acked (round trip): p50 133.0 p99 300.0 max 407.0 mean 134.9 ms (n=12450393)
  near entity update interval (tracked bots): p50 33.0 p99 33.0 max 100.0 mean 33.0 ms (n=9373238)
  mid entity update interval (tracked bots): p50 100.0 p99 100.0 max 500.0 mean 100.2 ms (n=25723720)
  far entity update interval (tracked bots): p50 500.0 p99 500.0 max 41500.0 mean 513.0 ms (n=36129224)
  input clock: 19715 extra inputs, 5296632 skipped ticks, 46696 backlog skips | near decode errors (tracked bots) 0
  bytes down 16297.5 MB up 622.9 MB | swarm busy 56% of its threads' time, tick overruns 146
