spawn=uniform
egress=sendmmsg
ladder=off
threads=8
shards=64
peak_clients=10000
steady_ticks=1197
steady_secs=57.0
ingress_p50_ms=3.68
ingress_p99_ms=7.47
ingress_max_ms=10.50
events_p50_ms=2.16
events_p99_ms=3.53
events_max_ms=5.60
movement_p50_ms=0.45
movement_p99_ms=1.98
movement_max_ms=5.81
grid_p50_ms=0.27
grid_p99_ms=0.41
grid_max_ms=1.52
history_p50_ms=0.01
history_p99_ms=0.02
history_max_ms=0.03
serialize_p50_ms=0.41
serialize_p99_ms=1.08
serialize_max_ms=7.58
assembly_p50_ms=14.03
assembly_p99_ms=21.58
assembly_max_ms=25.38
transport_p50_ms=8.87
transport_p99_ms=13.06
transport_max_ms=23.97
egress_p50_ms=16.93
egress_p99_ms=22.90
egress_max_ms=34.37
tick_p50_ms=47.22
tick_p99_ms=63.56
tick_max_ms=78.46
steady_overruns=1197
level_mode=0
tick_hz=30
dilation=1
levels=L0:1197
clients_avg=10000
out_pps=366770
in_pps=210037
egress_mbps=2206.9
packets_per_client_tick=1.75
wire_bytes_per_client_tick=1313
down_kbps_per_client=220.7
up_kbps_per_client=8.4
kernel_rcvbuf_drops=1666
kernel_sndbuf_drops=0
snapshot_bytes_per_client_tick=1254
near_bytes_per_client_tick=96
near_per_client_tick=15.6
mid_per_client_tick=42.0
far_per_client_tick=58.7
far_skipped=0
far_starved=0
repeated=24293
frozen=0
late_inputs=24263
discarded_inputs=0
input_wait_p50_ms=72.1
input_wait_p99_ms=228.2
spawns=10000
despawns=10000
joins_deferred=53615
bad_messages=0
recv_errors=0
send_errors=0
datagrams=21798310
sends=21798310
send_syscalls=154151
