preallocated connections for 10000 clients in 222.138053ms
listening on 127.0.0.1:40500 | spawn Uniform | tiers near 64@150 m, mid 500 m, far 1500 m, budget 6250 B/tick, squads of 4 | 8 rayon threads, 64 shards, 256 accepts/tick, egress SendMmsg | socket buffers rcv 8192 KiB snd 8192 KiB
WARNING: token key is the public dev key; anyone can mint tokens for this server (--token-key)
[    5s] clients 10000 | level 0 (0-0 in window: 30 Hz, dilation 1.0), pace 0.69, 0.0% clients bandwidth-degraded | tick p50 45.74 p99 54.18 max 65.07 ms, 75 overruns | out 276.9k pps 228 kbps/client, 1640 Mbps | in 181.8k pps 13 kbps/client | stand-ins: repeated 0.00% frozen 0.00%, 0 late inputs | per client-tick: 1166 B (near 93 B, 98% deltas), near 14.6 mid 38.4 far 54.5, far skipped 0 starved 0 | input wait p50 112.3 p99 256.5 ms | 53615 joins deferred | kernel drops rcv 0 snd 0
         p50/p99 ms: ingress 3.24/6.84  events 2.48/6.72  movement 0.42/0.91  grid 0.23/0.34  history 0.01/0.10  serialize 0.53/3.18  assembly 13.65/16.17  transport 8.49/12.98  egress 15.32/19.63
[   10s] clients 10000 | level 0 (0-0 in window: 30 Hz, dilation 1.0), pace 0.66, 0.0% clients bandwidth-degraded | tick p50 49.96 p99 55.81 max 58.01 ms, 100 overruns | out 347.6k pps 209 kbps/client, 2092 Mbps | in 198.9k pps 8 kbps/client | stand-ins: repeated 0.00% frozen 0.00%, 0 late inputs | per client-tick: 1254 B (near 96 B, 100% deltas), near 15.7 mid 42.0 far 58.7, far skipped 0 starved 0 | input wait p50 97.3 p99 128.2 ms | 0 joins deferred | kernel drops rcv 0 snd 0
         p50/p99 ms: ingress 3.71/5.27  events 2.29/3.13  movement 0.50/1.27  grid 0.26/0.35  history 0.01/0.01  serialize 0.44/1.00  assembly 14.85/20.63  transport 9.31/10.95  egress 18.27/20.43
[   15s] clients 10000 | level 0 (0-0 in window: 30 Hz, dilation 1.0), pace 0.64, 0.0% clients bandwidth-degraded | tick p50 51.01 p99 78.46 max 78.46 ms, 94 overruns | out 325.9k pps 196 kbps/client, 1961 Mbps | in 185.9k pps 7 kbps/client | stand-ins: repeated 2.58% frozen 0.00%, 24263 late inputs | per client-tick: 1254 B (near 96 B, 100% deltas), near 15.7 mid 41.9 far 58.7, far skipped 0 starved 0 | input wait p50 93.1 p99 295.9 ms | 0 joins deferred | kernel drops rcv 0 snd 0
         p50/p99 ms: ingress 4.06/8.88  events 2.29/5.60  movement 0.53/2.15  grid 0.30/1.52  history 0.01/0.03  serialize 0.46/1.20  assembly 15.54/24.89  transport 9.66/23.97  egress 18.46/27.79
[   20s] clients 10000 | level 0 (0-0 in window: 30 Hz, dilation 1.0), pace 0.73, 0.0% clients bandwidth-degraded | tick p50 46.78 p99 56.45 max 57.27 ms, 107 overruns | out 371.5k pps 224 kbps/client, 2235 Mbps | in 212.2k pps 8 kbps/client | stand-ins: repeated 0.00% frozen 0.00%, 0 late inputs | per client-tick: 1254 B (near 96 B, 100% deltas), near 15.7 mid 42.0 far 58.7, far skipped 0 starved 0 | input wait p50 48.8 p99 84.8 ms | 0 joins deferred | kernel drops rcv 0 snd 0
         p50/p99 ms: ingress 3.52/5.58  events 1.93/2.65  movement 0.46/0.87  grid 0.25/0.38  history 0.01/0.01  serialize 0.39/0.94  assembly 13.84/18.17  transport 8.72/11.67  egress 17.32/21.21
[   25s] clients 10000 | level 0 (0-0 in window: 30 Hz, dilation 1.0), pace 0.69, 0.0% clients bandwidth-degraded | tick p50 48.42 p99 58.56 max 63.56 ms, 103 overruns | out 359.1k pps 216 kbps/client, 2161 Mbps | in 206.8k pps 8 kbps/client | stand-ins: repeated 0.00% frozen 0.00%, 0 late inputs | per client-tick: 1254 B (near 96 B, 100% deltas), near 15.7 mid 42.0 far 58.7, far skipped 0 starved 0 | input wait p50 86.1 p99 124.6 ms | 0 joins deferred | kernel drops rcv 0 snd 0
         p50/p99 ms: ingress 3.65/7.43  events 2.18/3.68  movement 0.44/1.98  grid 0.26/0.40  history 0.01/0.01  serialize 0.42/1.63  assembly 14.44/20.60  transport 8.96/11.42  egress 17.14/24.31
[   30s] clients 10000 | level 0 (0-0 in window: 30 Hz, dilation 1.0), pace 0.73, 0.0% clients bandwidth-degraded | tick p50 46.23 p99 54.57 max 55.32 ms, 108 overruns | out 376.2k pps 226 kbps/client, 2264 Mbps | in 214.0k pps 9 kbps/client | stand-ins: repeated 0.00% frozen 0.00%, 0 late inputs | per client-tick: 1254 B (near 96 B, 100% deltas), near 15.6 mid 41.9 far 58.7, far skipped 0 starved 0 | input wait p50 57.0 p99 132.6 ms | 0 joins deferred | kernel drops rcv 0 snd 0
         p50/p99 ms: ingress 3.57/5.26  events 2.00/3.22  movement 0.44/1.23  grid 0.27/0.38  history 0.01/0.01  serialize 0.45/0.93  assembly 13.77/17.79  transport 8.56/11.07  egress 16.45/19.42
[   35s] clients 10000 | level 0 (0-0 in window: 30 Hz, dilation 1.0), pace 0.71, 0.0% clients bandwidth-degraded | tick p50 45.56 p99 55.57 max 56.80 ms, 110 overruns | out 381.3k pps 229 kbps/client, 2294 Mbps | in 220.1k pps 9 kbps/client | stand-ins: repeated 0.00% frozen 0.00%, 0 late inputs | per client-tick: 1254 B (near 95 B, 100% deltas), near 15.6 mid 42.0 far 58.7, far skipped 0 starved 0 | input wait p50 61.6 p99 111.6 ms | 0 joins deferred | kernel drops rcv 0 snd 0
         p50/p99 ms: ingress 3.69/5.08  events 2.14/3.12  movement 0.45/1.03  grid 0.27/0.36  history 0.01/0.01  serialize 0.41/0.93  assembly 13.58/19.12  transport 8.69/12.95  egress 15.87/19.24
[   40s] clients 10000 | level 0 (0-0 in window: 30 Hz, dilation 1.0), pace 0.69, 0.0% clients bandwidth-degraded | tick p50 46.96 p99 54.67 max 56.83 ms, 106 overruns | out 368.0k pps 221 kbps/client, 2215 Mbps | in 210.9k pps 8 kbps/client | stand-ins: repeated 0.00% frozen 0.00%, 0 late inputs | per client-tick: 1254 B (near 96 B, 100% deltas), near 15.6 mid 42.0 far 58.7, far skipped 0 starved 0 | input wait p50 87.5 p99 118.2 ms | 0 joins deferred | kernel drops rcv 0 snd 0
         p50/p99 ms: ingress 3.55/7.80  events 2.21/3.12  movement 0.44/1.16  grid 0.26/0.36  history 0.01/0.01  serialize 0.40/0.98  assembly 13.94/20.66  transport 8.94/11.89  egress 16.82/19.93
[   45s] clients 10000 | level 0 (0-0 in window: 30 Hz, dilation 1.0), pace 0.72, 0.0% clients bandwidth-degraded | tick p50 47.67 p99 53.72 max 53.97 ms, 106 overruns | out 369.1k pps 222 kbps/client, 2221 Mbps | in 209.6k pps 8 kbps/client | stand-ins: repeated 0.00% frozen 0.00%, 0 late inputs | per client-tick: 1254 B (near 96 B, 100% deltas), near 15.6 mid 42.0 far 58.7, far skipped 0 starved 0 | input wait p50 78.9 p99 118.2 ms | 0 joins deferred | kernel drops rcv 0 snd 0
         p50/p99 ms: ingress 3.76/5.32  events 2.18/3.29  movement 0.45/3.13  grid 0.26/0.35  history 0.01/0.01  serialize 0.39/0.89  assembly 13.87/17.05  transport 8.90/13.02  egress 17.50/20.55
[   50s] clients 10000 | level 0 (0-0 in window: 30 Hz, dilation 1.0), pace 0.74, 0.0% clients bandwidth-degraded | tick p50 46.23 p99 54.96 max 57.09 ms, 109 overruns | out 378.8k pps 228 kbps/client, 2279 Mbps | in 217.0k pps 9 kbps/client | stand-ins: repeated 0.00% frozen 0.00%, 0 late inputs | per client-tick: 1254 B (near 95 B, 100% deltas), near 15.6 mid 42.0 far 58.7, far skipped 0 starved 0 | input wait p50 61.7 p99 114.9 ms | 0 joins deferred | kernel drops rcv 0 snd 0
         p50/p99 ms: ingress 3.65/5.01  events 2.09/3.01  movement 0.45/1.34  grid 0.27/0.36  history 0.01/0.02  serialize 0.41/2.18  assembly 13.76/17.20  transport 8.75/13.41  egress 16.63/20.83
[   55s] clients 10000 | level 0 (0-0 in window: 30 Hz, dilation 1.0), pace 0.69, 0.0% clients bandwidth-degraded | tick p50 46.15 p99 55.39 max 57.85 ms, 108 overruns | out 376.1k pps 226 kbps/client, 2263 Mbps | in 216.2k pps 9 kbps/client | stand-ins: repeated 0.00% frozen 0.00%, 0 late inputs | per client-tick: 1254 B (near 95 B, 100% deltas), near 15.6 mid 42.0 far 58.7, far skipped 0 starved 0 | input wait p50 70.8 p99 128.0 ms | 0 joins deferred | kernel drops rcv 0 snd 0
         p50/p99 ms: ingress 3.71/5.80  events 2.15/3.37  movement 0.45/0.97  grid 0.28/0.36  history 0.01/0.01  serialize 0.39/0.73  assembly 13.70/17.48  transport 8.86/12.37  egress 16.60/19.70
[   60s] clients 10000 | level 0 (0-0 in window: 30 Hz, dilation 1.0), pace 0.73, 0.0% clients bandwidth-degraded | tick p50 45.66 p99 51.82 max 52.48 ms, 110 overruns | out 382.3k pps 230 kbps/client, 2300 Mbps | in 218.7k pps 9 kbps/client | stand-ins: repeated 0.00% frozen 0.00%, 0 late inputs | per client-tick: 1254 B (near 95 B, 100% deltas), near 15.6 mid 42.0 far 58.7, far skipped 0 starved 0 | input wait p50 58.2 p99 90.0 ms | 0 joins deferred | kernel drops rcv 0 snd 0
         p50/p99 ms: ingress 3.67/4.71  events 2.12/2.80  movement 0.44/0.89  grid 0.25/0.35  history 0.01/0.01  serialize 0.40/0.94  assembly 13.61/17.57  transport 8.66/12.16  egress 15.86/19.64
[   65s] clients 551 | level 0 (0-0 in window: 30 Hz, dilation 1.0), pace 1.00, 0.0% clients bandwidth-degraded | tick p50 3.45 p99 45.87 max 46.69 ms, 3 overruns | out 27.7k pps 118 kbps/client, 92 Mbps | in 9.9k pps 3 kbps/client | stand-ins: repeated 0.95% frozen 68.36%, 0 late inputs | per client-tick: 452 B (near 42 B, 87% deltas), near 5.3 mid 13.6 far 19.5, far skipped 0 starved 0 | input wait p50 60.3 p99 79.4 ms | 0 joins deferred | kernel drops rcv 1666 snd 0
         p50/p99 ms: ingress 0.33/3.49  events 0.00/7.83  movement 0.40/1.11  grid 0.10/0.25  history 0.00/0.01  serialize 0.55/1.00  assembly 0.44/13.39  transport 0.38/8.25  egress 0.98/16.74
[   65s] clients 0 | level 0 (0-0 in window: 30 Hz, dilation 1.0), pace 1.00, 0.0% clients bandwidth-degraded | tick p50 3.75 p99 3.79 max 3.79 ms, 0 overruns | out 6.8k pps 37 kbps/client, 8 Mbps | in 0.0k pps 0 kbps/client | stand-ins: repeated 0.00% frozen 100.00%, 0 late inputs | per client-tick: 120 B (near 19 B, 0% deltas), near 1.0 mid 2.1 far 3.0, far skipped 0 starved 0 | input wait p50 0.0 p99 0.0 ms | 0 joins deferred | kernel drops rcv 0 snd 0
         p50/p99 ms: ingress 0.58/0.84  events 0.26/0.82  movement 0.25/0.33  grid 0.08/0.12  history 0.00/0.00  serialize 0.79/0.92  assembly 0.24/0.39  transport 0.42/0.43  egress 0.49/1.05

== summary: 1197 steady-state ticks (after warmup, before clients drain), peak 10000 clients ==
  phase        p50 ms   p99 ms   max ms
  ingress        3.68     7.47    10.50
  events         2.16     3.53     5.60
  movement       0.45     1.98     5.81
  grid           0.27     0.41     1.52
  history        0.01     0.02     0.03
  serialize      0.41     1.08     7.58
  assembly      14.03    21.58    25.38
  transport      8.87    13.06    23.97
  egress        16.93    22.90    34.37
  tick          47.22    63.56    78.46
  overruns 1197 | spawns 10000 despawns 10000 (53615 joins deferred) | stand-ins: repeated 25395 frozen 80022 | late inputs 24263 discarded 0 | bad messages 0 | recv errors 0 send errors 0
  egress (whole run): 21798310 datagrams in 21798310 sends (1.00 per send), 154151 syscalls
  ticks per ladder level (whole run): L0: 1431
  input wait on the server (datagram arrival -> applied): p50 72.1 p99 228.2 max 328.9 mean 77.7 ms
  steady state: stand-ins repeated 24293 frozen 0 | late inputs 24263 discarded 0
