started=10000
welcomed=10000
failed=0
join_p50_ms=743
join_p99_ms=1549
join_max_ms=1688
corrections=59
corrections_per_bot_minute=0.006
correction_max_m=0.145
push_corrections=5998
push_corrections_per_bot_minute=0.600
push_max_m=0.263
snapshots=17768303
near_per_snapshot=15.6
mid_per_snapshot=41.8
far_per_snapshot=58.5
stale_snapshots=0
resyncs=1161
input_applied_p50_ms=58.0
input_applied_p99_ms=74.0
input_applied_mean_ms=58.0
server_wait_p50_ms=49.9
server_wait_p99_ms=66.6
server_wait_mean_ms=50.3
round_trip_p50_ms=67.0
round_trip_p99_ms=100.0
round_trip_mean_ms=81.9
slot_work_p50_ms=0.5
slot_work_p99_ms=3.7
slot_work_mean_ms=1.1
slot_late_p50_ms=0.0
slot_late_p99_ms=0.1
slot_late_mean_ms=0.0
near_interval_p50_ms=33.0
near_interval_p99_ms=33.0
near_interval_mean_ms=33.0
mid_interval_p50_ms=100.0
mid_interval_p99_ms=100.0
mid_interval_mean_ms=100.2
far_interval_p50_ms=500.0
far_interval_p99_ms=500.0
far_interval_mean_ms=500.0
slot_late_max_ms=57.3
near_interpolated_pct=99.85
near_extrapolated_pct=0.03
near_held_pct=0.00
near_new_pct=0.13
near_pop_p50_mm=0
near_pop_p99_mm=0
mid_interpolated_pct=99.52
mid_extrapolated_pct=0.13
mid_held_pct=0.01
mid_new_pct=0.34
mid_pop_p50_mm=0
mid_pop_p99_mm=0
far_interpolated_pct=40.21
far_extrapolated_pct=58.83
far_held_pct=0.51
far_new_pct=0.45
far_pop_p50_mm=409
far_pop_p99_mm=3677
render_delay_ms=67.7
render_snaps=0
shots_seen=0
activity_cells=0
activity_shots=0
ambient=0
streak_frames_per_million=15959
clock_slewing_pct=4.66
delay_changes=53
render_backwards=0
clock_extra=18320
clock_skipped=5034
backlog_skips=90
near_decode_errors=0
bytes_down_mb=23817.9
bytes_up_mb=1119.1
swarm_busy_pct=27
swarm_overruns=284
