== uniform, 10000 bots, 60s -> baselines/2026-10-07-aws-full/uniform-10k-noladder-2
== summary: 1708 steady-state ticks (after warmup, before clients drain), peak 10000 clients ==
  phase        p50 ms   p99 ms   max ms
  ingress        1.23     2.62     2.83
  events         4.06     5.26     6.05
  movement       1.00     1.23     1.41
  grid           0.48     0.59     0.75
  separate       0.55     1.04     1.38
  history        0.02     0.05     0.07
  shots          0.07     0.27     0.34
  serialize      0.31     0.51     0.61
  assembly       3.12     3.98     5.86
  transport      2.00     2.39     7.59
  egress         3.94     4.42     5.59
  tick          16.97    18.84    22.21
  overruns 0 | spawns 10000 despawns 10000 (55747 joins deferred) | deaths 0 respawns 0 | stand-ins: repeated 2941 frozen 3796 | late inputs 1620 discarded 0 | bad messages 0 | recv errors 0 send errors 0
  egress (whole run): 31125671 datagrams in 31125671 sends (1.00 per send), 204302 syscalls
  ingress (whole run): 17874073 datagrams in 301701 receive calls (59.24 per call)
  ticks per ladder level (whole run): L0: 1967
  input wait on the server (datagram arrival -> applied): p50 49.9 p99 66.6 max 140.0 mean 50.3 ms
  steady state: stand-ins repeated 0 frozen 0 | late inputs 0 discarded 0
  rewind of near targets (applied step - the input's render step for that tier): p50 133 p99 167 max 232 mean 146.7 ms (n=17664143)
  rewind of mid/far targets (applied step - the input's render step for that tier): p50 267 p99 300 max 366 mean 280.2 ms (n=17664143)
  render times ahead of the server (bogus) 0
  shots 0 (late 0, refused 0, rewinds capped 0) | hits head 0 body 0 (after cover 0, too late 0), kills 0 | ground 0 cover 0 expired 0 | segments 0 candidates 0
== bots summary ==
  started 10000 welcomed 10000 failed 0
  join latency ms: p50 743 p99 1549 max 1688 (n=10000)
  corrections 59 (0.01/bot-minute), mean error 0.069 m, max 0.145 m
  push corrections (the server pushed us apart from a crowd) 5998 (0.60/bot-minute), max 0.263 m
  snapshots 17768303 (entities per snapshot: near 15.6 mid 41.8 far 58.5), stale 0, unmatched acks 0, resyncs 1161
  input -> applied on server (est. RTT/2 + server wait): p50 58.0 p99 74.0 max 148.0 mean 58.0 ms (n=17761594)
    of which server wait (arrival -> applied): p50 49.9 p99 66.6 max 140.0 mean 50.3 ms (n=17761594)
  input -> seen acked (round trip): p50 67.0 p99 100.0 max 167.0 mean 81.9 ms (n=17763214)
  near entity update interval (tracked bots): p50 33.0 p99 33.0 max 100.0 mean 33.0 ms (n=13857311)
  mid entity update interval (tracked bots): p50 100.0 p99 100.0 max 900.0 mean 100.2 ms (n=36753320)
  far entity update interval (tracked bots): p50 500.0 p99 500.0 max 2000.0 mean 500.0 ms (n=50864395)
  near drawn (tracked bots): 99.85% interpolated, 0.03% extrapolated, 0.00% held, 0.13% new | pops p50 0 p99 0 max 165 mm
  mid drawn (tracked bots): 99.52% interpolated, 0.13% extrapolated, 0.01% held, 0.34% new | pops p50 0 p99 0 max 4666 mm
  far drawn (tracked bots): 40.21% interpolated, 58.83% extrapolated, 0.51% held, 0.45% new | pops p50 409 p99 3677 max 18940 mm
  render delay (near) 67.7 ms behind the newest step, clock snaps 0 (backwards 0), slewing 4.66% of frames, near delay changes 53 | streak entity-frames (drawn > 20 m/s) 14313745
  input clock: 18320 extra inputs, 5034 skipped ticks, 90 backlog skips | near decode errors (tracked bots) 0
  bytes down 23817.9 MB up 1119.1 MB | swarm busy 27% of its threads' time, tick overruns 284
