preallocated connections for 10000 clients in 248.577706ms
listening on 172.31.17.93:40500 | spawn Uniform | tiers near 64@150 m, mid 500 m, far 1500 m, budget 6250 B/tick, squads of 4 | 64 rayon threads, 64 shards, 1 socket(s), 256 accepts/tick, egress SendMmsg, ingress RecvMmsg | socket buffers rcv 32768 KiB snd 32768 KiB
[    5s] clients 10000 | level 0 (0-0 in window: 30 Hz, dilation 1.0), pace 1.00, 0.0% clients bandwidth-degraded | tick p50 16.63 p99 20.02 max 21.14 ms, 0 overruns | out 383.9k pps 308 kbps/client, 2325 Mbps | in 238.9k pps 19 kbps/client, 57.7 per recv, receive thread busy 25% | stand-ins: repeated 0.26% frozen 0.00%, 1620 late inputs | per client-tick: 1222 B (near 107 B, 99% deltas), near 14.9 mid 39.5 far 55.8, far skipped 0 starved 0 | input wait p50 50.6 p99 108.0 ms | 55747 joins deferred | kernel drops rcv 0 snd 0
         p50/p99 ms: ingress 1.31/7.38  events 3.95/5.64  movement 0.96/1.14  grid 0.47/0.60  separate 0.53/1.12  history 0.02/0.16  shots 0.07/0.26  serialize 0.32/0.51  assembly 3.01/3.94  transport 1.87/2.32  egress 3.83/4.53
[   10s] clients 10000 | level 0 (0-0 in window: 30 Hz, dilation 1.0), pace 1.00, 0.0% clients bandwidth-degraded | tick p50 17.00 p99 18.65 max 18.78 ms, 0 overruns | out 525.7k pps 323 kbps/client, 3226 Mbps | in 299.9k pps 15 kbps/client, 59.3 per recv, receive thread busy 30% | stand-ins: repeated 0.00% frozen 0.00%, 0 late inputs | per client-tick: 1284 B (near 110 B, 100% deltas), near 15.7 mid 41.9 far 58.7, far skipped 0 starved 0 | input wait p50 49.9 p99 66.5 ms | 0 joins deferred | kernel drops rcv 0 snd 0
         p50/p99 ms: ingress 1.24/2.58  events 4.05/5.45  movement 1.00/1.35  grid 0.48/0.62  separate 0.54/0.94  history 0.02/0.06  shots 0.07/0.28  serialize 0.30/0.40  assembly 3.14/3.97  transport 2.00/2.40  egress 3.94/4.37
[   15s] clients 10000 | level 0 (0-0 in window: 30 Hz, dilation 1.0), pace 1.00, 0.0% clients bandwidth-degraded | tick p50 17.19 p99 18.84 max 19.61 ms, 0 overruns | out 525.7k pps 322 kbps/client, 3224 Mbps | in 300.0k pps 15 kbps/client, 59.3 per recv, receive thread busy 29% | stand-ins: repeated 0.00% frozen 0.00%, 0 late inputs | per client-tick: 1284 B (near 110 B, 100% deltas), near 15.7 mid 41.9 far 58.7, far skipped 0 starved 0 | input wait p50 49.8 p99 66.5 ms | 0 joins deferred | kernel drops rcv 0 snd 0
         p50/p99 ms: ingress 1.25/2.65  events 4.10/5.37  movement 1.00/1.22  grid 0.48/0.69  separate 0.55/1.00  history 0.02/0.06  shots 0.07/0.27  serialize 0.32/0.39  assembly 3.16/4.07  transport 2.02/2.48  egress 3.93/4.58
[   20s] clients 10000 | level 0 (0-0 in window: 30 Hz, dilation 1.0), pace 1.00, 0.0% clients bandwidth-degraded | tick p50 17.19 p99 18.66 max 18.69 ms, 0 overruns | out 525.8k pps 322 kbps/client, 3224 Mbps | in 300.0k pps 15 kbps/client, 59.3 per recv, receive thread busy 30% | stand-ins: repeated 0.00% frozen 0.00%, 0 late inputs | per client-tick: 1284 B (near 110 B, 100% deltas), near 15.7 mid 41.9 far 58.7, far skipped 0 starved 0 | input wait p50 49.8 p99 66.5 ms | 0 joins deferred | kernel drops rcv 0 snd 0
         p50/p99 ms: ingress 1.24/2.62  events 4.12/5.49  movement 1.00/1.25  grid 0.48/0.59  separate 0.56/1.04  history 0.02/0.07  shots 0.07/0.27  serialize 0.31/0.53  assembly 3.14/4.22  transport 1.99/2.34  egress 3.95/4.38
[   25s] clients 10000 | level 0 (0-0 in window: 30 Hz, dilation 1.0), pace 1.00, 0.0% clients bandwidth-degraded | tick p50 16.91 p99 18.70 max 18.97 ms, 0 overruns | out 526.0k pps 323 kbps/client, 3225 Mbps | in 299.9k pps 15 kbps/client, 59.5 per recv, receive thread busy 30% | stand-ins: repeated 0.00% frozen 0.00%, 0 late inputs | per client-tick: 1284 B (near 110 B, 100% deltas), near 15.6 mid 41.9 far 58.7, far skipped 0 starved 0 | input wait p50 49.9 p99 66.5 ms | 0 joins deferred | kernel drops rcv 0 snd 0
         p50/p99 ms: ingress 1.22/1.94  events 4.09/5.04  movement 1.00/1.29  grid 0.48/0.68  separate 0.53/0.93  history 0.02/0.05  shots 0.07/0.26  serialize 0.31/0.39  assembly 3.12/3.75  transport 1.99/2.51  egress 3.92/5.07
[   30s] clients 10000 | level 0 (0-0 in window: 30 Hz, dilation 1.0), pace 1.00, 0.0% clients bandwidth-degraded | tick p50 16.82 p99 18.91 max 20.02 ms, 0 overruns | out 525.9k pps 323 kbps/client, 3225 Mbps | in 299.9k pps 15 kbps/client, 59.5 per recv, receive thread busy 29% | stand-ins: repeated 0.00% frozen 0.00%, 0 late inputs | per client-tick: 1284 B (near 110 B, 100% deltas), near 15.7 mid 41.9 far 58.7, far skipped 0 starved 0 | input wait p50 49.9 p99 66.5 ms | 0 joins deferred | kernel drops rcv 0 snd 0
         p50/p99 ms: ingress 1.23/2.62  events 4.01/5.07  movement 0.99/1.24  grid 0.48/0.60  separate 0.55/1.07  history 0.02/0.04  shots 0.07/0.26  serialize 0.31/0.59  assembly 3.09/3.81  transport 1.99/2.32  egress 3.94/4.73
[   35s] clients 10000 | level 0 (0-0 in window: 30 Hz, dilation 1.0), pace 1.00, 0.0% clients bandwidth-degraded | tick p50 16.93 p99 18.84 max 18.98 ms, 0 overruns | out 525.9k pps 322 kbps/client, 3224 Mbps | in 299.9k pps 15 kbps/client, 59.4 per recv, receive thread busy 30% | stand-ins: repeated 0.00% frozen 0.00%, 0 late inputs | per client-tick: 1284 B (near 110 B, 100% deltas), near 15.7 mid 42.0 far 58.7, far skipped 0 starved 0 | input wait p50 49.9 p99 66.6 ms | 0 joins deferred | kernel drops rcv 0 snd 0
         p50/p99 ms: ingress 1.23/2.54  events 4.06/5.04  movement 0.99/1.26  grid 0.48/0.57  separate 0.54/1.03  history 0.02/0.05  shots 0.07/0.26  serialize 0.30/0.57  assembly 3.08/4.08  transport 1.99/2.35  egress 3.94/4.55
[   40s] clients 10000 | level 0 (0-0 in window: 30 Hz, dilation 1.0), pace 1.00, 0.0% clients bandwidth-degraded | tick p50 16.92 p99 18.73 max 18.79 ms, 0 overruns | out 526.3k pps 323 kbps/client, 3227 Mbps | in 299.9k pps 15 kbps/client, 59.3 per recv, receive thread busy 30% | stand-ins: repeated 0.00% frozen 0.00%, 0 late inputs | per client-tick: 1284 B (near 110 B, 100% deltas), near 15.7 mid 42.0 far 58.7, far skipped 0 starved 0 | input wait p50 49.9 p99 66.6 ms | 0 joins deferred | kernel drops rcv 0 snd 0
         p50/p99 ms: ingress 1.22/2.66  events 4.05/5.63  movement 0.99/1.17  grid 0.48/0.57  separate 0.54/1.09  history 0.02/0.05  shots 0.07/0.26  serialize 0.31/0.44  assembly 3.11/3.74  transport 2.00/2.37  egress 3.94/4.33
[   45s] clients 10000 | level 0 (0-0 in window: 30 Hz, dilation 1.0), pace 1.00, 0.0% clients bandwidth-degraded | tick p50 16.87 p99 18.77 max 18.79 ms, 0 overruns | out 526.4k pps 323 kbps/client, 3226 Mbps | in 300.0k pps 15 kbps/client, 59.4 per recv, receive thread busy 30% | stand-ins: repeated 0.00% frozen 0.00%, 0 late inputs | per client-tick: 1284 B (near 110 B, 100% deltas), near 15.6 mid 42.0 far 58.7, far skipped 0 starved 0 | input wait p50 49.9 p99 66.5 ms | 0 joins deferred | kernel drops rcv 0 snd 0
         p50/p99 ms: ingress 1.21/2.35  events 4.05/5.09  movement 0.99/1.28  grid 0.48/0.57  separate 0.54/1.01  history 0.02/0.04  shots 0.07/0.26  serialize 0.31/0.51  assembly 3.09/4.11  transport 2.00/2.39  egress 3.96/4.38
[   50s] clients 10000 | level 0 (0-0 in window: 30 Hz, dilation 1.0), pace 1.00, 0.0% clients bandwidth-degraded | tick p50 16.99 p99 19.08 max 19.10 ms, 0 overruns | out 526.2k pps 323 kbps/client, 3225 Mbps | in 299.9k pps 15 kbps/client, 59.4 per recv, receive thread busy 29% | stand-ins: repeated 0.00% frozen 0.00%, 0 late inputs | per client-tick: 1284 B (near 110 B, 100% deltas), near 15.7 mid 42.0 far 58.7, far skipped 0 starved 0 | input wait p50 49.9 p99 66.6 ms | 0 joins deferred | kernel drops rcv 0 snd 0
         p50/p99 ms: ingress 1.24/2.65  events 4.04/5.33  movement 1.00/1.15  grid 0.48/0.56  separate 0.56/1.15  history 0.02/0.06  shots 0.07/0.28  serialize 0.31/0.42  assembly 3.14/3.76  transport 2.02/2.39  egress 3.97/5.16
[   55s] clients 10000 | level 0 (0-0 in window: 30 Hz, dilation 1.0), pace 1.00, 0.0% clients bandwidth-degraded | tick p50 17.07 p99 19.25 max 20.24 ms, 0 overruns | out 526.1k pps 323 kbps/client, 3226 Mbps | in 300.0k pps 15 kbps/client, 59.2 per recv, receive thread busy 30% | stand-ins: repeated 0.00% frozen 0.00%, 0 late inputs | per client-tick: 1284 B (near 110 B, 100% deltas), near 15.7 mid 42.0 far 58.7, far skipped 0 starved 0 | input wait p50 49.8 p99 66.5 ms | 0 joins deferred | kernel drops rcv 0 snd 0
         p50/p99 ms: ingress 1.24/2.59  events 4.07/5.78  movement 1.01/1.13  grid 0.48/0.58  separate 0.54/0.93  history 0.02/0.06  shots 0.07/0.28  serialize 0.30/0.45  assembly 3.10/4.20  transport 2.02/2.35  egress 3.94/4.46
[   60s] clients 10000 | level 0 (0-0 in window: 30 Hz, dilation 1.0), pace 1.00, 0.0% clients bandwidth-degraded | tick p50 16.95 p99 19.40 max 19.56 ms, 0 overruns | out 526.2k pps 323 kbps/client, 3226 Mbps | in 299.9k pps 15 kbps/client, 59.3 per recv, receive thread busy 29% | stand-ins: repeated 0.00% frozen 0.00%, 0 late inputs | per client-tick: 1284 B (near 110 B, 100% deltas), near 15.7 mid 41.9 far 58.7, far skipped 0 starved 0 | input wait p50 49.9 p99 66.6 ms | 0 joins deferred | kernel drops rcv 0 snd 0
         p50/p99 ms: ingress 1.23/2.66  events 4.07/5.14  movement 1.00/1.19  grid 0.48/0.55  separate 0.56/1.05  history 0.02/0.06  shots 0.07/0.27  serialize 0.30/0.41  assembly 3.11/4.03  transport 2.00/2.31  egress 3.93/4.22
[   65s] clients 26 | level 0 (0-0 in window: 30 Hz, dilation 1.0), pace 1.00, 0.0% clients bandwidth-degraded | tick p50 1.98 p99 22.21 max 31.38 ms, 0 overruns | out 25.5k pps 303 kbps/client, 151 Mbps | in 19.6k pps 16 kbps/client, 60.8 per recv, receive thread busy 2% | stand-ins: repeated 0.07% frozen 4.85%, 0 late inputs | per client-tick: 1202 B (near 103 B, 100% deltas), near 14.7 mid 39.1 far 54.8, far skipped 0 starved 0 | input wait p50 49.9 p99 66.6 ms | 0 joins deferred | kernel drops rcv 0 snd 0
         p50/p99 ms: ingress 0.46/1.49  events 0.00/4.98  movement 0.17/1.03  grid 0.23/0.48  separate 0.40/0.62  history 0.03/0.05  shots 0.09/0.20  serialize 0.26/0.52  assembly 0.14/3.18  transport 0.09/2.15  egress 0.09/3.95
[   66s] clients 0 | level 0 (0-0 in window: 30 Hz, dilation 1.0), pace 1.00, 0.0% clients bandwidth-degraded | tick p50 2.22 p99 2.59 max 2.59 ms, 0 overruns | out 0.6k pps 20 kbps/client, 0 Mbps | in 0.0k pps 0 kbps/client, 0.0 per recv, receive thread busy 0% | stand-ins: repeated 0.00% frozen 100.00%, 0 late inputs | per client-tick: 53 B (near 2 B, 0% deltas), near 0.1 mid 0.0 far 0.2, far skipped 0 starved 0 | input wait p50 0.0 p99 0.0 ms | 0 joins deferred | kernel drops rcv 0 snd 0
         p50/p99 ms: ingress 0.46/0.56  events 0.00/0.08  movement 0.20/0.40  grid 0.23/0.25  separate 0.39/0.46  history 0.03/0.04  shots 0.18/0.34  serialize 0.30/0.34  assembly 0.15/0.31  transport 0.10/0.16  egress 0.10/0.17

== summary: 1708 steady-state ticks (after warmup, before clients drain), peak 10000 clients ==
  phase        p50 ms   p99 ms   max ms
  ingress        1.23     2.62     2.83
  events         4.06     5.26     6.05
  movement       1.00     1.23     1.41
  grid           0.48     0.59     0.75
  separate       0.55     1.04     1.38
  history        0.02     0.05     0.07
  shots          0.07     0.27     0.34
  serialize      0.31     0.51     0.61
  assembly       3.12     3.98     5.86
  transport      2.00     2.39     7.59
  egress         3.94     4.42     5.59
  tick          16.97    18.84    22.21
  overruns 0 | spawns 10000 despawns 10000 (55747 joins deferred) | deaths 0 respawns 0 | stand-ins: repeated 2941 frozen 3796 | late inputs 1620 discarded 0 | bad messages 0 | recv errors 0 send errors 0
  egress (whole run): 31125671 datagrams in 31125671 sends (1.00 per send), 204302 syscalls
  ingress (whole run): 17874073 datagrams in 301701 receive calls (59.24 per call)
  ticks per ladder level (whole run): L0: 1967
  input wait on the server (datagram arrival -> applied): p50 49.9 p99 66.6 max 140.0 mean 50.3 ms
  steady state: stand-ins repeated 0 frozen 0 | late inputs 0 discarded 0
  rewind of near targets (applied step - the input's render step for that tier): p50 133 p99 167 max 232 mean 146.7 ms (n=17664143)
  rewind of mid/far targets (applied step - the input's render step for that tier): p50 267 p99 300 max 366 mean 280.2 ms (n=17664143)
  render times ahead of the server (bogus) 0
  shots 0 (late 0, refused 0, rewinds capped 0) | hits head 0 body 0 (after cover 0, too late 0), kills 0 | ground 0 cover 0 expired 0 | segments 0 candidates 0
