10000 bots -> 172.16.16.2:40500 on 24 threads, ramp 0/s, 60s, 10000 full + 0 sink bots
[    5s] bots 10000/10000 connected, 10000 welcomed, 0 failed | 17.3 snaps/s/bot, entities/snap near 16.4 mid 27.5 far 28.5 | corrections 0.022/s/bot | down 114 up 8 kbps/bot | rtt 99.0 ms loss 0.00% | input->applied ~ p50 120 p99 289 ms, round trip p50 200 p99 367 ms | joins 10000 (p50 872 p99 1716 ms) | server pace 0.84 level 3, 0 bots bandwidth-degraded | swarm busy 15%, overruns 0
[   10s] bots 10000/10000 connected, 10000 welcomed, 0 failed | 22.2 snaps/s/bot, entities/snap near 16.8 mid 12.1 far 6.6 | corrections 0.118/s/bot | down 71 up 11 kbps/bot | rtt 98.3 ms loss 0.00% | input->applied ~ p50 100 p99 163 ms, round trip p50 167 p99 233 ms | joins 0 (p50 0 p99 0 ms) | server pace 1.00 level 6, 0 bots bandwidth-degraded | swarm busy 17%, overruns 0
[   15s] bots 10000/10000 connected, 10000 welcomed, 0 failed | 18.4 snaps/s/bot, entities/snap near 16.3 mid 11.5 far 6.2 | corrections 0.002/s/bot | down 57 up 11 kbps/bot | rtt 98.1 ms loss 0.00% | input->applied ~ p50 107 p99 163 ms, round trip p50 167 p99 233 ms | joins 0 (p50 0 p99 0 ms) | server pace 1.00 level 6, 0 bots bandwidth-degraded | swarm busy 17%, overruns 0
[   20s] bots 10000/10000 connected, 10000 welcomed, 0 failed | 19.7 snaps/s/bot, entities/snap near 16.3 mid 11.5 far 6.2 | corrections 0.003/s/bot | down 61 up 12 kbps/bot | rtt 98.4 ms loss 0.00% | input->applied ~ p50 107 p99 163 ms, round trip p50 167 p99 233 ms | joins 0 (p50 0 p99 0 ms) | server pace 1.00 level 6, 0 bots bandwidth-degraded | swarm busy 18%, overruns 0
[   25s] bots 10000/10000 connected, 10000 welcomed, 0 failed | 19.6 snaps/s/bot, entities/snap near 16.3 mid 11.6 far 6.2 | corrections 0.003/s/bot | down 60 up 12 kbps/bot | rtt 98.2 ms loss 0.00% | input->applied ~ p50 106 p99 163 ms, round trip p50 167 p99 233 ms | joins 0 (p50 0 p99 0 ms) | server pace 1.00 level 6, 0 bots bandwidth-degraded | swarm busy 18%, overruns 0
[   30s] bots 10000/10000 connected, 10000 welcomed, 0 failed | 18.6 snaps/s/bot, entities/snap near 16.2 mid 11.6 far 6.2 | corrections 0.003/s/bot | down 57 up 12 kbps/bot | rtt 98.2 ms loss 0.00% | input->applied ~ p50 106 p99 163 ms, round trip p50 167 p99 233 ms | joins 0 (p50 0 p99 0 ms) | server pace 1.00 level 6, 0 bots bandwidth-degraded | swarm busy 18%, overruns 0
[   35s] bots 10000/10000 connected, 10000 welcomed, 0 failed | 19.9 snaps/s/bot, entities/snap near 16.2 mid 11.6 far 6.2 | corrections 0.003/s/bot | down 61 up 12 kbps/bot | rtt 98.3 ms loss 0.00% | input->applied ~ p50 106 p99 163 ms, round trip p50 167 p99 233 ms | joins 0 (p50 0 p99 0 ms) | server pace 1.00 level 6, 0 bots bandwidth-degraded | swarm busy 18%, overruns 0
[   40s] bots 10000/10000 connected, 10000 welcomed, 0 failed | 19.3 snaps/s/bot, entities/snap near 16.2 mid 11.6 far 6.2 | corrections 0.003/s/bot | down 60 up 12 kbps/bot | rtt 97.9 ms loss 0.00% | input->applied ~ p50 106 p99 163 ms, round trip p50 167 p99 233 ms | joins 0 (p50 0 p99 0 ms) | server pace 1.00 level 6, 0 bots bandwidth-degraded | swarm busy 18%, overruns 0
[   45s] bots 10000/10000 connected, 10000 welcomed, 0 failed | 19.0 snaps/s/bot, entities/snap near 16.2 mid 11.6 far 6.2 | corrections 0.003/s/bot | down 58 up 12 kbps/bot | rtt 98.1 ms loss 0.00% | input->applied ~ p50 106 p99 162 ms, round trip p50 167 p99 233 ms | joins 0 (p50 0 p99 0 ms) | server pace 1.00 level 6, 0 bots bandwidth-degraded | swarm busy 18%, overruns 0
[   50s] bots 10000/10000 connected, 10000 welcomed, 0 failed | 19.6 snaps/s/bot, entities/snap near 16.2 mid 11.6 far 6.2 | corrections 0.003/s/bot | down 60 up 12 kbps/bot | rtt 98.1 ms loss 0.00% | input->applied ~ p50 107 p99 162 ms, round trip p50 167 p99 233 ms | joins 0 (p50 0 p99 0 ms) | server pace 1.00 level 6, 0 bots bandwidth-degraded | swarm busy 17%, overruns 0
[   55s] bots 10000/10000 connected, 10000 welcomed, 0 failed | 19.3 snaps/s/bot, entities/snap near 16.2 mid 11.6 far 6.2 | corrections 0.003/s/bot | down 60 up 12 kbps/bot | rtt 98.3 ms loss 0.00% | input->applied ~ p50 106 p99 162 ms, round trip p50 167 p99 233 ms | joins 0 (p50 0 p99 0 ms) | server pace 1.00 level 6, 0 bots bandwidth-degraded | swarm busy 17%, overruns 0
[   60s] bots 10000/10000 connected, 10000 welcomed, 0 failed | 19.2 snaps/s/bot, entities/snap near 16.2 mid 11.6 far 6.2 | corrections 0.003/s/bot | down 59 up 12 kbps/bot | rtt 98.0 ms loss 0.00% | input->applied ~ p50 106 p99 163 ms, round trip p50 167 p99 233 ms | joins 0 (p50 0 p99 0 ms) | server pace 1.00 level 6, 0 bots bandwidth-degraded | swarm busy 18%, overruns 0

== bots summary ==
  started 10000 welcomed 10000 failed 0
  join latency ms: p50 872 p99 1716 max 1943 (n=10000)
  corrections 8405 (0.84/bot-minute), mean error 0.105 m, max 0.699 m
  snapshots 11648441 (entities per snapshot: near 16.3 mid 12.8 far 7.9), stale 499096, unmatched acks 0, resyncs 0
  input -> applied on server (est. RTT/2 + server wait): p50 107.0 p99 226.0 max 358.0 mean 108.7 ms (n=11483395)
    of which server wait (arrival -> applied): p50 57.2 p99 176.3 max 311.9 mean 59.4 ms (n=11483395)
  input -> seen acked (round trip): p50 167.0 p99 300.0 max 433.0 mean 178.5 ms (n=11623712)
  near entity update interval (tracked bots): p50 50.0 p99 100.0 max 300.0 mean 52.0 ms (n=9107543)
  mid entity update interval (tracked bots): p50 250.0 p99 250.0 max 1500.0 mean 224.4 ms (n=7279251)
  far entity update interval (tracked bots): p50 1500.0 p99 3000.0 max 59250.0 mean 1421.7 ms (n=4182348)
  input clock: 143091 extra inputs, 436959 skipped ticks, 31402 backlog skips | near decode errors (tracked bots) 0
  bytes down 4887.4 MB up 865.3 MB | swarm busy 17% of its threads' time, tick overruns 0
