spawn=uniform
egress=sendmmsg
ladder=on
threads=64
shards=64
peak_clients=10000
steady_ticks=1162
steady_secs=57.0
ingress_p50_ms=1.98
ingress_p99_ms=2.46
ingress_max_ms=2.65
events_p50_ms=3.81
events_p99_ms=4.25
events_max_ms=4.72
movement_p50_ms=0.35
movement_p99_ms=0.55
movement_max_ms=0.68
grid_p50_ms=0.40
grid_p99_ms=0.44
grid_max_ms=0.48
history_p50_ms=0.01
history_p99_ms=0.01
history_max_ms=0.01
serialize_p50_ms=0.20
serialize_p99_ms=0.29
serialize_max_ms=0.44
assembly_p50_ms=3.02
assembly_p99_ms=4.83
assembly_max_ms=5.66
transport_p50_ms=1.93
transport_p99_ms=2.64
transport_max_ms=3.11
egress_p50_ms=27.34
egress_p99_ms=27.93
egress_max_ms=28.18
tick_p50_ms=38.96
tick_p99_ms=40.81
tick_max_ms=42.88
steady_overruns=105
level_mode=6
tick_hz=20
dilation=1
levels=L2:12,L3:31,L4:31,L5:31,L6:1057
clients_avg=10000
out_pps=203967
in_pps=294719
egress_mbps=619.0
packets_per_client_tick=1.00
wire_bytes_per_client_tick=379
down_kbps_per_client=61.9
up_kbps_per_client=11.8
kernel_rcvbuf_drops=0
kernel_sndbuf_drops=0
snapshot_bytes_per_client_tick=343
near_bytes_per_client_tick=101
near_per_client_tick=15.7
mid_per_client_tick=11.5
far_per_client_tick=6.3
far_skipped=0
far_starved=0
repeated=141883
frozen=6183
late_inputs=148703
discarded_inputs=0
input_wait_p50_ms=57.2
input_wait_p99_ms=178.1
spawns=10000
despawns=10000
joins_deferred=46107
bad_messages=0
recv_errors=0
send_errors=0
datagrams=12272283
sends=12272283
send_syscalls=79555
