preallocated connections for 10000 clients in 220.999554ms
listening on 172.16.16.2:40500 | spawn Uniform | tiers near 64@150 m, mid 500 m, far 1500 m, budget 6250 B/tick, squads of 4 | 64 rayon threads, 64 shards, 256 accepts/tick, egress SendMmsg | socket buffers rcv 32768 KiB snd 32768 KiB
[    5s] clients 10000 | level 2 (0-2 in window: 30 Hz, dilation 1.0), pace 0.84, 0.0% clients bandwidth-degraded | tick p50 21.74 p99 47.53 max 47.79 ms, 58 overruns | out 149.3k pps 181 kbps/client, 901 Mbps | in 141.5k pps 16 kbps/client | stand-ins: repeated 2.12% frozen 0.08%, 12911 late inputs | per client-tick: 792 B (near 101 B, 93% deltas), near 14.5 mid 27.3 far 31.3, far skipped 0 starved 0 | input wait p50 88.8 p99 242.4 ms | 46107 joins deferred | kernel drops rcv 0 snd 0
         p50/p99 ms: ingress 1.62/5.28  events 2.26/4.32  movement 0.23/0.52  grid 0.26/0.45  history 0.01/0.05  serialize 0.17/0.45  assembly 1.53/5.78  transport 0.91/3.08  egress 14.02/32.19
[   10s] clients 10000 | level 6 (2-6 in window: 20 Hz, dilation 1.0), pace 0.98, 0.0% clients bandwidth-degraded | tick p50 38.69 p99 41.50 max 41.63 ms, 95 overruns | out 240.9k pps 80 kbps/client, 799 Mbps | in 260.8k pps 10 kbps/client | stand-ins: repeated 5.07% frozen 0.42%, 71757 late inputs | per client-tick: 378 B (near 100 B, 100% deltas), near 15.7 mid 13.3 far 7.8, far skipped 0 starved 0 | input wait p50 52.4 p99 112.3 ms | 0 joins deferred | kernel drops rcv 0 snd 0
         p50/p99 ms: ingress 1.70/2.10  events 2.68/3.49  movement 0.33/0.59  grid 0.41/0.45  history 0.01/0.01  serialize 0.20/0.38  assembly 3.62/5.24  transport 2.11/2.83  egress 27.70/28.12
[   15s] clients 10000 | level 6 (6-6 in window: 20 Hz, dilation 1.0), pace 1.00, 0.0% clients bandwidth-degraded | tick p50 39.06 p99 40.38 max 40.39 ms, 0 overruns | out 200.0k pps 60 kbps/client, 595 Mbps | in 298.2k pps 12 kbps/client | stand-ins: repeated 0.79% frozen 0.01%, 14539 late inputs | per client-tick: 336 B (near 102 B, 100% deltas), near 15.7 mid 11.1 far 6.0, far skipped 0 starved 0 | input wait p50 56.2 p99 113.6 ms | 0 joins deferred | kernel drops rcv 0 snd 0
         p50/p99 ms: ingress 2.00/2.44  events 3.80/4.62  movement 0.35/0.49  grid 0.39/0.44  history 0.01/0.01  serialize 0.19/0.26  assembly 2.97/3.66  transport 1.93/2.24  egress 27.33/27.64
[   20s] clients 10000 | level 6 (6-6 in window: 20 Hz, dilation 1.0), pace 1.00, 0.0% clients bandwidth-degraded | tick p50 39.10 p99 40.61 max 40.81 ms, 0 overruns | out 200.0k pps 60 kbps/client, 595 Mbps | in 298.1k pps 12 kbps/client | stand-ins: repeated 0.38% frozen 0.00%, 5687 late inputs | per client-tick: 336 B (near 102 B, 100% deltas), near 15.7 mid 11.1 far 6.0, far skipped 0 starved 0 | input wait p50 57.1 p99 113.0 ms | 0 joins deferred | kernel drops rcv 0 snd 0
         p50/p99 ms: ingress 1.99/2.36  events 3.85/4.25  movement 0.36/0.53  grid 0.39/0.44  history 0.01/0.01  serialize 0.20/0.25  assembly 2.91/3.82  transport 1.90/2.30  egress 27.48/27.83
[   25s] clients 10000 | level 6 (6-6 in window: 20 Hz, dilation 1.0), pace 1.00, 0.0% clients bandwidth-degraded | tick p50 39.13 p99 41.38 max 41.72 ms, 0 overruns | out 199.9k pps 60 kbps/client, 595 Mbps | in 298.2k pps 12 kbps/client | stand-ins: repeated 0.38% frozen 0.00%, 5733 late inputs | per client-tick: 336 B (near 102 B, 100% deltas), near 15.7 mid 11.1 far 6.0, far skipped 0 starved 0 | input wait p50 57.1 p99 112.9 ms | 0 joins deferred | kernel drops rcv 0 snd 0
         p50/p99 ms: ingress 1.97/2.41  events 3.86/4.22  movement 0.35/0.56  grid 0.40/0.42  history 0.01/0.01  serialize 0.20/0.27  assembly 3.02/4.17  transport 1.89/2.37  egress 27.40/27.73
[   30s] clients 10000 | level 6 (6-6 in window: 20 Hz, dilation 1.0), pace 1.00, 0.0% clients bandwidth-degraded | tick p50 38.95 p99 40.62 max 42.88 ms, 0 overruns | out 200.1k pps 60 kbps/client, 595 Mbps | in 298.2k pps 12 kbps/client | stand-ins: repeated 0.38% frozen 0.00%, 5849 late inputs | per client-tick: 336 B (near 101 B, 100% deltas), near 15.7 mid 11.1 far 6.0, far skipped 0 starved 0 | input wait p50 57.2 p99 113.1 ms | 0 joins deferred | kernel drops rcv 0 snd 0
         p50/p99 ms: ingress 2.02/2.45  events 3.82/4.03  movement 0.36/0.49  grid 0.40/0.43  history 0.01/0.01  serialize 0.20/0.27  assembly 2.99/3.72  transport 1.84/2.31  egress 27.35/27.64
[   35s] clients 10000 | level 6 (6-6 in window: 20 Hz, dilation 1.0), pace 1.00, 0.0% clients bandwidth-degraded | tick p50 38.88 p99 40.19 max 40.24 ms, 0 overruns | out 200.0k pps 60 kbps/client, 595 Mbps | in 298.1k pps 12 kbps/client | stand-ins: repeated 0.38% frozen 0.00%, 5677 late inputs | per client-tick: 336 B (near 102 B, 100% deltas), near 15.7 mid 11.1 far 6.0, far skipped 0 starved 0 | input wait p50 57.1 p99 112.9 ms | 0 joins deferred | kernel drops rcv 0 snd 0
         p50/p99 ms: ingress 1.96/2.39  events 3.83/4.10  movement 0.35/0.53  grid 0.40/0.42  history 0.01/0.01  serialize 0.20/0.29  assembly 2.92/3.67  transport 1.91/2.23  egress 27.31/27.66
[   40s] clients 10000 | level 6 (6-6 in window: 20 Hz, dilation 1.0), pace 1.00, 0.0% clients bandwidth-degraded | tick p50 39.13 p99 40.27 max 40.50 ms, 0 overruns | out 200.0k pps 60 kbps/client, 595 Mbps | in 298.2k pps 12 kbps/client | stand-ins: repeated 0.38% frozen 0.00%, 5787 late inputs | per client-tick: 336 B (near 101 B, 100% deltas), near 15.7 mid 11.2 far 6.0, far skipped 0 starved 0 | input wait p50 57.2 p99 113.1 ms | 0 joins deferred | kernel drops rcv 0 snd 0
         p50/p99 ms: ingress 2.05/2.41  events 3.88/4.29  movement 0.36/0.55  grid 0.40/0.43  history 0.01/0.01  serialize 0.20/0.28  assembly 3.03/3.82  transport 1.94/2.30  egress 27.25/27.52
[   45s] clients 10000 | level 6 (6-6 in window: 20 Hz, dilation 1.0), pace 1.00, 0.0% clients bandwidth-degraded | tick p50 38.74 p99 40.21 max 40.37 ms, 0 overruns | out 199.9k pps 59 kbps/client, 595 Mbps | in 298.2k pps 12 kbps/client | stand-ins: repeated 0.38% frozen 0.00%, 5711 late inputs | per client-tick: 336 B (near 101 B, 100% deltas), near 15.7 mid 11.2 far 6.0, far skipped 0 starved 0 | input wait p50 57.1 p99 112.8 ms | 0 joins deferred | kernel drops rcv 0 snd 0
         p50/p99 ms: ingress 1.99/2.38  events 3.83/4.59  movement 0.35/0.50  grid 0.40/0.43  history 0.01/0.01  serialize 0.20/0.26  assembly 2.87/3.63  transport 1.87/2.27  egress 27.21/27.52
[   50s] clients 10000 | level 6 (6-6 in window: 20 Hz, dilation 1.0), pace 1.00, 0.0% clients bandwidth-degraded | tick p50 38.97 p99 40.24 max 40.35 ms, 0 overruns | out 200.0k pps 60 kbps/client, 595 Mbps | in 298.2k pps 12 kbps/client | stand-ins: repeated 0.38% frozen 0.00%, 5651 late inputs | per client-tick: 336 B (near 101 B, 100% deltas), near 15.7 mid 11.2 far 6.0, far skipped 0 starved 0 | input wait p50 57.1 p99 112.9 ms | 0 joins deferred | kernel drops rcv 0 snd 0
         p50/p99 ms: ingress 2.04/2.49  events 3.83/3.99  movement 0.36/0.50  grid 0.39/0.42  history 0.01/0.01  serialize 0.20/0.27  assembly 3.04/3.79  transport 1.92/2.26  egress 27.13/27.43
[   55s] clients 10000 | level 6 (6-6 in window: 20 Hz, dilation 1.0), pace 1.00, 0.0% clients bandwidth-degraded | tick p50 39.00 p99 40.55 max 42.04 ms, 0 overruns | out 200.0k pps 60 kbps/client, 595 Mbps | in 298.2k pps 12 kbps/client | stand-ins: repeated 0.37% frozen 0.00%, 5568 late inputs | per client-tick: 336 B (near 101 B, 100% deltas), near 15.7 mid 11.2 far 6.0, far skipped 0 starved 0 | input wait p50 57.0 p99 112.7 ms | 0 joins deferred | kernel drops rcv 0 snd 0
         p50/p99 ms: ingress 2.03/2.47  events 3.83/4.23  movement 0.36/0.55  grid 0.40/0.43  history 0.01/0.01  serialize 0.20/0.27  assembly 2.96/3.66  transport 1.92/2.27  egress 27.35/27.73
[   60s] clients 10000 | level 6 (6-6 in window: 20 Hz, dilation 1.0), pace 1.00, 0.0% clients bandwidth-degraded | tick p50 38.87 p99 40.31 max 40.63 ms, 0 overruns | out 200.0k pps 60 kbps/client, 595 Mbps | in 298.2k pps 12 kbps/client | stand-ins: repeated 0.38% frozen 0.00%, 5815 late inputs | per client-tick: 336 B (near 101 B, 100% deltas), near 15.6 mid 11.2 far 6.0, far skipped 0 starved 0 | input wait p50 57.2 p99 113.0 ms | 0 joins deferred | kernel drops rcv 0 snd 0
         p50/p99 ms: ingress 1.98/2.36  events 3.85/4.06  movement 0.36/0.51  grid 0.40/0.43  history 0.01/0.01  serialize 0.20/0.27  assembly 2.94/3.70  transport 1.91/2.19  egress 27.29/27.69
[   62s] clients 0 | level 6 (6-6 in window: 20 Hz, dilation 1.0), pace 1.00, 0.0% clients bandwidth-degraded | tick p50 38.71 p99 39.93 max 39.93 ms, 0 overruns | out 187.1k pps 60 kbps/client, 552 Mbps | in 293.3k pps 12 kbps/client | stand-ins: repeated 0.40% frozen 0.00%, 1553 late inputs | per client-tick: 333 B (near 100 B, 100% deltas), near 15.5 mid 11.0 far 5.9, far skipped 0 starved 0 | input wait p50 57.1 p99 113.0 ms | 0 joins deferred | kernel drops rcv 0 snd 0
         p50/p99 ms: ingress 2.01/4.82  events 3.87/13.63  movement 0.35/0.49  grid 0.40/0.44  history 0.01/0.01  serialize 0.19/0.24  assembly 2.96/3.63  transport 1.90/2.26  egress 27.01/27.34

== summary: 1162 steady-state ticks (after warmup, before clients drain), peak 10000 clients ==
  phase        p50 ms   p99 ms   max ms
  ingress        1.98     2.46     2.65
  events         3.81     4.25     4.72
  movement       0.35     0.55     0.68
  grid           0.40     0.44     0.48
  history        0.01     0.01     0.01
  serialize      0.20     0.29     0.44
  assembly       3.02     4.83     5.66
  transport      1.93     2.64     3.11
  egress        27.34    27.93    28.18
  tick          38.96    40.81    42.88
  overruns 105 | spawns 10000 despawns 10000 (46107 joins deferred) | stand-ins: repeated 145984 frozen 6311 | late inputs 152238 discarded 0 | bad messages 0 | recv errors 0 send errors 0
  egress (whole run): 12272283 datagrams in 12272283 sends (1.00 per send), 79555 syscalls
  ticks per ladder level (whole run): L0: 76, L1: 31, L2: 31, L3: 31, L4: 31, L5: 31, L6: 1060
  input wait on the server (datagram arrival -> applied): p50 57.2 p99 178.1 max 311.9 mean 59.5 ms
  steady state: stand-ins repeated 141883 frozen 6183 | late inputs 148703 discarded 0
