1000 bots -> 172.31.17.93:14500 on 28 threads x 8 slots, ramp 0/s, 60s, 1000 full + 0 sink bots
[    5s] bots 1000/1000 connected, 1000 welcomed, 0 failed | 24.9 snaps/s/bot, entities/snap near 65.1 mid 87.3 far 0.0 | corrections 0.000/s/bot | down 336 up 13 kbps/bot | rtt 97.3 ms loss 0.00% | input->applied ~ p50 100 p99 144 ms, round trip p50 167 p99 233 ms | joins 1000 (p50 345 p99 566 ms) | server pace 1.00 level 0, 0 bots bandwidth-degraded | swarm busy 10%, overruns 139
[   10s] bots 1000/1000 connected, 1000 welcomed, 0 failed | 30.1 snaps/s/bot, entities/snap near 64.0 mid 86.0 far 0.0 | corrections 0.000/s/bot | down 394 up 16 kbps/bot | rtt 97.0 ms loss 0.00% | input->applied ~ p50 103 p99 145 ms, round trip p50 167 p99 233 ms | joins 0 (p50 0 p99 0 ms) | server pace 1.00 level 0, 0 bots bandwidth-degraded | swarm busy 10%, overruns 0
[   15s] bots 1000/1000 connected, 1000 welcomed, 0 failed | 30.1 snaps/s/bot, entities/snap near 64.0 mid 86.0 far 0.0 | corrections 0.000/s/bot | down 395 up 16 kbps/bot | rtt 97.1 ms loss 0.00% | input->applied ~ p50 103 p99 145 ms, round trip p50 167 p99 233 ms | joins 0 (p50 0 p99 0 ms) | server pace 1.00 level 0, 0 bots bandwidth-degraded | swarm busy 11%, overruns 0
[   20s] bots 1000/1000 connected, 1000 welcomed, 0 failed | 30.1 snaps/s/bot, entities/snap near 64.0 mid 86.0 far 0.0 | corrections 0.000/s/bot | down 395 up 16 kbps/bot | rtt 97.1 ms loss 0.00% | input->applied ~ p50 103 p99 145 ms, round trip p50 167 p99 233 ms | joins 0 (p50 0 p99 0 ms) | server pace 1.00 level 0, 0 bots bandwidth-degraded | swarm busy 11%, overruns 0
[   25s] bots 1000/1000 connected, 1000 welcomed, 0 failed | 30.1 snaps/s/bot, entities/snap near 64.0 mid 86.0 far 0.0 | corrections 0.000/s/bot | down 395 up 16 kbps/bot | rtt 96.7 ms loss 0.00% | input->applied ~ p50 103 p99 145 ms, round trip p50 167 p99 233 ms | joins 0 (p50 0 p99 0 ms) | server pace 1.00 level 0, 0 bots bandwidth-degraded | swarm busy 11%, overruns 0
[   30s] bots 1000/1000 connected, 1000 welcomed, 0 failed | 30.1 snaps/s/bot, entities/snap near 64.0 mid 86.0 far 0.0 | corrections 0.000/s/bot | down 395 up 16 kbps/bot | rtt 96.8 ms loss 0.00% | input->applied ~ p50 103 p99 145 ms, round trip p50 167 p99 233 ms | joins 0 (p50 0 p99 0 ms) | server pace 1.00 level 0, 0 bots bandwidth-degraded | swarm busy 11%, overruns 0
[   35s] bots 1000/1000 connected, 1000 welcomed, 0 failed | 30.1 snaps/s/bot, entities/snap near 64.0 mid 86.0 far 0.0 | corrections 0.000/s/bot | down 395 up 16 kbps/bot | rtt 96.8 ms loss 0.00% | input->applied ~ p50 103 p99 145 ms, round trip p50 167 p99 233 ms | joins 0 (p50 0 p99 0 ms) | server pace 1.00 level 0, 0 bots bandwidth-degraded | swarm busy 11%, overruns 0
[   40s] bots 1000/1000 connected, 1000 welcomed, 0 failed | 30.1 snaps/s/bot, entities/snap near 64.0 mid 86.0 far 0.0 | corrections 0.000/s/bot | down 395 up 16 kbps/bot | rtt 96.9 ms loss 0.00% | input->applied ~ p50 103 p99 145 ms, round trip p50 167 p99 233 ms | joins 0 (p50 0 p99 0 ms) | server pace 1.00 level 0, 0 bots bandwidth-degraded | swarm busy 11%, overruns 0
[   45s] bots 1000/1000 connected, 1000 welcomed, 0 failed | 30.1 snaps/s/bot, entities/snap near 64.0 mid 86.0 far 0.0 | corrections 0.000/s/bot | down 395 up 16 kbps/bot | rtt 96.8 ms loss 0.00% | input->applied ~ p50 103 p99 145 ms, round trip p50 167 p99 233 ms | joins 0 (p50 0 p99 0 ms) | server pace 1.00 level 0, 0 bots bandwidth-degraded | swarm busy 11%, overruns 0
[   50s] bots 1000/1000 connected, 1000 welcomed, 0 failed | 30.1 snaps/s/bot, entities/snap near 64.0 mid 86.0 far 0.0 | corrections 0.000/s/bot | down 396 up 16 kbps/bot | rtt 97.0 ms loss 0.00% | input->applied ~ p50 103 p99 145 ms, round trip p50 167 p99 233 ms | joins 0 (p50 0 p99 0 ms) | server pace 1.00 level 0, 0 bots bandwidth-degraded | swarm busy 11%, overruns 0
[   55s] bots 1000/1000 connected, 1000 welcomed, 0 failed | 30.1 snaps/s/bot, entities/snap near 64.0 mid 86.0 far 0.0 | corrections 0.000/s/bot | down 395 up 16 kbps/bot | rtt 96.8 ms loss 0.00% | input->applied ~ p50 103 p99 145 ms, round trip p50 167 p99 233 ms | joins 0 (p50 0 p99 0 ms) | server pace 1.00 level 0, 0 bots bandwidth-degraded | swarm busy 11%, overruns 0
[   60s] bots 1000/1000 connected, 1000 welcomed, 0 failed | 30.1 snaps/s/bot, entities/snap near 64.0 mid 86.0 far 0.0 | corrections 0.000/s/bot | down 395 up 16 kbps/bot | rtt 96.7 ms loss 0.00% | input->applied ~ p50 103 p99 145 ms, round trip p50 167 p99 233 ms | joins 0 (p50 0 p99 0 ms) | server pace 1.00 level 0, 0 bots bandwidth-degraded | swarm busy 11%, overruns 0

== bots summary ==
  started 1000 welcomed 1000 failed 0
  join latency ms: p50 345 p99 566 max 663 (n=1000)
  corrections 0 (0.00/bot-minute), mean error 0.000 m, max 0.000 m
  push corrections (the server pushed us apart from a crowd) 26906 (26.91/bot-minute), max 0.580 m
  snapshots 1786084 (entities per snapshot: near 64.1 mid 86.1 far 0.0), stale 0, unmatched acks 0, resyncs 0
  input -> applied on server (est. RTT/2 + server wait): p50 103.0 p99 145.0 max 149.0 mean 98.2 ms (n=1783213)
    of which server wait (arrival -> applied): p50 49.4 p99 67.4 max 75.8 mean 49.8 ms (n=1783213)
  input -> seen acked (round trip): p50 167.0 p99 233.0 max 248.0 mean 164.2 ms (n=1783213)
  near entity update interval (tracked bots): p50 66.0 p99 66.0 max 300.0 mean 53.3 ms (n=57089642)
  mid entity update interval (tracked bots): p50 100.0 p99 100.0 max 2200.0 mean 100.5 ms (n=76423842)
  far entity update interval (tracked bots): p50 0.0 p99 0.0 max 0.0 mean 0.0 ms (n=0)
  near drawn (tracked bots): 99.74% interpolated, 0.08% extrapolated, 0.00% held, 0.17% new | pops p50 0 p99 0 max 675 mm
  mid drawn (tracked bots): 96.95% interpolated, 0.93% extrapolated, 1.24% held, 0.88% new | pops p50 0 p99 0 max 16183 mm
  far drawn (tracked bots): 0.00% interpolated, 0.00% extrapolated, 0.00% held, 0.00% new | pops p50 0 p99 0 max 0 mm
  render delay (near) 89.0 ms behind the newest step, clock snaps 0 (backwards 0), slewing 7.50% of frames, near delay changes 1761 | streak entity-frames (drawn > 20 m/s) 13686
  fighters, class 0: 167 at rtt 27.2 ms | 66362 shots, 65901 hits (99.3%), 0 kills
  fighters, class 1: 166 at rtt 107.1 ms | 65474 shots, 64958 hits (99.2%), 0 kills
  fighters, class 2: 167 at rtt 157.2 ms | 65656 shots, 63621 hits (96.9%), 0 kills
  others' shots (tracked bots): 14430871 as tracers | distant fights: 2570809 cell entries counting 139088964 shots, 17791559 ambient shots made
  input clock: 2541 extra inputs, 1552 skipped ticks, 0 backlog skips | near decode errors (tracked bots) 0
  bytes down 2937.3 MB up 118.6 MB | swarm busy 11% of its threads' time, tick overruns 139
