== blob, 1000 bots, 60s -> baselines/2026-10-07-aws-fight/fight-blob-1k-immortal-1
== summary: 1708 steady-state ticks (after warmup, before clients drain), peak 1000 clients ==
  phase        p50 ms   p99 ms   max ms
  ingress        0.52     0.66     0.95
  events         0.45     0.57     0.70
  movement       0.34     0.56     0.63
  grid           0.18     0.34     0.47
  separate       0.16     0.41     0.46
  history        0.01     0.01     0.28
  shots          1.06     1.36     1.86
  serialize      0.06     0.10     0.14
  assembly       3.14     3.67     4.25
  transport      0.67     0.91     1.36
  egress         0.56     0.72     1.15
  tick           7.21     7.96     8.71
  overruns 0 | spawns 1000 despawns 1000 (41 joins deferred) | deaths 0 respawns 0 | stand-ins: repeated 0 frozen 0 | late inputs 0 discarded 0 | bad messages 0 | recv errors 0 send errors 0
  egress (whole run): 3619166 datagrams in 3619166 sends (1.00 per send), 115326 syscalls
  ingress (whole run): 1795854 datagrams in 63689 receive calls (28.20 per call)
  ticks per ladder level (whole run): L0: 1818
  input wait on the server (datagram arrival -> applied): p50 49.4 p99 67.4 max 75.8 mean 49.8 ms
  steady state: stand-ins repeated 0 frozen 0 | late inputs 0 discarded 0
  rewind of near targets (applied step - the input's render step for that tier): p50 242 p99 342 max 367 mean 239.8 ms (n=1776280)
  rewind of mid/far targets (applied step - the input's render step for that tier): p50 367 p99 433 max 492 mean 362.0 ms (n=1776280)
  render times ahead of the server (bogus) 0
  shots 280387 (late 0, refused 0, rewinds capped 186264) | hits head 1627 body 201463 (after cover 148, too late 0), kills 0 | ground 45026 cover 4721 expired 26562 | segments 4174683 candidates 1693857
== bots summary ==
  started 1000 welcomed 1000 failed 0
  join latency ms: p50 345 p99 566 max 663 (n=1000)
  corrections 0 (0.00/bot-minute), mean error 0.000 m, max 0.000 m
  push corrections (the server pushed us apart from a crowd) 26906 (26.91/bot-minute), max 0.580 m
  snapshots 1786084 (entities per snapshot: near 64.1 mid 86.1 far 0.0), stale 0, unmatched acks 0, resyncs 0
  input -> applied on server (est. RTT/2 + server wait): p50 103.0 p99 145.0 max 149.0 mean 98.2 ms (n=1783213)
    of which server wait (arrival -> applied): p50 49.4 p99 67.4 max 75.8 mean 49.8 ms (n=1783213)
  input -> seen acked (round trip): p50 167.0 p99 233.0 max 248.0 mean 164.2 ms (n=1783213)
  near entity update interval (tracked bots): p50 66.0 p99 66.0 max 300.0 mean 53.3 ms (n=57089642)
  mid entity update interval (tracked bots): p50 100.0 p99 100.0 max 2200.0 mean 100.5 ms (n=76423842)
  far entity update interval (tracked bots): p50 0.0 p99 0.0 max 0.0 mean 0.0 ms (n=0)
  near drawn (tracked bots): 99.74% interpolated, 0.08% extrapolated, 0.00% held, 0.17% new | pops p50 0 p99 0 max 675 mm
  mid drawn (tracked bots): 96.95% interpolated, 0.93% extrapolated, 1.24% held, 0.88% new | pops p50 0 p99 0 max 16183 mm
  far drawn (tracked bots): 0.00% interpolated, 0.00% extrapolated, 0.00% held, 0.00% new | pops p50 0 p99 0 max 0 mm
  render delay (near) 89.0 ms behind the newest step, clock snaps 0 (backwards 0), slewing 7.50% of frames, near delay changes 1761 | streak entity-frames (drawn > 20 m/s) 13686
  fighters, class 0: 167 at rtt 27.2 ms | 66362 shots, 65901 hits (99.3%), 0 kills
  fighters, class 1: 166 at rtt 107.1 ms | 65474 shots, 64958 hits (99.2%), 0 kills
  fighters, class 2: 167 at rtt 157.2 ms | 65656 shots, 63621 hits (96.9%), 0 kills
  others' shots (tracked bots): 14430871 as tracers | distant fights: 2570809 cell entries counting 139088964 shots, 17791559 ambient shots made
  input clock: 2541 extra inputs, 1552 skipped ticks, 0 backlog skips | near decode errors (tracked bots) 0
  bytes down 2937.3 MB up 118.6 MB | swarm busy 11% of its threads' time, tick overruns 139
