preallocated connections for 10000 clients in 258.31767ms
listening on 172.31.17.93:14500 | spawn Blob | tiers near 64@150 m, mid 500 m, far 1500 m, budget 6250 B/tick, squads of 4 | 64 rayon threads, 64 shards, 1 socket(s), 256 accepts/tick, egress SendMmsg, ingress RecvMmsg | socket buffers rcv 32768 KiB snd 32768 KiB
[    5s] clients 1000 | level 0 (0-0 in window: 30 Hz, dilation 1.0), pace 1.00, 0.0% clients bandwidth-degraded | tick p50 7.27 p99 8.71 max 8.71 ms, 0 overruns | out 53.1k pps 400 kbps/client, 346 Mbps | in 25.8k pps 17 kbps/client, 27.1 per recv, receive thread busy 8% | stand-ins: repeated 0.00% frozen 0.00%, 0 late inputs | per client-tick: 1585 B (near 451 B, 95% deltas), near 64.0 mid 85.8 far 0.0, far skipped 0 starved 0 | input wait p50 49.2 p99 67.6 ms | 41 joins deferred | kernel drops rcv 0 snd 0
         p50/p99 ms: ingress 0.53/0.83  events 0.43/1.41  movement 0.34/0.44  grid 0.17/0.22  separate 0.15/0.43  history 0.01/0.04  shots 0.96/1.24  serialize 0.06/0.10  assembly 3.37/4.05  transport 0.62/1.03  egress 0.54/0.68
[   10s] clients 1000 | level 0 (0-0 in window: 30 Hz, dilation 1.0), pace 1.00, 0.0% clients bandwidth-degraded | tick p50 7.31 p99 7.84 max 8.06 ms, 0 overruns | out 60.4k pps 393 kbps/client, 393 Mbps | in 30.0k pps 16 kbps/client, 28.4 per recv, receive thread busy 9% | stand-ins: repeated 0.00% frozen 0.00%, 0 late inputs | per client-tick: 1568 B (near 428 B, 99% deltas), near 64.0 mid 86.0 far 0.0, far skipped 0 starved 0 | input wait p50 49.4 p99 67.4 ms | 0 joins deferred | kernel drops rcv 0 snd 0
         p50/p99 ms: ingress 0.52/0.83  events 0.46/0.56  movement 0.34/0.56  grid 0.18/0.24  separate 0.15/0.40  history 0.01/0.01  shots 1.06/1.28  serialize 0.06/0.10  assembly 3.21/3.60  transport 0.65/0.92  egress 0.55/0.83
[   15s] clients 1000 | level 0 (0-0 in window: 30 Hz, dilation 1.0), pace 1.00, 0.0% clients bandwidth-degraded | tick p50 7.32 p99 8.13 max 8.52 ms, 0 overruns | out 60.4k pps 394 kbps/client, 394 Mbps | in 30.0k pps 16 kbps/client, 28.3 per recv, receive thread busy 9% | stand-ins: repeated 0.00% frozen 0.00%, 0 late inputs | per client-tick: 1570 B (near 430 B, 99% deltas), near 64.0 mid 86.0 far 0.0, far skipped 0 starved 0 | input wait p50 49.4 p99 67.4 ms | 0 joins deferred | kernel drops rcv 0 snd 0
         p50/p99 ms: ingress 0.52/0.63  events 0.46/0.57  movement 0.34/0.38  grid 0.18/0.23  separate 0.16/0.40  history 0.01/0.01  shots 1.06/1.40  serialize 0.06/0.10  assembly 3.25/3.71  transport 0.65/0.84  egress 0.56/0.69
[   20s] clients 1000 | level 0 (0-0 in window: 30 Hz, dilation 1.0), pace 1.00, 0.0% clients bandwidth-degraded | tick p50 7.30 p99 8.00 max 8.46 ms, 0 overruns | out 60.4k pps 394 kbps/client, 394 Mbps | in 30.0k pps 16 kbps/client, 28.3 per recv, receive thread busy 9% | stand-ins: repeated 0.00% frozen 0.00%, 0 late inputs | per client-tick: 1570 B (near 429 B, 99% deltas), near 64.0 mid 86.0 far 0.0, far skipped 0 starved 0 | input wait p50 49.4 p99 67.4 ms | 0 joins deferred | kernel drops rcv 0 snd 0
         p50/p99 ms: ingress 0.52/0.62  events 0.47/0.56  movement 0.34/0.54  grid 0.18/0.24  separate 0.16/0.41  history 0.01/0.01  shots 1.08/1.39  serialize 0.06/0.10  assembly 3.25/3.71  transport 0.67/0.91  egress 0.56/0.70
[   25s] clients 1000 | level 0 (0-0 in window: 30 Hz, dilation 1.0), pace 1.00, 0.0% clients bandwidth-degraded | tick p50 7.07 p99 7.67 max 7.83 ms, 0 overruns | out 60.4k pps 394 kbps/client, 394 Mbps | in 30.0k pps 16 kbps/client, 28.5 per recv, receive thread busy 8% | stand-ins: repeated 0.00% frozen 0.00%, 0 late inputs | per client-tick: 1571 B (near 428 B, 99% deltas), near 64.0 mid 86.0 far 0.0, far skipped 0 starved 0 | input wait p50 49.4 p99 67.4 ms | 0 joins deferred | kernel drops rcv 0 snd 0
         p50/p99 ms: ingress 0.52/0.68  events 0.43/0.56  movement 0.34/0.37  grid 0.18/0.34  separate 0.15/0.44  history 0.01/0.01  shots 1.07/1.34  serialize 0.06/0.12  assembly 3.00/3.55  transport 0.64/0.89  egress 0.55/0.81
[   30s] clients 1000 | level 0 (0-0 in window: 30 Hz, dilation 1.0), pace 1.00, 0.0% clients bandwidth-degraded | tick p50 7.28 p99 7.94 max 8.06 ms, 0 overruns | out 60.4k pps 394 kbps/client, 394 Mbps | in 30.0k pps 16 kbps/client, 28.0 per recv, receive thread busy 9% | stand-ins: repeated 0.00% frozen 0.00%, 0 late inputs | per client-tick: 1571 B (near 428 B, 99% deltas), near 64.0 mid 86.0 far 0.0, far skipped 0 starved 0 | input wait p50 49.4 p99 67.4 ms | 0 joins deferred | kernel drops rcv 0 snd 0
         p50/p99 ms: ingress 0.52/0.63  events 0.45/0.56  movement 0.34/0.59  grid 0.18/0.35  separate 0.16/0.39  history 0.01/0.01  shots 1.08/1.40  serialize 0.06/0.10  assembly 3.13/3.61  transport 0.67/0.88  egress 0.56/0.72
[   35s] clients 1000 | level 0 (0-0 in window: 30 Hz, dilation 1.0), pace 1.00, 0.0% clients bandwidth-degraded | tick p50 7.15 p99 7.75 max 7.80 ms, 0 overruns | out 60.4k pps 394 kbps/client, 394 Mbps | in 30.0k pps 16 kbps/client, 28.4 per recv, receive thread busy 9% | stand-ins: repeated 0.00% frozen 0.00%, 0 late inputs | per client-tick: 1573 B (near 428 B, 99% deltas), near 64.0 mid 86.0 far 0.0, far skipped 0 starved 0 | input wait p50 49.4 p99 67.4 ms | 0 joins deferred | kernel drops rcv 0 snd 0
         p50/p99 ms: ingress 0.53/0.66  events 0.46/0.56  movement 0.34/0.59  grid 0.18/0.46  separate 0.16/0.43  history 0.01/0.01  shots 1.06/1.36  serialize 0.06/0.10  assembly 3.06/3.63  transport 0.66/0.85  egress 0.56/0.67
[   40s] clients 1000 | level 0 (0-0 in window: 30 Hz, dilation 1.0), pace 1.00, 0.0% clients bandwidth-degraded | tick p50 7.18 p99 7.95 max 8.39 ms, 0 overruns | out 60.4k pps 394 kbps/client, 394 Mbps | in 30.0k pps 16 kbps/client, 28.1 per recv, receive thread busy 9% | stand-ins: repeated 0.00% frozen 0.00%, 0 late inputs | per client-tick: 1572 B (near 428 B, 99% deltas), near 64.0 mid 86.0 far 0.0, far skipped 0 starved 0 | input wait p50 49.4 p99 67.4 ms | 0 joins deferred | kernel drops rcv 0 snd 0
         p50/p99 ms: ingress 0.52/0.83  events 0.44/0.56  movement 0.34/0.57  grid 0.18/0.41  separate 0.15/0.42  history 0.01/0.01  shots 1.06/1.39  serialize 0.06/0.11  assembly 3.09/3.52  transport 0.68/1.07  egress 0.55/0.71
[   45s] clients 1000 | level 0 (0-0 in window: 30 Hz, dilation 1.0), pace 1.00, 0.0% clients bandwidth-degraded | tick p50 7.19 p99 7.82 max 8.00 ms, 0 overruns | out 60.4k pps 395 kbps/client, 395 Mbps | in 30.0k pps 16 kbps/client, 28.1 per recv, receive thread busy 9% | stand-ins: repeated 0.00% frozen 0.00%, 0 late inputs | per client-tick: 1573 B (near 429 B, 99% deltas), near 64.0 mid 86.0 far 0.0, far skipped 0 starved 0 | input wait p50 49.4 p99 67.4 ms | 0 joins deferred | kernel drops rcv 0 snd 0
         p50/p99 ms: ingress 0.52/0.79  events 0.47/0.57  movement 0.34/0.48  grid 0.18/0.22  separate 0.16/0.39  history 0.01/0.01  shots 1.05/1.36  serialize 0.06/0.12  assembly 3.11/3.58  transport 0.67/0.87  egress 0.55/0.67
[   50s] clients 1000 | level 0 (0-0 in window: 30 Hz, dilation 1.0), pace 1.00, 0.0% clients bandwidth-degraded | tick p50 7.12 p99 7.93 max 7.93 ms, 0 overruns | out 60.4k pps 395 kbps/client, 395 Mbps | in 30.0k pps 16 kbps/client, 28.2 per recv, receive thread busy 9% | stand-ins: repeated 0.00% frozen 0.00%, 0 late inputs | per client-tick: 1574 B (near 429 B, 99% deltas), near 64.0 mid 86.0 far 0.0, far skipped 0 starved 0 | input wait p50 49.4 p99 67.4 ms | 0 joins deferred | kernel drops rcv 0 snd 0
         p50/p99 ms: ingress 0.52/0.62  events 0.45/0.63  movement 0.34/0.58  grid 0.18/0.23  separate 0.16/0.19  history 0.01/0.01  shots 1.05/1.33  serialize 0.06/0.10  assembly 3.08/3.55  transport 0.69/0.90  egress 0.56/0.76
[   55s] clients 1000 | level 0 (0-0 in window: 30 Hz, dilation 1.0), pace 1.00, 0.0% clients bandwidth-degraded | tick p50 7.19 p99 7.92 max 8.16 ms, 0 overruns | out 60.4k pps 394 kbps/client, 394 Mbps | in 30.0k pps 16 kbps/client, 28.4 per recv, receive thread busy 9% | stand-ins: repeated 0.00% frozen 0.00%, 0 late inputs | per client-tick: 1572 B (near 428 B, 99% deltas), near 64.0 mid 86.0 far 0.0, far skipped 0 starved 0 | input wait p50 49.5 p99 67.4 ms | 0 joins deferred | kernel drops rcv 0 snd 0
         p50/p99 ms: ingress 0.52/0.58  events 0.45/0.63  movement 0.34/0.60  grid 0.18/0.24  separate 0.16/0.32  history 0.01/0.01  shots 1.06/1.30  serialize 0.06/0.10  assembly 3.13/3.58  transport 0.67/0.96  egress 0.56/0.75
[   60s] clients 1000 | level 0 (0-0 in window: 30 Hz, dilation 1.0), pace 1.00, 0.0% clients bandwidth-degraded | tick p50 7.16 p99 7.96 max 8.01 ms, 0 overruns | out 60.4k pps 394 kbps/client, 394 Mbps | in 30.0k pps 16 kbps/client, 28.2 per recv, receive thread busy 9% | stand-ins: repeated 0.00% frozen 0.00%, 0 late inputs | per client-tick: 1571 B (near 428 B, 99% deltas), near 64.0 mid 86.0 far 0.0, far skipped 0 starved 0 | input wait p50 49.4 p99 67.4 ms | 0 joins deferred | kernel drops rcv 0 snd 0
         p50/p99 ms: ingress 0.52/0.62  events 0.44/0.56  movement 0.34/0.39  grid 0.18/0.24  separate 0.16/0.40  history 0.01/0.01  shots 1.06/1.24  serialize 0.06/0.10  assembly 3.07/3.54  transport 0.68/0.95  egress 0.56/0.82
[   61s] clients 0 | level 0 (0-0 in window: 30 Hz, dilation 1.0), pace 1.00, 0.0% clients bandwidth-degraded | tick p50 7.30 p99 8.72 max 8.72 ms, 0 overruns | out 50.6k pps 403 kbps/client, 336 Mbps | in 33.4k pps 18 kbps/client, 30.5 per recv, receive thread busy 8% | stand-ins: repeated 0.00% frozen 0.00%, 0 late inputs | per client-tick: 1591 B (near 447 B, 95% deltas), near 64.0 mid 85.7 far 0.0, far skipped 0 starved 0 | input wait p50 49.4 p99 67.4 ms | 0 joins deferred | kernel drops rcv 0 snd 0
         p50/p99 ms: ingress 0.54/0.77  events 0.45/2.05  movement 0.33/0.38  grid 0.18/0.21  separate 0.15/0.17  history 0.00/0.01  shots 1.05/1.16  serialize 0.06/0.10  assembly 3.19/3.42  transport 0.68/0.88  egress 0.54/0.61

== summary: 1708 steady-state ticks (after warmup, before clients drain), peak 1000 clients ==
  phase        p50 ms   p99 ms   max ms
  ingress        0.52     0.66     0.95
  events         0.45     0.57     0.70
  movement       0.34     0.56     0.63
  grid           0.18     0.34     0.47
  separate       0.16     0.41     0.46
  history        0.01     0.01     0.28
  shots          1.06     1.36     1.86
  serialize      0.06     0.10     0.14
  assembly       3.14     3.67     4.25
  transport      0.67     0.91     1.36
  egress         0.56     0.72     1.15
  tick           7.21     7.96     8.71
  overruns 0 | spawns 1000 despawns 1000 (41 joins deferred) | deaths 0 respawns 0 | stand-ins: repeated 0 frozen 0 | late inputs 0 discarded 0 | bad messages 0 | recv errors 0 send errors 0
  egress (whole run): 3619166 datagrams in 3619166 sends (1.00 per send), 115326 syscalls
  ingress (whole run): 1795854 datagrams in 63689 receive calls (28.20 per call)
  ticks per ladder level (whole run): L0: 1818
  input wait on the server (datagram arrival -> applied): p50 49.4 p99 67.4 max 75.8 mean 49.8 ms
  steady state: stand-ins repeated 0 frozen 0 | late inputs 0 discarded 0
  rewind of near targets (applied step - the input's render step for that tier): p50 242 p99 342 max 367 mean 239.8 ms (n=1776280)
  rewind of mid/far targets (applied step - the input's render step for that tier): p50 367 p99 433 max 492 mean 362.0 ms (n=1776280)
  render times ahead of the server (bogus) 0
  shots 280387 (late 0, refused 0, rewinds capped 186264) | hits head 1627 body 201463 (after cover 148, too late 0), kills 0 | ground 45026 cover 4721 expired 26562 | segments 4174683 candidates 1693857
