started=10000
welcomed=10000
failed=0
join_p50_ms=969
join_p99_ms=2052
join_max_ms=2736
corrections=3158
corrections_per_bot_minute=0.316
correction_max_m=1.889
push_corrections=4505
push_corrections_per_bot_minute=0.450
push_max_m=0.580
snapshots=10931235
near_per_snapshot=15.7
mid_per_snapshot=41.8
far_per_snapshot=58.5
stale_snapshots=22
resyncs=0
input_applied_p50_ms=100.0
input_applied_p99_ms=124.0
input_applied_mean_ms=99.8
server_wait_p50_ms=51.5
server_wait_p99_ms=75.7
server_wait_mean_ms=51.4
round_trip_p50_ms=167.0
round_trip_p99_ms=200.0
round_trip_mean_ms=166.7
slot_work_p50_ms=0.5
slot_work_p99_ms=3.5
slot_work_mean_ms=1.1
slot_late_p50_ms=0.0
slot_late_p99_ms=0.6
slot_late_mean_ms=0.0
near_interval_p50_ms=33.0
near_interval_p99_ms=200.0
near_interval_mean_ms=53.3
mid_interval_p50_ms=100.0
mid_interval_p99_ms=600.0
mid_interval_mean_ms=158.9
far_interval_p50_ms=500.0
far_interval_p99_ms=2000.0
far_interval_mean_ms=671.2
slot_late_max_ms=49.1
near_interpolated_pct=96.33
near_extrapolated_pct=3.50
near_held_pct=0.03
near_new_pct=0.14
near_pop_p50_mm=0
near_pop_p99_mm=75
mid_interpolated_pct=83.02
mid_extrapolated_pct=14.33
mid_held_pct=1.94
mid_new_pct=0.70
mid_pop_p50_mm=0
mid_pop_p99_mm=1492
far_interpolated_pct=24.69
far_extrapolated_pct=53.52
far_held_pct=18.86
far_new_pct=2.93
far_pop_p50_mm=1191
far_pop_p99_mm=10761
render_delay_ms=129.4
render_snaps=0
shots_seen=0
activity_cells=0
activity_shots=0
ambient=0
streak_frames_per_million=32288
clock_slewing_pct=24.16
delay_changes=1349
render_backwards=0
clock_extra=53745
clock_skipped=38294
backlog_skips=0
near_decode_errors=0
bytes_down_mb=14783.6
bytes_up_mb=1112.8
swarm_busy_pct=27
swarm_overruns=826
