spawn=uniform
egress=sendmmsg
ingress=recvmmsg
rx_gather_us=1000
ladder=on
threads=64
shards=64
sockets=1
peak_clients=10000
steady_ticks=1706
steady_secs=56.9
ingress_p50_ms=1.19
ingress_p99_ms=2.44
ingress_max_ms=2.65
events_p50_ms=4.02
events_p99_ms=5.18
events_max_ms=5.78
movement_p50_ms=0.99
movement_p99_ms=1.27
movement_max_ms=1.50
grid_p50_ms=0.47
grid_p99_ms=0.60
grid_max_ms=0.81
separate_p50_ms=0.56
separate_p99_ms=1.04
separate_max_ms=1.42
history_p50_ms=0.02
history_p99_ms=0.06
history_max_ms=0.09
shots_p50_ms=0.07
shots_p99_ms=0.28
shots_max_ms=0.41
serialize_p50_ms=0.31
serialize_p99_ms=0.60
serialize_max_ms=0.76
assembly_p50_ms=3.31
assembly_p99_ms=4.09
assembly_max_ms=5.23
transport_p50_ms=2.03
transport_p99_ms=2.42
transport_max_ms=2.52
egress_p50_ms=4.04
egress_p99_ms=4.82
egress_max_ms=5.64
tick_p50_ms=17.26
tick_p99_ms=19.02
tick_max_ms=20.05
steady_overruns=0
level_mode=0
tick_hz=30
dilation=1
levels=L0:1706
clients_avg=10000
out_pps=528510
in_pps=298036
egress_mbps=3255.1
packets_per_client_tick=1.76
wire_bytes_per_client_tick=1356
down_kbps_per_client=325.5
up_kbps_per_client=15.0
recv_per_call=58.79
ingress_thread_busy_max_pct=29.3
ingress_thread_busy_mean_pct=29.3
kernel_rcvbuf_drops=0
kernel_sndbuf_drops=0
snapshot_bytes_per_client_tick=1296
near_bytes_per_client_tick=122
activity_bytes_per_client_tick=0.0
near_per_client_tick=15.7
mid_per_client_tick=41.9
far_per_client_tick=58.7
near_scanned_per_query=18
mid_scanned_per_query=55
far_skipped=0
far_starved=0
repeated=6395
frozen=2139
late_inputs=9682
discarded_inputs=0
input_wait_p10_ms=36.4
input_wait_p50_ms=51.4
input_wait_p90_ms=66.6
input_wait_p99_ms=75.7
spawns=10000
despawns=10000
deaths=0
respawns=0
shots=0
shots_late=0
shots_refused=0
rewinds_capped=0
rewinds_trimmed=0
hits_head=0
hits_body=0
hits_ground=0
hits_cover=0
projectiles_expired=0
kills=0
hits_after_cover=0
hits_too_late=0
events=0
tracer_bytes=0
activity_cells=0
activity_sent=0
activity_bytes=0
activity_cut=0
projectile_segments=0
hit_candidates=0
joins_deferred=51137
bad_messages=0
recv_errors=0
send_errors=0
datagrams=32225458
sends=32225458
send_syscalls=216767
rewind_near_p50_ms=233
rewind_near_p99_ms=300
rewind_near_mean_ms=225.2
rewind_mid_p50_ms=366
rewind_mid_p99_ms=369
rewind_mid_mean_ms=355.6
ingress_longest_p50_ms=0.73
ingress_work_p50_ms=37.26
assembly_longest_p50_ms=2.27
assembly_work_p50_ms=111.72
transport_longest_p50_ms=1.67
transport_work_p50_ms=82.51
egress_longest_p50_ms=3.85
egress_work_p50_ms=122.58
