preallocated connections for 10000 clients in 252.429235ms
listening on 172.31.17.93:40500 | spawn Uniform | tiers near 64@150 m, mid 500 m, far 1500 m, budget 6250 B/tick, squads of 4 | 64 rayon threads, 64 shards, 1 socket(s), 256 accepts/tick, egress SendMmsg, ingress RecvMmsg | socket buffers rcv 32768 KiB snd 32768 KiB
[    5s] clients 10000 | level 0 (0-0 in window: 30 Hz, dilation 1.0), pace 1.00, 0.0% clients bandwidth-degraded | tick p50 15.37 p99 18.63 max 19.18 ms, 0 overruns | out 286.3k pps 307 kbps/client, 1726 Mbps | in 171.9k pps 19 kbps/client, 57.0 per recv, receive thread busy 18% | stand-ins: repeated 0.92% frozen 0.49%, 10852 late inputs | per client-tick: 1215 B (near 121 B, 93% deltas), near 14.7 mid 38.6 far 54.8, far skipped 0 starved 0 | input wait p50 49.3 p99 75.8 ms | 51137 joins deferred | kernel drops rcv 0 snd 0
         p50/p99 ms: ingress 1.17/8.06  events 3.71/5.46  movement 0.77/1.18  grid 0.41/0.54  separate 0.48/0.96  history 0.02/0.14  shots 0.07/0.17  serialize 0.27/0.63  assembly 2.46/3.93  transport 1.50/2.39  egress 2.51/4.46
[   10s] clients 10000 | level 0 (0-0 in window: 30 Hz, dilation 1.0), pace 1.00, 0.0% clients bandwidth-degraded | tick p50 17.28 p99 19.44 max 19.83 ms, 0 overruns | out 528.3k pps 325 kbps/client, 3254 Mbps | in 297.9k pps 15 kbps/client, 58.6 per recv, receive thread busy 29% | stand-ins: repeated 0.04% frozen 0.00%, 722 late inputs | per client-tick: 1296 B (near 121 B, 100% deltas), near 15.7 mid 41.9 far 58.7, far skipped 0 starved 0 | input wait p50 51.3 p99 76.9 ms | 0 joins deferred | kernel drops rcv 0 snd 0
         p50/p99 ms: ingress 1.20/2.54  events 4.02/5.10  movement 0.98/1.22  grid 0.47/0.59  separate 0.56/1.11  history 0.02/0.05  shots 0.07/0.27  serialize 0.31/0.53  assembly 3.33/4.21  transport 2.03/2.31  egress 4.06/4.82
[   15s] clients 10000 | level 0 (0-0 in window: 30 Hz, dilation 1.0), pace 1.00, 0.0% clients bandwidth-degraded | tick p50 17.29 p99 18.82 max 19.04 ms, 0 overruns | out 528.3k pps 325 kbps/client, 3254 Mbps | in 297.9k pps 15 kbps/client, 58.8 per recv, receive thread busy 29% | stand-ins: repeated 0.03% frozen 0.00%, 403 late inputs | per client-tick: 1296 B (near 122 B, 100% deltas), near 15.7 mid 41.9 far 58.7, far skipped 0 starved 0 | input wait p50 51.5 p99 75.5 ms | 0 joins deferred | kernel drops rcv 0 snd 0
         p50/p99 ms: ingress 1.18/2.41  events 4.03/5.05  movement 1.00/1.25  grid 0.47/0.61  separate 0.56/1.03  history 0.02/0.06  shots 0.07/0.28  serialize 0.32/0.57  assembly 3.28/3.85  transport 2.02/2.30  egress 4.04/4.66
[   20s] clients 10000 | level 0 (0-0 in window: 30 Hz, dilation 1.0), pace 1.00, 0.0% clients bandwidth-degraded | tick p50 17.24 p99 18.84 max 19.09 ms, 0 overruns | out 528.2k pps 325 kbps/client, 3253 Mbps | in 297.7k pps 15 kbps/client, 59.1 per recv, receive thread busy 30% | stand-ins: repeated 0.03% frozen 0.00%, 401 late inputs | per client-tick: 1295 B (near 122 B, 100% deltas), near 15.7 mid 41.9 far 58.7, far skipped 0 starved 0 | input wait p50 51.5 p99 75.7 ms | 0 joins deferred | kernel drops rcv 0 snd 0
         p50/p99 ms: ingress 1.18/1.90  events 4.03/4.91  movement 0.97/1.15  grid 0.47/0.54  separate 0.55/1.10  history 0.02/0.06  shots 0.07/0.27  serialize 0.31/0.60  assembly 3.29/4.22  transport 2.03/2.45  egress 4.05/5.25
[   25s] clients 10000 | level 0 (0-0 in window: 30 Hz, dilation 1.0), pace 1.00, 0.0% clients bandwidth-degraded | tick p50 17.23 p99 18.89 max 18.98 ms, 0 overruns | out 528.5k pps 325 kbps/client, 3254 Mbps | in 297.8k pps 15 kbps/client, 58.8 per recv, receive thread busy 30% | stand-ins: repeated 0.03% frozen 0.00%, 431 late inputs | per client-tick: 1296 B (near 122 B, 100% deltas), near 15.7 mid 41.9 far 58.7, far skipped 0 starved 0 | input wait p50 51.5 p99 75.6 ms | 0 joins deferred | kernel drops rcv 0 snd 0
         p50/p99 ms: ingress 1.19/2.46  events 4.05/5.31  movement 1.00/1.25  grid 0.47/0.57  separate 0.57/1.13  history 0.02/0.06  shots 0.07/0.31  serialize 0.31/0.60  assembly 3.29/4.08  transport 2.05/2.42  egress 4.03/4.74
[   30s] clients 10000 | level 0 (0-0 in window: 30 Hz, dilation 1.0), pace 1.00, 0.0% clients bandwidth-degraded | tick p50 17.31 p99 19.02 max 19.32 ms, 0 overruns | out 528.5k pps 325 kbps/client, 3254 Mbps | in 297.8k pps 15 kbps/client, 58.7 per recv, receive thread busy 29% | stand-ins: repeated 0.03% frozen 0.00%, 388 late inputs | per client-tick: 1296 B (near 121 B, 100% deltas), near 15.7 mid 41.9 far 58.7, far skipped 0 starved 0 | input wait p50 51.4 p99 75.7 ms | 0 joins deferred | kernel drops rcv 0 snd 0
         p50/p99 ms: ingress 1.19/2.44  events 4.04/5.27  movement 0.99/1.34  grid 0.47/0.68  separate 0.56/0.98  history 0.02/0.06  shots 0.07/0.29  serialize 0.31/0.62  assembly 3.29/4.21  transport 2.03/2.31  egress 4.05/5.30
[   35s] clients 10000 | level 0 (0-0 in window: 30 Hz, dilation 1.0), pace 1.00, 0.0% clients bandwidth-degraded | tick p50 17.42 p99 19.42 max 19.50 ms, 0 overruns | out 528.5k pps 325 kbps/client, 3254 Mbps | in 297.6k pps 15 kbps/client, 58.5 per recv, receive thread busy 29% | stand-ins: repeated 0.02% frozen 0.00%, 375 late inputs | per client-tick: 1296 B (near 122 B, 100% deltas), near 15.7 mid 42.0 far 58.7, far skipped 0 starved 0 | input wait p50 51.4 p99 75.5 ms | 0 joins deferred | kernel drops rcv 0 snd 0
         p50/p99 ms: ingress 1.20/2.46  events 4.04/5.72  movement 1.00/1.35  grid 0.47/0.74  separate 0.58/0.93  history 0.02/0.05  shots 0.07/0.29  serialize 0.31/0.52  assembly 3.35/4.09  transport 2.04/2.38  egress 4.01/4.94
[   40s] clients 10000 | level 0 (0-0 in window: 30 Hz, dilation 1.0), pace 1.00, 0.0% clients bandwidth-degraded | tick p50 17.32 p99 18.79 max 19.13 ms, 0 overruns | out 528.4k pps 325 kbps/client, 3254 Mbps | in 298.0k pps 15 kbps/client, 58.7 per recv, receive thread busy 29% | stand-ins: repeated 0.03% frozen 0.00%, 391 late inputs | per client-tick: 1296 B (near 121 B, 100% deltas), near 15.7 mid 42.0 far 58.7, far skipped 0 starved 0 | input wait p50 51.5 p99 75.7 ms | 0 joins deferred | kernel drops rcv 0 snd 0
         p50/p99 ms: ingress 1.20/2.36  events 4.04/5.26  movement 1.00/1.33  grid 0.47/0.58  separate 0.57/1.04  history 0.02/0.09  shots 0.07/0.33  serialize 0.32/0.55  assembly 3.32/4.04  transport 2.04/2.44  egress 4.02/4.58
[   45s] clients 10000 | level 0 (0-0 in window: 30 Hz, dilation 1.0), pace 1.00, 0.0% clients bandwidth-degraded | tick p50 17.24 p99 19.16 max 19.39 ms, 0 overruns | out 528.4k pps 325 kbps/client, 3255 Mbps | in 297.8k pps 15 kbps/client, 58.7 per recv, receive thread busy 29% | stand-ins: repeated 0.03% frozen 0.00%, 405 late inputs | per client-tick: 1296 B (near 121 B, 100% deltas), near 15.7 mid 42.0 far 58.7, far skipped 0 starved 0 | input wait p50 51.5 p99 75.6 ms | 0 joins deferred | kernel drops rcv 0 snd 0
         p50/p99 ms: ingress 1.19/2.46  events 3.99/4.95  movement 1.00/1.34  grid 0.47/0.59  separate 0.55/1.02  history 0.02/0.06  shots 0.07/0.27  serialize 0.31/0.64  assembly 3.29/5.09  transport 2.04/2.44  egress 4.06/4.69
[   50s] clients 10000 | level 0 (0-0 in window: 30 Hz, dilation 1.0), pace 1.00, 0.0% clients bandwidth-degraded | tick p50 17.07 p99 19.62 max 20.05 ms, 0 overruns | out 528.3k pps 326 kbps/client, 3255 Mbps | in 298.0k pps 15 kbps/client, 59.0 per recv, receive thread busy 30% | stand-ins: repeated 0.02% frozen 0.00%, 371 late inputs | per client-tick: 1296 B (near 121 B, 100% deltas), near 15.7 mid 41.9 far 58.7, far skipped 0 starved 0 | input wait p50 51.4 p99 75.6 ms | 0 joins deferred | kernel drops rcv 0 snd 0
         p50/p99 ms: ingress 1.19/2.50  events 3.97/5.09  movement 0.98/1.18  grid 0.47/0.57  separate 0.55/0.98  history 0.02/0.03  shots 0.07/0.16  serialize 0.31/0.53  assembly 3.26/3.92  transport 2.02/2.46  egress 4.02/4.63
[   55s] clients 10000 | level 0 (0-0 in window: 30 Hz, dilation 1.0), pace 1.00, 0.0% clients bandwidth-degraded | tick p50 17.22 p99 19.05 max 19.15 ms, 0 overruns | out 528.2k pps 325 kbps/client, 3254 Mbps | in 297.7k pps 15 kbps/client, 58.7 per recv, receive thread busy 30% | stand-ins: repeated 0.03% frozen 0.00%, 392 late inputs | per client-tick: 1296 B (near 122 B, 100% deltas), near 15.7 mid 41.9 far 58.7, far skipped 0 starved 0 | input wait p50 51.4 p99 75.6 ms | 0 joins deferred | kernel drops rcv 0 snd 0
         p50/p99 ms: ingress 1.19/2.42  events 4.03/5.37  movement 0.99/1.32  grid 0.47/0.57  separate 0.55/0.82  history 0.02/0.05  shots 0.07/0.28  serialize 0.31/0.55  assembly 3.30/3.97  transport 2.01/2.47  egress 4.01/4.59
[   60s] clients 10000 | level 0 (0-0 in window: 30 Hz, dilation 1.0), pace 1.00, 0.0% clients bandwidth-degraded | tick p50 17.28 p99 19.00 max 20.05 ms, 0 overruns | out 528.2k pps 325 kbps/client, 3254 Mbps | in 297.9k pps 15 kbps/client, 59.1 per recv, receive thread busy 29% | stand-ins: repeated 0.03% frozen 0.00%, 421 late inputs | per client-tick: 1296 B (near 122 B, 100% deltas), near 15.7 mid 41.9 far 58.7, far skipped 0 starved 0 | input wait p50 51.5 p99 75.7 ms | 0 joins deferred | kernel drops rcv 0 snd 0
         p50/p99 ms: ingress 1.20/1.87  events 4.01/5.30  movement 0.99/1.37  grid 0.47/0.57  separate 0.57/0.99  history 0.02/0.06  shots 0.07/0.27  serialize 0.31/0.61  assembly 3.35/4.21  transport 2.02/2.43  egress 4.03/4.89
[   65s] clients 6005 | level 0 (0-0 in window: 30 Hz, dilation 1.0), pace 1.00, 0.0% clients bandwidth-degraded | tick p50 8.44 p99 18.69 max 23.10 ms, 0 overruns | out 272.7k pps 260 kbps/client, 1800 Mbps | in 70.3k pps 5 kbps/client, 59.0 per recv, receive thread busy 7% | stand-ins: repeated 1.16% frozen 65.00%, 98 late inputs | per client-tick: 1036 B (near 131 B, 57% deltas), near 11.5 mid 30.7 far 45.7, far skipped 0 starved 0 | input wait p50 51.6 p99 75.7 ms | 0 joins deferred | kernel drops rcv 0 snd 0
         p50/p99 ms: ingress 0.51/1.90  events 0.00/4.94  movement 0.55/1.16  grid 0.52/0.64  separate 0.57/1.06  history 0.03/0.07  shots 0.13/0.42  serialize 0.32/0.61  assembly 1.71/3.77  transport 1.21/2.36  egress 2.85/4.32
[   66s] clients 0 | level 0 (0-0 in window: 30 Hz, dilation 1.0), pace 1.00, 0.0% clients bandwidth-degraded | tick p50 8.21 p99 20.87 max 20.87 ms, 0 overruns | out 188.3k pps 231 kbps/client, 1306 Mbps | in 0.0k pps 0 kbps/client, 0.0 per recv, receive thread busy 0% | stand-ins: repeated 0.00% frozen 100.00%, 0 late inputs | per client-tick: 917 B (near 147 B, 0% deltas), near 9.4 mid 25.1 far 39.2, far skipped 0 starved 0 | input wait p50 0.0 p99 0.0 ms | 0 joins deferred | kernel drops rcv 0 snd 0
         p50/p99 ms: ingress 0.50/5.60  events 0.00/12.68  movement 0.53/0.82  grid 0.53/0.57  separate 0.56/0.77  history 0.03/0.06  shots 0.13/0.28  serialize 0.31/0.56  assembly 1.51/1.99  transport 1.17/1.45  egress 2.83/3.10

== summary: 1706 steady-state ticks (after warmup, before clients drain), peak 10000 clients ==
  phase        p50 ms   p99 ms   max ms
  ingress        1.19     2.44     2.65
  events         4.02     5.18     5.78
  movement       0.99     1.27     1.50
  grid           0.47     0.60     0.81
  separate       0.56     1.04     1.42
  history        0.02     0.06     0.09
  shots          0.07     0.28     0.41
  serialize      0.31     0.60     0.76
  assembly       3.31     4.09     5.23
  transport      2.03     2.42     2.52
  egress         4.04     4.82     5.64
  tick          17.26    19.02    20.05
  overruns 0 | spawns 10000 despawns 10000 (51137 joins deferred) | deaths 0 respawns 0 | stand-ins: repeated 23870 frozen 880382 | late inputs 15650 discarded 0 | bad messages 0 | recv errors 0 send errors 0
  egress (whole run): 32225458 datagrams in 32225458 sends (1.00 per send), 216767 syscalls
  ingress (whole run): 17676831 datagrams in 301130 receive calls (58.70 per call)
  ticks per ladder level (whole run): L0: 1995
  input wait on the server (datagram arrival -> applied): p50 51.4 p99 75.7 max 122.0 mean 51.4 ms
  steady state: stand-ins repeated 6395 frozen 2139 | late inputs 9682 discarded 0
  rewind of near targets (applied step - the input's render step for that tier): p50 233 p99 300 max 340 mean 225.2 ms (n=17300728)
  rewind of mid/far targets (applied step - the input's render step for that tier): p50 366 p99 369 max 426 mean 355.6 ms (n=17300728)
  render times ahead of the server (bogus) 0
  shots 0 (late 0, refused 0, rewinds capped 0) | hits head 0 body 0 (after cover 0, too late 0), kills 0 | ground 0 cover 0 expired 0 | segments 0 candidates 0
