minting tokens with the public dev key (--token-key to change)
5000 bots -> 127.0.0.1:40500 on 8 threads, ramp 0/s, 60s, 5000 full + 0 sink bots
[    5s] bots 5000/5000 connected, 5000 welcomed, 0 failed | 25.3 snaps/s/bot, entities/snap near 36.1 mid 25.3 far 21.2 | corrections 0.000/s/bot | down 164 up 10 kbps/bot | rtt 25.1 ms loss 0.00% | input->applied ~ p50 62 p99 82 ms, round trip p50 100 p99 100 ms | joins 5000 (p50 391 p99 908 ms) | server pace 1.00 level 0, 0 bots bandwidth-degraded | swarm busy 37%, overruns 0
[   10s] bots 5000/5000 connected, 5000 welcomed, 0 failed | 31.2 snaps/s/bot, entities/snap near 34.6 mid 25.0 far 22.1 | corrections 0.000/s/bot | down 200 up 12 kbps/bot | rtt 25.1 ms loss 0.00% | input->applied ~ p50 61 p99 80 ms, round trip p50 100 p99 100 ms | joins 0 (p50 0 p99 0 ms) | server pace 1.00 level 0, 0 bots bandwidth-degraded | swarm busy 38%, overruns 0
[   15s] bots 5000/5000 connected, 5000 welcomed, 0 failed | 28.5 snaps/s/bot, entities/snap near 34.5 mid 25.0 far 22.1 | corrections 0.000/s/bot | down 183 up 11 kbps/bot | rtt 23.9 ms loss 0.00% | input->applied ~ p50 61 p99 80 ms, round trip p50 100 p99 100 ms | joins 0 (p50 0 p99 0 ms) | server pace 1.00 level 0, 0 bots bandwidth-degraded | swarm busy 38%, overruns 0
[   20s] bots 5000/5000 connected, 5000 welcomed, 0 failed | 30.8 snaps/s/bot, entities/snap near 34.7 mid 25.0 far 22.1 | corrections 0.000/s/bot | down 198 up 12 kbps/bot | rtt 23.9 ms loss 0.00% | input->applied ~ p50 61 p99 80 ms, round trip p50 100 p99 100 ms | joins 0 (p50 0 p99 0 ms) | server pace 1.00 level 0, 0 bots bandwidth-degraded | swarm busy 37%, overruns 0
[   25s] bots 5000/5000 connected, 5000 welcomed, 0 failed | 30.8 snaps/s/bot, entities/snap near 34.8 mid 24.3 far 19.4 | corrections 0.000/s/bot | down 188 up 12 kbps/bot | rtt 24.9 ms loss 0.00% | input->applied ~ p50 61 p99 81 ms, round trip p50 100 p99 100 ms | joins 0 (p50 0 p99 0 ms) | server pace 1.00 level 1, 0 bots bandwidth-degraded | swarm busy 38%, overruns 0
[   30s] bots 5000/5000 connected, 5000 welcomed, 0 failed | 28.7 snaps/s/bot, entities/snap near 34.4 mid 22.9 far 14.7 | corrections 0.000/s/bot | down 160 up 11 kbps/bot | rtt 25.4 ms loss 0.00% | input->applied ~ p50 61 p99 80 ms, round trip p50 100 p99 100 ms | joins 0 (p50 0 p99 0 ms) | server pace 1.00 level 1, 0 bots bandwidth-degraded | swarm busy 38%, overruns 0
[   35s] bots 5000/5000 connected, 5000 welcomed, 0 failed | 30.7 snaps/s/bot, entities/snap near 34.6 mid 23.0 far 14.7 | corrections 0.000/s/bot | down 171 up 12 kbps/bot | rtt 25.1 ms loss 0.00% | input->applied ~ p50 61 p99 80 ms, round trip p50 100 p99 100 ms | joins 0 (p50 0 p99 0 ms) | server pace 1.00 level 1, 0 bots bandwidth-degraded | swarm busy 37%, overruns 1
[   40s] bots 5000/5000 connected, 5000 welcomed, 0 failed | 30.1 snaps/s/bot, entities/snap near 34.5 mid 23.1 far 14.7 | corrections 0.000/s/bot | down 168 up 12 kbps/bot | rtt 24.6 ms loss 0.00% | input->applied ~ p50 62 p99 82 ms, round trip p50 100 p99 100 ms | joins 0 (p50 0 p99 0 ms) | server pace 1.00 level 1, 0 bots bandwidth-degraded | swarm busy 38%, overruns 0
[   45s] bots 5000/5000 connected, 5000 welcomed, 0 failed | 29.2 snaps/s/bot, entities/snap near 34.7 mid 21.5 far 9.2 | corrections 0.000/s/bot | down 145 up 12 kbps/bot | rtt 23.6 ms loss 0.00% | input->applied ~ p50 66 p99 90 ms, round trip p50 100 p99 102 ms | joins 0 (p50 0 p99 0 ms) | server pace 1.00 level 2, 0 bots bandwidth-degraded | swarm busy 38%, overruns 1
[   50s] bots 5000/5000 connected, 5000 welcomed, 0 failed | 30.5 snaps/s/bot, entities/snap near 34.5 mid 21.2 far 8.3 | corrections 0.000/s/bot | down 148 up 12 kbps/bot | rtt 24.2 ms loss 0.00% | input->applied ~ p50 63 p99 80 ms, round trip p50 100 p99 100 ms | joins 0 (p50 0 p99 0 ms) | server pace 1.00 level 2, 0 bots bandwidth-degraded | swarm busy 37%, overruns 0
[   55s] bots 5000/5000 connected, 5000 welcomed, 0 failed | 30.0 snaps/s/bot, entities/snap near 34.5 mid 21.2 far 8.3 | corrections 0.000/s/bot | down 145 up 12 kbps/bot | rtt 24.3 ms loss 0.00% | input->applied ~ p50 63 p99 80 ms, round trip p50 100 p99 100 ms | joins 0 (p50 0 p99 0 ms) | server pace 1.00 level 2, 0 bots bandwidth-degraded | swarm busy 37%, overruns 0
[   60s] bots 5000/5000 connected, 5000 welcomed, 0 failed | 30.4 snaps/s/bot, entities/snap near 34.8 mid 21.3 far 8.3 | corrections 0.000/s/bot | down 148 up 12 kbps/bot | rtt 24.2 ms loss 0.00% | input->applied ~ p50 63 p99 80 ms, round trip p50 100 p99 100 ms | joins 0 (p50 0 p99 0 ms) | server pace 1.00 level 2, 0 bots bandwidth-degraded | swarm busy 37%, overruns 0

== bots summary ==
  started 5000 welcomed 5000 failed 0
  join latency ms: p50 391 p99 908 max 1125 (n=5000)
  corrections 0 (0.00/bot-minute), mean error 0.000 m, max 0.000 m
  snapshots 8931512 (entities per snapshot: near 34.7 mid 23.2 far 15.3), stale 0, unmatched acks 0, resyncs 0
  input -> applied on server (est. RTT/2 + server wait): p50 62.0 p99 81.0 max 99.0 mean 62.2 ms (n=8928395)
    of which server wait (arrival -> applied): p50 49.9 p99 67.2 max 83.0 mean 49.9 ms (n=8928395)
  input -> seen acked (round trip): p50 100.0 p99 100.0 max 138.0 mean 85.7 ms (n=8928395)
  near entity update interval (tracked bots): p50 66.0 p99 66.0 max 166.0 mean 50.2 ms (n=12390390)
  mid entity update interval (tracked bots): p50 100.0 p99 100.0 max 59700.0 mean 147.7 ms (n=8939906)
  far entity update interval (tracked bots): p50 500.0 p99 500.0 max 57000.0 mean 524.8 ms (n=7114467)
  input clock: 7373 extra inputs, 5646 skipped ticks, 0 backlog skips | near decode errors (tracked bots) 0
  bytes down 6325.0 MB up 446.7 MB | swarm busy 37% of its threads' time, tick overruns 2
