spawn=hotspots
egress=sendmmsg
ladder=on
threads=8
shards=64
peak_clients=5000
steady_ticks=1709
steady_secs=57.0
ingress_p50_ms=1.90
ingress_p99_ms=2.78
ingress_max_ms=6.39
events_p50_ms=0.80
events_p99_ms=1.28
events_max_ms=2.83
movement_p50_ms=0.43
movement_p99_ms=0.96
movement_max_ms=7.36
grid_p50_ms=0.14
grid_p99_ms=0.20
grid_max_ms=0.26
history_p50_ms=0.00
history_p99_ms=0.00
history_max_ms=0.03
serialize_p50_ms=0.55
serialize_p99_ms=0.82
serialize_max_ms=4.51
assembly_p50_ms=8.44
assembly_p99_ms=11.38
assembly_max_ms=21.82
transport_p50_ms=3.25
transport_p99_ms=4.75
transport_max_ms=10.82
egress_p50_ms=6.63
egress_p99_ms=8.00
egress_max_ms=14.20
tick_p50_ms=22.24
tick_p99_ms=29.43
tick_max_ms=44.19
steady_overruns=5
level_mode=0
tick_hz=30
dilation=1
levels=L0:597,L1:527,L2:585
clients_avg=5000
out_pps=175781
in_pps=150052
egress_mbps=843.6
packets_per_client_tick=1.17
wire_bytes_per_client_tick=703
down_kbps_per_client=168.7
up_kbps_per_client=12.0
kernel_rcvbuf_drops=0
kernel_sndbuf_drops=0
snapshot_bytes_per_client_tick=661
near_bytes_per_client_tick=194
near_per_client_tick=34.6
mid_per_client_tick=23.1
far_per_client_tick=15.1
far_skipped=0
far_starved=0
repeated=0
frozen=0
late_inputs=0
discarded_inputs=0
input_wait_p50_ms=49.9
input_wait_p99_ms=67.2
spawns=5000
despawns=5000
joins_deferred=12586
bad_messages=0
recv_errors=0
send_errors=0
datagrams=10498998
sends=10498998
send_syscalls=115263
