preallocated connections for 10000 clients in 225.832513ms
listening on 127.0.0.1:40500 | spawn Hotspots | tiers near 64@150 m, mid 500 m, far 1500 m, budget 6250 B/tick, squads of 4 | 8 rayon threads, 64 shards, 256 accepts/tick, egress SendMmsg | socket buffers rcv 8192 KiB snd 8192 KiB
WARNING: token key is the public dev key; anyone can mint tokens for this server (--token-key)
[    5s] clients 5000 | level 0 (0-0 in window: 30 Hz, dilation 1.0), pace 1.00, 0.0% clients bandwidth-degraded | tick p50 23.02 p99 27.02 max 28.30 ms, 0 overruns | out 154.7k pps 193 kbps/client, 832 Mbps | in 132.8k pps 14 kbps/client | stand-ins: repeated 0.00% frozen 0.00%, 0 late inputs | per client-tick: 761 B (near 207 B, 98% deltas), near 35.8 mid 25.1 far 21.0, far skipped 0 starved 0 | input wait p50 49.5 p99 70.5 ms | 12586 joins deferred | kernel drops rcv 0 snd 0
         p50/p99 ms: ingress 1.87/4.05  events 0.85/4.04  movement 0.40/1.10  grid 0.13/0.20  history 0.00/0.06  serialize 0.55/0.92  assembly 8.54/11.31  transport 3.49/4.79  egress 6.69/8.19
[   10s] clients 5000 | level 0 (0-0 in window: 30 Hz, dilation 1.0), pace 1.00, 0.0% clients bandwidth-degraded | tick p50 22.35 p99 29.14 max 31.01 ms, 0 overruns | out 176.0k pps 192 kbps/client, 962 Mbps | in 149.9k pps 12 kbps/client | stand-ins: repeated 0.00% frozen 0.00%, 0 late inputs | per client-tick: 760 B (near 194 B, 100% deltas), near 34.6 mid 25.0 far 22.1, far skipped 0 starved 0 | input wait p50 49.3 p99 66.5 ms | 0 joins deferred | kernel drops rcv 0 snd 0
         p50/p99 ms: ingress 1.85/2.77  events 0.76/1.12  movement 0.39/0.99  grid 0.13/0.19  history 0.00/0.00  serialize 0.55/0.73  assembly 8.39/10.23  transport 3.37/5.82  egress 6.69/7.82
[   15s] clients 5000 | level 0 (0-0 in window: 30 Hz, dilation 1.0), pace 1.00, 0.0% clients bandwidth-degraded | tick p50 22.45 p99 26.69 max 29.43 ms, 0 overruns | out 176.2k pps 193 kbps/client, 963 Mbps | in 150.0k pps 12 kbps/client | stand-ins: repeated 0.00% frozen 0.00%, 0 late inputs | per client-tick: 760 B (near 194 B, 100% deltas), near 34.6 mid 25.0 far 22.1, far skipped 0 starved 0 | input wait p50 49.2 p99 66.4 ms | 0 joins deferred | kernel drops rcv 0 snd 0
         p50/p99 ms: ingress 1.89/2.68  events 0.77/1.26  movement 0.45/0.89  grid 0.13/0.18  history 0.00/0.00  serialize 0.55/0.75  assembly 8.48/10.74  transport 3.34/4.66  egress 6.70/7.98
[   20s] clients 5000 | level 0 (0-0 in window: 30 Hz, dilation 1.0), pace 1.00, 0.0% clients bandwidth-degraded | tick p50 21.88 p99 28.43 max 29.43 ms, 0 overruns | out 176.1k pps 192 kbps/client, 962 Mbps | in 150.0k pps 12 kbps/client | stand-ins: repeated 0.00% frozen 0.00%, 0 late inputs | per client-tick: 760 B (near 194 B, 100% deltas), near 34.6 mid 25.0 far 22.1, far skipped 0 starved 0 | input wait p50 49.4 p99 66.5 ms | 0 joins deferred | kernel drops rcv 0 snd 0
         p50/p99 ms: ingress 1.83/2.33  events 0.72/1.07  movement 0.45/0.96  grid 0.13/0.21  history 0.00/0.00  serialize 0.54/0.71  assembly 8.32/11.30  transport 3.23/4.28  egress 6.56/7.46
[   25s] clients 5000 | level 1 (0-1 in window: 30 Hz, dilation 1.0), pace 1.00, 0.0% clients bandwidth-degraded | tick p50 22.43 p99 30.94 max 34.89 ms, 1 overruns | out 175.9k pps 183 kbps/client, 917 Mbps | in 149.9k pps 12 kbps/client | stand-ins: repeated 0.00% frozen 0.00%, 0 late inputs | per client-tick: 722 B (near 194 B, 100% deltas), near 34.6 mid 24.3 far 19.5, far skipped 0 starved 0 | input wait p50 49.4 p99 66.9 ms | 0 joins deferred | kernel drops rcv 0 snd 0
         p50/p99 ms: ingress 1.92/2.89  events 0.79/1.29  movement 0.45/1.02  grid 0.14/0.20  history 0.00/0.00  serialize 0.55/0.76  assembly 8.51/12.08  transport 3.38/5.97  egress 6.68/8.35
[   30s] clients 5000 | level 1 (1-1 in window: 30 Hz, dilation 1.0), pace 1.00, 0.0% clients bandwidth-degraded | tick p50 23.09 p99 29.99 max 30.57 ms, 0 overruns | out 175.8k pps 168 kbps/client, 838 Mbps | in 150.0k pps 12 kbps/client | stand-ins: repeated 0.00% frozen 0.00%, 0 late inputs | per client-tick: 656 B (near 194 B, 100% deltas), near 34.6 mid 23.0 far 14.7, far skipped 0 starved 0 | input wait p50 48.5 p99 66.5 ms | 0 joins deferred | kernel drops rcv 0 snd 0
         p50/p99 ms: ingress 1.98/2.62  events 0.84/1.22  movement 0.43/0.97  grid 0.14/0.24  history 0.00/0.01  serialize 0.56/0.82  assembly 8.69/13.79  transport 3.52/4.53  egress 6.90/8.29
[   35s] clients 5000 | level 1 (1-1 in window: 30 Hz, dilation 1.0), pace 1.00, 0.0% clients bandwidth-degraded | tick p50 21.91 p99 33.51 max 37.96 ms, 2 overruns | out 175.5k pps 167 kbps/client, 836 Mbps | in 150.0k pps 12 kbps/client | stand-ins: repeated 0.00% frozen 0.00%, 0 late inputs | per client-tick: 656 B (near 194 B, 100% deltas), near 34.6 mid 23.0 far 14.7, far skipped 0 starved 0 | input wait p50 48.9 p99 66.6 ms | 0 joins deferred | kernel drops rcv 0 snd 0
         p50/p99 ms: ingress 1.86/3.14  events 0.77/1.23  movement 0.42/1.17  grid 0.14/0.20  history 0.00/0.00  serialize 0.54/0.85  assembly 8.45/10.84  transport 3.29/7.51  egress 6.49/8.00
[   40s] clients 5000 | level 1 (1-1 in window: 30 Hz, dilation 1.0), pace 1.00, 0.0% clients bandwidth-degraded | tick p50 22.84 p99 28.14 max 32.87 ms, 0 overruns | out 175.9k pps 168 kbps/client, 839 Mbps | in 149.8k pps 12 kbps/client | stand-ins: repeated 0.00% frozen 0.00%, 0 late inputs | per client-tick: 657 B (near 194 B, 100% deltas), near 34.6 mid 23.1 far 14.7, far skipped 0 starved 0 | input wait p50 48.8 p99 68.3 ms | 0 joins deferred | kernel drops rcv 0 snd 0
         p50/p99 ms: ingress 1.95/2.76  events 0.84/1.47  movement 0.43/0.95  grid 0.14/0.20  history 0.00/0.01  serialize 0.56/0.86  assembly 8.66/10.85  transport 3.39/4.50  egress 6.78/7.99
[   45s] clients 5000 | level 2 (1-2 in window: 30 Hz, dilation 1.0), pace 1.00, 0.0% clients bandwidth-degraded | tick p50 22.42 p99 36.87 max 44.19 ms, 2 overruns | out 175.1k pps 148 kbps/client, 742 Mbps | in 149.6k pps 12 kbps/client | stand-ins: repeated 0.00% frozen 0.00%, 0 late inputs | per client-tick: 578 B (near 194 B, 100% deltas), near 34.6 mid 21.5 far 9.2, far skipped 0 starved 0 | input wait p50 53.5 p99 77.4 ms | 0 joins deferred | kernel drops rcv 0 snd 0
         p50/p99 ms: ingress 1.95/3.04  events 0.85/1.29  movement 0.42/1.06  grid 0.14/0.20  history 0.00/0.00  serialize 0.56/1.17  assembly 8.51/16.38  transport 3.15/5.46  egress 6.56/8.59
[   50s] clients 5000 | level 2 (2-2 in window: 30 Hz, dilation 1.0), pace 1.00, 0.0% clients bandwidth-degraded | tick p50 21.49 p99 25.18 max 29.99 ms, 0 overruns | out 175.5k pps 146 kbps/client, 728 Mbps | in 150.0k pps 12 kbps/client | stand-ins: repeated 0.00% frozen 0.00%, 0 late inputs | per client-tick: 565 B (near 194 B, 100% deltas), near 34.6 mid 21.2 far 8.3, far skipped 0 starved 0 | input wait p50 50.9 p99 66.4 ms | 0 joins deferred | kernel drops rcv 0 snd 0
         p50/p99 ms: ingress 1.86/2.57  events 0.77/1.38  movement 0.46/0.92  grid 0.14/0.18  history 0.00/0.00  serialize 0.55/0.85  assembly 8.18/9.59  transport 2.92/3.85  egress 6.62/7.83
[   55s] clients 5000 | level 2 (2-2 in window: 30 Hz, dilation 1.0), pace 1.00, 0.0% clients bandwidth-degraded | tick p50 21.62 p99 25.12 max 30.81 ms, 0 overruns | out 175.5k pps 146 kbps/client, 728 Mbps | in 149.9k pps 12 kbps/client | stand-ins: repeated 0.00% frozen 0.00%, 0 late inputs | per client-tick: 566 B (near 194 B, 100% deltas), near 34.6 mid 21.2 far 8.3, far skipped 0 starved 0 | input wait p50 50.8 p99 66.4 ms | 0 joins deferred | kernel drops rcv 0 snd 0
         p50/p99 ms: ingress 1.89/2.74  events 0.82/1.36  movement 0.39/0.89  grid 0.14/0.20  history 0.00/0.00  serialize 0.54/0.86  assembly 8.24/10.21  transport 2.89/4.87  egress 6.49/7.57
[   60s] clients 5000 | level 2 (2-2 in window: 30 Hz, dilation 1.0), pace 1.00, 0.0% clients bandwidth-degraded | tick p50 21.72 p99 30.01 max 31.18 ms, 0 overruns | out 175.5k pps 146 kbps/client, 729 Mbps | in 150.0k pps 12 kbps/client | stand-ins: repeated 0.00% frozen 0.00%, 0 late inputs | per client-tick: 566 B (near 194 B, 100% deltas), near 34.6 mid 21.3 far 8.3, far skipped 0 starved 0 | input wait p50 50.7 p99 66.4 ms | 0 joins deferred | kernel drops rcv 0 snd 0
         p50/p99 ms: ingress 1.96/4.45  events 0.84/1.29  movement 0.41/0.88  grid 0.14/0.20  history 0.00/0.00  serialize 0.53/0.80  assembly 8.31/11.97  transport 3.00/4.08  egress 6.45/7.54
[   60s] clients 0 | level 2 (2-2 in window: 30 Hz, dilation 1.0), pace 1.00, 0.0% clients bandwidth-degraded | tick p50 21.99 p99 23.59 max 23.59 ms, 0 overruns | out 141.9k pps 155 kbps/client, 584 Mbps | in 167.7k pps 14 kbps/client | stand-ins: repeated 0.00% frozen 0.00%, 0 late inputs | per client-tick: 559 B (near 194 B, 98% deltas), near 34.2 mid 21.0 far 7.9, far skipped 0 starved 0 | input wait p50 51.0 p99 66.4 ms | 0 joins deferred | kernel drops rcv 0 snd 0
         p50/p99 ms: ingress 1.87/2.03  events 0.83/6.51  movement 0.30/1.04  grid 0.13/0.17  history 0.00/0.02  serialize 0.51/0.79  assembly 8.23/8.68  transport 3.04/3.50  egress 6.69/7.64

== summary: 1709 steady-state ticks (after warmup, before clients drain), peak 5000 clients ==
  phase        p50 ms   p99 ms   max ms
  ingress        1.90     2.78     6.39
  events         0.80     1.28     2.83
  movement       0.43     0.96     7.36
  grid           0.14     0.20     0.26
  history        0.00     0.00     0.03
  serialize      0.55     0.82     4.51
  assembly       8.44    11.38    21.82
  transport      3.25     4.75    10.82
  egress         6.63     8.00    14.20
  tick          22.24    29.43    44.19
  overruns 5 | spawns 5000 despawns 5000 (12586 joins deferred) | stand-ins: repeated 0 frozen 0 | late inputs 0 discarded 0 | bad messages 0 | recv errors 0 send errors 0
  egress (whole run): 10498998 datagrams in 10498998 sends (1.00 per send), 115263 syscalls
  ticks per ladder level (whole run): L0: 698, L1: 527, L2: 587
  input wait on the server (datagram arrival -> applied): p50 49.9 p99 67.2 max 83.0 mean 49.9 ms
  steady state: stand-ins repeated 0 frozen 0 | late inputs 0 discarded 0
