started=5000
welcomed=5000
failed=0
join_p50_ms=550
join_p99_ms=1126
join_max_ms=1292
corrections=616
corrections_per_bot_minute=0.123
correction_max_m=0.333
push_corrections=1086
push_corrections_per_bot_minute=0.217
push_max_m=0.101
snapshots=5612229
near_per_snapshot=9.3
mid_per_snapshot=6.2
far_per_snapshot=3.9
stale_snapshots=0
resyncs=0
input_applied_p50_ms=129.0
input_applied_p99_ms=219.0
input_applied_mean_ms=125.8
server_wait_p50_ms=62.1
server_wait_p99_ms=149.9
server_wait_mean_ms=63.5
round_trip_p50_ms=200.0
round_trip_p99_ms=303.0
round_trip_mean_ms=196.4
near_interval_p50_ms=50.0
near_interval_p99_ms=50.0
near_interval_mean_ms=47.6
mid_interval_p50_ms=250.0
mid_interval_p99_ms=250.0
mid_interval_mean_ms=222.5
far_interval_p50_ms=1500.0
far_interval_p99_ms=1500.0
far_interval_mean_ms=1221.9
near_interpolated_pct=98.81
near_extrapolated_pct=0.89
near_held_pct=0.14
near_new_pct=0.16
near_pop_p50_mm=0
near_pop_p99_mm=7
mid_interpolated_pct=79.89
mid_extrapolated_pct=18.84
mid_held_pct=0.51
mid_new_pct=0.75
mid_pop_p50_mm=34
mid_pop_p99_mm=745
far_interpolated_pct=13.38
far_extrapolated_pct=76.05
far_held_pct=9.06
far_new_pct=1.50
far_pop_p50_mm=2789
far_pop_p99_mm=16709
render_delay_ms=122.2
render_snaps=0
class0_fighters=167
class0_shots=26629
class0_hits=6996
class0_kills=1379
class0_hit_pct=26.3
class0_rtt_ms=55.7
class1_fighters=167
class1_shots=30233
class1_hits=7744
class1_kills=1513
class1_hit_pct=25.6
class1_rtt_ms=134.6
class2_fighters=166
class2_shots=30200
class2_hits=7285
class2_kills=1402
class2_hit_pct=24.1
class2_rtt_ms=184.6
streak_frames_per_million=29034
clock_slewing_pct=51.34
delay_changes=2271
render_backwards=0
clock_extra=17104
clock_skipped=906149
backlog_skips=7781
near_decode_errors=0
bytes_down_mb=1623.5
bytes_up_mb=514.1
swarm_busy_pct=56
swarm_overruns=74
