preallocated connections for 10000 clients in 257.137384ms
listening on 127.0.0.1:14500 | spawn Uniform | tiers near 64@150 m, mid 500 m, far 1500 m, budget 6250 B/tick, squads of 4 | 8 rayon threads, 64 shards, 1 socket(s), 256 accepts/tick, egress SendMmsg | socket buffers rcv 8192 KiB snd 8192 KiB
WARNING: token key is the public dev key; anyone can mint tokens for this server (--token-key)
[    5s] clients 5000 | level 4 (0-4 in window: 30 Hz, dilation 1.0), pace 0.86, 0.0% clients bandwidth-degraded | tick p50 38.71 p99 46.98 max 48.07 ms, 102 overruns | out 111.0k pps 94 kbps/client, 393 Mbps | in 108.3k pps 15 kbps/client | stand-ins: repeated 0.03% frozen 0.00%, 168 late inputs | per client-tick: 417 B (near 74 B, 95% deltas), near 9.2 mid 12.3 far 12.6, far skipped 0 starved 0 | input wait p50 63.9 p99 190.3 ms | 9247 joins deferred | kernel drops rcv 0 snd 0
         p50/p99 ms: ingress 1.97/3.79  events 1.59/3.49  movement 0.88/1.49  grid 0.27/0.43  separate 0.36/1.24  history 0.01/0.08  shots 2.00/3.06  serialize 0.49/0.74  assembly 4.72/6.23  transport 2.90/4.13  egress 22.84/29.20
[   10s] clients 5000 | level 7 (4-7 in window: 20 Hz, dilation 0.9), pace 0.90, 0.0% clients bandwidth-degraded | tick p50 38.13 p99 43.55 max 45.31 ms, 55 overruns | out 112.8k pps 49 kbps/client, 244 Mbps | in 140.8k pps 14 kbps/client | stand-ins: repeated 2.40% frozen 0.01%, 17219 late inputs | per client-tick: 234 B (near 71 B, 99% deltas), near 9.4 mid 5.6 far 3.0, far skipped 0 starved 0 | input wait p50 35.4 p99 89.5 ms | 0 joins deferred | kernel drops rcv 0 snd 0
         p50/p99 ms: ingress 2.22/3.42  events 1.72/2.93  movement 0.93/1.36  grid 0.28/0.42  separate 0.47/1.79  history 0.01/0.01  shots 2.15/3.27  serialize 0.53/0.79  assembly 4.22/4.92  transport 2.14/2.53  egress 22.87/29.40
[   15s] clients 5000 | level 7 (7-7 in window: 20 Hz, dilation 0.9), pace 0.90, 0.0% clients bandwidth-degraded | tick p50 39.23 p99 53.15 max 53.15 ms, 0 overruns | out 90.0k pps 39 kbps/client, 196 Mbps | in 134.7k pps 14 kbps/client | stand-ins: repeated 0.00% frozen 0.00%, 0 late inputs | per client-tick: 236 B (near 72 B, 99% deltas), near 9.4 mid 5.6 far 3.0, far skipped 0 starved 0 | input wait p50 68.1 p99 104.7 ms | 0 joins deferred | kernel drops rcv 0 snd 0
         p50/p99 ms: ingress 2.38/3.85  events 1.92/3.68  movement 1.00/1.49  grid 0.27/0.57  separate 0.63/3.05  history 0.01/0.03  shots 2.44/4.13  serialize 0.54/0.79  assembly 4.16/4.78  transport 2.13/2.82  egress 23.80/33.62
[   20s] clients 5000 | level 7 (7-7 in window: 20 Hz, dilation 0.9), pace 0.90, 0.0% clients bandwidth-degraded | tick p50 38.83 p99 43.55 max 43.55 ms, 0 overruns | out 90.0k pps 39 kbps/client, 196 Mbps | in 134.9k pps 14 kbps/client | stand-ins: repeated 0.00% frozen 0.00%, 0 late inputs | per client-tick: 236 B (near 72 B, 99% deltas), near 9.3 mid 5.6 far 3.0, far skipped 0 starved 0 | input wait p50 65.4 p99 99.1 ms | 0 joins deferred | kernel drops rcv 0 snd 0
         p50/p99 ms: ingress 2.44/2.86  events 1.93/3.21  movement 0.97/1.24  grid 0.27/0.41  separate 0.55/1.58  history 0.01/0.04  shots 2.35/3.10  serialize 0.52/0.75  assembly 4.09/4.72  transport 2.10/2.44  egress 23.57/27.24
[   25s] clients 5000 | level 7 (7-7 in window: 20 Hz, dilation 0.9), pace 0.90, 0.0% clients bandwidth-degraded | tick p50 39.54 p99 46.11 max 46.11 ms, 0 overruns | out 90.0k pps 39 kbps/client, 195 Mbps | in 135.0k pps 14 kbps/client | stand-ins: repeated 0.00% frozen 0.00%, 0 late inputs | per client-tick: 235 B (near 71 B, 99% deltas), near 9.3 mid 5.6 far 3.0, far skipped 0 starved 0 | input wait p50 65.2 p99 98.9 ms | 0 joins deferred | kernel drops rcv 0 snd 0
         p50/p99 ms: ingress 2.42/3.53  events 1.92/3.01  movement 0.97/1.26  grid 0.27/0.48  separate 0.62/1.47  history 0.01/0.02  shots 2.28/3.19  serialize 0.53/0.73  assembly 4.19/8.13  transport 2.10/2.67  egress 23.60/29.54
[   30s] clients 5000 | level 7 (7-7 in window: 20 Hz, dilation 0.9), pace 0.90, 0.0% clients bandwidth-degraded | tick p50 39.18 p99 47.21 max 47.21 ms, 0 overruns | out 90.0k pps 39 kbps/client, 195 Mbps | in 135.0k pps 14 kbps/client | stand-ins: repeated 0.00% frozen 0.00%, 0 late inputs | per client-tick: 235 B (near 71 B, 99% deltas), near 9.3 mid 5.6 far 3.0, far skipped 0 starved 0 | input wait p50 64.5 p99 98.5 ms | 0 joins deferred | kernel drops rcv 0 snd 0
         p50/p99 ms: ingress 2.44/3.27  events 1.94/2.99  movement 0.96/1.26  grid 0.28/0.43  separate 0.47/2.27  history 0.01/0.02  shots 2.33/3.23  serialize 0.54/1.57  assembly 4.12/4.75  transport 2.11/2.48  egress 24.02/29.30
[   35s] clients 5000 | level 7 (7-7 in window: 20 Hz, dilation 0.9), pace 0.90, 0.0% clients bandwidth-degraded | tick p50 39.41 p99 44.07 max 44.07 ms, 0 overruns | out 90.0k pps 39 kbps/client, 195 Mbps | in 135.1k pps 14 kbps/client | stand-ins: repeated 0.00% frozen 0.00%, 0 late inputs | per client-tick: 235 B (near 71 B, 99% deltas), near 9.3 mid 5.6 far 3.0, far skipped 0 starved 0 | input wait p50 64.1 p99 98.0 ms | 0 joins deferred | kernel drops rcv 0 snd 0
         p50/p99 ms: ingress 2.37/3.03  events 1.91/3.01  movement 0.99/4.46  grid 0.28/0.45  separate 0.46/1.30  history 0.01/0.04  shots 2.35/3.29  serialize 0.57/0.74  assembly 4.18/10.29  transport 2.11/2.53  egress 23.94/27.70
[   40s] clients 5000 | level 7 (7-7 in window: 20 Hz, dilation 0.9), pace 0.90, 0.0% clients bandwidth-degraded | tick p50 39.98 p99 50.15 max 50.15 ms, 0 overruns | out 90.0k pps 39 kbps/client, 195 Mbps | in 135.0k pps 14 kbps/client | stand-ins: repeated 0.00% frozen 0.00%, 0 late inputs | per client-tick: 235 B (near 71 B, 99% deltas), near 9.3 mid 5.5 far 3.0, far skipped 0 starved 0 | input wait p50 63.7 p99 97.6 ms | 0 joins deferred | kernel drops rcv 0 snd 0
         p50/p99 ms: ingress 2.38/2.97  events 1.94/3.08  movement 0.96/1.21  grid 0.27/0.43  separate 0.59/3.17  history 0.01/0.03  shots 2.49/5.57  serialize 0.53/0.73  assembly 4.23/8.22  transport 2.14/2.83  egress 24.12/34.16
[   45s] clients 5000 | level 7 (7-7 in window: 20 Hz, dilation 0.9), pace 0.90, 0.0% clients bandwidth-degraded | tick p50 39.20 p99 47.46 max 47.46 ms, 0 overruns | out 90.1k pps 39 kbps/client, 195 Mbps | in 134.8k pps 14 kbps/client | stand-ins: repeated 0.00% frozen 0.00%, 0 late inputs | per client-tick: 235 B (near 72 B, 99% deltas), near 9.3 mid 5.5 far 3.0, far skipped 0 starved 0 | input wait p50 63.2 p99 97.8 ms | 0 joins deferred | kernel drops rcv 0 snd 0
         p50/p99 ms: ingress 2.40/2.98  events 1.94/2.97  movement 0.97/1.44  grid 0.28/0.42  separate 0.50/1.37  history 0.01/0.02  shots 2.31/3.40  serialize 0.53/0.74  assembly 4.12/5.25  transport 2.08/5.86  egress 23.66/29.35
[   50s] clients 5000 | level 7 (7-7 in window: 20 Hz, dilation 0.9), pace 0.90, 0.0% clients bandwidth-degraded | tick p50 39.22 p99 48.63 max 48.63 ms, 0 overruns | out 90.0k pps 39 kbps/client, 195 Mbps | in 135.1k pps 14 kbps/client | stand-ins: repeated 0.00% frozen 0.00%, 0 late inputs | per client-tick: 235 B (near 71 B, 99% deltas), near 9.3 mid 5.5 far 3.0, far skipped 0 starved 0 | input wait p50 62.7 p99 98.0 ms | 0 joins deferred | kernel drops rcv 0 snd 0
         p50/p99 ms: ingress 2.43/2.94  events 1.89/2.96  movement 0.98/1.24  grid 0.27/0.44  separate 0.54/1.41  history 0.01/0.03  shots 2.37/3.12  serialize 0.54/0.72  assembly 4.15/4.83  transport 2.12/3.50  egress 23.56/33.18
[   55s] clients 5000 | level 7 (7-7 in window: 20 Hz, dilation 0.9), pace 0.90, 0.0% clients bandwidth-degraded | tick p50 38.64 p99 47.98 max 47.98 ms, 0 overruns | out 89.9k pps 39 kbps/client, 195 Mbps | in 134.9k pps 14 kbps/client | stand-ins: repeated 0.00% frozen 0.00%, 0 late inputs | per client-tick: 235 B (near 71 B, 99% deltas), near 9.2 mid 5.5 far 3.0, far skipped 0 starved 0 | input wait p50 61.9 p99 97.4 ms | 0 joins deferred | kernel drops rcv 0 snd 0
         p50/p99 ms: ingress 2.38/3.42  events 1.88/3.26  movement 1.00/1.31  grid 0.27/0.42  separate 0.51/1.23  history 0.01/0.03  shots 2.33/3.05  serialize 0.54/0.77  assembly 4.22/4.97  transport 2.08/2.85  egress 23.28/30.69
[   60s] clients 2252 | level 7 (7-7 in window: 20 Hz, dilation 0.9), pace 0.90, 0.0% clients bandwidth-degraded | tick p50 38.70 p99 46.96 max 46.96 ms, 0 overruns | out 89.6k pps 39 kbps/client, 194 Mbps | in 135.6k pps 14 kbps/client | stand-ins: repeated 0.00% frozen 0.00%, 0 late inputs | per client-tick: 234 B (near 70 B, 100% deltas), near 9.2 mid 5.5 far 3.0, far skipped 0 starved 0 | input wait p50 61.8 p99 97.4 ms | 0 joins deferred | kernel drops rcv 0 snd 0
         p50/p99 ms: ingress 2.42/3.06  events 1.90/4.26  movement 0.96/1.82  grid 0.28/0.44  separate 0.54/1.35  history 0.01/0.02  shots 2.37/3.14  serialize 0.53/0.89  assembly 4.21/4.86  transport 2.09/2.71  egress 23.34/31.06
[   65s] clients 0 | level 6 (6-7 in window: 20 Hz, dilation 1.0), pace 1.00, 0.0% clients bandwidth-degraded | tick p50 3.63 p99 8.61 max 8.61 ms, 0 overruns | out 7.0k pps 16 kbps/client, 6 Mbps | in 0.3k pps 0 kbps/client | stand-ins: repeated 1.50% frozen 97.78%, 0 late inputs | per client-tick: 77 B (near 18 B, 30% deltas), near 1.0 mid 0.4 far 0.2, far skipped 0 starved 0 | input wait p50 58.2 p99 70.7 ms | 0 joins deferred | kernel drops rcv 0 snd 0
         p50/p99 ms: ingress 0.32/1.43  events 0.00/1.64  movement 0.45/1.02  grid 0.18/0.28  separate 0.48/0.91  history 0.01/0.03  shots 0.02/2.03  serialize 0.48/0.92  assembly 0.29/0.59  transport 0.27/0.51  egress 0.73/1.17

== summary: 1061 steady-state ticks (after warmup, before clients drain), peak 5000 clients ==
  phase        p50 ms   p99 ms   max ms
  ingress        2.38     3.07     4.88
  events         1.89     3.05     3.68
  movement       0.97     1.30     4.47
  grid           0.27     0.43     0.57
  separate       0.54     1.48     3.17
  history        0.01     0.02     0.04
  shots          2.33     3.23     6.23
  serialize      0.54     0.74     1.57
  assembly       4.20     5.02    10.29
  transport      2.12     2.90     5.86
  egress        23.61    29.38    34.16
  tick          39.10    45.39    53.15
  overruns 98 | spawns 5000 despawns 5000 (9247 joins deferred) | deaths 4354 respawns 4031 | stand-ins: repeated 18128 frozen 51752 | late inputs 17387 discarded 0 | bad messages 0 | recv errors 0 send errors 0
  egress (whole run): 5689858 datagrams in 5689858 sends (1.00 per send), 78719 syscalls
  ticks per ladder level (whole run): L0: 30, L1: 31, L2: 31, L3: 31, L4: 31, L5: 31, L6: 55, L7: 1001
  input wait on the server (datagram arrival -> applied): p50 62.2 p99 152.2 max 222.7 mean 63.6 ms
  steady state: stand-ins repeated 17336 frozen 51 | late inputs 17387 discarded 0
  rewind of near targets (applied step - the input's render step for that tier): p50 235 p99 347 max 403 mean 227.7 ms (n=5123598)
  rewind of mid/far targets (applied step - the input's render step for that tier): p50 366 p99 441 max 482 mean 355.5 ms (n=5123598)
  render times ahead of the server (bogus) 0
  shots 455557 (late 1003, refused 1570, rewinds capped 286810) | hits head 1122 body 24786 (after cover 561, too late 3099), kills 4354 | ground 336333 cover 43639 expired 49677 | segments 16403265 candidates 367541
