started=5000
welcomed=5000
failed=0
join_p50_ms=555
join_p99_ms=1285
join_max_ms=2996
corrections=1
corrections_per_bot_minute=0.000
correction_max_m=0.200
push_corrections=1226
push_corrections_per_bot_minute=0.245
push_max_m=0.496
snapshots=6405959
near_per_snapshot=9.2
mid_per_snapshot=20.8
far_per_snapshot=32.6
stale_snapshots=0
resyncs=0
input_applied_p50_ms=106.0
input_applied_p99_ms=146.0
input_applied_mean_ms=100.5
server_wait_p50_ms=50.6
server_wait_p99_ms=67.2
server_wait_mean_ms=50.5
round_trip_p50_ms=167.0
round_trip_p99_ms=233.0
round_trip_mean_ms=167.0
slot_work_p50_ms=0.5
slot_work_p99_ms=1.4
slot_work_mean_ms=0.6
slot_late_p50_ms=0.0
slot_late_p99_ms=0.0
slot_late_mean_ms=0.0
near_interval_p50_ms=33.0
near_interval_p99_ms=166.0
near_interval_mean_ms=46.2
mid_interval_p50_ms=100.0
mid_interval_p99_ms=500.0
mid_interval_mean_ms=139.2
far_interval_p50_ms=500.0
far_interval_p99_ms=1500.0
far_interval_mean_ms=618.3
slot_late_max_ms=33.2
near_interpolated_pct=97.63
near_extrapolated_pct=2.17
near_held_pct=0.04
near_new_pct=0.16
near_pop_p50_mm=0
near_pop_p99_mm=6
mid_interpolated_pct=88.53
mid_extrapolated_pct=9.73
mid_held_pct=1.17
mid_new_pct=0.57
mid_pop_p50_mm=0
mid_pop_p99_mm=923
far_interpolated_pct=28.65
far_extrapolated_pct=54.99
far_held_pct=14.17
far_new_pct=2.19
far_pop_p50_mm=676
far_pop_p99_mm=8633
render_delay_ms=122.6
render_snaps=0
class0_fighters=167
class0_shots=37982
class0_hits=6892
class0_kills=1347
class0_hit_pct=18.1
class0_rtt_ms=30.2
class1_fighters=167
class1_shots=39557
class1_hits=6993
class1_kills=1358
class1_hit_pct=17.7
class1_rtt_ms=110.2
class2_fighters=166
class2_shots=39972
class2_hits=6516
class2_kills=1261
class2_hit_pct=16.3
class2_rtt_ms=160.7
shots_seen=303466
activity_cells=5369997
activity_shots=24135103
ambient=18833292
streak_frames_per_million=26001
clock_slewing_pct=5.92
delay_changes=1713
render_backwards=0
clock_extra=8997
clock_skipped=3970
backlog_skips=0
near_decode_errors=0
bytes_down_mb=5189.3
bytes_up_mb=573.5
swarm_busy_pct=15
swarm_overruns=213
