5000 bots -> 172.31.17.93:14500 on 28 threads x 8 slots, ramp 0/s, 60s, 5000 full + 0 sink bots
[    5s] bots 5000/5000 connected, 5000 welcomed, 0 failed | 17.4 snaps/s/bot, entities/snap near 9.4 mid 20.7 far 32.4 | corrections 0.000/s/bot | down 114 up 12 kbps/bot | rtt 100.3 ms loss 0.00% | input->applied ~ p50 104 p99 146 ms, round trip p50 167 p99 233 ms | joins 5000 (p50 555 p99 1285 ms) | server pace 1.00 level 0, 0 bots bandwidth-degraded | swarm busy 13%, overruns 213
[   10s] bots 5000/5000 connected, 5000 welcomed, 0 failed | 21.8 snaps/s/bot, entities/snap near 9.3 mid 20.9 far 32.7 | corrections 0.000/s/bot | down 142 up 16 kbps/bot | rtt 100.2 ms loss 0.00% | input->applied ~ p50 106 p99 146 ms, round trip p50 167 p99 233 ms | joins 0 (p50 0 p99 0 ms) | server pace 1.00 level 0, 0 bots bandwidth-degraded | swarm busy 15%, overruns 0
[   15s] bots 5000/5000 connected, 5000 welcomed, 0 failed | 21.7 snaps/s/bot, entities/snap near 9.2 mid 20.9 far 32.7 | corrections 0.000/s/bot | down 141 up 16 kbps/bot | rtt 100.1 ms loss 0.00% | input->applied ~ p50 106 p99 146 ms, round trip p50 167 p99 233 ms | joins 0 (p50 0 p99 0 ms) | server pace 1.00 level 0, 0 bots bandwidth-degraded | swarm busy 15%, overruns 0
[   20s] bots 5000/5000 connected, 5000 welcomed, 0 failed | 21.7 snaps/s/bot, entities/snap near 9.2 mid 20.8 far 32.7 | corrections 0.000/s/bot | down 141 up 16 kbps/bot | rtt 100.2 ms loss 0.00% | input->applied ~ p50 106 p99 146 ms, round trip p50 167 p99 233 ms | joins 0 (p50 0 p99 0 ms) | server pace 1.00 level 0, 0 bots bandwidth-degraded | swarm busy 15%, overruns 0
[   25s] bots 5000/5000 connected, 5000 welcomed, 0 failed | 21.7 snaps/s/bot, entities/snap near 9.2 mid 20.8 far 32.7 | corrections 0.000/s/bot | down 141 up 16 kbps/bot | rtt 100.3 ms loss 0.00% | input->applied ~ p50 106 p99 146 ms, round trip p50 167 p99 233 ms | joins 0 (p50 0 p99 0 ms) | server pace 1.00 level 0, 0 bots bandwidth-degraded | swarm busy 15%, overruns 0
[   30s] bots 5000/5000 connected, 5000 welcomed, 0 failed | 21.5 snaps/s/bot, entities/snap near 9.1 mid 20.8 far 32.6 | corrections 0.000/s/bot | down 139 up 16 kbps/bot | rtt 100.1 ms loss 0.00% | input->applied ~ p50 106 p99 146 ms, round trip p50 167 p99 233 ms | joins 0 (p50 0 p99 0 ms) | server pace 1.00 level 0, 0 bots bandwidth-degraded | swarm busy 15%, overruns 0
[   35s] bots 5000/5000 connected, 5000 welcomed, 0 failed | 21.4 snaps/s/bot, entities/snap near 9.1 mid 20.8 far 32.6 | corrections 0.000/s/bot | down 138 up 16 kbps/bot | rtt 100.2 ms loss 0.00% | input->applied ~ p50 106 p99 146 ms, round trip p50 167 p99 233 ms | joins 0 (p50 0 p99 0 ms) | server pace 1.00 level 0, 0 bots bandwidth-degraded | swarm busy 15%, overruns 0
[   40s] bots 5000/5000 connected, 5000 welcomed, 0 failed | 21.5 snaps/s/bot, entities/snap near 9.2 mid 20.7 far 32.6 | corrections 0.000/s/bot | down 139 up 16 kbps/bot | rtt 100.1 ms loss 0.00% | input->applied ~ p50 106 p99 146 ms, round trip p50 167 p99 233 ms | joins 0 (p50 0 p99 0 ms) | server pace 1.00 level 0, 0 bots bandwidth-degraded | swarm busy 15%, overruns 0
[   45s] bots 5000/5000 connected, 5000 welcomed, 0 failed | 21.6 snaps/s/bot, entities/snap near 9.1 mid 20.8 far 32.6 | corrections 0.000/s/bot | down 140 up 16 kbps/bot | rtt 100.1 ms loss 0.00% | input->applied ~ p50 106 p99 146 ms, round trip p50 167 p99 233 ms | joins 0 (p50 0 p99 0 ms) | server pace 1.00 level 0, 0 bots bandwidth-degraded | swarm busy 15%, overruns 0
[   50s] bots 5000/5000 connected, 5000 welcomed, 0 failed | 21.5 snaps/s/bot, entities/snap near 9.1 mid 20.8 far 32.6 | corrections 0.000/s/bot | down 139 up 16 kbps/bot | rtt 100.0 ms loss 0.00% | input->applied ~ p50 106 p99 146 ms, round trip p50 167 p99 233 ms | joins 0 (p50 0 p99 0 ms) | server pace 1.00 level 0, 0 bots bandwidth-degraded | swarm busy 15%, overruns 0
[   55s] bots 5000/5000 connected, 5000 welcomed, 0 failed | 21.7 snaps/s/bot, entities/snap near 9.2 mid 20.7 far 32.6 | corrections 0.000/s/bot | down 140 up 16 kbps/bot | rtt 100.2 ms loss 0.00% | input->applied ~ p50 106 p99 146 ms, round trip p50 167 p99 233 ms | joins 0 (p50 0 p99 0 ms) | server pace 1.00 level 0, 0 bots bandwidth-degraded | swarm busy 15%, overruns 0
[   60s] bots 5000/5000 connected, 5000 welcomed, 0 failed | 21.8 snaps/s/bot, entities/snap near 9.1 mid 20.7 far 32.7 | corrections 0.000/s/bot | down 141 up 16 kbps/bot | rtt 100.1 ms loss 0.00% | input->applied ~ p50 106 p99 146 ms, round trip p50 167 p99 233 ms | joins 0 (p50 0 p99 0 ms) | server pace 1.00 level 0, 0 bots bandwidth-degraded | swarm busy 16%, overruns 0

== bots summary ==
  started 5000 welcomed 5000 failed 0
  join latency ms: p50 555 p99 1285 max 2996 (n=5000)
  corrections 1 (0.00/bot-minute), mean error 0.200 m, max 0.200 m
  push corrections (the server pushed us apart from a crowd) 1226 (0.25/bot-minute), max 0.496 m
  snapshots 6405959 (entities per snapshot: near 9.2 mid 20.8 far 32.6), stale 0, unmatched acks 0, resyncs 0
  input -> applied on server (est. RTT/2 + server wait): p50 106.0 p99 146.0 max 160.0 mean 100.5 ms (n=6393762)
    of which server wait (arrival -> applied): p50 50.6 p99 67.2 max 99.8 mean 50.5 ms (n=6393762)
  input -> seen acked (round trip): p50 167.0 p99 233.0 max 267.0 mean 167.0 ms (n=6393762)
  near entity update interval (tracked bots): p50 33.0 p99 166.0 max 2100.0 mean 46.2 ms (n=5090550)
  mid entity update interval (tracked bots): p50 100.0 p99 500.0 max 2200.0 mean 139.2 ms (n=13542232)
  far entity update interval (tracked bots): p50 500.0 p99 1500.0 max 2100.0 mean 618.3 ms (n=19350134)
  near drawn (tracked bots): 97.63% interpolated, 2.17% extrapolated, 0.04% held, 0.16% new | pops p50 0 p99 6 max 7938 mm
  mid drawn (tracked bots): 88.53% interpolated, 9.73% extrapolated, 1.17% held, 0.57% new | pops p50 0 p99 923 max 21465 mm
  far drawn (tracked bots): 28.65% interpolated, 54.99% extrapolated, 14.17% held, 2.19% new | pops p50 676 p99 8633 max 65535 mm
  render delay (near) 122.6 ms behind the newest step, clock snaps 0 (backwards 0), slewing 5.92% of frames, near delay changes 1713 | streak entity-frames (drawn > 20 m/s) 12396935
  fighters, class 0: 167 at rtt 30.2 ms | 37982 shots, 6892 hits (18.1%), 1347 kills
  fighters, class 1: 167 at rtt 110.2 ms | 39557 shots, 6993 hits (17.7%), 1358 kills
  fighters, class 2: 166 at rtt 160.7 ms | 39972 shots, 6516 hits (16.3%), 1261 kills
  others' shots (tracked bots): 303466 as tracers | distant fights: 5369997 cell entries counting 24135103 shots, 18833292 ambient shots made
  input clock: 8997 extra inputs, 3970 skipped ticks, 0 backlog skips | near decode errors (tracked bots) 0
  bytes down 5189.3 MB up 573.5 MB | swarm busy 15% of its threads' time, tick overruns 213
