spawn=uniform
egress=sendmmsg
ingress=recvmmsg
rx_gather_us=1000
ladder=on
threads=64
shards=64
sockets=1
peak_clients=5000
steady_ticks=1708
steady_secs=56.9
ingress_p50_ms=0.80
ingress_p99_ms=1.07
ingress_max_ms=1.26
events_p50_ms=2.06
events_p99_ms=2.65
events_max_ms=2.99
movement_p50_ms=0.62
movement_p99_ms=0.78
movement_max_ms=0.96
grid_p50_ms=0.35
grid_p99_ms=0.41
grid_max_ms=0.54
separate_p50_ms=0.34
separate_p99_ms=0.64
separate_max_ms=0.96
history_p50_ms=0.01
history_p99_ms=0.02
history_max_ms=0.04
shots_p50_ms=1.71
shots_p99_ms=2.10
shots_max_ms=2.33
serialize_p50_ms=0.21
serialize_p99_ms=0.26
serialize_max_ms=0.44
assembly_p50_ms=1.34
assembly_p99_ms=1.84
assembly_max_ms=2.42
transport_p50_ms=0.92
transport_p99_ms=1.22
transport_max_ms=1.38
egress_p50_ms=1.30
egress_p99_ms=1.60
egress_max_ms=2.04
tick_p50_ms=9.83
tick_p99_ms=10.81
tick_max_ms=11.51
steady_overruns=0
level_mode=0
tick_hz=30
dilation=1
levels=L0:1708
clients_avg=5000
out_pps=157937
in_pps=150043
egress_mbps=974.5
packets_per_client_tick=1.05
wire_bytes_per_client_tick=812
down_kbps_per_client=194.9
up_kbps_per_client=15.4
recv_per_call=51.45
ingress_thread_busy_max_pct=15.0
ingress_thread_busy_mean_pct=15.0
kernel_rcvbuf_drops=0
kernel_sndbuf_drops=0
snapshot_bytes_per_client_tick=772
near_bytes_per_client_tick=71
activity_bytes_per_client_tick=44.2
near_per_client_tick=9.2
mid_per_client_tick=20.8
far_per_client_tick=32.7
near_scanned_per_query=10
mid_scanned_per_query=28
far_skipped=0
far_starved=0
repeated=0
frozen=0
late_inputs=0
discarded_inputs=0
input_wait_p10_ms=37.0
input_wait_p50_ms=50.5
input_wait_p90_ms=63.7
input_wait_p99_ms=67.2
spawns=5000
despawns=5000
deaths=4012
respawns=3826
shots=577004
shots_late=0
shots_refused=1497
rewinds_capped=384267
rewinds_trimmed=0
rewinds_trimmed_mid=0
hits_head=1376
hits_body=22151
hits_ground=355978
hits_cover=39766
projectiles_expired=157733
kills=4012
hits_after_cover=440
hits_too_late=2342
events=74445
tracer_bytes=61585137
activity_cells=128560
activity_sent=77702845
activity_bytes=395842966
activity_cut=0
projectile_segments=25615239
hit_candidates=546255
trim_excess_p50_steps=0.0
trim_excess_p99_steps=0.0
trim_excess_max_steps=0.0
joins_deferred=9953
bad_messages=0
recv_errors=0
send_errors=0
datagrams=9685151
sends=9685151
send_syscalls=124866
rewind_near_p50_ms=233
rewind_near_p99_ms=367
rewind_near_mean_ms=236.7
rewind_mid_p50_ms=367
rewind_mid_p99_ms=433
rewind_mid_mean_ms=364.4
ingress_longest_p50_ms=0.35
ingress_work_p50_ms=16.93
assembly_longest_p50_ms=0.83
assembly_work_p50_ms=41.23
transport_longest_p50_ms=0.61
transport_work_p50_ms=28.34
egress_longest_p50_ms=1.19
egress_work_p50_ms=37.08
