preallocated connections for 10000 clients in 250.447324ms
listening on 172.31.17.93:14500 | spawn Uniform | tiers near 64@150 m, mid 500 m, far 1500 m, budget 6250 B/tick, squads of 4 | 64 rayon threads, 64 shards, 1 socket(s), 256 accepts/tick, egress SendMmsg, ingress RecvMmsg | socket buffers rcv 32768 KiB snd 32768 KiB
[    5s] clients 5000 | level 0 (0-0 in window: 30 Hz, dilation 1.0), pace 1.00, 0.0% clients bandwidth-degraded | tick p50 9.79 p99 10.97 max 11.46 ms, 0 overruns | out 132.0k pps 193 kbps/client, 787 Mbps | in 122.9k pps 17 kbps/client, 50.2 per recv, receive thread busy 13% | stand-ins: repeated 0.00% frozen 0.00%, 0 late inputs | per client-tick: 759 B (near 74 B, 95% deltas), near 9.2 mid 20.3 far 31.7, far skipped 0 starved 0 | input wait p50 50.6 p99 67.2 ms | 9953 joins deferred | kernel drops rcv 0 snd 0
         p50/p99 ms: ingress 0.80/3.34  events 2.07/3.03  movement 0.60/0.74  grid 0.35/0.42  separate 0.33/0.60  history 0.01/0.07  shots 1.71/2.21  serialize 0.21/0.28  assembly 1.30/1.80  transport 0.88/1.18  egress 1.28/1.53
[   10s] clients 5000 | level 0 (0-0 in window: 30 Hz, dilation 1.0), pace 1.00, 0.0% clients bandwidth-degraded | tick p50 9.86 p99 10.76 max 10.81 ms, 0 overruns | out 158.0k pps 196 kbps/client, 978 Mbps | in 149.9k pps 15 kbps/client, 51.2 per recv, receive thread busy 15% | stand-ins: repeated 0.00% frozen 0.00%, 0 late inputs | per client-tick: 775 B (near 71 B, 99% deltas), near 9.3 mid 20.9 far 32.7, far skipped 0 starved 0 | input wait p50 50.5 p99 67.1 ms | 0 joins deferred | kernel drops rcv 0 snd 0
         p50/p99 ms: ingress 0.80/1.01  events 2.08/2.64  movement 0.62/0.70  grid 0.35/0.41  separate 0.34/0.62  history 0.01/0.02  shots 1.71/2.14  serialize 0.21/0.26  assembly 1.36/1.74  transport 0.92/1.23  egress 1.29/1.59
[   15s] clients 5000 | level 0 (0-0 in window: 30 Hz, dilation 1.0), pace 1.00, 0.0% clients bandwidth-degraded | tick p50 9.90 p99 10.96 max 11.17 ms, 0 overruns | out 158.1k pps 196 kbps/client, 979 Mbps | in 149.9k pps 15 kbps/client, 51.0 per recv, receive thread busy 15% | stand-ins: repeated 0.00% frozen 0.00%, 0 late inputs | per client-tick: 776 B (near 71 B, 99% deltas), near 9.2 mid 20.9 far 32.7, far skipped 0 starved 0 | input wait p50 50.5 p99 67.1 ms | 0 joins deferred | kernel drops rcv 0 snd 0
         p50/p99 ms: ingress 0.80/0.99  events 2.08/2.60  movement 0.62/0.91  grid 0.35/0.40  separate 0.34/0.61  history 0.01/0.03  shots 1.74/2.10  serialize 0.21/0.26  assembly 1.36/1.83  transport 0.93/1.14  egress 1.30/1.47
[   20s] clients 5000 | level 0 (0-0 in window: 30 Hz, dilation 1.0), pace 1.00, 0.0% clients bandwidth-degraded | tick p50 9.85 p99 10.73 max 10.93 ms, 0 overruns | out 158.0k pps 195 kbps/client, 977 Mbps | in 149.9k pps 15 kbps/client, 51.8 per recv, receive thread busy 15% | stand-ins: repeated 0.00% frozen 0.00%, 0 late inputs | per client-tick: 774 B (near 71 B, 99% deltas), near 9.2 mid 20.8 far 32.7, far skipped 0 starved 0 | input wait p50 50.5 p99 67.2 ms | 0 joins deferred | kernel drops rcv 0 snd 0
         p50/p99 ms: ingress 0.81/1.07  events 2.06/2.55  movement 0.61/0.88  grid 0.35/0.41  separate 0.34/0.61  history 0.01/0.02  shots 1.71/2.10  serialize 0.20/0.25  assembly 1.35/2.24  transport 0.92/1.13  egress 1.30/1.55
[   25s] clients 5000 | level 0 (0-0 in window: 30 Hz, dilation 1.0), pace 1.00, 0.0% clients bandwidth-degraded | tick p50 9.85 p99 10.78 max 10.92 ms, 0 overruns | out 157.8k pps 195 kbps/client, 975 Mbps | in 149.9k pps 15 kbps/client, 51.6 per recv, receive thread busy 15% | stand-ins: repeated 0.00% frozen 0.00%, 0 late inputs | per client-tick: 773 B (near 71 B, 99% deltas), near 9.2 mid 20.8 far 32.7, far skipped 0 starved 0 | input wait p50 50.5 p99 67.1 ms | 0 joins deferred | kernel drops rcv 0 snd 0
         p50/p99 ms: ingress 0.79/0.96  events 2.08/2.63  movement 0.62/0.68  grid 0.35/0.42  separate 0.34/0.66  history 0.01/0.02  shots 1.73/2.11  serialize 0.20/0.26  assembly 1.33/1.84  transport 0.92/1.26  egress 1.30/1.60
[   30s] clients 5000 | level 0 (0-0 in window: 30 Hz, dilation 1.0), pace 1.00, 0.0% clients bandwidth-degraded | tick p50 9.77 p99 10.66 max 10.76 ms, 0 overruns | out 157.8k pps 195 kbps/client, 973 Mbps | in 149.9k pps 15 kbps/client, 51.5 per recv, receive thread busy 15% | stand-ins: repeated 0.00% frozen 0.00%, 0 late inputs | per client-tick: 771 B (near 71 B, 99% deltas), near 9.1 mid 20.8 far 32.7, far skipped 0 starved 0 | input wait p50 50.5 p99 67.2 ms | 0 joins deferred | kernel drops rcv 0 snd 0
         p50/p99 ms: ingress 0.80/1.01  events 2.08/2.60  movement 0.62/0.68  grid 0.35/0.41  separate 0.33/0.62  history 0.01/0.02  shots 1.69/2.10  serialize 0.21/0.26  assembly 1.34/1.79  transport 0.92/1.15  egress 1.30/1.61
[   35s] clients 5000 | level 0 (0-0 in window: 30 Hz, dilation 1.0), pace 1.00, 0.0% clients bandwidth-degraded | tick p50 9.82 p99 11.16 max 11.51 ms, 0 overruns | out 157.8k pps 194 kbps/client, 972 Mbps | in 149.9k pps 15 kbps/client, 51.8 per recv, receive thread busy 15% | stand-ins: repeated 0.00% frozen 0.00%, 0 late inputs | per client-tick: 770 B (near 71 B, 100% deltas), near 9.1 mid 20.8 far 32.7, far skipped 0 starved 0 | input wait p50 50.5 p99 67.2 ms | 0 joins deferred | kernel drops rcv 0 snd 0
         p50/p99 ms: ingress 0.80/1.17  events 2.08/2.76  movement 0.62/0.74  grid 0.35/0.41  separate 0.34/0.67  history 0.01/0.03  shots 1.69/2.08  serialize 0.21/0.27  assembly 1.35/1.98  transport 0.93/1.27  egress 1.29/1.64
[   40s] clients 5000 | level 0 (0-0 in window: 30 Hz, dilation 1.0), pace 1.00, 0.0% clients bandwidth-degraded | tick p50 9.80 p99 10.74 max 10.79 ms, 0 overruns | out 157.8k pps 194 kbps/client, 972 Mbps | in 150.0k pps 15 kbps/client, 51.5 per recv, receive thread busy 15% | stand-ins: repeated 0.00% frozen 0.00%, 0 late inputs | per client-tick: 771 B (near 71 B, 99% deltas), near 9.2 mid 20.7 far 32.7, far skipped 0 starved 0 | input wait p50 50.5 p99 67.2 ms | 0 joins deferred | kernel drops rcv 0 snd 0
         p50/p99 ms: ingress 0.80/1.05  events 2.06/2.47  movement 0.61/0.85  grid 0.35/0.37  separate 0.37/0.64  history 0.01/0.02  shots 1.68/2.02  serialize 0.20/0.28  assembly 1.34/1.72  transport 0.91/1.29  egress 1.30/1.67
[   45s] clients 5000 | level 0 (0-0 in window: 30 Hz, dilation 1.0), pace 1.00, 0.0% clients bandwidth-degraded | tick p50 9.83 p99 10.87 max 10.90 ms, 0 overruns | out 157.8k pps 194 kbps/client, 972 Mbps | in 149.9k pps 15 kbps/client, 51.6 per recv, receive thread busy 15% | stand-ins: repeated 0.00% frozen 0.00%, 0 late inputs | per client-tick: 770 B (near 71 B, 99% deltas), near 9.1 mid 20.8 far 32.7, far skipped 0 starved 0 | input wait p50 50.5 p99 67.1 ms | 0 joins deferred | kernel drops rcv 0 snd 0
         p50/p99 ms: ingress 0.80/1.16  events 2.07/2.72  movement 0.62/0.86  grid 0.35/0.41  separate 0.46/0.66  history 0.01/0.03  shots 1.70/2.12  serialize 0.21/0.27  assembly 1.32/1.75  transport 0.91/1.18  egress 1.30/1.66
[   50s] clients 5000 | level 0 (0-0 in window: 30 Hz, dilation 1.0), pace 1.00, 0.0% clients bandwidth-degraded | tick p50 9.77 p99 10.71 max 10.87 ms, 0 overruns | out 157.8k pps 194 kbps/client, 972 Mbps | in 149.9k pps 15 kbps/client, 51.4 per recv, receive thread busy 15% | stand-ins: repeated 0.00% frozen 0.00%, 0 late inputs | per client-tick: 770 B (near 71 B, 100% deltas), near 9.1 mid 20.8 far 32.7, far skipped 0 starved 0 | input wait p50 50.5 p99 67.2 ms | 0 joins deferred | kernel drops rcv 0 snd 0
         p50/p99 ms: ingress 0.80/1.01  events 2.06/2.56  movement 0.62/0.84  grid 0.35/0.40  separate 0.34/0.60  history 0.01/0.03  shots 1.68/2.13  serialize 0.21/0.25  assembly 1.33/1.72  transport 0.93/1.19  egress 1.31/1.77
[   55s] clients 5000 | level 0 (0-0 in window: 30 Hz, dilation 1.0), pace 1.00, 0.0% clients bandwidth-degraded | tick p50 9.78 p99 10.71 max 10.71 ms, 0 overruns | out 157.9k pps 194 kbps/client, 972 Mbps | in 149.9k pps 15 kbps/client, 51.8 per recv, receive thread busy 15% | stand-ins: repeated 0.00% frozen 0.00%, 0 late inputs | per client-tick: 771 B (near 71 B, 100% deltas), near 9.2 mid 20.7 far 32.7, far skipped 0 starved 0 | input wait p50 50.5 p99 67.2 ms | 0 joins deferred | kernel drops rcv 0 snd 0
         p50/p99 ms: ingress 0.79/1.11  events 2.05/2.52  movement 0.61/0.68  grid 0.35/0.41  separate 0.35/0.79  history 0.01/0.02  shots 1.69/2.19  serialize 0.21/0.26  assembly 1.32/1.89  transport 0.91/1.26  egress 1.29/1.47
[   60s] clients 5000 | level 0 (0-0 in window: 30 Hz, dilation 1.0), pace 1.00, 0.0% clients bandwidth-degraded | tick p50 9.87 p99 10.78 max 10.85 ms, 0 overruns | out 157.8k pps 194 kbps/client, 971 Mbps | in 149.9k pps 15 kbps/client, 50.8 per recv, receive thread busy 15% | stand-ins: repeated 0.00% frozen 0.00%, 0 late inputs | per client-tick: 769 B (near 71 B, 100% deltas), near 9.1 mid 20.7 far 32.7, far skipped 0 starved 0 | input wait p50 50.5 p99 67.2 ms | 0 joins deferred | kernel drops rcv 0 snd 0
         p50/p99 ms: ingress 0.80/1.05  events 2.07/2.67  movement 0.62/0.82  grid 0.36/0.41  separate 0.35/0.65  history 0.01/0.02  shots 1.72/2.09  serialize 0.21/0.26  assembly 1.32/1.79  transport 0.92/1.21  egress 1.30/1.55
[   65s] clients 1725 | level 0 (0-0 in window: 30 Hz, dilation 1.0), pace 1.00, 0.0% clients bandwidth-degraded | tick p50 3.42 p99 10.92 max 12.14 ms, 0 overruns | out 58.8k pps 103 kbps/client, 200 Mbps | in 11.7k pps 3 kbps/client, 50.8 per recv, receive thread busy 1% | stand-ins: repeated 1.18% frozen 81.18%, 0 late inputs | per client-tick: 392 B (near 52 B, 49% deltas), near 4.0 mid 9.3 far 14.8, far skipped 0 starved 0 | input wait p50 50.5 p99 67.1 ms | 0 joins deferred | kernel drops rcv 0 snd 0
         p50/p99 ms: ingress 0.50/1.42  events 0.00/4.21  movement 0.28/0.70  grid 0.31/0.39  separate 0.32/0.38  history 0.02/0.04  shots 0.14/1.79  serialize 0.17/0.24  assembly 0.49/1.60  transport 0.26/0.93  egress 0.82/1.31
[   66s] clients 0 | level 0 (0-0 in window: 30 Hz, dilation 1.0), pace 1.00, 0.0% clients bandwidth-degraded | tick p50 3.37 p99 4.86 max 4.86 ms, 0 overruns | out 38.2k pps 81 kbps/client, 103 Mbps | in 0.0k pps 0 kbps/client, 0.0 per recv, receive thread busy 0% | stand-ins: repeated 0.00% frozen 100.00%, 0 late inputs | per client-tick: 302 B (near 49 B, 0% deltas), near 2.9 mid 6.6 far 10.8, far skipped 0 starved 0 | input wait p50 0.0 p99 0.0 ms | 0 joins deferred | kernel drops rcv 0 snd 0
         p50/p99 ms: ingress 0.51/0.98  events 0.00/1.70  movement 0.31/0.38  grid 0.31/0.35  separate 0.32/0.35  history 0.01/0.02  shots 0.07/0.09  serialize 0.18/0.19  assembly 0.45/0.80  transport 0.25/0.30  egress 0.83/0.85

== summary: 1708 steady-state ticks (after warmup, before clients drain), peak 5000 clients ==
  phase        p50 ms   p99 ms   max ms
  ingress        0.80     1.07     1.26
  events         2.06     2.65     2.99
  movement       0.62     0.78     0.96
  grid           0.35     0.41     0.54
  separate       0.34     0.64     0.96
  history        0.01     0.02     0.04
  shots          1.71     2.10     2.33
  serialize      0.21     0.26     0.44
  assembly       1.34     1.84     2.42
  transport      0.92     1.22     1.38
  egress         1.30     1.60     2.04
  tick           9.83    10.81    11.51
  overruns 0 | spawns 5000 despawns 5000 (9953 joins deferred) | deaths 4012 respawns 3826 | stand-ins: repeated 3450 frozen 251839 | late inputs 0 discarded 0 | bad messages 0 | recv errors 0 send errors 0
  egress (whole run): 9685151 datagrams in 9685151 sends (1.00 per send), 124866 syscalls
  ingress (whole run): 8950537 datagrams in 174287 receive calls (51.36 per call)
  ticks per ladder level (whole run): L0: 1969
  input wait on the server (datagram arrival -> applied): p50 50.5 p99 67.2 max 99.9 mean 50.4 ms
  steady state: stand-ins repeated 0 frozen 0 | late inputs 0 discarded 0
  rewind of near targets (applied step - the input's render step for that tier): p50 233 p99 367 max 367 mean 236.7 ms (n=8844281)
  rewind of mid/far targets (applied step - the input's render step for that tier): p50 367 p99 433 max 452 mean 364.4 ms (n=8844281)
  render times ahead of the server (bogus) 0
  shots 577004 (late 0, refused 1497, rewinds capped 384267) | hits head 1376 body 22151 (after cover 440, too late 2342), kills 4012 | ground 355978 cover 39766 expired 157733 | segments 25615239 candidates 546255
