5000 bots -> 172.16.8.2:40500 on 24 threads, ramp 0/s, 60s, 5000 full + 0 sink bots
[    5s] bots 5000/5000 connected, 5000 welcomed, 0 failed | 25.6 snaps/s/bot, entities/snap near 9.3 mid 20.5 far 32.0 | corrections 0.000/s/bot | down 148 up 10 kbps/bot | rtt 7.4 ms loss 0.00% | input->applied ~ p50 54 p99 71 ms, round trip p50 67 p99 100 ms | joins 5000 (p50 387 p99 880 ms) | server pace 1.00 level 0, 0 bots bandwidth-degraded | swarm busy 6%, overruns 0
[   10s] bots 5000/5000 connected, 5000 welcomed, 0 failed | 31.2 snaps/s/bot, entities/snap near 9.4 mid 20.9 far 32.7 | corrections 0.000/s/bot | down 182 up 12 kbps/bot | rtt 7.3 ms loss 0.00% | input->applied ~ p50 54 p99 70 ms, round trip p50 67 p99 100 ms | joins 0 (p50 0 p99 0 ms) | server pace 1.00 level 0, 0 bots bandwidth-degraded | swarm busy 7%, overruns 0
[   15s] bots 5000/5000 connected, 5000 welcomed, 0 failed | 28.6 snaps/s/bot, entities/snap near 9.4 mid 20.9 far 32.7 | corrections 0.000/s/bot | down 167 up 11 kbps/bot | rtt 7.4 ms loss 0.00% | input->applied ~ p50 53 p99 70 ms, round trip p50 67 p99 100 ms | joins 0 (p50 0 p99 0 ms) | server pace 1.00 level 0, 0 bots bandwidth-degraded | swarm busy 7%, overruns 0
[   20s] bots 5000/5000 connected, 5000 welcomed, 0 failed | 30.6 snaps/s/bot, entities/snap near 9.4 mid 20.9 far 32.7 | corrections 0.000/s/bot | down 179 up 12 kbps/bot | rtt 7.5 ms loss 0.00% | input->applied ~ p50 54 p99 70 ms, round trip p50 67 p99 100 ms | joins 0 (p50 0 p99 0 ms) | server pace 1.00 level 0, 0 bots bandwidth-degraded | swarm busy 7%, overruns 0
[   25s] bots 5000/5000 connected, 5000 welcomed, 0 failed | 30.5 snaps/s/bot, entities/snap near 9.3 mid 20.9 far 32.7 | corrections 0.000/s/bot | down 178 up 12 kbps/bot | rtt 7.3 ms loss 0.00% | input->applied ~ p50 53 p99 70 ms, round trip p50 67 p99 100 ms | joins 0 (p50 0 p99 0 ms) | server pace 1.00 level 0, 0 bots bandwidth-degraded | swarm busy 7%, overruns 0
[   30s] bots 5000/5000 connected, 5000 welcomed, 0 failed | 29.1 snaps/s/bot, entities/snap near 9.3 mid 20.9 far 32.7 | corrections 0.000/s/bot | down 170 up 12 kbps/bot | rtt 7.5 ms loss 0.00% | input->applied ~ p50 53 p99 70 ms, round trip p50 67 p99 100 ms | joins 0 (p50 0 p99 0 ms) | server pace 1.00 level 0, 0 bots bandwidth-degraded | swarm busy 7%, overruns 0
[   35s] bots 5000/5000 connected, 5000 welcomed, 0 failed | 30.6 snaps/s/bot, entities/snap near 9.3 mid 20.9 far 32.7 | corrections 0.000/s/bot | down 179 up 12 kbps/bot | rtt 7.5 ms loss 0.00% | input->applied ~ p50 54 p99 70 ms, round trip p50 67 p99 100 ms | joins 0 (p50 0 p99 0 ms) | server pace 1.00 level 0, 0 bots bandwidth-degraded | swarm busy 7%, overruns 0
[   40s] bots 5000/5000 connected, 5000 welcomed, 0 failed | 29.6 snaps/s/bot, entities/snap near 9.3 mid 20.9 far 32.7 | corrections 0.000/s/bot | down 173 up 12 kbps/bot | rtt 7.4 ms loss 0.00% | input->applied ~ p50 53 p99 70 ms, round trip p50 67 p99 100 ms | joins 0 (p50 0 p99 0 ms) | server pace 1.00 level 0, 0 bots bandwidth-degraded | swarm busy 7%, overruns 0
[   45s] bots 5000/5000 connected, 5000 welcomed, 0 failed | 30.2 snaps/s/bot, entities/snap near 9.3 mid 20.9 far 32.7 | corrections 0.000/s/bot | down 177 up 12 kbps/bot | rtt 7.5 ms loss 0.00% | input->applied ~ p50 54 p99 70 ms, round trip p50 67 p99 100 ms | joins 0 (p50 0 p99 0 ms) | server pace 1.00 level 0, 0 bots bandwidth-degraded | swarm busy 7%, overruns 0
[   50s] bots 5000/5000 connected, 5000 welcomed, 0 failed | 30.1 snaps/s/bot, entities/snap near 9.4 mid 20.9 far 32.7 | corrections 0.000/s/bot | down 176 up 12 kbps/bot | rtt 7.5 ms loss 0.00% | input->applied ~ p50 54 p99 70 ms, round trip p50 67 p99 100 ms | joins 0 (p50 0 p99 0 ms) | server pace 1.00 level 0, 0 bots bandwidth-degraded | swarm busy 7%, overruns 0
[   55s] bots 5000/5000 connected, 5000 welcomed, 0 failed | 29.9 snaps/s/bot, entities/snap near 9.4 mid 20.9 far 32.7 | corrections 0.000/s/bot | down 174 up 12 kbps/bot | rtt 7.4 ms loss 0.00% | input->applied ~ p50 54 p99 70 ms, round trip p50 67 p99 100 ms | joins 0 (p50 0 p99 0 ms) | server pace 1.00 level 0, 0 bots bandwidth-degraded | swarm busy 7%, overruns 0
[   60s] bots 5000/5000 connected, 5000 welcomed, 0 failed | 30.1 snaps/s/bot, entities/snap near 9.4 mid 20.9 far 32.7 | corrections 0.000/s/bot | down 176 up 12 kbps/bot | rtt 7.4 ms loss 0.00% | input->applied ~ p50 54 p99 70 ms, round trip p50 67 p99 100 ms | joins 0 (p50 0 p99 0 ms) | server pace 1.00 level 0, 0 bots bandwidth-degraded | swarm busy 7%, overruns 0

== bots summary ==
  started 5000 welcomed 5000 failed 0
  join latency ms: p50 387 p99 880 max 1047 (n=5000)
  corrections 0 (0.00/bot-minute), mean error 0.000 m, max 0.000 m
  snapshots 8937663 (entities per snapshot: near 9.3 mid 20.9 far 32.7), stale 0, unmatched acks 0, resyncs 0
  input -> applied on server (est. RTT/2 + server wait): p50 54.0 p99 70.0 max 74.0 mean 53.6 ms (n=8936592)
    of which server wait (arrival -> applied): p50 50.0 p99 66.3 max 69.1 mean 49.9 ms (n=8936592)
  input -> seen acked (round trip): p50 67.0 p99 100.0 max 100.0 mean 73.1 ms (n=8936592)
  near entity update interval (tracked bots): p50 33.0 p99 33.0 max 100.0 mean 33.0 ms (n=4022324)
  mid entity update interval (tracked bots): p50 100.0 p99 100.0 max 500.0 mean 100.2 ms (n=9220646)
  far entity update interval (tracked bots): p50 500.0 p99 500.0 max 58500.0 mean 509.1 ms (n=14811123)
  input clock: 5197 extra inputs, 383 skipped ticks, 0 backlog skips | near decode errors (tracked bots) 0
  bytes down 6525.2 MB up 447.1 MB | swarm busy 7% of its threads' time, tick overruns 0
