preallocated connections for 10000 clients in 219.549975ms
listening on 172.16.8.2:40500 | spawn Uniform | tiers near 64@150 m, mid 500 m, far 1500 m, budget 6250 B/tick, squads of 4 | 128 rayon threads, 64 shards, 256 accepts/tick, egress SendMmsg | socket buffers rcv 32768 KiB snd 32768 KiB
[    5s] clients 5000 | level 0 (0-0 in window: 30 Hz, dilation 1.0), pace 1.00, 0.0% clients bandwidth-degraded | tick p50 7.01 p99 8.81 max 9.10 ms, 0 overruns | out 124.0k pps 172 kbps/client, 697 Mbps | in 125.5k pps 14 kbps/client | stand-ins: repeated 0.00% frozen 0.00%, 0 late inputs | per client-tick: 676 B (near 58 B, 99% deltas), near 9.2 mid 20.3 far 31.7, far skipped 0 starved 0 | input wait p50 50.3 p99 66.5 ms | 12546 joins deferred | kernel drops rcv 0 snd 0
         p50/p99 ms: ingress 1.05/2.49  events 1.49/2.77  movement 0.24/0.31  grid 0.27/0.35  history 0.00/0.03  serialize 0.14/0.25  assembly 1.35/1.89  transport 0.80/1.12  egress 1.43/1.96
[   10s] clients 5000 | level 0 (0-0 in window: 30 Hz, dilation 1.0), pace 1.00, 0.0% clients bandwidth-degraded | tick p50 6.97 p99 7.96 max 8.10 ms, 0 overruns | out 150.0k pps 176 kbps/client, 878 Mbps | in 150.0k pps 12 kbps/client | stand-ins: repeated 0.00% frozen 0.00%, 0 late inputs | per client-tick: 694 B (near 58 B, 100% deltas), near 9.4 mid 20.9 far 32.7, far skipped 0 starved 0 | input wait p50 49.9 p99 66.3 ms | 0 joins deferred | kernel drops rcv 0 snd 0
         p50/p99 ms: ingress 1.04/1.37  events 1.44/1.87  movement 0.24/0.30  grid 0.28/0.35  history 0.00/0.01  serialize 0.13/0.18  assembly 1.36/1.82  transport 0.83/1.11  egress 1.49/2.03
[   15s] clients 5000 | level 0 (0-0 in window: 30 Hz, dilation 1.0), pace 1.00, 0.0% clients bandwidth-degraded | tick p50 6.98 p99 8.06 max 8.22 ms, 0 overruns | out 150.0k pps 175 kbps/client, 877 Mbps | in 150.0k pps 12 kbps/client | stand-ins: repeated 0.00% frozen 0.00%, 0 late inputs | per client-tick: 694 B (near 58 B, 100% deltas), near 9.4 mid 20.9 far 32.7, far skipped 0 starved 0 | input wait p50 49.9 p99 66.3 ms | 0 joins deferred | kernel drops rcv 0 snd 0
         p50/p99 ms: ingress 1.02/1.34  events 1.46/1.99  movement 0.24/0.29  grid 0.28/0.35  history 0.00/0.01  serialize 0.13/0.16  assembly 1.37/1.91  transport 0.82/1.13  egress 1.49/2.05
[   20s] clients 5000 | level 0 (0-0 in window: 30 Hz, dilation 1.0), pace 1.00, 0.0% clients bandwidth-degraded | tick p50 7.00 p99 8.06 max 8.16 ms, 0 overruns | out 150.0k pps 175 kbps/client, 877 Mbps | in 150.0k pps 12 kbps/client | stand-ins: repeated 0.00% frozen 0.00%, 0 late inputs | per client-tick: 694 B (near 58 B, 100% deltas), near 9.4 mid 20.9 far 32.7, far skipped 0 starved 0 | input wait p50 49.9 p99 66.3 ms | 0 joins deferred | kernel drops rcv 0 snd 0
         p50/p99 ms: ingress 1.03/1.38  events 1.44/1.80  movement 0.24/0.30  grid 0.28/0.36  history 0.00/0.01  serialize 0.13/0.16  assembly 1.36/2.01  transport 0.83/1.26  egress 1.53/2.11
[   25s] clients 5000 | level 0 (0-0 in window: 30 Hz, dilation 1.0), pace 1.00, 0.0% clients bandwidth-degraded | tick p50 7.04 p99 8.05 max 8.27 ms, 0 overruns | out 150.0k pps 175 kbps/client, 877 Mbps | in 150.0k pps 12 kbps/client | stand-ins: repeated 0.00% frozen 0.00%, 0 late inputs | per client-tick: 694 B (near 58 B, 100% deltas), near 9.3 mid 20.9 far 32.7, far skipped 0 starved 0 | input wait p50 50.0 p99 66.3 ms | 0 joins deferred | kernel drops rcv 0 snd 0
         p50/p99 ms: ingress 1.02/1.39  events 1.47/1.98  movement 0.24/0.30  grid 0.28/0.36  history 0.00/0.01  serialize 0.13/0.17  assembly 1.36/1.92  transport 0.85/1.14  egress 1.55/2.10
[   30s] clients 5000 | level 0 (0-0 in window: 30 Hz, dilation 1.0), pace 1.00, 0.0% clients bandwidth-degraded | tick p50 6.95 p99 7.89 max 7.98 ms, 0 overruns | out 150.0k pps 175 kbps/client, 877 Mbps | in 150.0k pps 12 kbps/client | stand-ins: repeated 0.00% frozen 0.00%, 0 late inputs | per client-tick: 694 B (near 58 B, 100% deltas), near 9.3 mid 20.9 far 32.7, far skipped 0 starved 0 | input wait p50 49.9 p99 66.3 ms | 0 joins deferred | kernel drops rcv 0 snd 0
         p50/p99 ms: ingress 1.02/1.33  events 1.45/1.85  movement 0.24/0.30  grid 0.28/0.35  history 0.00/0.01  serialize 0.13/0.17  assembly 1.35/1.78  transport 0.83/1.16  egress 1.46/2.06
[   35s] clients 5000 | level 0 (0-0 in window: 30 Hz, dilation 1.0), pace 1.00, 0.0% clients bandwidth-degraded | tick p50 7.01 p99 7.86 max 7.92 ms, 0 overruns | out 150.0k pps 175 kbps/client, 877 Mbps | in 150.0k pps 12 kbps/client | stand-ins: repeated 0.00% frozen 0.00%, 0 late inputs | per client-tick: 694 B (near 58 B, 100% deltas), near 9.3 mid 20.9 far 32.7, far skipped 0 starved 0 | input wait p50 49.9 p99 66.3 ms | 0 joins deferred | kernel drops rcv 0 snd 0
         p50/p99 ms: ingress 1.04/1.36  events 1.44/2.08  movement 0.24/0.30  grid 0.28/0.36  history 0.00/0.01  serialize 0.13/0.17  assembly 1.37/1.82  transport 0.83/1.11  egress 1.52/2.09
[   40s] clients 5000 | level 0 (0-0 in window: 30 Hz, dilation 1.0), pace 1.00, 0.0% clients bandwidth-degraded | tick p50 6.97 p99 8.03 max 8.33 ms, 0 overruns | out 150.0k pps 175 kbps/client, 877 Mbps | in 150.0k pps 12 kbps/client | stand-ins: repeated 0.00% frozen 0.00%, 0 late inputs | per client-tick: 694 B (near 58 B, 100% deltas), near 9.3 mid 20.9 far 32.7, far skipped 0 starved 0 | input wait p50 50.0 p99 66.3 ms | 0 joins deferred | kernel drops rcv 0 snd 0
         p50/p99 ms: ingress 1.03/1.36  events 1.47/1.83  movement 0.24/0.32  grid 0.28/0.36  history 0.00/0.01  serialize 0.13/0.17  assembly 1.37/1.94  transport 0.83/1.12  egress 1.48/2.09
[   45s] clients 5000 | level 0 (0-0 in window: 30 Hz, dilation 1.0), pace 1.00, 0.0% clients bandwidth-degraded | tick p50 7.05 p99 8.06 max 8.12 ms, 0 overruns | out 150.0k pps 175 kbps/client, 877 Mbps | in 150.0k pps 12 kbps/client | stand-ins: repeated 0.00% frozen 0.00%, 0 late inputs | per client-tick: 694 B (near 58 B, 100% deltas), near 9.3 mid 20.9 far 32.7, far skipped 0 starved 0 | input wait p50 50.0 p99 66.3 ms | 0 joins deferred | kernel drops rcv 0 snd 0
         p50/p99 ms: ingress 1.04/1.37  events 1.43/2.02  movement 0.24/0.29  grid 0.28/0.36  history 0.00/0.01  serialize 0.13/0.17  assembly 1.36/1.95  transport 0.83/1.26  egress 1.56/2.05
[   50s] clients 5000 | level 0 (0-0 in window: 30 Hz, dilation 1.0), pace 1.00, 0.0% clients bandwidth-degraded | tick p50 6.97 p99 8.32 max 8.79 ms, 0 overruns | out 150.0k pps 175 kbps/client, 877 Mbps | in 150.0k pps 12 kbps/client | stand-ins: repeated 0.00% frozen 0.00%, 0 late inputs | per client-tick: 694 B (near 58 B, 100% deltas), near 9.4 mid 20.9 far 32.7, far skipped 0 starved 0 | input wait p50 50.0 p99 66.3 ms | 0 joins deferred | kernel drops rcv 0 snd 0
         p50/p99 ms: ingress 1.06/1.38  events 1.46/2.07  movement 0.24/0.30  grid 0.28/0.35  history 0.00/0.01  serialize 0.13/0.18  assembly 1.37/1.99  transport 0.83/1.23  egress 1.48/2.06
[   55s] clients 5000 | level 0 (0-0 in window: 30 Hz, dilation 1.0), pace 1.00, 0.0% clients bandwidth-degraded | tick p50 7.09 p99 7.96 max 8.09 ms, 0 overruns | out 150.0k pps 175 kbps/client, 877 Mbps | in 150.0k pps 12 kbps/client | stand-ins: repeated 0.00% frozen 0.00%, 0 late inputs | per client-tick: 694 B (near 58 B, 100% deltas), near 9.4 mid 20.9 far 32.7, far skipped 0 starved 0 | input wait p50 50.0 p99 66.2 ms | 0 joins deferred | kernel drops rcv 0 snd 0
         p50/p99 ms: ingress 1.04/1.33  events 1.47/1.83  movement 0.24/0.30  grid 0.28/0.36  history 0.00/0.01  serialize 0.13/0.18  assembly 1.37/1.89  transport 0.83/1.21  egress 1.48/2.12
[   60s] clients 5000 | level 0 (0-0 in window: 30 Hz, dilation 1.0), pace 1.00, 0.0% clients bandwidth-degraded | tick p50 7.04 p99 7.99 max 8.47 ms, 0 overruns | out 150.0k pps 175 kbps/client, 877 Mbps | in 150.0k pps 12 kbps/client | stand-ins: repeated 0.00% frozen 0.00%, 0 late inputs | per client-tick: 694 B (near 58 B, 100% deltas), near 9.4 mid 20.9 far 32.7, far skipped 0 starved 0 | input wait p50 50.0 p99 66.2 ms | 0 joins deferred | kernel drops rcv 0 snd 0
         p50/p99 ms: ingress 1.04/1.37  events 1.45/1.83  movement 0.24/0.30  grid 0.28/0.36  history 0.00/0.01  serialize 0.13/0.17  assembly 1.37/1.94  transport 0.84/1.21  egress 1.53/2.11
[   61s] clients 0 | level 0 (0-0 in window: 30 Hz, dilation 1.0), pace 1.00, 0.0% clients bandwidth-degraded | tick p50 6.94 p99 11.08 max 11.08 ms, 0 overruns | out 133.4k pps 171 kbps/client, 767 Mbps | in 163.0k pps 13 kbps/client | stand-ins: repeated 0.00% frozen 0.00%, 0 late inputs | per client-tick: 682 B (near 57 B, 100% deltas), near 9.2 mid 20.5 far 32.1, far skipped 0 starved 0 | input wait p50 50.4 p99 66.2 ms | 0 joins deferred | kernel drops rcv 0 snd 0
         p50/p99 ms: ingress 1.02/3.15  events 1.35/5.44  movement 0.25/0.28  grid 0.27/0.34  history 0.00/0.01  serialize 0.14/0.16  assembly 1.33/1.41  transport 0.82/1.08  egress 1.47/1.98

== summary: 1708 steady-state ticks (after warmup, before clients drain), peak 5000 clients ==
  phase        p50 ms   p99 ms   max ms
  ingress        1.03     1.37     1.46
  events         1.46     1.86     2.09
  movement       0.24     0.30     0.36
  grid           0.28     0.36     0.38
  history        0.00     0.01     0.01
  serialize      0.13     0.17     0.19
  assembly       1.37     1.92     2.09
  transport      0.83     1.18     1.36
  egress         1.51     2.09     2.22
  tick           7.00     8.02     8.79
  overruns 0 | spawns 5000 despawns 5000 (12546 joins deferred) | stand-ins: repeated 0 frozen 0 | late inputs 0 discarded 0 | bad messages 0 | recv errors 0 send errors 0
  egress (whole run): 8958609 datagrams in 8958609 sends (1.00 per send), 115264 syscalls
  ticks per ladder level (whole run): L0: 1820
  input wait on the server (datagram arrival -> applied): p50 50.0 p99 66.3 max 69.1 mean 49.9 ms
  steady state: stand-ins repeated 0 frozen 0 | late inputs 0 discarded 0
