spawn=uniform
egress=sendmmsg
ladder=on
threads=128
shards=64
peak_clients=5000
steady_ticks=1708
steady_secs=56.9
ingress_p50_ms=1.03
ingress_p99_ms=1.37
ingress_max_ms=1.46
events_p50_ms=1.46
events_p99_ms=1.86
events_max_ms=2.09
movement_p50_ms=0.24
movement_p99_ms=0.30
movement_max_ms=0.36
grid_p50_ms=0.28
grid_p99_ms=0.36
grid_max_ms=0.38
history_p50_ms=0.00
history_p99_ms=0.01
history_max_ms=0.01
serialize_p50_ms=0.13
serialize_p99_ms=0.17
serialize_max_ms=0.19
assembly_p50_ms=1.37
assembly_p99_ms=1.92
assembly_max_ms=2.09
transport_p50_ms=0.83
transport_p99_ms=1.18
transport_max_ms=1.36
egress_p50_ms=1.51
egress_p99_ms=2.09
egress_max_ms=2.22
tick_p50_ms=7.00
tick_p99_ms=8.02
tick_max_ms=8.79
steady_overruns=0
level_mode=0
tick_hz=30
dilation=1
levels=L0:1708
clients_avg=5000
out_pps=150070
in_pps=150213
egress_mbps=877.4
packets_per_client_tick=1.00
wire_bytes_per_client_tick=731
down_kbps_per_client=175.5
up_kbps_per_client=12.0
kernel_rcvbuf_drops=0
kernel_sndbuf_drops=0
snapshot_bytes_per_client_tick=694
near_bytes_per_client_tick=58
near_per_client_tick=9.3
mid_per_client_tick=20.9
far_per_client_tick=32.7
far_skipped=0
far_starved=0
repeated=0
frozen=0
late_inputs=0
discarded_inputs=0
input_wait_p50_ms=50.0
input_wait_p99_ms=66.3
spawns=5000
despawns=5000
joins_deferred=12546
bad_messages=0
recv_errors=0
send_errors=0
datagrams=8958609
sends=8958609
send_syscalls=115264
