10000 bots -> 172.16.16.2:40500 on 24 threads, ramp 0/s, 60s, 10000 full + 0 sink bots
[    5s] bots 10000/10000 connected, 10000 welcomed, 0 failed | 20.7 snaps/s/bot, entities/snap near 15.1 mid 24.8 far 25.6 | corrections 0.000/s/bot | down 122 up 8 kbps/bot | rtt 54.2 ms loss 0.00% | input->applied ~ p50 81 p99 192 ms, round trip p50 133 p99 233 ms | joins 10000 (p50 794 p99 1648 ms) | server pace 0.91 level 4, 0 bots bandwidth-degraded | swarm busy 16%, overruns 0
[   10s] bots 10000/10000 connected, 10000 welcomed, 0 failed | 24.1 snaps/s/bot, entities/snap near 15.7 mid 11.1 far 6.0 | corrections 0.004/s/bot | down 71 up 12 kbps/bot | rtt 54.0 ms loss 0.00% | input->applied ~ p50 67 p99 104 ms, round trip p50 100 p99 133 ms | joins 0 (p50 0 p99 0 ms) | server pace 1.00 level 6, 0 bots bandwidth-degraded | swarm busy 17%, overruns 0
[   15s] bots 10000/10000 connected, 10000 welcomed, 0 failed | 19.4 snaps/s/bot, entities/snap near 15.7 mid 11.2 far 6.0 | corrections 0.000/s/bot | down 57 up 12 kbps/bot | rtt 53.8 ms loss 0.00% | input->applied ~ p50 81 p99 110 ms, round trip p50 133 p99 167 ms | joins 0 (p50 0 p99 0 ms) | server pace 1.00 level 6, 0 bots bandwidth-degraded | swarm busy 17%, overruns 0
[   20s] bots 10000/10000 connected, 10000 welcomed, 0 failed | 20.1 snaps/s/bot, entities/snap near 15.7 mid 11.2 far 6.0 | corrections 0.000/s/bot | down 59 up 12 kbps/bot | rtt 53.9 ms loss 0.00% | input->applied ~ p50 81 p99 110 ms, round trip p50 133 p99 167 ms | joins 0 (p50 0 p99 0 ms) | server pace 1.00 level 6, 0 bots bandwidth-degraded | swarm busy 17%, overruns 0
[   25s] bots 10000/10000 connected, 10000 welcomed, 0 failed | 20.4 snaps/s/bot, entities/snap near 15.7 mid 11.2 far 6.0 | corrections 0.000/s/bot | down 60 up 12 kbps/bot | rtt 54.0 ms loss 0.00% | input->applied ~ p50 81 p99 110 ms, round trip p50 133 p99 167 ms | joins 0 (p50 0 p99 0 ms) | server pace 1.00 level 6, 0 bots bandwidth-degraded | swarm busy 17%, overruns 0
[   30s] bots 10000/10000 connected, 10000 welcomed, 0 failed | 19.6 snaps/s/bot, entities/snap near 15.7 mid 11.2 far 6.0 | corrections 0.000/s/bot | down 58 up 12 kbps/bot | rtt 54.1 ms loss 0.00% | input->applied ~ p50 81 p99 110 ms, round trip p50 133 p99 167 ms | joins 0 (p50 0 p99 0 ms) | server pace 1.00 level 6, 0 bots bandwidth-degraded | swarm busy 17%, overruns 0
[   35s] bots 10000/10000 connected, 10000 welcomed, 0 failed | 20.1 snaps/s/bot, entities/snap near 15.7 mid 11.2 far 6.0 | corrections 0.000/s/bot | down 59 up 12 kbps/bot | rtt 53.9 ms loss 0.00% | input->applied ~ p50 81 p99 110 ms, round trip p50 133 p99 167 ms | joins 0 (p50 0 p99 0 ms) | server pace 1.00 level 6, 0 bots bandwidth-degraded | swarm busy 17%, overruns 0
[   40s] bots 10000/10000 connected, 10000 welcomed, 0 failed | 20.3 snaps/s/bot, entities/snap near 15.6 mid 11.2 far 6.0 | corrections 0.000/s/bot | down 60 up 12 kbps/bot | rtt 54.1 ms loss 0.00% | input->applied ~ p50 81 p99 110 ms, round trip p50 133 p99 167 ms | joins 0 (p50 0 p99 0 ms) | server pace 1.00 level 6, 0 bots bandwidth-degraded | swarm busy 17%, overruns 0
[   45s] bots 10000/10000 connected, 10000 welcomed, 0 failed | 19.6 snaps/s/bot, entities/snap near 15.6 mid 11.2 far 6.0 | corrections 0.000/s/bot | down 58 up 12 kbps/bot | rtt 54.0 ms loss 0.00% | input->applied ~ p50 81 p99 110 ms, round trip p50 133 p99 167 ms | joins 0 (p50 0 p99 0 ms) | server pace 1.00 level 6, 0 bots bandwidth-degraded | swarm busy 17%, overruns 0
[   50s] bots 10000/10000 connected, 10000 welcomed, 0 failed | 20.3 snaps/s/bot, entities/snap near 15.6 mid 11.2 far 6.0 | corrections 0.000/s/bot | down 60 up 12 kbps/bot | rtt 54.1 ms loss 0.00% | input->applied ~ p50 81 p99 110 ms, round trip p50 133 p99 167 ms | joins 0 (p50 0 p99 0 ms) | server pace 1.00 level 6, 0 bots bandwidth-degraded | swarm busy 17%, overruns 0
[   55s] bots 10000/10000 connected, 10000 welcomed, 0 failed | 20.0 snaps/s/bot, entities/snap near 15.7 mid 11.2 far 6.0 | corrections 0.000/s/bot | down 59 up 12 kbps/bot | rtt 54.0 ms loss 0.00% | input->applied ~ p50 81 p99 110 ms, round trip p50 133 p99 167 ms | joins 0 (p50 0 p99 0 ms) | server pace 1.00 level 6, 0 bots bandwidth-degraded | swarm busy 17%, overruns 0
[   60s] bots 10000/10000 connected, 10000 welcomed, 0 failed | 19.8 snaps/s/bot, entities/snap near 15.7 mid 11.2 far 6.0 | corrections 0.000/s/bot | down 58 up 12 kbps/bot | rtt 53.9 ms loss 0.00% | input->applied ~ p50 81 p99 110 ms, round trip p50 133 p99 167 ms | joins 0 (p50 0 p99 0 ms) | server pace 1.00 level 6, 0 bots bandwidth-degraded | swarm busy 17%, overruns 0

== bots summary ==
  started 10000 welcomed 10000 failed 0
  join latency ms: p50 794 p99 1648 max 2008 (n=10000)
  corrections 204 (0.02/bot-minute), mean error 0.063 m, max 0.132 m
  snapshots 12268737 (entities per snapshot: near 15.6 mid 12.3 far 7.7), stale 0, unmatched acks 0, resyncs 0
  input -> applied on server (est. RTT/2 + server wait): p50 79.0 p99 154.0 max 222.0 mean 80.1 ms (n=12247259)
    of which server wait (arrival -> applied): p50 52.7 p99 125.8 max 189.9 mean 53.1 ms (n=12247259)
  input -> seen acked (round trip): p50 133.0 p99 200.0 max 267.0 mean 121.2 ms (n=12254799)
  near entity update interval (tracked bots): p50 50.0 p99 50.0 max 250.0 mean 47.9 ms (n=9559488)
  mid entity update interval (tracked bots): p50 250.0 p99 250.0 max 1500.0 mean 223.7 ms (n=7429998)
  far entity update interval (tracked bots): p50 1500.0 p99 3000.0 max 60000.0 mean 1409.3 ms (n=4302415)
  input clock: 117471 extra inputs, 268563 skipped ticks, 8962 backlog skips | near decode errors (tracked bots) 0
  bytes down 4894.8 MB up 874.7 MB | swarm busy 17% of its threads' time, tick overruns 0
