preallocated connections for 10000 clients in 221.606213ms
listening on 172.16.16.2:40500 | spawn Uniform | tiers near 64@150 m, mid 500 m, far 1500 m, budget 6250 B/tick, squads of 4 | 64 rayon threads, 64 shards, 256 accepts/tick, egress SendMmsg | socket buffers rcv 32768 KiB snd 32768 KiB
[    5s] clients 10000 | level 3 (0-3 in window: 30 Hz, dilation 1.0), pace 0.91, 0.0% clients bandwidth-degraded | tick p50 34.72 p99 43.87 max 46.02 ms, 80 overruns | out 191.4k pps 172 kbps/client, 1099 Mbps | in 189.6k pps 16 kbps/client | stand-ins: repeated 0.00% frozen 0.00%, 0 late inputs | per client-tick: 729 B (near 96 B, 97% deltas), near 14.7 mid 25.7 far 27.7, far skipped 0 starved 0 | input wait p50 60.1 p99 164.5 ms | 53036 joins deferred | kernel drops rcv 0 snd 0
         p50/p99 ms: ingress 1.32/5.60  events 2.47/4.49  movement 0.31/0.39  grid 0.37/0.44  history 0.01/0.05  serialize 0.20/0.37  assembly 1.99/2.95  transport 1.47/1.75  egress 25.48/34.24
[   10s] clients 10000 | level 6 (3-6 in window: 20 Hz, dilation 1.0), pace 1.00, 0.0% clients bandwidth-degraded | tick p50 35.49 p99 39.94 max 41.56 ms, 74 overruns | out 242.1k pps 74 kbps/client, 742 Mbps | in 286.5k pps 11 kbps/client | stand-ins: repeated 0.52% frozen 0.00%, 7540 late inputs | per client-tick: 347 B (near 97 B, 100% deltas), near 15.7 mid 11.9 far 6.7, far skipped 0 starved 0 | input wait p50 38.1 p99 68.3 ms | 0 joins deferred | kernel drops rcv 0 snd 0
         p50/p99 ms: ingress 1.36/2.34  events 2.73/3.68  movement 0.34/0.43  grid 0.41/0.45  history 0.01/0.01  serialize 0.20/0.23  assembly 1.87/3.11  transport 1.37/1.62  egress 26.90/31.36
[   15s] clients 10000 | level 6 (6-6 in window: 20 Hz, dilation 1.0), pace 1.00, 0.0% clients bandwidth-degraded | tick p50 34.95 p99 39.95 max 40.93 ms, 0 overruns | out 200.1k pps 59 kbps/client, 589 Mbps | in 298.3k pps 12 kbps/client | stand-ins: repeated 0.00% frozen 0.00%, 0 late inputs | per client-tick: 332 B (near 97 B, 100% deltas), near 15.7 mid 11.2 far 6.0, far skipped 0 starved 0 | input wait p50 54.2 p99 81.8 ms | 0 joins deferred | kernel drops rcv 0 snd 0
         p50/p99 ms: ingress 2.02/2.15  events 3.70/3.95  movement 0.36/0.41  grid 0.39/0.41  history 0.01/0.01  serialize 0.20/0.23  assembly 1.84/1.98  transport 1.38/1.47  egress 25.23/30.21
[   20s] clients 10000 | level 6 (6-6 in window: 20 Hz, dilation 1.0), pace 1.00, 0.0% clients bandwidth-degraded | tick p50 34.94 p99 39.52 max 42.12 ms, 0 overruns | out 200.0k pps 59 kbps/client, 588 Mbps | in 298.2k pps 12 kbps/client | stand-ins: repeated 0.00% frozen 0.00%, 0 late inputs | per client-tick: 332 B (near 97 B, 100% deltas), near 15.7 mid 11.2 far 6.0, far skipped 0 starved 0 | input wait p50 53.9 p99 81.9 ms | 0 joins deferred | kernel drops rcv 0 snd 0
         p50/p99 ms: ingress 2.02/2.18  events 3.67/3.85  movement 0.36/0.40  grid 0.39/0.42  history 0.01/0.01  serialize 0.19/0.24  assembly 1.85/1.96  transport 1.39/1.49  egress 25.23/29.62
[   25s] clients 10000 | level 6 (6-6 in window: 20 Hz, dilation 1.0), pace 1.00, 0.0% clients bandwidth-degraded | tick p50 34.92 p99 42.00 max 42.67 ms, 0 overruns | out 200.1k pps 59 kbps/client, 589 Mbps | in 298.1k pps 12 kbps/client | stand-ins: repeated 0.00% frozen 0.00%, 0 late inputs | per client-tick: 332 B (near 97 B, 100% deltas), near 15.7 mid 11.2 far 6.0, far skipped 0 starved 0 | input wait p50 53.9 p99 81.9 ms | 0 joins deferred | kernel drops rcv 0 snd 0
         p50/p99 ms: ingress 1.94/2.11  events 3.67/3.94  movement 0.36/0.41  grid 0.40/0.42  history 0.01/0.01  serialize 0.19/0.22  assembly 1.85/1.99  transport 1.38/1.50  egress 25.07/32.00
[   30s] clients 10000 | level 6 (6-6 in window: 20 Hz, dilation 1.0), pace 1.00, 0.0% clients bandwidth-degraded | tick p50 34.96 p99 41.64 max 41.93 ms, 0 overruns | out 199.9k pps 59 kbps/client, 588 Mbps | in 298.1k pps 12 kbps/client | stand-ins: repeated 0.00% frozen 0.00%, 0 late inputs | per client-tick: 332 B (near 97 B, 100% deltas), near 15.7 mid 11.2 far 6.0, far skipped 0 starved 0 | input wait p50 53.9 p99 82.1 ms | 0 joins deferred | kernel drops rcv 0 snd 0
         p50/p99 ms: ingress 2.00/2.12  events 3.70/3.91  movement 0.36/0.41  grid 0.39/0.42  history 0.01/0.01  serialize 0.20/0.24  assembly 1.83/1.98  transport 1.38/1.50  egress 25.34/31.79
[   35s] clients 10000 | level 6 (6-6 in window: 20 Hz, dilation 1.0), pace 1.00, 0.0% clients bandwidth-degraded | tick p50 34.93 p99 41.00 max 42.37 ms, 0 overruns | out 200.0k pps 59 kbps/client, 589 Mbps | in 298.1k pps 12 kbps/client | stand-ins: repeated 0.00% frozen 0.00%, 0 late inputs | per client-tick: 332 B (near 97 B, 100% deltas), near 15.7 mid 11.2 far 6.0, far skipped 0 starved 0 | input wait p50 53.7 p99 82.0 ms | 0 joins deferred | kernel drops rcv 0 snd 0
         p50/p99 ms: ingress 1.98/2.07  events 3.70/3.89  movement 0.35/0.41  grid 0.39/0.41  history 0.01/0.01  serialize 0.19/0.23  assembly 1.86/2.04  transport 1.38/1.54  egress 25.16/31.12
[   40s] clients 10000 | level 6 (6-6 in window: 20 Hz, dilation 1.0), pace 1.00, 0.0% clients bandwidth-degraded | tick p50 34.95 p99 41.96 max 42.60 ms, 0 overruns | out 199.7k pps 59 kbps/client, 587 Mbps | in 298.1k pps 12 kbps/client | stand-ins: repeated 0.00% frozen 0.00%, 0 late inputs | per client-tick: 332 B (near 97 B, 100% deltas), near 15.6 mid 11.2 far 6.0, far skipped 0 starved 0 | input wait p50 53.9 p99 82.1 ms | 0 joins deferred | kernel drops rcv 0 snd 0
         p50/p99 ms: ingress 2.02/2.13  events 3.66/3.93  movement 0.35/0.41  grid 0.36/0.41  history 0.01/0.01  serialize 0.19/0.23  assembly 1.84/1.96  transport 1.38/1.53  egress 25.33/32.12
[   45s] clients 10000 | level 6 (6-6 in window: 20 Hz, dilation 1.0), pace 1.00, 0.0% clients bandwidth-degraded | tick p50 34.95 p99 41.89 max 42.99 ms, 0 overruns | out 200.3k pps 59 kbps/client, 589 Mbps | in 298.1k pps 12 kbps/client | stand-ins: repeated 0.00% frozen 0.00%, 0 late inputs | per client-tick: 332 B (near 97 B, 100% deltas), near 15.6 mid 11.2 far 6.0, far skipped 0 starved 0 | input wait p50 53.9 p99 82.2 ms | 0 joins deferred | kernel drops rcv 0 snd 0
         p50/p99 ms: ingress 1.99/2.09  events 3.79/4.53  movement 0.36/0.44  grid 0.39/0.41  history 0.01/0.01  serialize 0.20/0.24  assembly 1.83/1.95  transport 1.38/1.50  egress 25.07/31.48
[   50s] clients 10000 | level 6 (6-6 in window: 20 Hz, dilation 1.0), pace 1.00, 0.0% clients bandwidth-degraded | tick p50 34.96 p99 40.99 max 41.83 ms, 0 overruns | out 200.0k pps 59 kbps/client, 588 Mbps | in 298.1k pps 12 kbps/client | stand-ins: repeated 0.00% frozen 0.00%, 0 late inputs | per client-tick: 332 B (near 97 B, 100% deltas), near 15.6 mid 11.2 far 6.0, far skipped 0 starved 0 | input wait p50 53.9 p99 82.1 ms | 0 joins deferred | kernel drops rcv 0 snd 0
         p50/p99 ms: ingress 1.96/2.13  events 3.79/4.57  movement 0.35/0.43  grid 0.37/0.41  history 0.01/0.01  serialize 0.20/0.24  assembly 1.85/1.99  transport 1.36/1.48  egress 25.25/31.15
[   55s] clients 10000 | level 6 (6-6 in window: 20 Hz, dilation 1.0), pace 1.00, 0.0% clients bandwidth-degraded | tick p50 34.95 p99 42.88 max 48.49 ms, 0 overruns | out 199.9k pps 59 kbps/client, 588 Mbps | in 298.1k pps 12 kbps/client | stand-ins: repeated 0.00% frozen 0.00%, 0 late inputs | per client-tick: 332 B (near 97 B, 100% deltas), near 15.7 mid 11.2 far 6.0, far skipped 0 starved 0 | input wait p50 53.9 p99 82.1 ms | 0 joins deferred | kernel drops rcv 0 snd 0
         p50/p99 ms: ingress 2.00/2.13  events 3.70/3.88  movement 0.35/0.42  grid 0.36/0.40  history 0.01/0.01  serialize 0.20/0.24  assembly 1.85/1.98  transport 1.39/1.50  egress 25.23/33.15
[   60s] clients 10000 | level 6 (6-6 in window: 20 Hz, dilation 1.0), pace 1.00, 0.0% clients bandwidth-degraded | tick p50 34.94 p99 41.99 max 42.05 ms, 0 overruns | out 200.1k pps 59 kbps/client, 589 Mbps | in 298.1k pps 12 kbps/client | stand-ins: repeated 0.00% frozen 0.00%, 0 late inputs | per client-tick: 332 B (near 97 B, 100% deltas), near 15.7 mid 11.2 far 6.0, far skipped 0 starved 0 | input wait p50 53.8 p99 82.1 ms | 0 joins deferred | kernel drops rcv 0 snd 0
         p50/p99 ms: ingress 1.93/2.10  events 3.76/4.65  movement 0.35/0.41  grid 0.36/0.42  history 0.01/0.01  serialize 0.19/0.22  assembly 1.85/1.95  transport 1.37/1.48  egress 25.22/32.07
[   61s] clients 0 | level 6 (6-6 in window: 20 Hz, dilation 1.0), pace 1.00, 0.0% clients bandwidth-degraded | tick p50 34.89 p99 42.04 max 42.04 ms, 0 overruns | out 185.2k pps 59 kbps/client, 538 Mbps | in 299.9k pps 12 kbps/client | stand-ins: repeated 0.00% frozen 0.00%, 0 late inputs | per client-tick: 327 B (near 96 B, 100% deltas), near 15.4 mid 11.0 far 5.9, far skipped 0 starved 0 | input wait p50 55.2 p99 82.1 ms | 0 joins deferred | kernel drops rcv 0 snd 0
         p50/p99 ms: ingress 1.85/6.41  events 3.82/14.45  movement 0.34/0.40  grid 0.37/0.40  history 0.01/0.01  serialize 0.19/1.49  assembly 1.78/1.90  transport 1.31/1.37  egress 25.18/32.49

== summary: 1166 steady-state ticks (after warmup, before clients drain), peak 10000 clients ==
  phase        p50 ms   p99 ms   max ms
  ingress        1.98     2.15     2.76
  events         3.69     4.04     4.72
  movement       0.35     0.42     0.55
  grid           0.38     0.44     0.49
  history        0.01     0.01     0.01
  serialize      0.20     0.24     0.26
  assembly       1.85     2.21     3.18
  transport      1.38     1.59     1.65
  egress        25.37    32.13    38.52
  tick          34.97    41.96    48.49
  overruns 100 | spawns 10000 despawns 10000 (53036 joins deferred) | stand-ins: repeated 7545 frozen 0 | late inputs 7540 discarded 0 | bad messages 0 | recv errors 0 send errors 0
  egress (whole run): 12367257 datagrams in 12367257 sends (1.00 per send), 80128 syscalls
  ticks per ladder level (whole run): L0: 60, L1: 31, L2: 31, L3: 31, L4: 31, L5: 31, L6: 1067
  input wait on the server (datagram arrival -> applied): p50 52.6 p99 126.1 max 189.9 mean 53.1 ms
  steady state: stand-ins repeated 7545 frozen 0 | late inputs 7540 discarded 0
