spawn=blob
egress=gso
ladder=on
threads=128
shards=64
peak_clients=3000
steady_ticks=1710
steady_secs=57.0
ingress_p50_ms=0.87
ingress_p99_ms=1.11
ingress_max_ms=1.18
events_p50_ms=0.94
events_p99_ms=1.22
events_max_ms=2.07
movement_p50_ms=0.19
movement_p99_ms=0.26
movement_max_ms=0.29
grid_p50_ms=0.13
grid_p99_ms=0.21
grid_max_ms=0.23
history_p50_ms=0.00
history_p99_ms=0.00
history_max_ms=0.01
serialize_p50_ms=0.10
serialize_p99_ms=0.14
serialize_max_ms=0.16
assembly_p50_ms=2.41
assembly_p99_ms=3.11
assembly_max_ms=3.60
transport_p50_ms=0.95
transport_p99_ms=1.19
transport_max_ms=1.49
egress_p50_ms=2.58
egress_p99_ms=2.98
egress_max_ms=3.10
tick_p50_ms=8.22
tick_p99_ms=9.02
tick_max_ms=9.98
steady_overruns=0
level_mode=0
tick_hz=30
dilation=1
levels=L0:1710
clients_avg=3000
out_pps=180067
in_pps=90125
egress_mbps=1020.6
packets_per_client_tick=2.00
wire_bytes_per_client_tick=1417
down_kbps_per_client=340.2
up_kbps_per_client=12.0
kernel_rcvbuf_drops=0
kernel_sndbuf_drops=0
snapshot_bytes_per_client_tick=1347
near_bytes_per_client_tick=355
near_per_client_tick=64.0
mid_per_client_tick=86.0
far_per_client_tick=0.0
far_skipped=0
far_starved=0
repeated=0
frozen=0
late_inputs=0
discarded_inputs=0
input_wait_p50_ms=50.0
input_wait_p99_ms=66.3
spawns=3000
despawns=3000
joins_deferred=5202
bad_messages=0
recv_errors=0
send_errors=0
datagrams=10762858
sends=5384431
send_syscalls=115263
