preallocated connections for 10000 clients in 219.236276ms
listening on 172.16.8.2:40500 | spawn Blob | tiers near 64@150 m, mid 500 m, far 1500 m, budget 6250 B/tick, squads of 4 | 128 rayon threads, 64 shards, 256 accepts/tick, egress Gso | socket buffers rcv 32768 KiB snd 32768 KiB
[    5s] clients 3000 | level 0 (0-0 in window: 30 Hz, dilation 1.0), pace 1.00, 0.0% clients bandwidth-degraded | tick p50 8.32 p99 11.50 max 11.90 ms, 0 overruns | out 152.0k pps 346 kbps/client, 865 Mbps | in 77.0k pps 14 kbps/client | stand-ins: repeated 0.00% frozen 0.00%, 0 late inputs | per client-tick: 1361 B (near 369 B, 97% deltas), near 64.0 mid 86.0 far 0.0, far skipped 0 starved 0 | input wait p50 50.4 p99 66.6 ms | 5202 joins deferred | kernel drops rcv 0 snd 0
         p50/p99 ms: ingress 0.84/2.64  events 0.96/2.35  movement 0.18/0.27  grid 0.13/0.20  history 0.00/0.02  serialize 0.11/0.17  assembly 2.40/4.95  transport 0.95/1.48  egress 2.60/2.95
[   10s] clients 3000 | level 0 (0-0 in window: 30 Hz, dilation 1.0), pace 1.00, 0.0% clients bandwidth-degraded | tick p50 8.34 p99 8.94 max 8.98 ms, 0 overruns | out 180.0k pps 340 kbps/client, 1021 Mbps | in 90.0k pps 12 kbps/client | stand-ins: repeated 0.00% frozen 0.00%, 0 late inputs | per client-tick: 1347 B (near 355 B, 99% deltas), near 64.0 mid 86.0 far 0.0, far skipped 0 starved 0 | input wait p50 49.9 p99 66.3 ms | 0 joins deferred | kernel drops rcv 0 snd 0
         p50/p99 ms: ingress 0.87/1.15  events 0.94/1.18  movement 0.19/0.25  grid 0.12/0.21  history 0.00/0.01  serialize 0.11/0.15  assembly 2.40/2.83  transport 0.95/1.19  egress 2.68/3.00
[   15s] clients 3000 | level 0 (0-0 in window: 30 Hz, dilation 1.0), pace 1.00, 0.0% clients bandwidth-degraded | tick p50 8.34 p99 9.11 max 9.47 ms, 0 overruns | out 180.0k pps 340 kbps/client, 1020 Mbps | in 90.0k pps 12 kbps/client | stand-ins: repeated 0.00% frozen 0.00%, 0 late inputs | per client-tick: 1347 B (near 355 B, 99% deltas), near 64.0 mid 86.0 far 0.0, far skipped 0 starved 0 | input wait p50 49.9 p99 66.3 ms | 0 joins deferred | kernel drops rcv 0 snd 0
         p50/p99 ms: ingress 0.87/1.09  events 0.94/1.17  movement 0.19/0.26  grid 0.13/0.23  history 0.00/0.00  serialize 0.11/0.15  assembly 2.39/3.16  transport 0.96/1.25  egress 2.65/3.06
[   20s] clients 3000 | level 0 (0-0 in window: 30 Hz, dilation 1.0), pace 1.00, 0.0% clients bandwidth-degraded | tick p50 8.30 p99 8.96 max 9.03 ms, 0 overruns | out 180.0k pps 340 kbps/client, 1020 Mbps | in 90.0k pps 12 kbps/client | stand-ins: repeated 0.00% frozen 0.00%, 0 late inputs | per client-tick: 1347 B (near 355 B, 99% deltas), near 64.0 mid 86.0 far 0.0, far skipped 0 starved 0 | input wait p50 49.9 p99 66.3 ms | 0 joins deferred | kernel drops rcv 0 snd 0
         p50/p99 ms: ingress 0.86/1.08  events 0.95/1.25  movement 0.19/0.26  grid 0.13/0.20  history 0.00/0.00  serialize 0.10/0.15  assembly 2.41/3.00  transport 0.95/1.22  egress 2.66/2.97
[   25s] clients 3000 | level 0 (0-0 in window: 30 Hz, dilation 1.0), pace 1.00, 0.0% clients bandwidth-degraded | tick p50 8.28 p99 9.08 max 9.28 ms, 0 overruns | out 180.0k pps 340 kbps/client, 1020 Mbps | in 90.0k pps 12 kbps/client | stand-ins: repeated 0.00% frozen 0.00%, 0 late inputs | per client-tick: 1346 B (near 354 B, 99% deltas), near 64.0 mid 86.0 far 0.0, far skipped 0 starved 0 | input wait p50 49.9 p99 66.3 ms | 0 joins deferred | kernel drops rcv 0 snd 0
         p50/p99 ms: ingress 0.85/1.16  events 0.92/1.18  movement 0.18/0.26  grid 0.12/0.20  history 0.00/0.01  serialize 0.11/0.14  assembly 2.40/3.20  transport 0.95/1.20  egress 2.67/2.97
[   30s] clients 3000 | level 0 (0-0 in window: 30 Hz, dilation 1.0), pace 1.00, 0.0% clients bandwidth-degraded | tick p50 8.19 p99 9.02 max 9.02 ms, 0 overruns | out 180.0k pps 340 kbps/client, 1020 Mbps | in 90.0k pps 12 kbps/client | stand-ins: repeated 0.00% frozen 0.00%, 0 late inputs | per client-tick: 1347 B (near 355 B, 99% deltas), near 64.0 mid 86.0 far 0.0, far skipped 0 starved 0 | input wait p50 50.0 p99 66.2 ms | 0 joins deferred | kernel drops rcv 0 snd 0
         p50/p99 ms: ingress 0.87/1.10  events 0.93/1.22  movement 0.19/0.26  grid 0.13/0.21  history 0.00/0.00  serialize 0.10/0.15  assembly 2.42/3.13  transport 0.94/1.17  egress 2.54/2.97
[   35s] clients 3000 | level 0 (0-0 in window: 30 Hz, dilation 1.0), pace 1.00, 0.0% clients bandwidth-degraded | tick p50 8.19 p99 9.19 max 9.20 ms, 0 overruns | out 180.0k pps 340 kbps/client, 1020 Mbps | in 90.0k pps 12 kbps/client | stand-ins: repeated 0.00% frozen 0.00%, 0 late inputs | per client-tick: 1347 B (near 355 B, 99% deltas), near 64.0 mid 86.0 far 0.0, far skipped 0 starved 0 | input wait p50 50.0 p99 66.2 ms | 0 joins deferred | kernel drops rcv 0 snd 0
         p50/p99 ms: ingress 0.86/1.08  events 0.96/1.18  movement 0.19/0.25  grid 0.13/0.19  history 0.00/0.00  serialize 0.10/0.14  assembly 2.41/3.01  transport 0.94/1.17  egress 2.54/2.97
[   40s] clients 3000 | level 0 (0-0 in window: 30 Hz, dilation 1.0), pace 1.00, 0.0% clients bandwidth-degraded | tick p50 8.15 p99 8.87 max 8.88 ms, 0 overruns | out 180.0k pps 340 kbps/client, 1020 Mbps | in 90.0k pps 12 kbps/client | stand-ins: repeated 0.00% frozen 0.00%, 0 late inputs | per client-tick: 1347 B (near 355 B, 99% deltas), near 64.0 mid 86.0 far 0.0, far skipped 0 starved 0 | input wait p50 50.0 p99 66.2 ms | 0 joins deferred | kernel drops rcv 0 snd 0
         p50/p99 ms: ingress 0.87/1.10  events 0.93/1.18  movement 0.19/0.26  grid 0.13/0.22  history 0.00/0.00  serialize 0.11/0.14  assembly 2.41/2.79  transport 0.94/1.11  egress 2.52/2.98
[   45s] clients 3000 | level 0 (0-0 in window: 30 Hz, dilation 1.0), pace 1.00, 0.0% clients bandwidth-degraded | tick p50 8.17 p99 8.93 max 9.44 ms, 0 overruns | out 180.0k pps 340 kbps/client, 1020 Mbps | in 90.0k pps 12 kbps/client | stand-ins: repeated 0.00% frozen 0.00%, 0 late inputs | per client-tick: 1347 B (near 355 B, 99% deltas), near 64.0 mid 86.0 far 0.0, far skipped 0 starved 0 | input wait p50 50.0 p99 66.2 ms | 0 joins deferred | kernel drops rcv 0 snd 0
         p50/p99 ms: ingress 0.88/1.09  events 0.94/1.15  movement 0.19/0.26  grid 0.12/0.20  history 0.00/0.00  serialize 0.10/0.13  assembly 2.41/2.87  transport 0.95/1.18  egress 2.50/2.87
[   50s] clients 3000 | level 0 (0-0 in window: 30 Hz, dilation 1.0), pace 1.00, 0.0% clients bandwidth-degraded | tick p50 8.18 p99 9.50 max 9.98 ms, 0 overruns | out 180.0k pps 340 kbps/client, 1020 Mbps | in 90.0k pps 12 kbps/client | stand-ins: repeated 0.00% frozen 0.00%, 0 late inputs | per client-tick: 1347 B (near 355 B, 99% deltas), near 64.0 mid 86.0 far 0.0, far skipped 0 starved 0 | input wait p50 50.0 p99 66.2 ms | 0 joins deferred | kernel drops rcv 0 snd 0
         p50/p99 ms: ingress 0.88/1.12  events 0.94/1.30  movement 0.18/0.24  grid 0.13/0.21  history 0.00/0.01  serialize 0.10/0.14  assembly 2.41/3.35  transport 0.94/1.18  egress 2.57/2.93
[   55s] clients 3000 | level 0 (0-0 in window: 30 Hz, dilation 1.0), pace 1.00, 0.0% clients bandwidth-degraded | tick p50 8.18 p99 9.07 max 9.22 ms, 0 overruns | out 180.0k pps 340 kbps/client, 1020 Mbps | in 90.0k pps 12 kbps/client | stand-ins: repeated 0.00% frozen 0.00%, 0 late inputs | per client-tick: 1347 B (near 355 B, 99% deltas), near 64.0 mid 86.0 far 0.0, far skipped 0 starved 0 | input wait p50 50.0 p99 66.2 ms | 0 joins deferred | kernel drops rcv 0 snd 0
         p50/p99 ms: ingress 0.88/1.16  events 0.94/1.21  movement 0.18/0.25  grid 0.13/0.21  history 0.00/0.01  serialize 0.10/0.14  assembly 2.40/3.19  transport 0.94/1.14  egress 2.51/2.97
[   60s] clients 3000 | level 0 (0-0 in window: 30 Hz, dilation 1.0), pace 1.00, 0.0% clients bandwidth-degraded | tick p50 8.21 p99 8.96 max 9.03 ms, 0 overruns | out 180.0k pps 340 kbps/client, 1020 Mbps | in 90.0k pps 12 kbps/client | stand-ins: repeated 0.00% frozen 0.00%, 0 late inputs | per client-tick: 1347 B (near 355 B, 99% deltas), near 64.0 mid 86.0 far 0.0, far skipped 0 starved 0 | input wait p50 50.0 p99 66.2 ms | 0 joins deferred | kernel drops rcv 0 snd 0
         p50/p99 ms: ingress 0.86/1.11  events 0.93/1.27  movement 0.18/0.25  grid 0.13/0.21  history 0.00/0.00  serialize 0.10/0.15  assembly 2.41/3.07  transport 0.96/1.18  egress 2.55/2.94
[   61s] clients 0 | level 0 (0-0 in window: 30 Hz, dilation 1.0), pace 1.00, 0.0% clients bandwidth-degraded | tick p50 8.15 p99 13.33 max 13.33 ms, 0 overruns | out 159.7k pps 336 kbps/client, 908 Mbps | in 102.0k pps 13 kbps/client | stand-ins: repeated 0.00% frozen 0.00%, 0 late inputs | per client-tick: 1351 B (near 359 B, 98% deltas), near 64.0 mid 86.0 far 0.0, far skipped 0 starved 0 | input wait p50 50.1 p99 66.3 ms | 0 joins deferred | kernel drops rcv 0 snd 0
         p50/p99 ms: ingress 0.87/2.98  events 1.04/9.50  movement 0.17/0.22  grid 0.13/0.20  history 0.00/0.00  serialize 0.10/0.14  assembly 2.38/2.51  transport 0.92/1.08  egress 2.42/2.76

== summary: 1710 steady-state ticks (after warmup, before clients drain), peak 3000 clients ==
  phase        p50 ms   p99 ms   max ms
  ingress        0.87     1.11     1.18
  events         0.94     1.22     2.07
  movement       0.19     0.26     0.29
  grid           0.13     0.21     0.23
  history        0.00     0.00     0.01
  serialize      0.10     0.14     0.16
  assembly       2.41     3.11     3.60
  transport      0.95     1.19     1.49
  egress         2.58     2.98     3.10
  tick           8.22     9.02     9.98
  overruns 0 | spawns 3000 despawns 3000 (5202 joins deferred) | stand-ins: repeated 0 frozen 0 | late inputs 0 discarded 0 | bad messages 0 | recv errors 0 send errors 0
  egress (whole run): 10762858 datagrams in 5384431 sends (2.00 per send), 115263 syscalls
  ticks per ladder level (whole run): L0: 1819
  input wait on the server (datagram arrival -> applied): p50 50.0 p99 66.3 max 68.5 mean 49.8 ms
  steady state: stand-ins repeated 0 frozen 0 | late inputs 0 discarded 0
