warning: use of deprecated method `std::sync::atomic::Atomic::<usize>::fetch_update`: renamed to `try_update` for consistency
   --> src/server.rs:140:14
    |
140 |             .fetch_update(Ordering::AcqRel, Ordering::Acquire, |n| (n < self.max_clients).then_some(n + 1))
    |              ^^^^^^^^^^^^
    |
    = note: `#[warn(deprecated)]` on by default
help: replace the use of the deprecated method
    |
140 -             .fetch_update(Ordering::AcqRel, Ordering::Acquire, |n| (n < self.max_clients).then_some(n + 1))
140 +             .try_update(Ordering::AcqRel, Ordering::Acquire, |n| (n < self.max_clients).then_some(n + 1))
    |

== uniform, 1000 bots, 60s -> baselines/2026-10-04-scaleway-8t/uniform-1k-1
== summary: 1708 steady-state ticks (after warmup, before clients drain), peak 1000 clients ==
  phase        p50 ms   p99 ms   max ms
  ingress        0.35     0.40     0.43
  events         0.22     0.24     0.28
  movement       0.10     0.12     0.13
  grid           0.16     0.21     0.22
  history        0.00     0.00     0.01
  serialize      0.06     0.07     0.08
  assembly       0.70     0.76     0.78
  transport      0.52     0.57     0.60
  egress         0.72     0.77     0.88
  tick           2.83     2.97     3.00
  overruns 0 | spawns 1000 despawns 1000 (691 joins deferred) | stand-ins: repeated 0 frozen 0 | late inputs 0 discarded 0 | bad messages 0 | recv errors 0 send errors 0
  egress (whole run): 1798458 datagrams in 1798458 sends (1.00 per send), 115260 syscalls
  ticks per ladder level (whole run): L0: 1819
  input wait on the server (datagram arrival -> applied): p50 50.1 p99 66.4 max 67.4 mean 50.1 ms
  steady state: stand-ins repeated 0 frozen 0 | late inputs 0 discarded 0
== bots summary ==
  started 1000 welcomed 1000 failed 0
  join latency ms: p50 190 p99 431 max 462 (n=1000)
  corrections 0 (0.00/bot-minute), mean error 0.000 m, max 0.000 m
  snapshots 1794389 (entities per snapshot: near 4.4 mid 4.2 far 6.3), stale 0, unmatched acks 0, resyncs 0
  input -> applied on server (est. RTT/2 + server wait): p50 51.0 p99 68.0 max 69.0 mean 51.5 ms (n=1794249)
    of which server wait (arrival -> applied): p50 50.1 p99 66.4 max 67.4 mean 50.1 ms (n=1794249)
  input -> seen acked (round trip): p50 67.0 p99 100.0 max 100.0 mean 69.5 ms (n=1794249)
  near entity update interval (tracked bots): p50 33.0 p99 33.0 max 100.0 mean 33.0 ms (n=391536)
  mid entity update interval (tracked bots): p50 100.0 p99 100.0 max 500.0 mean 100.2 ms (n=394531)
  far entity update interval (tracked bots): p50 500.0 p99 500.0 max 59000.0 mean 509.5 ms (n=555087)
  input clock: 1000 extra inputs, 56 skipped ticks, 0 backlog skips | near decode errors (tracked bots) 0
  bytes down 404.7 MB up 89.8 MB | swarm busy 1% of its threads' time, tick overruns 0
