preallocated connections for 10000 clients in 217.951474ms
listening on 172.16.8.2:40500 | spawn Uniform | tiers near 64@150 m, mid 500 m, far 1500 m, budget 6250 B/tick, squads of 4 | 8 rayon threads, 64 shards, 256 accepts/tick, egress SendMmsg | socket buffers rcv 32768 KiB snd 32768 KiB
[    5s] clients 1000 | level 0 (0-0 in window: 30 Hz, dilation 1.0), pace 1.00, 0.0% clients bandwidth-degraded | tick p50 2.81 p99 4.07 max 4.37 ms, 0 overruns | out 26.3k pps 54 kbps/client, 47 Mbps | in 26.2k pps 13 kbps/client | stand-ins: repeated 0.00% frozen 0.00%, 0 late inputs | per client-tick: 189 B (near 30 B, 99% deltas), near 4.3 mid 4.1 far 6.2, far skipped 0 starved 0 | input wait p50 50.7 p99 66.2 ms | 691 joins deferred | kernel drops rcv 0 snd 0
         p50/p99 ms: ingress 0.33/0.92  events 0.23/1.73  movement 0.10/0.12  grid 0.15/0.21  history 0.00/0.01  serialize 0.06/0.08  assembly 0.68/0.78  transport 0.50/0.56  egress 0.72/0.79
[   10s] clients 1000 | level 0 (0-0 in window: 30 Hz, dilation 1.0), pace 1.00, 0.0% clients bandwidth-degraded | tick p50 2.83 p99 2.93 max 2.94 ms, 0 overruns | out 30.0k pps 54 kbps/client, 54 Mbps | in 30.0k pps 12 kbps/client | stand-ins: repeated 0.00% frozen 0.00%, 0 late inputs | per client-tick: 190 B (near 29 B, 100% deltas), near 4.3 mid 4.2 far 6.3, far skipped 0 starved 0 | input wait p50 50.7 p99 66.2 ms | 0 joins deferred | kernel drops rcv 0 snd 0
         p50/p99 ms: ingress 0.34/0.38  events 0.23/0.25  movement 0.10/0.12  grid 0.16/0.21  history 0.00/0.00  serialize 0.06/0.07  assembly 0.70/0.75  transport 0.51/0.56  egress 0.73/0.78
[   15s] clients 1000 | level 0 (0-0 in window: 30 Hz, dilation 1.0), pace 1.00, 0.0% clients bandwidth-degraded | tick p50 2.81 p99 2.94 max 2.96 ms, 0 overruns | out 30.0k pps 54 kbps/client, 54 Mbps | in 30.0k pps 12 kbps/client | stand-ins: repeated 0.00% frozen 0.00%, 0 late inputs | per client-tick: 190 B (near 29 B, 100% deltas), near 4.4 mid 4.2 far 6.3, far skipped 0 starved 0 | input wait p50 50.8 p99 66.3 ms | 0 joins deferred | kernel drops rcv 0 snd 0
         p50/p99 ms: ingress 0.34/0.38  events 0.22/0.23  movement 0.09/0.11  grid 0.16/0.21  history 0.00/0.00  serialize 0.06/0.07  assembly 0.70/0.75  transport 0.52/0.57  egress 0.73/0.78
[   20s] clients 1000 | level 0 (0-0 in window: 30 Hz, dilation 1.0), pace 1.00, 0.0% clients bandwidth-degraded | tick p50 2.82 p99 2.92 max 2.92 ms, 0 overruns | out 30.0k pps 54 kbps/client, 54 Mbps | in 30.0k pps 12 kbps/client | stand-ins: repeated 0.00% frozen 0.00%, 0 late inputs | per client-tick: 190 B (near 30 B, 100% deltas), near 4.4 mid 4.1 far 6.3, far skipped 0 starved 0 | input wait p50 50.9 p99 66.4 ms | 0 joins deferred | kernel drops rcv 0 snd 0
         p50/p99 ms: ingress 0.34/0.39  events 0.21/0.23  movement 0.09/0.10  grid 0.15/0.21  history 0.00/0.00  serialize 0.06/0.07  assembly 0.70/0.75  transport 0.52/0.58  egress 0.73/0.77
[   25s] clients 1000 | level 0 (0-0 in window: 30 Hz, dilation 1.0), pace 1.00, 0.0% clients bandwidth-degraded | tick p50 2.81 p99 2.91 max 2.94 ms, 0 overruns | out 30.0k pps 54 kbps/client, 54 Mbps | in 30.0k pps 12 kbps/client | stand-ins: repeated 0.00% frozen 0.00%, 0 late inputs | per client-tick: 190 B (near 29 B, 100% deltas), near 4.3 mid 4.1 far 6.3, far skipped 0 starved 0 | input wait p50 51.0 p99 66.4 ms | 0 joins deferred | kernel drops rcv 0 snd 0
         p50/p99 ms: ingress 0.34/0.39  events 0.21/0.23  movement 0.09/0.10  grid 0.16/0.21  history 0.00/0.00  serialize 0.06/0.08  assembly 0.69/0.74  transport 0.52/0.56  egress 0.73/0.79
[   30s] clients 1000 | level 0 (0-0 in window: 30 Hz, dilation 1.0), pace 1.00, 0.0% clients bandwidth-degraded | tick p50 2.80 p99 2.92 max 2.96 ms, 0 overruns | out 30.0k pps 54 kbps/client, 54 Mbps | in 30.0k pps 12 kbps/client | stand-ins: repeated 0.00% frozen 0.00%, 0 late inputs | per client-tick: 190 B (near 29 B, 100% deltas), near 4.3 mid 4.2 far 6.3, far skipped 0 starved 0 | input wait p50 51.0 p99 66.5 ms | 0 joins deferred | kernel drops rcv 0 snd 0
         p50/p99 ms: ingress 0.35/0.41  events 0.20/0.22  movement 0.09/0.13  grid 0.15/0.21  history 0.00/0.00  serialize 0.06/0.07  assembly 0.70/0.75  transport 0.52/0.58  egress 0.72/0.77
[   35s] clients 1000 | level 0 (0-0 in window: 30 Hz, dilation 1.0), pace 1.00, 0.0% clients bandwidth-degraded | tick p50 2.83 p99 2.97 max 2.98 ms, 0 overruns | out 30.0k pps 54 kbps/client, 54 Mbps | in 30.0k pps 12 kbps/client | stand-ins: repeated 0.00% frozen 0.00%, 0 late inputs | per client-tick: 190 B (near 29 B, 100% deltas), near 4.3 mid 4.2 far 6.3, far skipped 0 starved 0 | input wait p50 50.1 p99 66.5 ms | 0 joins deferred | kernel drops rcv 0 snd 0
         p50/p99 ms: ingress 0.35/0.41  events 0.21/0.24  movement 0.10/0.11  grid 0.16/0.21  history 0.00/0.00  serialize 0.06/0.07  assembly 0.70/0.76  transport 0.52/0.57  egress 0.72/0.77
[   40s] clients 1000 | level 0 (0-0 in window: 30 Hz, dilation 1.0), pace 1.00, 0.0% clients bandwidth-degraded | tick p50 2.86 p99 2.97 max 2.98 ms, 0 overruns | out 30.0k pps 54 kbps/client, 54 Mbps | in 30.0k pps 12 kbps/client | stand-ins: repeated 0.00% frozen 0.00%, 0 late inputs | per client-tick: 191 B (near 30 B, 100% deltas), near 4.4 mid 4.1 far 6.3, far skipped 0 starved 0 | input wait p50 50.0 p99 66.5 ms | 0 joins deferred | kernel drops rcv 0 snd 0
         p50/p99 ms: ingress 0.36/0.41  events 0.23/0.24  movement 0.10/0.12  grid 0.16/0.21  history 0.00/0.00  serialize 0.06/0.07  assembly 0.70/0.75  transport 0.52/0.57  egress 0.72/0.78
[   45s] clients 1000 | level 0 (0-0 in window: 30 Hz, dilation 1.0), pace 1.00, 0.0% clients bandwidth-degraded | tick p50 2.87 p99 2.98 max 2.99 ms, 0 overruns | out 30.0k pps 54 kbps/client, 54 Mbps | in 30.0k pps 12 kbps/client | stand-ins: repeated 0.00% frozen 0.00%, 0 late inputs | per client-tick: 191 B (near 30 B, 100% deltas), near 4.4 mid 4.1 far 6.3, far skipped 0 starved 0 | input wait p50 50.0 p99 66.5 ms | 0 joins deferred | kernel drops rcv 0 snd 0
         p50/p99 ms: ingress 0.36/0.41  events 0.23/0.24  movement 0.10/0.11  grid 0.16/0.21  history 0.00/0.00  serialize 0.06/0.07  assembly 0.70/0.75  transport 0.52/0.58  egress 0.72/0.77
[   50s] clients 1000 | level 0 (0-0 in window: 30 Hz, dilation 1.0), pace 1.00, 0.0% clients bandwidth-degraded | tick p50 2.86 p99 2.97 max 3.00 ms, 0 overruns | out 30.0k pps 54 kbps/client, 54 Mbps | in 30.0k pps 12 kbps/client | stand-ins: repeated 0.00% frozen 0.00%, 0 late inputs | per client-tick: 191 B (near 30 B, 100% deltas), near 4.4 mid 4.1 far 6.3, far skipped 0 starved 0 | input wait p50 50.0 p99 66.5 ms | 0 joins deferred | kernel drops rcv 0 snd 0
         p50/p99 ms: ingress 0.36/0.41  events 0.23/0.24  movement 0.10/0.12  grid 0.16/0.21  history 0.00/0.00  serialize 0.06/0.07  assembly 0.70/0.76  transport 0.52/0.56  egress 0.72/0.77
[   55s] clients 1000 | level 0 (0-0 in window: 30 Hz, dilation 1.0), pace 1.00, 0.0% clients bandwidth-degraded | tick p50 2.85 p99 2.98 max 2.99 ms, 0 overruns | out 30.0k pps 54 kbps/client, 54 Mbps | in 30.0k pps 12 kbps/client | stand-ins: repeated 0.00% frozen 0.00%, 0 late inputs | per client-tick: 191 B (near 30 B, 100% deltas), near 4.4 mid 4.1 far 6.3, far skipped 0 starved 0 | input wait p50 50.1 p99 65.6 ms | 0 joins deferred | kernel drops rcv 0 snd 0
         p50/p99 ms: ingress 0.36/0.40  events 0.23/0.25  movement 0.10/0.12  grid 0.16/0.21  history 0.00/0.00  serialize 0.06/0.07  assembly 0.70/0.76  transport 0.52/0.58  egress 0.72/0.78
[   60s] clients 1000 | level 0 (0-0 in window: 30 Hz, dilation 1.0), pace 1.00, 0.0% clients bandwidth-degraded | tick p50 2.87 p99 2.98 max 3.00 ms, 0 overruns | out 30.0k pps 54 kbps/client, 54 Mbps | in 30.0k pps 12 kbps/client | stand-ins: repeated 0.00% frozen 0.00%, 0 late inputs | per client-tick: 191 B (near 30 B, 100% deltas), near 4.4 mid 4.2 far 6.3, far skipped 0 starved 0 | input wait p50 50.1 p99 65.6 ms | 0 joins deferred | kernel drops rcv 0 snd 0
         p50/p99 ms: ingress 0.36/0.40  events 0.22/0.24  movement 0.10/0.12  grid 0.17/0.22  history 0.00/0.00  serialize 0.06/0.07  assembly 0.70/0.76  transport 0.52/0.57  egress 0.73/0.79
[   61s] clients 0 | level 0 (0-0 in window: 30 Hz, dilation 1.0), pace 1.00, 0.0% clients bandwidth-degraded | tick p50 2.83 p99 2.92 max 2.92 ms, 0 overruns | out 26.5k pps 53 kbps/client, 47 Mbps | in 35.3k pps 13 kbps/client | stand-ins: repeated 0.00% frozen 0.00%, 0 late inputs | per client-tick: 187 B (near 30 B, 100% deltas), near 4.4 mid 4.1 far 6.1, far skipped 0 starved 0 | input wait p50 50.2 p99 65.6 ms | 0 joins deferred | kernel drops rcv 0 snd 0
         p50/p99 ms: ingress 0.37/0.83  events 0.23/1.22  movement 0.10/0.10  grid 0.15/0.22  history 0.00/0.00  serialize 0.05/0.08  assembly 0.70/0.76  transport 0.51/0.59  egress 0.71/0.75

== summary: 1708 steady-state ticks (after warmup, before clients drain), peak 1000 clients ==
  phase        p50 ms   p99 ms   max ms
  ingress        0.35     0.40     0.43
  events         0.22     0.24     0.28
  movement       0.10     0.12     0.13
  grid           0.16     0.21     0.22
  history        0.00     0.00     0.01
  serialize      0.06     0.07     0.08
  assembly       0.70     0.76     0.78
  transport      0.52     0.57     0.60
  egress         0.72     0.77     0.88
  tick           2.83     2.97     3.00
  overruns 0 | spawns 1000 despawns 1000 (691 joins deferred) | stand-ins: repeated 0 frozen 0 | late inputs 0 discarded 0 | bad messages 0 | recv errors 0 send errors 0
  egress (whole run): 1798458 datagrams in 1798458 sends (1.00 per send), 115260 syscalls
  ticks per ladder level (whole run): L0: 1819
  input wait on the server (datagram arrival -> applied): p50 50.1 p99 66.4 max 67.4 mean 50.1 ms
  steady state: stand-ins repeated 0 frozen 0 | late inputs 0 discarded 0
