spawn=uniform
egress=sendmmsg
ladder=on
threads=8
shards=64
peak_clients=1000
steady_ticks=1708
steady_secs=56.9
ingress_p50_ms=0.35
ingress_p99_ms=0.40
ingress_max_ms=0.43
events_p50_ms=0.22
events_p99_ms=0.24
events_max_ms=0.28
movement_p50_ms=0.10
movement_p99_ms=0.12
movement_max_ms=0.13
grid_p50_ms=0.16
grid_p99_ms=0.21
grid_max_ms=0.22
history_p50_ms=0.00
history_p99_ms=0.00
history_max_ms=0.01
serialize_p50_ms=0.06
serialize_p99_ms=0.07
serialize_max_ms=0.08
assembly_p50_ms=0.70
assembly_p99_ms=0.76
assembly_max_ms=0.78
transport_p50_ms=0.52
transport_p99_ms=0.57
transport_max_ms=0.60
egress_p50_ms=0.72
egress_p99_ms=0.77
egress_max_ms=0.88
tick_p50_ms=2.83
tick_p99_ms=2.97
tick_max_ms=3.00
steady_overruns=0
level_mode=0
tick_hz=30
dilation=1
levels=L0:1708
clients_avg=1000
out_pps=30016
in_pps=30025
egress_mbps=54.1
packets_per_client_tick=1.00
wire_bytes_per_client_tick=225
down_kbps_per_client=54.1
up_kbps_per_client=12.0
kernel_rcvbuf_drops=0
kernel_sndbuf_drops=0
snapshot_bytes_per_client_tick=190
near_bytes_per_client_tick=30
near_per_client_tick=4.4
mid_per_client_tick=4.1
far_per_client_tick=6.3
far_skipped=0
far_starved=0
repeated=0
frozen=0
late_inputs=0
discarded_inputs=0
input_wait_p50_ms=50.1
input_wait_p99_ms=66.4
spawns=1000
despawns=1000
joins_deferred=691
bad_messages=0
recv_errors=0
send_errors=0
datagrams=1798458
sends=1798458
send_syscalls=115260
