preallocated connections for 10000 clients in 248.659648ms
listening on 172.31.17.93:40500 | spawn Uniform | tiers near 64@150 m, mid 500 m, far 1500 m, budget 6250 B/tick, squads of 4 | 64 rayon threads, 64 shards, 1 socket(s), 256 accepts/tick, egress SendMmsg, ingress RecvMmsg | socket buffers rcv 32768 KiB snd 32768 KiB
[    5s] clients 10000 | level 0 (0-0 in window: 30 Hz, dilation 1.0), pace 1.00, 0.0% clients bandwidth-degraded | tick p50 7.84 p99 18.95 max 19.18 ms, 0 overruns | out 198.9k pps 301 kbps/client, 1176 Mbps | in 117.9k pps 22 kbps/client, 55.4 per recv, receive thread busy 14% | stand-ins: repeated 0.65% frozen 0.16%, 3538 late inputs | per client-tick: 1192 B (near 132 B, 86% deltas), near 14.3 mid 37.2 far 53.2, far skipped 0 starved 0 | input wait p50 49.6 p99 90.3 ms | 48477 joins deferred | kernel drops rcv 0 snd 0
         p50/p99 ms: ingress 1.08/6.07  events 2.05/4.86  movement 0.16/1.23  grid 0.25/0.59  separate 0.07/0.78  history 0.00/0.14  shots 0.01/0.10  serialize 0.05/0.68  assembly 0.56/4.08  transport 0.19/2.34  egress 0.61/4.29
[   10s] clients 10000 | level 0 (0-0 in window: 30 Hz, dilation 1.0), pace 1.00, 0.0% clients bandwidth-degraded | tick p50 17.25 p99 18.73 max 18.90 ms, 0 overruns | out 530.1k pps 328 kbps/client, 3275 Mbps | in 295.1k pps 15 kbps/client, 58.8 per recv, receive thread busy 30% | stand-ins: repeated 0.79% frozen 0.48%, 19608 late inputs | per client-tick: 1304 B (near 130 B, 99% deltas), near 15.7 mid 41.9 far 58.7, far skipped 0 starved 0 | input wait p50 52.7 p99 91.2 ms | 0 joins deferred | kernel drops rcv 0 snd 0
         p50/p99 ms: ingress 1.17/2.44  events 3.89/5.21  movement 1.00/1.26  grid 0.47/0.61  separate 0.56/1.03  history 0.02/0.05  shots 0.07/0.27  serialize 0.32/0.63  assembly 3.45/4.27  transport 2.07/2.40  egress 4.05/4.87
[   15s] clients 10000 | level 0 (0-0 in window: 30 Hz, dilation 1.0), pace 1.00, 0.0% clients bandwidth-degraded | tick p50 17.27 p99 18.92 max 19.62 ms, 0 overruns | out 530.1k pps 327 kbps/client, 3274 Mbps | in 296.0k pps 15 kbps/client, 58.7 per recv, receive thread busy 30% | stand-ins: repeated 0.10% frozen 0.00%, 1482 late inputs | per client-tick: 1304 B (near 130 B, 99% deltas), near 15.7 mid 41.9 far 58.7, far skipped 0 starved 0 | input wait p50 53.3 p99 89.6 ms | 0 joins deferred | kernel drops rcv 0 snd 0
         p50/p99 ms: ingress 1.17/2.42  events 3.92/4.91  movement 0.99/1.20  grid 0.47/0.57  separate 0.55/0.88  history 0.02/0.06  shots 0.07/0.29  serialize 0.31/0.51  assembly 3.45/4.30  transport 2.04/2.44  egress 4.04/5.02
[   20s] clients 10000 | level 0 (0-0 in window: 30 Hz, dilation 1.0), pace 1.00, 0.0% clients bandwidth-degraded | tick p50 17.30 p99 18.81 max 19.14 ms, 0 overruns | out 530.4k pps 327 kbps/client, 3274 Mbps | in 295.9k pps 15 kbps/client, 58.4 per recv, receive thread busy 30% | stand-ins: repeated 0.10% frozen 0.00%, 1476 late inputs | per client-tick: 1304 B (near 130 B, 99% deltas), near 15.7 mid 41.9 far 58.7, far skipped 0 starved 0 | input wait p50 53.3 p99 89.7 ms | 0 joins deferred | kernel drops rcv 0 snd 0
         p50/p99 ms: ingress 1.18/2.40  events 3.95/4.90  movement 0.99/1.20  grid 0.47/0.58  separate 0.56/0.88  history 0.02/0.05  shots 0.07/0.30  serialize 0.32/0.58  assembly 3.40/4.12  transport 2.06/2.48  egress 4.03/4.78
[   25s] clients 10000 | level 0 (0-0 in window: 30 Hz, dilation 1.0), pace 1.00, 0.0% clients bandwidth-degraded | tick p50 17.24 p99 18.97 max 19.27 ms, 0 overruns | out 530.3k pps 327 kbps/client, 3274 Mbps | in 295.9k pps 15 kbps/client, 58.4 per recv, receive thread busy 29% | stand-ins: repeated 0.10% frozen 0.00%, 1543 late inputs | per client-tick: 1304 B (near 130 B, 99% deltas), near 15.7 mid 41.9 far 58.7, far skipped 0 starved 0 | input wait p50 53.4 p99 89.7 ms | 0 joins deferred | kernel drops rcv 0 snd 0
         p50/p99 ms: ingress 1.17/2.15  events 3.91/5.32  movement 0.98/1.19  grid 0.47/0.60  separate 0.56/0.78  history 0.02/0.06  shots 0.07/0.26  serialize 0.31/0.37  assembly 3.37/4.29  transport 2.06/2.42  egress 4.08/4.99
[   30s] clients 10000 | level 0 (0-0 in window: 30 Hz, dilation 1.0), pace 1.00, 0.0% clients bandwidth-degraded | tick p50 17.26 p99 19.26 max 19.44 ms, 0 overruns | out 530.4k pps 328 kbps/client, 3276 Mbps | in 295.8k pps 15 kbps/client, 58.7 per recv, receive thread busy 29% | stand-ins: repeated 0.10% frozen 0.00%, 1491 late inputs | per client-tick: 1304 B (near 130 B, 99% deltas), near 15.7 mid 41.9 far 58.7, far skipped 0 starved 0 | input wait p50 53.3 p99 89.8 ms | 0 joins deferred | kernel drops rcv 0 snd 0
         p50/p99 ms: ingress 1.18/2.66  events 3.97/4.92  movement 0.99/1.14  grid 0.47/0.56  separate 0.55/0.81  history 0.02/0.05  shots 0.07/0.27  serialize 0.31/0.40  assembly 3.40/4.08  transport 2.06/2.50  egress 4.05/4.75
[   35s] clients 10000 | level 0 (0-0 in window: 30 Hz, dilation 1.0), pace 1.00, 0.0% clients bandwidth-degraded | tick p50 17.30 p99 18.72 max 18.76 ms, 0 overruns | out 530.3k pps 328 kbps/client, 3276 Mbps | in 296.0k pps 15 kbps/client, 58.3 per recv, receive thread busy 30% | stand-ins: repeated 0.10% frozen 0.00%, 1503 late inputs | per client-tick: 1305 B (near 131 B, 99% deltas), near 15.7 mid 41.9 far 58.7, far skipped 0 starved 0 | input wait p50 53.4 p99 89.8 ms | 0 joins deferred | kernel drops rcv 0 snd 0
         p50/p99 ms: ingress 1.17/2.48  events 3.94/5.34  movement 0.99/1.20  grid 0.47/0.57  separate 0.56/0.97  history 0.02/0.05  shots 0.07/0.27  serialize 0.31/0.38  assembly 3.45/3.92  transport 2.06/2.52  egress 4.07/4.68
[   40s] clients 10000 | level 0 (0-0 in window: 30 Hz, dilation 1.0), pace 1.00, 0.0% clients bandwidth-degraded | tick p50 17.25 p99 18.89 max 19.48 ms, 0 overruns | out 530.3k pps 328 kbps/client, 3276 Mbps | in 295.9k pps 15 kbps/client, 58.5 per recv, receive thread busy 29% | stand-ins: repeated 0.10% frozen 0.00%, 1484 late inputs | per client-tick: 1305 B (near 131 B, 99% deltas), near 15.7 mid 41.9 far 58.7, far skipped 0 starved 0 | input wait p50 53.3 p99 89.6 ms | 0 joins deferred | kernel drops rcv 0 snd 0
         p50/p99 ms: ingress 1.17/2.42  events 3.92/5.31  movement 1.00/1.18  grid 0.47/0.56  separate 0.55/0.85  history 0.02/0.06  shots 0.07/0.27  serialize 0.31/0.69  assembly 3.39/4.04  transport 2.04/2.37  egress 4.04/4.70
[   45s] clients 10000 | level 0 (0-0 in window: 30 Hz, dilation 1.0), pace 1.00, 0.0% clients bandwidth-degraded | tick p50 17.24 p99 19.39 max 21.02 ms, 0 overruns | out 530.3k pps 328 kbps/client, 3276 Mbps | in 295.9k pps 15 kbps/client, 58.7 per recv, receive thread busy 29% | stand-ins: repeated 0.10% frozen 0.00%, 1527 late inputs | per client-tick: 1305 B (near 131 B, 99% deltas), near 15.7 mid 41.9 far 58.7, far skipped 0 starved 0 | input wait p50 53.4 p99 89.9 ms | 0 joins deferred | kernel drops rcv 0 snd 0
         p50/p99 ms: ingress 1.17/2.14  events 3.93/5.26  movement 1.00/1.20  grid 0.47/0.58  separate 0.56/1.07  history 0.02/0.06  shots 0.07/0.32  serialize 0.31/0.39  assembly 3.38/4.55  transport 2.07/2.50  egress 4.05/4.77
[   50s] clients 10000 | level 0 (0-0 in window: 30 Hz, dilation 1.0), pace 1.00, 0.0% clients bandwidth-degraded | tick p50 17.14 p99 18.83 max 19.48 ms, 0 overruns | out 530.3k pps 328 kbps/client, 3276 Mbps | in 295.9k pps 15 kbps/client, 58.4 per recv, receive thread busy 29% | stand-ins: repeated 0.11% frozen 0.00%, 1575 late inputs | per client-tick: 1305 B (near 130 B, 99% deltas), near 15.7 mid 41.9 far 58.7, far skipped 0 starved 0 | input wait p50 53.4 p99 90.0 ms | 0 joins deferred | kernel drops rcv 0 snd 0
         p50/p99 ms: ingress 1.17/2.42  events 3.87/4.73  movement 0.98/1.22  grid 0.47/0.57  separate 0.54/1.04  history 0.02/0.06  shots 0.07/0.30  serialize 0.30/0.40  assembly 3.43/4.29  transport 2.07/2.43  egress 4.04/4.98
[   55s] clients 10000 | level 0 (0-0 in window: 30 Hz, dilation 1.0), pace 1.00, 0.0% clients bandwidth-degraded | tick p50 17.20 p99 18.79 max 19.16 ms, 0 overruns | out 530.4k pps 328 kbps/client, 3278 Mbps | in 295.9k pps 15 kbps/client, 58.6 per recv, receive thread busy 30% | stand-ins: repeated 0.10% frozen 0.00%, 1564 late inputs | per client-tick: 1305 B (near 131 B, 99% deltas), near 15.7 mid 42.0 far 58.7, far skipped 0 starved 0 | input wait p50 53.4 p99 89.9 ms | 0 joins deferred | kernel drops rcv 0 snd 0
         p50/p99 ms: ingress 1.17/2.18  events 3.91/5.06  movement 0.99/1.21  grid 0.47/0.57  separate 0.55/0.96  history 0.02/0.06  shots 0.07/0.27  serialize 0.31/0.49  assembly 3.41/4.22  transport 2.08/2.34  egress 4.05/4.71
[   60s] clients 10000 | level 0 (0-0 in window: 30 Hz, dilation 1.0), pace 1.00, 0.0% clients bandwidth-degraded | tick p50 17.32 p99 19.04 max 19.24 ms, 0 overruns | out 530.5k pps 328 kbps/client, 3277 Mbps | in 295.8k pps 15 kbps/client, 58.4 per recv, receive thread busy 29% | stand-ins: repeated 0.10% frozen 0.00%, 1571 late inputs | per client-tick: 1305 B (near 130 B, 99% deltas), near 15.7 mid 42.0 far 58.7, far skipped 0 starved 0 | input wait p50 53.3 p99 89.8 ms | 0 joins deferred | kernel drops rcv 0 snd 0
         p50/p99 ms: ingress 1.16/2.41  events 3.94/5.17  movement 0.99/1.22  grid 0.47/0.58  separate 0.56/0.78  history 0.02/0.05  shots 0.07/0.26  serialize 0.32/0.59  assembly 3.42/4.67  transport 2.08/2.40  egress 4.04/4.91
[   65s] clients 4542 | level 0 (0-0 in window: 30 Hz, dilation 1.0), pace 1.00, 0.0% clients bandwidth-degraded | tick p50 6.71 p99 20.68 max 25.12 ms, 0 overruns | out 293.6k pps 267 kbps/client, 1792 Mbps | in 121.2k pps 9 kbps/client, 58.6 per recv, receive thread busy 12% | stand-ins: repeated 0.96% frozen 39.14%, 605 late inputs | per client-tick: 1059 B (near 119 B, 82% deltas), near 12.2 mid 32.7 far 46.9, far skipped 0 starved 0 | input wait p50 53.4 p99 89.8 ms | 0 joins deferred | kernel drops rcv 0 snd 0
         p50/p99 ms: ingress 0.54/2.64  events 0.00/5.16  movement 0.54/1.12  grid 0.50/0.56  separate 0.47/0.73  history 0.03/0.05  shots 0.14/0.26  serialize 0.32/0.40  assembly 1.28/3.92  transport 0.96/2.36  egress 2.05/4.76
[   67s] clients 0 | level 0 (0-0 in window: 30 Hz, dilation 1.0), pace 1.00, 0.0% clients bandwidth-degraded | tick p50 6.53 p99 11.80 max 11.80 ms, 0 overruns | out 131.0k pps 180 kbps/client, 783 Mbps | in 0.0k pps 0 kbps/client, 0.0 per recv, receive thread busy 0% | stand-ins: repeated 0.00% frozen 100.00%, 0 late inputs | per client-tick: 710 B (near 111 B, 0% deltas), near 7.0 mid 19.1 far 29.7, far skipped 0 starved 0 | input wait p50 0.0 p99 0.0 ms | 0 joins deferred | kernel drops rcv 0 snd 0
         p50/p99 ms: ingress 0.50/2.56  events 0.00/5.98  movement 0.50/0.76  grid 0.51/0.55  separate 0.44/0.53  history 0.03/0.05  shots 0.15/0.28  serialize 0.32/0.41  assembly 1.13/1.73  transport 0.91/1.08  egress 2.02/2.11

== summary: 1706 steady-state ticks (after warmup, before clients drain), peak 10000 clients ==
  phase        p50 ms   p99 ms   max ms
  ingress        1.17     2.42     2.75
  events         3.92     5.17     5.53
  movement       0.99     1.20     1.40
  grid           0.47     0.58     0.62
  separate       0.56     0.88     1.19
  history        0.02     0.06     0.10
  shots          0.07     0.27     0.33
  serialize      0.31     0.47     0.70
  assembly       3.41     4.21     5.06
  transport      2.06     2.43     2.61
  egress         4.05     4.91     6.16
  tick          17.25    18.97    21.02
  overruns 0 | spawns 10000 despawns 10000 (48477 joins deferred) | deaths 0 respawns 0 | stand-ins: repeated 40122 frozen 670607 | late inputs 38967 discarded 0 | bad messages 0 | recv errors 0 send errors 0
  egress (whole run): 32029323 datagrams in 32029323 sends (1.00 per send), 211723 syscalls
  ingress (whole run): 17538788 datagrams in 300203 receive calls (58.42 per call)
  ticks per ladder level (whole run): L0: 2020
  input wait on the server (datagram arrival -> applied): p50 53.3 p99 89.9 max 148.2 mean 53.3 ms
  steady state: stand-ins repeated 22791 frozen 5059 | late inputs 29659 discarded 0
  rewind of near targets (applied step - the input's render step for that tier): p50 283 p99 367 max 419 mean 287.4 ms (n=16535007)
  rewind of mid/far targets (applied step - the input's render step for that tier): p50 414 p99 442 max 500 mean 417.4 ms (n=16535007)
  render times ahead of the server (bogus) 0
  shots 0 (late 0, refused 0, rewinds capped 0) | hits head 0 body 0 (after cover 0, too late 0), kills 0 | ground 0 cover 0 expired 0 | segments 0 candidates 0
