spawn=uniform
egress=sendmmsg
ingress=recvmmsg
rx_gather_us=1000
ladder=on
threads=64
shards=64
sockets=1
peak_clients=10000
steady_ticks=1706
steady_secs=56.9
ingress_p50_ms=1.17
ingress_p99_ms=2.42
ingress_max_ms=2.75
events_p50_ms=3.92
events_p99_ms=5.17
events_max_ms=5.53
movement_p50_ms=0.99
movement_p99_ms=1.20
movement_max_ms=1.40
grid_p50_ms=0.47
grid_p99_ms=0.58
grid_max_ms=0.62
separate_p50_ms=0.56
separate_p99_ms=0.88
separate_max_ms=1.19
history_p50_ms=0.02
history_p99_ms=0.06
history_max_ms=0.10
shots_p50_ms=0.07
shots_p99_ms=0.27
shots_max_ms=0.33
serialize_p50_ms=0.31
serialize_p99_ms=0.47
serialize_max_ms=0.70
assembly_p50_ms=3.41
assembly_p99_ms=4.21
assembly_max_ms=5.06
transport_p50_ms=2.06
transport_p99_ms=2.43
transport_max_ms=2.61
egress_p50_ms=4.05
egress_p99_ms=4.91
egress_max_ms=6.16
tick_p50_ms=17.25
tick_p99_ms=18.97
tick_max_ms=21.02
steady_overruns=0
level_mode=0
tick_hz=30
dilation=1
levels=L0:1706
clients_avg=10000
out_pps=530443
in_pps=296079
egress_mbps=3276.5
packets_per_client_tick=1.77
wire_bytes_per_client_tick=1365
down_kbps_per_client=327.7
up_kbps_per_client=14.9
recv_per_call=58.54
ingress_thread_busy_max_pct=29.5
ingress_thread_busy_mean_pct=29.5
kernel_rcvbuf_drops=0
kernel_sndbuf_drops=0
snapshot_bytes_per_client_tick=1304
near_bytes_per_client_tick=130
activity_bytes_per_client_tick=0.0
near_per_client_tick=15.7
mid_per_client_tick=41.9
far_per_client_tick=58.7
near_scanned_per_query=18
mid_scanned_per_query=55
far_skipped=0
far_starved=0
repeated=22791
frozen=5059
late_inputs=29659
discarded_inputs=0
input_wait_p10_ms=33.5
input_wait_p50_ms=53.3
input_wait_p90_ms=73.3
input_wait_p99_ms=89.9
spawns=10000
despawns=10000
deaths=0
respawns=0
shots=0
shots_late=0
shots_refused=0
rewinds_capped=0
rewinds_trimmed=0
hits_head=0
hits_body=0
hits_ground=0
hits_cover=0
projectiles_expired=0
kills=0
hits_after_cover=0
hits_too_late=0
events=0
tracer_bytes=0
activity_cells=0
activity_sent=0
activity_bytes=0
activity_cut=0
projectile_segments=0
hit_candidates=0
joins_deferred=48477
bad_messages=0
recv_errors=0
send_errors=0
datagrams=32029323
sends=32029323
send_syscalls=211723
rewind_near_p50_ms=283
rewind_near_p99_ms=367
rewind_near_mean_ms=287.4
rewind_mid_p50_ms=414
rewind_mid_p99_ms=442
rewind_mid_mean_ms=417.4
ingress_longest_p50_ms=0.73
ingress_work_p50_ms=36.74
assembly_longest_p50_ms=3.00
assembly_work_p50_ms=116.22
transport_longest_p50_ms=1.70
transport_work_p50_ms=84.89
egress_longest_p50_ms=3.87
egress_work_p50_ms=123.02
