started=1000
welcomed=1000
failed=0
join_p50_ms=370
join_p99_ms=625
join_max_ms=691
corrections=0
corrections_per_bot_minute=0.000
correction_max_m=0.000
push_corrections=27135
push_corrections_per_bot_minute=27.135
push_max_m=0.337
snapshots=1788874
near_per_snapshot=64.1
mid_per_snapshot=86.1
far_per_snapshot=0.0
stale_snapshots=0
resyncs=0
input_applied_p50_ms=107.0
input_applied_p99_ms=149.0
input_applied_mean_ms=102.4
server_wait_p50_ms=49.6
server_wait_p99_ms=67.7
server_wait_mean_ms=50.3
round_trip_p50_ms=167.0
round_trip_p99_ms=233.0
round_trip_mean_ms=167.3
near_interval_p50_ms=66.0
near_interval_p99_ms=66.0
near_interval_mean_ms=53.2
mid_interval_p50_ms=100.0
mid_interval_p99_ms=100.0
mid_interval_mean_ms=100.4
far_interval_p50_ms=0.0
far_interval_p99_ms=0.0
far_interval_mean_ms=0.0
near_interpolated_pct=99.77
near_extrapolated_pct=0.04
near_held_pct=0.00
near_new_pct=0.18
near_pop_p50_mm=0
near_pop_p99_mm=0
mid_interpolated_pct=95.92
mid_extrapolated_pct=1.31
mid_held_pct=1.62
mid_new_pct=1.15
mid_pop_p50_mm=0
mid_pop_p99_mm=0
far_interpolated_pct=0.00
far_extrapolated_pct=0.00
far_held_pct=0.00
far_new_pct=0.00
far_pop_p50_mm=0
far_pop_p99_mm=0
render_delay_ms=91.5
render_snaps=0
class0_fighters=167
class0_shots=66884
class0_hits=62037
class0_kills=0
class0_hit_pct=92.8
class0_rtt_ms=37.1
class1_fighters=166
class1_shots=65472
class1_hits=61055
class1_kills=0
class1_hit_pct=93.3
class1_rtt_ms=118.5
class2_fighters=167
class2_shots=65182
class2_hits=55095
class2_kills=0
class2_hit_pct=84.5
class2_rtt_ms=167.0
streak_frames_per_million=93
clock_slewing_pct=12.42
delay_changes=986
render_backwards=0
clock_extra=2695
clock_skipped=1597
backlog_skips=0
near_decode_errors=0
bytes_down_mb=2938.6
bytes_up_mb=118.5
swarm_busy_pct=42
swarm_overruns=4
