spawn=blob
egress=sendmmsg
ladder=on
threads=8
shards=64
sockets=1
peak_clients=1000
steady_ticks=1710
steady_secs=57.0
ingress_p50_ms=0.63
ingress_p99_ms=1.12
ingress_max_ms=1.26
events_p50_ms=0.30
events_p99_ms=0.44
events_max_ms=0.54
movement_p50_ms=0.29
movement_p99_ms=0.37
movement_max_ms=1.75
grid_p50_ms=0.17
grid_p99_ms=0.28
grid_max_ms=0.48
separate_p50_ms=0.30
separate_p99_ms=0.38
separate_max_ms=1.72
history_p50_ms=0.00
history_p99_ms=0.01
history_max_ms=0.04
shots_p50_ms=0.97
shots_p99_ms=1.29
shots_max_ms=4.79
serialize_p50_ms=0.05
serialize_p99_ms=0.09
serialize_max_ms=0.15
assembly_p50_ms=2.92
assembly_p99_ms=3.42
assembly_max_ms=6.95
transport_p50_ms=1.17
transport_p99_ms=1.53
transport_max_ms=4.00
egress_p50_ms=5.80
egress_p99_ms=6.65
egress_max_ms=11.68
tick_p50_ms=12.69
tick_p99_ms=14.00
tick_max_ms=19.30
steady_overruns=0
level_mode=0
tick_hz=30
dilation=1
levels=L0:1710
clients_avg=1000
out_pps=60020
in_pps=29992
egress_mbps=393.7
packets_per_client_tick=2.00
wire_bytes_per_client_tick=1640
down_kbps_per_client=393.7
up_kbps_per_client=15.9
kernel_rcvbuf_drops=0
kernel_sndbuf_drops=0
snapshot_bytes_per_client_tick=1570
near_bytes_per_client_tick=445
near_per_client_tick=64.0
mid_per_client_tick=86.0
far_per_client_tick=0.0
near_scanned_per_query=177
mid_scanned_per_query=191
far_skipped=0
far_starved=0
repeated=0
frozen=0
late_inputs=0
discarded_inputs=0
input_wait_p50_ms=49.6
input_wait_p99_ms=67.7
spawns=1000
despawns=1000
deaths=0
respawns=0
shots=277289
shots_late=0
shots_refused=0
rewinds_capped=184061
hits_head=2200
hits_body=186603
hits_ground=64607
hits_cover=9238
projectiles_expired=13905
kills=0
hits_after_cover=241
hits_too_late=0
events=377596
tracer_bytes=210396329
projectile_segments=3261694
hit_candidates=1728010
joins_deferred=144
bad_messages=0
recv_errors=0
send_errors=0
datagrams=3594210
sends=3594210
send_syscalls=115382
rewind_near_p50_ms=242
rewind_near_p99_ms=342
rewind_near_mean_ms=242.5
rewind_mid_p50_ms=367
rewind_mid_p99_ms=433
rewind_mid_mean_ms=363.5
ingress_longest_p50_ms=0.08
ingress_work_p50_ms=2.63
assembly_longest_p50_ms=0.52
assembly_work_p50_ms=17.73
transport_longest_p50_ms=0.19
transport_work_p50_ms=5.00
egress_longest_p50_ms=1.25
egress_work_p50_ms=41.16
