preallocated connections for 10000 clients in 255.529675ms
listening on 127.0.0.1:14500 | spawn Blob | tiers near 64@150 m, mid 500 m, far 1500 m, budget 6250 B/tick, squads of 4 | 8 rayon threads, 64 shards, 1 socket(s), 256 accepts/tick, egress SendMmsg | socket buffers rcv 8192 KiB snd 8192 KiB
WARNING: token key is the public dev key; anyone can mint tokens for this server (--token-key)
[    5s] clients 1000 | level 0 (0-0 in window: 30 Hz, dilation 1.0), pace 1.00, 0.0% clients bandwidth-degraded | tick p50 12.60 p99 14.46 max 30.24 ms, 0 overruns | out 55.0k pps 398 kbps/client, 360 Mbps | in 26.9k pps 17 kbps/client | stand-ins: repeated 0.00% frozen 0.00%, 0 late inputs | per client-tick: 1582 B (near 464 B, 95% deltas), near 64.0 mid 85.8 far 0.0, far skipped 0 starved 0 | input wait p50 48.8 p99 68.3 ms | 144 joins deferred | kernel drops rcv 0 snd 0
         p50/p99 ms: ingress 0.61/1.09  events 0.30/1.44  movement 0.29/0.36  grid 0.16/0.30  separate 0.30/0.37  history 0.00/0.04  shots 0.94/1.38  serialize 0.05/0.10  assembly 2.94/3.69  transport 1.20/1.80  egress 5.71/6.54
[   10s] clients 1000 | level 0 (0-0 in window: 30 Hz, dilation 1.0), pace 1.00, 0.0% clients bandwidth-degraded | tick p50 12.69 p99 14.37 max 16.36 ms, 0 overruns | out 60.0k pps 393 kbps/client, 393 Mbps | in 30.0k pps 16 kbps/client | stand-ins: repeated 0.00% frozen 0.00%, 0 late inputs | per client-tick: 1569 B (near 444 B, 99% deltas), near 64.0 mid 86.0 far 0.0, far skipped 0 starved 0 | input wait p50 49.5 p99 67.8 ms | 0 joins deferred | kernel drops rcv 0 snd 0
         p50/p99 ms: ingress 0.63/1.09  events 0.30/0.43  movement 0.29/0.34  grid 0.17/0.27  separate 0.30/0.39  history 0.00/0.00  shots 0.96/1.25  serialize 0.05/0.09  assembly 2.98/3.40  transport 1.19/1.53  egress 5.74/6.55
[   15s] clients 1000 | level 0 (0-0 in window: 30 Hz, dilation 1.0), pace 1.00, 0.0% clients bandwidth-degraded | tick p50 12.74 p99 14.19 max 15.16 ms, 0 overruns | out 60.0k pps 394 kbps/client, 394 Mbps | in 30.0k pps 16 kbps/client | stand-ins: repeated 0.00% frozen 0.00%, 0 late inputs | per client-tick: 1571 B (near 445 B, 99% deltas), near 64.0 mid 86.0 far 0.0, far skipped 0 starved 0 | input wait p50 49.6 p99 67.7 ms | 0 joins deferred | kernel drops rcv 0 snd 0
         p50/p99 ms: ingress 0.63/1.10  events 0.30/0.45  movement 0.29/0.40  grid 0.17/0.27  separate 0.30/0.39  history 0.00/0.03  shots 0.97/1.66  serialize 0.05/0.09  assembly 2.92/3.40  transport 1.19/1.53  egress 5.81/6.57
[   20s] clients 1000 | level 0 (0-0 in window: 30 Hz, dilation 1.0), pace 1.00, 0.0% clients bandwidth-degraded | tick p50 12.68 p99 13.77 max 13.79 ms, 0 overruns | out 60.0k pps 394 kbps/client, 394 Mbps | in 30.0k pps 16 kbps/client | stand-ins: repeated 0.00% frozen 0.00%, 0 late inputs | per client-tick: 1570 B (near 444 B, 99% deltas), near 64.0 mid 86.0 far 0.0, far skipped 0 starved 0 | input wait p50 49.7 p99 67.6 ms | 0 joins deferred | kernel drops rcv 0 snd 0
         p50/p99 ms: ingress 0.62/1.13  events 0.29/0.47  movement 0.29/0.37  grid 0.16/0.29  separate 0.30/0.38  history 0.00/0.02  shots 0.99/1.28  serialize 0.05/0.10  assembly 2.95/3.29  transport 1.18/1.48  egress 5.79/6.35
[   25s] clients 1000 | level 0 (0-0 in window: 30 Hz, dilation 1.0), pace 1.00, 0.0% clients bandwidth-degraded | tick p50 12.72 p99 14.38 max 15.67 ms, 0 overruns | out 60.0k pps 394 kbps/client, 394 Mbps | in 30.0k pps 16 kbps/client | stand-ins: repeated 0.00% frozen 0.00%, 0 late inputs | per client-tick: 1570 B (near 445 B, 99% deltas), near 64.0 mid 86.0 far 0.0, far skipped 0 starved 0 | input wait p50 49.6 p99 67.7 ms | 0 joins deferred | kernel drops rcv 0 snd 0
         p50/p99 ms: ingress 0.62/1.08  events 0.30/0.44  movement 0.29/0.37  grid 0.17/0.26  separate 0.30/0.39  history 0.00/0.00  shots 1.00/1.25  serialize 0.05/0.10  assembly 2.88/3.49  transport 1.17/1.60  egress 5.81/6.43
[   30s] clients 1000 | level 0 (0-0 in window: 30 Hz, dilation 1.0), pace 1.00, 0.0% clients bandwidth-degraded | tick p50 12.71 p99 13.97 max 16.45 ms, 0 overruns | out 60.0k pps 393 kbps/client, 393 Mbps | in 30.0k pps 16 kbps/client | stand-ins: repeated 0.00% frozen 0.00%, 0 late inputs | per client-tick: 1569 B (near 445 B, 99% deltas), near 64.0 mid 86.0 far 0.0, far skipped 0 starved 0 | input wait p50 49.8 p99 67.7 ms | 0 joins deferred | kernel drops rcv 0 snd 0
         p50/p99 ms: ingress 0.62/1.08  events 0.30/0.43  movement 0.29/0.37  grid 0.17/0.28  separate 0.30/0.39  history 0.00/0.00  shots 1.00/1.41  serialize 0.05/0.09  assembly 2.91/3.47  transport 1.16/1.46  egress 5.84/6.55
[   35s] clients 1000 | level 0 (0-0 in window: 30 Hz, dilation 1.0), pace 1.00, 0.0% clients bandwidth-degraded | tick p50 12.68 p99 15.20 max 15.63 ms, 0 overruns | out 60.0k pps 393 kbps/client, 393 Mbps | in 30.0k pps 16 kbps/client | stand-ins: repeated 0.00% frozen 0.00%, 0 late inputs | per client-tick: 1569 B (near 443 B, 99% deltas), near 64.0 mid 86.0 far 0.0, far skipped 0 starved 0 | input wait p50 49.7 p99 67.7 ms | 0 joins deferred | kernel drops rcv 0 snd 0
         p50/p99 ms: ingress 0.64/1.14  events 0.30/0.52  movement 0.29/0.36  grid 0.17/0.29  separate 0.30/0.38  history 0.00/0.01  shots 0.97/1.29  serialize 0.05/0.09  assembly 2.92/3.60  transport 1.14/1.54  egress 5.77/7.10
[   40s] clients 1000 | level 0 (0-0 in window: 30 Hz, dilation 1.0), pace 1.00, 0.0% clients bandwidth-degraded | tick p50 12.68 p99 13.74 max 13.89 ms, 0 overruns | out 60.0k pps 393 kbps/client, 393 Mbps | in 30.0k pps 16 kbps/client | stand-ins: repeated 0.00% frozen 0.00%, 0 late inputs | per client-tick: 1570 B (near 445 B, 99% deltas), near 64.0 mid 86.0 far 0.0, far skipped 0 starved 0 | input wait p50 49.8 p99 67.7 ms | 0 joins deferred | kernel drops rcv 0 snd 0
         p50/p99 ms: ingress 0.62/1.13  events 0.30/0.44  movement 0.29/0.35  grid 0.17/0.27  separate 0.30/0.39  history 0.00/0.00  shots 0.97/1.29  serialize 0.05/0.08  assembly 2.92/3.39  transport 1.18/1.46  egress 5.83/6.36
[   45s] clients 1000 | level 0 (0-0 in window: 30 Hz, dilation 1.0), pace 1.00, 0.0% clients bandwidth-degraded | tick p50 12.67 p99 13.69 max 14.19 ms, 0 overruns | out 60.0k pps 394 kbps/client, 394 Mbps | in 30.0k pps 16 kbps/client | stand-ins: repeated 0.00% frozen 0.00%, 0 late inputs | per client-tick: 1571 B (near 445 B, 99% deltas), near 64.0 mid 86.0 far 0.0, far skipped 0 starved 0 | input wait p50 49.8 p99 67.7 ms | 0 joins deferred | kernel drops rcv 0 snd 0
         p50/p99 ms: ingress 0.62/1.10  events 0.30/0.45  movement 0.29/0.37  grid 0.17/0.27  separate 0.30/0.36  history 0.00/0.01  shots 0.95/1.24  serialize 0.05/0.08  assembly 2.94/3.31  transport 1.17/1.53  egress 5.78/6.46
[   50s] clients 1000 | level 0 (0-0 in window: 30 Hz, dilation 1.0), pace 1.00, 0.0% clients bandwidth-degraded | tick p50 12.77 p99 14.14 max 19.30 ms, 0 overruns | out 60.0k pps 394 kbps/client, 394 Mbps | in 30.0k pps 16 kbps/client | stand-ins: repeated 0.00% frozen 0.00%, 0 late inputs | per client-tick: 1572 B (near 446 B, 99% deltas), near 64.0 mid 86.0 far 0.0, far skipped 0 starved 0 | input wait p50 49.8 p99 67.7 ms | 0 joins deferred | kernel drops rcv 0 snd 0
         p50/p99 ms: ingress 0.65/1.12  events 0.30/0.44  movement 0.29/0.36  grid 0.17/0.27  separate 0.30/0.37  history 0.00/0.01  shots 0.97/1.24  serialize 0.05/0.09  assembly 2.99/3.55  transport 1.17/1.53  egress 5.79/7.09
[   55s] clients 1000 | level 0 (0-0 in window: 30 Hz, dilation 1.0), pace 1.00, 0.0% clients bandwidth-degraded | tick p50 12.65 p99 13.82 max 14.28 ms, 0 overruns | out 60.0k pps 394 kbps/client, 394 Mbps | in 30.0k pps 16 kbps/client | stand-ins: repeated 0.00% frozen 0.00%, 0 late inputs | per client-tick: 1571 B (near 444 B, 99% deltas), near 64.0 mid 86.0 far 0.0, far skipped 0 starved 0 | input wait p50 49.7 p99 67.6 ms | 0 joins deferred | kernel drops rcv 0 snd 0
         p50/p99 ms: ingress 0.63/1.15  events 0.30/0.44  movement 0.29/0.41  grid 0.16/0.29  separate 0.30/0.41  history 0.00/0.02  shots 0.96/1.21  serialize 0.05/0.09  assembly 2.87/3.25  transport 1.12/1.45  egress 5.83/6.86
[   60s] clients 994 | level 0 (0-0 in window: 30 Hz, dilation 1.0), pace 1.00, 0.0% clients bandwidth-degraded | tick p50 12.63 p99 14.14 max 14.36 ms, 0 overruns | out 60.0k pps 393 kbps/client, 393 Mbps | in 30.0k pps 16 kbps/client | stand-ins: repeated 0.00% frozen 0.00%, 0 late inputs | per client-tick: 1570 B (near 444 B, 99% deltas), near 64.0 mid 86.0 far 0.0, far skipped 0 starved 0 | input wait p50 49.9 p99 67.7 ms | 0 joins deferred | kernel drops rcv 0 snd 0
         p50/p99 ms: ingress 0.63/1.17  events 0.30/0.43  movement 0.29/0.36  grid 0.17/0.31  separate 0.30/0.38  history 0.00/0.01  shots 0.96/1.31  serialize 0.05/0.12  assembly 2.87/3.21  transport 1.15/1.63  egress 5.81/6.58
[   60s] clients 0 | level 0 (0-0 in window: 30 Hz, dilation 1.0), pace 1.00, 0.0% clients bandwidth-degraded | tick p50 3.24 p99 10.30 max 10.30 ms, 0 overruns | out 18.6k pps 458 kbps/client, 132 Mbps | in 28.0k pps 23 kbps/client | stand-ins: repeated 0.35% frozen 0.00%, 1 late inputs | per client-tick: 1677 B (near 607 B, 65% deltas), near 62.6 mid 83.9 far 0.0, far skipped 0 starved 0 | input wait p50 49.2 p99 67.9 ms | 0 joins deferred | kernel drops rcv 0 snd 0
         p50/p99 ms: ingress 0.42/0.77  events 0.55/0.57  movement 0.18/0.29  grid 0.14/0.19  separate 0.20/0.31  history 0.00/0.00  shots 0.30/1.14  serialize 0.00/0.04  assembly 0.25/2.11  transport 0.37/0.91  egress 1.12/4.43

== summary: 1710 steady-state ticks (after warmup, before clients drain), peak 1000 clients ==
  phase        p50 ms   p99 ms   max ms
  ingress        0.63     1.12     1.26
  events         0.30     0.44     0.54
  movement       0.29     0.37     1.75
  grid           0.17     0.28     0.48
  separate       0.30     0.38     1.72
  history        0.00     0.01     0.04
  shots          0.97     1.29     4.79
  serialize      0.05     0.09     0.15
  assembly       2.92     3.42     6.95
  transport      1.17     1.53     4.00
  egress         5.80     6.65    11.68
  tick          12.69    14.00    19.30
  overruns 0 | spawns 1000 despawns 1000 (144 joins deferred) | deaths 0 respawns 0 | stand-ins: repeated 4 frozen 0 | late inputs 1 discarded 0 | bad messages 0 | recv errors 0 send errors 0
  egress (whole run): 3594210 datagrams in 3594210 sends (1.00 per send), 115382 syscalls
  ticks per ladder level (whole run): L0: 1813
  input wait on the server (datagram arrival -> applied): p50 49.6 p99 67.7 max 88.4 mean 50.3 ms
  steady state: stand-ins repeated 0 frozen 0 | late inputs 0 discarded 0
  rewind of near targets (applied step - the input's render step for that tier): p50 242 p99 342 max 354 mean 242.5 ms (n=1784919)
  rewind of mid/far targets (applied step - the input's render step for that tier): p50 367 p99 433 max 452 mean 363.5 ms (n=1784919)
  render times ahead of the server (bogus) 0
  shots 277289 (late 0, refused 0, rewinds capped 184061) | hits head 2200 body 186603 (after cover 241, too late 0), kills 0 | ground 64607 cover 9238 expired 13905 | segments 3261694 candidates 1728010
