preallocated connections for 10000 clients in 185.91741ms
listening on 127.0.0.1:40540 | spawn Blob | tiers near 64@150 m, mid 500 m, far 1500 m, budget 6250 B/tick, squads of 4 | 8 rayon threads, 64 shards, 256 accepts/tick, egress SendMmsg | socket buffers rcv 8192 KiB snd 8192 KiB
WARNING: token key is the public dev key; anyone can mint tokens for this server (--token-key)
[    5s] clients 1000 | level 0 (0-0 in window: 30 Hz, dilation 1.0), pace 1.00, 0.0% clients bandwidth-degraded | tick p50 5.57 p99 8.12 max 8.15 ms, 0 overruns | out 55.3k pps 340 kbps/client, 310 Mbps | in 27.7k pps 13 kbps/client | stand-ins: repeated 0.00% frozen 0.00%, 0 late inputs | per client-tick: 1343 B (near 352 B, 98% deltas), near 64.0 mid 85.9 far 0.0, far skipped 0 starved 0 | input wait p50 50.0 p99 66.5 ms | 462 joins deferred | kernel drops rcv 0 snd 0
         p50/p99 ms: ingress 0.34/0.94  events 0.09/1.33  movement 0.16/0.24  grid 0.05/0.07  history 0.00/0.01  serialize 0.05/0.08  assembly 2.26/2.89  transport 0.93/1.59  egress 1.62/2.50
[   10s] clients 1000 | level 0 (0-0 in window: 30 Hz, dilation 1.0), pace 1.00, 0.0% clients bandwidth-degraded | tick p50 5.73 p99 7.33 max 13.02 ms, 0 overruns | out 60.0k pps 336 kbps/client, 336 Mbps | in 30.0k pps 12 kbps/client | stand-ins: repeated 0.00% frozen 0.00%, 0 late inputs | per client-tick: 1334 B (near 342 B, 100% deltas), near 64.0 mid 86.0 far 0.0, far skipped 0 starved 0 | input wait p50 50.0 p99 66.4 ms | 0 joins deferred | kernel drops rcv 0 snd 0
         p50/p99 ms: ingress 0.36/0.58  events 0.10/0.17  movement 0.16/0.21  grid 0.05/0.08  history 0.00/0.00  serialize 0.04/0.07  assembly 2.32/2.99  transport 0.94/1.30  egress 1.77/2.33
[   15s] clients 1000 | level 0 (0-0 in window: 30 Hz, dilation 1.0), pace 1.00, 0.0% clients bandwidth-degraded | tick p50 5.67 p99 6.84 max 7.06 ms, 0 overruns | out 60.0k pps 336 kbps/client, 336 Mbps | in 30.0k pps 12 kbps/client | stand-ins: repeated 0.00% frozen 0.00%, 0 late inputs | per client-tick: 1333 B (near 341 B, 100% deltas), near 64.0 mid 86.0 far 0.0, far skipped 0 starved 0 | input wait p50 50.1 p99 66.4 ms | 0 joins deferred | kernel drops rcv 0 snd 0
         p50/p99 ms: ingress 0.35/0.67  events 0.10/0.18  movement 0.17/0.27  grid 0.05/0.07  history 0.00/0.00  serialize 0.04/0.06  assembly 2.28/2.88  transport 0.95/1.24  egress 1.72/2.28
[   20s] clients 1000 | level 0 (0-0 in window: 30 Hz, dilation 1.0), pace 1.00, 0.0% clients bandwidth-degraded | tick p50 5.63 p99 6.83 max 7.72 ms, 0 overruns | out 60.0k pps 336 kbps/client, 336 Mbps | in 30.0k pps 12 kbps/client | stand-ins: repeated 0.00% frozen 0.00%, 0 late inputs | per client-tick: 1333 B (near 341 B, 100% deltas), near 64.0 mid 86.0 far 0.0, far skipped 0 starved 0 | input wait p50 50.0 p99 66.4 ms | 0 joins deferred | kernel drops rcv 0 snd 0
         p50/p99 ms: ingress 0.35/0.73  events 0.09/0.17  movement 0.16/0.25  grid 0.06/0.07  history 0.00/0.00  serialize 0.04/0.07  assembly 2.30/2.93  transport 0.94/1.28  egress 1.65/2.21
[   25s] clients 1000 | level 0 (0-0 in window: 30 Hz, dilation 1.0), pace 1.00, 0.0% clients bandwidth-degraded | tick p50 5.71 p99 6.83 max 7.82 ms, 0 overruns | out 60.0k pps 336 kbps/client, 336 Mbps | in 30.0k pps 12 kbps/client | stand-ins: repeated 0.00% frozen 0.00%, 0 late inputs | per client-tick: 1334 B (near 342 B, 100% deltas), near 64.0 mid 86.0 far 0.0, far skipped 0 starved 0 | input wait p50 50.0 p99 66.5 ms | 0 joins deferred | kernel drops rcv 0 snd 0
         p50/p99 ms: ingress 0.35/0.90  events 0.09/0.18  movement 0.16/0.25  grid 0.05/0.07  history 0.00/0.00  serialize 0.04/0.10  assembly 2.27/2.80  transport 0.94/1.34  egress 1.78/2.30
[   30s] clients 1000 | level 0 (0-0 in window: 30 Hz, dilation 1.0), pace 1.00, 0.0% clients bandwidth-degraded | tick p50 5.62 p99 6.60 max 6.72 ms, 0 overruns | out 60.0k pps 336 kbps/client, 336 Mbps | in 30.0k pps 12 kbps/client | stand-ins: repeated 0.00% frozen 0.00%, 0 late inputs | per client-tick: 1333 B (near 341 B, 100% deltas), near 64.0 mid 86.0 far 0.0, far skipped 0 starved 0 | input wait p50 50.0 p99 66.4 ms | 0 joins deferred | kernel drops rcv 0 snd 0
         p50/p99 ms: ingress 0.35/0.62  events 0.09/0.18  movement 0.16/0.23  grid 0.06/0.08  history 0.00/0.00  serialize 0.04/0.07  assembly 2.27/2.71  transport 0.94/1.28  egress 1.75/2.25
[   35s] clients 1000 | level 0 (0-0 in window: 30 Hz, dilation 1.0), pace 1.00, 0.0% clients bandwidth-degraded | tick p50 5.60 p99 6.45 max 6.57 ms, 0 overruns | out 60.0k pps 336 kbps/client, 336 Mbps | in 30.0k pps 12 kbps/client | stand-ins: repeated 0.00% frozen 0.00%, 0 late inputs | per client-tick: 1333 B (near 341 B, 100% deltas), near 64.0 mid 86.0 far 0.0, far skipped 0 starved 0 | input wait p50 50.0 p99 66.4 ms | 0 joins deferred | kernel drops rcv 0 snd 0
         p50/p99 ms: ingress 0.36/0.85  events 0.09/0.17  movement 0.16/0.31  grid 0.06/0.08  history 0.00/0.00  serialize 0.04/0.06  assembly 2.28/2.73  transport 0.92/1.18  egress 1.70/2.24
[   40s] clients 1000 | level 0 (0-0 in window: 30 Hz, dilation 1.0), pace 1.00, 0.0% clients bandwidth-degraded | tick p50 5.61 p99 7.43 max 7.50 ms, 0 overruns | out 60.0k pps 336 kbps/client, 336 Mbps | in 30.0k pps 12 kbps/client | stand-ins: repeated 0.00% frozen 0.00%, 0 late inputs | per client-tick: 1333 B (near 341 B, 100% deltas), near 64.0 mid 86.0 far 0.0, far skipped 0 starved 0 | input wait p50 50.0 p99 66.5 ms | 0 joins deferred | kernel drops rcv 0 snd 0
         p50/p99 ms: ingress 0.35/0.63  events 0.09/0.17  movement 0.16/0.22  grid 0.06/0.07  history 0.00/0.00  serialize 0.04/0.07  assembly 2.29/2.90  transport 0.96/1.22  egress 1.76/2.29
[   45s] clients 1000 | level 0 (0-0 in window: 30 Hz, dilation 1.0), pace 1.00, 0.0% clients bandwidth-degraded | tick p50 5.56 p99 6.56 max 7.28 ms, 0 overruns | out 60.0k pps 336 kbps/client, 336 Mbps | in 30.0k pps 12 kbps/client | stand-ins: repeated 0.00% frozen 0.00%, 0 late inputs | per client-tick: 1333 B (near 341 B, 100% deltas), near 64.0 mid 86.0 far 0.0, far skipped 0 starved 0 | input wait p50 49.9 p99 66.4 ms | 0 joins deferred | kernel drops rcv 0 snd 0
         p50/p99 ms: ingress 0.34/0.49  events 0.09/0.18  movement 0.16/0.24  grid 0.06/0.08  history 0.00/0.00  serialize 0.05/0.07  assembly 2.29/2.88  transport 0.92/1.20  egress 1.66/2.29
[   50s] clients 1000 | level 0 (0-0 in window: 30 Hz, dilation 1.0), pace 1.00, 0.0% clients bandwidth-degraded | tick p50 5.63 p99 6.29 max 7.87 ms, 0 overruns | out 60.0k pps 336 kbps/client, 336 Mbps | in 30.0k pps 12 kbps/client | stand-ins: repeated 0.00% frozen 0.00%, 0 late inputs | per client-tick: 1334 B (near 342 B, 100% deltas), near 64.0 mid 86.0 far 0.0, far skipped 0 starved 0 | input wait p50 50.0 p99 66.4 ms | 0 joins deferred | kernel drops rcv 0 snd 0
         p50/p99 ms: ingress 0.34/0.59  events 0.09/0.17  movement 0.16/0.25  grid 0.06/0.07  history 0.00/0.00  serialize 0.05/0.07  assembly 2.26/2.83  transport 0.93/1.25  egress 1.77/2.29
[   55s] clients 1000 | level 0 (0-0 in window: 30 Hz, dilation 1.0), pace 1.00, 0.0% clients bandwidth-degraded | tick p50 5.69 p99 8.48 max 9.08 ms, 0 overruns | out 60.0k pps 336 kbps/client, 336 Mbps | in 30.0k pps 12 kbps/client | stand-ins: repeated 0.00% frozen 0.00%, 0 late inputs | per client-tick: 1334 B (near 342 B, 100% deltas), near 64.0 mid 86.0 far 0.0, far skipped 0 starved 0 | input wait p50 50.0 p99 66.5 ms | 0 joins deferred | kernel drops rcv 0 snd 0
         p50/p99 ms: ingress 0.34/0.83  events 0.09/0.17  movement 0.16/0.23  grid 0.06/0.07  history 0.00/0.00  serialize 0.04/0.07  assembly 2.29/2.83  transport 0.91/1.21  egress 1.75/4.31
[   60s] clients 1000 | level 0 (0-0 in window: 30 Hz, dilation 1.0), pace 1.00, 0.0% clients bandwidth-degraded | tick p50 5.63 p99 6.48 max 6.87 ms, 0 overruns | out 60.0k pps 336 kbps/client, 336 Mbps | in 30.0k pps 12 kbps/client | stand-ins: repeated 0.00% frozen 0.00%, 0 late inputs | per client-tick: 1333 B (near 341 B, 100% deltas), near 64.0 mid 86.0 far 0.0, far skipped 0 starved 0 | input wait p50 50.0 p99 66.4 ms | 0 joins deferred | kernel drops rcv 0 snd 0
         p50/p99 ms: ingress 0.35/0.61  events 0.09/0.16  movement 0.16/0.25  grid 0.05/0.07  history 0.00/0.00  serialize 0.04/0.06  assembly 2.27/2.70  transport 0.93/1.21  egress 1.71/2.17
[   60s] clients 0 | level 0 (0-0 in window: 30 Hz, dilation 1.0), pace 1.00, 0.0% clients bandwidth-degraded | tick p50 5.44 p99 6.48 max 6.48 ms, 0 overruns | out 49.3k pps 348 kbps/client, 280 Mbps | in 37.0k pps 14 kbps/client | stand-ins: repeated 0.00% frozen 0.00%, 0 late inputs | per client-tick: 1354 B (near 362 B, 96% deltas), near 64.0 mid 86.0 far 0.0, far skipped 0 starved 0 | input wait p50 50.8 p99 66.4 ms | 0 joins deferred | kernel drops rcv 0 snd 0
         p50/p99 ms: ingress 0.41/0.71  events 0.13/0.73  movement 0.15/0.19  grid 0.05/0.06  history 0.00/0.00  serialize 0.04/0.05  assembly 2.32/2.58  transport 0.72/1.01  egress 1.35/2.60

== summary: 1709 steady-state ticks (after warmup, before clients drain), peak 1000 clients ==
  phase        p50 ms   p99 ms   max ms
  ingress        0.35     0.66     1.01
  events         0.09     0.17     0.19
  movement       0.16     0.25     0.31
  grid           0.06     0.07     0.14
  history        0.00     0.00     0.02
  serialize      0.04     0.07     0.14
  assembly       2.28     2.85     3.30
  transport      0.94     1.25     1.44
  egress         1.74     2.29     8.22
  tick           5.64     6.87    13.02
  overruns 0 | spawns 1000 despawns 1000 (462 joins deferred) | stand-ins: repeated 0 frozen 0 | late inputs 0 discarded 0 | bad messages 0 | recv errors 0 send errors 0
  egress (whole run): 3596308 datagrams in 3596308 sends (1.00 per send), 115264 syscalls
  ticks per ladder level (whole run): L0: 1812
  input wait on the server (datagram arrival -> applied): p50 50.0 p99 66.4 max 68.0 mean 49.7 ms
  steady state: stand-ins repeated 0 frozen 0 | late inputs 0 discarded 0
