spawn=disk(25.0)
egress=sendmmsg
ladder=on
threads=64
shards=64
peak_clients=10000
steady_ticks=5831
steady_secs=237.0
ingress_p50_ms=0.86
ingress_p99_ms=1.96
ingress_max_ms=3.15
events_p50_ms=1.57
events_p99_ms=4.95
events_max_ms=5.24
movement_p50_ms=0.23
movement_p99_ms=0.39
movement_max_ms=0.69
grid_p50_ms=0.21
grid_p99_ms=0.38
grid_max_ms=0.42
history_p50_ms=0.00
history_p99_ms=0.01
history_max_ms=0.06
serialize_p50_ms=0.14
serialize_p99_ms=0.24
serialize_max_ms=0.53
assembly_p50_ms=12.50
assembly_p99_ms=41.12
assembly_max_ms=43.88
transport_p50_ms=1.11
transport_p99_ms=2.24
transport_max_ms=2.66
egress_p50_ms=2.51
egress_p99_ms=5.48
egress_max_ms=8.16
tick_p50_ms=19.26
tick_p99_ms=55.69
tick_max_ms=60.86
steady_overruns=0
level_mode=0
tick_hz=30
dilation=1
levels=L0:3759,L1:49,L2:31,L3:31,L4:104,L5:41,L6:730,L7:181,L8:905
clients_avg=5188
out_pps=255296
in_pps=161791
egress_mbps=1434.3
packets_per_client_tick=2.00
wire_bytes_per_client_tick=1404
down_kbps_per_client=276.5
up_kbps_per_client=12.5
kernel_rcvbuf_drops=0
kernel_sndbuf_drops=0
snapshot_bytes_per_client_tick=1340
near_bytes_per_client_tick=348
near_per_client_tick=50.5
mid_per_client_tick=86.0
far_per_client_tick=0.0
far_skipped=0
far_starved=0
repeated=8
frozen=0
late_inputs=8
discarded_inputs=0
input_wait_p50_ms=57.3
input_wait_p99_ms=101.6
spawns=10000
despawns=10000
joins_deferred=0
bad_messages=0
recv_errors=0
send_errors=0
datagrams=60505171
sends=60505171
send_syscalls=457911
