preallocated connections for 10000 clients in 218.597227ms
listening on 172.16.16.2:40500 | spawn Disk(25.0) | tiers near 64@150 m, mid 500 m, far 1500 m, budget 6250 B/tick, squads of 4 | 64 rayon threads, 64 shards, 256 accepts/tick, egress SendMmsg | socket buffers rcv 32768 KiB snd 32768 KiB
[    5s] clients 217 | level 0 (0-0 in window: 30 Hz, dilation 1.0), pace 1.00, 0.0% clients bandwidth-degraded | tick p50 1.00 p99 1.74 max 1.94 ms, 0 overruns | out 2.9k pps 145 kbps/client, 14 Mbps | in 2.9k pps 14 kbps/client | stand-ins: repeated 0.00% frozen 0.00%, 0 late inputs | per client-tick: 563 B (near 346 B, 96% deltas), near 62.1 mid 16.3 far 0.0, far skipped 0 starved 0 | input wait p50 49.0 p99 65.7 ms | 0 joins deferred | kernel drops rcv 0 snd 0
         p50/p99 ms: ingress 0.33/0.60  events 0.07/0.13  movement 0.01/0.02  grid 0.06/0.09  history 0.00/0.00  serialize 0.01/0.02  assembly 0.27/0.93  transport 0.09/0.18  egress 0.12/0.20
[   10s] clients 466 | level 0 (0-0 in window: 30 Hz, dilation 1.0), pace 1.00, 0.0% clients bandwidth-degraded | tick p50 1.70 p99 2.15 max 2.29 ms, 0 overruns | out 17.5k pps 306 kbps/client, 105 Mbps | in 10.3k pps 13 kbps/client | stand-ins: repeated 0.00% frozen 0.00%, 0 late inputs | per client-tick: 1220 B (near 349 B, 97% deltas), near 64.0 mid 75.2 far 0.0, far skipped 0 starved 0 | input wait p50 49.0 p99 65.6 ms | 0 joins deferred | kernel drops rcv 0 snd 0
         p50/p99 ms: ingress 0.35/0.43  events 0.15/0.20  movement 0.03/0.05  grid 0.06/0.07  history 0.00/0.00  serialize 0.02/0.05  assembly 0.53/0.79  transport 0.17/0.31  egress 0.38/0.51
[   15s] clients 717 | level 0 (0-0 in window: 30 Hz, dilation 1.0), pace 1.00, 0.0% clients bandwidth-degraded | tick p50 2.31 p99 2.82 max 2.82 ms, 0 overruns | out 35.7k pps 338 kbps/client, 201 Mbps | in 17.8k pps 12 kbps/client | stand-ins: repeated 0.00% frozen 0.00%, 0 late inputs | per client-tick: 1345 B (near 353 B, 97% deltas), near 64.0 mid 86.0 far 0.0, far skipped 0 starved 0 | input wait p50 49.0 p99 65.6 ms | 0 joins deferred | kernel drops rcv 0 snd 0
         p50/p99 ms: ingress 0.35/0.42  events 0.21/0.26  movement 0.09/0.12  grid 0.06/0.07  history 0.00/0.01  serialize 0.04/0.06  assembly 0.78/1.07  transport 0.21/0.35  egress 0.57/0.66
[   20s] clients 968 | level 0 (0-0 in window: 30 Hz, dilation 1.0), pace 1.00, 0.0% clients bandwidth-degraded | tick p50 3.01 p99 3.77 max 3.82 ms, 0 overruns | out 50.7k pps 340 kbps/client, 286 Mbps | in 25.3k pps 12 kbps/client | stand-ins: repeated 0.00% frozen 0.00%, 0 late inputs | per client-tick: 1351 B (near 359 B, 97% deltas), near 64.0 mid 86.0 far 0.0, far skipped 0 starved 0 | input wait p50 49.0 p99 65.6 ms | 0 joins deferred | kernel drops rcv 0 snd 0
         p50/p99 ms: ingress 0.36/0.48  events 0.28/0.34  movement 0.12/0.14  grid 0.07/0.07  history 0.00/0.01  serialize 0.05/0.08  assembly 1.19/1.53  transport 0.30/0.41  egress 0.66/0.90
[   25s] clients 1217 | level 0 (0-0 in window: 30 Hz, dilation 1.0), pace 1.00, 0.0% clients bandwidth-degraded | tick p50 3.93 p99 4.40 max 4.43 ms, 0 overruns | out 65.6k pps 341 kbps/client, 373 Mbps | in 32.8k pps 12 kbps/client | stand-ins: repeated 0.00% frozen 0.00%, 0 late inputs | per client-tick: 1356 B (near 364 B, 96% deltas), near 64.0 mid 86.0 far 0.0, far skipped 0 starved 0 | input wait p50 50.0 p99 65.7 ms | 0 joins deferred | kernel drops rcv 0 snd 0
         p50/p99 ms: ingress 0.40/0.50  events 0.35/0.43  movement 0.12/0.15  grid 0.08/0.09  history 0.00/0.01  serialize 0.07/0.12  assembly 1.57/1.97  transport 0.37/0.53  egress 0.94/1.05
[   30s] clients 1467 | level 0 (0-0 in window: 30 Hz, dilation 1.0), pace 1.00, 0.0% clients bandwidth-degraded | tick p50 4.52 p99 5.29 max 5.45 ms, 0 overruns | out 80.6k pps 342 kbps/client, 459 Mbps | in 40.3k pps 12 kbps/client | stand-ins: repeated 0.00% frozen 0.00%, 0 late inputs | per client-tick: 1361 B (near 369 B, 96% deltas), near 64.0 mid 86.0 far 0.0, far skipped 0 starved 0 | input wait p50 50.0 p99 66.4 ms | 0 joins deferred | kernel drops rcv 0 snd 0
         p50/p99 ms: ingress 0.45/0.53  events 0.41/0.47  movement 0.13/0.16  grid 0.09/0.10  history 0.00/0.01  serialize 0.09/0.14  assembly 1.97/2.47  transport 0.42/0.51  egress 1.01/1.24
[   35s] clients 1715 | level 0 (0-0 in window: 30 Hz, dilation 1.0), pace 1.00, 0.0% clients bandwidth-degraded | tick p50 5.35 p99 6.13 max 6.13 ms, 0 overruns | out 95.6k pps 343 kbps/client, 547 Mbps | in 47.8k pps 12 kbps/client | stand-ins: repeated 0.00% frozen 0.00%, 0 late inputs | per client-tick: 1365 B (near 373 B, 96% deltas), near 64.0 mid 86.0 far 0.0, far skipped 0 starved 0 | input wait p50 50.0 p99 66.4 ms | 0 joins deferred | kernel drops rcv 0 snd 0
         p50/p99 ms: ingress 0.46/0.57  events 0.47/0.53  movement 0.15/0.20  grid 0.09/0.10  history 0.00/0.01  serialize 0.11/0.16  assembly 2.40/3.08  transport 0.48/0.59  egress 1.18/1.41
[   40s] clients 1967 | level 0 (0-0 in window: 30 Hz, dilation 1.0), pace 1.00, 0.0% clients bandwidth-degraded | tick p50 6.01 p99 7.38 max 7.42 ms, 0 overruns | out 110.6k pps 344 kbps/client, 634 Mbps | in 55.3k pps 12 kbps/client | stand-ins: repeated 0.00% frozen 0.00%, 0 late inputs | per client-tick: 1368 B (near 376 B, 95% deltas), near 64.0 mid 86.0 far 0.0, far skipped 0 starved 0 | input wait p50 50.0 p99 66.4 ms | 0 joins deferred | kernel drops rcv 0 snd 0
         p50/p99 ms: ingress 0.50/0.72  events 0.54/0.60  movement 0.17/0.20  grid 0.10/0.11  history 0.00/0.01  serialize 0.12/0.17  assembly 2.83/3.90  transport 0.54/0.62  egress 1.30/1.60
[   45s] clients 2216 | level 0 (0-0 in window: 30 Hz, dilation 1.0), pace 1.00, 0.0% clients bandwidth-degraded | tick p50 6.92 p99 8.17 max 8.41 ms, 0 overruns | out 125.6k pps 345 kbps/client, 721 Mbps | in 62.8k pps 12 kbps/client | stand-ins: repeated 0.00% frozen 0.00%, 0 late inputs | per client-tick: 1371 B (near 379 B, 95% deltas), near 64.0 mid 86.0 far 0.0, far skipped 0 starved 0 | input wait p50 50.0 p99 66.3 ms | 0 joins deferred | kernel drops rcv 0 snd 0
         p50/p99 ms: ingress 0.53/0.71  events 0.61/0.69  movement 0.16/0.20  grid 0.10/0.12  history 0.00/0.01  serialize 0.10/0.18  assembly 3.33/4.39  transport 0.59/0.68  egress 1.51/1.72
[   50s] clients 2467 | level 0 (0-0 in window: 30 Hz, dilation 1.0), pace 1.00, 0.0% clients bandwidth-degraded | tick p50 7.77 p99 8.65 max 8.85 ms, 0 overruns | out 140.6k pps 345 kbps/client, 809 Mbps | in 70.3k pps 12 kbps/client | stand-ins: repeated 0.00% frozen 0.00%, 0 late inputs | per client-tick: 1374 B (near 382 B, 95% deltas), near 64.0 mid 86.0 far 0.0, far skipped 0 starved 0 | input wait p50 50.0 p99 66.4 ms | 0 joins deferred | kernel drops rcv 0 snd 0
         p50/p99 ms: ingress 0.56/0.74  events 0.67/0.74  movement 0.16/0.20  grid 0.11/0.12  history 0.00/0.01  serialize 0.10/0.14  assembly 3.87/4.64  transport 0.64/0.72  egress 1.68/1.95
[   55s] clients 2719 | level 0 (0-0 in window: 30 Hz, dilation 1.0), pace 1.00, 0.0% clients bandwidth-degraded | tick p50 8.58 p99 9.71 max 9.78 ms, 0 overruns | out 155.7k pps 346 kbps/client, 897 Mbps | in 77.8k pps 12 kbps/client | stand-ins: repeated 0.00% frozen 0.00%, 0 late inputs | per client-tick: 1376 B (near 384 B, 94% deltas), near 64.0 mid 86.0 far 0.0, far skipped 0 starved 0 | input wait p50 50.0 p99 66.4 ms | 0 joins deferred | kernel drops rcv 0 snd 0
         p50/p99 ms: ingress 0.60/0.83  events 0.73/0.80  movement 0.16/0.20  grid 0.12/0.13  history 0.00/0.01  serialize 0.11/0.17  assembly 4.46/5.38  transport 0.69/0.78  egress 1.81/2.09
[   60s] clients 2968 | level 0 (0-0 in window: 30 Hz, dilation 1.0), pace 1.00, 0.0% clients bandwidth-degraded | tick p50 9.42 p99 10.31 max 10.64 ms, 0 overruns | out 170.7k pps 346 kbps/client, 985 Mbps | in 85.4k pps 12 kbps/client | stand-ins: repeated 0.00% frozen 0.00%, 0 late inputs | per client-tick: 1378 B (near 386 B, 94% deltas), near 64.0 mid 86.0 far 0.0, far skipped 0 starved 0 | input wait p50 50.0 p99 66.4 ms | 0 joins deferred | kernel drops rcv 0 snd 0
         p50/p99 ms: ingress 0.64/0.75  events 0.79/0.85  movement 0.17/0.22  grid 0.13/0.14  history 0.00/0.01  serialize 0.11/0.16  assembly 5.12/5.87  transport 0.74/0.85  egress 1.65/2.28
[   65s] clients 3219 | level 0 (0-0 in window: 30 Hz, dilation 1.0), pace 1.00, 0.0% clients bandwidth-degraded | tick p50 10.61 p99 11.68 max 11.77 ms, 0 overruns | out 185.7k pps 347 kbps/client, 1073 Mbps | in 92.9k pps 12 kbps/client | stand-ins: repeated 0.00% frozen 0.00%, 0 late inputs | per client-tick: 1381 B (near 389 B, 94% deltas), near 64.0 mid 86.0 far 0.0, far skipped 0 starved 0 | input wait p50 49.9 p99 66.3 ms | 0 joins deferred | kernel drops rcv 0 snd 0
         p50/p99 ms: ingress 0.67/0.81  events 0.85/0.99  movement 0.19/0.23  grid 0.13/0.14  history 0.00/0.01  serialize 0.11/0.17  assembly 5.91/6.71  transport 0.79/0.91  egress 1.85/2.44
[   70s] clients 3466 | level 0 (0-0 in window: 30 Hz, dilation 1.0), pace 1.00, 0.0% clients bandwidth-degraded | tick p50 11.62 p99 12.84 max 13.93 ms, 0 overruns | out 200.7k pps 347 kbps/client, 1161 Mbps | in 100.4k pps 12 kbps/client | stand-ins: repeated 0.00% frozen 0.00%, 0 late inputs | per client-tick: 1383 B (near 391 B, 94% deltas), near 64.0 mid 86.0 far 0.0, far skipped 0 starved 0 | input wait p50 49.9 p99 66.1 ms | 0 joins deferred | kernel drops rcv 0 snd 0
         p50/p99 ms: ingress 0.69/0.91  events 0.99/1.07  movement 0.18/0.23  grid 0.14/0.15  history 0.00/0.01  serialize 0.12/0.18  assembly 6.57/7.53  transport 0.82/0.92  egress 2.21/2.60
[   75s] clients 3721 | level 0 (0-0 in window: 30 Hz, dilation 1.0), pace 1.00, 0.0% clients bandwidth-degraded | tick p50 12.41 p99 13.67 max 14.36 ms, 0 overruns | out 215.8k pps 348 kbps/client, 1250 Mbps | in 107.9k pps 12 kbps/client | stand-ins: repeated 0.00% frozen 0.00%, 0 late inputs | per client-tick: 1385 B (near 393 B, 93% deltas), near 64.0 mid 86.0 far 0.0, far skipped 0 starved 0 | input wait p50 49.9 p99 66.1 ms | 0 joins deferred | kernel drops rcv 0 snd 0
         p50/p99 ms: ingress 0.73/0.92  events 1.08/1.19  movement 0.18/0.22  grid 0.15/0.16  history 0.00/0.01  serialize 0.12/0.17  assembly 7.25/8.51  transport 0.87/0.96  egress 1.84/2.67
[   80s] clients 3968 | level 0 (0-0 in window: 30 Hz, dilation 1.0), pace 1.00, 0.0% clients bandwidth-degraded | tick p50 13.30 p99 14.41 max 14.67 ms, 0 overruns | out 230.8k pps 348 kbps/client, 1339 Mbps | in 115.4k pps 12 kbps/client | stand-ins: repeated 0.00% frozen 0.00%, 0 late inputs | per client-tick: 1386 B (near 394 B, 93% deltas), near 64.0 mid 86.0 far 0.0, far skipped 0 starved 0 | input wait p50 49.9 p99 66.0 ms | 0 joins deferred | kernel drops rcv 0 snd 0
         p50/p99 ms: ingress 0.75/1.05  events 1.16/1.29  movement 0.19/0.23  grid 0.15/0.16  history 0.00/0.01  serialize 0.13/0.19  assembly 8.07/9.16  transport 0.92/1.05  egress 1.82/2.49
[   85s] clients 4220 | level 0 (0-0 in window: 30 Hz, dilation 1.0), pace 1.00, 0.0% clients bandwidth-degraded | tick p50 14.46 p99 15.94 max 16.10 ms, 0 overruns | out 245.8k pps 349 kbps/client, 1428 Mbps | in 122.9k pps 12 kbps/client | stand-ins: repeated 0.00% frozen 0.00%, 0 late inputs | per client-tick: 1388 B (near 396 B, 93% deltas), near 64.0 mid 86.0 far 0.0, far skipped 0 starved 0 | input wait p50 49.9 p99 66.0 ms | 0 joins deferred | kernel drops rcv 0 snd 0
         p50/p99 ms: ingress 0.78/1.07  events 1.26/1.44  movement 0.20/0.24  grid 0.17/0.20  history 0.00/0.01  serialize 0.14/0.19  assembly 8.95/9.87  transport 0.96/1.06  egress 1.86/2.65
[   90s] clients 4471 | level 0 (0-0 in window: 30 Hz, dilation 1.0), pace 1.00, 0.0% clients bandwidth-degraded | tick p50 15.71 p99 17.50 max 18.32 ms, 0 overruns | out 260.6k pps 349 kbps/client, 1516 Mbps | in 130.4k pps 12 kbps/client | stand-ins: repeated 0.00% frozen 0.00%, 0 late inputs | per client-tick: 1390 B (near 398 B, 93% deltas), near 64.0 mid 86.0 far 0.0, far skipped 0 starved 0 | input wait p50 49.9 p99 66.0 ms | 0 joins deferred | kernel drops rcv 0 snd 0
         p50/p99 ms: ingress 0.80/1.14  events 1.36/1.47  movement 0.22/0.25  grid 0.20/0.21  history 0.00/0.01  serialize 0.14/0.19  assembly 9.71/10.91  transport 1.01/1.09  egress 2.20/2.92
[   95s] clients 4720 | level 0 (0-0 in window: 30 Hz, dilation 1.0), pace 1.00, 0.0% clients bandwidth-degraded | tick p50 17.06 p99 18.48 max 18.65 ms, 0 overruns | out 275.8k pps 350 kbps/client, 1607 Mbps | in 137.9k pps 12 kbps/client | stand-ins: repeated 0.00% frozen 0.00%, 0 late inputs | per client-tick: 1392 B (near 400 B, 93% deltas), near 64.0 mid 86.0 far 0.0, far skipped 0 starved 0 | input wait p50 49.7 p99 65.9 ms | 0 joins deferred | kernel drops rcv 0 snd 0
         p50/p99 ms: ingress 0.81/0.93  events 1.43/1.61  movement 0.22/0.26  grid 0.20/0.22  history 0.00/0.01  serialize 0.14/0.19  assembly 10.65/11.98  transport 1.04/1.16  egress 2.47/3.25
[  100s] clients 4972 | level 0 (0-0 in window: 30 Hz, dilation 1.0), pace 1.00, 0.0% clients bandwidth-degraded | tick p50 18.45 p99 20.61 max 20.65 ms, 0 overruns | out 290.8k pps 350 kbps/client, 1696 Mbps | in 145.5k pps 12 kbps/client | stand-ins: repeated 0.00% frozen 0.00%, 0 late inputs | per client-tick: 1394 B (near 402 B, 92% deltas), near 64.0 mid 86.0 far 0.0, far skipped 0 starved 0 | input wait p50 49.5 p99 65.9 ms | 0 joins deferred | kernel drops rcv 0 snd 0
         p50/p99 ms: ingress 0.83/0.95  events 1.52/1.70  movement 0.22/0.27  grid 0.21/0.23  history 0.00/0.01  serialize 0.14/0.20  assembly 11.81/13.75  transport 1.10/1.18  egress 2.54/3.45
[  105s] clients 5220 | level 0 (0-0 in window: 30 Hz, dilation 1.0), pace 1.00, 0.0% clients bandwidth-degraded | tick p50 19.54 p99 21.45 max 21.50 ms, 0 overruns | out 305.9k pps 350 kbps/client, 1786 Mbps | in 152.9k pps 12 kbps/client | stand-ins: repeated 0.00% frozen 0.00%, 0 late inputs | per client-tick: 1395 B (near 403 B, 92% deltas), near 64.0 mid 86.0 far 0.0, far skipped 0 starved 0 | input wait p50 49.8 p99 65.9 ms | 0 joins deferred | kernel drops rcv 0 snd 0
         p50/p99 ms: ingress 0.86/0.97  events 1.59/1.82  movement 0.23/0.27  grid 0.21/0.23  history 0.00/0.01  serialize 0.14/0.22  assembly 12.85/14.49  transport 1.13/1.25  egress 2.51/3.33
[  110s] clients 5472 | level 0 (0-0 in window: 30 Hz, dilation 1.0), pace 1.00, 0.0% clients bandwidth-degraded | tick p50 20.75 p99 22.16 max 22.68 ms, 0 overruns | out 320.8k pps 351 kbps/client, 1876 Mbps | in 160.4k pps 12 kbps/client | stand-ins: repeated 0.00% frozen 0.00%, 0 late inputs | per client-tick: 1397 B (near 405 B, 92% deltas), near 64.0 mid 86.0 far 0.0, far skipped 0 starved 0 | input wait p50 49.9 p99 65.9 ms | 0 joins deferred | kernel drops rcv 0 snd 0
         p50/p99 ms: ingress 0.89/0.98  events 1.68/1.89  movement 0.23/0.27  grid 0.22/0.24  history 0.00/0.01  serialize 0.15/0.23  assembly 13.85/15.00  transport 1.15/1.25  egress 2.60/3.33
[  115s] clients 5720 | level 0 (0-0 in window: 30 Hz, dilation 1.0), pace 1.00, 0.0% clients bandwidth-degraded | tick p50 22.23 p99 24.32 max 24.50 ms, 0 overruns | out 335.9k pps 351 kbps/client, 1966 Mbps | in 167.9k pps 12 kbps/client | stand-ins: repeated 0.00% frozen 0.00%, 0 late inputs | per client-tick: 1399 B (near 407 B, 92% deltas), near 64.0 mid 86.0 far 0.0, far skipped 0 starved 0 | input wait p50 49.9 p99 65.8 ms | 0 joins deferred | kernel drops rcv 0 snd 0
         p50/p99 ms: ingress 0.93/1.05  events 1.76/1.94  movement 0.24/0.28  grid 0.23/0.25  history 0.00/0.01  serialize 0.14/0.21  assembly 15.03/16.58  transport 1.21/1.33  egress 2.69/3.51
[  120s] clients 5970 | level 0 (0-0 in window: 30 Hz, dilation 1.0), pace 1.00, 0.0% clients bandwidth-degraded | tick p50 23.74 p99 25.43 max 26.15 ms, 0 overruns | out 350.7k pps 352 kbps/client, 2055 Mbps | in 175.4k pps 12 kbps/client | stand-ins: repeated 0.00% frozen 0.00%, 0 late inputs | per client-tick: 1400 B (near 408 B, 92% deltas), near 64.0 mid 86.0 far 0.0, far skipped 0 starved 0 | input wait p50 49.9 p99 65.8 ms | 0 joins deferred | kernel drops rcv 0 snd 0
         p50/p99 ms: ingress 0.94/1.07  events 1.84/2.02  movement 0.25/0.28  grid 0.24/0.25  history 0.01/0.01  serialize 0.15/0.24  assembly 16.13/18.01  transport 1.24/1.34  egress 2.79/3.59
[  125s] clients 6223 | level 0 (0-0 in window: 30 Hz, dilation 1.0), pace 1.00, 0.0% clients bandwidth-degraded | tick p50 25.12 p99 26.77 max 27.06 ms, 0 overruns | out 365.8k pps 352 kbps/client, 2145 Mbps | in 183.0k pps 12 kbps/client | stand-ins: repeated 0.00% frozen 0.00%, 0 late inputs | per client-tick: 1401 B (near 409 B, 91% deltas), near 64.0 mid 86.0 far 0.0, far skipped 0 starved 0 | input wait p50 49.9 p99 65.8 ms | 0 joins deferred | kernel drops rcv 0 snd 0
         p50/p99 ms: ingress 0.98/1.14  events 1.89/2.11  movement 0.25/0.30  grid 0.24/0.27  history 0.01/0.01  serialize 0.16/0.22  assembly 17.36/19.38  transport 1.29/1.41  egress 2.78/3.44
[  130s] clients 6470 | level 1 (0-1 in window: 30 Hz, dilation 1.0), pace 1.00, 0.0% clients bandwidth-degraded | tick p50 26.57 p99 29.38 max 29.77 ms, 0 overruns | out 380.9k pps 352 kbps/client, 2236 Mbps | in 190.4k pps 12 kbps/client | stand-ins: repeated 0.00% frozen 0.00%, 0 late inputs | per client-tick: 1403 B (near 411 B, 91% deltas), near 64.0 mid 86.0 far 0.0, far skipped 0 starved 0 | input wait p50 50.0 p99 65.8 ms | 0 joins deferred | kernel drops rcv 0 snd 0
         p50/p99 ms: ingress 1.01/1.22  events 1.96/2.26  movement 0.26/0.31  grid 0.26/0.28  history 0.01/0.01  serialize 0.16/0.35  assembly 18.85/21.02  transport 1.33/1.46  egress 2.75/3.82
[  135s] clients 6724 | level 4 (1-4 in window: 30 Hz, dilation 1.0), pace 1.00, 0.0% clients bandwidth-degraded | tick p50 27.18 p99 29.43 max 29.62 ms, 0 overruns | out 396.0k pps 342 kbps/client, 2256 Mbps | in 197.9k pps 12 kbps/client | stand-ins: repeated 0.00% frozen 0.00%, 0 late inputs | per client-tick: 1360 B (near 368 B, 90% deltas), near 56.1 mid 86.0 far 0.0, far skipped 0 starved 0 | input wait p50 50.0 p99 65.8 ms | 0 joins deferred | kernel drops rcv 0 snd 0
         p50/p99 ms: ingress 1.01/1.16  events 2.08/2.49  movement 0.26/0.51  grid 0.26/0.29  history 0.01/0.01  serialize 0.16/0.33  assembly 19.12/21.04  transport 1.39/1.54  egress 2.91/3.69
[  140s] clients 6973 | level 6 (4-6 in window: 20 Hz, dilation 1.0), pace 1.00, 0.0% clients bandwidth-degraded | tick p50 28.06 p99 31.15 max 31.28 ms, 0 overruns | out 337.8k pps 267 kbps/client, 1826 Mbps | in 205.5k pps 12 kbps/client | stand-ins: repeated 0.00% frozen 0.00%, 0 late inputs | per client-tick: 1287 B (near 295 B, 86% deltas), near 41.9 mid 86.0 far 0.0, far skipped 0 starved 0 | input wait p50 53.3 p99 82.9 ms | 0 joins deferred | kernel drops rcv 0 snd 0
         p50/p99 ms: ingress 1.06/2.10  events 2.21/3.15  movement 0.26/0.33  grid 0.26/0.28  history 0.01/0.01  serialize 0.14/0.19  assembly 19.33/20.99  transport 1.42/1.54  egress 3.19/4.11
[  145s] clients 7220 | level 6 (6-6 in window: 20 Hz, dilation 1.0), pace 1.00, 0.0% clients bandwidth-degraded | tick p50 30.35 p99 32.71 max 33.12 ms, 0 overruns | out 283.9k pps 217 kbps/client, 1538 Mbps | in 211.6k pps 12 kbps/client | stand-ins: repeated 0.00% frozen 0.00%, 2 late inputs | per client-tick: 1290 B (near 298 B, 82% deltas), near 40.0 mid 86.0 far 0.0, far skipped 0 starved 0 | input wait p50 54.5 p99 83.6 ms | 0 joins deferred | kernel drops rcv 0 snd 0
         p50/p99 ms: ingress 1.47/1.69  events 2.89/3.09  movement 0.28/0.33  grid 0.26/0.29  history 0.01/0.01  serialize 0.14/0.20  assembly 20.56/22.74  transport 1.46/1.56  egress 3.48/4.22
[  150s] clients 7473 | level 6 (6-6 in window: 20 Hz, dilation 1.0), pace 1.00, 0.0% clients bandwidth-degraded | tick p50 31.25 p99 33.11 max 33.98 ms, 0 overruns | out 294.0k pps 217 kbps/client, 1595 Mbps | in 219.0k pps 12 kbps/client | stand-ins: repeated 0.00% frozen 0.00%, 0 late inputs | per client-tick: 1292 B (near 300 B, 81% deltas), near 40.0 mid 86.0 far 0.0, far skipped 0 starved 0 | input wait p50 53.7 p99 83.3 ms | 0 joins deferred | kernel drops rcv 0 snd 0
         p50/p99 ms: ingress 1.53/1.73  events 3.07/3.28  movement 0.28/0.34  grid 0.27/0.29  history 0.01/0.01  serialize 0.14/0.18  assembly 21.91/23.51  transport 1.49/1.62  egress 2.53/3.13
[  155s] clients 7723 | level 6 (6-6 in window: 20 Hz, dilation 1.0), pace 1.00, 0.0% clients bandwidth-degraded | tick p50 33.23 p99 36.09 max 37.25 ms, 0 overruns | out 303.8k pps 217 kbps/client, 1650 Mbps | in 226.4k pps 12 kbps/client | stand-ins: repeated 0.00% frozen 0.00%, 1 late inputs | per client-tick: 1294 B (near 302 B, 81% deltas), near 40.0 mid 86.0 far 0.0, far skipped 0 starved 0 | input wait p50 53.9 p99 82.9 ms | 0 joins deferred | kernel drops rcv 0 snd 0
         p50/p99 ms: ingress 1.62/1.81  events 3.21/3.44  movement 0.28/0.33  grid 0.27/0.29  history 0.01/0.02  serialize 0.14/0.18  assembly 23.42/24.88  transport 1.56/1.71  egress 2.67/4.71
[  160s] clients 7971 | level 6 (6-6 in window: 20 Hz, dilation 1.0), pace 1.00, 0.0% clients bandwidth-degraded | tick p50 35.82 p99 38.62 max 38.72 ms, 0 overruns | out 314.0k pps 218 kbps/client, 1708 Mbps | in 233.9k pps 12 kbps/client | stand-ins: repeated 0.00% frozen 0.00%, 0 late inputs | per client-tick: 1296 B (near 304 B, 81% deltas), near 40.0 mid 86.0 far 0.0, far skipped 0 starved 0 | input wait p50 53.9 p99 82.2 ms | 0 joins deferred | kernel drops rcv 0 snd 0
         p50/p99 ms: ingress 1.61/1.80  events 3.34/3.52  movement 0.28/0.33  grid 0.27/0.31  history 0.01/0.01  serialize 0.14/0.19  assembly 24.91/26.92  transport 1.58/1.71  egress 3.55/4.63
[  165s] clients 8223 | level 6 (6-6 in window: 20 Hz, dilation 1.0), pace 1.00, 0.0% clients bandwidth-degraded | tick p50 37.73 p99 40.16 max 40.27 ms, 0 overruns | out 323.7k pps 218 kbps/client, 1763 Mbps | in 241.4k pps 12 kbps/client | stand-ins: repeated 0.00% frozen 0.00%, 1 late inputs | per client-tick: 1297 B (near 305 B, 80% deltas), near 40.0 mid 86.0 far 0.0, far skipped 0 starved 0 | input wait p50 53.8 p99 82.1 ms | 0 joins deferred | kernel drops rcv 0 snd 0
         p50/p99 ms: ingress 1.63/1.85  events 3.46/3.65  movement 0.29/0.34  grid 0.28/0.32  history 0.01/0.01  serialize 0.15/0.23  assembly 26.58/28.71  transport 1.64/1.75  egress 3.67/4.83
[  170s] clients 8476 | level 6 (6-6 in window: 20 Hz, dilation 1.0), pace 1.00, 0.0% clients bandwidth-degraded | tick p50 39.18 p99 41.01 max 41.09 ms, 0 overruns | out 334.1k pps 218 kbps/client, 1822 Mbps | in 248.9k pps 12 kbps/client | stand-ins: repeated 0.00% frozen 0.00%, 0 late inputs | per client-tick: 1299 B (near 307 B, 80% deltas), near 40.0 mid 86.0 far 0.0, far skipped 0 starved 0 | input wait p50 53.7 p99 82.2 ms | 0 joins deferred | kernel drops rcv 0 snd 0
         p50/p99 ms: ingress 1.68/1.83  events 3.55/3.73  movement 0.31/0.36  grid 0.31/0.33  history 0.01/0.01  serialize 0.19/0.24  assembly 27.96/29.81  transport 1.69/1.84  egress 3.49/4.45
[  175s] clients 8726 | level 7 (6-7 in window: 20 Hz, dilation 0.9), pace 0.90, 0.0% clients bandwidth-degraded | tick p50 41.29 p99 44.67 max 44.67 ms, 0 overruns | out 335.4k pps 213 kbps/client, 1831 Mbps | in 250.1k pps 12 kbps/client | stand-ins: repeated 0.00% frozen 0.00%, 0 late inputs | per client-tick: 1300 B (near 308 B, 80% deltas), near 40.0 mid 86.0 far 0.0, far skipped 0 starved 0 | input wait p50 57.5 p99 92.2 ms | 0 joins deferred | kernel drops rcv 0 snd 0
         p50/p99 ms: ingress 1.66/2.11  events 3.62/4.03  movement 0.32/0.37  grid 0.31/0.33  history 0.01/0.06  serialize 0.19/0.23  assembly 29.61/31.62  transport 1.71/1.92  egress 3.74/5.25
[  180s] clients 8977 | level 7 (7-7 in window: 20 Hz, dilation 0.9), pace 0.90, 0.0% clients bandwidth-degraded | tick p50 43.64 p99 45.49 max 45.49 ms, 0 overruns | out 318.9k pps 197 kbps/client, 1742 Mbps | in 239.4k pps 11 kbps/client | stand-ins: repeated 0.00% frozen 0.00%, 2 late inputs | per client-tick: 1302 B (near 310 B, 79% deltas), near 40.0 mid 86.0 far 0.0, far skipped 0 starved 0 | input wait p50 66.0 p99 96.9 ms | 0 joins deferred | kernel drops rcv 0 snd 0
         p50/p99 ms: ingress 1.82/2.17  events 3.84/4.11  movement 0.32/0.39  grid 0.32/0.34  history 0.01/0.01  serialize 0.20/0.23  assembly 31.20/33.58  transport 1.77/1.91  egress 3.95/5.39
[  185s] clients 9228 | level 8 (7-8 in window: 20 Hz, dilation 0.8), pace 0.80, 0.0% clients bandwidth-degraded | tick p50 45.32 p99 49.38 max 49.38 ms, 0 overruns | out 318.6k pps 191 kbps/client, 1743 Mbps | in 239.3k pps 11 kbps/client | stand-ins: repeated 0.00% frozen 0.00%, 0 late inputs | per client-tick: 1303 B (near 311 B, 79% deltas), near 40.0 mid 86.0 far 0.0, far skipped 0 starved 0 | input wait p50 70.6 p99 110.2 ms | 0 joins deferred | kernel drops rcv 0 snd 0
         p50/p99 ms: ingress 1.75/3.15  events 3.94/4.41  movement 0.32/0.39  grid 0.33/0.35  history 0.01/0.05  serialize 0.19/0.27  assembly 32.72/35.90  transport 1.80/1.95  egress 4.18/6.45
[  190s] clients 9480 | level 8 (8-8 in window: 20 Hz, dilation 0.8), pace 0.80, 0.0% clients bandwidth-degraded | tick p50 47.63 p99 50.00 max 50.00 ms, 0 overruns | out 299.3k pps 175 kbps/client, 1638 Mbps | in 224.3k pps 10 kbps/client | stand-ins: repeated 0.00% frozen 0.00%, 0 late inputs | per client-tick: 1304 B (near 312 B, 79% deltas), near 40.0 mid 86.0 far 0.0, far skipped 0 starved 0 | input wait p50 75.4 p99 105.8 ms | 0 joins deferred | kernel drops rcv 0 snd 0
         p50/p99 ms: ingress 1.76/2.02  events 4.03/4.36  movement 0.34/0.41  grid 0.33/0.35  history 0.01/0.01  serialize 0.20/0.25  assembly 34.63/36.62  transport 1.85/2.11  egress 4.55/5.61
[  195s] clients 9729 | level 8 (8-8 in window: 20 Hz, dilation 0.8), pace 0.80, 0.0% clients bandwidth-degraded | tick p50 49.96 p99 53.46 max 53.46 ms, 0 overruns | out 307.3k pps 175 kbps/client, 1684 Mbps | in 230.6k pps 10 kbps/client | stand-ins: repeated 0.00% frozen 0.00%, 0 late inputs | per client-tick: 1306 B (near 314 B, 78% deltas), near 40.0 mid 86.0 far 0.0, far skipped 0 starved 0 | input wait p50 74.9 p99 104.5 ms | 0 joins deferred | kernel drops rcv 0 snd 0
         p50/p99 ms: ingress 1.77/2.04  events 4.12/4.39  movement 0.34/0.39  grid 0.35/0.36  history 0.01/0.02  serialize 0.20/0.24  assembly 36.17/39.61  transport 1.99/2.18  egress 4.90/5.65
[  200s] clients 9977 | level 8 (8-8 in window: 20 Hz, dilation 0.8), pace 0.80, 0.0% clients bandwidth-degraded | tick p50 51.85 p99 56.51 max 56.51 ms, 0 overruns | out 315.2k pps 175 kbps/client, 1729 Mbps | in 236.6k pps 10 kbps/client | stand-ins: repeated 0.00% frozen 0.00%, 2 late inputs | per client-tick: 1308 B (near 316 B, 78% deltas), near 40.0 mid 86.0 far 0.0, far skipped 0 starved 0 | input wait p50 75.4 p99 103.8 ms | 0 joins deferred | kernel drops rcv 0 snd 0
         p50/p99 ms: ingress 1.80/1.99  events 4.18/4.54  movement 0.33/0.39  grid 0.35/0.38  history 0.01/0.01  serialize 0.20/0.26  assembly 37.90/41.71  transport 2.06/2.24  egress 4.95/5.86
[  205s] clients 10000 | level 8 (8-8 in window: 20 Hz, dilation 0.8), pace 0.80, 0.0% clients bandwidth-degraded | tick p50 53.38 p99 57.28 max 57.28 ms, 0 overruns | out 320.1k pps 176 kbps/client, 1758 Mbps | in 239.8k pps 10 kbps/client | stand-ins: repeated 0.00% frozen 0.00%, 0 late inputs | per client-tick: 1308 B (near 316 B, 78% deltas), near 40.0 mid 86.0 far 0.0, far skipped 0 starved 0 | input wait p50 75.7 p99 103.2 ms | 0 joins deferred | kernel drops rcv 0 snd 0
         p50/p99 ms: ingress 1.77/1.94  events 4.25/4.55  movement 0.33/0.40  grid 0.36/0.38  history 0.01/0.01  serialize 0.20/0.24  assembly 39.40/42.52  transport 2.10/2.30  egress 4.89/8.16
[  210s] clients 10000 | level 8 (8-8 in window: 20 Hz, dilation 0.8), pace 0.80, 0.0% clients bandwidth-degraded | tick p50 53.60 p99 58.53 max 58.53 ms, 0 overruns | out 319.9k pps 176 kbps/client, 1758 Mbps | in 240.0k pps 10 kbps/client | stand-ins: repeated 0.00% frozen 0.00%, 0 late inputs | per client-tick: 1309 B (near 317 B, 78% deltas), near 40.0 mid 86.0 far 0.0, far skipped 0 starved 0 | input wait p50 76.1 p99 103.1 ms | 0 joins deferred | kernel drops rcv 0 snd 0
         p50/p99 ms: ingress 1.80/2.00  events 4.44/5.15  movement 0.35/0.43  grid 0.35/0.41  history 0.01/0.02  serialize 0.20/0.24  assembly 39.36/42.93  transport 2.15/2.35  egress 4.88/6.26
[  215s] clients 10000 | level 8 (8-8 in window: 20 Hz, dilation 0.8), pace 0.80, 0.0% clients bandwidth-degraded | tick p50 54.43 p99 58.24 max 58.24 ms, 0 overruns | out 320.0k pps 176 kbps/client, 1757 Mbps | in 240.0k pps 10 kbps/client | stand-ins: repeated 0.00% frozen 0.00%, 0 late inputs | per client-tick: 1308 B (near 316 B, 78% deltas), near 40.0 mid 86.0 far 0.0, far skipped 0 starved 0 | input wait p50 76.3 p99 103.0 ms | 0 joins deferred | kernel drops rcv 0 snd 0
         p50/p99 ms: ingress 1.79/2.11  events 4.87/5.24  movement 0.35/0.42  grid 0.37/0.42  history 0.01/0.01  serialize 0.21/0.26  assembly 39.58/43.65  transport 2.16/2.34  egress 4.99/5.82
[  220s] clients 10000 | level 8 (8-8 in window: 20 Hz, dilation 0.8), pace 0.80, 0.0% clients bandwidth-degraded | tick p50 54.38 p99 59.45 max 59.45 ms, 0 overruns | out 320.1k pps 176 kbps/client, 1758 Mbps | in 240.0k pps 10 kbps/client | stand-ins: repeated 0.00% frozen 0.00%, 0 late inputs | per client-tick: 1308 B (near 316 B, 78% deltas), near 40.0 mid 86.0 far 0.0, far skipped 0 starved 0 | input wait p50 76.4 p99 103.0 ms | 0 joins deferred | kernel drops rcv 0 snd 0
         p50/p99 ms: ingress 1.81/2.05  events 4.83/5.13  movement 0.35/0.42  grid 0.37/0.42  history 0.01/0.01  serialize 0.21/0.27  assembly 39.60/42.86  transport 2.17/2.34  egress 5.00/6.99
[  226s] clients 10000 | level 8 (8-8 in window: 20 Hz, dilation 0.8), pace 0.80, 0.0% clients bandwidth-degraded | tick p50 53.65 p99 57.32 max 57.32 ms, 0 overruns | out 320.1k pps 176 kbps/client, 1758 Mbps | in 239.8k pps 10 kbps/client | stand-ins: repeated 0.00% frozen 0.00%, 0 late inputs | per client-tick: 1308 B (near 316 B, 78% deltas), near 40.0 mid 86.0 far 0.0, far skipped 0 starved 0 | input wait p50 76.0 p99 103.1 ms | 0 joins deferred | kernel drops rcv 0 snd 0
         p50/p99 ms: ingress 1.79/2.00  events 4.39/4.86  movement 0.34/0.69  grid 0.33/0.38  history 0.01/0.02  serialize 0.20/0.53  assembly 39.41/42.03  transport 2.14/2.66  egress 5.02/5.86
[  231s] clients 10000 | level 8 (8-8 in window: 20 Hz, dilation 0.8), pace 0.80, 0.0% clients bandwidth-degraded | tick p50 53.26 p99 60.86 max 60.86 ms, 0 overruns | out 319.9k pps 176 kbps/client, 1757 Mbps | in 240.0k pps 10 kbps/client | stand-ins: repeated 0.00% frozen 0.00%, 0 late inputs | per client-tick: 1308 B (near 316 B, 78% deltas), near 40.0 mid 86.0 far 0.0, far skipped 0 starved 0 | input wait p50 76.1 p99 103.1 ms | 0 joins deferred | kernel drops rcv 0 snd 0
         p50/p99 ms: ingress 1.75/1.91  events 4.25/5.13  movement 0.34/0.41  grid 0.35/0.38  history 0.01/0.01  serialize 0.20/0.28  assembly 39.42/43.88  transport 2.06/2.28  egress 4.80/7.65
[  236s] clients 10000 | level 8 (8-8 in window: 20 Hz, dilation 0.8), pace 0.80, 0.0% clients bandwidth-degraded | tick p50 53.25 p99 56.06 max 56.06 ms, 0 overruns | out 320.1k pps 176 kbps/client, 1758 Mbps | in 240.1k pps 10 kbps/client | stand-ins: repeated 0.00% frozen 0.00%, 0 late inputs | per client-tick: 1308 B (near 316 B, 78% deltas), near 40.0 mid 86.0 far 0.0, far skipped 0 starved 0 | input wait p50 76.3 p99 103.1 ms | 0 joins deferred | kernel drops rcv 0 snd 0
         p50/p99 ms: ingress 1.77/1.97  events 4.22/4.44  movement 0.34/0.40  grid 0.35/0.37  history 0.01/0.01  serialize 0.20/0.23  assembly 39.48/42.85  transport 2.09/2.25  egress 4.82/5.41
[  241s] clients 10000 | level 8 (8-8 in window: 20 Hz, dilation 0.8), pace 0.80, 0.0% clients bandwidth-degraded | tick p50 53.03 p99 55.38 max 55.38 ms, 0 overruns | out 319.9k pps 176 kbps/client, 1757 Mbps | in 243.3k pps 10 kbps/client | stand-ins: repeated 0.00% frozen 0.00%, 0 late inputs | per client-tick: 1309 B (near 317 B, 78% deltas), near 40.0 mid 86.0 far 0.0, far skipped 0 starved 0 | input wait p50 75.8 p99 103.2 ms | 0 joins deferred | kernel drops rcv 0 snd 0
         p50/p99 ms: ingress 1.77/1.91  events 4.18/4.44  movement 0.34/0.42  grid 0.35/0.37  history 0.01/0.01  serialize 0.20/0.27  assembly 39.23/41.83  transport 2.07/2.26  egress 4.80/6.76
[  246s] clients 0 | level 8 (8-8 in window: 20 Hz, dilation 0.8), pace 0.80, 0.0% clients bandwidth-degraded | tick p50 1.65 p99 42.96 max 42.96 ms, 0 overruns | out 0.0k pps 8 kbps/client, 0 Mbps | in 0.0k pps 0 kbps/client | stand-ins: repeated 1.69% frozen 97.46%, 0 late inputs | per client-tick: 32 B (near 0 B, 0% deltas), near 0.0 mid 0.0 far 0.0, far skipped 0 starved 0 | input wait p50 99.3 p99 99.3 ms | 0 joins deferred | kernel drops rcv 0 snd 0
         p50/p99 ms: ingress 0.46/9.39  events 0.01/32.59  movement 0.13/0.31  grid 0.17/0.20  history 0.01/0.02  serialize 0.16/0.36  assembly 0.20/0.43  transport 0.21/2.63  egress 0.15/0.28

== summary: 5831 steady-state ticks (after warmup, before clients drain), peak 10000 clients ==
  phase        p50 ms   p99 ms   max ms
  ingress        0.86     1.96     3.15
  events         1.57     4.95     5.24
  movement       0.23     0.39     0.69
  grid           0.21     0.38     0.42
  history        0.00     0.01     0.06
  serialize      0.14     0.24     0.53
  assembly      12.50    41.12    43.88
  transport      1.11     2.24     2.66
  egress         2.51     5.48     8.16
  tick          19.26    55.69    60.86
  overruns 0 | spawns 10000 despawns 10000 (0 joins deferred) | stand-ins: repeated 10 frozen 115 | late inputs 8 discarded 0 | bad messages 0 | recv errors 0 send errors 0
  egress (whole run): 60505171 datagrams in 60505171 sends (1.00 per send), 457911 syscalls
  ticks per ladder level (whole run): L0: 3870, L1: 49, L2: 31, L3: 31, L4: 104, L5: 41, L6: 730, L7: 181, L8: 985
  input wait on the server (datagram arrival -> applied): p50 57.3 p99 101.6 max 155.6 mean 59.2 ms
  steady state: stand-ins repeated 8 frozen 0 | late inputs 8 discarded 0
