== uniform, 1000 bots, 60s -> baselines/2026-10-07-aws-full/uniform-1k-1
== summary: 1709 steady-state ticks (after warmup, before clients drain), peak 1000 clients ==
  phase        p50 ms   p99 ms   max ms
  ingress        0.54     0.64     0.74
  events         0.37     0.52     0.54
  movement       0.38     0.52     0.67
  grid           0.21     0.32     0.52
  separate       0.11     0.32     0.40
  history        0.01     0.01     0.02
  shots          0.01     0.01     0.26
  serialize      0.09     0.32     0.37
  assembly       0.53     0.90     1.06
  transport      0.16     0.23     0.34
  egress         0.34     0.43     0.73
  tick           2.77     3.21     3.54
  overruns 0 | spawns 1000 despawns 1000 (665 joins deferred) | deaths 0 respawns 0 | stand-ins: repeated 0 frozen 0 | late inputs 0 discarded 0 | bad messages 0 | recv errors 0 send errors 0
  egress (whole run): 1798445 datagrams in 1798445 sends (1.00 per send), 115200 syscalls
  ingress (whole run): 1801022 datagrams in 61798 receive calls (29.14 per call)
  ticks per ladder level (whole run): L0: 1816
  input wait on the server (datagram arrival -> applied): p50 49.8 p99 66.4 max 89.7 mean 50.0 ms
  steady state: stand-ins repeated 0 frozen 0 | late inputs 0 discarded 0
  rewind of near targets (applied step - the input's render step for that tier): p50 133 p99 167 max 167 mean 135.3 ms (n=1785984)
  rewind of mid/far targets (applied step - the input's render step for that tier): p50 267 p99 300 max 300 mean 269.2 ms (n=1785984)
  render times ahead of the server (bogus) 0
  shots 0 (late 0, refused 0, rewinds capped 0) | hits head 0 body 0 (after cover 0, too late 0), kills 0 | ground 0 cover 0 expired 0 | segments 0 candidates 0
== bots summary ==
  started 1000 welcomed 1000 failed 0
  join latency ms: p50 160 p99 322 max 455 (n=1000)
  corrections 0 (0.00/bot-minute), mean error 0.000 m, max 0.000 m
  push corrections (the server pushed us apart from a crowd) 66 (0.07/bot-minute), max 0.100 m
  snapshots 1794646 (entities per snapshot: near 4.4 mid 4.2 far 6.3), stale 0, unmatched acks 0, resyncs 0
  input -> applied on server (est. RTT/2 + server wait): p50 51.0 p99 68.0 max 92.0 mean 51.3 ms (n=1794281)
    of which server wait (arrival -> applied): p50 49.8 p99 66.4 max 89.7 mean 50.0 ms (n=1794281)
  input -> seen acked (round trip): p50 67.0 p99 100.0 max 101.0 mean 69.5 ms (n=1794281)
  near entity update interval (tracked bots): p50 33.0 p99 33.0 max 100.0 mean 33.0 ms (n=372110)
  mid entity update interval (tracked bots): p50 100.0 p99 100.0 max 500.0 mean 100.2 ms (n=344940)
  far entity update interval (tracked bots): p50 500.0 p99 500.0 max 2000.0 mean 499.9 ms (n=551212)
  near drawn (tracked bots): 99.85% interpolated, 0.01% extrapolated, 0.00% held, 0.14% new | pops p50 0 p99 0 max 0 mm
  mid drawn (tracked bots): 99.49% interpolated, 0.14% extrapolated, 0.01% held, 0.36% new | pops p50 0 p99 0 max 3722 mm
  far drawn (tracked bots): 40.66% interpolated, 58.66% extrapolated, 0.28% held, 0.40% new | pops p50 406 p99 3652 max 8622 mm
  render delay (near) 66.7 ms behind the newest step, clock snaps 0 (backwards 0), slewing 0.69% of frames, near delay changes 0 | streak entity-frames (drawn > 20 m/s) 152935
  input clock: 1000 extra inputs, 256 skipped ticks, 0 backlog skips | near decode errors (tracked bots) 0
  bytes down 439.2 MB up 113.1 MB | swarm busy 1% of its threads' time, tick overruns 228
