spawn=blob
egress=sendmmsg
ladder=on
threads=8
shards=64
peak_clients=1000
steady_ticks=1707
steady_secs=56.9
ingress_p50_ms=0.35
ingress_p99_ms=0.77
ingress_max_ms=1.09
events_p50_ms=0.09
events_p99_ms=0.22
events_max_ms=0.40
movement_p50_ms=0.17
movement_p99_ms=0.37
movement_max_ms=0.53
grid_p50_ms=0.05
grid_p99_ms=0.13
grid_max_ms=0.23
history_p50_ms=0.00
history_p99_ms=0.00
history_max_ms=0.04
serialize_p50_ms=0.04
serialize_p99_ms=0.10
serialize_max_ms=0.25
assembly_p50_ms=2.31
assembly_p99_ms=2.75
assembly_max_ms=4.16
transport_p50_ms=0.92
transport_p99_ms=1.24
transport_max_ms=1.34
egress_p50_ms=3.67
egress_p99_ms=4.45
egress_max_ms=5.59
tick_p50_ms=7.62
tick_p99_ms=8.97
tick_max_ms=10.37
steady_overruns=0
level_mode=0
tick_hz=30
dilation=1
levels=L0:1707
clients_avg=1000
out_pps=60026
in_pps=28409
egress_mbps=341.0
packets_per_client_tick=2.00
wire_bytes_per_client_tick=1420
down_kbps_per_client=341.0
up_kbps_per_client=11.4
kernel_rcvbuf_drops=0
kernel_sndbuf_drops=0
snapshot_bytes_per_client_tick=1355
near_bytes_per_client_tick=363
near_per_client_tick=64.0
mid_per_client_tick=86.0
far_per_client_tick=0.0
far_skipped=0
far_starved=0
repeated=5884
frozen=18
late_inputs=5636
discarded_inputs=0
input_wait_p50_ms=54.1
input_wait_p99_ms=96.7
spawns=1000
despawns=1000
joins_deferred=317
bad_messages=0
recv_errors=0
send_errors=0
datagrams=3592026
sends=3592026
send_syscalls=115191
