preallocated connections for 10000 clients in 186.13269ms
listening on 127.0.0.1:40540 | spawn Blob | tiers near 64@150 m, mid 500 m, far 1500 m, budget 6250 B/tick, squads of 4 | 8 rayon threads, 64 shards, 256 accepts/tick, egress SendMmsg | socket buffers rcv 8192 KiB snd 8192 KiB
WARNING: token key is the public dev key; anyone can mint tokens for this server (--token-key)
[    5s] clients 1000 | level 0 (0-0 in window: 30 Hz, dilation 1.0), pace 1.00, 0.0% clients bandwidth-degraded | tick p50 7.53 p99 8.94 max 9.14 ms, 0 overruns | out 54.0k pps 348 kbps/client, 309 Mbps | in 25.0k pps 12 kbps/client | stand-ins: repeated 0.39% frozen 0.00%, 472 late inputs | per client-tick: 1379 B (near 387 B, 95% deltas), near 64.0 mid 85.9 far 0.0, far skipped 0 starved 0 | input wait p50 52.7 p99 97.4 ms | 317 joins deferred | kernel drops rcv 0 snd 0
         p50/p99 ms: ingress 0.34/0.94  events 0.09/1.36  movement 0.16/0.32  grid 0.05/0.13  history 0.00/0.01  serialize 0.04/0.15  assembly 2.29/2.89  transport 0.93/1.63  egress 3.60/4.29
[   10s] clients 1000 | level 0 (0-0 in window: 30 Hz, dilation 1.0), pace 1.00, 0.0% clients bandwidth-degraded | tick p50 7.66 p99 9.00 max 9.53 ms, 0 overruns | out 60.0k pps 341 kbps/client, 341 Mbps | in 28.4k pps 11 kbps/client | stand-ins: repeated 0.36% frozen 0.00%, 517 late inputs | per client-tick: 1356 B (near 364 B, 99% deltas), near 64.0 mid 86.0 far 0.0, far skipped 0 starved 0 | input wait p50 54.2 p99 96.4 ms | 0 joins deferred | kernel drops rcv 0 snd 0
         p50/p99 ms: ingress 0.35/0.80  events 0.10/0.28  movement 0.17/0.37  grid 0.06/0.19  history 0.00/0.00  serialize 0.04/0.13  assembly 2.31/2.77  transport 0.91/1.15  egress 3.65/4.51
[   15s] clients 1000 | level 0 (0-0 in window: 30 Hz, dilation 1.0), pace 1.00, 0.0% clients bandwidth-degraded | tick p50 7.60 p99 8.51 max 9.13 ms, 0 overruns | out 60.0k pps 341 kbps/client, 341 Mbps | in 28.4k pps 11 kbps/client | stand-ins: repeated 0.35% frozen 0.00%, 501 late inputs | per client-tick: 1355 B (near 363 B, 99% deltas), near 64.0 mid 86.0 far 0.0, far skipped 0 starved 0 | input wait p50 54.0 p99 97.4 ms | 0 joins deferred | kernel drops rcv 0 snd 0
         p50/p99 ms: ingress 0.35/0.83  events 0.10/0.24  movement 0.17/0.38  grid 0.05/0.20  history 0.00/0.00  serialize 0.04/0.11  assembly 2.30/2.57  transport 0.93/1.28  egress 3.65/4.30
[   20s] clients 1000 | level 0 (0-0 in window: 30 Hz, dilation 1.0), pace 1.00, 0.0% clients bandwidth-degraded | tick p50 7.55 p99 9.86 max 10.37 ms, 0 overruns | out 60.0k pps 341 kbps/client, 341 Mbps | in 28.4k pps 11 kbps/client | stand-ins: repeated 0.33% frozen 0.00%, 473 late inputs | per client-tick: 1355 B (near 363 B, 99% deltas), near 64.0 mid 86.0 far 0.0, far skipped 0 starved 0 | input wait p50 54.0 p99 96.6 ms | 0 joins deferred | kernel drops rcv 0 snd 0
         p50/p99 ms: ingress 0.34/0.75  events 0.09/0.16  movement 0.17/0.24  grid 0.05/0.10  history 0.00/0.00  serialize 0.04/0.07  assembly 2.29/2.94  transport 0.94/1.22  egress 3.63/4.87
[   25s] clients 1000 | level 0 (0-0 in window: 30 Hz, dilation 1.0), pace 1.00, 0.0% clients bandwidth-degraded | tick p50 7.59 p99 9.17 max 9.88 ms, 0 overruns | out 60.0k pps 341 kbps/client, 341 Mbps | in 28.4k pps 11 kbps/client | stand-ins: repeated 0.34% frozen 0.00%, 487 late inputs | per client-tick: 1355 B (near 363 B, 99% deltas), near 64.0 mid 86.0 far 0.0, far skipped 0 starved 0 | input wait p50 54.0 p99 97.1 ms | 0 joins deferred | kernel drops rcv 0 snd 0
         p50/p99 ms: ingress 0.34/0.81  events 0.09/0.17  movement 0.17/0.40  grid 0.05/0.08  history 0.00/0.00  serialize 0.04/0.07  assembly 2.29/2.74  transport 0.93/1.18  egress 3.64/4.70
[   30s] clients 1000 | level 0 (0-0 in window: 30 Hz, dilation 1.0), pace 1.00, 0.0% clients bandwidth-degraded | tick p50 7.58 p99 8.46 max 8.98 ms, 0 overruns | out 60.0k pps 341 kbps/client, 341 Mbps | in 28.3k pps 11 kbps/client | stand-ins: repeated 0.36% frozen 0.00%, 515 late inputs | per client-tick: 1355 B (near 363 B, 99% deltas), near 64.0 mid 86.0 far 0.0, far skipped 0 starved 0 | input wait p50 54.4 p99 97.0 ms | 0 joins deferred | kernel drops rcv 0 snd 0
         p50/p99 ms: ingress 0.34/0.74  events 0.09/0.16  movement 0.17/0.36  grid 0.05/0.09  history 0.00/0.00  serialize 0.04/0.08  assembly 2.29/2.65  transport 0.92/1.32  egress 3.67/4.40
[   35s] clients 1000 | level 0 (0-0 in window: 30 Hz, dilation 1.0), pace 1.00, 0.0% clients bandwidth-degraded | tick p50 7.62 p99 8.92 max 8.96 ms, 0 overruns | out 60.0k pps 341 kbps/client, 341 Mbps | in 28.4k pps 11 kbps/client | stand-ins: repeated 0.36% frozen 0.00%, 524 late inputs | per client-tick: 1355 B (near 363 B, 99% deltas), near 64.0 mid 86.0 far 0.0, far skipped 0 starved 0 | input wait p50 54.4 p99 97.5 ms | 0 joins deferred | kernel drops rcv 0 snd 0
         p50/p99 ms: ingress 0.34/0.80  events 0.09/0.24  movement 0.17/0.31  grid 0.05/0.12  history 0.00/0.00  serialize 0.04/0.07  assembly 2.31/2.75  transport 0.90/1.24  egress 3.67/4.40
[   40s] clients 1000 | level 0 (0-0 in window: 30 Hz, dilation 1.0), pace 1.00, 0.0% clients bandwidth-degraded | tick p50 7.65 p99 9.02 max 9.72 ms, 0 overruns | out 60.0k pps 341 kbps/client, 341 Mbps | in 28.3k pps 11 kbps/client | stand-ins: repeated 0.34% frozen 0.00%, 485 late inputs | per client-tick: 1355 B (near 363 B, 99% deltas), near 64.0 mid 86.0 far 0.0, far skipped 0 starved 0 | input wait p50 54.5 p99 96.3 ms | 0 joins deferred | kernel drops rcv 0 snd 0
         p50/p99 ms: ingress 0.35/0.92  events 0.09/0.20  movement 0.17/0.41  grid 0.05/0.13  history 0.00/0.00  serialize 0.04/0.09  assembly 2.28/2.80  transport 0.93/1.28  egress 3.68/4.38
[   45s] clients 1000 | level 0 (0-0 in window: 30 Hz, dilation 1.0), pace 1.00, 0.0% clients bandwidth-degraded | tick p50 7.61 p99 9.10 max 9.57 ms, 0 overruns | out 60.0k pps 341 kbps/client, 341 Mbps | in 28.4k pps 11 kbps/client | stand-ins: repeated 0.32% frozen 0.00%, 458 late inputs | per client-tick: 1355 B (near 363 B, 99% deltas), near 64.0 mid 86.0 far 0.0, far skipped 0 starved 0 | input wait p50 54.1 p99 95.7 ms | 0 joins deferred | kernel drops rcv 0 snd 0
         p50/p99 ms: ingress 0.35/0.72  events 0.09/0.26  movement 0.17/0.41  grid 0.05/0.13  history 0.00/0.03  serialize 0.04/0.09  assembly 2.29/2.71  transport 0.89/1.27  egress 3.70/4.66
[   50s] clients 1000 | level 0 (0-0 in window: 30 Hz, dilation 1.0), pace 1.00, 0.0% clients bandwidth-degraded | tick p50 7.62 p99 8.52 max 9.04 ms, 0 overruns | out 60.0k pps 341 kbps/client, 341 Mbps | in 28.4k pps 11 kbps/client | stand-ins: repeated 0.33% frozen 0.00%, 479 late inputs | per client-tick: 1356 B (near 364 B, 99% deltas), near 64.0 mid 86.0 far 0.0, far skipped 0 starved 0 | input wait p50 54.1 p99 97.2 ms | 0 joins deferred | kernel drops rcv 0 snd 0
         p50/p99 ms: ingress 0.34/0.66  events 0.09/0.21  movement 0.17/0.28  grid 0.05/0.12  history 0.00/0.00  serialize 0.04/0.07  assembly 2.33/2.60  transport 0.91/1.22  egress 3.69/4.28
[   55s] clients 1000 | level 0 (0-0 in window: 30 Hz, dilation 1.0), pace 1.00, 0.0% clients bandwidth-degraded | tick p50 7.69 p99 8.80 max 9.19 ms, 0 overruns | out 60.0k pps 341 kbps/client, 341 Mbps | in 28.3k pps 11 kbps/client | stand-ins: repeated 0.34% frozen 0.00%, 495 late inputs | per client-tick: 1355 B (near 363 B, 99% deltas), near 64.0 mid 86.0 far 0.0, far skipped 0 starved 0 | input wait p50 54.2 p99 96.3 ms | 0 joins deferred | kernel drops rcv 0 snd 0
         p50/p99 ms: ingress 0.35/0.65  events 0.09/0.30  movement 0.17/0.30  grid 0.06/0.18  history 0.00/0.00  serialize 0.04/0.15  assembly 2.33/2.77  transport 0.94/1.20  egress 3.67/4.30
[   60s] clients 1000 | level 0 (0-0 in window: 30 Hz, dilation 1.0), pace 1.00, 0.0% clients bandwidth-degraded | tick p50 7.61 p99 8.96 max 9.75 ms, 0 overruns | out 60.0k pps 341 kbps/client, 341 Mbps | in 28.3k pps 11 kbps/client | stand-ins: repeated 0.36% frozen 0.00%, 528 late inputs | per client-tick: 1355 B (near 363 B, 99% deltas), near 64.0 mid 86.0 far 0.0, far skipped 0 starved 0 | input wait p50 54.6 p99 96.2 ms | 0 joins deferred | kernel drops rcv 0 snd 0
         p50/p99 ms: ingress 0.35/0.77  events 0.09/0.25  movement 0.17/0.28  grid 0.06/0.16  history 0.00/0.00  serialize 0.04/0.08  assembly 2.28/2.90  transport 0.93/1.20  egress 3.68/4.48
[   60s] clients 0 | level 0 (0-0 in window: 30 Hz, dilation 1.0), pace 1.00, 0.0% clients bandwidth-degraded | tick p50 8.07 p99 21.97 max 21.97 ms, 0 overruns | out 51.5k pps 351 kbps/client, 295 Mbps | in 34.6k pps 13 kbps/client | stand-ins: repeated 0.39% frozen 0.00%, 25 late inputs | per client-tick: 1367 B (near 375 B, 96% deltas), near 64.0 mid 86.0 far 0.0, far skipped 0 starved 0 | input wait p50 53.9 p99 97.7 ms | 0 joins deferred | kernel drops rcv 0 snd 0
         p50/p99 ms: ingress 0.37/0.87  events 0.10/0.84  movement 0.16/0.19  grid 0.05/0.09  history 0.00/0.00  serialize 0.04/0.08  assembly 2.31/3.89  transport 0.87/6.35  egress 3.80/9.97

== summary: 1707 steady-state ticks (after warmup, before clients drain), peak 1000 clients ==
  phase        p50 ms   p99 ms   max ms
  ingress        0.35     0.77     1.09
  events         0.09     0.22     0.40
  movement       0.17     0.37     0.53
  grid           0.05     0.13     0.23
  history        0.00     0.00     0.04
  serialize      0.04     0.10     0.25
  assembly       2.31     2.75     4.16
  transport      0.92     1.24     1.34
  egress         3.67     4.45     5.59
  tick           7.62     8.97    10.37
  overruns 0 | spawns 1000 despawns 1000 (317 joins deferred) | stand-ins: repeated 6224 frozen 18 | late inputs 5959 discarded 6 | bad messages 0 | recv errors 0 send errors 0
  egress (whole run): 3592026 datagrams in 3592026 sends (1.00 per send), 115191 syscalls
  ticks per ladder level (whole run): L0: 1813
  input wait on the server (datagram arrival -> applied): p50 54.1 p99 96.7 max 542.6 mean 54.3 ms
  steady state: stand-ins repeated 5884 frozen 18 | late inputs 5636 discarded 0
