started=1000
welcomed=1000
failed=0
join_p50_ms=360
join_p99_ms=626
join_max_ms=682
corrections=0
corrections_per_bot_minute=0.000
correction_max_m=0.000
push_corrections=35910
push_corrections_per_bot_minute=35.910
push_max_m=0.436
snapshots=1789159
near_per_snapshot=64.1
mid_per_snapshot=86.1
far_per_snapshot=0.0
stale_snapshots=0
resyncs=0
input_applied_p50_ms=101.0
input_applied_p99_ms=141.0
input_applied_mean_ms=95.5
server_wait_p50_ms=50.3
server_wait_p99_ms=67.1
server_wait_mean_ms=50.3
round_trip_p50_ms=167.0
round_trip_p99_ms=233.0
round_trip_mean_ms=160.7
slot_work_p50_ms=1.0
slot_work_p99_ms=4.0
slot_work_mean_ms=1.7
slot_late_p50_ms=0.0
slot_late_p99_ms=0.1
slot_late_mean_ms=0.0
near_interval_p50_ms=66.0
near_interval_p99_ms=66.0
near_interval_mean_ms=54.5
mid_interval_p50_ms=100.0
mid_interval_p99_ms=100.0
mid_interval_mean_ms=100.7
far_interval_p50_ms=0.0
far_interval_p99_ms=0.0
far_interval_mean_ms=0.0
slot_late_max_ms=25.1
near_interpolated_pct=96.75
near_extrapolated_pct=1.26
near_held_pct=1.25
near_new_pct=0.75
near_pop_p50_mm=0
near_pop_p99_mm=0
mid_interpolated_pct=90.88
mid_extrapolated_pct=3.23
mid_held_pct=3.46
mid_new_pct=2.43
mid_pop_p50_mm=0
mid_pop_p99_mm=0
far_interpolated_pct=0.00
far_extrapolated_pct=0.00
far_held_pct=0.00
far_new_pct=0.00
far_pop_p50_mm=0
far_pop_p99_mm=0
render_delay_ms=89.0
render_snaps=0
class0_fighters=167
class0_shots=33455
class0_hits=7558
class0_kills=1446
class0_hit_pct=22.6
class0_rtt_ms=21.4
class1_fighters=166
class1_shots=33342
class1_hits=6660
class1_kills=1370
class1_hit_pct=20.0
class1_rtt_ms=101.5
class2_fighters=167
class2_shots=31081
class2_hits=5839
class2_kills=1198
class2_hit_pct=18.8
class2_rtt_ms=151.5
shots_seen=8563778
activity_cells=917742
activity_shots=74332044
ambient=17780278
streak_frames_per_million=47
clock_slewing_pct=7.61
delay_changes=998
render_backwards=0
clock_extra=1798
clock_skipped=778
backlog_skips=0
near_decode_errors=0
bytes_down_mb=2759.5
bytes_up_mb=115.9
swarm_busy_pct=41
swarm_overruns=98
