minting tokens with the public dev key (--token-key to change)
1000 bots -> 127.0.0.1:14500 on 8 threads x 8 slots, ramp 0/s, 60s, 1000 full + 0 sink bots
[    5s] bots 1000/1000 connected, 1000 welcomed, 0 failed | 24.9 snaps/s/bot, entities/snap near 65.1 mid 87.4 far 0.0 | corrections 0.000/s/bot | down 307 up 13 kbps/bot | rtt 90.5 ms loss 0.00% | input->applied ~ p50 99 p99 141 ms, round trip p50 167 p99 233 ms | joins 1000 (p50 360 p99 626 ms) | server pace 1.00 level 0, 0 bots bandwidth-degraded | swarm busy 33%, overruns 5
[   10s] bots 1000/1000 connected, 1000 welcomed, 0 failed | 30.1 snaps/s/bot, entities/snap near 64.0 mid 86.0 far 0.0 | corrections 0.000/s/bot | down 364 up 16 kbps/bot | rtt 90.6 ms loss 0.00% | input->applied ~ p50 101 p99 141 ms, round trip p50 167 p99 233 ms | joins 0 (p50 0 p99 0 ms) | server pace 1.00 level 0, 0 bots bandwidth-degraded | swarm busy 40%, overruns 93
[   15s] bots 1000/1000 connected, 1000 welcomed, 0 failed | 30.1 snaps/s/bot, entities/snap near 64.0 mid 86.0 far 0.0 | corrections 0.000/s/bot | down 377 up 16 kbps/bot | rtt 90.6 ms loss 0.00% | input->applied ~ p50 101 p99 141 ms, round trip p50 167 p99 233 ms | joins 0 (p50 0 p99 0 ms) | server pace 1.00 level 0, 0 bots bandwidth-degraded | swarm busy 41%, overruns 0
[   20s] bots 1000/1000 connected, 1000 welcomed, 0 failed | 30.1 snaps/s/bot, entities/snap near 64.0 mid 86.0 far 0.0 | corrections 0.000/s/bot | down 369 up 16 kbps/bot | rtt 90.6 ms loss 0.00% | input->applied ~ p50 101 p99 141 ms, round trip p50 167 p99 233 ms | joins 0 (p50 0 p99 0 ms) | server pace 1.00 level 0, 0 bots bandwidth-degraded | swarm busy 41%, overruns 0
[   25s] bots 1000/1000 connected, 1000 welcomed, 0 failed | 30.1 snaps/s/bot, entities/snap near 64.0 mid 86.0 far 0.0 | corrections 0.000/s/bot | down 369 up 16 kbps/bot | rtt 90.7 ms loss 0.00% | input->applied ~ p50 101 p99 141 ms, round trip p50 167 p99 233 ms | joins 0 (p50 0 p99 0 ms) | server pace 1.00 level 0, 0 bots bandwidth-degraded | swarm busy 42%, overruns 0
[   30s] bots 1000/1000 connected, 1000 welcomed, 0 failed | 30.2 snaps/s/bot, entities/snap near 64.0 mid 86.0 far 0.0 | corrections 0.000/s/bot | down 371 up 16 kbps/bot | rtt 90.7 ms loss 0.00% | input->applied ~ p50 101 p99 141 ms, round trip p50 167 p99 233 ms | joins 0 (p50 0 p99 0 ms) | server pace 1.00 level 0, 0 bots bandwidth-degraded | swarm busy 42%, overruns 0
[   35s] bots 1000/1000 connected, 1000 welcomed, 0 failed | 30.1 snaps/s/bot, entities/snap near 64.0 mid 86.0 far 0.0 | corrections 0.000/s/bot | down 374 up 16 kbps/bot | rtt 90.7 ms loss 0.00% | input->applied ~ p50 101 p99 141 ms, round trip p50 167 p99 233 ms | joins 0 (p50 0 p99 0 ms) | server pace 1.00 level 0, 0 bots bandwidth-degraded | swarm busy 42%, overruns 0
[   40s] bots 1000/1000 connected, 1000 welcomed, 0 failed | 30.1 snaps/s/bot, entities/snap near 64.0 mid 86.0 far 0.0 | corrections 0.000/s/bot | down 373 up 16 kbps/bot | rtt 90.7 ms loss 0.00% | input->applied ~ p50 101 p99 141 ms, round trip p50 167 p99 233 ms | joins 0 (p50 0 p99 0 ms) | server pace 1.00 level 0, 0 bots bandwidth-degraded | swarm busy 42%, overruns 0
[   45s] bots 1000/1000 connected, 1000 welcomed, 0 failed | 30.1 snaps/s/bot, entities/snap near 64.0 mid 86.0 far 0.0 | corrections 0.000/s/bot | down 372 up 16 kbps/bot | rtt 90.7 ms loss 0.00% | input->applied ~ p50 101 p99 141 ms, round trip p50 167 p99 233 ms | joins 0 (p50 0 p99 0 ms) | server pace 1.00 level 0, 0 bots bandwidth-degraded | swarm busy 42%, overruns 0
[   50s] bots 1000/1000 connected, 1000 welcomed, 0 failed | 30.1 snaps/s/bot, entities/snap near 64.0 mid 86.0 far 0.0 | corrections 0.000/s/bot | down 374 up 16 kbps/bot | rtt 90.7 ms loss 0.00% | input->applied ~ p50 101 p99 141 ms, round trip p50 167 p99 233 ms | joins 0 (p50 0 p99 0 ms) | server pace 1.00 level 0, 0 bots bandwidth-degraded | swarm busy 42%, overruns 0
[   55s] bots 1000/1000 connected, 1000 welcomed, 0 failed | 30.1 snaps/s/bot, entities/snap near 64.0 mid 86.0 far 0.0 | corrections 0.000/s/bot | down 376 up 16 kbps/bot | rtt 90.7 ms loss 0.00% | input->applied ~ p50 101 p99 141 ms, round trip p50 167 p99 233 ms | joins 0 (p50 0 p99 0 ms) | server pace 1.00 level 0, 0 bots bandwidth-degraded | swarm busy 42%, overruns 0
[   60s] bots 1000/1000 connected, 1000 welcomed, 0 failed | 30.2 snaps/s/bot, entities/snap near 64.0 mid 86.0 far 0.0 | corrections 0.000/s/bot | down 374 up 16 kbps/bot | rtt 90.7 ms loss 0.00% | input->applied ~ p50 101 p99 141 ms, round trip p50 167 p99 233 ms | joins 0 (p50 0 p99 0 ms) | server pace 1.00 level 0, 0 bots bandwidth-degraded | swarm busy 42%, overruns 0

== bots summary ==
  started 1000 welcomed 1000 failed 0
  join latency ms: p50 360 p99 626 max 682 (n=1000)
  corrections 0 (0.00/bot-minute), mean error 0.000 m, max 0.000 m
  push corrections (the server pushed us apart from a crowd) 35910 (35.91/bot-minute), max 0.436 m
  snapshots 1789159 (entities per snapshot: near 64.1 mid 86.1 far 0.0), stale 0, unmatched acks 0, resyncs 0
  input -> applied on server (est. RTT/2 + server wait): p50 101.0 p99 141.0 max 147.0 mean 95.5 ms (n=1786278)
    of which server wait (arrival -> applied): p50 50.3 p99 67.1 max 71.3 mean 50.3 ms (n=1786278)
  input -> seen acked (round trip): p50 167.0 p99 233.0 max 257.0 mean 160.7 ms (n=1786278)
  near entity update interval (tracked bots): p50 66.0 p99 66.0 max 2233.0 mean 54.5 ms (n=57007968)
  mid entity update interval (tracked bots): p50 100.0 p99 100.0 max 2200.0 mean 100.7 ms (n=75903097)
  far entity update interval (tracked bots): p50 0.0 p99 0.0 max 0.0 mean 0.0 ms (n=0)
  near drawn (tracked bots): 96.75% interpolated, 1.26% extrapolated, 1.25% held, 0.75% new | pops p50 0 p99 0 max 65535 mm
  mid drawn (tracked bots): 90.88% interpolated, 3.23% extrapolated, 3.46% held, 2.43% new | pops p50 0 p99 0 max 65535 mm
  far drawn (tracked bots): 0.00% interpolated, 0.00% extrapolated, 0.00% held, 0.00% new | pops p50 0 p99 0 max 0 mm
  render delay (near) 89.0 ms behind the newest step, clock snaps 0 (backwards 0), slewing 7.61% of frames, near delay changes 998 | streak entity-frames (drawn > 20 m/s) 16256
  fighters, class 0: 167 at rtt 21.4 ms | 33455 shots, 7558 hits (22.6%), 1446 kills
  fighters, class 1: 166 at rtt 101.5 ms | 33342 shots, 6660 hits (20.0%), 1370 kills
  fighters, class 2: 167 at rtt 151.5 ms | 31081 shots, 5839 hits (18.8%), 1198 kills
  others' shots (tracked bots): 8563778 as tracers | distant fights: 917742 cell entries counting 74332044 shots, 17780278 ambient shots made
  input clock: 1798 extra inputs, 778 skipped ticks, 0 backlog skips | near decode errors (tracked bots) 0
  bytes down 2759.5 MB up 115.9 MB | swarm busy 41% of its threads' time, tick overruns 98
