== blob, 1000 bots, 60s -> baselines/2026-10-09-wsl2-input-clock-before/fight-blob-1k-1
== summary: 1708 steady-state ticks (after warmup, before clients drain), peak 1000 clients ==
  phase        p50 ms   p99 ms   max ms
  ingress        0.65     0.96     1.18
  events         0.00     0.00     0.03
  movement       0.25     0.33     0.43
  grid           0.23     0.30     0.39
  separate       0.04     0.06     0.18
  history        0.00     0.00     0.02
  shots          0.29     0.48     0.62
  serialize      0.07     0.10     0.13
  assembly       4.43     5.00     5.47
  transport      0.00     0.00     0.01
  egress         0.03     0.06     1.89
  tick           6.25     7.02     8.47
  overruns 0 | spawns 1000 despawns 1000 (72 joins deferred) | deaths 4108 respawns 3841 | stand-ins: repeated 0 frozen 0 | late inputs 0 discarded 0 | bad messages 0 | recv errors 0 send errors 0
  egress (whole run): 3594077 datagrams in 3594077 sends (1.00 per send), 115312 syscalls
  ingress (whole run): 1796142 datagrams in 60789 receive calls (29.55 per call)
  ticks per ladder level (whole run): L0: 1812
  input wait on the server (datagram arrival -> applied): p50 50.3 p99 67.1 max 71.3 mean 50.3 ms
  steady state: stand-ins repeated 0 frozen 0 | late inputs 0 discarded 0
  rewind of near targets (applied step - the input's render step for that tier): p50 242 p99 333 max 348 mean 236.1 ms (n=1783399)
  rewind of mid/far targets (applied step - the input's render step for that tier): p50 367 p99 433 max 435 mean 358.4 ms (n=1783399)
  render times ahead of the server (bogus) 0
  shots 149592 (late 0, refused 2897, rewinds capped 97875) | hits head 2118 body 28518 (after cover 1055, too late 10013), kills 4108 | ground 86348 cover 8051 expired 23370 | segments 4652513 candidates 2667207
== bots summary ==
  started 1000 welcomed 1000 failed 0
  join latency ms: p50 360 p99 626 max 682 (n=1000)
  corrections 0 (0.00/bot-minute), mean error 0.000 m, max 0.000 m
  push corrections (the server pushed us apart from a crowd) 35910 (35.91/bot-minute), max 0.436 m
  snapshots 1789159 (entities per snapshot: near 64.1 mid 86.1 far 0.0), stale 0, unmatched acks 0, resyncs 0
  input -> applied on server (est. RTT/2 + server wait): p50 101.0 p99 141.0 max 147.0 mean 95.5 ms (n=1786278)
    of which server wait (arrival -> applied): p50 50.3 p99 67.1 max 71.3 mean 50.3 ms (n=1786278)
  input -> seen acked (round trip): p50 167.0 p99 233.0 max 257.0 mean 160.7 ms (n=1786278)
  near entity update interval (tracked bots): p50 66.0 p99 66.0 max 2233.0 mean 54.5 ms (n=57007968)
  mid entity update interval (tracked bots): p50 100.0 p99 100.0 max 2200.0 mean 100.7 ms (n=75903097)
  far entity update interval (tracked bots): p50 0.0 p99 0.0 max 0.0 mean 0.0 ms (n=0)
  near drawn (tracked bots): 96.75% interpolated, 1.26% extrapolated, 1.25% held, 0.75% new | pops p50 0 p99 0 max 65535 mm
  mid drawn (tracked bots): 90.88% interpolated, 3.23% extrapolated, 3.46% held, 2.43% new | pops p50 0 p99 0 max 65535 mm
  far drawn (tracked bots): 0.00% interpolated, 0.00% extrapolated, 0.00% held, 0.00% new | pops p50 0 p99 0 max 0 mm
  render delay (near) 89.0 ms behind the newest step, clock snaps 0 (backwards 0), slewing 7.61% of frames, near delay changes 998 | streak entity-frames (drawn > 20 m/s) 16256
  fighters, class 0: 167 at rtt 21.4 ms | 33455 shots, 7558 hits (22.6%), 1446 kills
  fighters, class 1: 166 at rtt 101.5 ms | 33342 shots, 6660 hits (20.0%), 1370 kills
  fighters, class 2: 167 at rtt 151.5 ms | 31081 shots, 5839 hits (18.8%), 1198 kills
  others' shots (tracked bots): 8563778 as tracers | distant fights: 917742 cell entries counting 74332044 shots, 17780278 ambient shots made
  input clock: 1798 extra inputs, 778 skipped ticks, 0 backlog skips | near decode errors (tracked bots) 0
  bytes down 2759.5 MB up 115.9 MB | swarm busy 41% of its threads' time, tick overruns 98
