preallocated connections for 10000 clients in 254.599638ms
listening on 127.0.0.1:14500 | spawn Blob | tiers near 64@150 m, mid 500 m, far 1500 m, budget 6250 B/tick, squads of 4 | 8 rayon threads (keep awake on), 64 shards (send during assembly on), 1 socket(s), 256 accepts/tick, egress SendMmsg, ingress RecvMmsg | socket buffers rcv 8192 KiB snd 8192 KiB
WARNING: token key is the public dev key; anyone can mint tokens for this server (--token-key)
[    5s] clients 1000 | level 0 (0-0 in window: 30 Hz, dilation 1.0), pace 1.00, 0.0% clients bandwidth-degraded | tick p50 5.74 p99 7.65 max 27.09 ms, 0 overruns | out 55.3k pps 362 kbps/client, 328 Mbps | in 27.0k pps 16 kbps/client, 28.3 per recv, receive thread busy 4% | stand-ins: repeated 0.00% frozen 0.00%, 0 late inputs | per client-tick: 1432 B (near 358 B, 95% deltas), near 64.0 mid 85.8 far 0.0, far skipped 0 starved 0 | input wait p50 50.0 p99 66.9 ms | 72 joins deferred | kernel drops rcv 0 snd 0
         p50/p99 ms: ingress 0.50/1.05  events 0.00/1.83  movement 0.23/0.31  grid 0.23/0.32  separate 0.02/0.05  history 0.00/0.03  shots 0.14/0.35  serialize 0.07/0.12  assembly 4.20/4.96  transport 0.00/0.00  egress 0.03/0.09
[   10s] clients 1000 | level 0 (0-0 in window: 30 Hz, dilation 1.0), pace 1.00, 0.0% clients bandwidth-degraded | tick p50 6.11 p99 6.87 max 6.99 ms, 0 overruns | out 60.0k pps 366 kbps/client, 366 Mbps | in 30.0k pps 15 kbps/client, 29.7 per recv, receive thread busy 4% | stand-ins: repeated 0.00% frozen 0.00%, 0 late inputs | per client-tick: 1458 B (near 377 B, 95% deltas), near 64.0 mid 86.0 far 0.0, far skipped 0 starved 0 | input wait p50 50.1 p99 67.0 ms | 0 joins deferred | kernel drops rcv 0 snd 0
         p50/p99 ms: ingress 0.61/0.95  events 0.00/0.00  movement 0.25/0.33  grid 0.22/0.28  separate 0.03/0.05  history 0.00/0.00  shots 0.20/0.60  serialize 0.07/0.11  assembly 4.41/4.83  transport 0.00/0.00  egress 0.03/0.05
[   15s] clients 1000 | level 0 (0-0 in window: 30 Hz, dilation 1.0), pace 1.00, 0.0% clients bandwidth-degraded | tick p50 6.36 p99 7.16 max 7.57 ms, 0 overruns | out 60.0k pps 374 kbps/client, 374 Mbps | in 30.0k pps 16 kbps/client, 29.7 per recv, receive thread busy 4% | stand-ins: repeated 0.00% frozen 0.00%, 0 late inputs | per client-tick: 1491 B (near 394 B, 98% deltas), near 64.0 mid 86.0 far 0.0, far skipped 0 starved 0 | input wait p50 50.3 p99 67.1 ms | 0 joins deferred | kernel drops rcv 0 snd 0
         p50/p99 ms: ingress 0.67/0.94  events 0.00/0.00  movement 0.25/0.34  grid 0.22/0.32  separate 0.04/0.08  history 0.00/0.00  shots 0.32/0.52  serialize 0.07/0.10  assembly 4.46/5.00  transport 0.00/0.00  egress 0.03/0.05
[   20s] clients 1000 | level 0 (0-0 in window: 30 Hz, dilation 1.0), pace 1.00, 0.0% clients bandwidth-degraded | tick p50 6.29 p99 6.88 max 6.88 ms, 0 overruns | out 60.0k pps 367 kbps/client, 367 Mbps | in 30.0k pps 16 kbps/client, 29.7 per recv, receive thread busy 4% | stand-ins: repeated 0.00% frozen 0.00%, 0 late inputs | per client-tick: 1462 B (near 378 B, 98% deltas), near 64.0 mid 86.0 far 0.0, far skipped 0 starved 0 | input wait p50 50.3 p99 67.0 ms | 0 joins deferred | kernel drops rcv 0 snd 0
         p50/p99 ms: ingress 0.66/0.95  events 0.00/0.00  movement 0.26/0.34  grid 0.23/0.30  separate 0.04/0.05  history 0.00/0.00  shots 0.31/0.47  serialize 0.07/0.10  assembly 4.42/4.95  transport 0.00/0.00  egress 0.03/0.06
[   25s] clients 1000 | level 0 (0-0 in window: 30 Hz, dilation 1.0), pace 1.00, 0.0% clients bandwidth-degraded | tick p50 6.27 p99 7.08 max 7.16 ms, 0 overruns | out 60.0k pps 368 kbps/client, 368 Mbps | in 30.0k pps 16 kbps/client, 29.6 per recv, receive thread busy 4% | stand-ins: repeated 0.00% frozen 0.00%, 0 late inputs | per client-tick: 1464 B (near 379 B, 98% deltas), near 64.0 mid 86.0 far 0.0, far skipped 0 starved 0 | input wait p50 50.3 p99 67.0 ms | 0 joins deferred | kernel drops rcv 0 snd 0
         p50/p99 ms: ingress 0.65/0.96  events 0.00/0.00  movement 0.25/0.31  grid 0.23/0.32  separate 0.04/0.06  history 0.00/0.00  shots 0.29/0.48  serialize 0.07/0.10  assembly 4.44/4.97  transport 0.00/0.00  egress 0.03/0.06
[   30s] clients 1000 | level 0 (0-0 in window: 30 Hz, dilation 1.0), pace 1.00, 0.0% clients bandwidth-degraded | tick p50 6.26 p99 7.01 max 7.09 ms, 0 overruns | out 60.0k pps 369 kbps/client, 369 Mbps | in 30.0k pps 16 kbps/client, 29.6 per recv, receive thread busy 4% | stand-ins: repeated 0.00% frozen 0.00%, 0 late inputs | per client-tick: 1472 B (near 386 B, 98% deltas), near 64.0 mid 86.0 far 0.0, far skipped 0 starved 0 | input wait p50 50.3 p99 67.1 ms | 0 joins deferred | kernel drops rcv 0 snd 0
         p50/p99 ms: ingress 0.65/0.96  events 0.00/0.00  movement 0.25/0.32  grid 0.23/0.28  separate 0.04/0.05  history 0.00/0.00  shots 0.29/0.45  serialize 0.07/0.12  assembly 4.43/4.98  transport 0.00/0.00  egress 0.03/0.06
[   35s] clients 1000 | level 0 (0-0 in window: 30 Hz, dilation 1.0), pace 1.00, 0.0% clients bandwidth-degraded | tick p50 6.26 p99 7.38 max 7.52 ms, 0 overruns | out 60.0k pps 372 kbps/client, 372 Mbps | in 30.0k pps 16 kbps/client, 29.7 per recv, receive thread busy 4% | stand-ins: repeated 0.00% frozen 0.00%, 0 late inputs | per client-tick: 1483 B (near 392 B, 98% deltas), near 64.0 mid 86.0 far 0.0, far skipped 0 starved 0 | input wait p50 50.3 p99 67.1 ms | 0 joins deferred | kernel drops rcv 0 snd 0
         p50/p99 ms: ingress 0.62/0.94  events 0.00/0.00  movement 0.26/0.36  grid 0.23/0.30  separate 0.04/0.06  history 0.00/0.00  shots 0.30/0.47  serialize 0.07/0.10  assembly 4.44/5.30  transport 0.00/0.00  egress 0.03/0.07
[   40s] clients 1000 | level 0 (0-0 in window: 30 Hz, dilation 1.0), pace 1.00, 0.0% clients bandwidth-degraded | tick p50 6.25 p99 6.98 max 8.47 ms, 0 overruns | out 60.0k pps 371 kbps/client, 371 Mbps | in 30.0k pps 16 kbps/client, 29.6 per recv, receive thread busy 4% | stand-ins: repeated 0.00% frozen 0.00%, 0 late inputs | per client-tick: 1477 B (near 388 B, 98% deltas), near 64.0 mid 86.0 far 0.0, far skipped 0 starved 0 | input wait p50 50.4 p99 67.1 ms | 0 joins deferred | kernel drops rcv 0 snd 0
         p50/p99 ms: ingress 0.66/0.91  events 0.00/0.00  movement 0.25/0.31  grid 0.22/0.29  separate 0.04/0.06  history 0.00/0.00  shots 0.30/0.52  serialize 0.07/0.10  assembly 4.43/4.81  transport 0.00/0.00  egress 0.03/0.13
[   45s] clients 1000 | level 0 (0-0 in window: 30 Hz, dilation 1.0), pace 1.00, 0.0% clients bandwidth-degraded | tick p50 6.29 p99 7.09 max 7.20 ms, 0 overruns | out 60.0k pps 371 kbps/client, 371 Mbps | in 30.0k pps 16 kbps/client, 29.6 per recv, receive thread busy 4% | stand-ins: repeated 0.00% frozen 0.00%, 0 late inputs | per client-tick: 1477 B (near 391 B, 98% deltas), near 64.0 mid 86.0 far 0.0, far skipped 0 starved 0 | input wait p50 50.3 p99 67.0 ms | 0 joins deferred | kernel drops rcv 0 snd 0
         p50/p99 ms: ingress 0.64/0.95  events 0.00/0.00  movement 0.25/0.32  grid 0.23/0.29  separate 0.04/0.07  history 0.00/0.00  shots 0.29/0.50  serialize 0.07/0.10  assembly 4.43/5.15  transport 0.00/0.00  egress 0.03/0.05
[   50s] clients 1000 | level 0 (0-0 in window: 30 Hz, dilation 1.0), pace 1.00, 0.0% clients bandwidth-degraded | tick p50 6.25 p99 7.03 max 7.36 ms, 0 overruns | out 60.0k pps 372 kbps/client, 372 Mbps | in 30.0k pps 16 kbps/client, 29.5 per recv, receive thread busy 4% | stand-ins: repeated 0.00% frozen 0.00%, 0 late inputs | per client-tick: 1484 B (near 399 B, 98% deltas), near 64.0 mid 86.0 far 0.0, far skipped 0 starved 0 | input wait p50 50.4 p99 67.1 ms | 0 joins deferred | kernel drops rcv 0 snd 0
         p50/p99 ms: ingress 0.67/0.97  events 0.00/0.00  movement 0.25/0.33  grid 0.22/0.29  separate 0.04/0.05  history 0.00/0.00  shots 0.29/0.44  serialize 0.07/0.10  assembly 4.40/5.04  transport 0.00/0.00  egress 0.03/0.05
[   55s] clients 1000 | level 0 (0-0 in window: 30 Hz, dilation 1.0), pace 1.00, 0.0% clients bandwidth-degraded | tick p50 6.28 p99 6.82 max 6.94 ms, 0 overruns | out 60.0k pps 374 kbps/client, 374 Mbps | in 30.0k pps 16 kbps/client, 29.6 per recv, receive thread busy 4% | stand-ins: repeated 0.00% frozen 0.00%, 0 late inputs | per client-tick: 1490 B (near 402 B, 98% deltas), near 64.0 mid 86.0 far 0.0, far skipped 0 starved 0 | input wait p50 50.3 p99 67.1 ms | 0 joins deferred | kernel drops rcv 0 snd 0
         p50/p99 ms: ingress 0.67/0.95  events 0.00/0.00  movement 0.25/0.31  grid 0.22/0.29  separate 0.04/0.07  history 0.00/0.00  shots 0.29/0.45  serialize 0.07/0.10  assembly 4.46/4.87  transport 0.00/0.00  egress 0.03/0.05
[   60s] clients 1000 | level 0 (0-0 in window: 30 Hz, dilation 1.0), pace 1.00, 0.0% clients bandwidth-degraded | tick p50 6.25 p99 7.03 max 7.14 ms, 0 overruns | out 60.0k pps 372 kbps/client, 372 Mbps | in 30.0k pps 16 kbps/client, 29.6 per recv, receive thread busy 4% | stand-ins: repeated 0.00% frozen 0.00%, 0 late inputs | per client-tick: 1480 B (near 395 B, 98% deltas), near 64.0 mid 86.0 far 0.0, far skipped 0 starved 0 | input wait p50 50.4 p99 67.1 ms | 0 joins deferred | kernel drops rcv 0 snd 0
         p50/p99 ms: ingress 0.65/1.02  events 0.00/0.00  movement 0.26/0.33  grid 0.24/0.30  separate 0.04/0.06  history 0.00/0.00  shots 0.28/0.45  serialize 0.07/0.10  assembly 4.46/5.12  transport 0.00/0.00  egress 0.03/0.05
[   60s] clients 0 | level 0 (0-0 in window: 30 Hz, dilation 1.0), pace 1.00, 0.0% clients bandwidth-degraded | tick p50 4.05 p99 6.52 max 6.52 ms, 0 overruns | out 31.1k pps 394 kbps/client, 199 Mbps | in 36.0k pps 23 kbps/client, 35.2 per recv, receive thread busy 6% | stand-ins: repeated 0.00% frozen 0.00%, 0 late inputs | per client-tick: 1522 B (near 460 B, 86% deltas), near 63.2 mid 84.8 far 0.0, far skipped 0 starved 0 | input wait p50 50.4 p99 67.1 ms | 0 joins deferred | kernel drops rcv 0 snd 0
         p50/p99 ms: ingress 0.44/0.73  events 0.37/0.84  movement 0.20/0.28  grid 0.15/0.26  separate 0.03/0.04  history 0.00/0.00  shots 0.17/0.30  serialize 0.03/0.08  assembly 2.49/4.59  transport 0.00/0.00  egress 0.03/0.03

== summary: 1708 steady-state ticks (after warmup, before clients drain), peak 1000 clients ==
  phase        p50 ms   p99 ms   max ms
  ingress        0.65     0.96     1.18
  events         0.00     0.00     0.03
  movement       0.25     0.33     0.43
  grid           0.23     0.30     0.39
  separate       0.04     0.06     0.18
  history        0.00     0.00     0.02
  shots          0.29     0.48     0.62
  serialize      0.07     0.10     0.13
  assembly       4.43     5.00     5.47
  transport      0.00     0.00     0.01
  egress         0.03     0.06     1.89
  tick           6.25     7.02     8.47
  overruns 0 | spawns 1000 despawns 1000 (72 joins deferred) | deaths 4108 respawns 3841 | stand-ins: repeated 0 frozen 0 | late inputs 0 discarded 0 | bad messages 0 | recv errors 0 send errors 0
  egress (whole run): 3594077 datagrams in 3594077 sends (1.00 per send), 115312 syscalls
  ingress (whole run): 1796142 datagrams in 60789 receive calls (29.55 per call)
  ticks per ladder level (whole run): L0: 1812
  input wait on the server (datagram arrival -> applied): p50 50.3 p99 67.1 max 71.3 mean 50.3 ms
  steady state: stand-ins repeated 0 frozen 0 | late inputs 0 discarded 0
  rewind of near targets (applied step - the input's render step for that tier): p50 242 p99 333 max 348 mean 236.1 ms (n=1783399)
  rewind of mid/far targets (applied step - the input's render step for that tier): p50 367 p99 433 max 435 mean 358.4 ms (n=1783399)
  render times ahead of the server (bogus) 0
  shots 149592 (late 0, refused 2897, rewinds capped 97875) | hits head 2118 body 28518 (after cover 1055, too late 10013), kills 4108 | ground 86348 cover 8051 expired 23370 | segments 4652513 candidates 2667207
