spawn=blob
egress=sendmmsg
ingress=recvmmsg
rx_gather_us=1000
ladder=on
threads=8
keep_awake=on
send_during_assembly=on
worker_cpus=-
rx_cpus=-
shards=64
sockets=1
peak_clients=1000
steady_ticks=1708
steady_secs=56.9
ingress_p50_ms=0.65
ingress_p99_ms=0.96
ingress_max_ms=1.18
events_p50_ms=0.00
events_p99_ms=0.00
events_max_ms=0.03
movement_p50_ms=0.25
movement_p99_ms=0.33
movement_max_ms=0.43
grid_p50_ms=0.23
grid_p99_ms=0.30
grid_max_ms=0.39
separate_p50_ms=0.04
separate_p99_ms=0.06
separate_max_ms=0.18
history_p50_ms=0.00
history_p99_ms=0.00
history_max_ms=0.02
shots_p50_ms=0.29
shots_p99_ms=0.48
shots_max_ms=0.62
serialize_p50_ms=0.07
serialize_p99_ms=0.10
serialize_max_ms=0.13
assembly_p50_ms=4.43
assembly_p99_ms=5.00
assembly_max_ms=5.47
transport_p50_ms=0.00
transport_p99_ms=0.00
transport_max_ms=0.01
egress_p50_ms=0.03
egress_p99_ms=0.06
egress_max_ms=1.89
tick_p50_ms=6.25
tick_p99_ms=7.02
tick_max_ms=8.47
steady_overruns=0
level_mode=0
tick_hz=30
dilation=1
levels=L0:1708
clients_avg=1000
out_pps=60028
in_pps=30017
egress_mbps=369.6
packets_per_client_tick=2.00
wire_bytes_per_client_tick=1539
down_kbps_per_client=369.6
up_kbps_per_client=15.5
recv_per_call=29.65
ingress_thread_busy_max_pct=4.5
ingress_thread_busy_mean_pct=4.5
rx_runq_wait_max_pct=0.04
rx_runq_wait_mean_pct=0.04
ksoftirqd_cpu_pct=0.0
kernel_rcvbuf_drops=0
kernel_sndbuf_drops=0
snapshot_bytes_per_client_tick=1472
near_bytes_per_client_tick=386
activity_bytes_per_client_tick=5.2
near_per_client_tick=64.0
mid_per_client_tick=86.0
far_per_client_tick=0.0
near_scanned_per_query=193
mid_scanned_per_query=249
far_skipped=0
far_starved=0
repeated=0
frozen=0
late_inputs=0
discarded_inputs=0
input_wait_p10_ms=36.9
input_wait_p50_ms=50.3
input_wait_p90_ms=63.7
input_wait_p99_ms=67.1
spawns=1000
despawns=1000
deaths=4108
respawns=3841
shots=149592
shots_late=0
shots_refused=2897
rewinds_capped=97875
rewinds_trimmed=0
rewinds_trimmed_mid=0
renders_held=0
shot_dip_clients=644
shot_dip_flagged=0
hits_head=2118
hits_body=28518
hits_ground=86348
hits_cover=8051
projectiles_expired=23370
kills=4108
hits_after_cover=1055
hits_too_late=10013
events=74108
tracer_bytes=130064533
activity_cells=1845
activity_sent=1839086
activity_bytes=10032805
activity_cut=0
projectile_segments=4652513
hit_candidates=2667207
trim_excess_p50_steps=0.0
trim_excess_p99_steps=0.0
trim_excess_max_steps=0.0
shot_dip_excess_p50_steps=0.0
shot_dip_excess_p99_steps=0.0
shot_dip_excess_max_steps=0.0
held_by_p50_steps=0.0
held_by_p99_steps=0.0
held_by_max_steps=0.0
joins_deferred=72
bad_messages=0
recv_errors=0
send_errors=0
datagrams=3594077
sends=3594077
send_syscalls=115312
rewind_near_p50_ms=242
rewind_near_p99_ms=333
rewind_near_mean_ms=236.1
rewind_mid_p50_ms=367
rewind_mid_p99_ms=433
rewind_mid_mean_ms=358.4
ingress_longest_p50_ms=0.11
ingress_work_p50_ms=4.05
assembly_longest_p50_ms=0.85
assembly_work_p50_ms=32.11
transport_longest_p50_ms=-
transport_work_p50_ms=-
egress_longest_p50_ms=-
egress_work_p50_ms=-
