warning: use of deprecated method `std::sync::atomic::Atomic::<usize>::fetch_update`: renamed to `try_update` for consistency
   --> src/server.rs:140:14
    |
140 |             .fetch_update(Ordering::AcqRel, Ordering::Acquire, |n| (n < self.max_clients).then_some(n + 1))
    |              ^^^^^^^^^^^^
    |
    = note: `#[warn(deprecated)]` on by default
help: replace the use of the deprecated method
    |
140 -             .fetch_update(Ordering::AcqRel, Ordering::Acquire, |n| (n < self.max_clients).then_some(n + 1))
140 +             .try_update(Ordering::AcqRel, Ordering::Acquire, |n| (n < self.max_clients).then_some(n + 1))
    |

== blob, 3000 bots, 60s -> baselines/2026-10-04-scaleway-128t/blob-3k-gso-1
== summary: 1709 steady-state ticks (after warmup, before clients drain), peak 3000 clients ==
  phase        p50 ms   p99 ms   max ms
  ingress        0.89     1.15     1.31
  events         0.92     1.15     1.32
  movement       0.18     0.25     0.58
  grid           0.13     0.21     0.24
  history        0.00     0.00     0.02
  serialize      0.10     0.14     0.16
  assembly       2.47     3.37     3.86
  transport      0.98     1.31     1.49
  egress         2.56     2.95     4.16
  tick           8.30     9.37    10.10
  overruns 0 | spawns 3000 despawns 3000 (5361 joins deferred) | stand-ins: repeated 0 frozen 0 | late inputs 0 discarded 0 | bad messages 0 | recv errors 0 send errors 0
  egress (whole run): 10760216 datagrams in 5383108 sends (2.00 per send), 115264 syscalls
  ticks per ladder level (whole run): L0: 1820
  input wait on the server (datagram arrival -> applied): p50 50.1 p99 66.3 max 69.3 mean 49.9 ms
  steady state: stand-ins repeated 0 frozen 0 | late inputs 0 discarded 0
== bots summary ==
  started 3000 welcomed 3000 failed 0
  join latency ms: p50 300 p99 722 max 858 (n=3000)
  corrections 0 (0.00/bot-minute), mean error 0.000 m, max 0.000 m
  snapshots 5370450 (entities per snapshot: near 64.0 mid 86.0 far 0.0), stale 0, unmatched acks 0, resyncs 0
  input -> applied on server (est. RTT/2 + server wait): p50 54.0 p99 71.0 max 74.0 mean 54.1 ms (n=5369694)
    of which server wait (arrival -> applied): p50 50.1 p99 66.3 max 69.3 mean 49.9 ms (n=5369694)
  input -> seen acked (round trip): p50 67.0 p99 100.0 max 100.0 mean 74.3 ms (n=5369694)
  near entity update interval (tracked bots): p50 66.0 p99 66.0 max 133.0 mean 53.3 ms (n=17171110)
  mid entity update interval (tracked bots): p50 100.0 p99 100.0 max 59700.0 mean 155.1 ms (n=22980075)
  far entity update interval (tracked bots): p50 0.0 p99 0.0 max 0.0 mean 0.0 ms (n=0)
  input clock: 3091 extra inputs, 157 skipped ticks, 0 backlog skips | near decode errors (tracked bots) 0
  bytes down 7620.1 MB up 268.6 MB | swarm busy 5% of its threads' time, tick overruns 0
