spawn=blob
egress=gso
ladder=on
threads=128
shards=64
peak_clients=3000
steady_ticks=1709
steady_secs=56.9
ingress_p50_ms=0.89
ingress_p99_ms=1.15
ingress_max_ms=1.31
events_p50_ms=0.92
events_p99_ms=1.15
events_max_ms=1.32
movement_p50_ms=0.18
movement_p99_ms=0.25
movement_max_ms=0.58
grid_p50_ms=0.13
grid_p99_ms=0.21
grid_max_ms=0.24
history_p50_ms=0.00
history_p99_ms=0.00
history_max_ms=0.02
serialize_p50_ms=0.10
serialize_p99_ms=0.14
serialize_max_ms=0.16
assembly_p50_ms=2.47
assembly_p99_ms=3.37
assembly_max_ms=3.86
transport_p50_ms=0.98
transport_p99_ms=1.31
transport_max_ms=1.49
egress_p50_ms=2.56
egress_p99_ms=2.95
egress_max_ms=4.16
tick_p50_ms=8.30
tick_p99_ms=9.37
tick_max_ms=10.10
steady_overruns=0
level_mode=0
tick_hz=30
dilation=1
levels=L0:1709
clients_avg=3000
out_pps=180081
in_pps=90143
egress_mbps=1020.7
packets_per_client_tick=2.00
wire_bytes_per_client_tick=1417
down_kbps_per_client=340.2
up_kbps_per_client=12.0
kernel_rcvbuf_drops=0
kernel_sndbuf_drops=0
snapshot_bytes_per_client_tick=1347
near_bytes_per_client_tick=355
near_per_client_tick=64.0
mid_per_client_tick=86.0
far_per_client_tick=0.0
far_skipped=0
far_starved=0
repeated=0
frozen=0
late_inputs=0
discarded_inputs=0
input_wait_p50_ms=50.1
input_wait_p99_ms=66.3
spawns=3000
despawns=3000
joins_deferred=5361
bad_messages=0
recv_errors=0
send_errors=0
datagrams=10760216
sends=5383108
send_syscalls=115264
