preallocated connections for 10000 clients in 218.328078ms
listening on 172.16.8.2:40500 | spawn Blob | tiers near 64@150 m, mid 500 m, far 1500 m, budget 6250 B/tick, squads of 4 | 128 rayon threads, 64 shards, 256 accepts/tick, egress Gso | socket buffers rcv 32768 KiB snd 32768 KiB
[    5s] clients 3000 | level 0 (0-0 in window: 30 Hz, dilation 1.0), pace 1.00, 0.0% clients bandwidth-degraded | tick p50 8.53 p99 11.42 max 11.74 ms, 0 overruns | out 151.1k pps 346 kbps/client, 859 Mbps | in 76.6k pps 14 kbps/client | stand-ins: repeated 0.00% frozen 0.00%, 0 late inputs | per client-tick: 1361 B (near 369 B, 97% deltas), near 64.0 mid 86.0 far 0.0, far skipped 0 starved 0 | input wait p50 50.5 p99 66.4 ms | 5361 joins deferred | kernel drops rcv 0 snd 0
         p50/p99 ms: ingress 1.03/2.43  events 0.72/2.26  movement 0.17/0.20  grid 0.12/0.14  history 0.00/0.02  serialize 0.11/0.18  assembly 2.58/4.90  transport 1.10/1.64  egress 2.54/2.94
[   10s] clients 3000 | level 0 (0-0 in window: 30 Hz, dilation 1.0), pace 1.00, 0.0% clients bandwidth-degraded | tick p50 8.47 p99 9.78 max 9.83 ms, 0 overruns | out 180.0k pps 340 kbps/client, 1021 Mbps | in 90.0k pps 12 kbps/client | stand-ins: repeated 0.00% frozen 0.00%, 0 late inputs | per client-tick: 1347 B (near 355 B, 99% deltas), near 64.0 mid 86.0 far 0.0, far skipped 0 starved 0 | input wait p50 50.1 p99 66.3 ms | 0 joins deferred | kernel drops rcv 0 snd 0
         p50/p99 ms: ingress 1.01/1.27  events 0.73/1.06  movement 0.17/0.22  grid 0.12/0.20  history 0.00/0.01  serialize 0.11/0.14  assembly 2.54/3.66  transport 1.07/1.42  egress 2.61/2.95
[   15s] clients 3000 | level 0 (0-0 in window: 30 Hz, dilation 1.0), pace 1.00, 0.0% clients bandwidth-degraded | tick p50 8.21 p99 9.60 max 9.76 ms, 0 overruns | out 180.0k pps 340 kbps/client, 1020 Mbps | in 90.0k pps 12 kbps/client | stand-ins: repeated 0.00% frozen 0.00%, 0 late inputs | per client-tick: 1347 B (near 355 B, 99% deltas), near 64.0 mid 86.0 far 0.0, far skipped 0 starved 0 | input wait p50 50.1 p99 66.3 ms | 0 joins deferred | kernel drops rcv 0 snd 0
         p50/p99 ms: ingress 0.85/1.08  events 0.93/1.15  movement 0.18/0.25  grid 0.13/0.22  history 0.00/0.00  serialize 0.10/0.15  assembly 2.45/2.93  transport 0.96/1.22  egress 2.55/2.91
[   20s] clients 3000 | level 0 (0-0 in window: 30 Hz, dilation 1.0), pace 1.00, 0.0% clients bandwidth-degraded | tick p50 8.34 p99 9.31 max 9.75 ms, 0 overruns | out 180.0k pps 340 kbps/client, 1020 Mbps | in 90.0k pps 12 kbps/client | stand-ins: repeated 0.00% frozen 0.00%, 0 late inputs | per client-tick: 1347 B (near 355 B, 99% deltas), near 64.0 mid 86.0 far 0.0, far skipped 0 starved 0 | input wait p50 50.1 p99 66.3 ms | 0 joins deferred | kernel drops rcv 0 snd 0
         p50/p99 ms: ingress 0.89/1.13  events 0.95/1.26  movement 0.19/0.26  grid 0.13/0.20  history 0.00/0.00  serialize 0.10/0.14  assembly 2.44/3.28  transport 0.98/1.29  egress 2.54/2.95
[   25s] clients 3000 | level 0 (0-0 in window: 30 Hz, dilation 1.0), pace 1.00, 0.0% clients bandwidth-degraded | tick p50 8.36 p99 9.34 max 9.54 ms, 0 overruns | out 180.0k pps 340 kbps/client, 1020 Mbps | in 90.0k pps 12 kbps/client | stand-ins: repeated 0.00% frozen 0.00%, 0 late inputs | per client-tick: 1347 B (near 355 B, 99% deltas), near 64.0 mid 86.0 far 0.0, far skipped 0 starved 0 | input wait p50 50.1 p99 66.3 ms | 0 joins deferred | kernel drops rcv 0 snd 0
         p50/p99 ms: ingress 0.89/1.13  events 0.96/1.29  movement 0.19/0.26  grid 0.12/0.21  history 0.00/0.00  serialize 0.11/0.14  assembly 2.47/3.10  transport 0.98/1.23  egress 2.58/3.04
[   30s] clients 3000 | level 0 (0-0 in window: 30 Hz, dilation 1.0), pace 1.00, 0.0% clients bandwidth-degraded | tick p50 8.37 p99 9.11 max 9.64 ms, 0 overruns | out 180.0k pps 340 kbps/client, 1020 Mbps | in 90.0k pps 12 kbps/client | stand-ins: repeated 0.00% frozen 0.00%, 0 late inputs | per client-tick: 1347 B (near 355 B, 99% deltas), near 64.0 mid 86.0 far 0.0, far skipped 0 starved 0 | input wait p50 50.1 p99 66.3 ms | 0 joins deferred | kernel drops rcv 0 snd 0
         p50/p99 ms: ingress 0.89/1.12  events 0.94/1.19  movement 0.19/0.26  grid 0.13/0.23  history 0.00/0.01  serialize 0.11/0.14  assembly 2.48/3.56  transport 0.98/1.21  egress 2.56/3.05
[   35s] clients 3000 | level 0 (0-0 in window: 30 Hz, dilation 1.0), pace 1.00, 0.0% clients bandwidth-degraded | tick p50 8.29 p99 9.23 max 9.82 ms, 0 overruns | out 180.0k pps 340 kbps/client, 1020 Mbps | in 90.0k pps 12 kbps/client | stand-ins: repeated 0.00% frozen 0.00%, 0 late inputs | per client-tick: 1347 B (near 355 B, 99% deltas), near 64.0 mid 86.0 far 0.0, far skipped 0 starved 0 | input wait p50 50.1 p99 66.3 ms | 0 joins deferred | kernel drops rcv 0 snd 0
         p50/p99 ms: ingress 0.89/1.17  events 0.94/1.12  movement 0.19/0.24  grid 0.13/0.20  history 0.00/0.00  serialize 0.10/0.14  assembly 2.46/3.35  transport 0.99/1.33  egress 2.56/2.86
[   40s] clients 3000 | level 0 (0-0 in window: 30 Hz, dilation 1.0), pace 1.00, 0.0% clients bandwidth-degraded | tick p50 8.25 p99 9.27 max 9.28 ms, 0 overruns | out 180.0k pps 340 kbps/client, 1020 Mbps | in 90.0k pps 12 kbps/client | stand-ins: repeated 0.00% frozen 0.00%, 0 late inputs | per client-tick: 1347 B (near 355 B, 99% deltas), near 64.0 mid 86.0 far 0.0, far skipped 0 starved 0 | input wait p50 50.1 p99 66.3 ms | 0 joins deferred | kernel drops rcv 0 snd 0
         p50/p99 ms: ingress 0.86/1.06  events 0.94/1.14  movement 0.18/0.25  grid 0.13/0.23  history 0.00/0.00  serialize 0.10/0.15  assembly 2.46/3.12  transport 0.96/1.27  egress 2.54/2.92
[   45s] clients 3000 | level 0 (0-0 in window: 30 Hz, dilation 1.0), pace 1.00, 0.0% clients bandwidth-degraded | tick p50 8.22 p99 9.28 max 9.37 ms, 0 overruns | out 180.0k pps 340 kbps/client, 1020 Mbps | in 90.0k pps 12 kbps/client | stand-ins: repeated 0.00% frozen 0.00%, 0 late inputs | per client-tick: 1347 B (near 355 B, 99% deltas), near 64.0 mid 86.0 far 0.0, far skipped 0 starved 0 | input wait p50 50.1 p99 66.3 ms | 0 joins deferred | kernel drops rcv 0 snd 0
         p50/p99 ms: ingress 0.87/1.10  events 0.93/1.15  movement 0.18/0.25  grid 0.13/0.22  history 0.00/0.01  serialize 0.10/0.14  assembly 2.43/3.55  transport 0.96/1.17  egress 2.56/2.95
[   50s] clients 3000 | level 0 (0-0 in window: 30 Hz, dilation 1.0), pace 1.00, 0.0% clients bandwidth-degraded | tick p50 8.23 p99 9.49 max 10.10 ms, 0 overruns | out 180.0k pps 340 kbps/client, 1020 Mbps | in 90.0k pps 12 kbps/client | stand-ins: repeated 0.00% frozen 0.00%, 0 late inputs | per client-tick: 1347 B (near 355 B, 99% deltas), near 64.0 mid 86.0 far 0.0, far skipped 0 starved 0 | input wait p50 50.1 p99 66.3 ms | 0 joins deferred | kernel drops rcv 0 snd 0
         p50/p99 ms: ingress 0.87/1.07  events 0.94/1.15  movement 0.19/0.25  grid 0.13/0.20  history 0.00/0.00  serialize 0.10/0.14  assembly 2.46/3.73  transport 0.95/1.21  egress 2.54/2.90
[   55s] clients 3000 | level 0 (0-0 in window: 30 Hz, dilation 1.0), pace 1.00, 0.0% clients bandwidth-degraded | tick p50 8.27 p99 8.85 max 8.88 ms, 0 overruns | out 180.0k pps 340 kbps/client, 1020 Mbps | in 90.0k pps 12 kbps/client | stand-ins: repeated 0.00% frozen 0.00%, 0 late inputs | per client-tick: 1347 B (near 355 B, 99% deltas), near 64.0 mid 86.0 far 0.0, far skipped 0 starved 0 | input wait p50 50.1 p99 66.3 ms | 0 joins deferred | kernel drops rcv 0 snd 0
         p50/p99 ms: ingress 0.87/1.11  events 0.92/1.22  movement 0.19/0.25  grid 0.13/0.21  history 0.00/0.00  serialize 0.11/0.14  assembly 2.47/3.09  transport 0.95/1.20  egress 2.54/2.89
[   60s] clients 3000 | level 0 (0-0 in window: 30 Hz, dilation 1.0), pace 1.00, 0.0% clients bandwidth-degraded | tick p50 8.23 p99 9.03 max 9.09 ms, 0 overruns | out 180.0k pps 340 kbps/client, 1020 Mbps | in 90.0k pps 12 kbps/client | stand-ins: repeated 0.00% frozen 0.00%, 0 late inputs | per client-tick: 1347 B (near 355 B, 99% deltas), near 64.0 mid 86.0 far 0.0, far skipped 0 starved 0 | input wait p50 50.1 p99 66.4 ms | 0 joins deferred | kernel drops rcv 0 snd 0
         p50/p99 ms: ingress 0.86/1.12  events 0.94/1.14  movement 0.18/0.25  grid 0.13/0.21  history 0.00/0.01  serialize 0.10/0.14  assembly 2.47/3.05  transport 0.96/1.17  egress 2.56/2.95
[   61s] clients 0 | level 0 (0-0 in window: 30 Hz, dilation 1.0), pace 1.00, 0.0% clients bandwidth-degraded | tick p50 8.19 p99 14.37 max 14.37 ms, 0 overruns | out 156.6k pps 344 kbps/client, 891 Mbps | in 97.5k pps 13 kbps/client | stand-ins: repeated 0.00% frozen 0.00%, 0 late inputs | per client-tick: 1353 B (near 361 B, 98% deltas), near 64.0 mid 86.0 far 0.0, far skipped 0 starved 0 | input wait p50 50.4 p99 66.4 ms | 0 joins deferred | kernel drops rcv 0 snd 0
         p50/p99 ms: ingress 0.86/2.69  events 0.96/8.82  movement 0.20/0.24  grid 0.12/0.18  history 0.00/0.00  serialize 0.10/0.15  assembly 2.46/2.93  transport 0.90/1.09  egress 2.48/2.82

== summary: 1709 steady-state ticks (after warmup, before clients drain), peak 3000 clients ==
  phase        p50 ms   p99 ms   max ms
  ingress        0.89     1.15     1.31
  events         0.92     1.15     1.32
  movement       0.18     0.25     0.58
  grid           0.13     0.21     0.24
  history        0.00     0.00     0.02
  serialize      0.10     0.14     0.16
  assembly       2.47     3.37     3.86
  transport      0.98     1.31     1.49
  egress         2.56     2.95     4.16
  tick           8.30     9.37    10.10
  overruns 0 | spawns 3000 despawns 3000 (5361 joins deferred) | stand-ins: repeated 0 frozen 0 | late inputs 0 discarded 0 | bad messages 0 | recv errors 0 send errors 0
  egress (whole run): 10760216 datagrams in 5383108 sends (2.00 per send), 115264 syscalls
  ticks per ladder level (whole run): L0: 1820
  input wait on the server (datagram arrival -> applied): p50 50.1 p99 66.3 max 69.3 mean 49.9 ms
  steady state: stand-ins repeated 0 frozen 0 | late inputs 0 discarded 0
