started=20000
welcomed=20000
failed=0
join_p50_ms=106
join_p99_ms=221
join_max_ms=311
corrections=1303603
corrections_per_bot_minute=16.295
correction_max_m=0.206
push_corrections=38575
push_corrections_per_bot_minute=0.482
push_max_m=0.286
snapshots=77756095
near_per_snapshot=21.9
mid_per_snapshot=59.7
far_per_snapshot=60.7
stale_snapshots=0
resyncs=1733258
input_applied_p50_ms=67.0
input_applied_p99_ms=115.0
input_applied_mean_ms=68.0
server_wait_p50_ms=55.4
server_wait_p99_ms=97.1
server_wait_mean_ms=55.2
round_trip_p50_ms=100.0
round_trip_p99_ms=167.0
round_trip_mean_ms=97.0
slot_work_p50_ms=0.6
slot_work_p99_ms=9.7
slot_work_mean_ms=1.2
slot_late_p50_ms=0.0
slot_late_p99_ms=28.4
slot_late_mean_ms=1.1
near_interval_p50_ms=33.0
near_interval_p99_ms=33.0
near_interval_mean_ms=33.0
mid_interval_p50_ms=100.0
mid_interval_p99_ms=100.0
mid_interval_mean_ms=100.2
far_interval_p50_ms=500.0
far_interval_p99_ms=500.0
far_interval_mean_ms=500.3
slot_late_max_ms=34.0
near_interpolated_pct=99.89
near_extrapolated_pct=0.01
near_held_pct=0.00
near_new_pct=0.10
near_pop_p50_mm=0
near_pop_p99_mm=0
mid_interpolated_pct=99.34
mid_extrapolated_pct=0.22
mid_held_pct=0.12
mid_new_pct=0.32
mid_pop_p50_mm=0
mid_pop_p99_mm=0
far_interpolated_pct=40.18
far_extrapolated_pct=58.75
far_held_pct=0.67
far_new_pct=0.40
far_pop_p50_mm=421
far_pop_p99_mm=3884
render_delay_ms=89.0
render_snaps=0
shots_seen=0
activity_cells=0
activity_shots=0
ambient=0
streak_frames_per_million=16355
clock_slewing_pct=33.01
delay_changes=6561
render_backwards=0
clock_extra=2456453
clock_skipped=4940114
backlog_skips=7
near_decode_errors=0
bytes_down_mb=125079.4
bytes_up_mb=4516.7
swarm_busy_pct=28
swarm_overruns=91779
