== uniform, 20000 bots, 240s -> baselines/2026-10-07-aws-limits/uniform-20k-noladder-1
== summary: 6794 steady-state ticks (after warmup, before clients drain), peak 20000 clients ==
  phase        p50 ms   p99 ms   max ms
  ingress        1.50     3.40     4.58
  events         5.41    10.07    13.64
  movement       1.10     1.98     2.65
  grid           0.52     0.93     1.39
  separate       0.56     1.16     2.00
  history        0.03     0.09     0.30
  shots          0.09     0.49     0.82
  serialize      0.33     0.71     1.58
  assembly       4.11    11.14    13.82
  transport      2.42     5.22     6.13
  egress         5.15    14.49    19.41
  tick          21.51    44.21    48.60
  overruns 1782 | spawns 20000 despawns 20000 (0 joins deferred) | deaths 0 respawns 0 | stand-ins: repeated 3825868 frozen 3686572 | late inputs 3479338 discarded 0 | bad messages 0 | recv errors 0 send errors 0
  egress (whole run): 145355797 datagrams in 145355797 sends (1.00 per send), 831358 syscalls
  ingress (whole run): 71774789 datagrams in 1325076 receive calls (54.17 per call)
  ticks per ladder level (whole run): L0: 7048
  input wait on the server (datagram arrival -> applied): p50 55.1 p99 97.2 max 142.6 mean 55.0 ms
  steady state: stand-ins repeated 3799217 frozen 1573449 | late inputs 3479338 discarded 0
  rewind of near targets (applied step - the input's render step for that tier): p50 149 p99 181 max 268 mean 148.8 ms (n=70017551)
  rewind of mid/far targets (applied step - the input's render step for that tier): p50 282 p99 307 max 364 mean 281.4 ms (n=70017551)
  render times ahead of the server (bogus) 0
  shots 0 (late 0, refused 0, rewinds capped 0) | hits head 0 body 0 (after cover 0, too late 0), kills 0 | ground 0 cover 0 expired 0 | segments 0 candidates 0
== bots summary ==
  started 20000 welcomed 20000 failed 0
  join latency ms: p50 106 p99 221 max 311 (n=20000)
  corrections 1303603 (16.30/bot-minute), mean error 0.077 m, max 0.206 m
  push corrections (the server pushed us apart from a crowd) 38575 (0.48/bot-minute), max 0.286 m
  snapshots 77756095 (entities per snapshot: near 21.9 mid 59.7 far 60.7), stale 0, unmatched acks 0, resyncs 1733258
  input -> applied on server (est. RTT/2 + server wait): p50 67.0 p99 115.0 max 160.0 mean 68.0 ms (n=72378591)
    of which server wait (arrival -> applied): p50 55.4 p99 97.1 max 142.6 mean 55.2 ms (n=72378591)
  input -> seen acked (round trip): p50 100.0 p99 167.0 max 240.0 mean 97.0 ms (n=75740110)
  near entity update interval (tracked bots): p50 33.0 p99 33.0 max 100.0 mean 33.0 ms (n=83277037)
  mid entity update interval (tracked bots): p50 100.0 p99 100.0 max 2200.0 mean 100.2 ms (n=229658953)
  far entity update interval (tracked bots): p50 500.0 p99 500.0 max 2200.0 mean 500.3 ms (n=233165451)
  near drawn (tracked bots): 99.89% interpolated, 0.01% extrapolated, 0.00% held, 0.10% new | pops p50 0 p99 0 max 231 mm
  mid drawn (tracked bots): 99.34% interpolated, 0.22% extrapolated, 0.12% held, 0.32% new | pops p50 0 p99 0 max 20105 mm
  far drawn (tracked bots): 40.18% interpolated, 58.75% extrapolated, 0.67% held, 0.40% new | pops p50 421 p99 3884 max 24018 mm
  render delay (near) 89.0 ms behind the newest step, clock snaps 0 (backwards 0), slewing 33.01% of frames, near delay changes 6561 | streak entity-frames (drawn > 20 m/s) 47510000
  input clock: 2456453 extra inputs, 4940114 skipped ticks, 7 backlog skips | near decode errors (tracked bots) 0
  bytes down 125079.4 MB up 4516.7 MB | swarm busy 28% of its threads' time, tick overruns 91779
