spawn=uniform
egress=sendmmsg
ingress=recvmmsg
rx_gather_us=1000
ladder=off
threads=64
shards=64
sockets=1
peak_clients=20000
steady_ticks=6794
steady_secs=236.9
ingress_p50_ms=1.50
ingress_p99_ms=3.40
ingress_max_ms=4.58
events_p50_ms=5.41
events_p99_ms=10.07
events_max_ms=13.64
movement_p50_ms=1.10
movement_p99_ms=1.98
movement_max_ms=2.65
grid_p50_ms=0.52
grid_p99_ms=0.93
grid_max_ms=1.39
separate_p50_ms=0.56
separate_p99_ms=1.16
separate_max_ms=2.00
history_p50_ms=0.03
history_p99_ms=0.09
history_max_ms=0.30
shots_p50_ms=0.09
shots_p99_ms=0.49
shots_max_ms=0.82
serialize_p50_ms=0.33
serialize_p99_ms=0.71
serialize_max_ms=1.58
assembly_p50_ms=4.11
assembly_p99_ms=11.14
assembly_max_ms=13.82
transport_p50_ms=2.42
transport_p99_ms=5.22
transport_max_ms=6.13
egress_p50_ms=5.15
egress_p99_ms=14.49
egress_max_ms=19.41
tick_p50_ms=21.51
tick_p99_ms=44.21
tick_max_ms=48.60
steady_overruns=1782
level_mode=0
tick_hz=30
dilation=1
levels=L0:6794
clients_avg=11449
out_pps=595606
in_pps=302887
egress_mbps=4224.9
packets_per_client_tick=1.81
wire_bytes_per_client_tick=1609
down_kbps_per_client=369.0
up_kbps_per_client=13.3
recv_per_call=54.24
ingress_thread_busy_max_pct=32.5
ingress_thread_busy_mean_pct=32.5
kernel_rcvbuf_drops=0
kernel_sndbuf_drops=0
snapshot_bytes_per_client_tick=1547
near_bytes_per_client_tick=155
activity_bytes_per_client_tick=0.0
near_per_client_tick=21.9
mid_per_client_tick=59.7
far_per_client_tick=60.7
near_scanned_per_query=26
mid_scanned_per_query=79
far_skipped=0
far_starved=0
repeated=3799217
frozen=1573449
late_inputs=3479338
discarded_inputs=0
input_wait_p10_ms=35.7
input_wait_p50_ms=55.1
input_wait_p90_ms=77.3
input_wait_p99_ms=97.2
spawns=20000
despawns=20000
deaths=0
respawns=0
shots=0
shots_late=0
shots_refused=0
rewinds_capped=0
rewinds_trimmed=0
hits_head=0
hits_body=0
hits_ground=0
hits_cover=0
projectiles_expired=0
kills=0
hits_after_cover=0
hits_too_late=0
events=0
tracer_bytes=0
activity_cells=0
activity_sent=0
activity_bytes=0
activity_cut=0
projectile_segments=0
hit_candidates=0
joins_deferred=0
bad_messages=0
recv_errors=0
send_errors=0
datagrams=145355797
sends=145355797
send_syscalls=831358
rewind_near_p50_ms=149
rewind_near_p99_ms=181
rewind_near_mean_ms=148.8
rewind_mid_p50_ms=282
rewind_mid_p99_ms=307
rewind_mid_mean_ms=281.4
ingress_longest_p50_ms=0.94
ingress_work_p50_ms=46.21
assembly_longest_p50_ms=2.94
assembly_work_p50_ms=143.17
transport_longest_p50_ms=2.06
transport_work_p50_ms=101.85
egress_longest_p50_ms=4.95
egress_work_p50_ms=150.42
