10000 bots -> 172.31.17.93:14500 on 28 threads x 8 slots, ramp 0/s, 60s, 10000 full + 0 sink bots
[    5s] bots 10000/10000 connected, 10000 welcomed, 0 failed | 23.4 snaps/s/bot, entities/snap near 15.1 mid 39.9 far 56.4 | corrections 0.001/s/bot | down 242 up 12 kbps/bot | rtt 16.4 ms loss 0.00% | input->applied ~ p50 58 p99 74 ms, round trip p50 67 p99 100 ms | joins 10000 (p50 739 p99 1553 ms) | server pace 1.00 level 0, 0 bots bandwidth-degraded | swarm busy 22%, overruns 404
[   10s] bots 10000/10000 connected, 10000 welcomed, 0 failed | 29.1 snaps/s/bot, entities/snap near 15.7 mid 41.9 far 58.7 | corrections 0.000/s/bot | down 312 up 15 kbps/bot | rtt 16.5 ms loss 0.00% | input->applied ~ p50 58 p99 74 ms, round trip p50 67 p99 100 ms | joins 0 (p50 0 p99 0 ms) | server pace 1.00 level 0, 0 bots bandwidth-degraded | swarm busy 28%, overruns 0
[   15s] bots 10000/10000 connected, 10000 welcomed, 0 failed | 30.1 snaps/s/bot, entities/snap near 15.7 mid 41.9 far 58.7 | corrections 0.000/s/bot | down 324 up 15 kbps/bot | rtt 16.6 ms loss 0.00% | input->applied ~ p50 58 p99 74 ms, round trip p50 67 p99 100 ms | joins 0 (p50 0 p99 0 ms) | server pace 1.00 level 0, 0 bots bandwidth-degraded | swarm busy 28%, overruns 0
[   20s] bots 10000/10000 connected, 10000 welcomed, 0 failed | 30.1 snaps/s/bot, entities/snap near 15.7 mid 41.9 far 58.7 | corrections 0.000/s/bot | down 324 up 15 kbps/bot | rtt 16.5 ms loss 0.00% | input->applied ~ p50 58 p99 74 ms, round trip p50 67 p99 100 ms | joins 0 (p50 0 p99 0 ms) | server pace 1.00 level 0, 0 bots bandwidth-degraded | swarm busy 28%, overruns 0
[   25s] bots 10000/10000 connected, 10000 welcomed, 0 failed | 30.1 snaps/s/bot, entities/snap near 15.7 mid 41.9 far 58.7 | corrections 0.000/s/bot | down 324 up 15 kbps/bot | rtt 16.5 ms loss 0.00% | input->applied ~ p50 58 p99 74 ms, round trip p50 67 p99 100 ms | joins 0 (p50 0 p99 0 ms) | server pace 1.00 level 0, 0 bots bandwidth-degraded | swarm busy 28%, overruns 0
[   30s] bots 10000/10000 connected, 10000 welcomed, 0 failed | 30.1 snaps/s/bot, entities/snap near 15.7 mid 42.0 far 58.7 | corrections 0.000/s/bot | down 324 up 15 kbps/bot | rtt 16.6 ms loss 0.00% | input->applied ~ p50 58 p99 74 ms, round trip p50 67 p99 100 ms | joins 0 (p50 0 p99 0 ms) | server pace 1.00 level 0, 0 bots bandwidth-degraded | swarm busy 28%, overruns 0
[   35s] bots 10000/10000 connected, 10000 welcomed, 0 failed | 30.2 snaps/s/bot, entities/snap near 15.7 mid 41.9 far 58.7 | corrections 0.000/s/bot | down 324 up 15 kbps/bot | rtt 16.3 ms loss 0.00% | input->applied ~ p50 58 p99 74 ms, round trip p50 67 p99 100 ms | joins 0 (p50 0 p99 0 ms) | server pace 1.00 level 0, 0 bots bandwidth-degraded | swarm busy 28%, overruns 0
[   40s] bots 10000/10000 connected, 10000 welcomed, 0 failed | 30.1 snaps/s/bot, entities/snap near 15.7 mid 42.0 far 58.7 | corrections 0.000/s/bot | down 324 up 15 kbps/bot | rtt 16.5 ms loss 0.00% | input->applied ~ p50 58 p99 74 ms, round trip p50 67 p99 100 ms | joins 0 (p50 0 p99 0 ms) | server pace 1.00 level 0, 0 bots bandwidth-degraded | swarm busy 28%, overruns 0
[   45s] bots 10000/10000 connected, 10000 welcomed, 0 failed | 30.1 snaps/s/bot, entities/snap near 15.7 mid 42.0 far 58.7 | corrections 0.000/s/bot | down 324 up 15 kbps/bot | rtt 16.2 ms loss 0.00% | input->applied ~ p50 58 p99 74 ms, round trip p50 67 p99 100 ms | joins 0 (p50 0 p99 0 ms) | server pace 1.00 level 0, 0 bots bandwidth-degraded | swarm busy 28%, overruns 0
[   50s] bots 10000/10000 connected, 10000 welcomed, 0 failed | 30.1 snaps/s/bot, entities/snap near 15.7 mid 41.9 far 58.7 | corrections 0.000/s/bot | down 324 up 15 kbps/bot | rtt 16.5 ms loss 0.00% | input->applied ~ p50 58 p99 74 ms, round trip p50 67 p99 100 ms | joins 0 (p50 0 p99 0 ms) | server pace 1.00 level 0, 0 bots bandwidth-degraded | swarm busy 28%, overruns 0
[   55s] bots 10000/10000 connected, 10000 welcomed, 0 failed | 30.1 snaps/s/bot, entities/snap near 15.6 mid 41.9 far 58.7 | corrections 0.000/s/bot | down 324 up 15 kbps/bot | rtt 16.5 ms loss 0.00% | input->applied ~ p50 58 p99 74 ms, round trip p50 67 p99 100 ms | joins 0 (p50 0 p99 0 ms) | server pace 1.00 level 0, 0 bots bandwidth-degraded | swarm busy 27%, overruns 0
[   60s] bots 10000/10000 connected, 10000 welcomed, 0 failed | 30.3 snaps/s/bot, entities/snap near 15.7 mid 41.9 far 58.7 | corrections 0.000/s/bot | down 326 up 15 kbps/bot | rtt 16.5 ms loss 0.00% | input->applied ~ p50 58 p99 74 ms, round trip p50 67 p99 100 ms | joins 0 (p50 0 p99 0 ms) | server pace 1.00 level 0, 0 bots bandwidth-degraded | swarm busy 27%, overruns 0

== bots summary ==
  started 10000 welcomed 10000 failed 0
  join latency ms: p50 739 p99 1553 max 1722 (n=10000)
  corrections 29 (0.00/bot-minute), mean error 0.078 m, max 0.144 m
  push corrections (the server pushed us apart from a crowd) 5558 (0.56/bot-minute), max 0.166 m
  snapshots 17767060 (entities per snapshot: near 15.7 mid 41.8 far 58.5), stale 0, unmatched acks 0, resyncs 0
  input -> applied on server (est. RTT/2 + server wait): p50 58.0 p99 74.0 max 94.0 mean 58.2 ms (n=17762390)
    of which server wait (arrival -> applied): p50 49.4 p99 66.4 max 87.8 mean 50.0 ms (n=17762390)
  input -> seen acked (round trip): p50 67.0 p99 100.0 max 141.0 mean 82.6 ms (n=17763309)
  near entity update interval (tracked bots): p50 33.0 p99 33.0 max 100.0 mean 33.0 ms (n=13924693)
  mid entity update interval (tracked bots): p50 100.0 p99 100.0 max 500.0 mean 100.2 ms (n=37535570)
  far entity update interval (tracked bots): p50 500.0 p99 500.0 max 2000.0 mean 500.0 ms (n=51208098)
  near drawn (tracked bots): 99.85% interpolated, 0.02% extrapolated, 0.00% held, 0.13% new | pops p50 0 p99 0 max 120 mm
  mid drawn (tracked bots): 99.52% interpolated, 0.13% extrapolated, 0.01% held, 0.34% new | pops p50 0 p99 0 max 4928 mm
  far drawn (tracked bots): 40.11% interpolated, 58.93% extrapolated, 0.51% held, 0.45% new | pops p50 407 p99 3678 max 21356 mm
  render delay (near) 73.4 ms behind the newest step, clock snaps 0 (backwards 0), slewing 3.83% of frames, near delay changes 310 | streak entity-frames (drawn > 20 m/s) 14421942
  input clock: 13001 extra inputs, 622 skipped ticks, 0 backlog skips | near decode errors (tracked bots) 0
  bytes down 23817.9 MB up 1119.6 MB | swarm busy 27% of its threads' time, tick overruns 404
