preallocated connections for 10000 clients in 249.969451ms
listening on 172.31.17.93:14500 | spawn Uniform | tiers near 64@150 m, mid 500 m, far 1500 m, budget 6250 B/tick, squads of 4 | 64 rayon threads, 64 shards, 1 socket(s), 256 accepts/tick, egress SendMmsg, ingress RecvFrom | socket buffers rcv 32768 KiB snd 32768 KiB
[    5s] clients 10000 | level 0 (0-0 in window: 30 Hz, dilation 1.0), pace 1.00, 0.0% clients bandwidth-degraded | tick p50 18.18 p99 20.28 max 20.83 ms, 0 overruns | out 383.2k pps 308 kbps/client, 2321 Mbps | in 239.9k pps 19 kbps/client, 1.0 per recv, receive thread busy 48% | stand-ins: repeated 0.08% frozen 0.00%, 919 late inputs | per client-tick: 1221 B (near 107 B, 99% deltas), near 14.9 mid 39.5 far 55.8, far skipped 0 starved 0 | input wait p50 49.6 p99 66.4 ms | 56228 joins deferred | kernel drops rcv 0 snd 0
         p50/p99 ms: ingress 1.42/7.52  events 4.09/6.13  movement 0.99/1.24  grid 0.46/0.56  separate 0.53/0.84  history 0.03/0.14  shots 0.07/0.26  serialize 0.32/0.51  assembly 3.32/4.06  transport 2.03/2.91  egress 4.11/5.99
[   10s] clients 10000 | level 0 (0-0 in window: 30 Hz, dilation 1.0), pace 1.00, 0.0% clients bandwidth-degraded | tick p50 18.47 p99 20.17 max 20.56 ms, 0 overruns | out 525.8k pps 323 kbps/client, 3225 Mbps | in 300.0k pps 15 kbps/client, 1.0 per recv, receive thread busy 60% | stand-ins: repeated 0.00% frozen 0.00%, 0 late inputs | per client-tick: 1284 B (near 110 B, 100% deltas), near 15.7 mid 41.9 far 58.7, far skipped 0 starved 0 | input wait p50 49.4 p99 66.4 ms | 0 joins deferred | kernel drops rcv 0 snd 0
         p50/p99 ms: ingress 1.31/1.98  events 4.13/5.09  movement 1.03/1.33  grid 0.47/0.60  separate 0.58/0.99  history 0.02/0.04  shots 0.07/0.26  serialize 0.32/0.40  assembly 3.33/4.17  transport 2.15/3.14  egress 4.78/5.90
[   15s] clients 10000 | level 0 (0-0 in window: 30 Hz, dilation 1.0), pace 1.00, 0.0% clients bandwidth-degraded | tick p50 18.67 p99 19.81 max 20.38 ms, 0 overruns | out 526.1k pps 323 kbps/client, 3227 Mbps | in 299.9k pps 15 kbps/client, 1.0 per recv, receive thread busy 59% | stand-ins: repeated 0.00% frozen 0.00%, 0 late inputs | per client-tick: 1284 B (near 110 B, 100% deltas), near 15.7 mid 41.9 far 58.7, far skipped 0 starved 0 | input wait p50 49.4 p99 66.4 ms | 0 joins deferred | kernel drops rcv 0 snd 0
         p50/p99 ms: ingress 1.36/1.79  events 4.16/5.11  movement 1.03/1.35  grid 0.47/0.54  separate 0.57/0.92  history 0.03/0.05  shots 0.07/0.27  serialize 0.31/0.85  assembly 3.40/4.11  transport 2.15/2.95  egress 4.62/5.78
[   20s] clients 10000 | level 0 (0-0 in window: 30 Hz, dilation 1.0), pace 1.00, 0.0% clients bandwidth-degraded | tick p50 18.49 p99 19.89 max 19.96 ms, 0 overruns | out 526.0k pps 323 kbps/client, 3225 Mbps | in 299.9k pps 15 kbps/client, 1.0 per recv, receive thread busy 59% | stand-ins: repeated 0.00% frozen 0.00%, 0 late inputs | per client-tick: 1284 B (near 110 B, 100% deltas), near 15.7 mid 41.9 far 58.7, far skipped 0 starved 0 | input wait p50 49.4 p99 66.4 ms | 0 joins deferred | kernel drops rcv 0 snd 0
         p50/p99 ms: ingress 1.39/1.93  events 4.17/5.17  movement 1.04/1.34  grid 0.47/0.54  separate 0.58/1.08  history 0.03/0.06  shots 0.07/0.28  serialize 0.32/0.40  assembly 3.36/4.04  transport 2.16/3.01  egress 4.58/5.82
[   25s] clients 10000 | level 0 (0-0 in window: 30 Hz, dilation 1.0), pace 1.00, 0.0% clients bandwidth-degraded | tick p50 18.51 p99 20.55 max 20.69 ms, 0 overruns | out 525.9k pps 323 kbps/client, 3226 Mbps | in 300.0k pps 15 kbps/client, 1.0 per recv, receive thread busy 59% | stand-ins: repeated 0.00% frozen 0.00%, 0 late inputs | per client-tick: 1284 B (near 110 B, 100% deltas), near 15.7 mid 41.9 far 58.7, far skipped 0 starved 0 | input wait p50 49.3 p99 66.4 ms | 0 joins deferred | kernel drops rcv 0 snd 0
         p50/p99 ms: ingress 1.35/1.79  events 4.16/5.12  movement 1.04/1.31  grid 0.47/0.54  separate 0.57/0.98  history 0.03/0.06  shots 0.07/0.27  serialize 0.32/0.59  assembly 3.39/4.10  transport 2.15/3.00  egress 4.63/5.87
[   30s] clients 10000 | level 0 (0-0 in window: 30 Hz, dilation 1.0), pace 1.00, 0.0% clients bandwidth-degraded | tick p50 18.34 p99 20.11 max 21.04 ms, 0 overruns | out 525.8k pps 323 kbps/client, 3226 Mbps | in 300.0k pps 15 kbps/client, 1.0 per recv, receive thread busy 60% | stand-ins: repeated 0.00% frozen 0.00%, 0 late inputs | per client-tick: 1284 B (near 110 B, 100% deltas), near 15.7 mid 42.0 far 58.7, far skipped 0 starved 0 | input wait p50 49.4 p99 66.4 ms | 0 joins deferred | kernel drops rcv 0 snd 0
         p50/p99 ms: ingress 1.36/1.66  events 4.09/5.14  movement 1.04/1.43  grid 0.47/0.55  separate 0.57/1.00  history 0.03/0.04  shots 0.07/0.10  serialize 0.31/0.58  assembly 3.39/4.73  transport 2.18/2.62  egress 4.52/5.91
[   35s] clients 10000 | level 0 (0-0 in window: 30 Hz, dilation 1.0), pace 1.00, 0.0% clients bandwidth-degraded | tick p50 18.54 p99 19.79 max 20.00 ms, 0 overruns | out 525.9k pps 323 kbps/client, 3226 Mbps | in 300.0k pps 15 kbps/client, 1.0 per recv, receive thread busy 59% | stand-ins: repeated 0.00% frozen 0.00%, 0 late inputs | per client-tick: 1284 B (near 110 B, 100% deltas), near 15.7 mid 42.0 far 58.7, far skipped 0 starved 0 | input wait p50 49.4 p99 66.4 ms | 0 joins deferred | kernel drops rcv 0 snd 0
         p50/p99 ms: ingress 1.42/1.90  events 4.13/4.99  movement 1.06/1.39  grid 0.47/0.67  separate 0.58/1.17  history 0.03/0.04  shots 0.07/0.12  serialize 0.31/0.42  assembly 3.36/4.13  transport 2.17/2.74  egress 4.59/5.72
[   40s] clients 10000 | level 0 (0-0 in window: 30 Hz, dilation 1.0), pace 1.00, 0.0% clients bandwidth-degraded | tick p50 18.41 p99 19.84 max 19.90 ms, 0 overruns | out 525.8k pps 323 kbps/client, 3225 Mbps | in 300.0k pps 15 kbps/client, 1.0 per recv, receive thread busy 59% | stand-ins: repeated 0.00% frozen 0.00%, 0 late inputs | per client-tick: 1284 B (near 110 B, 100% deltas), near 15.7 mid 42.0 far 58.7, far skipped 0 starved 0 | input wait p50 49.4 p99 66.4 ms | 0 joins deferred | kernel drops rcv 0 snd 0
         p50/p99 ms: ingress 1.36/1.70  events 4.09/5.05  movement 1.04/1.43  grid 0.47/0.51  separate 0.57/1.16  history 0.03/0.04  shots 0.07/0.23  serialize 0.31/0.39  assembly 3.37/4.17  transport 2.16/2.84  egress 4.69/6.11
[   45s] clients 10000 | level 0 (0-0 in window: 30 Hz, dilation 1.0), pace 1.00, 0.0% clients bandwidth-degraded | tick p50 18.36 p99 19.84 max 19.95 ms, 0 overruns | out 525.9k pps 323 kbps/client, 3227 Mbps | in 300.0k pps 15 kbps/client, 1.0 per recv, receive thread busy 59% | stand-ins: repeated 0.00% frozen 0.00%, 0 late inputs | per client-tick: 1284 B (near 110 B, 100% deltas), near 15.7 mid 42.0 far 58.7, far skipped 0 starved 0 | input wait p50 49.4 p99 66.4 ms | 0 joins deferred | kernel drops rcv 0 snd 0
         p50/p99 ms: ingress 1.36/1.79  events 4.12/4.96  movement 1.03/1.34  grid 0.47/0.74  separate 0.54/0.82  history 0.02/0.04  shots 0.07/0.09  serialize 0.32/0.41  assembly 3.40/4.15  transport 2.19/3.00  egress 4.54/5.89
[   50s] clients 10000 | level 0 (0-0 in window: 30 Hz, dilation 1.0), pace 1.00, 0.0% clients bandwidth-degraded | tick p50 18.29 p99 20.11 max 20.13 ms, 0 overruns | out 525.6k pps 322 kbps/client, 3225 Mbps | in 300.0k pps 15 kbps/client, 1.0 per recv, receive thread busy 60% | stand-ins: repeated 0.00% frozen 0.00%, 0 late inputs | per client-tick: 1284 B (near 110 B, 100% deltas), near 15.7 mid 41.9 far 58.7, far skipped 0 starved 0 | input wait p50 49.3 p99 66.4 ms | 0 joins deferred | kernel drops rcv 0 snd 0
         p50/p99 ms: ingress 1.40/1.83  events 4.07/4.99  movement 1.03/1.37  grid 0.47/0.69  separate 0.56/0.97  history 0.02/0.04  shots 0.07/0.11  serialize 0.32/0.44  assembly 3.42/4.56  transport 2.18/2.89  egress 4.35/6.14
[   55s] clients 10000 | level 0 (0-0 in window: 30 Hz, dilation 1.0), pace 1.00, 0.0% clients bandwidth-degraded | tick p50 18.27 p99 20.24 max 20.31 ms, 0 overruns | out 525.5k pps 322 kbps/client, 3224 Mbps | in 300.0k pps 15 kbps/client, 1.0 per recv, receive thread busy 59% | stand-ins: repeated 0.00% frozen 0.00%, 0 late inputs | per client-tick: 1284 B (near 110 B, 100% deltas), near 15.6 mid 41.9 far 58.7, far skipped 0 starved 0 | input wait p50 49.4 p99 66.4 ms | 0 joins deferred | kernel drops rcv 0 snd 0
         p50/p99 ms: ingress 1.34/1.94  events 4.10/5.24  movement 1.05/1.32  grid 0.47/0.70  separate 0.57/1.20  history 0.02/0.05  shots 0.07/0.26  serialize 0.32/0.43  assembly 3.36/4.52  transport 2.15/2.97  egress 4.49/5.75
[   60s] clients 10000 | level 0 (0-0 in window: 30 Hz, dilation 1.0), pace 1.00, 0.0% clients bandwidth-degraded | tick p50 18.50 p99 20.36 max 20.45 ms, 0 overruns | out 525.6k pps 323 kbps/client, 3226 Mbps | in 300.0k pps 15 kbps/client, 1.0 per recv, receive thread busy 59% | stand-ins: repeated 0.00% frozen 0.00%, 0 late inputs | per client-tick: 1284 B (near 110 B, 100% deltas), near 15.7 mid 41.9 far 58.7, far skipped 0 starved 0 | input wait p50 49.3 p99 66.4 ms | 0 joins deferred | kernel drops rcv 0 snd 0
         p50/p99 ms: ingress 1.37/1.78  events 4.14/5.13  movement 1.05/1.40  grid 0.47/0.64  separate 0.58/1.06  history 0.03/0.05  shots 0.07/0.10  serialize 0.31/0.41  assembly 3.42/4.82  transport 2.16/2.74  egress 4.53/5.83
[   65s] clients 36 | level 0 (0-0 in window: 30 Hz, dilation 1.0), pace 1.00, 0.0% clients bandwidth-degraded | tick p50 2.07 p99 22.85 max 28.22 ms, 0 overruns | out 40.3k pps 305 kbps/client, 241 Mbps | in 27.5k pps 15 kbps/client, 1.0 per recv, receive thread busy 5% | stand-ins: repeated 0.06% frozen 4.13%, 0 late inputs | per client-tick: 1209 B (near 103 B, 100% deltas), near 14.7 mid 39.4 far 55.1, far skipped 0 starved 0 | input wait p50 49.4 p99 66.4 ms | 0 joins deferred | kernel drops rcv 0 snd 0
         p50/p99 ms: ingress 0.47/4.54  events 0.00/9.41  movement 0.19/1.27  grid 0.23/0.48  separate 0.40/0.67  history 0.04/0.06  shots 0.09/0.25  serialize 0.27/0.49  assembly 0.17/3.34  transport 0.09/2.36  egress 0.09/5.34
[   66s] clients 0 | level 0 (0-0 in window: 30 Hz, dilation 1.0), pace 1.00, 0.0% clients bandwidth-degraded | tick p50 2.29 p99 2.57 max 2.57 ms, 0 overruns | out 0.9k pps 20 kbps/client, 1 Mbps | in 0.0k pps 0 kbps/client, 0.0 per recv, receive thread busy 0% | stand-ins: repeated 0.00% frozen 100.00%, 0 late inputs | per client-tick: 54 B (near 0 B, 0% deltas), near 0.0 mid 0.2 far 0.2, far skipped 0 starved 0 | input wait p50 0.0 p99 0.0 ms | 0 joins deferred | kernel drops rcv 0 snd 0
         p50/p99 ms: ingress 0.45/0.50  events 0.00/0.15  movement 0.25/0.53  grid 0.23/0.25  separate 0.42/0.47  history 0.03/0.05  shots 0.19/0.36  serialize 0.30/0.36  assembly 0.20/0.23  transport 0.10/0.16  egress 0.10/0.12

== summary: 1708 steady-state ticks (after warmup, before clients drain), peak 10000 clients ==
  phase        p50 ms   p99 ms   max ms
  ingress        1.37     1.79     2.52
  events         4.12     5.11     5.50
  movement       1.04     1.37     1.77
  grid           0.47     0.58     0.78
  separate       0.57     1.00     1.83
  history        0.03     0.05     0.19
  shots          0.07     0.26     0.35
  serialize      0.31     0.43     1.26
  assembly       3.38     4.17     5.29
  transport      2.16     2.95     7.84
  egress         4.58     5.89     6.67
  tick          18.45    20.04    22.85
  overruns 0 | spawns 10000 despawns 10000 (56228 joins deferred) | deaths 0 respawns 0 | stand-ins: repeated 991 frozen 5256 | late inputs 919 discarded 0 | bad messages 0 | recv errors 0 send errors 0
  egress (whole run): 31114427 datagrams in 31114427 sends (1.00 per send), 209688 syscalls
  ingress (whole run): 17881101 datagrams in 17881101 receive calls (1.00 per call)
  ticks per ladder level (whole run): L0: 1967
  input wait on the server (datagram arrival -> applied): p50 49.4 p99 66.4 max 87.8 mean 50.0 ms
  steady state: stand-ins repeated 0 frozen 0 | late inputs 0 discarded 0
  rewind of near targets (applied step - the input's render step for that tier): p50 133 p99 167 max 192 mean 147.9 ms (n=17625176)
  rewind of mid/far targets (applied step - the input's render step for that tier): p50 267 p99 300 max 308 mean 281.1 ms (n=17625176)
  render times ahead of the server (bogus) 0
  shots 0 (late 0, refused 0, rewinds capped 0) | hits head 0 body 0 (after cover 0, too late 0), kills 0 | ground 0 cover 0 expired 0 | segments 0 candidates 0
