preallocated connections for 10000 clients in 188.01954ms
listening on 127.0.0.1:40540 | spawn Blob | tiers near 64@150 m, mid 500 m, far 1500 m, budget 6250 B/tick, squads of 4 | 8 rayon threads, 64 shards, 256 accepts/tick, egress SendMmsg | socket buffers rcv 8192 KiB snd 8192 KiB
WARNING: token key is the public dev key; anyone can mint tokens for this server (--token-key)
[    5s] clients 1000 | level 0 (0-0 in window: 30 Hz, dilation 1.0), pace 1.00, 0.0% clients bandwidth-degraded | tick p50 7.68 p99 14.43 max 27.51 ms, 0 overruns | out 54.3k pps 348 kbps/client, 310 Mbps | in 26.4k pps 13 kbps/client | stand-ins: repeated 0.04% frozen 0.00%, 50 late inputs | per client-tick: 1376 B (near 385 B, 95% deltas), near 64.0 mid 85.9 far 0.0, far skipped 0 starved 0 | input wait p50 50.2 p99 76.0 ms | 356 joins deferred | kernel drops rcv 0 snd 0
         p50/p99 ms: ingress 0.36/0.99  events 0.10/1.39  movement 0.17/0.24  grid 0.06/0.09  history 0.00/0.01  serialize 0.04/0.07  assembly 2.26/2.99  transport 0.91/1.65  egress 3.84/6.90
[   10s] clients 1000 | level 0 (0-0 in window: 30 Hz, dilation 1.0), pace 1.00, 0.0% clients bandwidth-degraded | tick p50 7.74 p99 9.65 max 9.98 ms, 0 overruns | out 60.0k pps 341 kbps/client, 341 Mbps | in 29.7k pps 12 kbps/client | stand-ins: repeated 0.03% frozen 0.00%, 39 late inputs | per client-tick: 1354 B (near 362 B, 99% deltas), near 64.0 mid 86.0 far 0.0, far skipped 0 starved 0 | input wait p50 51.1 p99 75.6 ms | 0 joins deferred | kernel drops rcv 0 snd 0
         p50/p99 ms: ingress 0.36/0.68  events 0.09/0.18  movement 0.17/0.22  grid 0.05/0.09  history 0.00/0.00  serialize 0.04/0.06  assembly 2.27/2.79  transport 0.92/1.18  egress 3.85/4.96
[   15s] clients 1000 | level 0 (0-0 in window: 30 Hz, dilation 1.0), pace 1.00, 0.0% clients bandwidth-degraded | tick p50 7.70 p99 8.62 max 10.41 ms, 0 overruns | out 60.0k pps 340 kbps/client, 340 Mbps | in 29.7k pps 12 kbps/client | stand-ins: repeated 0.03% frozen 0.00%, 48 late inputs | per client-tick: 1353 B (near 361 B, 99% deltas), near 64.0 mid 86.0 far 0.0, far skipped 0 starved 0 | input wait p50 51.2 p99 75.9 ms | 0 joins deferred | kernel drops rcv 0 snd 0
         p50/p99 ms: ingress 0.35/0.49  events 0.09/0.19  movement 0.17/0.24  grid 0.06/0.08  history 0.00/0.00  serialize 0.04/0.07  assembly 2.27/2.68  transport 0.90/1.22  egress 3.87/4.52
[   20s] clients 1000 | level 0 (0-0 in window: 30 Hz, dilation 1.0), pace 1.00, 0.0% clients bandwidth-degraded | tick p50 7.74 p99 9.72 max 11.04 ms, 0 overruns | out 60.0k pps 340 kbps/client, 340 Mbps | in 29.7k pps 12 kbps/client | stand-ins: repeated 0.03% frozen 0.00%, 43 late inputs | per client-tick: 1353 B (near 361 B, 99% deltas), near 64.0 mid 86.0 far 0.0, far skipped 0 starved 0 | input wait p50 51.3 p99 75.9 ms | 0 joins deferred | kernel drops rcv 0 snd 0
         p50/p99 ms: ingress 0.36/0.73  events 0.10/0.17  movement 0.17/0.22  grid 0.06/0.08  history 0.00/0.00  serialize 0.04/0.06  assembly 2.25/2.77  transport 0.91/1.15  egress 3.82/5.84
[   25s] clients 1000 | level 0 (0-0 in window: 30 Hz, dilation 1.0), pace 1.00, 0.0% clients bandwidth-degraded | tick p50 7.73 p99 9.73 max 10.16 ms, 0 overruns | out 60.0k pps 340 kbps/client, 340 Mbps | in 29.7k pps 12 kbps/client | stand-ins: repeated 0.03% frozen 0.00%, 38 late inputs | per client-tick: 1354 B (near 362 B, 99% deltas), near 64.0 mid 86.0 far 0.0, far skipped 0 starved 0 | input wait p50 51.2 p99 75.7 ms | 0 joins deferred | kernel drops rcv 0 snd 0
         p50/p99 ms: ingress 0.35/0.54  events 0.10/0.15  movement 0.17/0.23  grid 0.06/0.08  history 0.00/0.00  serialize 0.04/0.06  assembly 2.27/3.05  transport 0.91/1.17  egress 3.89/4.93
[   30s] clients 1000 | level 0 (0-0 in window: 30 Hz, dilation 1.0), pace 1.00, 0.0% clients bandwidth-degraded | tick p50 7.77 p99 20.16 max 31.16 ms, 0 overruns | out 60.0k pps 340 kbps/client, 340 Mbps | in 29.7k pps 12 kbps/client | stand-ins: repeated 0.03% frozen 0.00%, 46 late inputs | per client-tick: 1354 B (near 362 B, 99% deltas), near 64.0 mid 86.0 far 0.0, far skipped 0 starved 0 | input wait p50 51.1 p99 76.0 ms | 0 joins deferred | kernel drops rcv 0 snd 0
         p50/p99 ms: ingress 0.36/0.67  events 0.10/0.17  movement 0.17/0.26  grid 0.06/0.08  history 0.00/0.00  serialize 0.04/0.07  assembly 2.28/2.99  transport 0.91/1.17  egress 3.87/15.90
[   35s] clients 1000 | level 0 (0-0 in window: 30 Hz, dilation 1.0), pace 1.00, 0.0% clients bandwidth-degraded | tick p50 7.72 p99 10.00 max 13.05 ms, 0 overruns | out 60.0k pps 340 kbps/client, 340 Mbps | in 29.7k pps 12 kbps/client | stand-ins: repeated 0.03% frozen 0.00%, 40 late inputs | per client-tick: 1354 B (near 362 B, 99% deltas), near 64.0 mid 86.0 far 0.0, far skipped 0 starved 0 | input wait p50 51.1 p99 76.0 ms | 0 joins deferred | kernel drops rcv 0 snd 0
         p50/p99 ms: ingress 0.35/0.54  events 0.10/0.15  movement 0.17/0.23  grid 0.06/0.08  history 0.00/0.00  serialize 0.04/0.06  assembly 2.25/2.68  transport 0.92/1.21  egress 3.85/4.93
[   40s] clients 1000 | level 0 (0-0 in window: 30 Hz, dilation 1.0), pace 1.00, 0.0% clients bandwidth-degraded | tick p50 7.70 p99 9.31 max 9.45 ms, 0 overruns | out 60.0k pps 341 kbps/client, 341 Mbps | in 29.7k pps 12 kbps/client | stand-ins: repeated 0.03% frozen 0.00%, 39 late inputs | per client-tick: 1354 B (near 362 B, 99% deltas), near 64.0 mid 86.0 far 0.0, far skipped 0 starved 0 | input wait p50 51.2 p99 75.7 ms | 0 joins deferred | kernel drops rcv 0 snd 0
         p50/p99 ms: ingress 0.36/0.49  events 0.10/0.18  movement 0.17/0.22  grid 0.05/0.08  history 0.00/0.00  serialize 0.04/0.07  assembly 2.26/2.67  transport 0.89/1.21  egress 3.87/4.50
[   45s] clients 1000 | level 0 (0-0 in window: 30 Hz, dilation 1.0), pace 1.00, 0.0% clients bandwidth-degraded | tick p50 7.73 p99 9.30 max 9.64 ms, 0 overruns | out 60.0k pps 340 kbps/client, 340 Mbps | in 29.7k pps 12 kbps/client | stand-ins: repeated 0.03% frozen 0.00%, 42 late inputs | per client-tick: 1353 B (near 361 B, 99% deltas), near 64.0 mid 86.0 far 0.0, far skipped 0 starved 0 | input wait p50 51.1 p99 75.7 ms | 0 joins deferred | kernel drops rcv 0 snd 0
         p50/p99 ms: ingress 0.35/0.55  events 0.10/0.17  movement 0.17/0.23  grid 0.05/0.07  history 0.00/0.00  serialize 0.04/0.06  assembly 2.26/2.65  transport 0.91/1.17  egress 3.90/4.93
[   50s] clients 1000 | level 0 (0-0 in window: 30 Hz, dilation 1.0), pace 1.00, 0.0% clients bandwidth-degraded | tick p50 7.64 p99 8.96 max 9.93 ms, 0 overruns | out 60.0k pps 341 kbps/client, 341 Mbps | in 29.7k pps 12 kbps/client | stand-ins: repeated 0.03% frozen 0.00%, 44 late inputs | per client-tick: 1355 B (near 363 B, 99% deltas), near 64.0 mid 86.0 far 0.0, far skipped 0 starved 0 | input wait p50 51.1 p99 76.0 ms | 0 joins deferred | kernel drops rcv 0 snd 0
         p50/p99 ms: ingress 0.35/0.56  events 0.10/0.16  movement 0.17/0.29  grid 0.05/0.06  history 0.00/0.00  serialize 0.04/0.06  assembly 2.25/2.98  transport 0.87/1.19  egress 3.84/4.50
[   55s] clients 1000 | level 0 (0-0 in window: 30 Hz, dilation 1.0), pace 1.00, 0.0% clients bandwidth-degraded | tick p50 7.67 p99 8.74 max 8.76 ms, 0 overruns | out 60.0k pps 341 kbps/client, 341 Mbps | in 29.7k pps 12 kbps/client | stand-ins: repeated 0.02% frozen 0.00%, 32 late inputs | per client-tick: 1354 B (near 362 B, 99% deltas), near 64.0 mid 86.0 far 0.0, far skipped 0 starved 0 | input wait p50 51.1 p99 76.0 ms | 0 joins deferred | kernel drops rcv 0 snd 0
         p50/p99 ms: ingress 0.35/0.60  events 0.09/0.16  movement 0.17/0.21  grid 0.06/0.08  history 0.00/0.00  serialize 0.04/0.06  assembly 2.25/2.58  transport 0.90/1.18  egress 3.85/4.38
[   60s] clients 1000 | level 0 (0-0 in window: 30 Hz, dilation 1.0), pace 1.00, 0.0% clients bandwidth-degraded | tick p50 7.71 p99 9.02 max 9.16 ms, 0 overruns | out 60.0k pps 340 kbps/client, 340 Mbps | in 29.7k pps 12 kbps/client | stand-ins: repeated 0.03% frozen 0.00%, 40 late inputs | per client-tick: 1354 B (near 362 B, 99% deltas), near 64.0 mid 86.0 far 0.0, far skipped 0 starved 0 | input wait p50 51.1 p99 76.0 ms | 0 joins deferred | kernel drops rcv 0 snd 0
         p50/p99 ms: ingress 0.35/0.50  events 0.10/0.18  movement 0.17/0.22  grid 0.06/0.07  history 0.00/0.00  serialize 0.04/0.06  assembly 2.25/2.61  transport 0.91/1.28  egress 3.86/4.62
[   65s] clients 1 | level 0 (0-0 in window: 30 Hz, dilation 1.0), pace 1.00, 0.0% clients bandwidth-degraded | tick p50 1.62 p99 8.55 max 15.43 ms, 0 overruns | out 2.7k pps 338 kbps/client, 15 Mbps | in 1.9k pps 13 kbps/client | stand-ins: repeated 0.07% frozen 2.08%, 3 late inputs | per client-tick: 1341 B (near 369 B, 96% deltas), near 62.6 mid 84.2 far 0.0, far skipped 0 starved 0 | input wait p50 51.3 p99 76.2 ms | 0 joins deferred | kernel drops rcv 0 snd 0
         p50/p99 ms: ingress 0.27/0.88  events 0.00/0.76  movement 0.12/0.20  grid 0.04/0.07  history 0.00/0.00  serialize 0.00/0.05  assembly 0.39/2.31  transport 0.23/1.01  egress 0.29/4.75
[   65s] clients 0 | level 0 (0-0 in window: 30 Hz, dilation 1.0), pace 1.00, 0.0% clients bandwidth-degraded | tick p50 1.65 p99 2.23 max 2.23 ms, 0 overruns | out 0.0k pps 15 kbps/client, 0 Mbps | in 0.0k pps 0 kbps/client | stand-ins: repeated 0.00% frozen 100.00%, 0 late inputs | per client-tick: 32 B (near 0 B, 0% deltas), near 0.0 mid 0.0 far 0.0, far skipped 0 starved 0 | input wait p50 0.0 p99 0.0 ms | 0 joins deferred | kernel drops rcv 0 snd 0
         p50/p99 ms: ingress 0.27/0.61  events 0.00/0.01  movement 0.11/0.15  grid 0.04/0.04  history 0.00/0.00  serialize 0.00/0.00  assembly 0.24/0.46  transport 0.22/0.65  egress 0.49/0.75

== summary: 1706 steady-state ticks (after warmup, before clients drain), peak 1000 clients ==
  phase        p50 ms   p99 ms   max ms
  ingress        0.35     0.57     1.11
  events         0.10     0.17     0.30
  movement       0.17     0.22     0.31
  grid           0.06     0.08     0.15
  history        0.00     0.00     0.01
  serialize      0.04     0.06     0.09
  assembly       2.26     2.78     3.56
  transport      0.91     1.18     1.41
  egress         3.87     4.75    25.77
  tick           7.71     9.37    31.16
  overruns 0 | spawns 1000 despawns 1000 (356 joins deferred) | stand-ins: repeated 507 frozen 146 | late inputs 504 discarded 0 | bad messages 0 | recv errors 0 send errors 0
  egress (whole run): 3593131 datagrams in 3593131 sends (1.00 per send), 115346 syscalls
  ticks per ladder level (whole run): L0: 1962
  input wait on the server (datagram arrival -> applied): p50 51.1 p99 75.9 max 118.4 mean 51.3 ms
  steady state: stand-ins repeated 469 frozen 0 | late inputs 468 discarded 0
