warning: use of deprecated method `std::sync::atomic::Atomic::<usize>::fetch_update`: renamed to `try_update` for consistency
   --> src/server.rs:140:14
    |
140 |             .fetch_update(Ordering::AcqRel, Ordering::Acquire, |n| (n < self.max_clients).then_some(n + 1))
    |              ^^^^^^^^^^^^
    |
    = note: `#[warn(deprecated)]` on by default
help: replace the use of the deprecated method
    |
140 -             .fetch_update(Ordering::AcqRel, Ordering::Acquire, |n| (n < self.max_clients).then_some(n + 1))
140 +             .try_update(Ordering::AcqRel, Ordering::Acquire, |n| (n < self.max_clients).then_some(n + 1))
    |

== joins, 5000 bots, 60s -> baselines/2026-10-04-scaleway-128t/joins-5k-1
== summary: 1708 steady-state ticks (after warmup, before clients drain), peak 5500 clients ==
  phase        p50 ms   p99 ms   max ms
  ingress        1.10     1.44     1.56
  events         1.58     2.08     2.37
  movement       0.25     0.31     0.34
  grid           0.29     0.37     0.40
  history        0.00     0.01     0.01
  serialize      0.13     0.17     0.24
  assembly       1.48     2.08     2.33
  transport      0.91     1.24     1.49
  egress         1.59     2.16     2.27
  tick           7.50     8.26     8.98
  overruns 0 | spawns 5500 despawns 5500 (12593 joins deferred) | stand-ins: repeated 0 frozen 0 | late inputs 0 discarded 0 | bad messages 0 | recv errors 0 send errors 0
  egress (whole run): 9559669 datagrams in 9559669 sends (1.00 per send), 115264 syscalls
  ticks per ladder level (whole run): L0: 1820
  input wait on the server (datagram arrival -> applied): p50 50.0 p99 66.4 max 70.8 mean 49.9 ms
  steady state: stand-ins repeated 0 frozen 0 | late inputs 0 discarded 0
== bots summary ==
  started 5000 welcomed 5000 failed 0
  join latency ms: p50 384 p99 882 max 1050 (n=5000)
  corrections 0 (0.00/bot-minute), mean error 0.000 m, max 0.000 m
  snapshots 8937432 (entities per snapshot: near 9.8 mid 22.3 far 34.8), stale 0, unmatched acks 0, resyncs 0
  input -> applied on server (est. RTT/2 + server wait): p50 54.0 p99 70.0 max 75.0 mean 53.8 ms (n=8936335)
    of which server wait (arrival -> applied): p50 50.0 p99 66.1 max 70.8 mean 49.9 ms (n=8936335)
  input -> seen acked (round trip): p50 67.0 p99 100.0 max 100.0 mean 73.4 ms (n=8936335)
  near entity update interval (tracked bots): p50 33.0 p99 33.0 max 100.0 mean 33.0 ms (n=4334503)
  mid entity update interval (tracked bots): p50 100.0 p99 100.0 max 500.0 mean 100.2 ms (n=9606381)
  far entity update interval (tracked bots): p50 500.0 p99 500.0 max 58000.0 mean 508.9 ms (n=15167986)
  input clock: 5218 extra inputs, 332 skipped ticks, 0 backlog skips | near decode errors (tracked bots) 0
  bytes down 6895.5 MB up 447.1 MB | swarm busy 7% of its threads' time, tick overruns 0
== bots summary ==
  started 500 welcomed 500 failed 0
  join latency ms: p50 87 p99 164 max 165 (n=500)
  corrections 0 (0.00/bot-minute), mean error 0.000 m, max 0.000 m
  snapshots 598418 (entities per snapshot: near 10.2 mid 23.1 far 35.4), stale 0, unmatched acks 0, resyncs 0
  input -> applied on server (est. RTT/2 + server wait): p50 54.0 p99 70.0 max 70.0 mean 53.9 ms (n=598310)
    of which server wait (arrival -> applied): p50 50.0 p99 66.6 max 66.7 mean 50.4 ms (n=598310)
  input -> seen acked (round trip): p50 67.0 p99 100.0 max 100.0 mean 74.2 ms (n=598310)
  near entity update interval (tracked bots): p50 33.0 p99 33.0 max 100.0 mean 33.0 ms (n=296929)
  mid entity update interval (tracked bots): p50 100.0 p99 100.0 max 500.0 mean 100.2 ms (n=665037)
  far entity update interval (tracked bots): p50 500.0 p99 500.0 max 41500.0 mean 506.1 ms (n=1045023)
  input clock: 507 extra inputs, 14 skipped ticks, 0 backlog skips | near decode errors (tracked bots) 0
  bytes down 472.3 MB up 29.9 MB | swarm busy 1% of its threads' time, tick overruns 0
