500 bots -> 172.16.8.2:40500 on 24 threads, ramp 50/s, 45s, 500 full + 0 sink bots
[    5s] bots 231/236 connected, 231 welcomed, 0 failed | 13.6 snaps/s/bot, entities/snap near 9.7 mid 22.4 far 34.7 | corrections 0.000/s/bot | down 84 up 6 kbps/bot | rtt 6.6 ms loss 0.00% | input->applied ~ p50 53 p99 70 ms, round trip p50 67 p99 100 ms | joins 231 (p50 88 p99 164 ms) | server pace 0.99 level 0, 0 bots bandwidth-degraded | swarm busy 0%, overruns 0
[   10s] bots 488/495 connected, 488 welcomed, 0 failed | 23.0 snaps/s/bot, entities/snap near 10.2 mid 23.1 far 35.9 | corrections 0.000/s/bot | down 146 up 9 kbps/bot | rtt 7.0 ms loss 0.00% | input->applied ~ p50 54 p99 70 ms, round trip p50 67 p99 100 ms | joins 257 (p50 88 p99 164 ms) | server pace 1.00 level 0, 0 bots bandwidth-degraded | swarm busy 1%, overruns 0
[   15s] bots 500/500 connected, 500 welcomed, 0 failed | 28.3 snaps/s/bot, entities/snap near 10.2 mid 23.2 far 35.3 | corrections 0.000/s/bot | down 179 up 11 kbps/bot | rtt 7.1 ms loss 0.00% | input->applied ~ p50 54 p99 70 ms, round trip p50 67 p99 100 ms | joins 12 (p50 83 p99 155 ms) | server pace 1.00 level 0, 0 bots bandwidth-degraded | swarm busy 1%, overruns 0
[   20s] bots 500/500 connected, 500 welcomed, 0 failed | 30.8 snaps/s/bot, entities/snap near 10.3 mid 23.1 far 35.4 | corrections 0.000/s/bot | down 195 up 12 kbps/bot | rtt 7.0 ms loss 0.00% | input->applied ~ p50 54 p99 70 ms, round trip p50 67 p99 100 ms | joins 0 (p50 0 p99 0 ms) | server pace 1.00 level 0, 0 bots bandwidth-degraded | swarm busy 1%, overruns 0
[   25s] bots 500/500 connected, 500 welcomed, 0 failed | 30.3 snaps/s/bot, entities/snap near 10.2 mid 23.1 far 35.3 | corrections 0.000/s/bot | down 191 up 12 kbps/bot | rtt 6.9 ms loss 0.00% | input->applied ~ p50 54 p99 70 ms, round trip p50 67 p99 100 ms | joins 0 (p50 0 p99 0 ms) | server pace 1.00 level 0, 0 bots bandwidth-degraded | swarm busy 1%, overruns 0
[   30s] bots 500/500 connected, 500 welcomed, 0 failed | 29.5 snaps/s/bot, entities/snap near 10.1 mid 23.1 far 35.4 | corrections 0.000/s/bot | down 186 up 12 kbps/bot | rtt 7.1 ms loss 0.00% | input->applied ~ p50 54 p99 70 ms, round trip p50 67 p99 100 ms | joins 0 (p50 0 p99 0 ms) | server pace 1.00 level 0, 0 bots bandwidth-degraded | swarm busy 1%, overruns 0
[   35s] bots 500/500 connected, 500 welcomed, 0 failed | 30.5 snaps/s/bot, entities/snap near 10.2 mid 23.0 far 35.4 | corrections 0.000/s/bot | down 192 up 12 kbps/bot | rtt 7.0 ms loss 0.00% | input->applied ~ p50 55 p99 70 ms, round trip p50 67 p99 100 ms | joins 0 (p50 0 p99 0 ms) | server pace 1.00 level 0, 0 bots bandwidth-degraded | swarm busy 1%, overruns 0
[   40s] bots 500/500 connected, 500 welcomed, 0 failed | 29.6 snaps/s/bot, entities/snap near 10.2 mid 23.0 far 35.4 | corrections 0.000/s/bot | down 187 up 12 kbps/bot | rtt 7.1 ms loss 0.00% | input->applied ~ p50 53 p99 70 ms, round trip p50 67 p99 100 ms | joins 0 (p50 0 p99 0 ms) | server pace 1.00 level 0, 0 bots bandwidth-degraded | swarm busy 1%, overruns 0
[   45s] bots 500/500 connected, 500 welcomed, 0 failed | 30.2 snaps/s/bot, entities/snap near 10.2 mid 23.1 far 35.4 | corrections 0.000/s/bot | down 191 up 12 kbps/bot | rtt 7.0 ms loss 0.00% | input->applied ~ p50 54 p99 70 ms, round trip p50 67 p99 100 ms | joins 0 (p50 0 p99 0 ms) | server pace 1.00 level 0, 0 bots bandwidth-degraded | swarm busy 1%, overruns 0

== bots summary ==
  started 500 welcomed 500 failed 0
  join latency ms: p50 87 p99 164 max 165 (n=500)
  corrections 0 (0.00/bot-minute), mean error 0.000 m, max 0.000 m
  snapshots 598418 (entities per snapshot: near 10.2 mid 23.1 far 35.4), stale 0, unmatched acks 0, resyncs 0
  input -> applied on server (est. RTT/2 + server wait): p50 54.0 p99 70.0 max 70.0 mean 53.9 ms (n=598310)
    of which server wait (arrival -> applied): p50 50.0 p99 66.6 max 66.7 mean 50.4 ms (n=598310)
  input -> seen acked (round trip): p50 67.0 p99 100.0 max 100.0 mean 74.2 ms (n=598310)
  near entity update interval (tracked bots): p50 33.0 p99 33.0 max 100.0 mean 33.0 ms (n=296929)
  mid entity update interval (tracked bots): p50 100.0 p99 100.0 max 500.0 mean 100.2 ms (n=665037)
  far entity update interval (tracked bots): p50 500.0 p99 500.0 max 41500.0 mean 506.1 ms (n=1045023)
  input clock: 507 extra inputs, 14 skipped ticks, 0 backlog skips | near decode errors (tracked bots) 0
  bytes down 472.3 MB up 29.9 MB | swarm busy 1% of its threads' time, tick overruns 0
