minting tokens with the public dev key (--token-key to change)
10000 bots -> 127.0.0.1:40500 on 8 threads, ramp 0/s, 60s, 10000 full + 0 sink bots
[    5s] bots 10000/10000 connected, 10000 welcomed, 0 failed | 17.3 snaps/s/bot, entities/snap near 14.8 mid 39.0 far 55.5 | corrections 0.000/s/bot | down 172 up 7 kbps/bot | rtt 44.7 ms loss 0.00% | input->applied ~ p50 140 p99 238 ms, round trip p50 167 p99 267 ms | joins 10000 (p50 705 p99 1725 ms) | server pace 0.73 level 0, 0 bots bandwidth-degraded | swarm busy 53%, overruns 11
[   10s] bots 10000/10000 connected, 10000 welcomed, 0 failed | 21.8 snaps/s/bot, entities/snap near 15.7 mid 42.0 far 58.7 | corrections 0.000/s/bot | down 229 up 9 kbps/bot | rtt 46.7 ms loss 0.00% | input->applied ~ p50 110 p99 148 ms, round trip p50 133 p99 169 ms | joins 0 (p50 0 p99 0 ms) | server pace 0.68 level 0, 0 bots bandwidth-degraded | swarm busy 57%, overruns 2
[   15s] bots 10000/10000 connected, 10000 welcomed, 0 failed | 20.2 snaps/s/bot, entities/snap near 15.7 mid 41.9 far 58.7 | corrections 0.000/s/bot | down 213 up 8 kbps/bot | rtt 45.0 ms loss 0.00% | input->applied ~ p50 98 p99 144 ms, round trip p50 133 p99 169 ms | joins 0 (p50 0 p99 0 ms) | server pace 0.71 level 0, 0 bots bandwidth-degraded | swarm busy 56%, overruns 8
[   20s] bots 10000/10000 connected, 10000 welcomed, 0 failed | 21.4 snaps/s/bot, entities/snap near 15.7 mid 42.0 far 58.7 | corrections 0.000/s/bot | down 225 up 9 kbps/bot | rtt 46.7 ms loss 0.00% | input->applied ~ p50 96 p99 142 ms, round trip p50 133 p99 170 ms | joins 0 (p50 0 p99 0 ms) | server pace 0.69 level 0, 0 bots bandwidth-degraded | swarm busy 56%, overruns 6
[   25s] bots 10000/10000 connected, 10000 welcomed, 0 failed | 21.3 snaps/s/bot, entities/snap near 15.7 mid 41.9 far 58.7 | corrections 0.000/s/bot | down 224 up 8 kbps/bot | rtt 45.0 ms loss 0.00% | input->applied ~ p50 92 p99 168 ms, round trip p50 133 p99 204 ms | joins 0 (p50 0 p99 0 ms) | server pace 0.71 level 0, 0 bots bandwidth-degraded | swarm busy 57%, overruns 15
[   30s] bots 10000/10000 connected, 10000 welcomed, 0 failed | 20.8 snaps/s/bot, entities/snap near 15.7 mid 42.0 far 58.7 | corrections 0.000/s/bot | down 219 up 8 kbps/bot | rtt 44.9 ms loss 0.00% | input->applied ~ p50 81 p99 111 ms, round trip p50 100 p99 136 ms | joins 0 (p50 0 p99 0 ms) | server pace 0.73 level 0, 0 bots bandwidth-degraded | swarm busy 57%, overruns 8
[   35s] bots 10000/10000 connected, 10000 welcomed, 0 failed | 21.4 snaps/s/bot, entities/snap near 15.7 mid 42.0 far 58.7 | corrections 0.000/s/bot | down 224 up 9 kbps/bot | rtt 47.4 ms loss 0.00% | input->applied ~ p50 111 p99 146 ms, round trip p50 133 p99 170 ms | joins 0 (p50 0 p99 0 ms) | server pace 0.69 level 0, 0 bots bandwidth-degraded | swarm busy 56%, overruns 0
[   40s] bots 10000/10000 connected, 10000 welcomed, 0 failed | 19.1 snaps/s/bot, entities/snap near 15.7 mid 41.9 far 58.7 | corrections 0.000/s/bot | down 201 up 8 kbps/bot | rtt 49.0 ms loss 0.00% | input->applied ~ p50 121 p99 214 ms, round trip p50 167 p99 244 ms | joins 0 (p50 0 p99 0 ms) | server pace 0.67 level 0, 0 bots bandwidth-degraded | swarm busy 55%, overruns 40
[   45s] bots 10000/10000 connected, 10000 welcomed, 0 failed | 20.8 snaps/s/bot, entities/snap near 15.7 mid 41.9 far 58.7 | corrections 0.000/s/bot | down 219 up 8 kbps/bot | rtt 45.6 ms loss 0.00% | input->applied ~ p50 79 p99 110 ms, round trip p50 100 p99 137 ms | joins 0 (p50 0 p99 0 ms) | server pace 0.71 level 0, 0 bots bandwidth-degraded | swarm busy 56%, overruns 16
[   50s] bots 10000/10000 connected, 10000 welcomed, 0 failed | 20.1 snaps/s/bot, entities/snap near 15.7 mid 41.9 far 58.7 | corrections 0.000/s/bot | down 212 up 8 kbps/bot | rtt 47.6 ms loss 0.00% | input->applied ~ p50 114 p99 150 ms, round trip p50 166 p99 169 ms | joins 0 (p50 0 p99 0 ms) | server pace 0.67 level 0, 0 bots bandwidth-degraded | swarm busy 57%, overruns 6
[   55s] bots 10000/10000 connected, 10000 welcomed, 0 failed | 20.3 snaps/s/bot, entities/snap near 15.7 mid 41.9 far 58.6 | corrections 0.000/s/bot | down 213 up 8 kbps/bot | rtt 48.7 ms loss 0.00% | input->applied ~ p50 110 p99 158 ms, round trip p50 133 p99 200 ms | joins 0 (p50 0 p99 0 ms) | server pace 0.65 level 0, 0 bots bandwidth-degraded | swarm busy 56%, overruns 19
[   60s] bots 10000/10000 connected, 10000 welcomed, 0 failed | 20.9 snaps/s/bot, entities/snap near 15.7 mid 41.9 far 58.6 | corrections 0.000/s/bot | down 219 up 8 kbps/bot | rtt 45.4 ms loss 0.00% | input->applied ~ p50 91 p99 145 ms, round trip p50 133 p99 169 ms | joins 0 (p50 0 p99 0 ms) | server pace 0.71 level 0, 0 bots bandwidth-degraded | swarm busy 57%, overruns 8

== bots summary ==
  started 10000 welcomed 10000 failed 0
  join latency ms: p50 705 p99 1725 max 1896 (n=10000)
  corrections 12 (0.00/bot-minute), mean error 0.065 m, max 0.067 m
  snapshots 12320445 (entities per snapshot: near 15.6 mid 41.7 far 58.4), stale 0, unmatched acks 0, resyncs 0
  input -> applied on server (est. RTT/2 + server wait): p50 100.0 p99 204.0 max 274.0 mean 102.7 ms (n=12314299)
    of which server wait (arrival -> applied): p50 76.0 p99 179.9 max 245.9 mean 79.4 ms (n=12314299)
  input -> seen acked (round trip): p50 133.0 p99 234.0 max 300.0 mean 137.1 ms (n=12314910)
  near entity update interval (tracked bots): p50 33.0 p99 33.0 max 100.0 mean 33.0 ms (n=9654383)
  mid entity update interval (tracked bots): p50 100.0 p99 100.0 max 500.0 mean 100.2 ms (n=25256018)
  far entity update interval (tracked bots): p50 500.0 p99 500.0 max 41000.0 mean 512.8 ms (n=35087592)
  input clock: 10591 extra inputs, 5433258 skipped ticks, 26520 backlog skips | near decode errors (tracked bots) 0
  bytes down 16115.4 MB up 616.3 MB | swarm busy 56% of its threads' time, tick overruns 139
