preallocated connections for 10000 clients in 234.550195ms
listening on 127.0.0.1:40500 | spawn Uniform | tiers near 64@150 m, mid 500 m, far 1500 m, budget 6250 B/tick, squads of 4 | 8 rayon threads, 64 shards, 256 accepts/tick, egress SendMmsg | socket buffers rcv 8192 KiB snd 8192 KiB
WARNING: token key is the public dev key; anyone can mint tokens for this server (--token-key)
[    5s] clients 10000 | level 0 (0-0 in window: 30 Hz, dilation 1.0), pace 0.73, 0.0% clients bandwidth-degraded | tick p50 43.85 p99 53.49 max 60.05 ms, 80 overruns | out 291.3k pps 235 kbps/client, 1729 Mbps | in 189.3k pps 14 kbps/client | stand-ins: repeated 0.00% frozen 0.00%, 0 late inputs | per client-tick: 1171 B (near 93 B, 98% deltas), near 14.7 mid 38.6 far 54.8, far skipped 0 starved 0 | input wait p50 117.1 p99 215.2 ms | 53207 joins deferred | kernel drops rcv 0 snd 0
         p50/p99 ms: ingress 3.15/5.56  events 2.31/6.34  movement 0.44/0.88  grid 0.22/0.35  history 0.01/0.10  serialize 0.50/1.10  assembly 13.13/17.73  transport 8.19/11.12  egress 14.53/20.38
[   10s] clients 10000 | level 0 (0-0 in window: 30 Hz, dilation 1.0), pace 0.69, 0.0% clients bandwidth-degraded | tick p50 47.44 p99 53.72 max 53.99 ms, 105 overruns | out 365.2k pps 220 kbps/client, 2198 Mbps | in 210.2k pps 8 kbps/client | stand-ins: repeated 0.00% frozen 0.00%, 0 late inputs | per client-tick: 1254 B (near 96 B, 100% deltas), near 15.7 mid 42.0 far 58.7, far skipped 0 starved 0 | input wait p50 86.6 p99 123.5 ms | 0 joins deferred | kernel drops rcv 0 snd 0
         p50/p99 ms: ingress 3.58/4.75  events 2.21/3.04  movement 0.50/0.97  grid 0.25/0.35  history 0.01/0.01  serialize 0.42/0.94  assembly 14.14/17.18  transport 8.78/11.04  egress 17.51/20.26
[   15s] clients 10000 | level 0 (0-0 in window: 30 Hz, dilation 1.0), pace 0.71, 0.0% clients bandwidth-degraded | tick p50 47.22 p99 56.60 max 61.68 ms, 106 overruns | out 368.4k pps 222 kbps/client, 2218 Mbps | in 209.5k pps 8 kbps/client | stand-ins: repeated 0.00% frozen 0.00%, 0 late inputs | per client-tick: 1254 B (near 96 B, 100% deltas), near 15.7 mid 41.9 far 58.7, far skipped 0 starved 0 | input wait p50 75.6 p99 119.6 ms | 0 joins deferred | kernel drops rcv 0 snd 0
         p50/p99 ms: ingress 3.47/5.24  events 2.12/3.01  movement 0.48/0.97  grid 0.26/0.34  history 0.01/0.01  serialize 0.38/2.03  assembly 13.94/18.53  transport 8.86/12.74  egress 17.51/19.97
[   20s] clients 10000 | level 0 (0-0 in window: 30 Hz, dilation 1.0), pace 0.69, 0.0% clients bandwidth-degraded | tick p50 47.43 p99 57.97 max 58.81 ms, 106 overruns | out 367.6k pps 221 kbps/client, 2214 Mbps | in 212.6k pps 9 kbps/client | stand-ins: repeated 0.00% frozen 0.00%, 0 late inputs | per client-tick: 1254 B (near 96 B, 100% deltas), near 15.7 mid 42.0 far 58.7, far skipped 0 starved 0 | input wait p50 73.9 p99 117.2 ms | 0 joins deferred | kernel drops rcv 0 snd 0
         p50/p99 ms: ingress 3.71/4.58  events 2.14/3.20  movement 0.50/3.94  grid 0.26/0.34  history 0.01/0.01  serialize 0.43/0.79  assembly 13.92/17.08  transport 8.80/11.01  egress 17.45/20.57
[   25s] clients 10000 | level 0 (0-0 in window: 30 Hz, dilation 1.0), pace 0.71, 0.0% clients bandwidth-degraded | tick p50 47.48 p99 62.51 max 68.21 ms, 104 overruns | out 362.4k pps 218 kbps/client, 2183 Mbps | in 206.3k pps 8 kbps/client | stand-ins: repeated 0.01% frozen 0.00%, 113 late inputs | per client-tick: 1254 B (near 96 B, 100% deltas), near 15.7 mid 41.9 far 58.7, far skipped 0 starved 0 | input wait p50 69.3 p99 143.2 ms | 0 joins deferred | kernel drops rcv 0 snd 0
         p50/p99 ms: ingress 3.61/6.31  events 2.05/3.17  movement 0.50/4.28  grid 0.26/0.37  history 0.01/0.01  serialize 0.41/0.90  assembly 13.99/24.55  transport 8.78/12.53  egress 17.53/22.02
[   30s] clients 10000 | level 0 (0-0 in window: 30 Hz, dilation 1.0), pace 0.73, 0.0% clients bandwidth-degraded | tick p50 45.92 p99 53.29 max 63.02 ms, 109 overruns | out 378.0k pps 228 kbps/client, 2277 Mbps | in 217.2k pps 9 kbps/client | stand-ins: repeated 0.00% frozen 0.00%, 0 late inputs | per client-tick: 1254 B (near 96 B, 100% deltas), near 15.7 mid 42.0 far 58.7, far skipped 0 starved 0 | input wait p50 58.3 p99 87.3 ms | 0 joins deferred | kernel drops rcv 0 snd 0
         p50/p99 ms: ingress 3.62/4.86  events 2.11/2.83  movement 0.47/2.07  grid 0.25/0.33  history 0.01/0.01  serialize 0.43/1.22  assembly 13.59/16.44  transport 8.52/10.13  egress 16.72/19.42
[   35s] clients 10000 | level 0 (0-0 in window: 30 Hz, dilation 1.0), pace 0.69, 0.0% clients bandwidth-degraded | tick p50 47.94 p99 55.52 max 55.60 ms, 105 overruns | out 363.3k pps 219 kbps/client, 2188 Mbps | in 210.2k pps 8 kbps/client | stand-ins: repeated 0.00% frozen 0.00%, 0 late inputs | per client-tick: 1254 B (near 96 B, 100% deltas), near 15.7 mid 42.0 far 58.7, far skipped 0 starved 0 | input wait p50 88.1 p99 120.7 ms | 0 joins deferred | kernel drops rcv 0 snd 0
         p50/p99 ms: ingress 3.60/4.60  events 2.17/3.13  movement 0.48/1.08  grid 0.26/0.34  history 0.01/0.01  serialize 0.38/0.95  assembly 13.90/18.41  transport 9.02/10.35  egress 17.81/21.14
[   40s] clients 10000 | level 0 (0-0 in window: 30 Hz, dilation 1.0), pace 0.67, 0.0% clients bandwidth-degraded | tick p50 49.40 p99 86.15 max 86.15 ms, 98 overruns | out 340.7k pps 205 kbps/client, 2052 Mbps | in 192.5k pps 8 kbps/client | stand-ins: repeated 0.02% frozen 0.00%, 148 late inputs | per client-tick: 1254 B (near 96 B, 100% deltas), near 15.7 mid 41.9 far 58.7, far skipped 0 starved 0 | input wait p50 94.5 p99 187.4 ms | 0 joins deferred | kernel drops rcv 0 snd 0
         p50/p99 ms: ingress 3.84/7.52  events 2.31/8.91  movement 0.59/3.01  grid 0.29/0.43  history 0.01/0.02  serialize 0.42/8.79  assembly 15.12/41.34  transport 9.33/13.22  egress 17.50/24.74
[   45s] clients 10000 | level 0 (0-0 in window: 30 Hz, dilation 1.0), pace 0.71, 0.0% clients bandwidth-degraded | tick p50 48.22 p99 56.11 max 57.25 ms, 104 overruns | out 360.0k pps 217 kbps/client, 2168 Mbps | in 206.3k pps 8 kbps/client | stand-ins: repeated 0.00% frozen 0.00%, 50 late inputs | per client-tick: 1254 B (near 96 B, 100% deltas), near 15.7 mid 41.9 far 58.7, far skipped 0 starved 0 | input wait p50 55.5 p99 84.6 ms | 0 joins deferred | kernel drops rcv 0 snd 0
         p50/p99 ms: ingress 3.69/5.64  events 2.12/3.40  movement 0.52/3.26  grid 0.27/0.36  history 0.01/0.01  serialize 0.40/2.92  assembly 14.68/18.74  transport 9.18/11.04  egress 17.13/19.82
[   50s] clients 10000 | level 0 (0-0 in window: 30 Hz, dilation 1.0), pace 0.67, 0.0% clients bandwidth-degraded | tick p50 49.43 p99 55.05 max 62.20 ms, 102 overruns | out 352.4k pps 212 kbps/client, 2121 Mbps | in 203.7k pps 8 kbps/client | stand-ins: repeated 0.00% frozen 0.00%, 0 late inputs | per client-tick: 1254 B (near 96 B, 100% deltas), near 15.7 mid 41.9 far 58.7, far skipped 0 starved 0 | input wait p50 91.4 p99 124.6 ms | 0 joins deferred | kernel drops rcv 0 snd 0
         p50/p99 ms: ingress 3.54/4.81  events 2.23/2.94  movement 0.48/1.01  grid 0.26/0.37  history 0.01/0.02  serialize 0.40/1.11  assembly 14.24/21.61  transport 9.15/12.26  egress 18.77/20.98
[   55s] clients 10000 | level 0 (0-0 in window: 30 Hz, dilation 1.0), pace 0.65, 0.0% clients bandwidth-degraded | tick p50 49.15 p99 68.78 max 75.33 ms, 101 overruns | out 349.8k pps 211 kbps/client, 2106 Mbps | in 200.0k pps 8 kbps/client | stand-ins: repeated 0.00% frozen 0.00%, 0 late inputs | per client-tick: 1253 B (near 96 B, 100% deltas), near 15.7 mid 41.9 far 58.6, far skipped 0 starved 0 | input wait p50 85.8 p99 133.6 ms | 0 joins deferred | kernel drops rcv 0 snd 0
         p50/p99 ms: ingress 3.66/7.04  events 2.18/4.07  movement 0.49/3.20  grid 0.27/0.37  history 0.01/0.02  serialize 0.40/0.84  assembly 14.22/19.03  transport 9.15/13.43  egress 18.35/25.38
[   60s] clients 10000 | level 0 (0-0 in window: 30 Hz, dilation 1.0), pace 0.70, 0.0% clients bandwidth-degraded | tick p50 47.60 p99 59.05 max 61.37 ms, 105 overruns | out 363.9k pps 219 kbps/client, 2191 Mbps | in 207.8k pps 8 kbps/client | stand-ins: repeated 0.03% frozen 0.00%, 300 late inputs | per client-tick: 1254 B (near 96 B, 100% deltas), near 15.7 mid 41.9 far 58.7, far skipped 0 starved 0 | input wait p50 65.7 p99 119.7 ms | 0 joins deferred | kernel drops rcv 0 snd 0
         p50/p99 ms: ingress 3.58/4.93  events 2.12/3.12  movement 0.49/1.46  grid 0.25/0.36  history 0.01/0.01  serialize 0.41/3.75  assembly 13.88/17.56  transport 8.92/10.18  egress 17.73/20.73
[   60s] clients 0 | level 0 (0-0 in window: 30 Hz, dilation 1.0), pace 0.71, 0.0% clients bandwidth-degraded | tick p50 30.23 p99 43.35 max 43.35 ms, 1 overruns | out 238.3k pps 289 kbps/client, 1396 Mbps | in 348.3k pps 12 kbps/client | stand-ins: repeated 0.00% frozen 0.00%, 0 late inputs | per client-tick: 1057 B (near 83 B, 100% deltas), near 13.3 mid 34.7 far 49.4, far skipped 0 starved 0 | input wait p50 58.8 p99 74.8 ms | 0 joins deferred | kernel drops rcv 0 snd 0
         p50/p99 ms: ingress 3.30/3.65  events 8.22/11.95  movement 0.53/0.61  grid 0.20/0.23  history 0.01/0.01  serialize 0.34/0.82  assembly 4.53/13.46  transport 4.72/8.37  egress 4.80/14.65

== summary: 1180 steady-state ticks (after warmup, before clients drain), peak 10000 clients ==
  phase        p50 ms   p99 ms   max ms
  ingress        3.62     6.21    10.84
  events         2.15     3.49    13.94
  movement       0.49     2.67     8.45
  grid           0.26     0.37     0.95
  history        0.01     0.02     0.04
  serialize      0.41     1.43     9.41
  assembly      14.06    21.04    41.34
  transport      8.95    12.53    18.14
  egress        17.60    21.20    30.36
  tick          47.84    62.51    86.15
  overruns 1180 | spawns 10000 despawns 10000 (53207 joins deferred) | stand-ins: repeated 611 frozen 0 | late inputs 611 discarded 0 | bad messages 0 | recv errors 0 send errors 0
  egress (whole run): 21458724 datagrams in 21458724 sends (1.00 per send), 137209 syscalls
  ticks per ladder level (whole run): L0: 1268
  input wait on the server (datagram arrival -> applied): p50 76.0 p99 179.9 max 245.9 mean 79.4 ms
  steady state: stand-ins repeated 611 frozen 0 | late inputs 611 discarded 0
