minting tokens with the public dev key (--token-key to change)
5000 bots -> 127.0.0.1:40500 on 8 threads, ramp 0/s, 60s, 5000 full + 0 sink bots
[    5s] bots 5000/5000 connected, 5000 welcomed, 0 failed | 25.6 snaps/s/bot, entities/snap near 9.3 mid 20.5 far 32.0 | corrections 0.000/s/bot | down 148 up 10 kbps/bot | rtt 20.1 ms loss 0.00% | input->applied ~ p50 58 p99 77 ms, round trip p50 67 p99 100 ms | joins 5000 (p50 383 p99 912 ms) | server pace 1.00 level 0, 0 bots bandwidth-degraded | swarm busy 34%, overruns 0
[   10s] bots 5000/5000 connected, 5000 welcomed, 0 failed | 31.3 snaps/s/bot, entities/snap near 9.4 mid 20.9 far 32.7 | corrections 0.000/s/bot | down 183 up 13 kbps/bot | rtt 21.2 ms loss 0.00% | input->applied ~ p50 58 p99 77 ms, round trip p50 67 p99 100 ms | joins 0 (p50 0 p99 0 ms) | server pace 1.00 level 0, 0 bots bandwidth-degraded | swarm busy 36%, overruns 0
[   15s] bots 5000/5000 connected, 5000 welcomed, 0 failed | 28.5 snaps/s/bot, entities/snap near 9.4 mid 20.9 far 32.7 | corrections 0.000/s/bot | down 167 up 11 kbps/bot | rtt 19.5 ms loss 0.00% | input->applied ~ p50 58 p99 77 ms, round trip p50 67 p99 100 ms | joins 0 (p50 0 p99 0 ms) | server pace 1.00 level 0, 0 bots bandwidth-degraded | swarm busy 35%, overruns 0
[   20s] bots 5000/5000 connected, 5000 welcomed, 0 failed | 30.7 snaps/s/bot, entities/snap near 9.5 mid 21.4 far 33.4 | corrections 0.000/s/bot | down 183 up 12 kbps/bot | rtt 22.4 ms loss 0.00% | input->applied ~ p50 60 p99 80 ms, round trip p50 99 p99 101 ms | joins 0 (p50 0 p99 0 ms) | server pace 1.00 level 0, 0 bots bandwidth-degraded | swarm busy 38%, overruns 2
[   25s] bots 5000/5000 connected, 5000 welcomed, 0 failed | 30.7 snaps/s/bot, entities/snap near 9.9 mid 22.4 far 35.1 | corrections 0.000/s/bot | down 191 up 12 kbps/bot | rtt 23.2 ms loss 0.00% | input->applied ~ p50 61 p99 79 ms, round trip p50 100 p99 100 ms | joins 0 (p50 0 p99 0 ms) | server pace 1.00 level 0, 0 bots bandwidth-degraded | swarm busy 37%, overruns 0
[   30s] bots 5000/5000 connected, 5000 welcomed, 0 failed | 28.5 snaps/s/bot, entities/snap near 10.0 mid 23.0 far 35.9 | corrections 0.000/s/bot | down 181 up 11 kbps/bot | rtt 22.1 ms loss 0.00% | input->applied ~ p50 63 p99 83 ms, round trip p50 100 p99 100 ms | joins 0 (p50 0 p99 0 ms) | server pace 1.00 level 0, 0 bots bandwidth-degraded | swarm busy 36%, overruns 0
[   35s] bots 5000/5000 connected, 5000 welcomed, 0 failed | 31.2 snaps/s/bot, entities/snap near 10.0 mid 23.0 far 35.9 | corrections 0.000/s/bot | down 198 up 12 kbps/bot | rtt 20.2 ms loss 0.00% | input->applied ~ p50 60 p99 78 ms, round trip p50 67 p99 100 ms | joins 0 (p50 0 p99 0 ms) | server pace 1.00 level 0, 0 bots bandwidth-degraded | swarm busy 35%, overruns 0
[   40s] bots 5000/5000 connected, 5000 welcomed, 0 failed | 28.9 snaps/s/bot, entities/snap near 10.0 mid 23.0 far 35.9 | corrections 0.000/s/bot | down 183 up 12 kbps/bot | rtt 20.3 ms loss 0.00% | input->applied ~ p50 59 p99 78 ms, round trip p50 67 p99 100 ms | joins 0 (p50 0 p99 0 ms) | server pace 1.00 level 0, 0 bots bandwidth-degraded | swarm busy 34%, overruns 0
[   45s] bots 5000/5000 connected, 5000 welcomed, 0 failed | 30.8 snaps/s/bot, entities/snap near 10.0 mid 23.0 far 35.9 | corrections 0.000/s/bot | down 195 up 12 kbps/bot | rtt 20.1 ms loss 0.00% | input->applied ~ p50 60 p99 77 ms, round trip p50 67 p99 100 ms | joins 0 (p50 0 p99 0 ms) | server pace 1.00 level 0, 0 bots bandwidth-degraded | swarm busy 34%, overruns 0
[   50s] bots 5000/5000 connected, 5000 welcomed, 0 failed | 30.4 snaps/s/bot, entities/snap near 10.0 mid 23.0 far 35.9 | corrections 0.000/s/bot | down 193 up 12 kbps/bot | rtt 20.2 ms loss 0.00% | input->applied ~ p50 60 p99 77 ms, round trip p50 67 p99 100 ms | joins 0 (p50 0 p99 0 ms) | server pace 1.00 level 0, 0 bots bandwidth-degraded | swarm busy 34%, overruns 0
[   55s] bots 5000/5000 connected, 5000 welcomed, 0 failed | 28.7 snaps/s/bot, entities/snap near 10.0 mid 23.0 far 35.9 | corrections 0.000/s/bot | down 182 up 11 kbps/bot | rtt 21.3 ms loss 0.00% | input->applied ~ p50 60 p99 78 ms, round trip p50 67 p99 100 ms | joins 0 (p50 0 p99 0 ms) | server pace 1.00 level 0, 0 bots bandwidth-degraded | swarm busy 35%, overruns 0
[   60s] bots 5000/5000 connected, 5000 welcomed, 0 failed | 30.8 snaps/s/bot, entities/snap near 10.0 mid 23.0 far 35.9 | corrections 0.000/s/bot | down 196 up 12 kbps/bot | rtt 20.9 ms loss 0.00% | input->applied ~ p50 60 p99 78 ms, round trip p50 67 p99 100 ms | joins 0 (p50 0 p99 0 ms) | server pace 1.00 level 0, 0 bots bandwidth-degraded | swarm busy 35%, overruns 0

== bots summary ==
  started 5000 welcomed 5000 failed 0
  join latency ms: p50 383 p99 912 max 1291 (n=5000)
  corrections 0 (0.00/bot-minute), mean error 0.000 m, max 0.000 m
  snapshots 8934304 (entities per snapshot: near 9.8 mid 22.3 far 34.8), stale 0, unmatched acks 0, resyncs 0
  input -> applied on server (est. RTT/2 + server wait): p50 60.0 p99 78.0 max 94.0 mean 60.7 ms (n=8932351)
    of which server wait (arrival -> applied): p50 50.5 p99 66.6 max 78.9 mean 50.3 ms (n=8932351)
  input -> seen acked (round trip): p50 67.0 p99 100.0 max 134.0 mean 83.0 ms (n=8932351)
  near entity update interval (tracked bots): p50 33.0 p99 33.0 max 100.0 mean 33.0 ms (n=4436343)
  mid entity update interval (tracked bots): p50 100.0 p99 100.0 max 500.0 mean 100.2 ms (n=10235323)
  far entity update interval (tracked bots): p50 500.0 p99 500.0 max 58500.0 mean 508.5 ms (n=15764705)
  input clock: 7543 extra inputs, 3973 skipped ticks, 0 backlog skips | near decode errors (tracked bots) 0
  bytes down 6899.3 MB up 446.8 MB | swarm busy 35% of its threads' time, tick overruns 2
