minting tokens with the public dev key (--token-key to change)
500 bots -> 127.0.0.1:40500 on 8 threads, ramp 50/s, 45s, 500 full + 0 sink bots
[    5s] bots 229/233 connected, 229 welcomed, 0 failed | 13.5 snaps/s/bot, entities/snap near 9.7 mid 22.3 far 34.8 | corrections 0.000/s/bot | down 84 up 5 kbps/bot | rtt 16.8 ms loss 0.00% | input->applied ~ p50 60 p99 78 ms, round trip p50 100 p99 101 ms | joins 229 (p50 110 p99 165 ms) | server pace 0.99 level 0, 0 bots bandwidth-degraded | swarm busy 1%, overruns 0
[   10s] bots 488/494 connected, 488 welcomed, 0 failed | 22.8 snaps/s/bot, entities/snap near 10.2 mid 23.0 far 35.9 | corrections 0.000/s/bot | down 145 up 9 kbps/bot | rtt 18.0 ms loss 0.00% | input->applied ~ p50 58 p99 74 ms, round trip p50 100 p99 100 ms | joins 259 (p50 124 p99 165 ms) | server pace 1.00 level 0, 0 bots bandwidth-degraded | swarm busy 3%, overruns 0
[   15s] bots 500/500 connected, 500 welcomed, 0 failed | 28.4 snaps/s/bot, entities/snap near 10.2 mid 23.1 far 35.4 | corrections 0.000/s/bot | down 179 up 11 kbps/bot | rtt 17.5 ms loss 0.00% | input->applied ~ p50 59 p99 81 ms, round trip p50 100 p99 100 ms | joins 12 (p50 146 p99 178 ms) | server pace 1.00 level 0, 0 bots bandwidth-degraded | swarm busy 3%, overruns 0
[   20s] bots 500/500 connected, 500 welcomed, 0 failed | 30.9 snaps/s/bot, entities/snap near 10.1 mid 23.2 far 35.4 | corrections 0.000/s/bot | down 195 up 12 kbps/bot | rtt 15.9 ms loss 0.00% | input->applied ~ p50 56 p99 72 ms, round trip p50 67 p99 100 ms | joins 0 (p50 0 p99 0 ms) | server pace 1.00 level 0, 0 bots bandwidth-degraded | swarm busy 3%, overruns 0
[   25s] bots 500/500 connected, 500 welcomed, 0 failed | 31.2 snaps/s/bot, entities/snap near 10.1 mid 23.2 far 35.4 | corrections 0.000/s/bot | down 197 up 12 kbps/bot | rtt 15.6 ms loss 0.00% | input->applied ~ p50 57 p99 72 ms, round trip p50 67 p99 100 ms | joins 0 (p50 0 p99 0 ms) | server pace 1.00 level 0, 0 bots bandwidth-degraded | swarm busy 3%, overruns 0
[   30s] bots 500/500 connected, 500 welcomed, 0 failed | 28.1 snaps/s/bot, entities/snap near 10.2 mid 23.1 far 35.4 | corrections 0.000/s/bot | down 178 up 11 kbps/bot | rtt 15.7 ms loss 0.00% | input->applied ~ p50 57 p99 72 ms, round trip p50 67 p99 100 ms | joins 0 (p50 0 p99 0 ms) | server pace 1.00 level 0, 0 bots bandwidth-degraded | swarm busy 3%, overruns 0
[   35s] bots 500/500 connected, 500 welcomed, 0 failed | 31.1 snaps/s/bot, entities/snap near 10.1 mid 23.1 far 35.4 | corrections 0.000/s/bot | down 196 up 12 kbps/bot | rtt 15.9 ms loss 0.00% | input->applied ~ p50 57 p99 72 ms, round trip p50 67 p99 100 ms | joins 0 (p50 0 p99 0 ms) | server pace 1.00 level 0, 0 bots bandwidth-degraded | swarm busy 3%, overruns 0
[   40s] bots 500/500 connected, 500 welcomed, 0 failed | 29.5 snaps/s/bot, entities/snap near 10.1 mid 23.1 far 35.4 | corrections 0.000/s/bot | down 186 up 12 kbps/bot | rtt 16.5 ms loss 0.00% | input->applied ~ p50 57 p99 72 ms, round trip p50 67 p99 100 ms | joins 0 (p50 0 p99 0 ms) | server pace 1.00 level 0, 0 bots bandwidth-degraded | swarm busy 3%, overruns 0
[   45s] bots 500/500 connected, 500 welcomed, 0 failed | 29.7 snaps/s/bot, entities/snap near 10.1 mid 23.2 far 35.4 | corrections 0.000/s/bot | down 188 up 12 kbps/bot | rtt 16.3 ms loss 0.00% | input->applied ~ p50 57 p99 72 ms, round trip p50 67 p99 100 ms | joins 0 (p50 0 p99 0 ms) | server pace 1.00 level 0, 0 bots bandwidth-degraded | swarm busy 3%, overruns 0

== bots summary ==
  started 500 welcomed 500 failed 0
  join latency ms: p50 121 p99 165 max 178 (n=500)
  corrections 0 (0.00/bot-minute), mean error 0.000 m, max 0.000 m
  snapshots 598026 (entities per snapshot: near 10.1 mid 23.1 far 35.4), stale 0, unmatched acks 0, resyncs 0
  input -> applied on server (est. RTT/2 + server wait): p50 58.0 p99 74.0 max 82.0 mean 57.1 ms (n=597773)
    of which server wait (arrival -> applied): p50 50.0 p99 65.3 max 72.0 mean 48.9 ms (n=597773)
  input -> seen acked (round trip): p50 67.0 p99 100.0 max 133.0 mean 81.8 ms (n=597773)
  near entity update interval (tracked bots): p50 33.0 p99 33.0 max 100.0 mean 33.0 ms (n=300355)
  mid entity update interval (tracked bots): p50 100.0 p99 100.0 max 500.0 mean 100.2 ms (n=689968)
  far entity update interval (tracked bots): p50 500.0 p99 500.0 max 41000.0 mean 507.0 ms (n=1109621)
  input clock: 545 extra inputs, 181 skipped ticks, 0 backlog skips | near decode errors (tracked bots) 0
  bytes down 472.4 MB up 29.9 MB | swarm busy 3% of its threads' time, tick overruns 0
