preallocated connections for 10000 clients in 228.354265ms
listening on 127.0.0.1:40500 | spawn Uniform | tiers near 64@150 m, mid 500 m, far 1500 m, budget 6250 B/tick, squads of 4 | 8 rayon threads, 64 shards, 256 accepts/tick, egress SendMmsg | socket buffers rcv 8192 KiB snd 8192 KiB
WARNING: token key is the public dev key; anyone can mint tokens for this server (--token-key)
[    5s] clients 5000 | level 0 (0-0 in window: 30 Hz, dilation 1.0), pace 1.00, 0.0% clients bandwidth-degraded | tick p50 16.98 p99 20.03 max 25.33 ms, 0 overruns | out 131.7k pps 172 kbps/client, 742 Mbps | in 133.3k pps 14 kbps/client | stand-ins: repeated 0.00% frozen 0.00%, 0 late inputs | per client-tick: 678 B (near 59 B, 99% deltas), near 9.2 mid 20.3 far 31.8, far skipped 0 starved 0 | input wait p50 49.4 p99 66.9 ms | 12822 joins deferred | kernel drops rcv 0 snd 0
         p50/p99 ms: ingress 1.83/4.78  events 0.75/3.34  movement 0.40/0.94  grid 0.13/0.23  history 0.00/0.07  serialize 0.55/0.86  assembly 4.42/5.26  transport 3.12/4.01  egress 5.46/6.66
[   10s] clients 5000 | level 0 (0-0 in window: 30 Hz, dilation 1.0), pace 1.00, 0.0% clients bandwidth-degraded | tick p50 17.92 p99 24.73 max 26.29 ms, 0 overruns | out 149.9k pps 175 kbps/client, 877 Mbps | in 150.0k pps 12 kbps/client | stand-ins: repeated 0.00% frozen 0.00%, 0 late inputs | per client-tick: 695 B (near 59 B, 100% deltas), near 9.4 mid 20.9 far 32.7, far skipped 0 starved 0 | input wait p50 49.0 p99 66.1 ms | 0 joins deferred | kernel drops rcv 0 snd 0
         p50/p99 ms: ingress 2.07/2.65  events 0.81/1.26  movement 0.44/0.98  grid 0.14/0.22  history 0.00/0.01  serialize 0.58/0.80  assembly 4.73/5.84  transport 3.34/4.41  egress 5.86/7.64
[   15s] clients 5000 | level 0 (0-0 in window: 30 Hz, dilation 1.0), pace 1.00, 0.0% clients bandwidth-degraded | tick p50 17.24 p99 21.73 max 22.85 ms, 0 overruns | out 150.1k pps 176 kbps/client, 878 Mbps | in 150.0k pps 12 kbps/client | stand-ins: repeated 0.00% frozen 0.00%, 0 late inputs | per client-tick: 694 B (near 59 B, 100% deltas), near 9.4 mid 20.9 far 32.7, far skipped 0 starved 0 | input wait p50 49.2 p99 66.1 ms | 0 joins deferred | kernel drops rcv 0 snd 0
         p50/p99 ms: ingress 1.94/2.87  events 0.76/1.24  movement 0.44/0.93  grid 0.14/0.24  history 0.00/0.00  serialize 0.55/0.71  assembly 4.58/5.44  transport 3.24/4.90  egress 5.74/6.61
[   20s] clients 5238 | level 0 (0-0 in window: 30 Hz, dilation 1.0), pace 1.00, 0.0% clients bandwidth-degraded | tick p50 19.27 p99 33.20 max 37.29 ms, 1 overruns | out 153.3k pps 179 kbps/client, 915 Mbps | in 153.3k pps 12 kbps/client | stand-ins: repeated 0.00% frozen 0.00%, 0 late inputs | per client-tick: 709 B (near 60 B, 100% deltas), near 9.5 mid 21.4 far 33.5, far skipped 0 starved 0 | input wait p50 50.3 p99 67.5 ms | 0 joins deferred | kernel drops rcv 0 snd 0
         p50/p99 ms: ingress 2.29/3.44  events 0.93/1.46  movement 0.44/1.26  grid 0.16/0.27  history 0.00/0.01  serialize 0.57/0.86  assembly 5.19/9.94  transport 3.61/5.38  egress 5.95/8.56
[   25s] clients 5486 | level 0 (0-0 in window: 30 Hz, dilation 1.0), pace 1.00, 0.0% clients bandwidth-degraded | tick p50 20.23 p99 25.68 max 31.36 ms, 0 overruns | out 160.9k pps 187 kbps/client, 1002 Mbps | in 160.8k pps 12 kbps/client | stand-ins: repeated 0.00% frozen 0.00%, 0 late inputs | per client-tick: 742 B (near 62 B, 100% deltas), near 9.9 mid 22.5 far 35.2, far skipped 0 starved 0 | input wait p50 50.7 p99 66.5 ms | 0 joins deferred | kernel drops rcv 0 snd 0
         p50/p99 ms: ingress 2.36/2.99  events 1.04/1.56  movement 0.41/0.93  grid 0.16/0.23  history 0.00/0.01  serialize 0.57/0.80  assembly 5.51/7.00  transport 3.82/5.57  egress 6.27/8.40
[   30s] clients 5500 | level 0 (0-0 in window: 30 Hz, dilation 1.0), pace 1.00, 0.0% clients bandwidth-degraded | tick p50 20.25 p99 26.18 max 39.52 ms, 1 overruns | out 164.8k pps 190 kbps/client, 1046 Mbps | in 164.7k pps 12 kbps/client | stand-ins: repeated 0.00% frozen 0.00%, 0 late inputs | per client-tick: 756 B (near 63 B, 100% deltas), near 10.1 mid 23.0 far 35.9, far skipped 0 starved 0 | input wait p50 51.1 p99 70.8 ms | 0 joins deferred | kernel drops rcv 0 snd 0
         p50/p99 ms: ingress 2.32/2.83  events 1.03/1.60  movement 0.40/0.90  grid 0.18/0.24  history 0.00/0.01  serialize 0.57/0.84  assembly 5.62/9.04  transport 3.78/6.65  egress 6.07/8.87
[   35s] clients 5500 | level 0 (0-0 in window: 30 Hz, dilation 1.0), pace 1.00, 0.0% clients bandwidth-degraded | tick p50 18.59 p99 23.59 max 25.73 ms, 0 overruns | out 165.1k pps 190 kbps/client, 1047 Mbps | in 165.0k pps 12 kbps/client | stand-ins: repeated 0.00% frozen 0.00%, 0 late inputs | per client-tick: 756 B (near 62 B, 100% deltas), near 10.0 mid 23.0 far 35.9, far skipped 0 starved 0 | input wait p50 50.5 p99 66.5 ms | 0 joins deferred | kernel drops rcv 0 snd 0
         p50/p99 ms: ingress 2.03/2.89  events 0.85/1.26  movement 0.42/1.12  grid 0.15/0.23  history 0.00/0.00  serialize 0.56/0.81  assembly 5.16/6.46  transport 3.48/4.23  egress 5.91/6.77
[   40s] clients 5500 | level 0 (0-0 in window: 30 Hz, dilation 1.0), pace 1.00, 0.0% clients bandwidth-degraded | tick p50 18.42 p99 23.09 max 27.30 ms, 0 overruns | out 165.0k pps 190 kbps/client, 1046 Mbps | in 164.9k pps 12 kbps/client | stand-ins: repeated 0.00% frozen 0.00%, 0 late inputs | per client-tick: 756 B (near 62 B, 100% deltas), near 10.0 mid 23.0 far 35.9, far skipped 0 starved 0 | input wait p50 50.6 p99 66.5 ms | 0 joins deferred | kernel drops rcv 0 snd 0
         p50/p99 ms: ingress 1.97/2.51  events 0.84/1.29  movement 0.38/0.94  grid 0.15/0.23  history 0.00/0.00  serialize 0.56/0.76  assembly 5.10/7.25  transport 3.39/4.61  egress 5.91/7.06
[   45s] clients 5500 | level 0 (0-0 in window: 30 Hz, dilation 1.0), pace 1.00, 0.0% clients bandwidth-degraded | tick p50 18.21 p99 20.01 max 20.05 ms, 0 overruns | out 165.0k pps 190 kbps/client, 1047 Mbps | in 165.0k pps 12 kbps/client | stand-ins: repeated 0.00% frozen 0.00%, 0 late inputs | per client-tick: 756 B (near 62 B, 100% deltas), near 10.0 mid 23.0 far 35.9, far skipped 0 starved 0 | input wait p50 50.6 p99 66.4 ms | 0 joins deferred | kernel drops rcv 0 snd 0
         p50/p99 ms: ingress 2.00/2.44  events 0.85/1.18  movement 0.40/0.91  grid 0.15/0.22  history 0.00/0.00  serialize 0.54/0.80  assembly 5.08/5.73  transport 3.35/4.08  egress 5.75/6.72
[   50s] clients 5500 | level 0 (0-0 in window: 30 Hz, dilation 1.0), pace 1.00, 0.0% clients bandwidth-degraded | tick p50 18.40 p99 21.14 max 22.41 ms, 0 overruns | out 165.0k pps 190 kbps/client, 1047 Mbps | in 164.9k pps 12 kbps/client | stand-ins: repeated 0.00% frozen 0.00%, 0 late inputs | per client-tick: 756 B (near 62 B, 100% deltas), near 10.0 mid 23.0 far 35.9, far skipped 0 starved 0 | input wait p50 50.6 p99 66.5 ms | 0 joins deferred | kernel drops rcv 0 snd 0
         p50/p99 ms: ingress 1.96/2.51  events 0.85/1.32  movement 0.42/0.95  grid 0.15/0.22  history 0.00/0.00  serialize 0.54/0.81  assembly 5.10/6.28  transport 3.39/4.06  egress 5.91/7.11
[   55s] clients 5500 | level 0 (0-0 in window: 30 Hz, dilation 1.0), pace 1.00, 0.0% clients bandwidth-degraded | tick p50 18.68 p99 22.55 max 28.26 ms, 0 overruns | out 165.0k pps 190 kbps/client, 1046 Mbps | in 164.9k pps 12 kbps/client | stand-ins: repeated 0.00% frozen 0.00%, 0 late inputs | per client-tick: 756 B (near 62 B, 100% deltas), near 10.0 mid 23.0 far 35.9, far skipped 0 starved 0 | input wait p50 50.6 p99 66.5 ms | 0 joins deferred | kernel drops rcv 0 snd 0
         p50/p99 ms: ingress 2.00/2.50  events 0.87/1.21  movement 0.38/0.87  grid 0.16/0.22  history 0.00/0.00  serialize 0.55/1.30  assembly 5.16/5.96  transport 3.48/4.63  egress 6.05/7.27
[   60s] clients 5500 | level 0 (0-0 in window: 30 Hz, dilation 1.0), pace 1.00, 0.0% clients bandwidth-degraded | tick p50 19.09 p99 22.62 max 24.00 ms, 0 overruns | out 164.9k pps 190 kbps/client, 1046 Mbps | in 165.0k pps 12 kbps/client | stand-ins: repeated 0.00% frozen 0.00%, 0 late inputs | per client-tick: 756 B (near 62 B, 100% deltas), near 10.0 mid 23.0 far 35.8, far skipped 0 starved 0 | input wait p50 50.5 p99 66.4 ms | 0 joins deferred | kernel drops rcv 0 snd 0
         p50/p99 ms: ingress 2.02/2.45  events 0.88/1.24  movement 0.40/1.21  grid 0.15/0.23  history 0.00/0.00  serialize 0.57/0.80  assembly 5.24/7.02  transport 3.53/4.99  egress 6.09/8.03
[   60s] clients 0 | level 0 (0-0 in window: 30 Hz, dilation 1.0), pace 1.00, 0.0% clients bandwidth-degraded | tick p50 16.79 p99 19.25 max 19.25 ms, 0 overruns | out 113.9k pps 196 kbps/client, 674 Mbps | in 198.5k pps 15 kbps/client | stand-ins: repeated 0.00% frozen 0.00%, 0 late inputs | per client-tick: 703 B (near 59 B, 100% deltas), near 9.4 mid 21.2 far 33.2, far skipped 0 starved 0 | input wait p50 51.3 p99 66.6 ms | 0 joins deferred | kernel drops rcv 0 snd 0
         p50/p99 ms: ingress 1.98/2.36  events 0.95/5.48  movement 0.50/0.64  grid 0.14/0.17  history 0.00/0.00  serialize 0.53/0.64  assembly 4.59/5.24  transport 3.26/3.38  egress 3.98/6.27

== summary: 1708 steady-state ticks (after warmup, before clients drain), peak 5500 clients ==
  phase        p50 ms   p99 ms   max ms
  ingress        2.05     2.86     6.45
  events         0.87     1.42     1.76
  movement       0.42     0.95     1.61
  grid           0.15     0.23     0.29
  history        0.00     0.00     0.03
  serialize      0.56     0.80     4.53
  assembly       5.14     6.55    18.85
  transport      3.47     5.28    10.76
  egress         5.95     7.55    16.17
  tick          18.67    24.00    39.52
  overruns 2 | spawns 5500 despawns 5500 (12822 joins deferred) | stand-ins: repeated 0 frozen 0 | late inputs 0 discarded 0 | bad messages 0 | recv errors 0 send errors 0
  egress (whole run): 9557428 datagrams in 9557428 sends (1.00 per send), 115264 syscalls
  ticks per ladder level (whole run): L0: 1812
  input wait on the server (datagram arrival -> applied): p50 50.4 p99 66.6 max 78.9 mean 50.2 ms
  steady state: stand-ins repeated 0 frozen 0 | late inputs 0 discarded 0
