spawn=uniform
egress=sendmmsg
ladder=on
threads=8
shards=64
peak_clients=5500
steady_ticks=1708
steady_secs=56.9
ingress_p50_ms=2.05
ingress_p99_ms=2.86
ingress_max_ms=6.45
events_p50_ms=0.87
events_p99_ms=1.42
events_max_ms=1.76
movement_p50_ms=0.42
movement_p99_ms=0.95
movement_max_ms=1.61
grid_p50_ms=0.15
grid_p99_ms=0.23
grid_max_ms=0.29
history_p50_ms=0.00
history_p99_ms=0.00
history_max_ms=0.03
serialize_p50_ms=0.56
serialize_p99_ms=0.80
serialize_max_ms=4.53
assembly_p50_ms=5.14
assembly_p99_ms=6.55
assembly_max_ms=18.85
transport_p50_ms=3.47
transport_p99_ms=5.28
transport_max_ms=10.76
egress_p50_ms=5.95
egress_p99_ms=7.55
egress_max_ms=16.17
tick_p50_ms=18.67
tick_p99_ms=24.00
tick_max_ms=39.52
steady_overruns=2
level_mode=0
tick_hz=30
dilation=1
levels=L0:1708
clients_avg=5351
out_pps=160566
in_pps=160683
egress_mbps=996.5
packets_per_client_tick=1.00
wire_bytes_per_client_tick=776
down_kbps_per_client=186.2
up_kbps_per_client=12.0
kernel_rcvbuf_drops=0
kernel_sndbuf_drops=0
snapshot_bytes_per_client_tick=739
near_bytes_per_client_tick=61
near_per_client_tick=9.9
mid_per_client_tick=22.4
far_per_client_tick=35.0
far_skipped=0
far_starved=0
repeated=0
frozen=0
late_inputs=0
discarded_inputs=0
input_wait_p50_ms=50.4
input_wait_p99_ms=66.6
spawns=5500
despawns=5500
joins_deferred=12822
bad_messages=0
recv_errors=0
send_errors=0
datagrams=9557428
sends=9557428
send_syscalls=115264
