minting tokens with the public dev key (--token-key to change)
5000 bots -> 127.0.0.1:40500 on 8 threads, ramp 0/s, 60s, 5000 full + 0 sink bots
[    5s] bots 5000/5000 connected, 5000 welcomed, 0 failed | 24.8 snaps/s/bot, entities/snap near 9.2 mid 20.2 far 31.6 | corrections 0.000/s/bot | down 141 up 10 kbps/bot | rtt 19.9 ms loss 0.00% | input->applied ~ p50 58 p99 79 ms, round trip p50 67 p99 100 ms | joins 5000 (p50 458 p99 1162 ms) | server pace 1.00 level 0, 0 bots bandwidth-degraded | swarm busy 33%, overruns 0
[   10s] bots 5000/5000 connected, 5000 welcomed, 0 failed | 31.1 snaps/s/bot, entities/snap near 9.4 mid 20.9 far 32.7 | corrections 0.000/s/bot | down 182 up 12 kbps/bot | rtt 19.7 ms loss 0.00% | input->applied ~ p50 58 p99 78 ms, round trip p50 67 p99 100 ms | joins 0 (p50 0 p99 0 ms) | server pace 1.00 level 0, 0 bots bandwidth-degraded | swarm busy 35%, overruns 0
[   15s] bots 5000/5000 connected, 5000 welcomed, 0 failed | 28.9 snaps/s/bot, entities/snap near 9.4 mid 20.9 far 32.7 | corrections 0.000/s/bot | down 169 up 12 kbps/bot | rtt 22.8 ms loss 0.00% | input->applied ~ p50 58 p99 78 ms, round trip p50 67 p99 100 ms | joins 0 (p50 0 p99 0 ms) | server pace 1.00 level 0, 0 bots bandwidth-degraded | swarm busy 35%, overruns 0
[   20s] bots 5000/5000 connected, 5000 welcomed, 0 failed | 30.5 snaps/s/bot, entities/snap near 9.4 mid 20.9 far 32.7 | corrections 0.000/s/bot | down 179 up 12 kbps/bot | rtt 19.6 ms loss 0.00% | input->applied ~ p50 58 p99 79 ms, round trip p50 67 p99 100 ms | joins 0 (p50 0 p99 0 ms) | server pace 1.00 level 0, 0 bots bandwidth-degraded | swarm busy 35%, overruns 0
[   25s] bots 5000/5000 connected, 5000 welcomed, 0 failed | 30.4 snaps/s/bot, entities/snap near 9.4 mid 20.9 far 32.7 | corrections 0.000/s/bot | down 178 up 12 kbps/bot | rtt 19.5 ms loss 0.00% | input->applied ~ p50 58 p99 78 ms, round trip p50 67 p99 100 ms | joins 0 (p50 0 p99 0 ms) | server pace 1.00 level 0, 0 bots bandwidth-degraded | swarm busy 35%, overruns 0
[   30s] bots 5000/5000 connected, 5000 welcomed, 0 failed | 29.5 snaps/s/bot, entities/snap near 9.4 mid 20.9 far 32.7 | corrections 0.000/s/bot | down 173 up 12 kbps/bot | rtt 18.9 ms loss 0.00% | input->applied ~ p50 58 p99 78 ms, round trip p50 67 p99 100 ms | joins 0 (p50 0 p99 0 ms) | server pace 1.00 level 0, 0 bots bandwidth-degraded | swarm busy 35%, overruns 0
[   35s] bots 5000/5000 connected, 5000 welcomed, 0 failed | 30.2 snaps/s/bot, entities/snap near 9.4 mid 20.9 far 32.7 | corrections 0.000/s/bot | down 177 up 12 kbps/bot | rtt 19.7 ms loss 0.00% | input->applied ~ p50 58 p99 78 ms, round trip p50 67 p99 100 ms | joins 0 (p50 0 p99 0 ms) | server pace 1.00 level 0, 0 bots bandwidth-degraded | swarm busy 35%, overruns 0
[   40s] bots 5000/5000 connected, 5000 welcomed, 0 failed | 30.3 snaps/s/bot, entities/snap near 9.4 mid 20.9 far 32.7 | corrections 0.000/s/bot | down 177 up 12 kbps/bot | rtt 19.0 ms loss 0.00% | input->applied ~ p50 58 p99 78 ms, round trip p50 67 p99 100 ms | joins 0 (p50 0 p99 0 ms) | server pace 1.00 level 0, 0 bots bandwidth-degraded | swarm busy 35%, overruns 0
[   45s] bots 5000/5000 connected, 5000 welcomed, 0 failed | 29.7 snaps/s/bot, entities/snap near 9.4 mid 20.9 far 32.7 | corrections 0.000/s/bot | down 174 up 12 kbps/bot | rtt 19.2 ms loss 0.00% | input->applied ~ p50 58 p99 78 ms, round trip p50 67 p99 100 ms | joins 0 (p50 0 p99 0 ms) | server pace 1.00 level 0, 0 bots bandwidth-degraded | swarm busy 35%, overruns 0
[   50s] bots 5000/5000 connected, 5000 welcomed, 0 failed | 30.1 snaps/s/bot, entities/snap near 9.4 mid 20.9 far 32.7 | corrections 0.000/s/bot | down 176 up 12 kbps/bot | rtt 19.2 ms loss 0.00% | input->applied ~ p50 58 p99 78 ms, round trip p50 67 p99 100 ms | joins 0 (p50 0 p99 0 ms) | server pace 1.00 level 0, 0 bots bandwidth-degraded | swarm busy 35%, overruns 0
[   55s] bots 5000/5000 connected, 5000 welcomed, 0 failed | 30.0 snaps/s/bot, entities/snap near 9.4 mid 20.9 far 32.7 | corrections 0.000/s/bot | down 176 up 12 kbps/bot | rtt 18.9 ms loss 0.00% | input->applied ~ p50 58 p99 78 ms, round trip p50 67 p99 100 ms | joins 0 (p50 0 p99 0 ms) | server pace 1.00 level 0, 0 bots bandwidth-degraded | swarm busy 34%, overruns 0
[   60s] bots 5000/5000 connected, 5000 welcomed, 0 failed | 30.0 snaps/s/bot, entities/snap near 9.4 mid 20.9 far 32.7 | corrections 0.000/s/bot | down 175 up 12 kbps/bot | rtt 19.4 ms loss 0.00% | input->applied ~ p50 58 p99 77 ms, round trip p50 67 p99 100 ms | joins 0 (p50 0 p99 0 ms) | server pace 1.00 level 0, 0 bots bandwidth-degraded | swarm busy 35%, overruns 0

== bots summary ==
  started 5000 welcomed 5000 failed 0
  join latency ms: p50 458 p99 1162 max 1395 (n=5000)
  corrections 0 (0.00/bot-minute), mean error 0.000 m, max 0.000 m
  snapshots 8920637 (entities per snapshot: near 9.4 mid 20.9 far 32.6), stale 0, unmatched acks 0, resyncs 0
  input -> applied on server (est. RTT/2 + server wait): p50 58.0 p99 78.0 max 86.0 mean 59.3 ms (n=8918473)
    of which server wait (arrival -> applied): p50 49.3 p99 66.6 max 75.4 mean 49.7 ms (n=8918473)
  input -> seen acked (round trip): p50 67.0 p99 100.0 max 104.0 mean 80.4 ms (n=8918473)
  near entity update interval (tracked bots): p50 33.0 p99 33.0 max 100.0 mean 33.0 ms (n=4196952)
  mid entity update interval (tracked bots): p50 100.0 p99 100.0 max 500.0 mean 100.2 ms (n=9259095)
  far entity update interval (tracked bots): p50 500.0 p99 500.0 max 59000.0 mean 509.2 ms (n=14323789)
  input clock: 8588 extra inputs, 4017 skipped ticks, 0 backlog skips | near decode errors (tracked bots) 0
  bytes down 6513.4 MB up 446.1 MB | swarm busy 35% of its threads' time, tick overruns 0
