== uniform, 5000 bots, 60s -> baselines/2026-09-29-wsl2/uniform-5k-1
== summary: 1709 steady-state ticks (after warmup, before clients drain), peak 5000 clients ==
  phase        p50 ms   p99 ms   max ms
  ingress        1.92     2.61     4.77
  events         0.73     1.20     1.44
  movement       0.41     0.93     3.09
  grid           0.14     0.21     0.45
  history        0.00     0.00     0.02
  serialize      0.55     0.76     2.41
  assembly       4.58     5.52    13.03
  transport      3.18     4.15     7.65
  egress         5.66     6.76     9.32
  tick          17.18    21.20    30.15
  overruns 0 | spawns 5000 despawns 5000 (16577 joins deferred) | stand-ins: repeated 0 frozen 0 | late inputs 0 discarded 0 | bad messages 0 | recv errors 0 send errors 0
  egress (whole run): 8942802 datagrams in 8942802 sends (1.00 per send), 115264 syscalls
  ticks per ladder level (whole run): L0: 1811
  input wait on the server (datagram arrival -> applied): p50 49.3 p99 66.6 max 75.4 mean 49.7 ms
  steady state: stand-ins repeated 0 frozen 0 | late inputs 0 discarded 0
== bots summary ==
  started 5000 welcomed 5000 failed 0
  join latency ms: p50 458 p99 1162 max 1395 (n=5000)
  corrections 0 (0.00/bot-minute), mean error 0.000 m, max 0.000 m
  snapshots 8920637 (entities per snapshot: near 9.4 mid 20.9 far 32.6), stale 0, unmatched acks 0, resyncs 0
  input -> applied on server (est. RTT/2 + server wait): p50 58.0 p99 78.0 max 86.0 mean 59.3 ms (n=8918473)
    of which server wait (arrival -> applied): p50 49.3 p99 66.6 max 75.4 mean 49.7 ms (n=8918473)
  input -> seen acked (round trip): p50 67.0 p99 100.0 max 104.0 mean 80.4 ms (n=8918473)
  near entity update interval (tracked bots): p50 33.0 p99 33.0 max 100.0 mean 33.0 ms (n=4196952)
  mid entity update interval (tracked bots): p50 100.0 p99 100.0 max 500.0 mean 100.2 ms (n=9259095)
  far entity update interval (tracked bots): p50 500.0 p99 500.0 max 59000.0 mean 509.2 ms (n=14323789)
  input clock: 8588 extra inputs, 4017 skipped ticks, 0 backlog skips | near decode errors (tracked bots) 0
  bytes down 6513.4 MB up 446.1 MB | swarm busy 35% of its threads' time, tick overruns 0
