preallocated connections for 10000 clients in 251.957042ms
listening on 127.0.0.1:40500 | spawn Uniform | tiers near 64@150 m, mid 500 m, far 1500 m, budget 6250 B/tick, squads of 4 | 8 rayon threads, 64 shards, 256 accepts/tick, egress SendMmsg | socket buffers rcv 8192 KiB snd 8192 KiB
WARNING: token key is the public dev key; anyone can mint tokens for this server (--token-key)
[    5s] clients 5000 | level 0 (0-0 in window: 30 Hz, dilation 1.0), pace 1.00, 0.0% clients bandwidth-degraded | tick p50 16.88 p99 20.50 max 21.69 ms, 0 overruns | out 129.2k pps 170 kbps/client, 720 Mbps | in 131.6k pps 15 kbps/client | stand-ins: repeated 0.00% frozen 0.00%, 0 late inputs | per client-tick: 670 B (near 58 B, 99% deltas), near 9.1 mid 20.1 far 31.4, far skipped 0 starved 0 | input wait p50 50.1 p99 69.4 ms | 16577 joins deferred | kernel drops rcv 0 snd 0
         p50/p99 ms: ingress 1.74/3.10  events 0.70/3.74  movement 0.39/0.84  grid 0.13/0.20  history 0.00/0.07  serialize 0.55/0.84  assembly 4.39/5.31  transport 3.04/3.81  egress 5.52/6.75
[   10s] clients 5000 | level 0 (0-0 in window: 30 Hz, dilation 1.0), pace 1.00, 0.0% clients bandwidth-degraded | tick p50 17.37 p99 23.03 max 24.03 ms, 0 overruns | out 150.1k pps 176 kbps/client, 878 Mbps | in 150.0k pps 12 kbps/client | stand-ins: repeated 0.00% frozen 0.00%, 0 late inputs | per client-tick: 695 B (near 58 B, 100% deltas), near 9.4 mid 20.9 far 32.7, far skipped 0 starved 0 | input wait p50 49.3 p99 66.5 ms | 0 joins deferred | kernel drops rcv 0 snd 0
         p50/p99 ms: ingress 1.96/2.46  events 0.75/1.12  movement 0.42/0.98  grid 0.14/0.23  history 0.00/0.00  serialize 0.56/0.75  assembly 4.63/5.55  transport 3.23/4.50  egress 5.62/6.78
[   15s] clients 5000 | level 0 (0-0 in window: 30 Hz, dilation 1.0), pace 1.00, 0.0% clients bandwidth-degraded | tick p50 17.36 p99 25.76 max 30.15 ms, 0 overruns | out 150.0k pps 176 kbps/client, 878 Mbps | in 149.9k pps 12 kbps/client | stand-ins: repeated 0.00% frozen 0.00%, 0 late inputs | per client-tick: 695 B (near 59 B, 100% deltas), near 9.4 mid 20.9 far 32.7, far skipped 0 starved 0 | input wait p50 49.2 p99 66.5 ms | 0 joins deferred | kernel drops rcv 0 snd 0
         p50/p99 ms: ingress 2.00/3.07  events 0.76/1.30  movement 0.42/0.92  grid 0.14/0.22  history 0.00/0.00  serialize 0.54/0.78  assembly 4.63/8.44  transport 3.16/5.91  egress 5.67/7.68
[   20s] clients 5000 | level 0 (0-0 in window: 30 Hz, dilation 1.0), pace 1.00, 0.0% clients bandwidth-degraded | tick p50 17.59 p99 20.50 max 22.23 ms, 0 overruns | out 150.0k pps 176 kbps/client, 878 Mbps | in 149.9k pps 12 kbps/client | stand-ins: repeated 0.00% frozen 0.00%, 0 late inputs | per client-tick: 695 B (near 58 B, 100% deltas), near 9.4 mid 20.9 far 32.7, far skipped 0 starved 0 | input wait p50 49.3 p99 66.6 ms | 0 joins deferred | kernel drops rcv 0 snd 0
         p50/p99 ms: ingress 1.99/2.69  events 0.75/1.22  movement 0.37/0.88  grid 0.14/0.29  history 0.00/0.00  serialize 0.55/0.81  assembly 4.77/5.65  transport 3.18/4.22  egress 5.67/7.25
[   25s] clients 5000 | level 0 (0-0 in window: 30 Hz, dilation 1.0), pace 1.00, 0.0% clients bandwidth-degraded | tick p50 17.92 p99 21.48 max 21.88 ms, 0 overruns | out 150.0k pps 176 kbps/client, 878 Mbps | in 149.9k pps 12 kbps/client | stand-ins: repeated 0.00% frozen 0.00%, 0 late inputs | per client-tick: 694 B (near 58 B, 100% deltas), near 9.4 mid 20.9 far 32.7, far skipped 0 starved 0 | input wait p50 49.2 p99 66.5 ms | 0 joins deferred | kernel drops rcv 0 snd 0
         p50/p99 ms: ingress 2.09/2.66  events 0.81/1.24  movement 0.43/0.96  grid 0.15/0.22  history 0.00/0.00  serialize 0.56/0.75  assembly 4.77/5.43  transport 3.28/4.15  egress 5.70/6.94
[   30s] clients 5000 | level 0 (0-0 in window: 30 Hz, dilation 1.0), pace 1.00, 0.0% clients bandwidth-degraded | tick p50 17.05 p99 20.49 max 20.58 ms, 0 overruns | out 150.0k pps 176 kbps/client, 878 Mbps | in 149.9k pps 12 kbps/client | stand-ins: repeated 0.00% frozen 0.00%, 0 late inputs | per client-tick: 694 B (near 58 B, 100% deltas), near 9.4 mid 20.9 far 32.7, far skipped 0 starved 0 | input wait p50 49.3 p99 66.5 ms | 0 joins deferred | kernel drops rcv 0 snd 0
         p50/p99 ms: ingress 1.93/2.38  events 0.73/1.20  movement 0.36/0.90  grid 0.14/0.20  history 0.00/0.00  serialize 0.53/0.72  assembly 4.57/5.45  transport 3.15/3.95  egress 5.61/6.86
[   35s] clients 5000 | level 0 (0-0 in window: 30 Hz, dilation 1.0), pace 1.00, 0.0% clients bandwidth-degraded | tick p50 17.21 p99 19.73 max 24.18 ms, 0 overruns | out 150.0k pps 175 kbps/client, 877 Mbps | in 150.0k pps 12 kbps/client | stand-ins: repeated 0.00% frozen 0.00%, 0 late inputs | per client-tick: 694 B (near 59 B, 100% deltas), near 9.4 mid 20.9 far 32.7, far skipped 0 starved 0 | input wait p50 49.2 p99 66.5 ms | 0 joins deferred | kernel drops rcv 0 snd 0
         p50/p99 ms: ingress 1.90/2.54  events 0.73/1.14  movement 0.40/0.86  grid 0.14/0.21  history 0.00/0.00  serialize 0.54/0.76  assembly 4.53/5.55  transport 3.24/4.18  egress 5.66/6.55
[   40s] clients 5000 | level 0 (0-0 in window: 30 Hz, dilation 1.0), pace 1.00, 0.0% clients bandwidth-degraded | tick p50 17.10 p99 20.54 max 20.69 ms, 0 overruns | out 150.0k pps 176 kbps/client, 878 Mbps | in 149.9k pps 12 kbps/client | stand-ins: repeated 0.00% frozen 0.00%, 0 late inputs | per client-tick: 695 B (near 59 B, 100% deltas), near 9.4 mid 20.9 far 32.7, far skipped 0 starved 0 | input wait p50 49.3 p99 66.5 ms | 0 joins deferred | kernel drops rcv 0 snd 0
         p50/p99 ms: ingress 1.84/2.67  events 0.68/1.17  movement 0.45/0.95  grid 0.14/0.21  history 0.00/0.00  serialize 0.54/0.76  assembly 4.49/5.17  transport 3.22/3.92  egress 5.68/6.76
[   45s] clients 5000 | level 0 (0-0 in window: 30 Hz, dilation 1.0), pace 1.00, 0.0% clients bandwidth-degraded | tick p50 17.20 p99 20.86 max 22.21 ms, 0 overruns | out 150.0k pps 176 kbps/client, 878 Mbps | in 150.0k pps 12 kbps/client | stand-ins: repeated 0.00% frozen 0.00%, 0 late inputs | per client-tick: 695 B (near 59 B, 100% deltas), near 9.4 mid 20.9 far 32.7, far skipped 0 starved 0 | input wait p50 49.2 p99 66.5 ms | 0 joins deferred | kernel drops rcv 0 snd 0
         p50/p99 ms: ingress 1.92/2.43  events 0.71/1.08  movement 0.41/0.93  grid 0.14/0.19  history 0.00/0.00  serialize 0.56/0.83  assembly 4.51/5.40  transport 3.18/4.09  egress 5.71/6.65
[   50s] clients 5000 | level 0 (0-0 in window: 30 Hz, dilation 1.0), pace 1.00, 0.0% clients bandwidth-degraded | tick p50 17.14 p99 19.03 max 21.79 ms, 0 overruns | out 150.0k pps 176 kbps/client, 878 Mbps | in 149.9k pps 12 kbps/client | stand-ins: repeated 0.00% frozen 0.00%, 0 late inputs | per client-tick: 695 B (near 59 B, 100% deltas), near 9.4 mid 20.9 far 32.7, far skipped 0 starved 0 | input wait p50 49.3 p99 66.5 ms | 0 joins deferred | kernel drops rcv 0 snd 0
         p50/p99 ms: ingress 1.89/2.37  events 0.72/1.03  movement 0.42/0.96  grid 0.13/0.19  history 0.00/0.01  serialize 0.55/0.81  assembly 4.56/5.35  transport 3.10/3.65  egress 5.75/6.59
[   55s] clients 5000 | level 0 (0-0 in window: 30 Hz, dilation 1.0), pace 1.00, 0.0% clients bandwidth-degraded | tick p50 16.70 p99 21.00 max 22.05 ms, 0 overruns | out 150.1k pps 176 kbps/client, 878 Mbps | in 149.9k pps 12 kbps/client | stand-ins: repeated 0.00% frozen 0.00%, 0 late inputs | per client-tick: 695 B (near 59 B, 100% deltas), near 9.4 mid 20.9 far 32.7, far skipped 0 starved 0 | input wait p50 49.5 p99 66.5 ms | 0 joins deferred | kernel drops rcv 0 snd 0
         p50/p99 ms: ingress 1.82/2.83  events 0.67/1.22  movement 0.43/0.93  grid 0.14/0.20  history 0.00/0.00  serialize 0.54/0.72  assembly 4.42/5.43  transport 3.12/4.34  egress 5.52/6.21
[   60s] clients 5000 | level 0 (0-0 in window: 30 Hz, dilation 1.0), pace 1.00, 0.0% clients bandwidth-degraded | tick p50 16.67 p99 20.35 max 25.57 ms, 0 overruns | out 150.0k pps 176 kbps/client, 878 Mbps | in 150.0k pps 12 kbps/client | stand-ins: repeated 0.00% frozen 0.00%, 0 late inputs | per client-tick: 695 B (near 58 B, 100% deltas), near 9.4 mid 20.9 far 32.7, far skipped 0 starved 0 | input wait p50 49.3 p99 66.5 ms | 0 joins deferred | kernel drops rcv 0 snd 0
         p50/p99 ms: ingress 1.81/2.37  events 0.68/1.09  movement 0.40/0.95  grid 0.13/0.20  history 0.00/0.00  serialize 0.54/0.74  assembly 4.41/5.44  transport 3.14/3.95  egress 5.62/6.56
[   60s] clients 0 | level 0 (0-0 in window: 30 Hz, dilation 1.0), pace 1.00, 0.0% clients bandwidth-degraded | tick p50 16.17 p99 17.92 max 17.92 ms, 0 overruns | out 111.3k pps 177 kbps/client, 622 Mbps | in 208.8k pps 15 kbps/client | stand-ins: repeated 0.00% frozen 0.00%, 0 late inputs | per client-tick: 661 B (near 57 B, 100% deltas), near 9.0 mid 19.8 far 31.0, far skipped 0 starved 0 | input wait p50 50.5 p99 66.5 ms | 0 joins deferred | kernel drops rcv 0 snd 0
         p50/p99 ms: ingress 1.64/2.02  events 0.77/5.09  movement 0.55/0.70  grid 0.13/0.15  history 0.00/0.00  serialize 0.60/0.69  assembly 3.92/4.76  transport 2.95/3.24  egress 4.18/5.96

== summary: 1709 steady-state ticks (after warmup, before clients drain), peak 5000 clients ==
  phase        p50 ms   p99 ms   max ms
  ingress        1.92     2.61     4.77
  events         0.73     1.20     1.44
  movement       0.41     0.93     3.09
  grid           0.14     0.21     0.45
  history        0.00     0.00     0.02
  serialize      0.55     0.76     2.41
  assembly       4.58     5.52    13.03
  transport      3.18     4.15     7.65
  egress         5.66     6.76     9.32
  tick          17.18    21.20    30.15
  overruns 0 | spawns 5000 despawns 5000 (16577 joins deferred) | stand-ins: repeated 0 frozen 0 | late inputs 0 discarded 0 | bad messages 0 | recv errors 0 send errors 0
  egress (whole run): 8942802 datagrams in 8942802 sends (1.00 per send), 115264 syscalls
  ticks per ladder level (whole run): L0: 1811
  input wait on the server (datagram arrival -> applied): p50 49.3 p99 66.6 max 75.4 mean 49.7 ms
  steady state: stand-ins repeated 0 frozen 0 | late inputs 0 discarded 0
