spawn=uniform
egress=sendmmsg
ladder=on
threads=8
shards=64
peak_clients=5000
steady_ticks=1709
steady_secs=57.0
ingress_p50_ms=1.92
ingress_p99_ms=2.61
ingress_max_ms=4.77
events_p50_ms=0.73
events_p99_ms=1.20
events_max_ms=1.44
movement_p50_ms=0.41
movement_p99_ms=0.93
movement_max_ms=3.09
grid_p50_ms=0.14
grid_p99_ms=0.21
grid_max_ms=0.45
history_p50_ms=0.00
history_p99_ms=0.00
history_max_ms=0.02
serialize_p50_ms=0.55
serialize_p99_ms=0.76
serialize_max_ms=2.41
assembly_p50_ms=4.58
assembly_p99_ms=5.52
assembly_max_ms=13.03
transport_p50_ms=3.18
transport_p99_ms=4.15
transport_max_ms=7.65
egress_p50_ms=5.66
egress_p99_ms=6.76
egress_max_ms=9.32
tick_p50_ms=17.18
tick_p99_ms=21.20
tick_max_ms=30.15
steady_overruns=0
level_mode=0
tick_hz=30
dilation=1
levels=L0:1709
clients_avg=5000
out_pps=150041
in_pps=150097
egress_mbps=878.0
packets_per_client_tick=1.00
wire_bytes_per_client_tick=731
down_kbps_per_client=175.6
up_kbps_per_client=12.0
kernel_rcvbuf_drops=0
kernel_sndbuf_drops=0
snapshot_bytes_per_client_tick=694
near_bytes_per_client_tick=59
near_per_client_tick=9.4
mid_per_client_tick=20.9
far_per_client_tick=32.7
far_skipped=0
far_starved=0
repeated=0
frozen=0
late_inputs=0
discarded_inputs=0
input_wait_p50_ms=49.3
input_wait_p99_ms=66.6
spawns=5000
despawns=5000
joins_deferred=16577
bad_messages=0
recv_errors=0
send_errors=0
datagrams=8942802
sends=8942802
send_syscalls=115264
