10000 bots -> 172.31.17.93:14500 on 28 threads x 8 slots, ramp 0/s, 60s, 10000 full + 0 sink bots
[    5s] bots 10000/10000 connected, 10000 welcomed, 0 failed | 23.4 snaps/s/bot, entities/snap near 15.1 mid 39.9 far 56.4 | corrections 0.001/s/bot | down 241 up 12 kbps/bot | rtt 15.6 ms loss 0.00% | input->applied ~ p50 58 p99 113 ms, round trip p50 67 p99 133 ms | joins 10000 (p50 739 p99 1552 ms) | server pace 1.00 level 0, 0 bots bandwidth-degraded | swarm busy 21%, overruns 344
[   10s] bots 10000/10000 connected, 10000 welcomed, 0 failed | 29.2 snaps/s/bot, entities/snap near 15.7 mid 41.9 far 58.7 | corrections 0.000/s/bot | down 314 up 15 kbps/bot | rtt 15.3 ms loss 0.00% | input->applied ~ p50 58 p99 75 ms, round trip p50 67 p99 100 ms | joins 0 (p50 0 p99 0 ms) | server pace 1.00 level 0, 0 bots bandwidth-degraded | swarm busy 27%, overruns 0
[   15s] bots 10000/10000 connected, 10000 welcomed, 0 failed | 30.0 snaps/s/bot, entities/snap near 15.7 mid 41.9 far 58.7 | corrections 0.000/s/bot | down 323 up 15 kbps/bot | rtt 15.3 ms loss 0.00% | input->applied ~ p50 58 p99 75 ms, round trip p50 67 p99 100 ms | joins 0 (p50 0 p99 0 ms) | server pace 1.00 level 0, 0 bots bandwidth-degraded | swarm busy 28%, overruns 0
[   20s] bots 10000/10000 connected, 10000 welcomed, 0 failed | 30.1 snaps/s/bot, entities/snap near 15.7 mid 41.9 far 58.7 | corrections 0.000/s/bot | down 324 up 15 kbps/bot | rtt 15.4 ms loss 0.00% | input->applied ~ p50 58 p99 75 ms, round trip p50 67 p99 100 ms | joins 0 (p50 0 p99 0 ms) | server pace 1.00 level 0, 0 bots bandwidth-degraded | swarm busy 28%, overruns 0
[   25s] bots 10000/10000 connected, 10000 welcomed, 0 failed | 30.1 snaps/s/bot, entities/snap near 15.7 mid 41.9 far 58.7 | corrections 0.000/s/bot | down 324 up 15 kbps/bot | rtt 15.3 ms loss 0.00% | input->applied ~ p50 58 p99 75 ms, round trip p50 67 p99 100 ms | joins 0 (p50 0 p99 0 ms) | server pace 1.00 level 0, 0 bots bandwidth-degraded | swarm busy 27%, overruns 0
[   30s] bots 10000/10000 connected, 10000 welcomed, 0 failed | 30.1 snaps/s/bot, entities/snap near 15.7 mid 41.9 far 58.7 | corrections 0.000/s/bot | down 324 up 15 kbps/bot | rtt 15.2 ms loss 0.00% | input->applied ~ p50 58 p99 75 ms, round trip p50 67 p99 100 ms | joins 0 (p50 0 p99 0 ms) | server pace 1.00 level 0, 0 bots bandwidth-degraded | swarm busy 28%, overruns 0
[   35s] bots 10000/10000 connected, 10000 welcomed, 0 failed | 30.1 snaps/s/bot, entities/snap near 15.7 mid 41.9 far 58.7 | corrections 0.000/s/bot | down 324 up 15 kbps/bot | rtt 15.3 ms loss 0.00% | input->applied ~ p50 58 p99 75 ms, round trip p50 67 p99 100 ms | joins 0 (p50 0 p99 0 ms) | server pace 1.00 level 0, 0 bots bandwidth-degraded | swarm busy 28%, overruns 0
[   40s] bots 10000/10000 connected, 10000 welcomed, 0 failed | 30.1 snaps/s/bot, entities/snap near 15.7 mid 41.9 far 58.7 | corrections 0.000/s/bot | down 324 up 15 kbps/bot | rtt 15.2 ms loss 0.00% | input->applied ~ p50 58 p99 75 ms, round trip p50 67 p99 100 ms | joins 0 (p50 0 p99 0 ms) | server pace 1.00 level 0, 0 bots bandwidth-degraded | swarm busy 28%, overruns 0
[   45s] bots 10000/10000 connected, 10000 welcomed, 0 failed | 30.1 snaps/s/bot, entities/snap near 15.7 mid 41.9 far 58.7 | corrections 0.000/s/bot | down 324 up 15 kbps/bot | rtt 15.4 ms loss 0.00% | input->applied ~ p50 58 p99 75 ms, round trip p50 67 p99 100 ms | joins 0 (p50 0 p99 0 ms) | server pace 1.00 level 0, 0 bots bandwidth-degraded | swarm busy 28%, overruns 0
[   50s] bots 10000/10000 connected, 10000 welcomed, 0 failed | 30.1 snaps/s/bot, entities/snap near 15.7 mid 41.9 far 58.7 | corrections 0.000/s/bot | down 323 up 15 kbps/bot | rtt 15.5 ms loss 0.00% | input->applied ~ p50 58 p99 75 ms, round trip p50 67 p99 100 ms | joins 0 (p50 0 p99 0 ms) | server pace 1.00 level 0, 0 bots bandwidth-degraded | swarm busy 28%, overruns 0
[   55s] bots 10000/10000 connected, 10000 welcomed, 0 failed | 30.1 snaps/s/bot, entities/snap near 15.7 mid 42.0 far 58.7 | corrections 0.000/s/bot | down 324 up 15 kbps/bot | rtt 15.3 ms loss 0.00% | input->applied ~ p50 58 p99 75 ms, round trip p50 67 p99 100 ms | joins 0 (p50 0 p99 0 ms) | server pace 1.00 level 0, 0 bots bandwidth-degraded | swarm busy 28%, overruns 0
[   60s] bots 10000/10000 connected, 10000 welcomed, 0 failed | 30.3 snaps/s/bot, entities/snap near 15.7 mid 42.0 far 58.7 | corrections 0.000/s/bot | down 326 up 15 kbps/bot | rtt 15.2 ms loss 0.00% | input->applied ~ p50 58 p99 75 ms, round trip p50 67 p99 100 ms | joins 0 (p50 0 p99 0 ms) | server pace 1.00 level 0, 0 bots bandwidth-degraded | swarm busy 28%, overruns 0

== bots summary ==
  started 10000 welcomed 10000 failed 0
  join latency ms: p50 739 p99 1552 max 1722 (n=10000)
  corrections 73 (0.01/bot-minute), mean error 0.086 m, max 0.150 m
  push corrections (the server pushed us apart from a crowd) 6279 (0.63/bot-minute), max 0.182 m
  snapshots 17764815 (entities per snapshot: near 15.6 mid 41.8 far 58.5), stale 0, unmatched acks 0, resyncs 1033
  input -> applied on server (est. RTT/2 + server wait): p50 58.0 p99 75.0 max 130.0 mean 58.3 ms (n=17759094)
    of which server wait (arrival -> applied): p50 50.3 p99 67.1 max 121.8 mean 50.6 ms (n=17759094)
  input -> seen acked (round trip): p50 67.0 p99 100.0 max 173.0 mean 82.2 ms (n=17760217)
  near entity update interval (tracked bots): p50 33.0 p99 33.0 max 200.0 mean 33.0 ms (n=14069476)
  mid entity update interval (tracked bots): p50 100.0 p99 100.0 max 1000.0 mean 100.2 ms (n=37735588)
  far entity update interval (tracked bots): p50 500.0 p99 500.0 max 2000.0 mean 500.2 ms (n=52079890)
  near drawn (tracked bots): 99.85% interpolated, 0.02% extrapolated, 0.00% held, 0.13% new | pops p50 0 p99 0 max 128 mm
  mid drawn (tracked bots): 99.52% interpolated, 0.13% extrapolated, 0.01% held, 0.34% new | pops p50 0 p99 0 max 4706 mm
  far drawn (tracked bots): 40.11% interpolated, 58.88% extrapolated, 0.56% held, 0.46% new | pops p50 408 p99 3673 max 21641 mm
  render delay (near) 70.9 ms behind the newest step, clock snaps 0 (backwards 0), slewing 3.73% of frames, near delay changes 323 | streak entity-frames (drawn > 20 m/s) 14636154
  input clock: 23117 extra inputs, 10906 skipped ticks, 0 backlog skips | near decode errors (tracked bots) 0
  bytes down 23809.6 MB up 1118.8 MB | swarm busy 27% of its threads' time, tick overruns 344
