== uniform, 10000 bots, 60s -> baselines/2026-10-07-aws-m3e/m3e-uniform-10k-sockets-1-1
== summary: 1708 steady-state ticks (after warmup, before clients drain), peak 10000 clients ==
  phase        p50 ms   p99 ms   max ms
  ingress        1.20     1.82     2.29
  events         3.98     5.21     5.74
  movement       0.99     1.31     1.45
  grid           0.47     0.68     0.79
  separate       0.56     0.91     1.56
  history        0.02     0.05     0.08
  shots          0.07     0.27     0.44
  serialize      0.31     0.41     0.95
  assembly       3.19     3.90     4.52
  transport      2.00     2.40     8.18
  egress         3.94     4.44     5.46
  tick          16.98    18.42    23.00
  overruns 0 | spawns 10000 despawns 10000 (55469 joins deferred) | deaths 0 respawns 0 | stand-ins: repeated 2348 frozen 15786 | late inputs 1123 discarded 0 | bad messages 0 | recv errors 0 send errors 0
  egress (whole run): 31131894 datagrams in 31131894 sends (1.00 per send), 213894 syscalls
  ingress (whole run): 17868905 datagrams in 298071 receive calls (59.95 per call)
  ticks per ladder level (whole run): L0: 1967
  input wait on the server (datagram arrival -> applied): p50 50.3 p99 67.1 max 121.8 mean 50.6 ms
  steady state: stand-ins repeated 0 frozen 0 | late inputs 0 discarded 0
  rewind of near targets (applied step - the input's render step for that tier): p50 133 p99 167 max 245 mean 147.3 ms (n=17635198)
  rewind of mid/far targets (applied step - the input's render step for that tier): p50 267 p99 300 max 347 mean 280.7 ms (n=17635198)
  render times ahead of the server (bogus) 0
  shots 0 (late 0, refused 0, rewinds capped 0) | hits head 0 body 0 (after cover 0, too late 0), kills 0 | ground 0 cover 0 expired 0 | segments 0 candidates 0
== bots summary ==
  started 10000 welcomed 10000 failed 0
  join latency ms: p50 739 p99 1552 max 1722 (n=10000)
  corrections 73 (0.01/bot-minute), mean error 0.086 m, max 0.150 m
  push corrections (the server pushed us apart from a crowd) 6279 (0.63/bot-minute), max 0.182 m
  snapshots 17764815 (entities per snapshot: near 15.6 mid 41.8 far 58.5), stale 0, unmatched acks 0, resyncs 1033
  input -> applied on server (est. RTT/2 + server wait): p50 58.0 p99 75.0 max 130.0 mean 58.3 ms (n=17759094)
    of which server wait (arrival -> applied): p50 50.3 p99 67.1 max 121.8 mean 50.6 ms (n=17759094)
  input -> seen acked (round trip): p50 67.0 p99 100.0 max 173.0 mean 82.2 ms (n=17760217)
  near entity update interval (tracked bots): p50 33.0 p99 33.0 max 200.0 mean 33.0 ms (n=14069476)
  mid entity update interval (tracked bots): p50 100.0 p99 100.0 max 1000.0 mean 100.2 ms (n=37735588)
  far entity update interval (tracked bots): p50 500.0 p99 500.0 max 2000.0 mean 500.2 ms (n=52079890)
  near drawn (tracked bots): 99.85% interpolated, 0.02% extrapolated, 0.00% held, 0.13% new | pops p50 0 p99 0 max 128 mm
  mid drawn (tracked bots): 99.52% interpolated, 0.13% extrapolated, 0.01% held, 0.34% new | pops p50 0 p99 0 max 4706 mm
  far drawn (tracked bots): 40.11% interpolated, 58.88% extrapolated, 0.56% held, 0.46% new | pops p50 408 p99 3673 max 21641 mm
  render delay (near) 70.9 ms behind the newest step, clock snaps 0 (backwards 0), slewing 3.73% of frames, near delay changes 323 | streak entity-frames (drawn > 20 m/s) 14636154
  input clock: 23117 extra inputs, 10906 skipped ticks, 0 backlog skips | near decode errors (tracked bots) 0
  bytes down 23809.6 MB up 1118.8 MB | swarm busy 27% of its threads' time, tick overruns 344
