spawn=uniform
egress=sendmmsg
ingress=recvmmsg
rx_gather_us=1000
ladder=on
threads=64
shards=64
sockets=1
peak_clients=10000
steady_ticks=1708
steady_secs=56.9
ingress_p50_ms=1.20
ingress_p99_ms=1.82
ingress_max_ms=2.29
events_p50_ms=3.98
events_p99_ms=5.21
events_max_ms=5.74
movement_p50_ms=0.99
movement_p99_ms=1.31
movement_max_ms=1.45
grid_p50_ms=0.47
grid_p99_ms=0.68
grid_max_ms=0.79
separate_p50_ms=0.56
separate_p99_ms=0.91
separate_max_ms=1.56
history_p50_ms=0.02
history_p99_ms=0.05
history_max_ms=0.08
shots_p50_ms=0.07
shots_p99_ms=0.27
shots_max_ms=0.44
serialize_p50_ms=0.31
serialize_p99_ms=0.41
serialize_max_ms=0.95
assembly_p50_ms=3.19
assembly_p99_ms=3.90
assembly_max_ms=4.52
transport_p50_ms=2.00
transport_p99_ms=2.40
transport_max_ms=8.18
egress_p50_ms=3.94
egress_p99_ms=4.44
egress_max_ms=5.46
tick_p50_ms=16.98
tick_p99_ms=18.42
tick_max_ms=23.00
steady_overruns=0
level_mode=0
tick_hz=30
dilation=1
levels=L0:1708
clients_avg=10000
out_pps=526020
in_pps=300183
egress_mbps=3225.4
packets_per_client_tick=1.75
wire_bytes_per_client_tick=1344
down_kbps_per_client=322.5
up_kbps_per_client=15.1
recv_per_call=60.00
ingress_thread_busy_max_pct=31.0
ingress_thread_busy_mean_pct=31.0
kernel_rcvbuf_drops=0
kernel_sndbuf_drops=0
snapshot_bytes_per_client_tick=1284
near_bytes_per_client_tick=110
activity_bytes_per_client_tick=0.0
near_per_client_tick=15.7
mid_per_client_tick=41.9
far_per_client_tick=58.7
near_scanned_per_query=18
mid_scanned_per_query=55
far_skipped=0
far_starved=0
repeated=0
frozen=0
late_inputs=0
discarded_inputs=0
input_wait_p10_ms=37.6
input_wait_p50_ms=50.3
input_wait_p90_ms=63.5
input_wait_p99_ms=67.1
spawns=10000
despawns=10000
deaths=0
respawns=0
shots=0
shots_late=0
shots_refused=0
rewinds_capped=0
rewinds_trimmed=0
hits_head=0
hits_body=0
hits_ground=0
hits_cover=0
projectiles_expired=0
kills=0
hits_after_cover=0
hits_too_late=0
events=0
tracer_bytes=0
activity_cells=0
activity_sent=0
activity_bytes=0
activity_cut=0
projectile_segments=0
hit_candidates=0
joins_deferred=55469
bad_messages=0
recv_errors=0
send_errors=0
datagrams=31131894
sends=31131894
send_syscalls=213894
rewind_near_p50_ms=133
rewind_near_p99_ms=167
rewind_near_mean_ms=147.3
rewind_mid_p50_ms=267
rewind_mid_p99_ms=300
rewind_mid_mean_ms=280.7
ingress_longest_p50_ms=0.74
ingress_work_p50_ms=38.67
assembly_longest_p50_ms=2.10
assembly_work_p50_ms=107.95
transport_longest_p50_ms=1.66
transport_work_p50_ms=80.74
egress_longest_p50_ms=3.75
egress_work_p50_ms=119.63
