preallocated connections for 10000 clients in 244.935372ms
listening on 172.31.17.93:14500 | spawn Uniform | tiers near 64@150 m, mid 500 m, far 1500 m, budget 6250 B/tick, squads of 4 | 64 rayon threads, 64 shards, 1 socket(s), 256 accepts/tick, egress SendMmsg, ingress RecvMmsg | socket buffers rcv 32768 KiB snd 32768 KiB
[    5s] clients 10000 | level 0 (0-0 in window: 30 Hz, dilation 1.0), pace 1.00, 0.0% clients bandwidth-degraded | tick p50 16.91 p99 19.06 max 19.34 ms, 0 overruns | out 383.7k pps 308 kbps/client, 2324 Mbps | in 239.3k pps 19 kbps/client, 59.3 per recv, receive thread busy 26% | stand-ins: repeated 0.19% frozen 0.00%, 1123 late inputs | per client-tick: 1221 B (near 107 B, 99% deltas), near 14.9 mid 39.5 far 55.8, far skipped 0 starved 0 | input wait p50 50.9 p99 105.0 ms | 55469 joins deferred | kernel drops rcv 0 snd 0
         p50/p99 ms: ingress 1.22/7.50  events 3.92/5.23  movement 0.96/1.31  grid 0.46/0.68  separate 0.53/0.81  history 0.02/0.15  shots 0.07/0.30  serialize 0.31/0.50  assembly 3.16/3.90  transport 1.91/2.25  egress 3.83/4.37
[   10s] clients 10000 | level 0 (0-0 in window: 30 Hz, dilation 1.0), pace 1.00, 0.0% clients bandwidth-degraded | tick p50 17.01 p99 18.98 max 19.24 ms, 0 overruns | out 525.9k pps 322 kbps/client, 3225 Mbps | in 299.8k pps 15 kbps/client, 60.1 per recv, receive thread busy 32% | stand-ins: repeated 0.00% frozen 0.00%, 0 late inputs | per client-tick: 1284 B (near 110 B, 100% deltas), near 15.7 mid 41.9 far 58.7, far skipped 0 starved 0 | input wait p50 50.3 p99 67.1 ms | 0 joins deferred | kernel drops rcv 0 snd 0
         p50/p99 ms: ingress 1.20/1.69  events 3.96/5.22  movement 0.99/1.33  grid 0.47/0.66  separate 0.55/0.81  history 0.02/0.05  shots 0.07/0.27  serialize 0.31/0.42  assembly 3.21/4.12  transport 2.01/2.33  egress 3.97/4.30
[   15s] clients 10000 | level 0 (0-0 in window: 30 Hz, dilation 1.0), pace 1.00, 0.0% clients bandwidth-degraded | tick p50 16.91 p99 18.20 max 18.21 ms, 0 overruns | out 525.8k pps 322 kbps/client, 3224 Mbps | in 299.9k pps 15 kbps/client, 60.0 per recv, receive thread busy 31% | stand-ins: repeated 0.00% frozen 0.00%, 0 late inputs | per client-tick: 1284 B (near 110 B, 100% deltas), near 15.7 mid 41.9 far 58.7, far skipped 0 starved 0 | input wait p50 50.3 p99 67.1 ms | 0 joins deferred | kernel drops rcv 0 snd 0
         p50/p99 ms: ingress 1.20/2.16  events 3.97/5.28  movement 0.99/1.35  grid 0.47/0.60  separate 0.56/1.08  history 0.02/0.05  shots 0.07/0.28  serialize 0.30/0.40  assembly 3.18/3.88  transport 1.96/2.44  egress 3.93/4.30
[   20s] clients 10000 | level 0 (0-0 in window: 30 Hz, dilation 1.0), pace 1.00, 0.0% clients bandwidth-degraded | tick p50 16.87 p99 18.30 max 18.37 ms, 0 overruns | out 526.1k pps 323 kbps/client, 3225 Mbps | in 299.8k pps 15 kbps/client, 60.1 per recv, receive thread busy 31% | stand-ins: repeated 0.00% frozen 0.00%, 0 late inputs | per client-tick: 1284 B (near 110 B, 100% deltas), near 15.7 mid 41.9 far 58.7, far skipped 0 starved 0 | input wait p50 50.3 p99 67.1 ms | 0 joins deferred | kernel drops rcv 0 snd 0
         p50/p99 ms: ingress 1.20/1.61  events 3.94/5.23  movement 1.00/1.33  grid 0.47/0.61  separate 0.56/1.12  history 0.02/0.03  shots 0.07/0.26  serialize 0.31/0.41  assembly 3.16/3.89  transport 1.98/2.40  egress 3.97/4.43
[   25s] clients 10000 | level 0 (0-0 in window: 30 Hz, dilation 1.0), pace 1.00, 0.0% clients bandwidth-degraded | tick p50 17.04 p99 18.42 max 18.57 ms, 0 overruns | out 526.1k pps 322 kbps/client, 3225 Mbps | in 299.8k pps 15 kbps/client, 60.0 per recv, receive thread busy 31% | stand-ins: repeated 0.00% frozen 0.00%, 0 late inputs | per client-tick: 1284 B (near 110 B, 100% deltas), near 15.7 mid 41.9 far 58.7, far skipped 0 starved 0 | input wait p50 50.2 p99 67.0 ms | 0 joins deferred | kernel drops rcv 0 snd 0
         p50/p99 ms: ingress 1.20/1.54  events 3.97/5.02  movement 0.99/1.30  grid 0.47/0.69  separate 0.56/0.79  history 0.02/0.06  shots 0.07/0.33  serialize 0.32/0.40  assembly 3.22/4.24  transport 2.01/2.38  egress 3.94/4.41
[   30s] clients 10000 | level 0 (0-0 in window: 30 Hz, dilation 1.0), pace 1.00, 0.0% clients bandwidth-degraded | tick p50 17.07 p99 18.73 max 18.97 ms, 0 overruns | out 526.1k pps 323 kbps/client, 3225 Mbps | in 299.7k pps 15 kbps/client, 59.9 per recv, receive thread busy 31% | stand-ins: repeated 0.00% frozen 0.00%, 0 late inputs | per client-tick: 1284 B (near 110 B, 100% deltas), near 15.7 mid 41.9 far 58.7, far skipped 0 starved 0 | input wait p50 50.1 p99 67.0 ms | 0 joins deferred | kernel drops rcv 0 snd 0
         p50/p99 ms: ingress 1.20/2.15  events 4.00/5.55  movement 1.02/1.31  grid 0.47/0.69  separate 0.56/1.04  history 0.02/0.05  shots 0.07/0.27  serialize 0.31/0.38  assembly 3.19/3.96  transport 2.00/2.39  egress 3.95/4.36
[   35s] clients 10000 | level 0 (0-0 in window: 30 Hz, dilation 1.0), pace 1.00, 0.0% clients bandwidth-degraded | tick p50 16.84 p99 18.16 max 18.18 ms, 0 overruns | out 525.8k pps 322 kbps/client, 3225 Mbps | in 299.7k pps 15 kbps/client, 60.1 per recv, receive thread busy 31% | stand-ins: repeated 0.00% frozen 0.00%, 0 late inputs | per client-tick: 1284 B (near 110 B, 100% deltas), near 15.7 mid 41.9 far 58.7, far skipped 0 starved 0 | input wait p50 50.3 p99 67.1 ms | 0 joins deferred | kernel drops rcv 0 snd 0
         p50/p99 ms: ingress 1.21/1.74  events 3.96/5.03  movement 0.99/1.33  grid 0.47/0.57  separate 0.55/0.85  history 0.02/0.05  shots 0.07/0.26  serialize 0.31/0.38  assembly 3.18/3.64  transport 2.00/2.40  egress 3.94/4.61
[   40s] clients 10000 | level 0 (0-0 in window: 30 Hz, dilation 1.0), pace 1.00, 0.0% clients bandwidth-degraded | tick p50 17.02 p99 18.68 max 18.77 ms, 0 overruns | out 525.9k pps 322 kbps/client, 3225 Mbps | in 299.9k pps 15 kbps/client, 59.9 per recv, receive thread busy 31% | stand-ins: repeated 0.00% frozen 0.00%, 0 late inputs | per client-tick: 1284 B (near 110 B, 100% deltas), near 15.7 mid 41.9 far 58.7, far skipped 0 starved 0 | input wait p50 50.2 p99 67.1 ms | 0 joins deferred | kernel drops rcv 0 snd 0
         p50/p99 ms: ingress 1.21/1.70  events 4.04/5.14  movement 1.02/1.36  grid 0.48/0.69  separate 0.57/0.84  history 0.02/0.05  shots 0.07/0.27  serialize 0.30/0.59  assembly 3.18/3.72  transport 2.00/2.40  egress 3.93/4.33
[   45s] clients 10000 | level 0 (0-0 in window: 30 Hz, dilation 1.0), pace 1.00, 0.0% clients bandwidth-degraded | tick p50 17.02 p99 18.49 max 19.53 ms, 0 overruns | out 525.7k pps 322 kbps/client, 3224 Mbps | in 299.8k pps 15 kbps/client, 59.9 per recv, receive thread busy 31% | stand-ins: repeated 0.00% frozen 0.00%, 0 late inputs | per client-tick: 1284 B (near 110 B, 100% deltas), near 15.7 mid 41.9 far 58.7, far skipped 0 starved 0 | input wait p50 50.3 p99 67.1 ms | 0 joins deferred | kernel drops rcv 0 snd 0
         p50/p99 ms: ingress 1.21/1.64  events 3.98/5.05  movement 1.00/1.31  grid 0.47/0.75  separate 0.57/0.85  history 0.02/0.06  shots 0.07/0.29  serialize 0.31/0.54  assembly 3.17/3.97  transport 2.00/2.35  egress 3.94/5.44
[   50s] clients 10000 | level 0 (0-0 in window: 30 Hz, dilation 1.0), pace 1.00, 0.0% clients bandwidth-degraded | tick p50 17.07 p99 18.28 max 18.88 ms, 0 overruns | out 525.7k pps 322 kbps/client, 3224 Mbps | in 299.8k pps 15 kbps/client, 60.0 per recv, receive thread busy 31% | stand-ins: repeated 0.00% frozen 0.00%, 0 late inputs | per client-tick: 1284 B (near 110 B, 100% deltas), near 15.7 mid 41.9 far 58.7, far skipped 0 starved 0 | input wait p50 50.2 p99 67.0 ms | 0 joins deferred | kernel drops rcv 0 snd 0
         p50/p99 ms: ingress 1.20/1.86  events 3.98/5.34  movement 0.99/1.29  grid 0.47/0.70  separate 0.56/1.20  history 0.02/0.06  shots 0.07/0.32  serialize 0.31/0.72  assembly 3.19/3.97  transport 2.01/2.53  egress 3.95/4.50
[   55s] clients 10000 | level 0 (0-0 in window: 30 Hz, dilation 1.0), pace 1.00, 0.0% clients bandwidth-degraded | tick p50 16.99 p99 18.41 max 18.95 ms, 0 overruns | out 526.0k pps 323 kbps/client, 3226 Mbps | in 299.7k pps 15 kbps/client, 60.0 per recv, receive thread busy 31% | stand-ins: repeated 0.00% frozen 0.00%, 0 late inputs | per client-tick: 1284 B (near 110 B, 100% deltas), near 15.7 mid 42.0 far 58.7, far skipped 0 starved 0 | input wait p50 50.2 p99 67.0 ms | 0 joins deferred | kernel drops rcv 0 snd 0
         p50/p99 ms: ingress 1.20/1.84  events 3.97/5.17  movement 0.98/1.29  grid 0.47/0.72  separate 0.56/0.86  history 0.02/0.05  shots 0.07/0.26  serialize 0.32/0.42  assembly 3.19/3.93  transport 2.00/2.48  egress 3.95/4.53
[   60s] clients 10000 | level 0 (0-0 in window: 30 Hz, dilation 1.0), pace 1.00, 0.0% clients bandwidth-degraded | tick p50 16.87 p99 18.09 max 18.24 ms, 0 overruns | out 526.0k pps 323 kbps/client, 3225 Mbps | in 299.9k pps 15 kbps/client, 59.9 per recv, receive thread busy 31% | stand-ins: repeated 0.00% frozen 0.00%, 0 late inputs | per client-tick: 1284 B (near 110 B, 100% deltas), near 15.7 mid 42.0 far 58.7, far skipped 0 starved 0 | input wait p50 50.3 p99 67.1 ms | 0 joins deferred | kernel drops rcv 0 snd 0
         p50/p99 ms: ingress 1.20/2.25  events 3.97/4.92  movement 0.98/1.25  grid 0.47/0.64  separate 0.55/0.83  history 0.02/0.06  shots 0.07/0.34  serialize 0.30/0.41  assembly 3.20/3.73  transport 2.00/2.44  egress 3.94/4.52
[   65s] clients 108 | level 0 (0-0 in window: 30 Hz, dilation 1.0), pace 1.00, 0.0% clients bandwidth-degraded | tick p50 2.16 p99 23.00 max 30.70 ms, 0 overruns | out 38.3k pps 281 kbps/client, 218 Mbps | in 25.4k pps 14 kbps/client, 61.0 per recv, receive thread busy 3% | stand-ins: repeated 0.18% frozen 12.71%, 0 late inputs | per client-tick: 1112 B (near 95 B, 100% deltas), near 13.5 mid 36.1 far 50.5, far skipped 0 starved 0 | input wait p50 50.1 p99 66.9 ms | 0 joins deferred | kernel drops rcv 0 snd 0
         p50/p99 ms: ingress 0.47/1.63  events 0.00/5.03  movement 0.19/1.23  grid 0.24/0.59  separate 0.41/0.76  history 0.03/0.05  shots 0.10/0.21  serialize 0.28/0.37  assembly 0.18/3.28  transport 0.09/2.40  egress 0.10/4.03
[   66s] clients 0 | level 0 (0-0 in window: 30 Hz, dilation 1.0), pace 1.00, 0.0% clients bandwidth-degraded | tick p50 1.97 p99 2.44 max 2.44 ms, 0 overruns | out 2.7k pps 24 kbps/client, 2 Mbps | in 0.0k pps 0 kbps/client, 0.0 per recv, receive thread busy 0% | stand-ins: repeated 0.00% frozen 100.00%, 0 late inputs | per client-tick: 68 B (near 3 B, 0% deltas), near 0.1 mid 0.4 far 0.7, far skipped 0 starved 0 | input wait p50 0.0 p99 0.0 ms | 0 joins deferred | kernel drops rcv 0 snd 0
         p50/p99 ms: ingress 0.47/0.54  events 0.00/0.29  movement 0.14/0.41  grid 0.23/0.30  separate 0.39/0.50  history 0.03/0.04  shots 0.08/0.18  serialize 0.22/0.32  assembly 0.14/0.25  transport 0.09/0.11  egress 0.09/0.13

== summary: 1708 steady-state ticks (after warmup, before clients drain), peak 10000 clients ==
  phase        p50 ms   p99 ms   max ms
  ingress        1.20     1.82     2.29
  events         3.98     5.21     5.74
  movement       0.99     1.31     1.45
  grid           0.47     0.68     0.79
  separate       0.56     0.91     1.56
  history        0.02     0.05     0.08
  shots          0.07     0.27     0.44
  serialize      0.31     0.41     0.95
  assembly       3.19     3.90     4.52
  transport      2.00     2.40     8.18
  egress         3.94     4.44     5.46
  tick          16.98    18.42    23.00
  overruns 0 | spawns 10000 despawns 10000 (55469 joins deferred) | deaths 0 respawns 0 | stand-ins: repeated 2348 frozen 15786 | late inputs 1123 discarded 0 | bad messages 0 | recv errors 0 send errors 0
  egress (whole run): 31131894 datagrams in 31131894 sends (1.00 per send), 213894 syscalls
  ingress (whole run): 17868905 datagrams in 298071 receive calls (59.95 per call)
  ticks per ladder level (whole run): L0: 1967
  input wait on the server (datagram arrival -> applied): p50 50.3 p99 67.1 max 121.8 mean 50.6 ms
  steady state: stand-ins repeated 0 frozen 0 | late inputs 0 discarded 0
  rewind of near targets (applied step - the input's render step for that tier): p50 133 p99 167 max 245 mean 147.3 ms (n=17635198)
  rewind of mid/far targets (applied step - the input's render step for that tier): p50 267 p99 300 max 347 mean 280.7 ms (n=17635198)
  render times ahead of the server (bogus) 0
  shots 0 (late 0, refused 0, rewinds capped 0) | hits head 0 body 0 (after cover 0, too late 0), kills 0 | ground 0 cover 0 expired 0 | segments 0 candidates 0
