preallocated connections for 10000 clients in 218.719102ms
listening on 172.16.8.2:40500 | spawn Uniform | tiers near 64@150 m, mid 500 m, far 1500 m, budget 6250 B/tick, squads of 4 | 64 rayon threads, 64 shards, 256 accepts/tick, egress SendMmsg | socket buffers rcv 32768 KiB snd 32768 KiB
[    5s] clients 10000 | level 0 (0-0 in window: 30 Hz, dilation 1.0), pace 1.00, 0.0% clients bandwidth-degraded | tick p50 12.39 p99 14.08 max 14.89 ms, 0 overruns | out 373.6k pps 300 kbps/client, 2220 Mbps | in 235.4k pps 16 kbps/client | stand-ins: repeated 0.00% frozen 0.00%, 0 late inputs | per client-tick: 1189 B (near 92 B, 99% deltas), near 14.9 mid 39.4 far 55.7, far skipped 0 starved 0 | input wait p50 50.7 p99 66.6 ms | 53275 joins deferred | kernel drops rcv 0 snd 0
         p50/p99 ms: ingress 1.50/5.21  events 2.36/3.90  movement 0.31/0.38  grid 0.35/0.41  history 0.01/0.05  serialize 0.21/0.38  assembly 2.46/2.71  transport 1.76/1.90  egress 3.22/3.73
[   10s] clients 10000 | level 0 (0-0 in window: 30 Hz, dilation 1.0), pace 1.00, 0.0% clients bandwidth-degraded | tick p50 12.23 p99 12.95 max 12.99 ms, 0 overruns | out 523.2k pps 315 kbps/client, 3147 Mbps | in 300.0k pps 12 kbps/client | stand-ins: repeated 0.00% frozen 0.00%, 0 late inputs | per client-tick: 1252 B (near 94 B, 100% deltas), near 15.6 mid 41.9 far 58.7, far skipped 0 starved 0 | input wait p50 50.1 p99 65.3 ms | 0 joins deferred | kernel drops rcv 0 snd 0
         p50/p99 ms: ingress 1.52/1.60  events 2.36/2.51  movement 0.33/0.39  grid 0.37/0.41  history 0.01/0.01  serialize 0.21/0.25  assembly 2.47/2.62  transport 1.80/1.91  egress 3.13/3.71
[   15s] clients 10000 | level 0 (0-0 in window: 30 Hz, dilation 1.0), pace 1.00, 0.0% clients bandwidth-degraded | tick p50 12.20 p99 13.05 max 13.11 ms, 0 overruns | out 523.4k pps 315 kbps/client, 3148 Mbps | in 300.0k pps 12 kbps/client | stand-ins: repeated 0.00% frozen 0.00%, 0 late inputs | per client-tick: 1252 B (near 95 B, 100% deltas), near 15.7 mid 41.9 far 58.7, far skipped 0 starved 0 | input wait p50 50.2 p99 65.3 ms | 0 joins deferred | kernel drops rcv 0 snd 0
         p50/p99 ms: ingress 1.54/1.65  events 2.36/2.59  movement 0.32/0.38  grid 0.37/0.41  history 0.01/0.01  serialize 0.20/0.24  assembly 2.47/2.70  transport 1.82/1.94  egress 3.06/3.67
[   20s] clients 10000 | level 0 (0-0 in window: 30 Hz, dilation 1.0), pace 1.00, 0.0% clients bandwidth-degraded | tick p50 12.32 p99 13.09 max 13.18 ms, 0 overruns | out 523.2k pps 315 kbps/client, 3148 Mbps | in 300.0k pps 12 kbps/client | stand-ins: repeated 0.00% frozen 0.00%, 0 late inputs | per client-tick: 1252 B (near 94 B, 100% deltas), near 15.7 mid 41.9 far 58.7, far skipped 0 starved 0 | input wait p50 49.9 p99 65.3 ms | 0 joins deferred | kernel drops rcv 0 snd 0
         p50/p99 ms: ingress 1.55/1.68  events 2.35/2.62  movement 0.33/0.41  grid 0.37/0.41  history 0.01/0.01  serialize 0.20/0.24  assembly 2.48/2.99  transport 1.83/1.95  egress 3.16/3.55
[   25s] clients 10000 | level 0 (0-0 in window: 30 Hz, dilation 1.0), pace 1.00, 0.0% clients bandwidth-degraded | tick p50 12.30 p99 12.78 max 12.99 ms, 0 overruns | out 523.2k pps 315 kbps/client, 3149 Mbps | in 300.0k pps 12 kbps/client | stand-ins: repeated 0.00% frozen 0.00%, 0 late inputs | per client-tick: 1252 B (near 94 B, 100% deltas), near 15.7 mid 42.0 far 58.7, far skipped 0 starved 0 | input wait p50 49.9 p99 65.2 ms | 0 joins deferred | kernel drops rcv 0 snd 0
         p50/p99 ms: ingress 1.58/1.66  events 2.35/2.55  movement 0.33/0.37  grid 0.37/0.41  history 0.01/0.01  serialize 0.21/0.25  assembly 2.45/2.72  transport 1.80/1.93  egress 3.17/3.59
[   30s] clients 10000 | level 0 (0-0 in window: 30 Hz, dilation 1.0), pace 1.00, 0.0% clients bandwidth-degraded | tick p50 12.07 p99 13.27 max 13.74 ms, 0 overruns | out 523.2k pps 315 kbps/client, 3149 Mbps | in 300.0k pps 12 kbps/client | stand-ins: repeated 0.00% frozen 0.00%, 0 late inputs | per client-tick: 1253 B (near 94 B, 100% deltas), near 15.6 mid 42.0 far 58.7, far skipped 0 starved 0 | input wait p50 49.9 p99 65.2 ms | 0 joins deferred | kernel drops rcv 0 snd 0
         p50/p99 ms: ingress 1.58/1.66  events 2.39/3.26  movement 0.33/0.38  grid 0.38/0.47  history 0.01/0.01  serialize 0.21/0.25  assembly 2.46/2.82  transport 1.80/1.93  egress 2.88/3.28
[   35s] clients 10000 | level 0 (0-0 in window: 30 Hz, dilation 1.0), pace 1.00, 0.0% clients bandwidth-degraded | tick p50 12.09 p99 13.12 max 13.16 ms, 0 overruns | out 523.4k pps 315 kbps/client, 3149 Mbps | in 300.0k pps 12 kbps/client | stand-ins: repeated 0.00% frozen 0.00%, 0 late inputs | per client-tick: 1253 B (near 94 B, 100% deltas), near 15.6 mid 42.0 far 58.7, far skipped 0 starved 0 | input wait p50 49.9 p99 65.2 ms | 0 joins deferred | kernel drops rcv 0 snd 0
         p50/p99 ms: ingress 1.59/1.70  events 2.44/3.21  movement 0.33/0.40  grid 0.38/0.48  history 0.01/0.01  serialize 0.20/0.24  assembly 2.47/2.59  transport 1.82/1.97  egress 2.81/3.30
[   40s] clients 10000 | level 0 (0-0 in window: 30 Hz, dilation 1.0), pace 1.00, 0.0% clients bandwidth-degraded | tick p50 11.99 p99 12.39 max 12.48 ms, 0 overruns | out 523.6k pps 315 kbps/client, 3150 Mbps | in 300.0k pps 12 kbps/client | stand-ins: repeated 0.00% frozen 0.00%, 0 late inputs | per client-tick: 1253 B (near 94 B, 100% deltas), near 15.7 mid 42.0 far 58.7, far skipped 0 starved 0 | input wait p50 49.9 p99 65.2 ms | 0 joins deferred | kernel drops rcv 0 snd 0
         p50/p99 ms: ingress 1.59/1.70  events 2.43/2.56  movement 0.33/0.40  grid 0.38/0.43  history 0.01/0.01  serialize 0.20/0.25  assembly 2.47/2.62  transport 1.82/1.92  egress 2.72/3.04
[   45s] clients 10000 | level 0 (0-0 in window: 30 Hz, dilation 1.0), pace 1.00, 0.0% clients bandwidth-degraded | tick p50 12.09 p99 12.97 max 12.98 ms, 0 overruns | out 523.6k pps 315 kbps/client, 3149 Mbps | in 300.0k pps 12 kbps/client | stand-ins: repeated 0.00% frozen 0.00%, 0 late inputs | per client-tick: 1253 B (near 94 B, 100% deltas), near 15.7 mid 42.0 far 58.7, far skipped 0 starved 0 | input wait p50 49.9 p99 65.2 ms | 0 joins deferred | kernel drops rcv 0 snd 0
         p50/p99 ms: ingress 1.57/1.68  events 2.41/2.75  movement 0.33/0.40  grid 0.38/0.43  history 0.01/0.01  serialize 0.20/0.24  assembly 2.47/2.85  transport 1.82/1.94  egress 2.79/3.55
[   46s] clients 0 | level 0 (0-0 in window: 30 Hz, dilation 1.0), pace 1.00, 0.0% clients bandwidth-degraded | tick p50 12.11 p99 19.79 max 19.79 ms, 0 overruns | out 453.5k pps 304 kbps/client, 2740 Mbps | in 318.1k pps 12 kbps/client | stand-ins: repeated 0.00% frozen 0.00%, 0 late inputs | per client-tick: 1232 B (near 93 B, 100% deltas), near 15.4 mid 41.2 far 57.7, far skipped 0 starved 0 | input wait p50 50.3 p99 65.2 ms | 0 joins deferred | kernel drops rcv 0 snd 0
         p50/p99 ms: ingress 1.60/5.42  events 2.42/13.58  movement 0.33/0.35  grid 0.36/0.42  history 0.01/0.01  serialize 0.20/0.22  assembly 2.49/2.55  transport 1.85/1.90  egress 2.74/3.17

== summary: 1258 steady-state ticks (after warmup, before clients drain), peak 10000 clients ==
  phase        p50 ms   p99 ms   max ms
  ingress        1.57     1.68     1.83
  events         2.38     3.11     3.31
  movement       0.33     0.39     0.41
  grid           0.38     0.44     0.52
  history        0.01     0.01     0.01
  serialize      0.20     0.25     0.27
  assembly       2.47     2.71     3.22
  transport      1.82     1.94     2.43
  egress         2.98     3.62     3.84
  tick          12.16    12.99    13.74
  overruns 0 | spawns 10000 despawns 10000 (53275 joins deferred) | stand-ins: repeated 0 frozen 0 | late inputs 0 discarded 0 | bad messages 0 | recv errors 0 send errors 0
  egress (whole run): 23126588 datagrams in 23126588 sends (1.00 per send), 152247 syscalls
  ticks per ladder level (whole run): L0: 1371
  input wait on the server (datagram arrival -> applied): p50 50.0 p99 65.3 max 71.5 mean 49.9 ms
  steady state: stand-ins repeated 0 frozen 0 | late inputs 0 discarded 0
