spawn=uniform
egress=sendmmsg
ladder=off
threads=64
shards=64
peak_clients=10000
steady_ticks=1258
steady_secs=41.9
ingress_p50_ms=1.57
ingress_p99_ms=1.68
ingress_max_ms=1.83
events_p50_ms=2.38
events_p99_ms=3.11
events_max_ms=3.31
movement_p50_ms=0.33
movement_p99_ms=0.39
movement_max_ms=0.41
grid_p50_ms=0.38
grid_p99_ms=0.44
grid_max_ms=0.52
history_p50_ms=0.01
history_p99_ms=0.01
history_max_ms=0.01
serialize_p50_ms=0.20
serialize_p99_ms=0.25
serialize_max_ms=0.27
assembly_p50_ms=2.47
assembly_p99_ms=2.71
assembly_max_ms=3.22
transport_p50_ms=1.82
transport_p99_ms=1.94
transport_max_ms=2.43
egress_p50_ms=2.98
egress_p99_ms=3.62
egress_max_ms=3.84
tick_p50_ms=12.16
tick_p99_ms=12.99
tick_max_ms=13.74
steady_overruns=0
level_mode=0
tick_hz=30
dilation=1
levels=L0:1258
clients_avg=10000
out_pps=523600
in_pps=300467
egress_mbps=3150.1
packets_per_client_tick=1.74
wire_bytes_per_client_tick=1312
down_kbps_per_client=315.0
up_kbps_per_client=12.0
kernel_rcvbuf_drops=0
kernel_sndbuf_drops=0
snapshot_bytes_per_client_tick=1252
near_bytes_per_client_tick=94
near_per_client_tick=15.7
mid_per_client_tick=42.0
far_per_client_tick=58.7
far_skipped=0
far_starved=0
repeated=0
frozen=0
late_inputs=0
discarded_inputs=0
input_wait_p50_ms=50.0
input_wait_p99_ms=65.3
spawns=10000
despawns=10000
joins_deferred=53275
bad_messages=0
recv_errors=0
send_errors=0
datagrams=23126588
sends=23126588
send_syscalls=152247
