preallocated connections for 10000 clients in 265.697664ms
listening on 127.0.0.1:40500 | spawn Blob | tiers near 64@150 m, mid 500 m, far 1500 m, budget 6250 B/tick, squads of 4 | 8 rayon threads, 64 shards, 1 socket(s), 256 accepts/tick, egress SendMmsg | socket buffers rcv 8192 KiB snd 8192 KiB
WARNING: token key is the public dev key; anyone can mint tokens for this server (--token-key)
[    5s] clients 1000 | level 0 (0-0 in window: 30 Hz, dilation 1.0), pace 1.00, 0.0% clients bandwidth-degraded | tick p50 6.84 p99 10.83 max 16.96 ms, 0 overruns | out 56.0k pps 359 kbps/client, 331 Mbps | in 28.0k pps 16 kbps/client | stand-ins: repeated 0.00% frozen 0.00%, 0 late inputs | per client-tick: 1422 B (near 417 B, 98% deltas), near 64.0 mid 85.9 far 0.0, far skipped 0 starved 0 | input wait p50 50.1 p99 82.4 ms | 646 joins deferred | kernel drops rcv 0 snd 0
         p50/p99 ms: ingress 0.36/1.46  events 0.11/2.94  movement 0.25/0.32  grid 0.17/0.27  separate 0.30/0.40  history 0.00/0.01  serialize 0.04/0.10  assembly 2.33/3.17  transport 0.99/2.01  egress 2.21/3.12
[   10s] clients 1000 | level 0 (0-0 in window: 30 Hz, dilation 1.0), pace 1.00, 0.0% clients bandwidth-degraded | tick p50 6.89 p99 7.93 max 8.26 ms, 0 overruns | out 60.0k pps 354 kbps/client, 354 Mbps | in 30.0k pps 15 kbps/client | stand-ins: repeated 0.00% frozen 0.00%, 0 late inputs | per client-tick: 1411 B (near 405 B, 100% deltas), near 64.0 mid 86.0 far 0.0, far skipped 0 starved 0 | input wait p50 47.4 p99 66.3 ms | 0 joins deferred | kernel drops rcv 0 snd 0
         p50/p99 ms: ingress 0.37/0.51  events 0.11/0.15  movement 0.25/0.33  grid 0.17/0.24  separate 0.30/0.38  history 0.00/0.00  serialize 0.04/0.08  assembly 2.33/2.92  transport 1.01/1.36  egress 2.32/2.78
[   15s] clients 1000 | level 0 (0-0 in window: 30 Hz, dilation 1.0), pace 1.00, 0.0% clients bandwidth-degraded | tick p50 6.93 p99 8.27 max 8.77 ms, 0 overruns | out 60.0k pps 354 kbps/client, 354 Mbps | in 30.0k pps 15 kbps/client | stand-ins: repeated 0.00% frozen 0.00%, 0 late inputs | per client-tick: 1412 B (near 406 B, 100% deltas), near 64.0 mid 86.0 far 0.0, far skipped 0 starved 0 | input wait p50 47.6 p99 66.4 ms | 0 joins deferred | kernel drops rcv 0 snd 0
         p50/p99 ms: ingress 0.36/0.62  events 0.10/0.18  movement 0.25/0.33  grid 0.17/0.25  separate 0.30/0.39  history 0.00/0.00  serialize 0.04/0.07  assembly 2.31/2.97  transport 1.01/1.33  egress 2.32/2.76
[   20s] clients 1000 | level 0 (0-0 in window: 30 Hz, dilation 1.0), pace 1.00, 0.0% clients bandwidth-degraded | tick p50 6.95 p99 8.03 max 8.11 ms, 0 overruns | out 60.0k pps 354 kbps/client, 354 Mbps | in 30.0k pps 15 kbps/client | stand-ins: repeated 0.00% frozen 0.00%, 0 late inputs | per client-tick: 1411 B (near 405 B, 100% deltas), near 64.0 mid 86.0 far 0.0, far skipped 0 starved 0 | input wait p50 47.5 p99 66.4 ms | 0 joins deferred | kernel drops rcv 0 snd 0
         p50/p99 ms: ingress 0.36/0.49  events 0.10/0.17  movement 0.25/0.37  grid 0.17/0.24  separate 0.30/0.39  history 0.00/0.00  serialize 0.04/0.07  assembly 2.35/2.90  transport 1.01/1.33  egress 2.33/2.74
[   25s] clients 1000 | level 0 (0-0 in window: 30 Hz, dilation 1.0), pace 1.00, 0.0% clients bandwidth-degraded | tick p50 6.95 p99 7.56 max 7.57 ms, 0 overruns | out 60.0k pps 354 kbps/client, 354 Mbps | in 30.0k pps 15 kbps/client | stand-ins: repeated 0.00% frozen 0.00%, 0 late inputs | per client-tick: 1412 B (near 406 B, 100% deltas), near 64.0 mid 86.0 far 0.0, far skipped 0 starved 0 | input wait p50 47.5 p99 66.4 ms | 0 joins deferred | kernel drops rcv 0 snd 0
         p50/p99 ms: ingress 0.36/0.46  events 0.10/0.15  movement 0.25/0.31  grid 0.17/0.24  separate 0.30/0.37  history 0.00/0.02  serialize 0.04/0.07  assembly 2.35/2.70  transport 1.02/1.32  egress 2.33/2.67
[   30s] clients 1000 | level 0 (0-0 in window: 30 Hz, dilation 1.0), pace 1.00, 0.0% clients bandwidth-degraded | tick p50 6.88 p99 7.92 max 7.99 ms, 0 overruns | out 60.0k pps 354 kbps/client, 354 Mbps | in 30.0k pps 15 kbps/client | stand-ins: repeated 0.00% frozen 0.00%, 0 late inputs | per client-tick: 1411 B (near 405 B, 100% deltas), near 64.0 mid 86.0 far 0.0, far skipped 0 starved 0 | input wait p50 47.5 p99 66.4 ms | 0 joins deferred | kernel drops rcv 0 snd 0
         p50/p99 ms: ingress 0.36/0.51  events 0.11/0.16  movement 0.25/0.32  grid 0.17/0.26  separate 0.30/0.39  history 0.00/0.00  serialize 0.04/0.07  assembly 2.30/2.81  transport 1.02/1.42  egress 2.31/2.87
[   35s] clients 1000 | level 0 (0-0 in window: 30 Hz, dilation 1.0), pace 1.00, 0.0% clients bandwidth-degraded | tick p50 6.82 p99 7.79 max 7.79 ms, 0 overruns | out 60.0k pps 354 kbps/client, 354 Mbps | in 30.0k pps 15 kbps/client | stand-ins: repeated 0.00% frozen 0.00%, 0 late inputs | per client-tick: 1411 B (near 405 B, 100% deltas), near 64.0 mid 86.0 far 0.0, far skipped 0 starved 0 | input wait p50 47.5 p99 66.4 ms | 0 joins deferred | kernel drops rcv 0 snd 0
         p50/p99 ms: ingress 0.36/0.60  events 0.11/0.17  movement 0.25/0.41  grid 0.17/0.24  separate 0.30/0.39  history 0.00/0.00  serialize 0.04/0.07  assembly 2.32/2.69  transport 0.97/1.33  egress 2.23/2.75
[   40s] clients 1000 | level 0 (0-0 in window: 30 Hz, dilation 1.0), pace 1.00, 0.0% clients bandwidth-degraded | tick p50 6.86 p99 7.93 max 8.47 ms, 0 overruns | out 60.0k pps 354 kbps/client, 354 Mbps | in 30.0k pps 15 kbps/client | stand-ins: repeated 0.00% frozen 0.00%, 0 late inputs | per client-tick: 1411 B (near 405 B, 100% deltas), near 64.0 mid 86.0 far 0.0, far skipped 0 starved 0 | input wait p50 47.5 p99 66.4 ms | 0 joins deferred | kernel drops rcv 0 snd 0
         p50/p99 ms: ingress 0.36/0.56  events 0.10/0.17  movement 0.25/0.32  grid 0.17/0.24  separate 0.29/0.40  history 0.00/0.00  serialize 0.04/0.08  assembly 2.31/2.93  transport 1.00/1.32  egress 2.30/2.74
[   45s] clients 1000 | level 0 (0-0 in window: 30 Hz, dilation 1.0), pace 1.00, 0.0% clients bandwidth-degraded | tick p50 6.87 p99 7.55 max 7.71 ms, 0 overruns | out 60.0k pps 354 kbps/client, 354 Mbps | in 30.0k pps 15 kbps/client | stand-ins: repeated 0.00% frozen 0.00%, 0 late inputs | per client-tick: 1412 B (near 406 B, 100% deltas), near 64.0 mid 86.0 far 0.0, far skipped 0 starved 0 | input wait p50 47.4 p99 66.4 ms | 0 joins deferred | kernel drops rcv 0 snd 0
         p50/p99 ms: ingress 0.36/0.52  events 0.11/0.15  movement 0.25/0.31  grid 0.17/0.28  separate 0.30/0.38  history 0.00/0.00  serialize 0.04/0.07  assembly 2.35/2.71  transport 0.99/1.28  egress 2.29/2.74
[   50s] clients 1000 | level 0 (0-0 in window: 30 Hz, dilation 1.0), pace 1.00, 0.0% clients bandwidth-degraded | tick p50 6.86 p99 7.79 max 8.04 ms, 0 overruns | out 60.0k pps 355 kbps/client, 355 Mbps | in 30.0k pps 15 kbps/client | stand-ins: repeated 0.00% frozen 0.00%, 0 late inputs | per client-tick: 1413 B (near 407 B, 100% deltas), near 64.0 mid 86.0 far 0.0, far skipped 0 starved 0 | input wait p50 47.4 p99 66.4 ms | 0 joins deferred | kernel drops rcv 0 snd 0
         p50/p99 ms: ingress 0.36/0.52  events 0.10/0.18  movement 0.25/0.33  grid 0.17/0.24  separate 0.30/0.36  history 0.00/0.00  serialize 0.04/0.08  assembly 2.33/2.74  transport 1.02/1.37  egress 2.28/2.68
[   55s] clients 1000 | level 0 (0-0 in window: 30 Hz, dilation 1.0), pace 1.00, 0.0% clients bandwidth-degraded | tick p50 6.90 p99 7.80 max 8.05 ms, 0 overruns | out 60.0k pps 354 kbps/client, 354 Mbps | in 30.0k pps 15 kbps/client | stand-ins: repeated 0.00% frozen 0.00%, 0 late inputs | per client-tick: 1412 B (near 406 B, 100% deltas), near 64.0 mid 86.0 far 0.0, far skipped 0 starved 0 | input wait p50 47.5 p99 66.4 ms | 0 joins deferred | kernel drops rcv 0 snd 0
         p50/p99 ms: ingress 0.36/0.66  events 0.11/0.17  movement 0.25/0.35  grid 0.18/0.28  separate 0.30/0.40  history 0.00/0.00  serialize 0.04/0.07  assembly 2.32/2.69  transport 1.02/1.32  egress 2.32/2.83
[   60s] clients 1000 | level 0 (0-0 in window: 30 Hz, dilation 1.0), pace 1.00, 0.0% clients bandwidth-degraded | tick p50 6.86 p99 8.00 max 8.06 ms, 0 overruns | out 60.0k pps 355 kbps/client, 355 Mbps | in 30.0k pps 15 kbps/client | stand-ins: repeated 0.00% frozen 0.00%, 0 late inputs | per client-tick: 1413 B (near 407 B, 100% deltas), near 64.0 mid 86.0 far 0.0, far skipped 0 starved 0 | input wait p50 47.4 p99 66.4 ms | 0 joins deferred | kernel drops rcv 0 snd 0
         p50/p99 ms: ingress 0.36/0.45  events 0.10/0.16  movement 0.25/0.30  grid 0.18/0.27  separate 0.29/0.37  history 0.00/0.00  serialize 0.04/0.08  assembly 2.33/2.82  transport 1.04/1.34  egress 2.30/2.81
[   60s] clients 0 | level 0 (0-0 in window: 30 Hz, dilation 1.0), pace 1.00, 0.0% clients bandwidth-degraded | tick p50 2.04 p99 4.90 max 4.90 ms, 0 overruns | out 12.1k pps 454 kbps/client, 85 Mbps | in 48.7k pps 40 kbps/client | stand-ins: repeated 0.00% frozen 0.00%, 0 late inputs | per client-tick: 1693 B (near 688 B, 45% deltas), near 64.0 mid 85.9 far 0.0, far skipped 0 starved 0 | input wait p50 62.7 p99 65.7 ms | 0 joins deferred | kernel drops rcv 0 snd 0
         p50/p99 ms: ingress 0.34/0.44  events 0.52/0.92  movement 0.15/0.18  grid 0.12/0.15  separate 0.15/0.16  history 0.00/0.00  serialize 0.00/0.02  assembly 0.39/1.45  transport 0.04/0.41  egress 0.33/1.16

== summary: 1708 steady-state ticks (after warmup, before clients drain), peak 1000 clients ==
  phase        p50 ms   p99 ms   max ms
  ingress        0.36     0.56     1.41
  events         0.10     0.17     0.25
  movement       0.25     0.33     0.48
  grid           0.17     0.25     0.36
  separate       0.30     0.39     3.04
  history        0.00     0.00     0.03
  serialize      0.04     0.07     0.16
  assembly       2.33     2.76     4.41
  transport      1.01     1.34     3.92
  egress         2.30     2.77     2.93
  tick           6.88     7.92    10.51
  overruns 0 | spawns 1000 despawns 1000 (646 joins deferred) | stand-ins: repeated 0 frozen 0 | late inputs 0 discarded 0 | bad messages 0 | recv errors 0 send errors 0
  egress (whole run): 3595238 datagrams in 3595238 sends (1.00 per send), 115263 syscalls
  ticks per ladder level (whole run): L0: 1810
  input wait on the server (datagram arrival -> applied): p50 47.6 p99 66.6 max 96.4 mean 47.9 ms
  steady state: stand-ins repeated 0 frozen 0 | late inputs 0 discarded 0
  rewind of near targets (applied step - the input's render step for that tier): p50 133 p99 167 max 200 mean 141.8 ms (n=1791758)
  rewind of mid/far targets (applied step - the input's render step for that tier): p50 267 p99 300 max 307 mean 274.8 ms (n=1791758)
  render times ahead of the server (bogus) 0
