10000 bots -> 172.16.16.2:40500 on 24 threads, ramp 0/s, 60s, 10000 full + 0 sink bots
[    5s] bots 10000/10000 connected, 10000 welcomed, 0 failed | 17.4 snaps/s/bot, entities/snap near 15.1 mid 25.6 far 26.8 | corrections 0.293/s/bot | down 108 up 7 kbps/bot | rtt 176.0 ms loss 0.00% | input->applied ~ p50 158 p99 406 ms, round trip p50 267 p99 500 ms | joins 10000 (p50 1032 p99 1934 ms) | server pace 0.85 level 3, 0 bots bandwidth-degraded | swarm busy 14%, overruns 0
[   10s] bots 10000/10000 connected, 10000 welcomed, 0 failed | 23.7 snaps/s/bot, entities/snap near 15.7 mid 11.7 far 6.5 | corrections 0.180/s/bot | down 74 up 11 kbps/bot | rtt 176.4 ms loss 1.01% | input->applied ~ p50 141 p99 191 ms, round trip p50 233 p99 300 ms | joins 0 (p50 0 p99 0 ms) | server pace 1.00 level 6, 0 bots bandwidth-degraded | swarm busy 17%, overruns 0
[   15s] bots 10000/10000 connected, 10000 welcomed, 0 failed | 19.4 snaps/s/bot, entities/snap near 15.7 mid 11.2 far 6.0 | corrections 0.001/s/bot | down 59 up 12 kbps/bot | rtt 176.7 ms loss 0.99% | input->applied ~ p50 144 p99 190 ms, round trip p50 233 p99 300 ms | joins 0 (p50 0 p99 0 ms) | server pace 1.00 level 6, 0 bots bandwidth-degraded | swarm busy 17%, overruns 0
[   20s] bots 10000/10000 connected, 10000 welcomed, 0 failed | 19.7 snaps/s/bot, entities/snap near 15.7 mid 11.1 far 6.0 | corrections 0.001/s/bot | down 60 up 12 kbps/bot | rtt 176.7 ms loss 1.00% | input->applied ~ p50 143 p99 186 ms, round trip p50 233 p99 300 ms | joins 0 (p50 0 p99 0 ms) | server pace 1.00 level 6, 0 bots bandwidth-degraded | swarm busy 17%, overruns 0
[   25s] bots 10000/10000 connected, 10000 welcomed, 0 failed | 20.1 snaps/s/bot, entities/snap near 15.7 mid 11.1 far 6.0 | corrections 0.001/s/bot | down 61 up 12 kbps/bot | rtt 176.8 ms loss 1.01% | input->applied ~ p50 143 p99 186 ms, round trip p50 233 p99 300 ms | joins 0 (p50 0 p99 0 ms) | server pace 1.00 level 6, 0 bots bandwidth-degraded | swarm busy 18%, overruns 0
[   30s] bots 10000/10000 connected, 10000 welcomed, 0 failed | 19.6 snaps/s/bot, entities/snap near 15.7 mid 11.1 far 6.0 | corrections 0.001/s/bot | down 60 up 12 kbps/bot | rtt 176.8 ms loss 1.00% | input->applied ~ p50 143 p99 186 ms, round trip p50 233 p99 300 ms | joins 0 (p50 0 p99 0 ms) | server pace 1.00 level 6, 0 bots bandwidth-degraded | swarm busy 18%, overruns 0
[   35s] bots 10000/10000 connected, 10000 welcomed, 0 failed | 19.8 snaps/s/bot, entities/snap near 15.6 mid 11.1 far 6.0 | corrections 0.001/s/bot | down 60 up 12 kbps/bot | rtt 177.0 ms loss 1.00% | input->applied ~ p50 143 p99 186 ms, round trip p50 233 p99 300 ms | joins 0 (p50 0 p99 0 ms) | server pace 1.00 level 6, 0 bots bandwidth-degraded | swarm busy 18%, overruns 0
[   40s] bots 10000/10000 connected, 10000 welcomed, 0 failed | 20.0 snaps/s/bot, entities/snap near 15.6 mid 11.1 far 6.0 | corrections 0.000/s/bot | down 61 up 12 kbps/bot | rtt 176.6 ms loss 0.99% | input->applied ~ p50 143 p99 186 ms, round trip p50 233 p99 300 ms | joins 0 (p50 0 p99 0 ms) | server pace 1.00 level 6, 0 bots bandwidth-degraded | swarm busy 18%, overruns 0
[   45s] bots 10000/10000 connected, 10000 welcomed, 0 failed | 19.4 snaps/s/bot, entities/snap near 15.6 mid 11.2 far 6.0 | corrections 0.001/s/bot | down 59 up 12 kbps/bot | rtt 176.4 ms loss 1.00% | input->applied ~ p50 143 p99 186 ms, round trip p50 233 p99 300 ms | joins 0 (p50 0 p99 0 ms) | server pace 1.00 level 6, 0 bots bandwidth-degraded | swarm busy 18%, overruns 0
[   50s] bots 10000/10000 connected, 10000 welcomed, 0 failed | 20.1 snaps/s/bot, entities/snap near 15.6 mid 11.2 far 6.0 | corrections 0.001/s/bot | down 61 up 12 kbps/bot | rtt 176.4 ms loss 0.99% | input->applied ~ p50 143 p99 186 ms, round trip p50 233 p99 300 ms | joins 0 (p50 0 p99 0 ms) | server pace 1.00 level 6, 0 bots bandwidth-degraded | swarm busy 18%, overruns 0
[   55s] bots 10000/10000 connected, 10000 welcomed, 0 failed | 19.9 snaps/s/bot, entities/snap near 15.7 mid 11.2 far 6.0 | corrections 0.001/s/bot | down 60 up 12 kbps/bot | rtt 176.4 ms loss 1.00% | input->applied ~ p50 143 p99 186 ms, round trip p50 233 p99 300 ms | joins 0 (p50 0 p99 0 ms) | server pace 1.00 level 6, 0 bots bandwidth-degraded | swarm busy 18%, overruns 0
[   60s] bots 10000/10000 connected, 10000 welcomed, 0 failed | 19.6 snaps/s/bot, entities/snap near 15.7 mid 11.2 far 6.0 | corrections 0.001/s/bot | down 60 up 12 kbps/bot | rtt 176.3 ms loss 1.01% | input->applied ~ p50 143 p99 186 ms, round trip p50 233 p99 300 ms | joins 0 (p50 0 p99 0 ms) | server pace 1.00 level 6, 0 bots bandwidth-degraded | swarm busy 18%, overruns 0

== bots summary ==
  started 10000 welcomed 10000 failed 0
  join latency ms: p50 1032 p99 1934 max 2223 (n=10000)
  corrections 24057 (2.41/bot-minute), mean error 0.106 m, max 0.687 m
  snapshots 11977724 (entities per snapshot: near 15.6 mid 12.3 far 7.6), stale 7103, unmatched acks 0, resyncs 0
  input -> applied on server (est. RTT/2 + server wait): p50 143.0 p99 337.0 max 486.0 mean 146.5 ms (n=11775326)
    of which server wait (arrival -> applied): p50 54.8 p99 247.5 max 387.0 mean 58.2 ms (n=11775326)
  input -> seen acked (round trip): p50 233.0 p99 433.0 max 600.0 mean 250.9 ms (n=11931452)
  near entity update interval (tracked bots): p50 50.0 p99 100.0 max 850.0 mean 48.5 ms (n=9297497)
  mid entity update interval (tracked bots): p50 250.0 p99 500.0 max 4500.0 mean 227.0 ms (n=7239136)
  far entity update interval (tracked bots): p50 1500.0 p99 3000.0 max 58500.0 mean 1439.9 ms (n=4161177)
  input clock: 128848 extra inputs, 429075 skipped ticks, 34732 backlog skips | near decode errors (tracked bots) 0
  bytes down 4907.0 MB up 863.2 MB | swarm busy 17% of its threads' time, tick overruns 0
