preallocated connections for 10000 clients in 220.759327ms
listening on 172.16.16.2:40500 | spawn Uniform | tiers near 64@150 m, mid 500 m, far 1500 m, budget 6250 B/tick, squads of 4 | 64 rayon threads, 64 shards, 256 accepts/tick, egress SendMmsg | socket buffers rcv 32768 KiB snd 32768 KiB
[    5s] clients 10000 | level 2 (0-2 in window: 30 Hz, dilation 1.0), pace 0.71, 0.0% clients bandwidth-degraded | tick p50 1.26 p99 51.69 max 52.47 ms, 36 overruns | out 105.0k pps 196 kbps/client, 633 Mbps | in 99.6k pps 21 kbps/client | stand-ins: repeated 0.05% frozen 0.00%, 205 late inputs | per client-tick: 847 B (near 112 B, 84% deltas), near 13.8 mid 27.8 far 34.8, far skipped 0 starved 0 | input wait p50 187.7 p99 321.9 ms | 49069 joins deferred | kernel drops rcv 0 snd 0
         p50/p99 ms: ingress 0.62/6.44  events 0.01/5.24  movement 0.00/0.50  grid 0.07/0.45  history 0.00/0.05  serialize 0.00/0.38  assembly 0.21/7.45  transport 0.16/3.29  egress 0.16/34.09
[   10s] clients 10000 | level 6 (2-6 in window: 20 Hz, dilation 1.0), pace 0.90, 0.0% clients bandwidth-degraded | tick p50 38.81 p99 41.84 max 42.31 ms, 117 overruns | out 251.9k pps 97 kbps/client, 966 Mbps | in 248.2k pps 10 kbps/client | stand-ins: repeated 4.23% frozen 1.04%, 66007 late inputs | per client-tick: 443 B (near 106 B, 99% deltas), near 15.7 mid 15.7 far 10.7, far skipped 0 starved 0 | input wait p50 55.9 p99 190.4 ms | 0 joins deferred | kernel drops rcv 0 snd 0
         p50/p99 ms: ingress 1.46/2.45  events 2.80/3.45  movement 0.34/0.48  grid 0.41/0.47  history 0.01/0.01  serialize 0.21/0.36  assembly 3.44/5.15  transport 2.13/2.87  egress 27.97/28.92
[   15s] clients 10000 | level 6 (6-6 in window: 20 Hz, dilation 1.0), pace 1.00, 0.0% clients bandwidth-degraded | tick p50 39.98 p99 41.48 max 41.60 ms, 0 overruns | out 199.9k pps 61 kbps/client, 609 Mbps | in 293.2k pps 12 kbps/client | stand-ins: repeated 4.80% frozen 0.66%, 84353 late inputs | per client-tick: 345 B (near 110 B, 99% deltas), near 15.7 mid 11.2 far 6.0, far skipped 0 starved 0 | input wait p50 51.2 p99 100.7 ms | 0 joins deferred | kernel drops rcv 0 snd 0
         p50/p99 ms: ingress 2.56/3.14  events 3.81/4.58  movement 0.37/0.64  grid 0.38/0.43  history 0.01/0.01  serialize 0.20/0.33  assembly 3.71/4.55  transport 1.97/2.35  egress 26.99/27.66
[   20s] clients 10000 | level 6 (6-6 in window: 20 Hz, dilation 1.0), pace 1.00, 0.0% clients bandwidth-degraded | tick p50 40.01 p99 41.35 max 41.54 ms, 0 overruns | out 200.0k pps 61 kbps/client, 608 Mbps | in 295.6k pps 12 kbps/client | stand-ins: repeated 0.10% frozen 0.00%, 1418 late inputs | per client-tick: 344 B (near 109 B, 99% deltas), near 15.7 mid 11.1 far 6.0, far skipped 0 starved 0 | input wait p50 54.5 p99 96.7 ms | 0 joins deferred | kernel drops rcv 0 snd 0
         p50/p99 ms: ingress 2.50/3.25  events 3.97/4.39  movement 0.36/0.62  grid 0.41/0.46  history 0.01/0.02  serialize 0.20/0.34  assembly 3.63/4.37  transport 1.94/2.28  egress 26.97/27.55
[   25s] clients 10000 | level 6 (6-6 in window: 20 Hz, dilation 1.0), pace 1.00, 0.0% clients bandwidth-degraded | tick p50 40.23 p99 42.01 max 42.55 ms, 0 overruns | out 200.0k pps 61 kbps/client, 608 Mbps | in 295.5k pps 12 kbps/client | stand-ins: repeated 0.10% frozen 0.00%, 1437 late inputs | per client-tick: 344 B (near 110 B, 99% deltas), near 15.7 mid 11.1 far 6.0, far skipped 0 starved 0 | input wait p50 54.3 p99 96.6 ms | 0 joins deferred | kernel drops rcv 0 snd 0
         p50/p99 ms: ingress 2.57/3.23  events 4.01/4.34  movement 0.36/0.60  grid 0.41/0.44  history 0.01/0.01  serialize 0.20/0.32  assembly 3.73/5.25  transport 1.99/2.34  egress 26.96/27.41
[   30s] clients 10000 | level 6 (6-6 in window: 20 Hz, dilation 1.0), pace 1.00, 0.0% clients bandwidth-degraded | tick p50 40.26 p99 42.06 max 42.38 ms, 0 overruns | out 200.0k pps 61 kbps/client, 608 Mbps | in 295.5k pps 12 kbps/client | stand-ins: repeated 0.09% frozen 0.00%, 1406 late inputs | per client-tick: 344 B (near 109 B, 99% deltas), near 15.7 mid 11.1 far 6.0, far skipped 0 starved 0 | input wait p50 54.2 p99 96.7 ms | 0 joins deferred | kernel drops rcv 0 snd 0
         p50/p99 ms: ingress 2.54/3.19  events 4.03/4.39  movement 0.36/0.58  grid 0.41/0.47  history 0.01/0.01  serialize 0.20/0.32  assembly 3.67/4.66  transport 1.96/2.31  egress 27.07/27.64
[   35s] clients 10000 | level 6 (6-6 in window: 20 Hz, dilation 1.0), pace 1.00, 0.0% clients bandwidth-degraded | tick p50 40.14 p99 42.10 max 42.47 ms, 0 overruns | out 200.0k pps 61 kbps/client, 608 Mbps | in 295.5k pps 12 kbps/client | stand-ins: repeated 0.10% frozen 0.00%, 1503 late inputs | per client-tick: 344 B (near 109 B, 99% deltas), near 15.7 mid 11.1 far 6.0, far skipped 0 starved 0 | input wait p50 54.4 p99 96.9 ms | 0 joins deferred | kernel drops rcv 0 snd 0
         p50/p99 ms: ingress 2.46/2.96  events 4.06/4.40  movement 0.36/0.58  grid 0.42/0.47  history 0.01/0.01  serialize 0.20/0.28  assembly 3.60/4.47  transport 1.93/2.41  egress 27.05/27.70
[   40s] clients 10000 | level 6 (6-6 in window: 20 Hz, dilation 1.0), pace 1.00, 0.0% clients bandwidth-degraded | tick p50 40.18 p99 41.98 max 42.23 ms, 0 overruns | out 200.0k pps 61 kbps/client, 607 Mbps | in 295.5k pps 12 kbps/client | stand-ins: repeated 0.10% frozen 0.00%, 1442 late inputs | per client-tick: 344 B (near 109 B, 99% deltas), near 15.6 mid 11.1 far 6.0, far skipped 0 starved 0 | input wait p50 54.2 p99 96.9 ms | 0 joins deferred | kernel drops rcv 0 snd 0
         p50/p99 ms: ingress 2.53/3.03  events 3.90/4.68  movement 0.36/0.57  grid 0.40/0.45  history 0.01/0.01  serialize 0.20/0.30  assembly 3.64/4.54  transport 1.93/2.41  egress 27.10/27.69
[   45s] clients 10000 | level 6 (6-6 in window: 20 Hz, dilation 1.0), pace 1.00, 0.0% clients bandwidth-degraded | tick p50 40.12 p99 41.73 max 42.16 ms, 0 overruns | out 200.0k pps 61 kbps/client, 607 Mbps | in 295.5k pps 12 kbps/client | stand-ins: repeated 0.09% frozen 0.00%, 1413 late inputs | per client-tick: 344 B (near 109 B, 99% deltas), near 15.6 mid 11.2 far 6.0, far skipped 0 starved 0 | input wait p50 54.3 p99 96.7 ms | 0 joins deferred | kernel drops rcv 0 snd 0
         p50/p99 ms: ingress 2.58/3.13  events 3.82/4.19  movement 0.36/0.62  grid 0.40/0.44  history 0.01/0.01  serialize 0.20/0.32  assembly 3.68/4.30  transport 2.00/2.36  egress 27.04/27.79
[   50s] clients 10000 | level 6 (6-6 in window: 20 Hz, dilation 1.0), pace 1.00, 0.0% clients bandwidth-degraded | tick p50 39.94 p99 41.53 max 42.97 ms, 0 overruns | out 200.0k pps 61 kbps/client, 607 Mbps | in 295.5k pps 12 kbps/client | stand-ins: repeated 0.10% frozen 0.00%, 1492 late inputs | per client-tick: 344 B (near 109 B, 99% deltas), near 15.6 mid 11.2 far 6.0, far skipped 0 starved 0 | input wait p50 54.3 p99 96.7 ms | 0 joins deferred | kernel drops rcv 0 snd 0
         p50/p99 ms: ingress 2.54/3.13  events 3.68/4.60  movement 0.35/0.59  grid 0.39/0.43  history 0.01/0.01  serialize 0.20/0.28  assembly 3.69/4.54  transport 2.00/2.36  egress 27.05/27.70
[   55s] clients 10000 | level 6 (6-6 in window: 20 Hz, dilation 1.0), pace 1.00, 0.0% clients bandwidth-degraded | tick p50 39.92 p99 41.43 max 41.45 ms, 0 overruns | out 200.0k pps 61 kbps/client, 608 Mbps | in 295.5k pps 12 kbps/client | stand-ins: repeated 0.10% frozen 0.00%, 1513 late inputs | per client-tick: 344 B (near 109 B, 99% deltas), near 15.6 mid 11.2 far 6.0, far skipped 0 starved 0 | input wait p50 54.4 p99 96.6 ms | 0 joins deferred | kernel drops rcv 0 snd 0
         p50/p99 ms: ingress 2.59/3.07  events 3.68/4.60  movement 0.35/0.64  grid 0.39/0.44  history 0.01/0.01  serialize 0.20/0.32  assembly 3.69/4.34  transport 1.97/2.36  egress 26.95/27.46
[   60s] clients 10000 | level 6 (6-6 in window: 20 Hz, dilation 1.0), pace 1.00, 0.0% clients bandwidth-degraded | tick p50 39.82 p99 41.44 max 42.45 ms, 0 overruns | out 200.0k pps 61 kbps/client, 608 Mbps | in 295.6k pps 12 kbps/client | stand-ins: repeated 0.10% frozen 0.00%, 1453 late inputs | per client-tick: 344 B (near 109 B, 99% deltas), near 15.7 mid 11.2 far 6.0, far skipped 0 starved 0 | input wait p50 54.2 p99 96.4 ms | 0 joins deferred | kernel drops rcv 0 snd 0
         p50/p99 ms: ingress 2.53/3.82  events 3.67/3.98  movement 0.36/0.58  grid 0.39/0.43  history 0.01/0.01  serialize 0.20/0.29  assembly 3.63/4.68  transport 1.96/2.22  egress 26.96/27.49
[   62s] clients 0 | level 6 (6-6 in window: 20 Hz, dilation 1.0), pace 1.00, 0.0% clients bandwidth-degraded | tick p50 39.62 p99 42.01 max 42.01 ms, 0 overruns | out 192.3k pps 62 kbps/client, 582 Mbps | in 292.9k pps 12 kbps/client | stand-ins: repeated 0.11% frozen 0.00%, 604 late inputs | per client-tick: 342 B (near 109 B, 99% deltas), near 15.6 mid 11.1 far 6.0, far skipped 0 starved 0 | input wait p50 54.4 p99 96.8 ms | 0 joins deferred | kernel drops rcv 0 snd 0
         p50/p99 ms: ingress 2.54/6.36  events 3.67/13.90  movement 0.34/0.55  grid 0.40/0.43  history 0.01/0.01  serialize 0.20/0.34  assembly 3.44/4.69  transport 1.96/2.34  egress 26.98/27.84

== summary: 1161 steady-state ticks (after warmup, before clients drain), peak 10000 clients ==
  phase        p50 ms   p99 ms   max ms
  ingress        2.51     3.23     4.24
  events         3.83     4.58     5.13
  movement       0.36     0.62     0.84
  grid           0.40     0.46     0.50
  history        0.01     0.01     0.02
  serialize      0.20     0.33     0.38
  assembly       3.65     4.69     6.21
  transport      1.97     2.50     2.92
  egress        27.04    28.30    28.68
  tick          39.96    42.01    42.97
  overruns 106 | spawns 10000 despawns 10000 (49069 joins deferred) | stand-ins: repeated 140909 frozen 23456 | late inputs 164246 discarded 0 | bad messages 0 | recv errors 0 send errors 0
  egress (whole run): 12252437 datagrams in 12252437 sends (1.00 per send), 79548 syscalls
  ticks per ladder level (whole run): L0: 100, L1: 31, L2: 31, L3: 31, L4: 31, L5: 31, L6: 1058
  input wait on the server (datagram arrival -> applied): p50 54.2 p99 103.7 max 300.0 mean 54.5 ms
  steady state: stand-ins repeated 139802 frozen 23427 | late inputs 163612 discarded 0
