minting tokens with the public dev key (--token-key to change)
1000 bots -> 127.0.0.1:40500 on 8 threads, ramp 0/s, 60s, 1000 full + 0 sink bots
[    5s] bots 1000/1000 connected, 1000 welcomed, 0 failed | 27.1 snaps/s/bot, entities/snap near 4.4 mid 4.2 far 6.3 | corrections 0.000/s/bot | down 53 up 14 kbps/bot | rtt 4.4 ms loss 0.00% | input->applied ~ p50 62 p99 92 ms, round trip p50 67 p99 100 ms | joins 1000 (p50 158 p99 358 ms) | server pace 1.00 level 0, 0 bots bandwidth-degraded | swarm busy 9%, overruns 5
[   10s] bots 1000/1000 connected, 1000 welcomed, 0 failed | 31.2 snaps/s/bot, entities/snap near 4.3 mid 4.2 far 6.3 | corrections 0.000/s/bot | down 61 up 16 kbps/bot | rtt 4.5 ms loss 0.00% | input->applied ~ p50 61 p99 68 ms, round trip p50 67 p99 100 ms | joins 0 (p50 0 p99 0 ms) | server pace 1.00 level 0, 0 bots bandwidth-degraded | swarm busy 8%, overruns 0
[   15s] bots 1000/1000 connected, 1000 welcomed, 0 failed | 28.8 snaps/s/bot, entities/snap near 4.3 mid 4.2 far 6.3 | corrections 0.000/s/bot | down 56 up 15 kbps/bot | rtt 4.4 ms loss 0.00% | input->applied ~ p50 60 p99 68 ms, round trip p50 67 p99 100 ms | joins 0 (p50 0 p99 0 ms) | server pace 1.00 level 0, 0 bots bandwidth-degraded | swarm busy 8%, overruns 0
[   20s] bots 1000/1000 connected, 1000 welcomed, 0 failed | 30.4 snaps/s/bot, entities/snap near 4.3 mid 4.1 far 6.3 | corrections 0.000/s/bot | down 59 up 15 kbps/bot | rtt 4.5 ms loss 0.00% | input->applied ~ p50 61 p99 68 ms, round trip p50 67 p99 100 ms | joins 0 (p50 0 p99 0 ms) | server pace 1.00 level 0, 0 bots bandwidth-degraded | swarm busy 8%, overruns 0
[   25s] bots 1000/1000 connected, 1000 welcomed, 0 failed | 30.8 snaps/s/bot, entities/snap near 4.4 mid 4.1 far 6.3 | corrections 0.000/s/bot | down 60 up 16 kbps/bot | rtt 4.4 ms loss 0.00% | input->applied ~ p50 60 p99 68 ms, round trip p50 67 p99 100 ms | joins 0 (p50 0 p99 0 ms) | server pace 1.00 level 0, 0 bots bandwidth-degraded | swarm busy 8%, overruns 0
[   30s] bots 1000/1000 connected, 1000 welcomed, 0 failed | 28.8 snaps/s/bot, entities/snap near 4.4 mid 4.1 far 6.3 | corrections 0.000/s/bot | down 56 up 15 kbps/bot | rtt 4.4 ms loss 0.00% | input->applied ~ p50 61 p99 68 ms, round trip p50 67 p99 100 ms | joins 0 (p50 0 p99 0 ms) | server pace 1.00 level 0, 0 bots bandwidth-degraded | swarm busy 8%, overruns 0
[   35s] bots 1000/1000 connected, 1000 welcomed, 0 failed | 30.7 snaps/s/bot, entities/snap near 4.4 mid 4.1 far 6.3 | corrections 0.000/s/bot | down 60 up 15 kbps/bot | rtt 4.5 ms loss 0.00% | input->applied ~ p50 60 p99 68 ms, round trip p50 67 p99 100 ms | joins 0 (p50 0 p99 0 ms) | server pace 1.00 level 0, 0 bots bandwidth-degraded | swarm busy 8%, overruns 0
[   40s] bots 1000/1000 connected, 1000 welcomed, 0 failed | 29.3 snaps/s/bot, entities/snap near 4.4 mid 4.1 far 6.3 | corrections 0.000/s/bot | down 57 up 15 kbps/bot | rtt 4.4 ms loss 0.00% | input->applied ~ p50 61 p99 68 ms, round trip p50 67 p99 100 ms | joins 0 (p50 0 p99 0 ms) | server pace 1.00 level 0, 0 bots bandwidth-degraded | swarm busy 8%, overruns 0
[   45s] bots 1000/1000 connected, 1000 welcomed, 0 failed | 30.0 snaps/s/bot, entities/snap near 4.4 mid 4.1 far 6.3 | corrections 0.000/s/bot | down 59 up 15 kbps/bot | rtt 4.5 ms loss 0.00% | input->applied ~ p50 60 p99 68 ms, round trip p50 67 p99 100 ms | joins 0 (p50 0 p99 0 ms) | server pace 1.00 level 0, 0 bots bandwidth-degraded | swarm busy 8%, overruns 0
[   50s] bots 1000/1000 connected, 1000 welcomed, 0 failed | 30.8 snaps/s/bot, entities/snap near 4.4 mid 4.1 far 6.3 | corrections 0.000/s/bot | down 60 up 16 kbps/bot | rtt 4.4 ms loss 0.00% | input->applied ~ p50 60 p99 68 ms, round trip p50 67 p99 100 ms | joins 0 (p50 0 p99 0 ms) | server pace 1.00 level 0, 0 bots bandwidth-degraded | swarm busy 8%, overruns 0
[   55s] bots 1000/1000 connected, 1000 welcomed, 0 failed | 29.0 snaps/s/bot, entities/snap near 4.4 mid 4.1 far 6.3 | corrections 0.000/s/bot | down 57 up 15 kbps/bot | rtt 4.5 ms loss 0.00% | input->applied ~ p50 61 p99 68 ms, round trip p50 67 p99 100 ms | joins 0 (p50 0 p99 0 ms) | server pace 1.00 level 0, 0 bots bandwidth-degraded | swarm busy 8%, overruns 0
[   60s] bots 1000/1000 connected, 1000 welcomed, 0 failed | 30.8 snaps/s/bot, entities/snap near 4.4 mid 4.1 far 6.3 | corrections 0.000/s/bot | down 60 up 16 kbps/bot | rtt 4.4 ms loss 0.00% | input->applied ~ p50 60 p99 68 ms, round trip p50 67 p99 100 ms | joins 0 (p50 0 p99 0 ms) | server pace 1.00 level 0, 0 bots bandwidth-degraded | swarm busy 8%, overruns 0

== bots summary ==
  started 1000 welcomed 1000 failed 0
  join latency ms: p50 158 p99 358 max 431 (n=1000)
  corrections 0 (0.00/bot-minute), mean error 0.000 m, max 0.000 m
  push corrections (the server pushed us apart from a crowd) 54 (0.05/bot-minute), max 0.100 m
  snapshots 1795147 (entities per snapshot: near 4.4 mid 4.1 far 6.3), stale 0, unmatched acks 0, resyncs 0
  input -> applied on server (est. RTT/2 + server wait): p50 61.0 p99 68.0 max 97.0 mean 60.4 ms (n=1794117)
    of which server wait (arrival -> applied): p50 58.5 p99 66.3 max 94.8 mean 58.1 ms (n=1794117)
  input -> seen acked (round trip): p50 67.0 p99 100.0 max 147.0 mean 70.8 ms (n=1794117)
  near entity update interval (tracked bots): p50 33.0 p99 33.0 max 100.0 mean 33.0 ms (n=411402)
  mid entity update interval (tracked bots): p50 100.0 p99 100.0 max 500.0 mean 100.2 ms (n=374809)
  far entity update interval (tracked bots): p50 500.0 p99 500.0 max 2000.0 mean 499.9 ms (n=545452)
  near drawn (tracked bots): 99.89% interpolated, 0.01% extrapolated, 0.00% held, 0.11% new | pops p50 0 p99 0 max 132 mm
  mid drawn (tracked bots): 99.53% interpolated, 0.12% extrapolated, 0.01% held, 0.34% new | pops p50 0 p99 0 max 3457 mm
  far drawn (tracked bots): 39.99% interpolated, 59.31% extrapolated, 0.32% held, 0.39% new | pops p50 400 p99 3649 max 7571 mm
  render delay (near) 73.0 ms behind the newest step, clock snaps 0 (backwards 0)
  input clock: 1000 extra inputs, 256 skipped ticks, 0 backlog skips | near decode errors (tracked bots) 0
  bytes down 436.9 MB up 113.1 MB | swarm busy 8% of its threads' time, tick overruns 5
