== uniform, 1000 bots, 60s -> baselines/2026-10-05-wsl2-adaptive-near-netem/clean-uniform-1k-1
== summary: 1708 steady-state ticks (after warmup, before clients drain), peak 1000 clients ==
  phase        p50 ms   p99 ms   max ms
  ingress        0.38     0.57     1.01
  events         0.10     0.17     0.23
  movement       0.31     0.42     0.59
  grid           0.17     0.30     0.35
  separate       0.20     0.32     0.40
  history        0.00     0.00     0.03
  serialize      0.05     0.10     0.18
  assembly       0.84     1.18     1.42
  transport      0.41     0.81     1.07
  egress         1.25     1.78     8.19
  tick           3.74     4.52    10.84
  overruns 0 | spawns 1000 despawns 1000 (515 joins deferred) | stand-ins: repeated 0 frozen 0 | late inputs 0 discarded 0 | bad messages 0 | recv errors 0 send errors 0
  egress (whole run): 1799255 datagrams in 1799255 sends (1.00 per send), 115264 syscalls
  ticks per ladder level (whole run): L0: 1809
  input wait on the server (datagram arrival -> applied): p50 58.5 p99 66.3 max 94.8 mean 58.2 ms
  steady state: stand-ins repeated 0 frozen 0 | late inputs 0 discarded 0
  rewind of near targets (applied step - the input's render step for that tier): p50 133 p99 167 max 196 mean 136.0 ms (n=1643199)
  rewind of mid/far targets (applied step - the input's render step for that tier): p50 267 p99 300 max 330 mean 269.6 ms (n=1643199)
  render times ahead of the server (bogus) 0
== bots summary ==
  started 1000 welcomed 1000 failed 0
  join latency ms: p50 158 p99 358 max 431 (n=1000)
  corrections 0 (0.00/bot-minute), mean error 0.000 m, max 0.000 m
  push corrections (the server pushed us apart from a crowd) 54 (0.05/bot-minute), max 0.100 m
  snapshots 1795147 (entities per snapshot: near 4.4 mid 4.1 far 6.3), stale 0, unmatched acks 0, resyncs 0
  input -> applied on server (est. RTT/2 + server wait): p50 61.0 p99 68.0 max 97.0 mean 60.4 ms (n=1794117)
    of which server wait (arrival -> applied): p50 58.5 p99 66.3 max 94.8 mean 58.1 ms (n=1794117)
  input -> seen acked (round trip): p50 67.0 p99 100.0 max 147.0 mean 70.8 ms (n=1794117)
  near entity update interval (tracked bots): p50 33.0 p99 33.0 max 100.0 mean 33.0 ms (n=411402)
  mid entity update interval (tracked bots): p50 100.0 p99 100.0 max 500.0 mean 100.2 ms (n=374809)
  far entity update interval (tracked bots): p50 500.0 p99 500.0 max 2000.0 mean 499.9 ms (n=545452)
  near drawn (tracked bots): 99.89% interpolated, 0.01% extrapolated, 0.00% held, 0.11% new | pops p50 0 p99 0 max 132 mm
  mid drawn (tracked bots): 99.53% interpolated, 0.12% extrapolated, 0.01% held, 0.34% new | pops p50 0 p99 0 max 3457 mm
  far drawn (tracked bots): 39.99% interpolated, 59.31% extrapolated, 0.32% held, 0.39% new | pops p50 400 p99 3649 max 7571 mm
  render delay (near) 73.0 ms behind the newest step, clock snaps 0 (backwards 0)
  input clock: 1000 extra inputs, 256 skipped ticks, 0 backlog skips | near decode errors (tracked bots) 0
  bytes down 436.9 MB up 113.1 MB | swarm busy 8% of its threads' time, tick overruns 5
