spawn=uniform
egress=sendmmsg
ladder=on
threads=8
shards=64
sockets=1
peak_clients=1000
steady_ticks=1708
steady_secs=56.9
ingress_p50_ms=0.38
ingress_p99_ms=0.57
ingress_max_ms=1.01
events_p50_ms=0.10
events_p99_ms=0.17
events_max_ms=0.23
movement_p50_ms=0.31
movement_p99_ms=0.42
movement_max_ms=0.59
grid_p50_ms=0.17
grid_p99_ms=0.30
grid_max_ms=0.35
separate_p50_ms=0.20
separate_p99_ms=0.32
separate_max_ms=0.40
history_p50_ms=0.00
history_p99_ms=0.00
history_max_ms=0.03
serialize_p50_ms=0.05
serialize_p99_ms=0.10
serialize_max_ms=0.18
assembly_p50_ms=0.84
assembly_p99_ms=1.18
assembly_max_ms=1.42
transport_p50_ms=0.41
transport_p99_ms=0.81
transport_max_ms=1.07
egress_p50_ms=1.25
egress_p99_ms=1.78
egress_max_ms=8.19
tick_p50_ms=3.74
tick_p99_ms=4.52
tick_max_ms=10.84
steady_overruns=0
level_mode=0
tick_hz=30
dilation=1
levels=L0:1708
clients_avg=1000
out_pps=30015
in_pps=30024
egress_mbps=58.4
packets_per_client_tick=1.00
wire_bytes_per_client_tick=243
down_kbps_per_client=58.4
up_kbps_per_client=15.1
kernel_rcvbuf_drops=0
kernel_sndbuf_drops=0
snapshot_bytes_per_client_tick=208
near_bytes_per_client_tick=34
near_per_client_tick=4.4
mid_per_client_tick=4.1
far_per_client_tick=6.3
near_scanned_per_query=3
mid_scanned_per_query=6
far_skipped=0
far_starved=0
repeated=0
frozen=0
late_inputs=0
discarded_inputs=0
input_wait_p50_ms=58.5
input_wait_p99_ms=66.3
spawns=1000
despawns=1000
joins_deferred=515
bad_messages=0
recv_errors=0
send_errors=0
datagrams=1799255
sends=1799255
send_syscalls=115264
rewind_near_p50_ms=133
rewind_near_p99_ms=167
rewind_near_mean_ms=136.0
rewind_mid_p50_ms=267
rewind_mid_p99_ms=300
rewind_mid_mean_ms=269.6
ingress_longest_p50_ms=0.02
ingress_work_p50_ms=0.83
assembly_longest_p50_ms=0.09
assembly_work_p50_ms=2.86
transport_longest_p50_ms=0.05
transport_work_p50_ms=1.41
egress_longest_p50_ms=0.19
egress_work_p50_ms=6.12
