preallocated connections for 10000 clients in 296.771007ms
listening on 127.0.0.1:40500 | spawn Uniform | tiers near 64@150 m, mid 500 m, far 1500 m, budget 6250 B/tick, squads of 4 | 8 rayon threads, 64 shards, 1 socket(s), 256 accepts/tick, egress SendMmsg | socket buffers rcv 8192 KiB snd 8192 KiB
WARNING: token key is the public dev key; anyone can mint tokens for this server (--token-key)
[    5s] clients 1000 | level 0 (0-0 in window: 30 Hz, dilation 1.0), pace 1.00, 0.0% clients bandwidth-degraded | tick p50 3.78 p99 8.55 max 25.00 ms, 0 overruns | out 28.5k pps 59 kbps/client, 55 Mbps | in 28.2k pps 16 kbps/client | stand-ins: repeated 0.00% frozen 0.00%, 0 late inputs | per client-tick: 208 B (near 34 B, 99% deltas), near 4.3 mid 4.1 far 6.2, far skipped 0 starved 0 | input wait p50 59.5 p99 89.2 ms | 515 joins deferred | kernel drops rcv 0 snd 0
         p50/p99 ms: ingress 0.38/1.23  events 0.10/2.84  movement 0.31/0.40  grid 0.17/0.28  separate 0.20/0.33  history 0.00/0.04  serialize 0.05/0.12  assembly 0.82/1.27  transport 0.40/0.82  egress 1.23/1.68
[   10s] clients 1000 | level 0 (0-0 in window: 30 Hz, dilation 1.0), pace 1.00, 0.0% clients bandwidth-degraded | tick p50 3.73 p99 4.63 max 4.77 ms, 0 overruns | out 30.0k pps 58 kbps/client, 58 Mbps | in 30.0k pps 15 kbps/client | stand-ins: repeated 0.00% frozen 0.00%, 0 late inputs | per client-tick: 208 B (near 33 B, 100% deltas), near 4.3 mid 4.2 far 6.3, far skipped 0 starved 0 | input wait p50 58.1 p99 66.2 ms | 0 joins deferred | kernel drops rcv 0 snd 0
         p50/p99 ms: ingress 0.38/0.52  events 0.10/0.17  movement 0.32/0.44  grid 0.17/0.29  separate 0.20/0.34  history 0.00/0.00  serialize 0.05/0.09  assembly 0.87/1.31  transport 0.41/0.82  egress 1.20/1.69
[   15s] clients 1000 | level 0 (0-0 in window: 30 Hz, dilation 1.0), pace 1.00, 0.0% clients bandwidth-degraded | tick p50 3.78 p99 4.65 max 4.96 ms, 0 overruns | out 30.0k pps 58 kbps/client, 58 Mbps | in 30.0k pps 15 kbps/client | stand-ins: repeated 0.00% frozen 0.00%, 0 late inputs | per client-tick: 208 B (near 33 B, 100% deltas), near 4.3 mid 4.2 far 6.3, far skipped 0 starved 0 | input wait p50 58.1 p99 66.2 ms | 0 joins deferred | kernel drops rcv 0 snd 0
         p50/p99 ms: ingress 0.38/0.53  events 0.10/0.18  movement 0.31/0.38  grid 0.17/0.30  separate 0.20/0.34  history 0.00/0.02  serialize 0.05/0.11  assembly 0.85/1.14  transport 0.41/0.85  egress 1.24/1.85
[   20s] clients 1000 | level 0 (0-0 in window: 30 Hz, dilation 1.0), pace 1.00, 0.0% clients bandwidth-degraded | tick p50 3.74 p99 4.35 max 4.36 ms, 0 overruns | out 30.0k pps 58 kbps/client, 58 Mbps | in 30.0k pps 15 kbps/client | stand-ins: repeated 0.00% frozen 0.00%, 0 late inputs | per client-tick: 208 B (near 33 B, 100% deltas), near 4.3 mid 4.1 far 6.3, far skipped 0 starved 0 | input wait p50 58.1 p99 66.2 ms | 0 joins deferred | kernel drops rcv 0 snd 0
         p50/p99 ms: ingress 0.37/0.54  events 0.10/0.18  movement 0.31/0.40  grid 0.17/0.34  separate 0.20/0.26  history 0.00/0.00  serialize 0.05/0.10  assembly 0.82/1.12  transport 0.41/0.78  egress 1.27/1.71
[   25s] clients 1000 | level 0 (0-0 in window: 30 Hz, dilation 1.0), pace 1.00, 0.0% clients bandwidth-degraded | tick p50 3.67 p99 4.41 max 10.84 ms, 0 overruns | out 30.0k pps 58 kbps/client, 58 Mbps | in 30.0k pps 15 kbps/client | stand-ins: repeated 0.00% frozen 0.00%, 0 late inputs | per client-tick: 208 B (near 34 B, 100% deltas), near 4.4 mid 4.1 far 6.3, far skipped 0 starved 0 | input wait p50 58.1 p99 66.2 ms | 0 joins deferred | kernel drops rcv 0 snd 0
         p50/p99 ms: ingress 0.38/0.52  events 0.10/0.17  movement 0.31/0.42  grid 0.17/0.28  separate 0.20/0.26  history 0.00/0.00  serialize 0.05/0.11  assembly 0.84/1.16  transport 0.40/0.86  egress 1.17/1.86
[   30s] clients 1000 | level 0 (0-0 in window: 30 Hz, dilation 1.0), pace 1.00, 0.0% clients bandwidth-degraded | tick p50 3.77 p99 7.44 max 7.72 ms, 0 overruns | out 30.0k pps 58 kbps/client, 58 Mbps | in 30.0k pps 15 kbps/client | stand-ins: repeated 0.00% frozen 0.00%, 0 late inputs | per client-tick: 208 B (near 34 B, 100% deltas), near 4.4 mid 4.1 far 6.3, far skipped 0 starved 0 | input wait p50 58.1 p99 66.2 ms | 0 joins deferred | kernel drops rcv 0 snd 0
         p50/p99 ms: ingress 0.38/0.55  events 0.10/0.16  movement 0.31/0.42  grid 0.17/0.31  separate 0.19/0.35  history 0.00/0.00  serialize 0.05/0.09  assembly 0.87/1.33  transport 0.41/0.88  egress 1.24/4.73
[   35s] clients 1000 | level 0 (0-0 in window: 30 Hz, dilation 1.0), pace 1.00, 0.0% clients bandwidth-degraded | tick p50 3.72 p99 4.55 max 4.61 ms, 0 overruns | out 30.0k pps 58 kbps/client, 58 Mbps | in 30.0k pps 15 kbps/client | stand-ins: repeated 0.00% frozen 0.00%, 0 late inputs | per client-tick: 208 B (near 34 B, 100% deltas), near 4.4 mid 4.1 far 6.3, far skipped 0 starved 0 | input wait p50 58.1 p99 66.2 ms | 0 joins deferred | kernel drops rcv 0 snd 0
         p50/p99 ms: ingress 0.38/0.50  events 0.10/0.16  movement 0.31/0.40  grid 0.17/0.28  separate 0.20/0.32  history 0.00/0.03  serialize 0.05/0.09  assembly 0.84/1.27  transport 0.41/0.72  egress 1.28/1.81
[   40s] clients 1000 | level 0 (0-0 in window: 30 Hz, dilation 1.0), pace 1.00, 0.0% clients bandwidth-degraded | tick p50 3.76 p99 4.50 max 4.88 ms, 0 overruns | out 30.0k pps 58 kbps/client, 58 Mbps | in 30.0k pps 15 kbps/client | stand-ins: repeated 0.00% frozen 0.00%, 0 late inputs | per client-tick: 208 B (near 34 B, 100% deltas), near 4.4 mid 4.1 far 6.3, far skipped 0 starved 0 | input wait p50 58.1 p99 66.2 ms | 0 joins deferred | kernel drops rcv 0 snd 0
         p50/p99 ms: ingress 0.38/0.53  events 0.10/0.16  movement 0.31/0.38  grid 0.17/0.30  separate 0.20/0.32  history 0.00/0.00  serialize 0.05/0.12  assembly 0.82/1.14  transport 0.41/0.78  egress 1.27/1.73
[   45s] clients 1000 | level 0 (0-0 in window: 30 Hz, dilation 1.0), pace 1.00, 0.0% clients bandwidth-degraded | tick p50 3.76 p99 4.32 max 4.32 ms, 0 overruns | out 30.0k pps 58 kbps/client, 58 Mbps | in 30.0k pps 15 kbps/client | stand-ins: repeated 0.00% frozen 0.00%, 0 late inputs | per client-tick: 208 B (near 34 B, 100% deltas), near 4.4 mid 4.1 far 6.3, far skipped 0 starved 0 | input wait p50 58.1 p99 66.2 ms | 0 joins deferred | kernel drops rcv 0 snd 0
         p50/p99 ms: ingress 0.38/0.75  events 0.10/0.17  movement 0.32/0.43  grid 0.17/0.26  separate 0.19/0.32  history 0.00/0.01  serialize 0.05/0.15  assembly 0.88/1.18  transport 0.41/0.78  egress 1.21/1.75
[   50s] clients 1000 | level 0 (0-0 in window: 30 Hz, dilation 1.0), pace 1.00, 0.0% clients bandwidth-degraded | tick p50 3.75 p99 4.57 max 4.63 ms, 0 overruns | out 30.0k pps 58 kbps/client, 58 Mbps | in 30.0k pps 15 kbps/client | stand-ins: repeated 0.00% frozen 0.00%, 0 late inputs | per client-tick: 208 B (near 34 B, 100% deltas), near 4.4 mid 4.1 far 6.3, far skipped 0 starved 0 | input wait p50 58.1 p99 66.2 ms | 0 joins deferred | kernel drops rcv 0 snd 0
         p50/p99 ms: ingress 0.38/0.47  events 0.10/0.15  movement 0.31/0.39  grid 0.17/0.30  separate 0.20/0.26  history 0.00/0.00  serialize 0.05/0.10  assembly 0.83/1.16  transport 0.40/0.86  egress 1.29/1.78
[   55s] clients 1000 | level 0 (0-0 in window: 30 Hz, dilation 1.0), pace 1.00, 0.0% clients bandwidth-degraded | tick p50 3.71 p99 4.47 max 5.67 ms, 0 overruns | out 30.0k pps 58 kbps/client, 58 Mbps | in 30.0k pps 15 kbps/client | stand-ins: repeated 0.00% frozen 0.00%, 0 late inputs | per client-tick: 208 B (near 34 B, 100% deltas), near 4.4 mid 4.1 far 6.3, far skipped 0 starved 0 | input wait p50 58.1 p99 66.2 ms | 0 joins deferred | kernel drops rcv 0 snd 0
         p50/p99 ms: ingress 0.38/0.51  events 0.10/0.16  movement 0.31/0.38  grid 0.17/0.28  separate 0.20/0.32  history 0.00/0.00  serialize 0.05/0.09  assembly 0.79/1.10  transport 0.41/0.81  egress 1.29/1.83
[   60s] clients 875 | level 0 (0-0 in window: 30 Hz, dilation 1.0), pace 1.00, 0.0% clients bandwidth-degraded | tick p50 3.75 p99 4.42 max 4.52 ms, 0 overruns | out 30.0k pps 58 kbps/client, 58 Mbps | in 30.1k pps 15 kbps/client | stand-ins: repeated 0.00% frozen 0.00%, 0 late inputs | per client-tick: 208 B (near 34 B, 100% deltas), near 4.4 mid 4.1 far 6.3, far skipped 0 starved 0 | input wait p50 58.2 p99 66.2 ms | 0 joins deferred | kernel drops rcv 0 snd 0
         p50/p99 ms: ingress 0.38/0.61  events 0.10/0.19  movement 0.31/0.37  grid 0.17/0.30  separate 0.20/0.32  history 0.00/0.00  serialize 0.05/0.10  assembly 0.81/1.19  transport 0.40/0.77  egress 1.29/1.74

== summary: 1708 steady-state ticks (after warmup, before clients drain), peak 1000 clients ==
  phase        p50 ms   p99 ms   max ms
  ingress        0.38     0.57     1.01
  events         0.10     0.17     0.23
  movement       0.31     0.42     0.59
  grid           0.17     0.30     0.35
  separate       0.20     0.32     0.40
  history        0.00     0.00     0.03
  serialize      0.05     0.10     0.18
  assembly       0.84     1.18     1.42
  transport      0.41     0.81     1.07
  egress         1.25     1.78     8.19
  tick           3.74     4.52    10.84
  overruns 0 | spawns 1000 despawns 1000 (515 joins deferred) | stand-ins: repeated 0 frozen 0 | late inputs 0 discarded 0 | bad messages 0 | recv errors 0 send errors 0
  egress (whole run): 1799255 datagrams in 1799255 sends (1.00 per send), 115264 syscalls
  ticks per ladder level (whole run): L0: 1809
  input wait on the server (datagram arrival -> applied): p50 58.5 p99 66.3 max 94.8 mean 58.2 ms
  steady state: stand-ins repeated 0 frozen 0 | late inputs 0 discarded 0
  rewind of near targets (applied step - the input's render step for that tier): p50 133 p99 167 max 196 mean 136.0 ms (n=1643199)
  rewind of mid/far targets (applied step - the input's render step for that tier): p50 267 p99 300 max 330 mean 269.6 ms (n=1643199)
  render times ahead of the server (bogus) 0
