10000 bots -> 172.16.16.2:40500 on 24 threads, ramp 0/s, 60s, 10000 full + 0 sink bots
[    5s] bots 10000/10000 connected, 10000 welcomed, 0 failed | 14.7 snaps/s/bot, entities/snap near 30.9 mid 43.1 far 18.9 | corrections 0.002/s/bot | down 116 up 6 kbps/bot | rtt 113.5 ms loss 0.00% | input->applied ~ p50 191 p99 360 ms, round trip p50 267 p99 433 ms | joins 10000 (p50 893 p99 1973 ms) | server pace 0.68 level 3, 0 bots bandwidth-degraded | swarm busy 14%, overruns 0
[   10s] bots 10000/10000 connected, 10000 welcomed, 0 failed | 20.3 snaps/s/bot, entities/snap near 22.0 mid 32.7 far 7.1 | corrections 4.150/s/bot | down 107 up 10 kbps/bot | rtt 114.2 ms loss 4.82% | input->applied ~ p50 119 p99 180 ms, round trip p50 167 p99 267 ms | joins 0 (p50 0 p99 0 ms) | server pace 0.90 level 7, 0 bots bandwidth-degraded | swarm busy 16%, overruns 0
[   15s] bots 10000/10000 connected, 10000 welcomed, 0 failed | 15.1 snaps/s/bot, entities/snap near 20.6 mid 32.3 far 6.5 | corrections 0.007/s/bot | down 79 up 10 kbps/bot | rtt 117.4 ms loss 4.97% | input->applied ~ p50 136 p99 193 ms, round trip p50 200 p99 267 ms | joins 0 (p50 0 p99 0 ms) | server pace 0.80 level 8, 0 bots bandwidth-degraded | swarm busy 15%, overruns 0
[   20s] bots 10000/10000 connected, 10000 welcomed, 0 failed | 15.4 snaps/s/bot, entities/snap near 20.6 mid 32.2 far 6.5 | corrections 0.001/s/bot | down 80 up 10 kbps/bot | rtt 118.0 ms loss 4.95% | input->applied ~ p50 132 p99 180 ms, round trip p50 200 p99 267 ms | joins 0 (p50 0 p99 0 ms) | server pace 0.80 level 8, 0 bots bandwidth-degraded | swarm busy 15%, overruns 0
[   25s] bots 10000/10000 connected, 10000 welcomed, 0 failed | 15.6 snaps/s/bot, entities/snap near 20.6 mid 32.4 far 6.5 | corrections 0.001/s/bot | down 82 up 10 kbps/bot | rtt 118.2 ms loss 5.00% | input->applied ~ p50 132 p99 181 ms, round trip p50 200 p99 267 ms | joins 0 (p50 0 p99 0 ms) | server pace 0.80 level 8, 0 bots bandwidth-degraded | swarm busy 15%, overruns 0
[   30s] bots 10000/10000 connected, 10000 welcomed, 0 failed | 14.7 snaps/s/bot, entities/snap near 20.6 mid 32.3 far 6.4 | corrections 0.001/s/bot | down 76 up 9 kbps/bot | rtt 117.8 ms loss 4.97% | input->applied ~ p50 132 p99 180 ms, round trip p50 200 p99 267 ms | joins 0 (p50 0 p99 0 ms) | server pace 0.80 level 8, 0 bots bandwidth-degraded | swarm busy 15%, overruns 0
[   35s] bots 10000/10000 connected, 10000 welcomed, 0 failed | 15.5 snaps/s/bot, entities/snap near 20.5 mid 32.2 far 6.4 | corrections 0.001/s/bot | down 81 up 10 kbps/bot | rtt 117.7 ms loss 5.01% | input->applied ~ p50 132 p99 180 ms, round trip p50 200 p99 267 ms | joins 0 (p50 0 p99 0 ms) | server pace 0.80 level 8, 0 bots bandwidth-degraded | swarm busy 15%, overruns 0
[   40s] bots 10000/10000 connected, 10000 welcomed, 0 failed | 15.1 snaps/s/bot, entities/snap near 20.6 mid 32.4 far 6.5 | corrections 0.001/s/bot | down 79 up 10 kbps/bot | rtt 117.6 ms loss 5.03% | input->applied ~ p50 131 p99 180 ms, round trip p50 200 p99 267 ms | joins 0 (p50 0 p99 0 ms) | server pace 0.80 level 8, 0 bots bandwidth-degraded | swarm busy 15%, overruns 0
[   45s] bots 10000/10000 connected, 10000 welcomed, 0 failed | 15.2 snaps/s/bot, entities/snap near 20.5 mid 32.1 far 6.4 | corrections 0.001/s/bot | down 79 up 10 kbps/bot | rtt 118.0 ms loss 5.03% | input->applied ~ p50 132 p99 181 ms, round trip p50 200 p99 267 ms | joins 0 (p50 0 p99 0 ms) | server pace 0.80 level 8, 0 bots bandwidth-degraded | swarm busy 15%, overruns 0
[   50s] bots 10000/10000 connected, 10000 welcomed, 0 failed | 15.4 snaps/s/bot, entities/snap near 20.6 mid 32.5 far 6.4 | corrections 0.001/s/bot | down 81 up 10 kbps/bot | rtt 116.4 ms loss 5.00% | input->applied ~ p50 132 p99 180 ms, round trip p50 200 p99 267 ms | joins 0 (p50 0 p99 0 ms) | server pace 0.80 level 8, 0 bots bandwidth-degraded | swarm busy 15%, overruns 0
[   55s] bots 10000/10000 connected, 10000 welcomed, 0 failed | 15.0 snaps/s/bot, entities/snap near 20.6 mid 32.4 far 6.5 | corrections 0.001/s/bot | down 78 up 9 kbps/bot | rtt 117.7 ms loss 5.00% | input->applied ~ p50 132 p99 180 ms, round trip p50 200 p99 267 ms | joins 0 (p50 0 p99 0 ms) | server pace 0.80 level 8, 0 bots bandwidth-degraded | swarm busy 15%, overruns 0
[   60s] bots 10000/10000 connected, 10000 welcomed, 0 failed | 15.3 snaps/s/bot, entities/snap near 20.5 mid 32.1 far 6.4 | corrections 0.001/s/bot | down 79 up 10 kbps/bot | rtt 117.9 ms loss 4.98% | input->applied ~ p50 132 p99 181 ms, round trip p50 200 p99 267 ms | joins 0 (p50 0 p99 0 ms) | server pace 0.80 level 8, 0 bots bandwidth-degraded | swarm busy 15%, overruns 0

== bots summary ==
  started 10000 welcomed 10000 failed 0
  join latency ms: p50 893 p99 1973 max 2375 (n=10000)
  corrections 208492 (20.85/bot-minute), mean error 0.151 m, max 1.995 m
  snapshots 9399019 (entities per snapshot: near 21.5 mid 33.2 far 7.5), stale 0, unmatched acks 0, resyncs 622
  input -> applied on server (est. RTT/2 + server wait): p50 133.0 p99 304.0 max 867.0 mean 136.4 ms (n=9080716)
    of which server wait (arrival -> applied): p50 73.8 p99 247.2 max 800.4 mean 78.0 ms (n=9080716)
  input -> seen acked (round trip): p50 200.0 p99 367.0 max 967.0 mean 209.0 ms (n=9372836)
  near entity update interval (tracked bots): p50 50.0 p99 200.0 max 950.0 mean 72.1 ms (n=11153129)
  mid entity update interval (tracked bots): p50 250.0 p99 750.0 max 50450.0 mean 300.4 ms (n=18267697)
  far entity update interval (tracked bots): p50 1500.0 p99 6000.0 max 49500.0 mean 1562.8 ms (n=3550446)
  input clock: 74174 extra inputs, 3680094 skipped ticks, 35846 backlog skips | near decode errors (tracked bots) 0
  bytes down 6386.2 MB up 702.1 MB | swarm busy 15% of its threads' time, tick overruns 0
