spawn=blob
egress=sendmmsg
ladder=on
threads=64
shards=64
peak_clients=10000
steady_ticks=943
steady_secs=56.9
ingress_p50_ms=2.10
ingress_p99_ms=2.96
ingress_max_ms=4.11
events_p50_ms=3.73
events_p99_ms=4.58
events_max_ms=4.70
movement_p50_ms=0.35
movement_p99_ms=0.77
movement_max_ms=0.98
grid_p50_ms=0.37
grid_p99_ms=0.43
grid_max_ms=0.45
history_p50_ms=0.01
history_p99_ms=0.01
history_max_ms=0.02
serialize_p50_ms=0.20
serialize_p99_ms=0.59
serialize_max_ms=0.81
assembly_p50_ms=8.16
assembly_p99_ms=13.12
assembly_max_ms=20.05
transport_p50_ms=4.43
transport_p99_ms=6.29
transport_max_ms=11.05
egress_p50_ms=30.70
egress_p99_ms=35.75
egress_max_ms=35.93
tick_p50_ms=50.42
tick_p99_ms=54.36
tick_max_ms=57.38
steady_overruns=102
level_mode=8
tick_hz=20
dilation=0.8
levels=L2:8,L3:31,L4:31,L5:31,L6:31,L7:31,L8:780
clients_avg=10000
out_pps=217871
in_pps=226817
egress_mbps=873.7
packets_per_client_tick=1.31
wire_bytes_per_client_tick=659
down_kbps_per_client=87.4
up_kbps_per_client=9.1
kernel_rcvbuf_drops=0
kernel_sndbuf_drops=0
snapshot_bytes_per_client_tick=613
near_bytes_per_client_tick=134
near_per_client_tick=20.9
mid_per_client_tick=32.5
far_per_client_tick=6.7
far_skipped=0
far_starved=0
repeated=96711
frozen=324610
late_inputs=418306
discarded_inputs=0
input_wait_p50_ms=73.1
input_wait_p99_ms=139.2
spawns=10000
despawns=10000
joins_deferred=49148
bad_messages=0
recv_errors=0
send_errors=0
datagrams=13133323
sends=13133323
send_syscalls=65102
