preallocated connections for 10000 clients in 220.238779ms
listening on 172.16.16.2:40500 | spawn Blob | tiers near 64@150 m, mid 500 m, far 1500 m, budget 6250 B/tick, squads of 4 | 64 rayon threads, 64 shards, 256 accepts/tick, egress SendMmsg | socket buffers rcv 32768 KiB snd 32768 KiB
[    5s] clients 10000 | level 2 (0-2 in window: 30 Hz, dilation 1.0), pace 0.66, 0.0% clients bandwidth-degraded | tick p50 10.95 p99 53.24 max 54.04 ms, 47 overruns | out 134.3k pps 223 kbps/client, 772 Mbps | in 99.1k pps 19 kbps/client | stand-ins: repeated 0.06% frozen 0.00%, 209 late inputs | per client-tick: 1012 B (near 225 B, 88% deltas), near 32.0 mid 45.8 far 21.3, far skipped 0 starved 0 | input wait p50 192.1 p99 306.5 ms | 49148 joins deferred | kernel drops rcv 0 snd 0
         p50/p99 ms: ingress 0.92/4.94  events 0.01/5.16  movement 0.00/0.42  grid 0.09/0.42  history 0.00/0.05  serialize 0.00/0.36  assembly 0.34/8.42  transport 0.17/4.55  egress 5.17/35.60
[   10s] clients 10000 | level 5 (2-5 in window: 30 Hz, dilation 1.0), pace 0.71, 0.0% clients bandwidth-degraded | tick p50 47.64 p99 52.22 max 52.63 ms, 105 overruns | out 273.7k pps 121 kbps/client, 1208 Mbps | in 194.5k pps 8 kbps/client | stand-ins: repeated 0.73% frozen 0.00%, 7466 late inputs | per client-tick: 680 B (near 149 B, 99% deltas), near 24.4 mid 34.3 far 9.7, far skipped 0 starved 0 | input wait p50 74.2 p99 180.7 ms | 0 joins deferred | kernel drops rcv 0 snd 0
         p50/p99 ms: ingress 1.12/1.32  events 2.69/3.26  movement 0.35/0.48  grid 0.38/0.45  history 0.01/0.01  serialize 0.20/0.36  assembly 4.62/8.65  transport 2.91/4.34  egress 35.37/35.82
[   15s] clients 10000 | level 8 (5-8 in window: 20 Hz, dilation 0.8), pace 0.80, 0.0% clients bandwidth-degraded | tick p50 49.25 p99 54.86 max 54.86 ms, 2 overruns | out 235.5k pps 93 kbps/client, 930 Mbps | in 245.9k pps 10 kbps/client | stand-ins: repeated 5.25% frozen 24.22%, 393746 late inputs | per client-tick: 602 B (near 127 B, 98% deltas), near 20.6 mid 32.3 far 6.5, far skipped 0 starved 0 | input wait p50 75.2 p99 134.6 ms | 0 joins deferred | kernel drops rcv 0 snd 0
         p50/p99 ms: ingress 1.76/2.80  events 3.79/4.70  movement 0.35/0.57  grid 0.39/0.45  history 0.01/0.02  serialize 0.20/0.50  assembly 6.65/13.87  transport 3.50/5.67  egress 32.68/35.28
[   20s] clients 10000 | level 8 (8-8 in window: 20 Hz, dilation 0.8), pace 0.80, 0.0% clients bandwidth-degraded | tick p50 50.67 p99 55.00 max 55.00 ms, 0 overruns | out 210.1k pps 84 kbps/client, 835 Mbps | in 227.5k pps 9 kbps/client | stand-ins: repeated 0.16% frozen 0.00%, 1726 late inputs | per client-tick: 608 B (near 133 B, 98% deltas), near 20.6 mid 32.3 far 6.5, far skipped 0 starved 0 | input wait p50 74.2 p99 120.0 ms | 0 joins deferred | kernel drops rcv 0 snd 0
         p50/p99 ms: ingress 2.18/4.11  events 3.83/4.58  movement 0.36/0.79  grid 0.36/0.41  history 0.01/0.01  serialize 0.20/0.81  assembly 8.18/14.22  transport 4.38/6.22  egress 30.57/34.00
[   25s] clients 10000 | level 8 (8-8 in window: 20 Hz, dilation 0.8), pace 0.80, 0.0% clients bandwidth-degraded | tick p50 50.85 p99 57.38 max 57.38 ms, 0 overruns | out 210.1k pps 84 kbps/client, 835 Mbps | in 227.8k pps 9 kbps/client | stand-ins: repeated 0.16% frozen 0.00%, 1791 late inputs | per client-tick: 608 B (near 133 B, 98% deltas), near 20.6 mid 32.3 far 6.5, far skipped 0 starved 0 | input wait p50 73.2 p99 120.7 ms | 0 joins deferred | kernel drops rcv 0 snd 0
         p50/p99 ms: ingress 2.10/3.33  events 3.85/4.69  movement 0.36/0.91  grid 0.38/0.42  history 0.01/0.01  serialize 0.20/0.41  assembly 8.61/20.05  transport 4.67/6.55  egress 30.48/34.34
[   30s] clients 10000 | level 8 (8-8 in window: 20 Hz, dilation 0.8), pace 0.80, 0.0% clients bandwidth-degraded | tick p50 50.73 p99 54.36 max 54.36 ms, 0 overruns | out 210.2k pps 83 kbps/client, 834 Mbps | in 227.7k pps 9 kbps/client | stand-ins: repeated 0.16% frozen 0.00%, 1814 late inputs | per client-tick: 607 B (near 133 B, 98% deltas), near 20.6 mid 32.3 far 6.4, far skipped 0 starved 0 | input wait p50 72.8 p99 120.6 ms | 0 joins deferred | kernel drops rcv 0 snd 0
         p50/p99 ms: ingress 2.14/2.91  events 3.78/4.70  movement 0.35/0.98  grid 0.37/0.44  history 0.01/0.01  serialize 0.21/0.67  assembly 8.77/11.93  transport 4.52/5.92  egress 30.52/33.58
[   35s] clients 10000 | level 8 (8-8 in window: 20 Hz, dilation 0.8), pace 0.80, 0.0% clients bandwidth-degraded | tick p50 50.33 p99 54.21 max 54.21 ms, 0 overruns | out 210.2k pps 83 kbps/client, 834 Mbps | in 227.7k pps 9 kbps/client | stand-ins: repeated 0.16% frozen 0.00%, 1795 late inputs | per client-tick: 607 B (near 132 B, 98% deltas), near 20.5 mid 32.3 far 6.5, far skipped 0 starved 0 | input wait p50 72.8 p99 120.8 ms | 0 joins deferred | kernel drops rcv 0 snd 0
         p50/p99 ms: ingress 2.17/3.22  events 3.65/4.04  movement 0.36/0.60  grid 0.36/0.41  history 0.01/0.01  serialize 0.20/0.81  assembly 8.46/13.22  transport 4.45/8.14  egress 30.58/32.58
[   40s] clients 10000 | level 8 (8-8 in window: 20 Hz, dilation 0.8), pace 0.80, 0.0% clients bandwidth-degraded | tick p50 50.68 p99 54.29 max 54.29 ms, 0 overruns | out 210.4k pps 84 kbps/client, 835 Mbps | in 227.9k pps 9 kbps/client | stand-ins: repeated 0.17% frozen 0.00%, 1904 late inputs | per client-tick: 607 B (near 133 B, 98% deltas), near 20.6 mid 32.3 far 6.4, far skipped 0 starved 0 | input wait p50 72.9 p99 120.9 ms | 0 joins deferred | kernel drops rcv 0 snd 0
         p50/p99 ms: ingress 2.23/2.95  events 3.66/3.96  movement 0.36/0.68  grid 0.37/0.42  history 0.01/0.01  serialize 0.20/0.65  assembly 8.55/12.90  transport 4.52/7.03  egress 30.64/33.56
[   45s] clients 10000 | level 8 (8-8 in window: 20 Hz, dilation 0.8), pace 0.80, 0.0% clients bandwidth-degraded | tick p50 50.96 p99 54.42 max 54.42 ms, 0 overruns | out 210.2k pps 83 kbps/client, 835 Mbps | in 227.8k pps 9 kbps/client | stand-ins: repeated 0.16% frozen 0.00%, 1822 late inputs | per client-tick: 607 B (near 133 B, 98% deltas), near 20.6 mid 32.3 far 6.5, far skipped 0 starved 0 | input wait p50 72.7 p99 121.0 ms | 0 joins deferred | kernel drops rcv 0 snd 0
         p50/p99 ms: ingress 2.14/3.74  events 3.62/3.96  movement 0.36/0.77  grid 0.37/0.43  history 0.01/0.01  serialize 0.20/0.67  assembly 8.78/14.10  transport 4.57/6.37  egress 30.60/33.60
[   50s] clients 10000 | level 8 (8-8 in window: 20 Hz, dilation 0.8), pace 0.80, 0.0% clients bandwidth-degraded | tick p50 50.70 p99 54.51 max 54.51 ms, 0 overruns | out 210.2k pps 83 kbps/client, 835 Mbps | in 227.7k pps 9 kbps/client | stand-ins: repeated 0.17% frozen 0.00%, 1840 late inputs | per client-tick: 607 B (near 133 B, 98% deltas), near 20.6 mid 32.3 far 6.4, far skipped 0 starved 0 | input wait p50 72.7 p99 121.0 ms | 0 joins deferred | kernel drops rcv 0 snd 0
         p50/p99 ms: ingress 2.15/3.00  events 3.62/4.64  movement 0.36/0.88  grid 0.37/0.44  history 0.01/0.01  serialize 0.21/0.76  assembly 8.22/13.38  transport 4.70/11.05  egress 30.55/32.90
[   55s] clients 10000 | level 8 (8-8 in window: 20 Hz, dilation 0.8), pace 0.80, 0.0% clients bandwidth-degraded | tick p50 50.52 p99 55.73 max 55.73 ms, 0 overruns | out 210.3k pps 84 kbps/client, 835 Mbps | in 227.6k pps 9 kbps/client | stand-ins: repeated 0.17% frozen 0.00%, 1862 late inputs | per client-tick: 608 B (near 133 B, 98% deltas), near 20.6 mid 32.3 far 6.5, far skipped 0 starved 0 | input wait p50 72.5 p99 120.6 ms | 0 joins deferred | kernel drops rcv 0 snd 0
         p50/p99 ms: ingress 2.19/3.14  events 3.65/4.47  movement 0.35/0.79  grid 0.38/0.44  history 0.01/0.01  serialize 0.21/0.56  assembly 8.62/13.66  transport 4.79/6.78  egress 30.40/33.94
[   60s] clients 10000 | level 8 (8-8 in window: 20 Hz, dilation 0.8), pace 0.80, 0.0% clients bandwidth-degraded | tick p50 50.78 p99 54.21 max 54.21 ms, 0 overruns | out 210.2k pps 84 kbps/client, 835 Mbps | in 227.9k pps 9 kbps/client | stand-ins: repeated 0.16% frozen 0.00%, 1823 late inputs | per client-tick: 608 B (near 133 B, 98% deltas), near 20.5 mid 32.3 far 6.5, far skipped 0 starved 0 | input wait p50 72.6 p99 120.8 ms | 0 joins deferred | kernel drops rcv 0 snd 0
         p50/p99 ms: ingress 2.13/2.86  events 3.87/4.58  movement 0.35/0.77  grid 0.37/0.43  history 0.01/0.01  serialize 0.22/0.51  assembly 8.49/11.89  transport 4.53/5.99  egress 30.48/32.44
[   65s] clients 1 | level 8 (8-8 in window: 20 Hz, dilation 0.8), pace 0.80, 0.0% clients bandwidth-degraded | tick p50 1.58 p99 54.36 max 54.36 ms, 0 overruns | out 79.3k pps 84 kbps/client, 315 Mbps | in 89.2k pps 9 kbps/client | stand-ins: repeated 0.18% frozen 0.02%, 717 late inputs | per client-tick: 606 B (near 133 B, 98% deltas), near 20.5 mid 32.3 far 6.4, far skipped 0 starved 0 | input wait p50 72.8 p99 121.7 ms | 0 joins deferred | kernel drops rcv 0 snd 0
         p50/p99 ms: ingress 0.50/8.35  events 0.01/21.94  movement 0.15/0.98  grid 0.18/0.43  history 0.01/0.05  serialize 0.18/0.51  assembly 0.23/12.87  transport 0.19/6.37  egress 0.15/34.62
[   67s] clients 0 | level 8 (8-8 in window: 20 Hz, dilation 0.8), pace 0.80, 0.0% clients bandwidth-degraded | tick p50 1.49 p99 1.81 max 1.81 ms, 0 overruns | out 0.0k pps 8 kbps/client, 0 Mbps | in 0.0k pps 0 kbps/client | stand-ins: repeated 0.00% frozen 100.00%, 0 late inputs | per client-tick: 32 B (near 0 B, 0% deltas), near 0.0 mid 0.0 far 0.0, far skipped 0 starved 0 | input wait p50 0.0 p99 0.0 ms | 0 joins deferred | kernel drops rcv 0 snd 0
         p50/p99 ms: ingress 0.47/0.63  events 0.00/0.02  movement 0.13/0.21  grid 0.17/0.22  history 0.01/0.05  serialize 0.16/0.29  assembly 0.19/0.42  transport 0.17/0.25  egress 0.12/0.15

== summary: 943 steady-state ticks (after warmup, before clients drain), peak 10000 clients ==
  phase        p50 ms   p99 ms   max ms
  ingress        2.10     2.96     4.11
  events         3.73     4.58     4.70
  movement       0.35     0.77     0.98
  grid           0.37     0.43     0.45
  history        0.01     0.01     0.02
  serialize      0.20     0.59     0.81
  assembly       8.16    13.12    20.05
  transport      4.43     6.29    11.05
  egress        30.70    35.75    35.93
  tick          50.42    54.36    57.38
  overruns 102 | spawns 10000 despawns 10000 (49148 joins deferred) | stand-ins: repeated 96981 frozen 324725 | late inputs 418515 discarded 77 | bad messages 0 | recv errors 0 send errors 0
  egress (whole run): 13133323 datagrams in 13133323 sends (1.00 per send), 65102 syscalls
  ticks per ladder level (whole run): L0: 83, L1: 31, L2: 31, L3: 31, L4: 31, L5: 31, L6: 31, L7: 31, L8: 860
  input wait on the server (datagram arrival -> applied): p50 73.1 p99 139.2 max 790.3 mean 73.6 ms
  steady state: stand-ins repeated 96711 frozen 324610 | late inputs 418306 discarded 0
