10000 bots -> 172.31.17.93:40500 on 28 threads x 8 slots, ramp 50/s, 240s, 10000 full + 0 sink bots
[    5s] bots 225/228 connected, 225 welcomed, 0 failed | 13.4 snaps/s/bot, entities/snap near 63.1 mid 18.3 far 0.0 | corrections 0.000/s/bot | down 75 up 7 kbps/bot | rtt 1.6 ms loss 0.00% | input->applied ~ p50 47 p99 67 ms, round trip p50 67 p99 100 ms | joins 225 (p50 84 p99 159 ms) | server pace 0.99 level 0, 0 bots bandwidth-degraded | swarm busy 0%, overruns 48
[   10s] bots 475/477 connected, 475 welcomed, 0 failed | 22.0 snaps/s/bot, entities/snap near 64.3 mid 76.7 far 0.0 | corrections 0.000/s/bot | down 241 up 11 kbps/bot | rtt 2.2 ms loss 0.00% | input->applied ~ p50 49 p99 67 ms, round trip p50 67 p99 100 ms | joins 250 (p50 83 p99 159 ms) | server pace 1.00 level 0, 0 bots bandwidth-degraded | swarm busy 1%, overruns 0
[   15s] bots 726/728 connected, 726 welcomed, 0 failed | 24.8 snaps/s/bot, entities/snap near 64.2 mid 86.2 far 0.0 | corrections 0.000/s/bot | down 295 up 13 kbps/bot | rtt 2.8 ms loss 0.00% | input->applied ~ p50 50 p99 68 ms, round trip p50 67 p99 100 ms | joins 251 (p50 84 p99 160 ms) | server pace 1.00 level 0, 0 bots bandwidth-degraded | swarm busy 1%, overruns 0
[   20s] bots 977/979 connected, 977 welcomed, 0 failed | 26.2 snaps/s/bot, entities/snap near 64.1 mid 86.2 far 0.0 | corrections 0.000/s/bot | down 313 up 13 kbps/bot | rtt 3.4 ms loss 0.00% | input->applied ~ p50 51 p99 68 ms, round trip p50 67 p99 100 ms | joins 251 (p50 84 p99 161 ms) | server pace 1.00 level 0, 0 bots bandwidth-degraded | swarm busy 2%, overruns 0
[   25s] bots 1228/1231 connected, 1228 welcomed, 0 failed | 27.0 snaps/s/bot, entities/snap near 64.1 mid 86.1 far 0.0 | corrections 0.000/s/bot | down 324 up 14 kbps/bot | rtt 3.7 ms loss 0.00% | input->applied ~ p50 51 p99 68 ms, round trip p50 67 p99 100 ms | joins 251 (p50 85 p99 161 ms) | server pace 1.00 level 0, 0 bots bandwidth-degraded | swarm busy 2%, overruns 0
[   30s] bots 1474/1482 connected, 1474 welcomed, 0 failed | 27.6 snaps/s/bot, entities/snap near 64.1 mid 86.1 far 0.0 | corrections 0.000/s/bot | down 332 up 14 kbps/bot | rtt 4.1 ms loss 0.00% | input->applied ~ p50 51 p99 68 ms, round trip p50 67 p99 100 ms | joins 246 (p50 85 p99 161 ms) | server pace 1.00 level 0, 0 bots bandwidth-degraded | swarm busy 3%, overruns 0
[   35s] bots 1729/1733 connected, 1729 welcomed, 0 failed | 27.9 snaps/s/bot, entities/snap near 64.1 mid 86.1 far 0.0 | corrections 0.000/s/bot | down 336 up 14 kbps/bot | rtt 4.6 ms loss 0.00% | input->applied ~ p50 52 p99 68 ms, round trip p50 67 p99 100 ms | joins 255 (p50 88 p99 165 ms) | server pace 1.00 level 0, 0 bots bandwidth-degraded | swarm busy 3%, overruns 0
[   40s] bots 1981/1984 connected, 1981 welcomed, 0 failed | 28.2 snaps/s/bot, entities/snap near 64.1 mid 86.1 far 0.0 | corrections 0.000/s/bot | down 340 up 14 kbps/bot | rtt 5.2 ms loss 0.00% | input->applied ~ p50 52 p99 69 ms, round trip p50 67 p99 100 ms | joins 252 (p50 85 p99 162 ms) | server pace 1.00 level 0, 0 bots bandwidth-degraded | swarm busy 4%, overruns 0
[   45s] bots 2231/2235 connected, 2231 welcomed, 0 failed | 28.4 snaps/s/bot, entities/snap near 64.1 mid 86.1 far 0.0 | corrections 0.000/s/bot | down 343 up 14 kbps/bot | rtt 5.6 ms loss 0.00% | input->applied ~ p50 52 p99 69 ms, round trip p50 67 p99 100 ms | joins 250 (p50 86 p99 162 ms) | server pace 1.00 level 0, 0 bots bandwidth-degraded | swarm busy 4%, overruns 0
[   50s] bots 2482/2487 connected, 2482 welcomed, 0 failed | 28.6 snaps/s/bot, entities/snap near 64.0 mid 86.1 far 0.0 | corrections 0.000/s/bot | down 346 up 14 kbps/bot | rtt 5.9 ms loss 0.00% | input->applied ~ p50 52 p99 69 ms, round trip p50 67 p99 100 ms | joins 251 (p50 86 p99 163 ms) | server pace 1.00 level 0, 0 bots bandwidth-degraded | swarm busy 5%, overruns 0
[   55s] bots 2732/2737 connected, 2732 welcomed, 0 failed | 28.8 snaps/s/bot, entities/snap near 64.0 mid 86.1 far 0.0 | corrections 0.000/s/bot | down 349 up 14 kbps/bot | rtt 6.4 ms loss 0.00% | input->applied ~ p50 53 p99 69 ms, round trip p50 67 p99 100 ms | joins 250 (p50 86 p99 163 ms) | server pace 1.00 level 0, 0 bots bandwidth-degraded | swarm busy 6%, overruns 0
[   60s] bots 2984/2988 connected, 2984 welcomed, 0 failed | 28.9 snaps/s/bot, entities/snap near 64.0 mid 86.1 far 0.0 | corrections 0.000/s/bot | down 350 up 15 kbps/bot | rtt 6.9 ms loss 0.00% | input->applied ~ p50 53 p99 70 ms, round trip p50 67 p99 100 ms | joins 252 (p50 87 p99 164 ms) | server pace 1.00 level 0, 0 bots bandwidth-degraded | swarm busy 6%, overruns 0
[   65s] bots 3236/3239 connected, 3236 welcomed, 0 failed | 29.0 snaps/s/bot, entities/snap near 64.0 mid 86.0 far 0.0 | corrections 0.000/s/bot | down 352 up 15 kbps/bot | rtt 7.5 ms loss 0.00% | input->applied ~ p50 53 p99 70 ms, round trip p50 67 p99 100 ms | joins 252 (p50 86 p99 165 ms) | server pace 1.00 level 0, 0 bots bandwidth-degraded | swarm busy 7%, overruns 0
[   70s] bots 3485/3490 connected, 3485 welcomed, 0 failed | 29.1 snaps/s/bot, entities/snap near 64.0 mid 86.0 far 0.0 | corrections 0.000/s/bot | down 353 up 15 kbps/bot | rtt 7.7 ms loss 0.00% | input->applied ~ p50 54 p99 70 ms, round trip p50 67 p99 100 ms | joins 249 (p50 87 p99 164 ms) | server pace 1.00 level 0, 0 bots bandwidth-degraded | swarm busy 7%, overruns 0
[   75s] bots 3735/3740 connected, 3735 welcomed, 0 failed | 29.1 snaps/s/bot, entities/snap near 64.0 mid 86.0 far 0.0 | corrections 0.000/s/bot | down 355 up 15 kbps/bot | rtt 8.2 ms loss 0.00% | input->applied ~ p50 54 p99 70 ms, round trip p50 67 p99 100 ms | joins 250 (p50 90 p99 165 ms) | server pace 1.00 level 0, 0 bots bandwidth-degraded | swarm busy 8%, overruns 0
[   80s] bots 3990/3992 connected, 3989 welcomed, 0 failed | 29.2 snaps/s/bot, entities/snap near 64.0 mid 86.0 far 0.0 | corrections 0.000/s/bot | down 356 up 15 kbps/bot | rtt 8.8 ms loss 0.00% | input->applied ~ p50 54 p99 71 ms, round trip p50 67 p99 100 ms | joins 254 (p50 91 p99 165 ms) | server pace 1.00 level 0, 0 bots bandwidth-degraded | swarm busy 9%, overruns 0
[   85s] bots 4240/4244 connected, 4240 welcomed, 0 failed | 29.2 snaps/s/bot, entities/snap near 64.0 mid 86.0 far 0.0 | corrections 0.000/s/bot | down 357 up 15 kbps/bot | rtt 9.2 ms loss 0.00% | input->applied ~ p50 54 p99 71 ms, round trip p50 67 p99 100 ms | joins 251 (p50 88 p99 165 ms) | server pace 1.00 level 0, 0 bots bandwidth-degraded | swarm busy 9%, overruns 0
[   90s] bots 4491/4496 connected, 4491 welcomed, 0 failed | 29.3 snaps/s/bot, entities/snap near 64.0 mid 86.0 far 0.0 | corrections 0.000/s/bot | down 358 up 15 kbps/bot | rtt 9.7 ms loss 0.00% | input->applied ~ p50 55 p99 71 ms, round trip p50 67 p99 100 ms | joins 251 (p50 89 p99 165 ms) | server pace 1.00 level 0, 0 bots bandwidth-degraded | swarm busy 10%, overruns 0
[   95s] bots 4743/4745 connected, 4743 welcomed, 0 failed | 29.3 snaps/s/bot, entities/snap near 64.0 mid 86.0 far 0.0 | corrections 0.000/s/bot | down 359 up 15 kbps/bot | rtt 9.9 ms loss 0.00% | input->applied ~ p50 55 p99 71 ms, round trip p50 67 p99 100 ms | joins 252 (p50 89 p99 165 ms) | server pace 1.00 level 0, 0 bots bandwidth-degraded | swarm busy 11%, overruns 0
[  100s] bots 4995/4997 connected, 4995 welcomed, 0 failed | 29.4 snaps/s/bot, entities/snap near 64.0 mid 86.0 far 0.0 | corrections 0.000/s/bot | down 359 up 15 kbps/bot | rtt 10.5 ms loss 0.00% | input->applied ~ p50 55 p99 71 ms, round trip p50 67 p99 100 ms | joins 252 (p50 89 p99 165 ms) | server pace 1.00 level 0, 0 bots bandwidth-degraded | swarm busy 11%, overruns 0
[  105s] bots 5245/5247 connected, 5245 welcomed, 0 failed | 29.3 snaps/s/bot, entities/snap near 64.0 mid 86.0 far 0.0 | corrections 0.000/s/bot | down 359 up 15 kbps/bot | rtt 11.0 ms loss 0.00% | input->applied ~ p50 55 p99 72 ms, round trip p50 67 p99 100 ms | joins 250 (p50 90 p99 165 ms) | server pace 1.00 level 0, 0 bots bandwidth-degraded | swarm busy 12%, overruns 0
[  110s] bots 5491/5494 connected, 5491 welcomed, 0 failed | 28.9 snaps/s/bot, entities/snap near 64.0 mid 86.0 far 0.0 | corrections 0.000/s/bot | down 355 up 15 kbps/bot | rtt 11.3 ms loss 0.00% | input->applied ~ p50 55 p99 72 ms, round trip p50 67 p99 100 ms | joins 246 (p50 89 p99 165 ms) | server pace 1.00 level 0, 0 bots bandwidth-degraded | swarm busy 13%, overruns 0
[  115s] bots 5734/5740 connected, 5734 welcomed, 0 failed | 28.8 snaps/s/bot, entities/snap near 64.0 mid 86.0 far 0.0 | corrections 0.000/s/bot | down 354 up 15 kbps/bot | rtt 12.0 ms loss 0.00% | input->applied ~ p50 56 p99 72 ms, round trip p50 67 p99 100 ms | joins 243 (p50 92 p99 165 ms) | server pace 1.00 level 0, 0 bots bandwidth-degraded | swarm busy 13%, overruns 0
[  120s] bots 5977/5984 connected, 5977 welcomed, 0 failed | 28.7 snaps/s/bot, entities/snap near 64.0 mid 86.0 far 0.0 | corrections 0.000/s/bot | down 353 up 14 kbps/bot | rtt 12.4 ms loss 0.00% | input->applied ~ p50 56 p99 72 ms, round trip p50 67 p99 100 ms | joins 243 (p50 95 p99 166 ms) | server pace 1.00 level 0, 0 bots bandwidth-degraded | swarm busy 14%, overruns 0
[  125s] bots 6224/6230 connected, 6224 welcomed, 0 failed | 29.0 snaps/s/bot, entities/snap near 64.0 mid 86.0 far 0.0 | corrections 0.000/s/bot | down 357 up 15 kbps/bot | rtt 12.9 ms loss 0.00% | input->applied ~ p50 56 p99 73 ms, round trip p50 67 p99 100 ms | joins 247 (p50 96 p99 165 ms) | server pace 1.00 level 0, 0 bots bandwidth-degraded | swarm busy 14%, overruns 0
[  130s] bots 6474/6481 connected, 6474 welcomed, 0 failed | 29.4 snaps/s/bot, entities/snap near 64.0 mid 86.0 far 0.0 | corrections 0.000/s/bot | down 362 up 15 kbps/bot | rtt 13.5 ms loss 0.00% | input->applied ~ p50 56 p99 73 ms, round trip p50 67 p99 100 ms | joins 250 (p50 96 p99 166 ms) | server pace 1.00 level 0, 0 bots bandwidth-degraded | swarm busy 15%, overruns 0
[  135s] bots 6727/6732 connected, 6727 welcomed, 0 failed | 29.5 snaps/s/bot, entities/snap near 64.0 mid 86.0 far 0.0 | corrections 0.000/s/bot | down 363 up 15 kbps/bot | rtt 13.5 ms loss 0.00% | input->applied ~ p50 57 p99 73 ms, round trip p50 67 p99 100 ms | joins 253 (p50 93 p99 165 ms) | server pace 1.00 level 0, 0 bots bandwidth-degraded | swarm busy 16%, overruns 0
[  140s] bots 6978/6982 connected, 6978 welcomed, 0 failed | 29.5 snaps/s/bot, entities/snap near 64.0 mid 86.0 far 0.0 | corrections 0.000/s/bot | down 363 up 15 kbps/bot | rtt 14.2 ms loss 0.00% | input->applied ~ p50 57 p99 73 ms, round trip p50 67 p99 100 ms | joins 251 (p50 93 p99 165 ms) | server pace 1.00 level 0, 0 bots bandwidth-degraded | swarm busy 16%, overruns 0
[  145s] bots 7229/7233 connected, 7229 welcomed, 0 failed | 29.6 snaps/s/bot, entities/snap near 64.0 mid 86.0 far 0.0 | corrections 0.000/s/bot | down 365 up 15 kbps/bot | rtt 14.4 ms loss 0.00% | input->applied ~ p50 57 p99 74 ms, round trip p50 67 p99 100 ms | joins 251 (p50 93 p99 165 ms) | server pace 1.00 level 0, 0 bots bandwidth-degraded | swarm busy 17%, overruns 0
[  150s] bots 7480/7484 connected, 7480 welcomed, 0 failed | 29.6 snaps/s/bot, entities/snap near 64.0 mid 86.0 far 0.0 | corrections 0.000/s/bot | down 366 up 15 kbps/bot | rtt 15.0 ms loss 0.00% | input->applied ~ p50 57 p99 74 ms, round trip p50 67 p99 100 ms | joins 251 (p50 95 p99 165 ms) | server pace 1.00 level 0, 0 bots bandwidth-degraded | swarm busy 18%, overruns 0
[  155s] bots 7731/7735 connected, 7731 welcomed, 0 failed | 29.6 snaps/s/bot, entities/snap near 64.0 mid 86.0 far 0.0 | corrections 0.000/s/bot | down 366 up 15 kbps/bot | rtt 16.0 ms loss 0.00% | input->applied ~ p50 58 p99 74 ms, round trip p50 67 p99 100 ms | joins 251 (p50 95 p99 165 ms) | server pace 1.00 level 0, 0 bots bandwidth-degraded | swarm busy 18%, overruns 0
[  160s] bots 7980/7987 connected, 7980 welcomed, 0 failed | 29.7 snaps/s/bot, entities/snap near 64.0 mid 86.0 far 0.0 | corrections 0.000/s/bot | down 367 up 15 kbps/bot | rtt 16.0 ms loss 0.00% | input->applied ~ p50 58 p99 74 ms, round trip p50 67 p99 100 ms | joins 249 (p50 111 p99 166 ms) | server pace 1.00 level 0, 0 bots bandwidth-degraded | swarm busy 19%, overruns 0
[  165s] bots 8231/8236 connected, 8231 welcomed, 0 failed | 29.7 snaps/s/bot, entities/snap near 64.0 mid 86.0 far 0.0 | corrections 0.000/s/bot | down 368 up 15 kbps/bot | rtt 16.6 ms loss 0.00% | input->applied ~ p50 58 p99 75 ms, round trip p50 67 p99 100 ms | joins 251 (p50 133 p99 165 ms) | server pace 1.00 level 0, 0 bots bandwidth-degraded | swarm busy 20%, overruns 0
[  170s] bots 8481/8488 connected, 8481 welcomed, 0 failed | 29.7 snaps/s/bot, entities/snap near 64.0 mid 86.0 far 0.0 | corrections 0.000/s/bot | down 368 up 15 kbps/bot | rtt 17.2 ms loss 0.00% | input->applied ~ p50 58 p99 75 ms, round trip p50 67 p99 100 ms | joins 250 (p50 133 p99 166 ms) | server pace 1.00 level 0, 0 bots bandwidth-degraded | swarm busy 20%, overruns 0
[  175s] bots 8733/8739 connected, 8733 welcomed, 0 failed | 29.7 snaps/s/bot, entities/snap near 64.0 mid 86.0 far 0.0 | corrections 0.000/s/bot | down 368 up 15 kbps/bot | rtt 18.2 ms loss 0.00% | input->applied ~ p50 58 p99 75 ms, round trip p50 100 p99 100 ms | joins 252 (p50 135 p99 166 ms) | server pace 1.00 level 0, 0 bots bandwidth-degraded | swarm busy 21%, overruns 0
[  180s] bots 8988/8991 connected, 8987 welcomed, 0 failed | 29.7 snaps/s/bot, entities/snap near 64.0 mid 86.0 far 0.0 | corrections 0.000/s/bot | down 369 up 15 kbps/bot | rtt 18.4 ms loss 0.00% | input->applied ~ p50 59 p99 75 ms, round trip p50 100 p99 100 ms | joins 254 (p50 115 p99 166 ms) | server pace 1.00 level 0, 0 bots bandwidth-degraded | swarm busy 22%, overruns 0
[  185s] bots 9237/9242 connected, 9237 welcomed, 0 failed | 29.7 snaps/s/bot, entities/snap near 64.0 mid 86.0 far 0.0 | corrections 0.000/s/bot | down 369 up 15 kbps/bot | rtt 19.1 ms loss 0.00% | input->applied ~ p50 59 p99 76 ms, round trip p50 100 p99 100 ms | joins 250 (p50 109 p99 166 ms) | server pace 1.00 level 0, 0 bots bandwidth-degraded | swarm busy 23%, overruns 0
[  190s] bots 9489/9494 connected, 9489 welcomed, 0 failed | 29.7 snaps/s/bot, entities/snap near 64.0 mid 86.0 far 0.0 | corrections 0.000/s/bot | down 370 up 15 kbps/bot | rtt 19.2 ms loss 0.00% | input->applied ~ p50 60 p99 76 ms, round trip p50 100 p99 100 ms | joins 252 (p50 104 p99 165 ms) | server pace 1.00 level 0, 0 bots bandwidth-degraded | swarm busy 23%, overruns 4
[  195s] bots 9740/9744 connected, 9740 welcomed, 0 failed | 29.7 snaps/s/bot, entities/snap near 64.0 mid 86.0 far 0.0 | corrections 0.000/s/bot | down 370 up 15 kbps/bot | rtt 20.2 ms loss 0.00% | input->applied ~ p50 60 p99 76 ms, round trip p50 100 p99 100 ms | joins 251 (p50 113 p99 166 ms) | server pace 1.00 level 0, 0 bots bandwidth-degraded | swarm busy 25%, overruns 50
[  200s] bots 9987/9995 connected, 9987 welcomed, 0 failed | 29.8 snaps/s/bot, entities/snap near 64.0 mid 86.0 far 0.0 | corrections 0.000/s/bot | down 371 up 15 kbps/bot | rtt 19.9 ms loss 0.00% | input->applied ~ p50 60 p99 77 ms, round trip p50 100 p99 100 ms | joins 247 (p50 135 p99 166 ms) | server pace 1.00 level 0, 0 bots bandwidth-degraded | swarm busy 25%, overruns 34
[  205s] bots 10000/10000 connected, 10000 welcomed, 0 failed | 30.1 snaps/s/bot, entities/snap near 64.0 mid 86.0 far 0.0 | corrections 0.000/s/bot | down 375 up 15 kbps/bot | rtt 20.6 ms loss 0.00% | input->applied ~ p50 60 p99 77 ms, round trip p50 100 p99 100 ms | joins 13 (p50 147 p99 166 ms) | server pace 1.00 level 0, 0 bots bandwidth-degraded | swarm busy 26%, overruns 16
[  210s] bots 10000/10000 connected, 10000 welcomed, 0 failed | 30.0 snaps/s/bot, entities/snap near 64.0 mid 86.0 far 0.0 | corrections 0.000/s/bot | down 373 up 15 kbps/bot | rtt 22.3 ms loss 0.00% | input->applied ~ p50 62 p99 104 ms, round trip p50 100 p99 133 ms | joins 0 (p50 0 p99 0 ms) | server pace 1.00 level 0, 0 bots bandwidth-degraded | swarm busy 25%, overruns 10
[  215s] bots 10000/10000 connected, 10000 welcomed, 0 failed | 29.9 snaps/s/bot, entities/snap near 64.0 mid 86.0 far 0.0 | corrections 0.000/s/bot | down 373 up 15 kbps/bot | rtt 21.9 ms loss 0.00% | input->applied ~ p50 61 p99 78 ms, round trip p50 100 p99 100 ms | joins 0 (p50 0 p99 0 ms) | server pace 1.00 level 0, 0 bots bandwidth-degraded | swarm busy 26%, overruns 7
[  220s] bots 10000/10000 connected, 10000 welcomed, 0 failed | 29.4 snaps/s/bot, entities/snap near 64.0 mid 86.0 far 0.0 | corrections 0.000/s/bot | down 366 up 15 kbps/bot | rtt 22.0 ms loss 0.00% | input->applied ~ p50 61 p99 78 ms, round trip p50 100 p99 100 ms | joins 0 (p50 0 p99 0 ms) | server pace 1.00 level 0, 0 bots bandwidth-degraded | swarm busy 26%, overruns 5
[  225s] bots 10000/10000 connected, 10000 welcomed, 0 failed | 29.5 snaps/s/bot, entities/snap near 64.0 mid 86.0 far 0.0 | corrections 0.000/s/bot | down 368 up 15 kbps/bot | rtt 20.2 ms loss 0.00% | input->applied ~ p50 60 p99 77 ms, round trip p50 100 p99 100 ms | joins 0 (p50 0 p99 0 ms) | server pace 1.00 level 0, 0 bots bandwidth-degraded | swarm busy 25%, overruns 4
[  230s] bots 10000/10000 connected, 10000 welcomed, 0 failed | 29.8 snaps/s/bot, entities/snap near 64.0 mid 86.0 far 0.0 | corrections 0.000/s/bot | down 371 up 15 kbps/bot | rtt 20.4 ms loss 0.00% | input->applied ~ p50 60 p99 77 ms, round trip p50 100 p99 100 ms | joins 0 (p50 0 p99 0 ms) | server pace 1.00 level 0, 0 bots bandwidth-degraded | swarm busy 26%, overruns 5
[  235s] bots 10000/10000 connected, 10000 welcomed, 0 failed | 29.8 snaps/s/bot, entities/snap near 64.0 mid 86.0 far 0.0 | corrections 0.000/s/bot | down 372 up 15 kbps/bot | rtt 20.5 ms loss 0.00% | input->applied ~ p50 60 p99 77 ms, round trip p50 100 p99 100 ms | joins 0 (p50 0 p99 0 ms) | server pace 1.00 level 0, 0 bots bandwidth-degraded | swarm busy 25%, overruns 9
[  240s] bots 10000/10000 connected, 10000 welcomed, 0 failed | 29.8 snaps/s/bot, entities/snap near 64.0 mid 86.0 far 0.0 | corrections 0.000/s/bot | down 371 up 15 kbps/bot | rtt 20.9 ms loss 0.00% | input->applied ~ p50 60 p99 77 ms, round trip p50 100 p99 100 ms | joins 0 (p50 0 p99 0 ms) | server pace 1.00 level 0, 0 bots bandwidth-degraded | swarm busy 25%, overruns 1

== bots summary ==
  started 10000 welcomed 10000 failed 0
  join latency ms: p50 90 p99 165 max 166 (n=10000)
  corrections 0 (0.00/bot-minute), mean error 0.000 m, max 0.000 m
  push corrections (the server pushed us apart from a crowd) 41181825 (1029.55/bot-minute), max 0.300 m
  snapshots 41955557 (entities per snapshot: near 64.0 mid 86.0 far 0.0), stale 0, unmatched acks 0, resyncs 0
  input -> applied on server (est. RTT/2 + server wait): p50 58.0 p99 77.0 max 110.0 mean 58.0 ms (n=41952447)
    of which server wait (arrival -> applied): p50 49.9 p99 66.5 max 96.3 mean 50.0 ms (n=41952447)
  input -> seen acked (round trip): p50 67.0 p99 100.0 max 138.0 mean 82.3 ms (n=41952447)
  near entity update interval (tracked bots): p50 66.0 p99 100.0 max 133.0 mean 54.6 ms (n=134334108)
  mid entity update interval (tracked bots): p50 100.0 p99 200.0 max 2200.0 mean 102.2 ms (n=161419656)
  far entity update interval (tracked bots): p50 0.0 p99 0.0 max 0.0 mean 0.0 ms (n=0)
  near drawn (tracked bots): 98.11% interpolated, 0.54% extrapolated, 0.00% held, 1.35% new | pops p50 0 p99 0 max 487 mm
  mid drawn (tracked bots): 52.59% interpolated, 17.55% extrapolated, 17.64% held, 12.23% new | pops p50 0 p99 118 max 17837 mm
  far drawn (tracked bots): 0.00% interpolated, 0.00% extrapolated, 0.00% held, 0.00% new | pops p50 0 p99 0 max 0 mm
  render delay (near) 87.0 ms behind the newest step, clock snaps 0 (backwards 0), slewing 5.19% of frames, near delay changes 1203 | streak entity-frames (drawn > 20 m/s) 435010
  input clock: 16808 extra inputs, 15329 skipped ticks, 0 backlog skips | near decode errors (tracked bots) 0
  bytes down 64784.7 MB up 2643.3 MB | swarm busy 14% of its threads' time, tick overruns 193
