spawn=disk(25.0)
egress=sendmmsg
ingress=recvmmsg
rx_gather_us=1000
ladder=off
threads=64
shards=64
sockets=1
peak_clients=10000
steady_ticks=7107
steady_secs=236.9
ingress_p50_ms=0.91
ingress_p99_ms=2.09
ingress_max_ms=3.10
events_p50_ms=2.76
events_p99_ms=5.73
events_max_ms=7.44
movement_p50_ms=0.65
movement_p99_ms=1.14
movement_max_ms=38.73
grid_p50_ms=0.41
grid_p99_ms=0.68
grid_max_ms=0.80
separate_p50_ms=0.77
separate_p99_ms=1.27
separate_max_ms=1.63
history_p50_ms=0.02
history_p99_ms=0.08
history_max_ms=0.18
shots_p50_ms=0.04
shots_p99_ms=0.26
shots_max_ms=0.35
serialize_p50_ms=0.25
serialize_p99_ms=0.44
serialize_max_ms=1.03
assembly_p50_ms=3.82
assembly_p99_ms=7.46
assembly_max_ms=9.48
transport_p50_ms=1.45
transport_p99_ms=2.84
transport_max_ms=3.20
egress_p50_ms=2.75
egress_p99_ms=5.16
egress_max_ms=11.32
tick_p50_ms=13.96
tick_p99_ms=25.21
tick_max_ms=61.76
steady_overruns=1
level_mode=0
tick_hz=30
dilation=1
levels=L0:7107
clients_avg=5905
out_pps=354281
in_pps=177292
egress_mbps=2187.9
packets_per_client_tick=2.00
wire_bytes_per_client_tick=1544
down_kbps_per_client=370.5
up_kbps_per_client=15.1
recv_per_call=52.98
ingress_thread_busy_max_pct=18.1
ingress_thread_busy_mean_pct=18.1
kernel_rcvbuf_drops=0
kernel_sndbuf_drops=0
snapshot_bytes_per_client_tick=1479
near_bytes_per_client_tick=471
activity_bytes_per_client_tick=0.0
near_per_client_tick=64.0
mid_per_client_tick=86.0
far_per_client_tick=0.0
near_scanned_per_query=450
mid_scanned_per_query=594
far_skipped=0
far_starved=0
repeated=0
frozen=0
late_inputs=0
discarded_inputs=0
input_wait_p10_ms=36.7
input_wait_p50_ms=49.9
input_wait_p90_ms=63.5
input_wait_p99_ms=66.5
spawns=10000
despawns=10000
deaths=0
respawns=0
shots=0
shots_late=0
shots_refused=0
rewinds_capped=0
rewinds_trimmed=0
hits_head=0
hits_body=0
hits_ground=0
hits_cover=0
projectiles_expired=0
kills=0
hits_after_cover=0
hits_too_late=0
events=0
tracer_bytes=0
activity_cells=0
activity_sent=0
activity_bytes=0
activity_cut=0
projectile_segments=0
hit_candidates=0
joins_deferred=0
bad_messages=0
recv_errors=0
send_errors=0
datagrams=83954757
sends=83954757
send_syscalls=600467
rewind_near_p50_ms=133
rewind_near_p99_ms=200
rewind_near_mean_ms=148.0
rewind_mid_p50_ms=267
rewind_mid_p99_ms=300
rewind_mid_mean_ms=280.5
ingress_longest_p50_ms=0.45
ingress_work_p50_ms=21.95
assembly_longest_p50_ms=2.68
assembly_work_p50_ms=128.96
transport_longest_p50_ms=1.10
transport_work_p50_ms=52.68
egress_longest_p50_ms=2.62
egress_work_p50_ms=82.90
