3000 bots -> 172.31.17.93:40500 on 28 threads x 8 slots, ramp 0/s, 60s, 3000 full + 0 sink bots
[    5s] bots 3000/3000 connected, 3000 welcomed, 0 failed | 25.3 snaps/s/bot, entities/snap near 64.5 mid 86.7 far 0.0 | corrections 0.000/s/bot | down 308 up 13 kbps/bot | rtt 6.8 ms loss 0.00% | input->applied ~ p50 53 p99 70 ms, round trip p50 67 p99 100 ms | joins 3000 (p50 281 p99 637 ms) | server pace 1.00 level 0, 0 bots bandwidth-degraded | swarm busy 7%, overruns 187
[   10s] bots 3000/3000 connected, 3000 welcomed, 0 failed | 30.1 snaps/s/bot, entities/snap near 64.0 mid 86.0 far 0.0 | corrections 0.000/s/bot | down 361 up 15 kbps/bot | rtt 6.5 ms loss 0.00% | input->applied ~ p50 53 p99 70 ms, round trip p50 67 p99 100 ms | joins 0 (p50 0 p99 0 ms) | server pace 1.00 level 0, 0 bots bandwidth-degraded | swarm busy 7%, overruns 0
[   15s] bots 3000/3000 connected, 3000 welcomed, 0 failed | 30.1 snaps/s/bot, entities/snap near 64.0 mid 86.0 far 0.0 | corrections 0.000/s/bot | down 361 up 15 kbps/bot | rtt 6.8 ms loss 0.00% | input->applied ~ p50 53 p99 70 ms, round trip p50 67 p99 100 ms | joins 0 (p50 0 p99 0 ms) | server pace 1.00 level 0, 0 bots bandwidth-degraded | swarm busy 7%, overruns 0
[   20s] bots 3000/3000 connected, 3000 welcomed, 0 failed | 30.1 snaps/s/bot, entities/snap near 64.0 mid 86.0 far 0.0 | corrections 0.000/s/bot | down 360 up 15 kbps/bot | rtt 7.6 ms loss 0.00% | input->applied ~ p50 53 p99 70 ms, round trip p50 67 p99 100 ms | joins 0 (p50 0 p99 0 ms) | server pace 1.00 level 0, 0 bots bandwidth-degraded | swarm busy 7%, overruns 0
[   25s] bots 3000/3000 connected, 3000 welcomed, 0 failed | 30.1 snaps/s/bot, entities/snap near 64.0 mid 86.0 far 0.0 | corrections 0.000/s/bot | down 361 up 15 kbps/bot | rtt 7.4 ms loss 0.00% | input->applied ~ p50 53 p99 70 ms, round trip p50 67 p99 100 ms | joins 0 (p50 0 p99 0 ms) | server pace 1.00 level 0, 0 bots bandwidth-degraded | swarm busy 8%, overruns 0
[   30s] bots 3000/3000 connected, 3000 welcomed, 0 failed | 30.1 snaps/s/bot, entities/snap near 64.0 mid 86.0 far 0.0 | corrections 0.000/s/bot | down 361 up 15 kbps/bot | rtt 7.4 ms loss 0.00% | input->applied ~ p50 53 p99 70 ms, round trip p50 67 p99 100 ms | joins 0 (p50 0 p99 0 ms) | server pace 1.00 level 0, 0 bots bandwidth-degraded | swarm busy 8%, overruns 0
[   35s] bots 3000/3000 connected, 3000 welcomed, 0 failed | 30.2 snaps/s/bot, entities/snap near 64.0 mid 86.0 far 0.0 | corrections 0.000/s/bot | down 361 up 15 kbps/bot | rtt 6.9 ms loss 0.00% | input->applied ~ p50 53 p99 70 ms, round trip p50 67 p99 100 ms | joins 0 (p50 0 p99 0 ms) | server pace 1.00 level 0, 0 bots bandwidth-degraded | swarm busy 7%, overruns 0
[   40s] bots 3000/3000 connected, 3000 welcomed, 0 failed | 30.1 snaps/s/bot, entities/snap near 64.0 mid 86.0 far 0.0 | corrections 0.000/s/bot | down 361 up 15 kbps/bot | rtt 6.7 ms loss 0.00% | input->applied ~ p50 53 p99 70 ms, round trip p50 67 p99 100 ms | joins 0 (p50 0 p99 0 ms) | server pace 1.00 level 0, 0 bots bandwidth-degraded | swarm busy 8%, overruns 0
[   45s] bots 3000/3000 connected, 3000 welcomed, 0 failed | 30.1 snaps/s/bot, entities/snap near 64.0 mid 86.0 far 0.0 | corrections 0.000/s/bot | down 361 up 15 kbps/bot | rtt 6.8 ms loss 0.00% | input->applied ~ p50 53 p99 70 ms, round trip p50 67 p99 100 ms | joins 0 (p50 0 p99 0 ms) | server pace 1.00 level 0, 0 bots bandwidth-degraded | swarm busy 8%, overruns 0
[   50s] bots 3000/3000 connected, 3000 welcomed, 0 failed | 30.2 snaps/s/bot, entities/snap near 64.0 mid 86.0 far 0.0 | corrections 0.000/s/bot | down 361 up 15 kbps/bot | rtt 6.8 ms loss 0.00% | input->applied ~ p50 53 p99 70 ms, round trip p50 67 p99 100 ms | joins 0 (p50 0 p99 0 ms) | server pace 1.00 level 0, 0 bots bandwidth-degraded | swarm busy 8%, overruns 0
[   55s] bots 3000/3000 connected, 3000 welcomed, 0 failed | 30.1 snaps/s/bot, entities/snap near 64.0 mid 86.0 far 0.0 | corrections 0.000/s/bot | down 361 up 15 kbps/bot | rtt 6.7 ms loss 0.00% | input->applied ~ p50 53 p99 70 ms, round trip p50 67 p99 100 ms | joins 0 (p50 0 p99 0 ms) | server pace 1.00 level 0, 0 bots bandwidth-degraded | swarm busy 7%, overruns 5
[   60s] bots 3000/3000 connected, 3000 welcomed, 0 failed | 30.2 snaps/s/bot, entities/snap near 64.0 mid 86.0 far 0.0 | corrections 0.000/s/bot | down 362 up 15 kbps/bot | rtt 6.7 ms loss 0.00% | input->applied ~ p50 53 p99 70 ms, round trip p50 67 p99 100 ms | joins 0 (p50 0 p99 0 ms) | server pace 1.00 level 0, 0 bots bandwidth-degraded | swarm busy 8%, overruns 0

== bots summary ==
  started 3000 welcomed 3000 failed 0
  join latency ms: p50 281 p99 637 max 776 (n=3000)
  corrections 0 (0.00/bot-minute), mean error 0.000 m, max 0.000 m
  push corrections (the server pushed us apart from a crowd) 239531 (79.84/bot-minute), max 0.397 m
  snapshots 5373594 (entities per snapshot: near 64.0 mid 86.0 far 0.0), stale 0, unmatched acks 0, resyncs 0
  input -> applied on server (est. RTT/2 + server wait): p50 53.0 p99 70.0 max 80.0 mean 52.8 ms (n=5372690)
    of which server wait (arrival -> applied): p50 49.6 p99 66.3 max 76.1 mean 49.3 ms (n=5372690)
  input -> seen acked (round trip): p50 67.0 p99 100.0 max 118.0 mean 72.8 ms (n=5372690)
  near entity update interval (tracked bots): p50 66.0 p99 66.0 max 133.0 mean 53.3 ms (n=17168963)
  mid entity update interval (tracked bots): p50 100.0 p99 100.0 max 2200.0 mean 100.5 ms (n=22854843)
  far entity update interval (tracked bots): p50 0.0 p99 0.0 max 0.0 mean 0.0 ms (n=0)
  near drawn (tracked bots): 99.71% interpolated, 0.08% extrapolated, 0.00% held, 0.21% new | pops p50 0 p99 0 max 295 mm
  mid drawn (tracked bots): 92.30% interpolated, 2.54% extrapolated, 3.16% held, 1.99% new | pops p50 0 p99 0 max 17933 mm
  far drawn (tracked bots): 0.00% interpolated, 0.00% extrapolated, 0.00% held, 0.00% new | pops p50 0 p99 0 max 0 mm
  render delay (near) 83.5 ms behind the newest step, clock snaps 0 (backwards 0), slewing 1.28% of frames, near delay changes 202 | streak entity-frames (drawn > 20 m/s) 13663
  input clock: 3035 extra inputs, 114 skipped ticks, 0 backlog skips | near decode errors (tracked bots) 0
  bytes down 8047.9 MB up 338.6 MB | swarm busy 7% of its threads' time, tick overruns 192
