started=3000
welcomed=3000
failed=0
join_p50_ms=281
join_p99_ms=637
join_max_ms=776
corrections=0
corrections_per_bot_minute=0.000
correction_max_m=0.000
push_corrections=239531
push_corrections_per_bot_minute=79.844
push_max_m=0.397
snapshots=5373594
near_per_snapshot=64.0
mid_per_snapshot=86.0
far_per_snapshot=0.0
stale_snapshots=0
resyncs=0
input_applied_p50_ms=53.0
input_applied_p99_ms=70.0
input_applied_mean_ms=52.8
server_wait_p50_ms=49.6
server_wait_p99_ms=66.3
server_wait_mean_ms=49.3
round_trip_p50_ms=67.0
round_trip_p99_ms=100.0
round_trip_mean_ms=72.8
slot_work_p50_ms=0.1
slot_work_p99_ms=0.8
slot_work_mean_ms=0.2
slot_late_p50_ms=0.0
slot_late_p99_ms=0.0
slot_late_mean_ms=0.0
near_interval_p50_ms=66.0
near_interval_p99_ms=66.0
near_interval_mean_ms=53.3
mid_interval_p50_ms=100.0
mid_interval_p99_ms=100.0
mid_interval_mean_ms=100.5
far_interval_p50_ms=0.0
far_interval_p99_ms=0.0
far_interval_mean_ms=0.0
slot_late_max_ms=33.0
near_interpolated_pct=99.71
near_extrapolated_pct=0.08
near_held_pct=0.00
near_new_pct=0.21
near_pop_p50_mm=0
near_pop_p99_mm=0
mid_interpolated_pct=92.30
mid_extrapolated_pct=2.54
mid_held_pct=3.16
mid_new_pct=1.99
mid_pop_p50_mm=0
mid_pop_p99_mm=0
far_interpolated_pct=0.00
far_extrapolated_pct=0.00
far_held_pct=0.00
far_new_pct=0.00
far_pop_p50_mm=0
far_pop_p99_mm=0
render_delay_ms=83.5
render_snaps=0
shots_seen=0
activity_cells=0
activity_shots=0
ambient=0
streak_frames_per_million=134
clock_slewing_pct=1.28
delay_changes=202
render_backwards=0
clock_extra=3035
clock_skipped=114
backlog_skips=0
near_decode_errors=0
bytes_down_mb=8047.9
bytes_up_mb=338.6
swarm_busy_pct=7
swarm_overruns=192
