== blob, 3000 bots, 60s -> baselines/2026-10-07-aws-full/blob-3k-gso-1
== summary: 1709 steady-state ticks (after warmup, before clients drain), peak 3000 clients ==
  phase        p50 ms   p99 ms   max ms
  ingress        0.69     1.05     1.25
  events         1.28     1.65     1.85
  movement       0.46     0.65     0.79
  grid           0.22     0.30     0.34
  separate       0.37     0.50    24.05
  history        0.01     0.02     0.04
  shots          0.02     0.04     0.11
  serialize      0.19     0.25     0.30
  assembly       1.56     2.37     3.22
  transport      0.87     1.28     1.52
  egress         1.80     2.22     2.52
  tick           7.56     8.91    30.50
  overruns 0 | spawns 3000 despawns 3000 (4881 joins deferred) | deaths 0 respawns 0 | stand-ins: repeated 0 frozen 0 | late inputs 0 discarded 0 | bad messages 0 | recv errors 0 send errors 0
  egress (whole run): 10762294 datagrams in 5384147 sends (2.00 per send), 115200 syscalls
  ingress (whole run): 5396027 datagrams in 123207 receive calls (43.80 per call)
  ticks per ladder level (whole run): L0: 1816
  input wait on the server (datagram arrival -> applied): p50 49.6 p99 66.3 max 76.1 mean 49.3 ms
  steady state: stand-ins repeated 0 frozen 0 | late inputs 0 discarded 0
  rewind of near targets (applied step - the input's render step for that tier): p50 133 p99 167 max 200 mean 139.2 ms (n=5342587)
  rewind of mid/far targets (applied step - the input's render step for that tier): p50 267 p99 300 max 300 mean 272.2 ms (n=5342587)
  render times ahead of the server (bogus) 0
  shots 0 (late 0, refused 0, rewinds capped 0) | hits head 0 body 0 (after cover 0, too late 0), kills 0 | ground 0 cover 0 expired 0 | segments 0 candidates 0
== bots summary ==
  started 3000 welcomed 3000 failed 0
  join latency ms: p50 281 p99 637 max 776 (n=3000)
  corrections 0 (0.00/bot-minute), mean error 0.000 m, max 0.000 m
  push corrections (the server pushed us apart from a crowd) 239531 (79.84/bot-minute), max 0.397 m
  snapshots 5373594 (entities per snapshot: near 64.0 mid 86.0 far 0.0), stale 0, unmatched acks 0, resyncs 0
  input -> applied on server (est. RTT/2 + server wait): p50 53.0 p99 70.0 max 80.0 mean 52.8 ms (n=5372690)
    of which server wait (arrival -> applied): p50 49.6 p99 66.3 max 76.1 mean 49.3 ms (n=5372690)
  input -> seen acked (round trip): p50 67.0 p99 100.0 max 118.0 mean 72.8 ms (n=5372690)
  near entity update interval (tracked bots): p50 66.0 p99 66.0 max 133.0 mean 53.3 ms (n=17168963)
  mid entity update interval (tracked bots): p50 100.0 p99 100.0 max 2200.0 mean 100.5 ms (n=22854843)
  far entity update interval (tracked bots): p50 0.0 p99 0.0 max 0.0 mean 0.0 ms (n=0)
  near drawn (tracked bots): 99.71% interpolated, 0.08% extrapolated, 0.00% held, 0.21% new | pops p50 0 p99 0 max 295 mm
  mid drawn (tracked bots): 92.30% interpolated, 2.54% extrapolated, 3.16% held, 1.99% new | pops p50 0 p99 0 max 17933 mm
  far drawn (tracked bots): 0.00% interpolated, 0.00% extrapolated, 0.00% held, 0.00% new | pops p50 0 p99 0 max 0 mm
  render delay (near) 83.5 ms behind the newest step, clock snaps 0 (backwards 0), slewing 1.28% of frames, near delay changes 202 | streak entity-frames (drawn > 20 m/s) 13663
  input clock: 3035 extra inputs, 114 skipped ticks, 0 backlog skips | near decode errors (tracked bots) 0
  bytes down 8047.9 MB up 338.6 MB | swarm busy 7% of its threads' time, tick overruns 192
