preallocated connections for 10000 clients in 249.163424ms
listening on 172.31.17.93:40500 | spawn Blob | tiers near 64@150 m, mid 500 m, far 1500 m, budget 6250 B/tick, squads of 4 | 64 rayon threads, 64 shards, 1 socket(s), 256 accepts/tick, egress Gso, ingress RecvMmsg | socket buffers rcv 32768 KiB snd 32768 KiB
[    5s] clients 3000 | level 0 (0-0 in window: 30 Hz, dilation 1.0), pace 1.00, 0.0% clients bandwidth-degraded | tick p50 7.46 p99 9.62 max 10.31 ms, 0 overruns | out 155.4k pps 364 kbps/client, 931 Mbps | in 78.6k pps 17 kbps/client, 43.4 per recv, receive thread busy 9% | stand-ins: repeated 0.00% frozen 0.00%, 0 late inputs | per client-tick: 1438 B (near 430 B, 97% deltas), near 64.0 mid 86.0 far 0.0, far skipped 0 starved 0 | input wait p50 49.8 p99 66.4 ms | 4881 joins deferred | kernel drops rcv 0 snd 0
         p50/p99 ms: ingress 0.66/1.55  events 1.27/2.78  movement 0.42/0.52  grid 0.21/0.30  separate 0.35/0.41  history 0.01/0.06  shots 0.02/0.08  serialize 0.18/0.26  assembly 1.51/2.41  transport 0.83/1.66  egress 1.75/2.23
[   10s] clients 3000 | level 0 (0-0 in window: 30 Hz, dilation 1.0), pace 1.00, 0.0% clients bandwidth-degraded | tick p50 7.39 p99 8.23 max 8.26 ms, 0 overruns | out 180.0k pps 359 kbps/client, 1077 Mbps | in 90.0k pps 15 kbps/client, 43.5 per recv, receive thread busy 10% | stand-ins: repeated 0.00% frozen 0.00%, 0 late inputs | per client-tick: 1426 B (near 418 B, 99% deltas), near 64.0 mid 86.0 far 0.0, far skipped 0 starved 0 | input wait p50 49.6 p99 66.2 ms | 0 joins deferred | kernel drops rcv 0 snd 0
         p50/p99 ms: ingress 0.67/0.99  events 1.23/1.63  movement 0.44/0.49  grid 0.21/0.27  separate 0.36/0.42  history 0.01/0.03  shots 0.02/0.03  serialize 0.18/0.23  assembly 1.51/2.12  transport 0.84/1.21  egress 1.79/2.16
[   15s] clients 3000 | level 0 (0-0 in window: 30 Hz, dilation 1.0), pace 1.00, 0.0% clients bandwidth-degraded | tick p50 7.41 p99 8.04 max 8.23 ms, 0 overruns | out 180.0k pps 359 kbps/client, 1077 Mbps | in 90.0k pps 15 kbps/client, 43.1 per recv, receive thread busy 10% | stand-ins: repeated 0.00% frozen 0.00%, 0 late inputs | per client-tick: 1426 B (near 418 B, 99% deltas), near 64.0 mid 86.0 far 0.0, far skipped 0 starved 0 | input wait p50 49.6 p99 66.3 ms | 0 joins deferred | kernel drops rcv 0 snd 0
         p50/p99 ms: ingress 0.67/0.99  events 1.25/1.54  movement 0.45/0.67  grid 0.22/0.26  separate 0.36/0.41  history 0.01/0.02  shots 0.02/0.03  serialize 0.19/0.23  assembly 1.52/2.24  transport 0.83/1.19  egress 1.78/2.26
[   20s] clients 3000 | level 0 (0-0 in window: 30 Hz, dilation 1.0), pace 1.00, 0.0% clients bandwidth-degraded | tick p50 8.24 p99 9.84 max 30.50 ms, 0 overruns | out 180.0k pps 359 kbps/client, 1077 Mbps | in 90.0k pps 15 kbps/client, 45.0 per recv, receive thread busy 12% | stand-ins: repeated 0.00% frozen 0.00%, 0 late inputs | per client-tick: 1426 B (near 418 B, 99% deltas), near 64.0 mid 86.0 far 0.0, far skipped 0 starved 0 | input wait p50 49.6 p99 66.3 ms | 0 joins deferred | kernel drops rcv 0 snd 0
         p50/p99 ms: ingress 0.79/1.21  events 1.32/1.68  movement 0.49/0.63  grid 0.23/0.33  separate 0.42/0.53  history 0.01/0.02  shots 0.02/0.05  serialize 0.21/0.27  assembly 1.69/2.55  transport 0.99/1.42  egress 1.86/2.35
[   25s] clients 3000 | level 0 (0-0 in window: 30 Hz, dilation 1.0), pace 1.00, 0.0% clients bandwidth-degraded | tick p50 8.18 p99 8.95 max 9.13 ms, 0 overruns | out 180.0k pps 359 kbps/client, 1077 Mbps | in 90.0k pps 15 kbps/client, 44.9 per recv, receive thread busy 11% | stand-ins: repeated 0.00% frozen 0.00%, 0 late inputs | per client-tick: 1426 B (near 418 B, 99% deltas), near 64.0 mid 86.0 far 0.0, far skipped 0 starved 0 | input wait p50 49.6 p99 66.3 ms | 0 joins deferred | kernel drops rcv 0 snd 0
         p50/p99 ms: ingress 0.78/1.22  events 1.34/1.63  movement 0.50/0.66  grid 0.23/0.33  separate 0.43/0.53  history 0.01/0.03  shots 0.02/0.09  serialize 0.21/0.25  assembly 1.67/2.64  transport 0.98/1.35  egress 1.87/2.34
[   30s] clients 3000 | level 0 (0-0 in window: 30 Hz, dilation 1.0), pace 1.00, 0.0% clients bandwidth-degraded | tick p50 8.15 p99 8.95 max 9.01 ms, 0 overruns | out 180.0k pps 359 kbps/client, 1077 Mbps | in 90.0k pps 15 kbps/client, 44.8 per recv, receive thread busy 11% | stand-ins: repeated 0.00% frozen 0.00%, 0 late inputs | per client-tick: 1426 B (near 418 B, 99% deltas), near 64.0 mid 86.0 far 0.0, far skipped 0 starved 0 | input wait p50 49.6 p99 66.3 ms | 0 joins deferred | kernel drops rcv 0 snd 0
         p50/p99 ms: ingress 0.79/1.15  events 1.31/1.75  movement 0.49/0.58  grid 0.22/0.29  separate 0.43/0.51  history 0.01/0.02  shots 0.02/0.04  serialize 0.21/0.26  assembly 1.68/2.38  transport 0.97/1.30  egress 1.85/2.23
[   35s] clients 3000 | level 0 (0-0 in window: 30 Hz, dilation 1.0), pace 1.00, 0.0% clients bandwidth-degraded | tick p50 7.50 p99 8.35 max 9.01 ms, 0 overruns | out 180.0k pps 359 kbps/client, 1077 Mbps | in 90.0k pps 15 kbps/client, 43.9 per recv, receive thread busy 11% | stand-ins: repeated 0.00% frozen 0.00%, 0 late inputs | per client-tick: 1426 B (near 418 B, 99% deltas), near 64.0 mid 86.0 far 0.0, far skipped 0 starved 0 | input wait p50 49.6 p99 66.3 ms | 0 joins deferred | kernel drops rcv 0 snd 0
         p50/p99 ms: ingress 0.69/1.01  events 1.27/1.59  movement 0.45/0.56  grid 0.22/0.30  separate 0.38/0.47  history 0.01/0.03  shots 0.02/0.08  serialize 0.19/0.25  assembly 1.55/2.10  transport 0.86/1.30  egress 1.78/2.14
[   40s] clients 3000 | level 0 (0-0 in window: 30 Hz, dilation 1.0), pace 1.00, 0.0% clients bandwidth-degraded | tick p50 7.41 p99 8.35 max 8.60 ms, 0 overruns | out 180.0k pps 359 kbps/client, 1077 Mbps | in 90.0k pps 15 kbps/client, 42.7 per recv, receive thread busy 10% | stand-ins: repeated 0.00% frozen 0.00%, 0 late inputs | per client-tick: 1426 B (near 418 B, 99% deltas), near 64.0 mid 86.0 far 0.0, far skipped 0 starved 0 | input wait p50 49.6 p99 66.3 ms | 0 joins deferred | kernel drops rcv 0 snd 0
         p50/p99 ms: ingress 0.66/0.95  events 1.26/1.66  movement 0.44/0.73  grid 0.22/0.30  separate 0.36/0.43  history 0.01/0.02  shots 0.02/0.03  serialize 0.18/0.23  assembly 1.53/2.30  transport 0.84/1.18  egress 1.78/2.12
[   45s] clients 3000 | level 0 (0-0 in window: 30 Hz, dilation 1.0), pace 1.00, 0.0% clients bandwidth-degraded | tick p50 7.44 p99 8.23 max 8.56 ms, 0 overruns | out 180.0k pps 359 kbps/client, 1077 Mbps | in 90.0k pps 15 kbps/client, 43.7 per recv, receive thread busy 10% | stand-ins: repeated 0.00% frozen 0.00%, 0 late inputs | per client-tick: 1426 B (near 418 B, 99% deltas), near 64.0 mid 86.0 far 0.0, far skipped 0 starved 0 | input wait p50 49.6 p99 66.2 ms | 0 joins deferred | kernel drops rcv 0 snd 0
         p50/p99 ms: ingress 0.67/0.90  events 1.27/1.58  movement 0.44/0.72  grid 0.22/0.30  separate 0.36/0.42  history 0.01/0.02  shots 0.02/0.04  serialize 0.19/0.24  assembly 1.53/2.15  transport 0.84/1.14  egress 1.78/2.22
[   50s] clients 3000 | level 0 (0-0 in window: 30 Hz, dilation 1.0), pace 1.00, 0.0% clients bandwidth-degraded | tick p50 7.45 p99 8.15 max 8.23 ms, 0 overruns | out 180.0k pps 359 kbps/client, 1077 Mbps | in 90.0k pps 15 kbps/client, 43.3 per recv, receive thread busy 10% | stand-ins: repeated 0.00% frozen 0.00%, 0 late inputs | per client-tick: 1426 B (near 418 B, 99% deltas), near 64.0 mid 86.0 far 0.0, far skipped 0 starved 0 | input wait p50 49.6 p99 66.2 ms | 0 joins deferred | kernel drops rcv 0 snd 0
         p50/p99 ms: ingress 0.67/0.82  events 1.27/1.56  movement 0.45/0.53  grid 0.22/0.28  separate 0.36/0.43  history 0.01/0.02  shots 0.02/0.03  serialize 0.19/0.23  assembly 1.52/2.07  transport 0.82/1.19  egress 1.79/2.46
[   55s] clients 3000 | level 0 (0-0 in window: 30 Hz, dilation 1.0), pace 1.00, 0.0% clients bandwidth-degraded | tick p50 7.42 p99 8.20 max 8.45 ms, 0 overruns | out 180.0k pps 359 kbps/client, 1077 Mbps | in 90.0k pps 15 kbps/client, 43.6 per recv, receive thread busy 10% | stand-ins: repeated 0.00% frozen 0.00%, 0 late inputs | per client-tick: 1426 B (near 418 B, 99% deltas), near 64.0 mid 86.0 far 0.0, far skipped 0 starved 0 | input wait p50 49.6 p99 66.2 ms | 0 joins deferred | kernel drops rcv 0 snd 0
         p50/p99 ms: ingress 0.67/1.04  events 1.26/1.54  movement 0.46/0.54  grid 0.21/0.26  separate 0.36/0.42  history 0.01/0.02  shots 0.02/0.03  serialize 0.19/0.25  assembly 1.52/2.17  transport 0.82/1.18  egress 1.78/2.14
[   60s] clients 3000 | level 0 (0-0 in window: 30 Hz, dilation 1.0), pace 1.00, 0.0% clients bandwidth-degraded | tick p50 7.38 p99 8.11 max 8.20 ms, 0 overruns | out 180.0k pps 359 kbps/client, 1077 Mbps | in 90.0k pps 15 kbps/client, 43.6 per recv, receive thread busy 10% | stand-ins: repeated 0.00% frozen 0.00%, 0 late inputs | per client-tick: 1426 B (near 418 B, 99% deltas), near 64.0 mid 86.0 far 0.0, far skipped 0 starved 0 | input wait p50 49.6 p99 66.2 ms | 0 joins deferred | kernel drops rcv 0 snd 0
         p50/p99 ms: ingress 0.67/0.83  events 1.26/1.52  movement 0.43/0.68  grid 0.21/0.24  separate 0.36/0.42  history 0.01/0.02  shots 0.02/0.03  serialize 0.19/0.23  assembly 1.53/2.17  transport 0.83/1.14  egress 1.80/2.17
[   61s] clients 0 | level 0 (0-0 in window: 30 Hz, dilation 1.0), pace 1.00, 0.0% clients bandwidth-degraded | tick p50 7.54 p99 14.03 max 14.03 ms, 0 overruns | out 153.7k pps 350 kbps/client, 919 Mbps | in 114.4k pps 18 kbps/client, 48.0 per recv, receive thread busy 12% | stand-ins: repeated 0.00% frozen 0.00%, 0 late inputs | per client-tick: 1425 B (near 417 B, 99% deltas), near 64.0 mid 86.0 far 0.0, far skipped 0 starved 0 | input wait p50 49.6 p99 66.2 ms | 0 joins deferred | kernel drops rcv 0 snd 0
         p50/p99 ms: ingress 0.68/3.27  events 1.23/9.61  movement 0.44/0.46  grid 0.20/0.23  separate 0.36/0.38  history 0.01/0.01  shots 0.02/0.06  serialize 0.18/0.20  assembly 1.58/1.81  transport 0.83/0.93  egress 1.77/2.12

== summary: 1709 steady-state ticks (after warmup, before clients drain), peak 3000 clients ==
  phase        p50 ms   p99 ms   max ms
  ingress        0.69     1.05     1.25
  events         1.28     1.65     1.85
  movement       0.46     0.65     0.79
  grid           0.22     0.30     0.34
  separate       0.37     0.50    24.05
  history        0.01     0.02     0.04
  shots          0.02     0.04     0.11
  serialize      0.19     0.25     0.30
  assembly       1.56     2.37     3.22
  transport      0.87     1.28     1.52
  egress         1.80     2.22     2.52
  tick           7.56     8.91    30.50
  overruns 0 | spawns 3000 despawns 3000 (4881 joins deferred) | deaths 0 respawns 0 | stand-ins: repeated 0 frozen 0 | late inputs 0 discarded 0 | bad messages 0 | recv errors 0 send errors 0
  egress (whole run): 10762294 datagrams in 5384147 sends (2.00 per send), 115200 syscalls
  ingress (whole run): 5396027 datagrams in 123207 receive calls (43.80 per call)
  ticks per ladder level (whole run): L0: 1816
  input wait on the server (datagram arrival -> applied): p50 49.6 p99 66.3 max 76.1 mean 49.3 ms
  steady state: stand-ins repeated 0 frozen 0 | late inputs 0 discarded 0
  rewind of near targets (applied step - the input's render step for that tier): p50 133 p99 167 max 200 mean 139.2 ms (n=5342587)
  rewind of mid/far targets (applied step - the input's render step for that tier): p50 267 p99 300 max 300 mean 272.2 ms (n=5342587)
  render times ahead of the server (bogus) 0
  shots 0 (late 0, refused 0, rewinds capped 0) | hits head 0 body 0 (after cover 0, too late 0), kills 0 | ground 0 cover 0 expired 0 | segments 0 candidates 0
