started=10000
welcomed=10000
failed=0
join_p50_ms=1120
join_p99_ms=2119
join_max_ms=3385
corrections=10787
corrections_per_bot_minute=1.079
correction_max_m=3.051
push_corrections=183980
push_corrections_per_bot_minute=18.398
push_max_m=1.094
snapshots=12155160
near_per_snapshot=28.3
mid_per_snapshot=48.4
far_per_snapshot=50.4
stale_snapshots=84872
resyncs=0
input_applied_p50_ms=135.0
input_applied_p99_ms=171.0
input_applied_mean_ms=135.0
server_wait_p50_ms=53.4
server_wait_p99_ms=90.2
server_wait_mean_ms=53.4
round_trip_p50_ms=233.0
round_trip_p99_ms=267.0
round_trip_mean_ms=237.1
slot_work_p50_ms=0.6
slot_work_p99_ms=3.5
slot_work_mean_ms=1.1
slot_late_p50_ms=0.0
slot_late_p99_ms=0.1
slot_late_mean_ms=0.0
near_interval_p50_ms=66.0
near_interval_p99_ms=266.0
near_interval_mean_ms=67.7
mid_interval_p50_ms=100.0
mid_interval_p99_ms=500.0
mid_interval_mean_ms=141.9
far_interval_p50_ms=500.0
far_interval_p99_ms=1500.0
far_interval_mean_ms=633.3
slot_late_max_ms=69.3
near_interpolated_pct=92.26
near_extrapolated_pct=7.29
near_held_pct=0.26
near_new_pct=0.19
near_pop_p50_mm=0
near_pop_p99_mm=250
mid_interpolated_pct=84.96
mid_extrapolated_pct=10.91
mid_held_pct=2.72
mid_new_pct=1.42
mid_pop_p50_mm=0
mid_pop_p99_mm=1078
far_interpolated_pct=27.41
far_extrapolated_pct=54.73
far_held_pct=15.49
far_new_pct=2.37
far_pop_p50_mm=994
far_pop_p99_mm=9259
render_delay_ms=131.7
render_snaps=0
shots_seen=0
activity_cells=0
activity_shots=0
ambient=0
streak_frames_per_million=29438
clock_slewing_pct=45.34
delay_changes=1090
render_backwards=0
clock_extra=89198
clock_skipped=70247
backlog_skips=91
near_decode_errors=0
bytes_down_mb=17435.0
bytes_up_mb=1108.2
swarm_busy_pct=27
swarm_overruns=576
