preallocated connections for 10000 clients in 249.598174ms
listening on 172.31.17.93:40500 | spawn Blob | tiers near 64@150 m, mid 500 m, far 1500 m, budget 6250 B/tick, squads of 4 | 64 rayon threads, 64 shards, 1 socket(s), 256 accepts/tick, egress SendMmsg, ingress RecvMmsg | socket buffers rcv 32768 KiB snd 32768 KiB
[    5s] clients 10000 | level 0 (0-0 in window: 30 Hz, dilation 1.0), pace 1.00, 0.0% clients bandwidth-degraded | tick p50 9.24 p99 18.60 max 18.70 ms, 0 overruns | out 191.6k pps 342 kbps/client, 1352 Mbps | in 118.9k pps 22 kbps/client, 55.3 per recv, receive thread busy 14% | stand-ins: repeated 0.94% frozen 0.28%, 5513 late inputs | per client-tick: 1363 B (near 276 B, 85% deltas), near 31.0 mid 50.0 far 42.9, far skipped 0 starved 0 | input wait p50 49.8 p99 90.2 ms | 47715 joins deferred | kernel drops rcv 0 snd 0
         p50/p99 ms: ingress 1.12/7.08  events 2.02/5.12  movement 0.17/1.08  grid 0.19/0.58  separate 0.15/0.75  history 0.01/0.15  shots 0.02/0.26  serialize 0.07/0.64  assembly 1.10/4.55  transport 0.67/2.34  egress 1.13/3.88
[   10s] clients 10000 | level 0 (0-0 in window: 30 Hz, dilation 1.0), pace 1.00, 0.0% clients bandwidth-degraded | tick p50 17.25 p99 18.70 max 18.94 ms, 0 overruns | out 456.5k pps 341 kbps/client, 3409 Mbps | in 295.0k pps 15 kbps/client, 58.9 per recv, receive thread busy 30% | stand-ins: repeated 0.88% frozen 0.76%, 24984 late inputs | per client-tick: 1368 B (near 225 B, 98% deltas), near 27.9 mid 47.8 far 50.1, far skipped 0 starved 0 | input wait p50 52.9 p99 91.0 ms | 0 joins deferred | kernel drops rcv 0 snd 0
         p50/p99 ms: ingress 1.18/1.83  events 3.88/4.69  movement 0.99/1.15  grid 0.48/0.59  separate 0.57/0.96  history 0.03/0.06  shots 0.07/0.27  serialize 0.32/0.51  assembly 3.84/4.69  transport 2.09/2.69  egress 3.48/4.80
[   15s] clients 10000 | level 0 (0-0 in window: 30 Hz, dilation 1.0), pace 1.00, 0.0% clients bandwidth-degraded | tick p50 17.19 p99 18.99 max 19.29 ms, 0 overruns | out 456.4k pps 341 kbps/client, 3409 Mbps | in 295.8k pps 15 kbps/client, 58.7 per recv, receive thread busy 29% | stand-ins: repeated 0.09% frozen 0.00%, 1427 late inputs | per client-tick: 1367 B (near 225 B, 98% deltas), near 27.9 mid 47.8 far 50.1, far skipped 0 starved 0 | input wait p50 53.6 p99 89.5 ms | 0 joins deferred | kernel drops rcv 0 snd 0
         p50/p99 ms: ingress 1.20/2.42  events 3.88/4.71  movement 1.00/1.24  grid 0.48/0.60  separate 0.57/0.85  history 0.03/0.06  shots 0.07/0.28  serialize 0.30/0.39  assembly 3.87/4.91  transport 2.12/2.48  egress 3.47/4.63
[   20s] clients 10000 | level 0 (0-0 in window: 30 Hz, dilation 1.0), pace 1.00, 0.0% clients bandwidth-degraded | tick p50 17.19 p99 18.91 max 19.15 ms, 0 overruns | out 456.1k pps 341 kbps/client, 3407 Mbps | in 295.9k pps 15 kbps/client, 58.9 per recv, receive thread busy 29% | stand-ins: repeated 0.10% frozen 0.00%, 1451 late inputs | per client-tick: 1367 B (near 225 B, 98% deltas), near 27.9 mid 47.8 far 50.1, far skipped 0 starved 0 | input wait p50 53.5 p99 89.9 ms | 0 joins deferred | kernel drops rcv 0 snd 0
         p50/p99 ms: ingress 1.19/2.39  events 3.89/4.70  movement 0.98/1.22  grid 0.48/0.58  separate 0.58/1.21  history 0.03/0.06  shots 0.07/0.27  serialize 0.32/0.60  assembly 3.84/4.76  transport 2.09/2.49  egress 3.49/4.60
[   25s] clients 10000 | level 0 (0-0 in window: 30 Hz, dilation 1.0), pace 1.00, 0.0% clients bandwidth-degraded | tick p50 17.13 p99 18.52 max 18.62 ms, 0 overruns | out 455.9k pps 341 kbps/client, 3407 Mbps | in 295.7k pps 15 kbps/client, 58.9 per recv, receive thread busy 29% | stand-ins: repeated 0.11% frozen 0.01%, 1572 late inputs | per client-tick: 1367 B (near 225 B, 98% deltas), near 27.9 mid 47.8 far 50.1, far skipped 0 starved 0 | input wait p50 53.6 p99 90.3 ms | 0 joins deferred | kernel drops rcv 0 snd 0
         p50/p99 ms: ingress 1.18/2.46  events 3.87/4.75  movement 0.99/1.23  grid 0.48/0.57  separate 0.57/0.86  history 0.03/0.07  shots 0.07/0.31  serialize 0.31/0.42  assembly 3.84/4.50  transport 2.10/2.38  egress 3.47/4.69
[   30s] clients 10000 | level 0 (0-0 in window: 30 Hz, dilation 1.0), pace 1.00, 0.0% clients bandwidth-degraded | tick p50 17.15 p99 18.70 max 19.03 ms, 0 overruns | out 456.1k pps 341 kbps/client, 3409 Mbps | in 295.8k pps 15 kbps/client, 58.8 per recv, receive thread busy 30% | stand-ins: repeated 0.10% frozen 0.00%, 1494 late inputs | per client-tick: 1367 B (near 225 B, 98% deltas), near 27.9 mid 47.8 far 50.1, far skipped 0 starved 0 | input wait p50 53.5 p99 90.0 ms | 0 joins deferred | kernel drops rcv 0 snd 0
         p50/p99 ms: ingress 1.17/2.41  events 3.93/4.89  movement 0.99/1.24  grid 0.48/0.56  separate 0.57/0.85  history 0.03/0.06  shots 0.07/0.29  serialize 0.30/0.40  assembly 3.87/4.64  transport 2.12/2.49  egress 3.47/4.61
[   35s] clients 10000 | level 0 (0-0 in window: 30 Hz, dilation 1.0), pace 1.00, 0.0% clients bandwidth-degraded | tick p50 17.17 p99 18.91 max 19.13 ms, 0 overruns | out 456.1k pps 341 kbps/client, 3408 Mbps | in 295.7k pps 15 kbps/client, 58.6 per recv, receive thread busy 29% | stand-ins: repeated 0.10% frozen 0.00%, 1514 late inputs | per client-tick: 1367 B (near 225 B, 98% deltas), near 27.9 mid 47.8 far 50.1, far skipped 0 starved 0 | input wait p50 53.4 p99 89.9 ms | 0 joins deferred | kernel drops rcv 0 snd 0
         p50/p99 ms: ingress 1.18/2.17  events 3.88/4.87  movement 0.99/1.18  grid 0.48/0.58  separate 0.58/0.94  history 0.03/0.05  shots 0.07/0.27  serialize 0.31/0.66  assembly 3.82/4.62  transport 2.09/2.48  egress 3.48/4.72
[   40s] clients 10000 | level 0 (0-0 in window: 30 Hz, dilation 1.0), pace 1.00, 0.0% clients bandwidth-degraded | tick p50 17.10 p99 18.80 max 18.81 ms, 0 overruns | out 456.2k pps 341 kbps/client, 3409 Mbps | in 295.7k pps 15 kbps/client, 58.6 per recv, receive thread busy 29% | stand-ins: repeated 0.10% frozen 0.00%, 1479 late inputs | per client-tick: 1367 B (near 224 B, 98% deltas), near 27.9 mid 47.8 far 50.1, far skipped 0 starved 0 | input wait p50 53.5 p99 90.0 ms | 0 joins deferred | kernel drops rcv 0 snd 0
         p50/p99 ms: ingress 1.18/2.37  events 3.88/4.72  movement 1.00/1.16  grid 0.48/0.57  separate 0.57/0.99  history 0.03/0.06  shots 0.07/0.27  serialize 0.31/0.60  assembly 3.86/4.92  transport 2.09/2.45  egress 3.47/4.11
[   45s] clients 10000 | level 0 (0-0 in window: 30 Hz, dilation 1.0), pace 1.00, 0.0% clients bandwidth-degraded | tick p50 17.10 p99 19.00 max 19.94 ms, 0 overruns | out 456.2k pps 341 kbps/client, 3408 Mbps | in 295.8k pps 15 kbps/client, 58.8 per recv, receive thread busy 30% | stand-ins: repeated 0.10% frozen 0.00%, 1538 late inputs | per client-tick: 1367 B (near 224 B, 98% deltas), near 27.9 mid 47.8 far 50.1, far skipped 0 starved 0 | input wait p50 53.5 p99 89.9 ms | 0 joins deferred | kernel drops rcv 0 snd 0
         p50/p99 ms: ingress 1.18/2.54  events 3.88/4.70  movement 1.00/1.16  grid 0.48/0.59  separate 0.57/0.90  history 0.03/0.05  shots 0.07/0.27  serialize 0.31/0.54  assembly 3.84/4.88  transport 2.08/2.48  egress 3.43/4.54
[   50s] clients 10000 | level 0 (0-0 in window: 30 Hz, dilation 1.0), pace 1.00, 0.0% clients bandwidth-degraded | tick p50 17.22 p99 18.95 max 19.05 ms, 0 overruns | out 456.2k pps 341 kbps/client, 3408 Mbps | in 295.8k pps 15 kbps/client, 58.8 per recv, receive thread busy 30% | stand-ins: repeated 0.10% frozen 0.00%, 1518 late inputs | per client-tick: 1367 B (near 224 B, 98% deltas), near 27.9 mid 47.8 far 50.1, far skipped 0 starved 0 | input wait p50 53.6 p99 90.2 ms | 0 joins deferred | kernel drops rcv 0 snd 0
         p50/p99 ms: ingress 1.19/2.40  events 3.90/4.79  movement 1.00/1.24  grid 0.48/0.59  separate 0.59/0.85  history 0.03/0.06  shots 0.07/0.28  serialize 0.31/0.55  assembly 3.85/4.54  transport 2.11/2.50  egress 3.46/4.59
[   55s] clients 10000 | level 0 (0-0 in window: 30 Hz, dilation 1.0), pace 1.00, 0.0% clients bandwidth-degraded | tick p50 17.23 p99 19.26 max 19.38 ms, 0 overruns | out 456.1k pps 341 kbps/client, 3409 Mbps | in 295.7k pps 15 kbps/client, 58.6 per recv, receive thread busy 29% | stand-ins: repeated 0.10% frozen 0.00%, 1484 late inputs | per client-tick: 1368 B (near 225 B, 98% deltas), near 27.9 mid 47.8 far 50.2, far skipped 0 starved 0 | input wait p50 53.6 p99 90.1 ms | 0 joins deferred | kernel drops rcv 0 snd 0
         p50/p99 ms: ingress 1.19/2.38  events 3.88/4.94  movement 1.00/1.19  grid 0.48/0.61  separate 0.56/1.06  history 0.03/0.06  shots 0.07/0.27  serialize 0.30/0.54  assembly 3.90/4.92  transport 2.10/2.52  egress 3.46/4.71
[   60s] clients 10000 | level 0 (0-0 in window: 30 Hz, dilation 1.0), pace 1.00, 0.0% clients bandwidth-degraded | tick p50 17.27 p99 18.96 max 19.00 ms, 0 overruns | out 456.0k pps 341 kbps/client, 3410 Mbps | in 295.8k pps 15 kbps/client, 58.7 per recv, receive thread busy 30% | stand-ins: repeated 0.10% frozen 0.00%, 1515 late inputs | per client-tick: 1368 B (near 224 B, 98% deltas), near 27.9 mid 47.8 far 50.2, far skipped 0 starved 0 | input wait p50 53.6 p99 90.2 ms | 0 joins deferred | kernel drops rcv 0 snd 0
         p50/p99 ms: ingress 1.18/2.43  events 3.92/4.82  movement 1.00/1.17  grid 0.48/0.59  separate 0.57/0.84  history 0.03/0.05  shots 0.07/0.28  serialize 0.31/0.55  assembly 3.83/4.62  transport 2.11/2.47  egress 3.48/4.29
[   65s] clients 5671 | level 0 (0-0 in window: 30 Hz, dilation 1.0), pace 1.00, 0.0% clients bandwidth-degraded | tick p50 9.58 p99 19.15 max 24.14 ms, 0 overruns | out 322.9k pps 319 kbps/client, 2341 Mbps | in 117.2k pps 8 kbps/client, 59.1 per recv, receive thread busy 12% | stand-ins: repeated 1.08% frozen 45.49%, 579 late inputs | per client-tick: 1275 B (near 279 B, 63% deltas), near 26.2 mid 43.7 far 41.0, far skipped 0 starved 0 | input wait p50 53.5 p99 90.2 ms | 0 joins deferred | kernel drops rcv 0 snd 0
         p50/p99 ms: ingress 0.52/2.47  events 0.00/5.07  movement 0.58/1.14  grid 0.52/0.58  separate 0.57/1.04  history 0.03/0.07  shots 0.14/0.28  serialize 0.32/0.41  assembly 2.06/4.45  transport 1.36/2.35  egress 3.41/4.60
[   67s] clients 0 | level 0 (0-0 in window: 30 Hz, dilation 1.0), pace 1.00, 0.0% clients bandwidth-degraded | tick p50 8.93 p99 19.65 max 19.65 ms, 0 overruns | out 234.0k pps 299 kbps/client, 1636 Mbps | in 0.0k pps 0 kbps/client, 0.0 per recv, receive thread busy 0% | stand-ins: repeated 0.00% frozen 100.00%, 0 late inputs | per client-tick: 1193 B (near 361 B, 0% deltas), near 24.3 mid 39.1 far 30.6, far skipped 0 starved 0 | input wait p50 0.0 p99 0.0 ms | 0 joins deferred | kernel drops rcv 0 snd 0
         p50/p99 ms: ingress 0.51/4.21  events 0.00/12.24  movement 0.52/0.65  grid 0.53/0.58  separate 0.56/0.79  history 0.03/0.06  shots 0.14/0.28  serialize 0.32/0.40  assembly 1.43/2.23  transport 1.17/1.46  egress 3.35/4.13

== summary: 1706 steady-state ticks (after warmup, before clients drain), peak 10000 clients ==
  phase        p50 ms   p99 ms   max ms
  ingress        1.18     2.42     2.65
  events         3.89     4.82     5.62
  movement       1.00     1.19     1.39
  grid           0.48     0.59     0.68
  separate       0.57     0.96     1.37
  history        0.03     0.06     0.08
  shots          0.07     0.28     0.51
  serialize      0.31     0.54     0.79
  assembly       3.85     4.77     5.49
  transport      2.10     2.48     2.75
  egress         3.47     4.63     5.00
  tick          17.20    18.94    19.94
  overruns 0 | spawns 10000 despawns 10000 (47715 joins deferred) | deaths 0 respawns 0 | stand-ins: repeated 44832 frozen 840131 | late inputs 46068 discarded 0 | bad messages 0 | recv errors 0 send errors 0
  egress (whole run): 28254308 datagrams in 28254308 sends (1.00 per send), 145678 syscalls
  ingress (whole run): 17528153 datagrams in 298884 receive calls (58.65 per call)
  ticks per ladder level (whole run): L0: 2019
  input wait on the server (datagram arrival -> applied): p50 53.5 p99 90.1 max 152.7 mean 53.5 ms
  steady state: stand-ins repeated 22746 frozen 8945 | late inputs 34262 discarded 0
  rewind of near targets (applied step - the input's render step for that tier): p50 285 p99 367 max 420 mean 287.9 ms (n=16540165)
  rewind of mid/far targets (applied step - the input's render step for that tier): p50 416 p99 443 max 509 mean 417.9 ms (n=16540165)
  render times ahead of the server (bogus) 0
  shots 0 (late 0, refused 0, rewinds capped 0) | hits head 0 body 0 (after cover 0, too late 0), kills 0 | ground 0 cover 0 expired 0 | segments 0 candidates 0
