spawn=blob
egress=sendmmsg
ingress=recvmmsg
rx_gather_us=1000
ladder=on
threads=64
shards=64
sockets=1
peak_clients=10000
steady_ticks=1706
steady_secs=56.9
ingress_p50_ms=1.18
ingress_p99_ms=2.42
ingress_max_ms=2.65
events_p50_ms=3.89
events_p99_ms=4.82
events_max_ms=5.62
movement_p50_ms=1.00
movement_p99_ms=1.19
movement_max_ms=1.39
grid_p50_ms=0.48
grid_p99_ms=0.59
grid_max_ms=0.68
separate_p50_ms=0.57
separate_p99_ms=0.96
separate_max_ms=1.37
history_p50_ms=0.03
history_p99_ms=0.06
history_max_ms=0.08
shots_p50_ms=0.07
shots_p99_ms=0.28
shots_max_ms=0.51
serialize_p50_ms=0.31
serialize_p99_ms=0.54
serialize_max_ms=0.79
assembly_p50_ms=3.85
assembly_p99_ms=4.77
assembly_max_ms=5.49
transport_p50_ms=2.10
transport_p99_ms=2.48
transport_max_ms=2.75
egress_p50_ms=3.47
egress_p99_ms=4.63
egress_max_ms=5.00
tick_p50_ms=17.20
tick_p99_ms=18.94
tick_max_ms=19.94
steady_overruns=0
level_mode=0
tick_hz=30
dilation=1
levels=L0:1706
clients_avg=10000
out_pps=456297
in_pps=295987
egress_mbps=3409.5
packets_per_client_tick=1.52
wire_bytes_per_client_tick=1420
down_kbps_per_client=340.9
up_kbps_per_client=14.9
recv_per_call=58.78
ingress_thread_busy_max_pct=29.5
ingress_thread_busy_mean_pct=29.5
kernel_rcvbuf_drops=0
kernel_sndbuf_drops=0
snapshot_bytes_per_client_tick=1367
near_bytes_per_client_tick=225
activity_bytes_per_client_tick=0.0
near_per_client_tick=27.9
mid_per_client_tick=47.8
far_per_client_tick=50.1
near_scanned_per_query=79
mid_scanned_per_query=109
far_skipped=0
far_starved=0
repeated=22746
frozen=8945
late_inputs=34262
discarded_inputs=0
input_wait_p10_ms=33.7
input_wait_p50_ms=53.5
input_wait_p90_ms=73.3
input_wait_p99_ms=90.1
spawns=10000
despawns=10000
deaths=0
respawns=0
shots=0
shots_late=0
shots_refused=0
rewinds_capped=0
rewinds_trimmed=0
hits_head=0
hits_body=0
hits_ground=0
hits_cover=0
projectiles_expired=0
kills=0
hits_after_cover=0
hits_too_late=0
events=0
tracer_bytes=0
activity_cells=0
activity_sent=0
activity_bytes=0
activity_cut=0
projectile_segments=0
hit_candidates=0
joins_deferred=47715
bad_messages=0
recv_errors=0
send_errors=0
datagrams=28254308
sends=28254308
send_syscalls=145678
rewind_near_p50_ms=285
rewind_near_p99_ms=367
rewind_near_mean_ms=287.9
rewind_mid_p50_ms=416
rewind_mid_p99_ms=443
rewind_mid_mean_ms=417.9
ingress_longest_p50_ms=0.73
ingress_work_p50_ms=37.06
assembly_longest_p50_ms=2.79
assembly_work_p50_ms=131.20
transport_longest_p50_ms=1.73
transport_work_p50_ms=86.51
egress_longest_p50_ms=3.28
egress_work_p50_ms=106.79
