3000 bots -> 172.31.17.93:40500 on 28 threads x 8 slots, ramp 0/s, 60s, 3000 full + 0 sink bots
[    5s] bots 3000/3000 connected, 3000 welcomed, 0 failed | 25.3 snaps/s/bot, entities/snap near 64.5 mid 86.7 far 0.0 | corrections 0.000/s/bot | down 307 up 13 kbps/bot | rtt 6.3 ms loss 0.00% | input->applied ~ p50 54 p99 69 ms, round trip p50 67 p99 100 ms | joins 3000 (p50 284 p99 677 ms) | server pace 1.00 level 0, 0 bots bandwidth-degraded | swarm busy 7%, overruns 210
[   10s] bots 3000/3000 connected, 3000 welcomed, 0 failed | 30.1 snaps/s/bot, entities/snap near 64.0 mid 86.0 far 0.0 | corrections 0.000/s/bot | down 360 up 15 kbps/bot | rtt 6.3 ms loss 0.00% | input->applied ~ p50 52 p99 69 ms, round trip p50 67 p99 100 ms | joins 0 (p50 0 p99 0 ms) | server pace 1.00 level 0, 0 bots bandwidth-degraded | swarm busy 6%, overruns 0
[   15s] bots 3000/3000 connected, 3000 welcomed, 0 failed | 30.2 snaps/s/bot, entities/snap near 64.0 mid 86.0 far 0.0 | corrections 0.000/s/bot | down 360 up 15 kbps/bot | rtt 6.4 ms loss 0.00% | input->applied ~ p50 52 p99 69 ms, round trip p50 67 p99 100 ms | joins 0 (p50 0 p99 0 ms) | server pace 1.00 level 0, 0 bots bandwidth-degraded | swarm busy 6%, overruns 0
[   20s] bots 3000/3000 connected, 3000 welcomed, 0 failed | 30.2 snaps/s/bot, entities/snap near 64.0 mid 86.0 far 0.0 | corrections 0.000/s/bot | down 360 up 15 kbps/bot | rtt 6.5 ms loss 0.00% | input->applied ~ p50 52 p99 69 ms, round trip p50 67 p99 100 ms | joins 0 (p50 0 p99 0 ms) | server pace 1.00 level 0, 0 bots bandwidth-degraded | swarm busy 6%, overruns 0
[   25s] bots 3000/3000 connected, 3000 welcomed, 0 failed | 30.1 snaps/s/bot, entities/snap near 64.0 mid 86.0 far 0.0 | corrections 0.000/s/bot | down 360 up 15 kbps/bot | rtt 6.5 ms loss 0.00% | input->applied ~ p50 52 p99 69 ms, round trip p50 67 p99 100 ms | joins 0 (p50 0 p99 0 ms) | server pace 1.00 level 0, 0 bots bandwidth-degraded | swarm busy 6%, overruns 0
[   30s] bots 3000/3000 connected, 3000 welcomed, 0 failed | 30.1 snaps/s/bot, entities/snap near 64.0 mid 86.0 far 0.0 | corrections 0.000/s/bot | down 360 up 15 kbps/bot | rtt 6.3 ms loss 0.00% | input->applied ~ p50 52 p99 69 ms, round trip p50 67 p99 100 ms | joins 0 (p50 0 p99 0 ms) | server pace 1.00 level 0, 0 bots bandwidth-degraded | swarm busy 6%, overruns 0
[   35s] bots 3000/3000 connected, 3000 welcomed, 0 failed | 30.1 snaps/s/bot, entities/snap near 64.0 mid 86.0 far 0.0 | corrections 0.000/s/bot | down 360 up 15 kbps/bot | rtt 6.4 ms loss 0.00% | input->applied ~ p50 52 p99 69 ms, round trip p50 67 p99 100 ms | joins 0 (p50 0 p99 0 ms) | server pace 1.00 level 0, 0 bots bandwidth-degraded | swarm busy 6%, overruns 0
[   40s] bots 3000/3000 connected, 3000 welcomed, 0 failed | 30.1 snaps/s/bot, entities/snap near 64.0 mid 86.0 far 0.0 | corrections 0.000/s/bot | down 359 up 15 kbps/bot | rtt 6.4 ms loss 0.00% | input->applied ~ p50 52 p99 69 ms, round trip p50 67 p99 100 ms | joins 0 (p50 0 p99 0 ms) | server pace 1.00 level 0, 0 bots bandwidth-degraded | swarm busy 6%, overruns 0
[   45s] bots 3000/3000 connected, 3000 welcomed, 0 failed | 30.1 snaps/s/bot, entities/snap near 64.0 mid 86.0 far 0.0 | corrections 0.000/s/bot | down 359 up 15 kbps/bot | rtt 6.5 ms loss 0.00% | input->applied ~ p50 52 p99 69 ms, round trip p50 67 p99 100 ms | joins 0 (p50 0 p99 0 ms) | server pace 1.00 level 0, 0 bots bandwidth-degraded | swarm busy 6%, overruns 0
[   50s] bots 3000/3000 connected, 3000 welcomed, 0 failed | 30.1 snaps/s/bot, entities/snap near 64.0 mid 86.0 far 0.0 | corrections 0.000/s/bot | down 360 up 15 kbps/bot | rtt 6.3 ms loss 0.00% | input->applied ~ p50 52 p99 69 ms, round trip p50 67 p99 100 ms | joins 0 (p50 0 p99 0 ms) | server pace 1.00 level 0, 0 bots bandwidth-degraded | swarm busy 6%, overruns 0
[   55s] bots 3000/3000 connected, 3000 welcomed, 0 failed | 30.1 snaps/s/bot, entities/snap near 64.0 mid 86.0 far 0.0 | corrections 0.000/s/bot | down 359 up 15 kbps/bot | rtt 6.5 ms loss 0.00% | input->applied ~ p50 52 p99 69 ms, round trip p50 67 p99 100 ms | joins 0 (p50 0 p99 0 ms) | server pace 1.00 level 0, 0 bots bandwidth-degraded | swarm busy 6%, overruns 0
[   60s] bots 3000/3000 connected, 3000 welcomed, 0 failed | 30.2 snaps/s/bot, entities/snap near 64.0 mid 86.0 far 0.0 | corrections 0.000/s/bot | down 360 up 15 kbps/bot | rtt 6.5 ms loss 0.00% | input->applied ~ p50 52 p99 69 ms, round trip p50 67 p99 100 ms | joins 0 (p50 0 p99 0 ms) | server pace 1.00 level 0, 0 bots bandwidth-degraded | swarm busy 6%, overruns 0

== bots summary ==
  started 3000 welcomed 3000 failed 0
  join latency ms: p50 284 p99 677 max 812 (n=3000)
  corrections 0 (0.00/bot-minute), mean error 0.000 m, max 0.000 m
  push corrections (the server pushed us apart from a crowd) 239768 (79.92/bot-minute), max 0.250 m
  snapshots 5372695 (entities per snapshot: near 64.0 mid 86.0 far 0.0), stale 0, unmatched acks 0, resyncs 0
  input -> applied on server (est. RTT/2 + server wait): p50 52.0 p99 69.0 max 82.0 mean 53.0 ms (n=5371768)
    of which server wait (arrival -> applied): p50 48.9 p99 65.6 max 78.2 mean 49.8 ms (n=5371768)
  input -> seen acked (round trip): p50 67.0 p99 100.0 max 118.0 mean 73.4 ms (n=5371768)
  near entity update interval (tracked bots): p50 66.0 p99 66.0 max 133.0 mean 53.3 ms (n=17170472)
  mid entity update interval (tracked bots): p50 100.0 p99 100.0 max 2200.0 mean 100.5 ms (n=22855862)
  far entity update interval (tracked bots): p50 0.0 p99 0.0 max 0.0 mean 0.0 ms (n=0)
  near drawn (tracked bots): 99.70% interpolated, 0.09% extrapolated, 0.00% held, 0.22% new | pops p50 0 p99 0 max 304 mm
  mid drawn (tracked bots): 92.15% interpolated, 2.57% extrapolated, 3.28% held, 2.01% new | pops p50 0 p99 0 max 18048 mm
  far drawn (tracked bots): 0.00% interpolated, 0.00% extrapolated, 0.00% held, 0.00% new | pops p50 0 p99 0 max 0 mm
  render delay (near) 79.9 ms behind the newest step, clock snaps 0 (backwards 0), slewing 3.22% of frames, near delay changes 152 | streak entity-frames (drawn > 20 m/s) 14009
  input clock: 3000 extra inputs, 125 skipped ticks, 0 backlog skips | near decode errors (tracked bots) 0
  bytes down 8020.1 MB up 338.6 MB | swarm busy 6% of its threads' time, tick overruns 210
