== blob, 3000 bots, 60s -> baselines/2026-10-07-aws-full/blob-3k-sendmmsg-2
== summary: 1709 steady-state ticks (after warmup, before clients drain), peak 3000 clients ==
  phase        p50 ms   p99 ms   max ms
  ingress        0.68     0.84     1.10
  events         1.27     1.61     1.75
  movement       0.45     0.69     0.78
  grid           0.22     0.29     0.47
  separate       0.36     0.42     0.63
  history        0.01     0.02     0.03
  shots          0.02     0.03     0.08
  serialize      0.19     0.23     0.25
  assembly       1.55     2.15     2.55
  transport      0.85     1.22     1.37
  egress         1.45     1.80     2.06
  tick           7.12     7.92     8.26
  overruns 0 | spawns 3000 despawns 3000 (5214 joins deferred) | deaths 0 respawns 0 | stand-ins: repeated 0 frozen 0 | late inputs 0 discarded 0 | bad messages 0 | recv errors 0 send errors 0
  egress (whole run): 10760780 datagrams in 10760780 sends (1.00 per send), 115200 syscalls
  ingress (whole run): 5395505 datagrams in 111861 receive calls (48.23 per call)
  ticks per ladder level (whole run): L0: 1816
  input wait on the server (datagram arrival -> applied): p50 48.9 p99 65.6 max 78.2 mean 49.8 ms
  steady state: stand-ins repeated 0 frozen 0 | late inputs 0 discarded 0
  rewind of near targets (applied step - the input's render step for that tier): p50 133 p99 167 max 200 mean 139.2 ms (n=5335711)
  rewind of mid/far targets (applied step - the input's render step for that tier): p50 267 p99 300 max 300 mean 272.3 ms (n=5335711)
  render times ahead of the server (bogus) 0
  shots 0 (late 0, refused 0, rewinds capped 0) | hits head 0 body 0 (after cover 0, too late 0), kills 0 | ground 0 cover 0 expired 0 | segments 0 candidates 0
== bots summary ==
  started 3000 welcomed 3000 failed 0
  join latency ms: p50 284 p99 677 max 812 (n=3000)
  corrections 0 (0.00/bot-minute), mean error 0.000 m, max 0.000 m
  push corrections (the server pushed us apart from a crowd) 239768 (79.92/bot-minute), max 0.250 m
  snapshots 5372695 (entities per snapshot: near 64.0 mid 86.0 far 0.0), stale 0, unmatched acks 0, resyncs 0
  input -> applied on server (est. RTT/2 + server wait): p50 52.0 p99 69.0 max 82.0 mean 53.0 ms (n=5371768)
    of which server wait (arrival -> applied): p50 48.9 p99 65.6 max 78.2 mean 49.8 ms (n=5371768)
  input -> seen acked (round trip): p50 67.0 p99 100.0 max 118.0 mean 73.4 ms (n=5371768)
  near entity update interval (tracked bots): p50 66.0 p99 66.0 max 133.0 mean 53.3 ms (n=17170472)
  mid entity update interval (tracked bots): p50 100.0 p99 100.0 max 2200.0 mean 100.5 ms (n=22855862)
  far entity update interval (tracked bots): p50 0.0 p99 0.0 max 0.0 mean 0.0 ms (n=0)
  near drawn (tracked bots): 99.70% interpolated, 0.09% extrapolated, 0.00% held, 0.22% new | pops p50 0 p99 0 max 304 mm
  mid drawn (tracked bots): 92.15% interpolated, 2.57% extrapolated, 3.28% held, 2.01% new | pops p50 0 p99 0 max 18048 mm
  far drawn (tracked bots): 0.00% interpolated, 0.00% extrapolated, 0.00% held, 0.00% new | pops p50 0 p99 0 max 0 mm
  render delay (near) 79.9 ms behind the newest step, clock snaps 0 (backwards 0), slewing 3.22% of frames, near delay changes 152 | streak entity-frames (drawn > 20 m/s) 14009
  input clock: 3000 extra inputs, 125 skipped ticks, 0 backlog skips | near decode errors (tracked bots) 0
  bytes down 8020.1 MB up 338.6 MB | swarm busy 6% of its threads' time, tick overruns 210
