spawn=blob
egress=sendmmsg
ingress=recvmmsg
rx_gather_us=1000
ladder=on
threads=64
shards=64
sockets=1
peak_clients=3000
steady_ticks=1709
steady_secs=56.9
ingress_p50_ms=0.68
ingress_p99_ms=0.84
ingress_max_ms=1.10
events_p50_ms=1.27
events_p99_ms=1.61
events_max_ms=1.75
movement_p50_ms=0.45
movement_p99_ms=0.69
movement_max_ms=0.78
grid_p50_ms=0.22
grid_p99_ms=0.29
grid_max_ms=0.47
separate_p50_ms=0.36
separate_p99_ms=0.42
separate_max_ms=0.63
history_p50_ms=0.01
history_p99_ms=0.02
history_max_ms=0.03
shots_p50_ms=0.02
shots_p99_ms=0.03
shots_max_ms=0.08
serialize_p50_ms=0.19
serialize_p99_ms=0.23
serialize_max_ms=0.25
assembly_p50_ms=1.55
assembly_p99_ms=2.15
assembly_max_ms=2.55
transport_p50_ms=0.85
transport_p99_ms=1.22
transport_max_ms=1.37
egress_p50_ms=1.45
egress_p99_ms=1.80
egress_max_ms=2.06
tick_p50_ms=7.12
tick_p99_ms=7.92
tick_max_ms=8.26
steady_overruns=0
level_mode=0
tick_hz=30
dilation=1
levels=L0:1709
clients_avg=3000
out_pps=180084
in_pps=90169
egress_mbps=1074.0
packets_per_client_tick=2.00
wire_bytes_per_client_tick=1491
down_kbps_per_client=358.0
up_kbps_per_client=15.1
recv_per_call=48.26
ingress_thread_busy_max_pct=9.5
ingress_thread_busy_mean_pct=9.5
kernel_rcvbuf_drops=0
kernel_sndbuf_drops=0
snapshot_bytes_per_client_tick=1426
near_bytes_per_client_tick=418
activity_bytes_per_client_tick=0.0
near_per_client_tick=64.0
mid_per_client_tick=86.0
far_per_client_tick=0.0
near_scanned_per_query=228
mid_scanned_per_query=257
far_skipped=0
far_starved=0
repeated=0
frozen=0
late_inputs=0
discarded_inputs=0
input_wait_p10_ms=36.2
input_wait_p50_ms=48.9
input_wait_p90_ms=63.7
input_wait_p99_ms=65.6
spawns=3000
despawns=3000
deaths=0
respawns=0
shots=0
shots_late=0
shots_refused=0
rewinds_capped=0
rewinds_trimmed=0
hits_head=0
hits_body=0
hits_ground=0
hits_cover=0
projectiles_expired=0
kills=0
hits_after_cover=0
hits_too_late=0
events=0
tracer_bytes=0
activity_cells=0
activity_sent=0
activity_bytes=0
activity_cut=0
projectile_segments=0
hit_candidates=0
joins_deferred=5214
bad_messages=0
recv_errors=0
send_errors=0
datagrams=10760780
sends=10760780
send_syscalls=115200
rewind_near_p50_ms=133
rewind_near_p99_ms=167
rewind_near_mean_ms=139.2
rewind_mid_p50_ms=267
rewind_mid_p99_ms=300
rewind_mid_mean_ms=272.3
ingress_longest_p50_ms=0.22
ingress_work_p50_ms=9.88
assembly_longest_p50_ms=1.02
assembly_work_p50_ms=47.56
transport_longest_p50_ms=0.55
transport_work_p50_ms=24.32
egress_longest_p50_ms=1.35
egress_work_p50_ms=41.12
