preallocated connections for 10000 clients in 249.090062ms
listening on 172.31.17.93:40500 | spawn Blob | tiers near 64@150 m, mid 500 m, far 1500 m, budget 6250 B/tick, squads of 4 | 64 rayon threads, 64 shards, 1 socket(s), 256 accepts/tick, egress SendMmsg, ingress RecvMmsg | socket buffers rcv 32768 KiB snd 32768 KiB
[    5s] clients 3000 | level 0 (0-0 in window: 30 Hz, dilation 1.0), pace 1.00, 0.0% clients bandwidth-degraded | tick p50 7.17 p99 8.53 max 8.82 ms, 0 overruns | out 155.1k pps 363 kbps/client, 926 Mbps | in 78.5k pps 17 kbps/client, 47.9 per recv, receive thread busy 8% | stand-ins: repeated 0.00% frozen 0.00%, 0 late inputs | per client-tick: 1438 B (near 431 B, 97% deltas), near 64.0 mid 86.0 far 0.0, far skipped 0 starved 0 | input wait p50 49.3 p99 66.1 ms | 5214 joins deferred | kernel drops rcv 0 snd 0
         p50/p99 ms: ingress 0.69/1.49  events 1.27/2.66  movement 0.44/0.70  grid 0.21/0.29  separate 0.36/0.42  history 0.01/0.05  shots 0.02/0.03  serialize 0.19/0.26  assembly 1.51/2.35  transport 0.84/1.22  egress 1.44/1.72
[   10s] clients 3000 | level 0 (0-0 in window: 30 Hz, dilation 1.0), pace 1.00, 0.0% clients bandwidth-degraded | tick p50 7.07 p99 7.72 max 8.01 ms, 0 overruns | out 180.0k pps 358 kbps/client, 1074 Mbps | in 90.0k pps 15 kbps/client, 48.3 per recv, receive thread busy 10% | stand-ins: repeated 0.00% frozen 0.00%, 0 late inputs | per client-tick: 1426 B (near 418 B, 99% deltas), near 64.0 mid 86.0 far 0.0, far skipped 0 starved 0 | input wait p50 48.9 p99 65.6 ms | 0 joins deferred | kernel drops rcv 0 snd 0
         p50/p99 ms: ingress 0.68/0.79  events 1.27/1.61  movement 0.44/0.72  grid 0.21/0.29  separate 0.36/0.42  history 0.01/0.02  shots 0.02/0.03  serialize 0.19/0.24  assembly 1.53/2.10  transport 0.84/1.17  egress 1.46/1.68
[   15s] clients 3000 | level 0 (0-0 in window: 30 Hz, dilation 1.0), pace 1.00, 0.0% clients bandwidth-degraded | tick p50 7.15 p99 8.04 max 8.05 ms, 0 overruns | out 180.0k pps 358 kbps/client, 1074 Mbps | in 90.0k pps 15 kbps/client, 48.2 per recv, receive thread busy 9% | stand-ins: repeated 0.00% frozen 0.00%, 0 late inputs | per client-tick: 1426 B (near 418 B, 99% deltas), near 64.0 mid 86.0 far 0.0, far skipped 0 starved 0 | input wait p50 48.9 p99 65.6 ms | 0 joins deferred | kernel drops rcv 0 snd 0
         p50/p99 ms: ingress 0.68/0.84  events 1.29/1.70  movement 0.45/0.69  grid 0.22/0.29  separate 0.36/0.42  history 0.01/0.02  shots 0.02/0.03  serialize 0.18/0.22  assembly 1.53/2.13  transport 0.84/1.27  egress 1.45/1.78
[   20s] clients 3000 | level 0 (0-0 in window: 30 Hz, dilation 1.0), pace 1.00, 0.0% clients bandwidth-degraded | tick p50 7.11 p99 7.88 max 7.94 ms, 0 overruns | out 180.0k pps 358 kbps/client, 1073 Mbps | in 90.0k pps 15 kbps/client, 48.2 per recv, receive thread busy 10% | stand-ins: repeated 0.00% frozen 0.00%, 0 late inputs | per client-tick: 1426 B (near 418 B, 99% deltas), near 64.0 mid 86.0 far 0.0, far skipped 0 starved 0 | input wait p50 48.9 p99 65.6 ms | 0 joins deferred | kernel drops rcv 0 snd 0
         p50/p99 ms: ingress 0.68/0.83  events 1.27/1.63  movement 0.45/0.72  grid 0.22/0.28  separate 0.37/0.43  history 0.01/0.02  shots 0.02/0.08  serialize 0.19/0.23  assembly 1.54/2.16  transport 0.84/1.17  egress 1.44/1.89
[   25s] clients 3000 | level 0 (0-0 in window: 30 Hz, dilation 1.0), pace 1.00, 0.0% clients bandwidth-degraded | tick p50 7.13 p99 8.11 max 8.25 ms, 0 overruns | out 180.0k pps 358 kbps/client, 1074 Mbps | in 90.0k pps 15 kbps/client, 48.4 per recv, receive thread busy 9% | stand-ins: repeated 0.00% frozen 0.00%, 0 late inputs | per client-tick: 1426 B (near 418 B, 99% deltas), near 64.0 mid 86.0 far 0.0, far skipped 0 starved 0 | input wait p50 48.9 p99 65.6 ms | 0 joins deferred | kernel drops rcv 0 snd 0
         p50/p99 ms: ingress 0.68/0.87  events 1.27/1.60  movement 0.45/0.69  grid 0.22/0.29  separate 0.36/0.42  history 0.01/0.02  shots 0.02/0.08  serialize 0.19/0.23  assembly 1.54/2.25  transport 0.85/1.16  egress 1.44/1.84
[   30s] clients 3000 | level 0 (0-0 in window: 30 Hz, dilation 1.0), pace 1.00, 0.0% clients bandwidth-degraded | tick p50 7.10 p99 7.93 max 8.26 ms, 0 overruns | out 180.0k pps 358 kbps/client, 1074 Mbps | in 90.0k pps 15 kbps/client, 48.2 per recv, receive thread busy 9% | stand-ins: repeated 0.00% frozen 0.00%, 0 late inputs | per client-tick: 1426 B (near 418 B, 99% deltas), near 64.0 mid 86.0 far 0.0, far skipped 0 starved 0 | input wait p50 48.9 p99 65.6 ms | 0 joins deferred | kernel drops rcv 0 snd 0
         p50/p99 ms: ingress 0.68/0.82  events 1.25/1.56  movement 0.43/0.70  grid 0.21/0.27  separate 0.36/0.42  history 0.01/0.02  shots 0.02/0.03  serialize 0.19/0.23  assembly 1.56/2.12  transport 0.85/1.23  egress 1.44/1.80
[   35s] clients 3000 | level 0 (0-0 in window: 30 Hz, dilation 1.0), pace 1.00, 0.0% clients bandwidth-degraded | tick p50 7.05 p99 8.09 max 8.14 ms, 0 overruns | out 180.0k pps 358 kbps/client, 1073 Mbps | in 90.0k pps 15 kbps/client, 48.3 per recv, receive thread busy 10% | stand-ins: repeated 0.00% frozen 0.00%, 0 late inputs | per client-tick: 1426 B (near 418 B, 99% deltas), near 64.0 mid 86.0 far 0.0, far skipped 0 starved 0 | input wait p50 48.9 p99 65.6 ms | 0 joins deferred | kernel drops rcv 0 snd 0
         p50/p99 ms: ingress 0.68/0.84  events 1.26/1.60  movement 0.45/0.63  grid 0.22/0.29  separate 0.36/0.44  history 0.01/0.02  shots 0.02/0.08  serialize 0.19/0.24  assembly 1.54/2.12  transport 0.82/1.26  egress 1.45/1.78
[   40s] clients 3000 | level 0 (0-0 in window: 30 Hz, dilation 1.0), pace 1.00, 0.0% clients bandwidth-degraded | tick p50 7.13 p99 7.73 max 7.99 ms, 0 overruns | out 180.0k pps 358 kbps/client, 1074 Mbps | in 90.0k pps 15 kbps/client, 48.2 per recv, receive thread busy 10% | stand-ins: repeated 0.00% frozen 0.00%, 0 late inputs | per client-tick: 1426 B (near 418 B, 99% deltas), near 64.0 mid 86.0 far 0.0, far skipped 0 starved 0 | input wait p50 48.9 p99 65.6 ms | 0 joins deferred | kernel drops rcv 0 snd 0
         p50/p99 ms: ingress 0.69/0.85  events 1.27/1.65  movement 0.45/0.58  grid 0.22/0.29  separate 0.36/0.40  history 0.01/0.02  shots 0.02/0.08  serialize 0.19/0.22  assembly 1.56/2.01  transport 0.85/1.25  egress 1.44/1.84
[   45s] clients 3000 | level 0 (0-0 in window: 30 Hz, dilation 1.0), pace 1.00, 0.0% clients bandwidth-degraded | tick p50 7.10 p99 7.80 max 7.85 ms, 0 overruns | out 180.0k pps 358 kbps/client, 1073 Mbps | in 90.0k pps 15 kbps/client, 48.2 per recv, receive thread busy 9% | stand-ins: repeated 0.00% frozen 0.00%, 0 late inputs | per client-tick: 1426 B (near 418 B, 99% deltas), near 64.0 mid 86.0 far 0.0, far skipped 0 starved 0 | input wait p50 48.9 p99 65.6 ms | 0 joins deferred | kernel drops rcv 0 snd 0
         p50/p99 ms: ingress 0.68/0.81  events 1.26/1.53  movement 0.44/0.68  grid 0.21/0.28  separate 0.36/0.43  history 0.01/0.02  shots 0.02/0.03  serialize 0.19/0.22  assembly 1.54/2.20  transport 0.85/1.18  egress 1.44/1.82
[   50s] clients 3000 | level 0 (0-0 in window: 30 Hz, dilation 1.0), pace 1.00, 0.0% clients bandwidth-degraded | tick p50 7.14 p99 7.99 max 8.08 ms, 0 overruns | out 180.0k pps 358 kbps/client, 1074 Mbps | in 90.0k pps 15 kbps/client, 48.1 per recv, receive thread busy 9% | stand-ins: repeated 0.00% frozen 0.00%, 0 late inputs | per client-tick: 1426 B (near 418 B, 99% deltas), near 64.0 mid 86.0 far 0.0, far skipped 0 starved 0 | input wait p50 48.9 p99 65.6 ms | 0 joins deferred | kernel drops rcv 0 snd 0
         p50/p99 ms: ingress 0.69/0.79  events 1.27/1.48  movement 0.45/0.63  grid 0.22/0.28  separate 0.36/0.42  history 0.01/0.02  shots 0.02/0.02  serialize 0.19/0.23  assembly 1.55/2.15  transport 0.85/1.25  egress 1.47/1.78
[   55s] clients 3000 | level 0 (0-0 in window: 30 Hz, dilation 1.0), pace 1.00, 0.0% clients bandwidth-degraded | tick p50 7.16 p99 7.89 max 7.92 ms, 0 overruns | out 180.0k pps 358 kbps/client, 1073 Mbps | in 90.0k pps 15 kbps/client, 48.2 per recv, receive thread busy 10% | stand-ins: repeated 0.00% frozen 0.00%, 0 late inputs | per client-tick: 1426 B (near 418 B, 99% deltas), near 64.0 mid 86.0 far 0.0, far skipped 0 starved 0 | input wait p50 48.9 p99 65.6 ms | 0 joins deferred | kernel drops rcv 0 snd 0
         p50/p99 ms: ingress 0.68/0.97  events 1.29/1.64  movement 0.45/0.65  grid 0.22/0.29  separate 0.37/0.42  history 0.01/0.02  shots 0.02/0.03  serialize 0.19/0.23  assembly 1.54/2.06  transport 0.86/1.23  egress 1.44/1.73
[   60s] clients 3000 | level 0 (0-0 in window: 30 Hz, dilation 1.0), pace 1.00, 0.0% clients bandwidth-degraded | tick p50 7.12 p99 7.80 max 7.86 ms, 0 overruns | out 180.0k pps 358 kbps/client, 1074 Mbps | in 90.0k pps 15 kbps/client, 48.3 per recv, receive thread busy 9% | stand-ins: repeated 0.00% frozen 0.00%, 0 late inputs | per client-tick: 1426 B (near 418 B, 99% deltas), near 64.0 mid 86.0 far 0.0, far skipped 0 starved 0 | input wait p50 48.9 p99 65.6 ms | 0 joins deferred | kernel drops rcv 0 snd 0
         p50/p99 ms: ingress 0.69/0.83  events 1.26/1.56  movement 0.44/0.65  grid 0.22/0.29  separate 0.36/0.44  history 0.01/0.02  shots 0.02/0.03  serialize 0.19/0.23  assembly 1.56/2.19  transport 0.84/1.24  egress 1.44/1.78
[   61s] clients 0 | level 0 (0-0 in window: 30 Hz, dilation 1.0), pace 1.00, 0.0% clients bandwidth-degraded | tick p50 7.22 p99 13.34 max 13.34 ms, 0 overruns | out 159.1k pps 351 kbps/client, 949 Mbps | in 109.4k pps 17 kbps/client, 51.6 per recv, receive thread busy 11% | stand-ins: repeated 0.00% frozen 0.00%, 0 late inputs | per client-tick: 1426 B (near 418 B, 99% deltas), near 64.0 mid 86.0 far 0.0, far skipped 0 starved 0 | input wait p50 48.9 p99 65.6 ms | 0 joins deferred | kernel drops rcv 0 snd 0
         p50/p99 ms: ingress 0.67/2.90  events 1.22/9.39  movement 0.44/0.71  grid 0.21/0.22  separate 0.36/0.37  history 0.01/0.02  shots 0.02/0.06  serialize 0.18/0.21  assembly 1.53/1.90  transport 0.86/1.14  egress 1.44/1.59

== summary: 1709 steady-state ticks (after warmup, before clients drain), peak 3000 clients ==
  phase        p50 ms   p99 ms   max ms
  ingress        0.68     0.84     1.10
  events         1.27     1.61     1.75
  movement       0.45     0.69     0.78
  grid           0.22     0.29     0.47
  separate       0.36     0.42     0.63
  history        0.01     0.02     0.03
  shots          0.02     0.03     0.08
  serialize      0.19     0.23     0.25
  assembly       1.55     2.15     2.55
  transport      0.85     1.22     1.37
  egress         1.45     1.80     2.06
  tick           7.12     7.92     8.26
  overruns 0 | spawns 3000 despawns 3000 (5214 joins deferred) | deaths 0 respawns 0 | stand-ins: repeated 0 frozen 0 | late inputs 0 discarded 0 | bad messages 0 | recv errors 0 send errors 0
  egress (whole run): 10760780 datagrams in 10760780 sends (1.00 per send), 115200 syscalls
  ingress (whole run): 5395505 datagrams in 111861 receive calls (48.23 per call)
  ticks per ladder level (whole run): L0: 1816
  input wait on the server (datagram arrival -> applied): p50 48.9 p99 65.6 max 78.2 mean 49.8 ms
  steady state: stand-ins repeated 0 frozen 0 | late inputs 0 discarded 0
  rewind of near targets (applied step - the input's render step for that tier): p50 133 p99 167 max 200 mean 139.2 ms (n=5335711)
  rewind of mid/far targets (applied step - the input's render step for that tier): p50 267 p99 300 max 300 mean 272.3 ms (n=5335711)
  render times ahead of the server (bogus) 0
  shots 0 (late 0, refused 0, rewinds capped 0) | hits head 0 body 0 (after cover 0, too late 0), kills 0 | ground 0 cover 0 expired 0 | segments 0 candidates 0
