started=3000
welcomed=3000
failed=0
join_p50_ms=278
join_p99_ms=669
join_max_ms=806
corrections=0
corrections_per_bot_minute=0.000
correction_max_m=0.000
push_corrections=324754
push_corrections_per_bot_minute=108.251
push_max_m=0.299
snapshots=5369646
near_per_snapshot=64.0
mid_per_snapshot=86.0
far_per_snapshot=0.0
stale_snapshots=0
resyncs=0
input_applied_p50_ms=58.0
input_applied_p99_ms=76.0
input_applied_mean_ms=58.2
server_wait_p50_ms=50.2
server_wait_p99_ms=66.6
server_wait_mean_ms=50.0
round_trip_p50_ms=67.0
round_trip_p99_ms=100.0
round_trip_mean_ms=83.2
slot_work_p50_ms=0.2
slot_work_p99_ms=0.9
slot_work_mean_ms=0.4
slot_late_p50_ms=0.0
slot_late_p99_ms=0.0
slot_late_mean_ms=0.0
near_interval_p50_ms=66.0
near_interval_p99_ms=66.0
near_interval_mean_ms=54.8
mid_interval_p50_ms=100.0
mid_interval_p99_ms=100.0
mid_interval_mean_ms=100.9
far_interval_p50_ms=0.0
far_interval_p99_ms=0.0
far_interval_mean_ms=0.0
slot_late_max_ms=33.2
near_interpolated_pct=94.58
near_extrapolated_pct=2.20
near_held_pct=2.07
near_new_pct=1.15
near_pop_p50_mm=0
near_pop_p99_mm=0
mid_interpolated_pct=84.13
mid_extrapolated_pct=5.51
mid_held_pct=6.28
mid_new_pct=4.08
mid_pop_p50_mm=0
mid_pop_p99_mm=0
far_interpolated_pct=0.00
far_extrapolated_pct=0.00
far_held_pct=0.00
far_new_pct=0.00
far_pop_p50_mm=0
far_pop_p99_mm=0
render_delay_ms=96.8
render_snaps=0
class0_fighters=300
class0_shots=73503
class0_hits=23566
class0_kills=5405
class0_hit_pct=32.1
class0_rtt_ms=17.5
shots_seen=12701627
activity_cells=710466
activity_shots=274576166
ambient=10703293
streak_frames_per_million=83
clock_slewing_pct=7.31
delay_changes=530
render_backwards=0
clock_extra=3548
clock_skipped=3141
backlog_skips=0
near_decode_errors=0
bytes_down_mb=8778.5
bytes_up_mb=363.5
swarm_busy_pct=10
swarm_overruns=182
