spawn=blob
egress=sendmmsg
ingress=recvmmsg
rx_gather_us=1000
ladder=on
threads=64
shards=64
sockets=1
peak_clients=3000
steady_ticks=1709
steady_secs=57.0
ingress_p50_ms=0.66
ingress_p99_ms=1.01
ingress_max_ms=43.71
events_p50_ms=1.28
events_p99_ms=1.58
events_max_ms=2.09
movement_p50_ms=0.47
movement_p99_ms=0.57
movement_max_ms=0.71
grid_p50_ms=0.23
grid_p99_ms=0.29
grid_max_ms=0.33
separate_p50_ms=0.38
separate_p99_ms=0.49
separate_max_ms=0.53
history_p50_ms=0.01
history_p99_ms=0.03
history_max_ms=0.05
shots_p50_ms=4.46
shots_p99_ms=5.12
shots_max_ms=5.76
serialize_p50_ms=0.19
serialize_p99_ms=0.34
serialize_max_ms=0.47
assembly_p50_ms=6.49
assembly_p99_ms=8.73
assembly_max_ms=10.07
transport_p50_ms=1.73
transport_p99_ms=2.24
transport_max_ms=2.39
egress_p50_ms=1.53
egress_p99_ms=1.83
egress_max_ms=2.69
tick_p50_ms=17.55
tick_p99_ms=20.52
tick_max_ms=61.26
steady_overruns=1
level_mode=0
tick_hz=30
dilation=1
levels=L0:1709
clients_avg=3000
out_pps=180002
in_pps=90053
egress_mbps=1175.9
packets_per_client_tick=2.00
wire_bytes_per_client_tick=1634
down_kbps_per_client=392.0
up_kbps_per_client=16.2
recv_per_call=46.50
ingress_thread_busy_max_pct=25.8
ingress_thread_busy_mean_pct=25.8
kernel_rcvbuf_drops=0
kernel_sndbuf_drops=0
snapshot_bytes_per_client_tick=1565
near_bytes_per_client_tick=378
activity_bytes_per_client_tick=6.7
near_per_client_tick=64.0
mid_per_client_tick=86.0
far_per_client_tick=0.0
near_scanned_per_query=360
mid_scanned_per_query=374
far_skipped=0
far_starved=0
repeated=0
frozen=0
late_inputs=0
discarded_inputs=0
input_wait_p10_ms=36.5
input_wait_p50_ms=50.2
input_wait_p90_ms=63.3
input_wait_p99_ms=66.6
spawns=3000
despawns=3000
deaths=10852
respawns=10112
shots=1185324
shots_late=0
shots_refused=8359
rewinds_capped=0
rewinds_trimmed=1
hits_head=7970
hits_body=54452
hits_ground=682827
hits_cover=70034
projectiles_expired=354297
kills=10852
hits_after_cover=1920
hits_too_late=10250
events=191156
tracer_bytes=922860759
activity_cells=2388
activity_sent=7111410
activity_bytes=38057121
activity_cut=0
projectile_segments=53375929
hit_candidates=26143469
joins_deferred=4977
bad_messages=0
recv_errors=0
send_errors=0
datagrams=10767214
sends=10767214
send_syscalls=115200
rewind_near_p50_ms=140
rewind_near_p99_ms=200
rewind_near_mean_ms=150.4
rewind_mid_p50_ms=267
rewind_mid_p99_ms=300
rewind_mid_mean_ms=280.9
ingress_longest_p50_ms=0.21
ingress_work_p50_ms=9.26
assembly_longest_p50_ms=6.18
assembly_work_p50_ms=187.57
transport_longest_p50_ms=1.41
transport_work_p50_ms=45.34
egress_longest_p50_ms=1.34
egress_work_p50_ms=41.27
