preallocated connections for 10000 clients in 244.042029ms
listening on 172.31.17.93:14500 | spawn Blob | tiers near 64@150 m, mid 500 m, far 1500 m, budget 6250 B/tick, squads of 4 | 64 rayon threads, 64 shards, 1 socket(s), 256 accepts/tick, egress SendMmsg, ingress RecvMmsg | socket buffers rcv 32768 KiB snd 32768 KiB
[    5s] clients 3000 | level 0 (0-0 in window: 30 Hz, dilation 1.0), pace 1.00, 0.0% clients bandwidth-degraded | tick p50 11.52 p99 19.83 max 19.85 ms, 0 overruns | out 155.9k pps 379 kbps/client, 966 Mbps | in 78.4k pps 18 kbps/client, 45.1 per recv, receive thread busy 16% | stand-ins: repeated 0.00% frozen 0.00%, 0 late inputs | per client-tick: 1500 B (near 359 B, 97% deltas), near 64.0 mid 86.0 far 0.0, far skipped 0 starved 0 | input wait p50 50.2 p99 66.5 ms | 4977 joins deferred | kernel drops rcv 0 snd 0
         p50/p99 ms: ingress 0.66/1.80  events 1.26/2.55  movement 0.44/0.50  grid 0.22/0.28  separate 0.34/0.41  history 0.01/0.06  shots 3.66/4.68  serialize 0.18/0.23  assembly 2.23/8.37  transport 0.91/2.27  egress 1.44/1.64
[   10s] clients 3000 | level 0 (0-0 in window: 30 Hz, dilation 1.0), pace 1.00, 0.0% clients bandwidth-degraded | tick p50 11.50 p99 19.55 max 19.59 ms, 0 overruns | out 179.8k pps 369 kbps/client, 1108 Mbps | in 90.0k pps 16 kbps/client, 45.6 per recv, receive thread busy 17% | stand-ins: repeated 0.00% frozen 0.00%, 0 late inputs | per client-tick: 1474 B (near 341 B, 97% deltas), near 64.0 mid 86.0 far 0.0, far skipped 0 starved 0 | input wait p50 49.9 p99 66.3 ms | 0 joins deferred | kernel drops rcv 0 snd 0
         p50/p99 ms: ingress 0.66/0.97  events 1.28/1.55  movement 0.46/0.53  grid 0.23/0.30  separate 0.35/0.41  history 0.01/0.03  shots 2.95/4.73  serialize 0.18/0.23  assembly 3.02/8.29  transport 0.99/2.06  egress 1.44/1.71
[   15s] clients 3000 | level 0 (0-0 in window: 30 Hz, dilation 1.0), pace 1.00, 0.0% clients bandwidth-degraded | tick p50 18.10 p99 20.97 max 21.68 ms, 0 overruns | out 180.1k pps 400 kbps/client, 1200 Mbps | in 90.0k pps 16 kbps/client, 47.4 per recv, receive thread busy 28% | stand-ins: repeated 0.00% frozen 0.00%, 0 late inputs | per client-tick: 1598 B (near 395 B, 98% deltas), near 64.0 mid 86.0 far 0.0, far skipped 0 starved 0 | input wait p50 49.9 p99 66.3 ms | 0 joins deferred | kernel drops rcv 0 snd 0
         p50/p99 ms: ingress 0.65/0.77  events 1.29/1.58  movement 0.47/0.55  grid 0.23/0.29  separate 0.36/0.42  history 0.01/0.02  shots 4.64/5.05  serialize 0.18/0.23  assembly 6.99/9.28  transport 1.77/2.15  egress 1.49/1.73
[   20s] clients 3000 | level 0 (0-0 in window: 30 Hz, dilation 1.0), pace 1.00, 0.0% clients bandwidth-degraded | tick p50 17.47 p99 21.41 max 61.26 ms, 1 overruns | out 179.0k pps 391 kbps/client, 1174 Mbps | in 89.4k pps 16 kbps/client, 45.9 per recv, receive thread busy 24% | stand-ins: repeated 0.00% frozen 0.00%, 0 late inputs | per client-tick: 1571 B (near 384 B, 98% deltas), near 64.0 mid 86.0 far 0.0, far skipped 0 starved 0 | input wait p50 50.8 p99 91.6 ms | 0 joins deferred | kernel drops rcv 0 snd 0
         p50/p99 ms: ingress 0.73/1.12  events 1.30/1.63  movement 0.50/0.60  grid 0.24/0.30  separate 0.42/0.50  history 0.01/0.03  shots 4.53/5.16  serialize 0.23/0.34  assembly 6.10/8.64  transport 1.60/2.23  egress 1.64/1.85
[   25s] clients 3000 | level 0 (0-0 in window: 30 Hz, dilation 1.0), pace 1.00, 0.0% clients bandwidth-degraded | tick p50 18.64 p99 20.65 max 20.94 ms, 0 overruns | out 180.0k pps 395 kbps/client, 1185 Mbps | in 90.0k pps 16 kbps/client, 47.9 per recv, receive thread busy 27% | stand-ins: repeated 0.00% frozen 0.00%, 0 late inputs | per client-tick: 1578 B (near 383 B, 98% deltas), near 64.0 mid 86.0 far 0.0, far skipped 0 starved 0 | input wait p50 50.2 p99 66.4 ms | 0 joins deferred | kernel drops rcv 0 snd 0
         p50/p99 ms: ingress 0.73/1.09  events 1.32/1.62  movement 0.50/0.56  grid 0.24/0.28  separate 0.43/0.52  history 0.01/0.02  shots 4.70/5.65  serialize 0.21/0.29  assembly 6.86/8.78  transport 1.86/2.29  egress 1.64/1.83
[   30s] clients 3000 | level 0 (0-0 in window: 30 Hz, dilation 1.0), pace 1.00, 0.0% clients bandwidth-degraded | tick p50 18.27 p99 21.16 max 22.58 ms, 0 overruns | out 180.1k pps 395 kbps/client, 1186 Mbps | in 90.0k pps 16 kbps/client, 47.6 per recv, receive thread busy 26% | stand-ins: repeated 0.00% frozen 0.00%, 0 late inputs | per client-tick: 1579 B (near 383 B, 98% deltas), near 64.0 mid 86.0 far 0.0, far skipped 0 starved 0 | input wait p50 50.2 p99 66.4 ms | 0 joins deferred | kernel drops rcv 0 snd 0
         p50/p99 ms: ingress 0.72/1.09  events 1.31/1.64  movement 0.51/0.59  grid 0.24/0.31  separate 0.43/0.50  history 0.01/0.03  shots 4.65/5.27  serialize 0.21/0.31  assembly 6.72/8.67  transport 1.79/2.32  egress 1.65/2.11
[   35s] clients 3000 | level 0 (0-0 in window: 30 Hz, dilation 1.0), pace 1.00, 0.0% clients bandwidth-degraded | tick p50 17.61 p99 19.76 max 19.92 ms, 0 overruns | out 180.1k pps 394 kbps/client, 1183 Mbps | in 90.0k pps 16 kbps/client, 46.8 per recv, receive thread busy 28% | stand-ins: repeated 0.00% frozen 0.00%, 0 late inputs | per client-tick: 1574 B (near 381 B, 98% deltas), near 64.0 mid 86.0 far 0.0, far skipped 0 starved 0 | input wait p50 50.1 p99 66.4 ms | 0 joins deferred | kernel drops rcv 0 snd 0
         p50/p99 ms: ingress 0.65/1.03  events 1.26/1.59  movement 0.46/0.58  grid 0.23/0.29  separate 0.37/0.51  history 0.01/0.02  shots 4.37/4.84  serialize 0.19/0.25  assembly 6.62/8.49  transport 1.78/2.22  egress 1.52/1.89
[   40s] clients 3000 | level 0 (0-0 in window: 30 Hz, dilation 1.0), pace 1.00, 0.0% clients bandwidth-degraded | tick p50 17.84 p99 20.58 max 20.91 ms, 0 overruns | out 180.0k pps 396 kbps/client, 1189 Mbps | in 90.0k pps 16 kbps/client, 46.5 per recv, receive thread busy 29% | stand-ins: repeated 0.00% frozen 0.00%, 0 late inputs | per client-tick: 1583 B (near 385 B, 98% deltas), near 64.0 mid 86.0 far 0.0, far skipped 0 starved 0 | input wait p50 50.2 p99 66.4 ms | 0 joins deferred | kernel drops rcv 0 snd 0
         p50/p99 ms: ingress 0.65/0.81  events 1.27/1.60  movement 0.46/0.52  grid 0.23/0.29  separate 0.37/0.42  history 0.01/0.03  shots 4.46/4.83  serialize 0.18/0.22  assembly 6.70/9.07  transport 1.83/2.37  egress 1.50/1.68
[   45s] clients 3000 | level 0 (0-0 in window: 30 Hz, dilation 1.0), pace 1.00, 0.0% clients bandwidth-degraded | tick p50 16.90 p99 19.27 max 19.43 ms, 0 overruns | out 180.0k pps 395 kbps/client, 1184 Mbps | in 90.0k pps 16 kbps/client, 45.8 per recv, receive thread busy 26% | stand-ins: repeated 0.00% frozen 0.00%, 0 late inputs | per client-tick: 1577 B (near 382 B, 98% deltas), near 64.0 mid 86.0 far 0.0, far skipped 0 starved 0 | input wait p50 50.1 p99 66.4 ms | 0 joins deferred | kernel drops rcv 0 snd 0
         p50/p99 ms: ingress 0.64/0.88  events 1.22/1.50  movement 0.44/0.50  grid 0.23/0.26  separate 0.37/0.43  history 0.01/0.02  shots 4.37/4.64  serialize 0.17/0.23  assembly 6.28/8.07  transport 1.66/2.02  egress 1.49/1.76
[   50s] clients 3000 | level 0 (0-0 in window: 30 Hz, dilation 1.0), pace 1.00, 0.0% clients bandwidth-degraded | tick p50 17.84 p99 19.80 max 20.11 ms, 0 overruns | out 180.1k pps 395 kbps/client, 1185 Mbps | in 90.0k pps 16 kbps/client, 46.4 per recv, receive thread busy 29% | stand-ins: repeated 0.00% frozen 0.00%, 0 late inputs | per client-tick: 1577 B (near 382 B, 98% deltas), near 64.0 mid 86.0 far 0.0, far skipped 0 starved 0 | input wait p50 50.2 p99 66.4 ms | 0 joins deferred | kernel drops rcv 0 snd 0
         p50/p99 ms: ingress 0.65/0.85  events 1.26/1.56  movement 0.46/0.52  grid 0.23/0.29  separate 0.36/0.42  history 0.01/0.02  shots 4.40/4.85  serialize 0.18/0.39  assembly 6.91/8.53  transport 1.80/2.17  egress 1.51/1.84
[   55s] clients 3000 | level 0 (0-0 in window: 30 Hz, dilation 1.0), pace 1.00, 0.0% clients bandwidth-degraded | tick p50 17.41 p99 19.79 max 20.37 ms, 0 overruns | out 180.0k pps 396 kbps/client, 1189 Mbps | in 90.0k pps 16 kbps/client, 46.1 per recv, receive thread busy 27% | stand-ins: repeated 0.00% frozen 0.00%, 0 late inputs | per client-tick: 1583 B (near 384 B, 98% deltas), near 64.0 mid 86.0 far 0.0, far skipped 0 starved 0 | input wait p50 50.1 p99 66.4 ms | 0 joins deferred | kernel drops rcv 0 snd 0
         p50/p99 ms: ingress 0.65/0.91  events 1.28/1.59  movement 0.46/0.52  grid 0.23/0.28  separate 0.37/0.44  history 0.01/0.02  shots 4.49/5.04  serialize 0.18/0.46  assembly 6.45/8.38  transport 1.71/2.15  egress 1.51/1.83
[   60s] clients 3000 | level 0 (0-0 in window: 30 Hz, dilation 1.0), pace 1.00, 0.0% clients bandwidth-degraded | tick p50 17.07 p99 18.75 max 19.18 ms, 0 overruns | out 180.1k pps 396 kbps/client, 1188 Mbps | in 90.0k pps 16 kbps/client, 46.0 per recv, receive thread busy 26% | stand-ins: repeated 0.00% frozen 0.00%, 0 late inputs | per client-tick: 1581 B (near 383 B, 98% deltas), near 64.0 mid 86.0 far 0.0, far skipped 0 starved 0 | input wait p50 50.1 p99 66.4 ms | 0 joins deferred | kernel drops rcv 0 snd 0
         p50/p99 ms: ingress 0.65/0.81  events 1.28/1.56  movement 0.45/0.52  grid 0.23/0.29  separate 0.37/0.42  history 0.01/0.02  shots 4.41/4.83  serialize 0.19/0.45  assembly 6.23/7.57  transport 1.67/1.97  egress 1.51/1.78
[   61s] clients 0 | level 0 (0-0 in window: 30 Hz, dilation 1.0), pace 1.00, 0.0% clients bandwidth-degraded | tick p50 18.22 p99 19.81 max 19.81 ms, 0 overruns | out 160.5k pps 401 kbps/client, 1062 Mbps | in 104.9k pps 17 kbps/client, 51.7 per recv, receive thread busy 28% | stand-ins: repeated 0.00% frozen 0.00%, 0 late inputs | per client-tick: 1586 B (near 388 B, 98% deltas), near 64.0 mid 86.0 far 0.0, far skipped 0 starved 0 | input wait p50 50.1 p99 66.4 ms | 0 joins deferred | kernel drops rcv 0 snd 0
         p50/p99 ms: ingress 0.64/2.72  events 1.28/9.08  movement 0.43/0.47  grid 0.23/0.23  separate 0.36/0.40  history 0.01/0.02  shots 4.43/4.50  serialize 0.19/0.21  assembly 7.12/8.11  transport 1.87/2.03  egress 1.47/2.69

== summary: 1709 steady-state ticks (after warmup, before clients drain), peak 3000 clients ==
  phase        p50 ms   p99 ms   max ms
  ingress        0.66     1.01    43.71
  events         1.28     1.58     2.09
  movement       0.47     0.57     0.71
  grid           0.23     0.29     0.33
  separate       0.38     0.49     0.53
  history        0.01     0.03     0.05
  shots          4.46     5.12     5.76
  serialize      0.19     0.34     0.47
  assembly       6.49     8.73    10.07
  transport      1.73     2.24     2.39
  egress         1.53     1.83     2.69
  tick          17.55    20.52    61.26
  overruns 1 | spawns 3000 despawns 3000 (4977 joins deferred) | deaths 10852 respawns 10112 | stand-ins: repeated 0 frozen 0 | late inputs 0 discarded 0 | bad messages 0 | recv errors 0 send errors 0
  egress (whole run): 10767214 datagrams in 10767214 sends (1.00 per send), 115200 syscalls
  ingress (whole run): 5392382 datagrams in 116083 receive calls (46.45 per call)
  ticks per ladder level (whole run): L0: 1816
  input wait on the server (datagram arrival -> applied): p50 50.2 p99 66.6 max 94.8 mean 50.0 ms
  steady state: stand-ins repeated 0 frozen 0 | late inputs 0 discarded 0
  rewind of near targets (applied step - the input's render step for that tier): p50 140 p99 200 max 218 mean 150.4 ms (n=5339297)
  rewind of mid/far targets (applied step - the input's render step for that tier): p50 267 p99 300 max 318 mean 280.9 ms (n=5339297)
  render times ahead of the server (bogus) 0
  shots 1185324 (late 0, refused 8359, rewinds capped 0) | hits head 7970 body 54452 (after cover 1920, too late 10250), kills 10852 | ground 682827 cover 70034 expired 354297 | segments 53375929 candidates 26143469
