started=5000
welcomed=5000
failed=0
join_p50_ms=548
join_p99_ms=1001
join_max_ms=1172
corrections=115
corrections_per_bot_minute=0.023
correction_max_m=0.177
push_corrections=1089
push_corrections_per_bot_minute=0.218
push_max_m=0.101
snapshots=7391044
near_per_snapshot=9.2
mid_per_snapshot=6.7
far_per_snapshot=4.5
stale_snapshots=0
resyncs=0
input_applied_p50_ms=101.0
input_applied_p99_ms=155.0
input_applied_mean_ms=97.2
server_wait_p50_ms=51.3
server_wait_p99_ms=82.7
server_wait_mean_ms=51.0
round_trip_p50_ms=169.0
round_trip_p99_ms=267.0
round_trip_mean_ms=173.2
slot_work_p50_ms=2.2
slot_work_p99_ms=4.9
slot_work_mean_ms=2.3
slot_late_p50_ms=0.0
slot_late_p99_ms=13.6
slot_late_mean_ms=0.3
near_interval_p50_ms=33.0
near_interval_p99_ms=50.0
near_interval_mean_ms=39.8
mid_interval_p50_ms=166.0
mid_interval_p99_ms=250.0
mid_interval_mean_ms=175.5
far_interval_p50_ms=1000.0
far_interval_p99_ms=1500.0
far_interval_mean_ms=929.1
slot_late_max_ms=33.2
near_interpolated_pct=99.53
near_extrapolated_pct=0.24
near_held_pct=0.09
near_new_pct=0.15
near_pop_p50_mm=0
near_pop_p99_mm=0
mid_interpolated_pct=89.62
mid_extrapolated_pct=9.30
mid_held_pct=0.33
mid_new_pct=0.75
mid_pop_p50_mm=0
mid_pop_p99_mm=580
far_interpolated_pct=19.29
far_extrapolated_pct=71.31
far_held_pct=7.58
far_new_pct=1.81
far_pop_p50_mm=1523
far_pop_p99_mm=14263
render_delay_ms=95.7
render_snaps=0
class0_fighters=167
class0_shots=37405
class0_hits=6616
class0_kills=1295
class0_hit_pct=17.7
class0_rtt_ms=22.7
class1_fighters=167
class1_shots=38367
class1_hits=7009
class1_kills=1346
class1_hit_pct=18.3
class1_rtt_ms=102.7
class2_fighters=166
class2_shots=37483
class2_hits=6304
class2_kills=1221
class2_hit_pct=16.8
class2_rtt_ms=152.8
shots_seen=548185
activity_cells=1769777
activity_shots=9427363
ambient=8737045
streak_frames_per_million=27759
clock_slewing_pct=34.40
delay_changes=2394
render_backwards=0
clock_extra=38732
clock_skipped=42886
backlog_skips=0
near_decode_errors=0
bytes_down_mb=2319.7
bytes_up_mb=570.9
swarm_busy_pct=57
swarm_overruns=2487
