spawn=uniform
egress=sendmmsg
ingress=recvmmsg
rx_gather_us=1000
ladder=on
threads=8
keep_awake=on
send_during_assembly=on
worker_cpus=-
rx_cpus=-
shards=64
sockets=1
peak_clients=5000
steady_ticks=1405
steady_secs=57.0
ingress_p50_ms=2.78
ingress_p99_ms=4.11
ingress_max_ms=7.43
events_p50_ms=0.00
events_p99_ms=0.00
events_max_ms=0.94
movement_p50_ms=0.58
movement_p99_ms=0.85
movement_max_ms=2.81
grid_p50_ms=0.37
grid_p99_ms=0.44
grid_max_ms=0.57
separate_p50_ms=0.04
separate_p99_ms=0.08
separate_max_ms=0.41
history_p50_ms=0.01
history_p99_ms=0.02
history_max_ms=0.09
shots_p50_ms=1.11
shots_p99_ms=2.03
shots_max_ms=5.52
serialize_p50_ms=0.05
serialize_p99_ms=0.12
serialize_max_ms=1.73
assembly_p50_ms=20.38
assembly_p99_ms=30.79
assembly_max_ms=72.70
transport_p50_ms=0.00
transport_p99_ms=0.00
transport_max_ms=0.01
egress_p50_ms=0.04
egress_p99_ms=0.10
egress_max_ms=1.38
tick_p50_ms=25.79
tick_p99_ms=37.28
tick_max_ms=79.25
steady_overruns=18
level_mode=6
tick_hz=20
dilation=1
levels=L2:18,L3:178,L4:31,L5:573,L6:605
clients_avg=5000
out_pps=123190
in_pps=149180
egress_mbps=290.1
packets_per_client_tick=1.00
wire_bytes_per_client_tick=294
down_kbps_per_client=58.0
up_kbps_per_client=15.4
recv_per_call=53.57
ingress_thread_busy_max_pct=16.7
ingress_thread_busy_mean_pct=16.7
rx_runq_wait_max_pct=5.03
rx_runq_wait_mean_pct=5.03
ksoftirqd_cpu_pct=0.0
kernel_rcvbuf_drops=0
kernel_sndbuf_drops=0
snapshot_bytes_per_client_tick=258
near_bytes_per_client_tick=71
activity_bytes_per_client_tick=11.4
near_per_client_tick=9.2
mid_per_client_tick=6.1
far_per_client_tick=3.5
near_scanned_per_query=10
mid_scanned_per_query=10
far_skipped=0
far_starved=0
repeated=3458
frozen=0
late_inputs=3135
discarded_inputs=0
input_wait_p10_ms=34.8
input_wait_p50_ms=51.3
input_wait_p90_ms=66.6
input_wait_p99_ms=82.7
spawns=5000
despawns=5000
deaths=3912
respawns=3664
shots=585135
shots_late=220
shots_refused=1432
rewinds_capped=380613
rewinds_trimmed=0
rewinds_trimmed_mid=0
renders_held=2
shot_dip_clients=1384
shot_dip_flagged=0
hits_head=1284
hits_body=21720
hits_ground=360449
hits_cover=41126
projectiles_expired=154584
kills=3912
hits_after_cover=462
hits_too_late=2328
events=72631
tracer_bytes=66325779
activity_cells=106272
activity_sent=17654960
activity_bytes=91786490
activity_cut=0
projectile_segments=25642104
hit_candidates=541111
trim_excess_p50_steps=0.0
trim_excess_p99_steps=0.0
trim_excess_max_steps=0.0
shot_dip_excess_p50_steps=0.0
shot_dip_excess_p99_steps=0.0
shot_dip_excess_max_steps=0.0
held_by_p50_steps=0.1
held_by_p99_steps=0.1
held_by_max_steps=0.1
joins_deferred=8989
bad_messages=0
recv_errors=0
send_errors=0
datagrams=7445527
sends=7445527
send_syscalls=95815
rewind_near_p50_ms=234
rewind_near_p99_ms=333
rewind_near_mean_ms=232.0
rewind_mid_p50_ms=367
rewind_mid_p99_ms=436
rewind_mid_mean_ms=362.6
ingress_longest_p50_ms=0.43
ingress_work_p50_ms=19.81
assembly_longest_p50_ms=3.24
assembly_work_p50_ms=155.98
transport_longest_p50_ms=-
transport_work_p50_ms=-
egress_longest_p50_ms=-
egress_work_p50_ms=-
