preallocated connections for 10000 clients in 249.7672ms
listening on 127.0.0.1:14500 | spawn Uniform | tiers near 64@150 m, mid 500 m, far 1500 m, budget 6250 B/tick, squads of 4 | 8 rayon threads (keep awake on), 64 shards (send during assembly on), 1 socket(s), 256 accepts/tick, egress SendMmsg, ingress RecvMmsg | socket buffers rcv 8192 KiB snd 8192 KiB
WARNING: token key is the public dev key; anyone can mint tokens for this server (--token-key)
[    5s] clients 5000 | level 3 (0-3 in window: 30 Hz, dilation 1.0), pace 1.00, 0.0% clients bandwidth-degraded | tick p50 26.52 p99 31.94 max 33.10 ms, 0 overruns | out 133.9k pps 133 kbps/client, 570 Mbps | in 129.1k pps 17 kbps/client, 53.3 per recv, receive thread busy 14% | stand-ins: repeated 0.00% frozen 0.00%, 0 late inputs | per client-tick: 514 B (near 74 B, 96% deltas), near 9.2 mid 14.4 far 17.1, far skipped 0 starved 0 | input wait p50 48.9 p99 73.6 ms | 8989 joins deferred | kernel drops rcv 0 snd 0
         p50/p99 ms: ingress 2.73/6.90  events 0.00/4.94  movement 0.58/0.92  grid 0.37/0.49  separate 0.05/0.07  history 0.01/0.15  shots 1.00/1.42  serialize 0.06/0.26  assembly 21.08/24.16  transport 0.00/0.00  egress 0.04/0.09
[   10s] clients 5000 | level 4 (3-4 in window: 30 Hz, dilation 1.0), pace 0.97, 0.0% clients bandwidth-degraded | tick p50 25.15 p99 38.56 max 44.21 ms, 6 overruns | out 149.0k pps 84 kbps/client, 422 Mbps | in 149.7k pps 15 kbps/client, 52.9 per recv, receive thread busy 17% | stand-ins: repeated 0.00% frozen 0.00%, 0 late inputs | per client-tick: 317 B (near 71 B, 99% deltas), near 9.4 mid 9.2 far 5.9, far skipped 0 starved 0 | input wait p50 51.1 p99 69.2 ms | 0 joins deferred | kernel drops rcv 0 snd 0
         p50/p99 ms: ingress 2.48/3.68  events 0.00/0.00  movement 0.55/0.72  grid 0.38/0.50  separate 0.04/0.09  history 0.01/0.02  shots 1.05/1.50  serialize 0.05/0.08  assembly 20.26/31.45  transport 0.00/0.00  egress 0.03/0.10
[   15s] clients 5000 | level 5 (4-5 in window: 30 Hz, dilation 1.0), pace 1.00, 0.0% clients bandwidth-degraded | tick p50 24.91 p99 31.14 max 36.35 ms, 1 overruns | out 150.2k pps 68 kbps/client, 339 Mbps | in 149.2k pps 15 kbps/client, 54.1 per recv, receive thread busy 17% | stand-ins: repeated 0.00% frozen 0.00%, 0 late inputs | per client-tick: 246 B (near 71 B, 99% deltas), near 9.3 mid 5.6 far 3.0, far skipped 0 starved 0 | input wait p50 52.8 p99 90.8 ms | 0 joins deferred | kernel drops rcv 0 snd 0
         p50/p99 ms: ingress 2.50/3.25  events 0.00/0.00  movement 0.55/0.76  grid 0.36/0.41  separate 0.04/0.09  history 0.01/0.03  shots 1.09/1.51  serialize 0.05/0.14  assembly 19.90/24.99  transport 0.00/0.00  egress 0.04/0.07
[   20s] clients 5000 | level 6 (5-6 in window: 20 Hz, dilation 1.0), pace 0.98, 0.0% clients bandwidth-degraded | tick p50 25.08 p99 37.94 max 40.60 ms, 2 overruns | out 146.7k pps 66 kbps/client, 331 Mbps | in 149.8k pps 15 kbps/client, 53.0 per recv, receive thread busy 17% | stand-ins: repeated 0.00% frozen 0.00%, 0 late inputs | per client-tick: 246 B (near 71 B, 99% deltas), near 9.3 mid 5.6 far 3.0, far skipped 0 starved 0 | input wait p50 51.3 p99 74.3 ms | 0 joins deferred | kernel drops rcv 0 snd 0
         p50/p99 ms: ingress 2.49/3.58  events 0.00/0.00  movement 0.56/0.73  grid 0.37/0.47  separate 0.04/0.16  history 0.01/0.02  shots 1.09/1.76  serialize 0.04/0.07  assembly 20.04/32.11  transport 0.00/0.00  egress 0.04/0.07
[   25s] clients 5000 | level 5 (5-6 in window: 30 Hz, dilation 1.0), pace 1.00, 0.0% clients bandwidth-degraded | tick p50 26.26 p99 28.64 max 29.46 ms, 0 overruns | out 108.3k pps 49 kbps/client, 246 Mbps | in 148.9k pps 15 kbps/client, 54.3 per recv, receive thread busy 17% | stand-ins: repeated 0.00% frozen 0.00%, 0 late inputs | per client-tick: 248 B (near 71 B, 99% deltas), near 9.3 mid 5.5 far 3.0, far skipped 0 starved 0 | input wait p50 51.7 p99 82.4 ms | 0 joins deferred | kernel drops rcv 0 snd 0
         p50/p99 ms: ingress 3.28/3.77  events 0.00/0.00  movement 0.61/0.85  grid 0.37/0.43  separate 0.04/0.07  history 0.01/0.02  shots 1.13/2.04  serialize 0.04/0.07  assembly 20.42/22.27  transport 0.00/0.00  egress 0.04/0.06
[   30s] clients 5000 | level 6 (5-6 in window: 20 Hz, dilation 1.0), pace 1.00, 0.0% clients bandwidth-degraded | tick p50 26.34 p99 46.15 max 66.05 ms, 4 overruns | out 114.4k pps 52 kbps/client, 259 Mbps | in 147.9k pps 15 kbps/client, 52.7 per recv, receive thread busy 17% | stand-ins: repeated 0.36% frozen 0.00%, 2718 late inputs | per client-tick: 247 B (near 71 B, 100% deltas), near 9.2 mid 5.5 far 3.0, far skipped 0 starved 0 | input wait p50 45.3 p99 84.7 ms | 0 joins deferred | kernel drops rcv 0 snd 0
         p50/p99 ms: ingress 3.20/5.12  events 0.00/0.00  movement 0.59/1.93  grid 0.36/0.43  separate 0.04/0.08  history 0.01/0.02  shots 1.09/3.55  serialize 0.04/0.14  assembly 20.69/37.24  transport 0.00/0.00  egress 0.04/0.07
[   35s] clients 5000 | level 6 (6-6 in window: 20 Hz, dilation 1.0), pace 1.00, 0.0% clients bandwidth-degraded | tick p50 26.87 p99 33.30 max 33.68 ms, 0 overruns | out 100.0k pps 46 kbps/client, 228 Mbps | in 149.3k pps 15 kbps/client, 54.4 per recv, receive thread busy 17% | stand-ins: repeated 0.00% frozen 0.00%, 0 late inputs | per client-tick: 248 B (near 71 B, 100% deltas), near 9.2 mid 5.5 far 3.0, far skipped 0 starved 0 | input wait p50 54.7 p99 82.0 ms | 0 joins deferred | kernel drops rcv 0 snd 0
         p50/p99 ms: ingress 3.27/4.11  events 0.00/0.00  movement 0.66/0.87  grid 0.36/0.40  separate 0.04/0.08  history 0.01/0.02  shots 1.38/2.10  serialize 0.04/0.07  assembly 20.67/26.61  transport 0.00/0.00  egress 0.04/1.35
[   40s] clients 5000 | level 6 (5-6 in window: 20 Hz, dilation 1.0), pace 1.00, 0.0% clients bandwidth-degraded | tick p50 26.18 p99 34.60 max 35.25 ms, 2 overruns | out 121.1k pps 55 kbps/client, 273 Mbps | in 149.4k pps 15 kbps/client, 52.5 per recv, receive thread busy 17% | stand-ins: repeated 0.00% frozen 0.00%, 0 late inputs | per client-tick: 246 B (near 71 B, 100% deltas), near 9.2 mid 5.5 far 3.0, far skipped 0 starved 0 | input wait p50 53.1 p99 81.6 ms | 0 joins deferred | kernel drops rcv 0 snd 0
         p50/p99 ms: ingress 3.04/3.68  events 0.00/0.00  movement 0.57/0.80  grid 0.37/0.42  separate 0.04/0.07  history 0.01/0.01  shots 1.11/2.08  serialize 0.05/0.12  assembly 20.48/29.31  transport 0.00/0.00  egress 0.04/0.54
[   45s] clients 5000 | level 6 (6-6 in window: 20 Hz, dilation 1.0), pace 1.00, 0.0% clients bandwidth-degraded | tick p50 26.77 p99 36.18 max 36.42 ms, 0 overruns | out 100.1k pps 45 kbps/client, 227 Mbps | in 149.1k pps 15 kbps/client, 54.3 per recv, receive thread busy 17% | stand-ins: repeated 0.00% frozen 0.00%, 0 late inputs | per client-tick: 248 B (near 71 B, 100% deltas), near 9.2 mid 5.5 far 3.0, far skipped 0 starved 0 | input wait p50 53.8 p99 82.3 ms | 0 joins deferred | kernel drops rcv 0 snd 0
         p50/p99 ms: ingress 3.31/4.02  events 0.00/0.00  movement 0.67/0.88  grid 0.37/0.43  separate 0.04/0.06  history 0.01/0.02  shots 1.36/2.02  serialize 0.04/0.16  assembly 20.67/28.88  transport 0.00/0.00  egress 0.04/0.06
[   50s] clients 5000 | level 6 (6-6 in window: 20 Hz, dilation 1.0), pace 1.00, 0.0% clients bandwidth-degraded | tick p50 26.69 p99 29.23 max 41.56 ms, 0 overruns | out 100.0k pps 45 kbps/client, 227 Mbps | in 149.2k pps 15 kbps/client, 54.4 per recv, receive thread busy 17% | stand-ins: repeated 0.00% frozen 0.00%, 0 late inputs | per client-tick: 248 B (near 71 B, 100% deltas), near 9.2 mid 5.5 far 3.0, far skipped 0 starved 0 | input wait p50 54.2 p99 82.4 ms | 0 joins deferred | kernel drops rcv 0 snd 0
         p50/p99 ms: ingress 3.28/3.65  events 0.00/0.00  movement 0.67/0.84  grid 0.36/0.42  separate 0.04/0.06  history 0.01/0.01  shots 1.35/1.90  serialize 0.04/0.09  assembly 20.66/22.97  transport 0.00/0.00  egress 0.04/0.06
[   55s] clients 5000 | level 5 (5-6 in window: 30 Hz, dilation 1.0), pace 1.00, 0.0% clients bandwidth-degraded | tick p50 25.12 p99 27.73 max 28.61 ms, 0 overruns | out 144.1k pps 65 kbps/client, 323 Mbps | in 149.5k pps 15 kbps/client, 54.1 per recv, receive thread busy 17% | stand-ins: repeated 0.00% frozen 0.00%, 0 late inputs | per client-tick: 244 B (near 70 B, 100% deltas), near 9.2 mid 5.5 far 3.0, far skipped 0 starved 0 | input wait p50 51.8 p99 79.0 ms | 0 joins deferred | kernel drops rcv 0 snd 0
         p50/p99 ms: ingress 2.45/3.52  events 0.00/0.00  movement 0.56/0.82  grid 0.37/0.44  separate 0.04/0.07  history 0.01/0.02  shots 1.10/1.81  serialize 0.05/0.07  assembly 20.18/22.35  transport 0.00/0.00  egress 0.04/0.13
[   60s] clients 5000 | level 6 (5-6 in window: 20 Hz, dilation 1.0), pace 1.00, 0.0% clients bandwidth-degraded | tick p50 26.71 p99 53.25 max 79.25 ms, 3 overruns | out 112.2k pps 51 kbps/client, 253 Mbps | in 148.1k pps 15 kbps/client, 52.4 per recv, receive thread busy 17% | stand-ins: repeated 0.06% frozen 0.00%, 417 late inputs | per client-tick: 245 B (near 70 B, 100% deltas), near 9.1 mid 5.5 far 3.0, far skipped 0 starved 0 | input wait p50 46.5 p99 93.6 ms | 0 joins deferred | kernel drops rcv 0 snd 0
         p50/p99 ms: ingress 3.32/4.50  events 0.00/0.00  movement 0.63/0.99  grid 0.36/0.46  separate 0.04/0.07  history 0.01/0.02  shots 1.18/1.87  serialize 0.05/0.15  assembly 20.76/41.26  transport 0.00/0.00  egress 0.04/0.17
[   60s] clients 0 | level 6 (6-6 in window: 20 Hz, dilation 1.0), pace 1.00, 0.0% clients bandwidth-degraded | tick p50 7.58 p99 38.61 max 38.61 ms, 0 overruns | out 45.8k pps 48 kbps/client, 89 Mbps | in 117.0k pps 15 kbps/client, 53.9 per recv, receive thread busy 14% | stand-ins: repeated 4.09% frozen 0.00%, 0 late inputs | per client-tick: 207 B (near 58 B, 100% deltas), near 7.1 mid 4.2 far 2.3, far skipped 0 starved 0 | input wait p50 48.2 p99 84.5 ms | 0 joins deferred | kernel drops rcv 0 snd 0
         p50/p99 ms: ingress 1.35/4.33  events 0.94/4.68  movement 0.08/0.81  grid 0.19/0.38  separate 0.01/0.04  history 0.01/0.02  shots 1.09/1.29  serialize 0.01/0.04  assembly 0.64/30.65  transport 0.00/0.00  egress 0.03/0.04

== summary: 1405 steady-state ticks (after warmup, before clients drain), peak 5000 clients ==
  phase        p50 ms   p99 ms   max ms
  ingress        2.78     4.11     7.43
  events         0.00     0.00     0.94
  movement       0.58     0.85     2.81
  grid           0.37     0.44     0.57
  separate       0.04     0.08     0.41
  history        0.01     0.02     0.09
  shots          1.11     2.03     5.52
  serialize      0.05     0.12     1.73
  assembly      20.38    30.79    72.70
  transport      0.00     0.00     0.01
  egress         0.04     0.10     1.38
  tick          25.79    37.28    79.25
  overruns 18 | spawns 5000 despawns 5000 (8989 joins deferred) | deaths 3912 respawns 3664 | stand-ins: repeated 3542 frozen 0 | late inputs 3135 discarded 0 | bad messages 0 | recv errors 0 send errors 0
  egress (whole run): 7445527 datagrams in 7445527 sends (1.00 per send), 95815 syscalls
  ingress (whole run): 8911241 datagrams in 166473 receive calls (53.53 per call)
  ticks per ladder level (whole run): L0: 56, L1: 31, L2: 31, L3: 178, L4: 31, L5: 573, L6: 608
  input wait on the server (datagram arrival -> applied): p50 51.3 p99 82.7 max 118.4 mean 51.0 ms
  steady state: stand-ins repeated 3458 frozen 0 | late inputs 3135 discarded 0
  rewind of near targets (applied step - the input's render step for that tier): p50 234 p99 333 max 397 mean 232.0 ms (n=7361847)
  rewind of mid/far targets (applied step - the input's render step for that tier): p50 367 p99 436 max 484 mean 362.6 ms (n=7361847)
  render times ahead of the server (bogus) 0
  shots 585135 (late 220, refused 1432, rewinds capped 380613) | hits head 1284 body 21720 (after cover 462, too late 2328), kills 3912 | ground 360449 cover 41126 expired 154584 | segments 25642104 candidates 541111
