warning: use of deprecated method `std::sync::atomic::Atomic::<usize>::fetch_update`: renamed to `try_update` for consistency
   --> src/server.rs:140:14
    |
140 |             .fetch_update(Ordering::AcqRel, Ordering::Acquire, |n| (n < self.max_clients).then_some(n + 1))
    |              ^^^^^^^^^^^^
    |
    = note: `#[warn(deprecated)]` on by default
help: replace the use of the deprecated method
    |
140 -             .fetch_update(Ordering::AcqRel, Ordering::Acquire, |n| (n < self.max_clients).then_some(n + 1))
140 +             .try_update(Ordering::AcqRel, Ordering::Acquire, |n| (n < self.max_clients).then_some(n + 1))
    |

== hotspots, 5000 bots, 60s -> baselines/2026-10-04-scaleway-128t/hotspots-5k-2
== summary: 1708 steady-state ticks (after warmup, before clients drain), peak 5000 clients ==
  phase        p50 ms   p99 ms   max ms
  ingress        1.05     1.38     1.46
  events         1.45     1.86     2.10
  movement       0.24     0.31     0.63
  grid           0.28     0.37     0.40
  history        0.00     0.01     0.01
  serialize      0.13     0.17     0.19
  assembly       1.88     2.64     2.99
  transport      0.99     1.25     1.40
  egress         1.71     2.23     2.48
  tick           7.83     8.89     9.27
  overruns 0 | spawns 5000 despawns 5000 (13554 joins deferred) | stand-ins: repeated 0 frozen 0 | late inputs 0 discarded 0 | bad messages 0 | recv errors 0 send errors 0
  egress (whole run): 10516848 datagrams in 10516848 sends (1.00 per send), 115264 syscalls
  ticks per ladder level (whole run): L0: 1820
  input wait on the server (datagram arrival -> applied): p50 49.7 p99 65.8 max 68.6 mean 49.7 ms
  steady state: stand-ins repeated 0 frozen 0 | late inputs 0 discarded 0
== bots summary ==
  started 5000 welcomed 5000 failed 0
  join latency ms: p50 390 p99 1011 max 1148 (n=5000)
  corrections 0 (0.00/bot-minute), mean error 0.000 m, max 0.000 m
  snapshots 8934949 (entities per snapshot: near 34.7 mid 25.0 far 22.1), stale 0, unmatched acks 0, resyncs 0
  input -> applied on server (est. RTT/2 + server wait): p50 54.0 p99 70.0 max 74.0 mean 53.9 ms (n=8933603)
    of which server wait (arrival -> applied): p50 49.7 p99 65.8 max 68.6 mean 49.7 ms (n=8933603)
  input -> seen acked (round trip): p50 67.0 p99 100.0 max 100.0 mean 73.8 ms (n=8933603)
  near entity update interval (tracked bots): p50 66.0 p99 66.0 max 166.0 mean 50.8 ms (n=13824569)
  mid entity update interval (tracked bots): p50 100.0 p99 100.0 max 59800.0 mean 140.8 ms (n=10205481)
  far entity update interval (tracked bots): p50 500.0 p99 500.0 max 57000.0 mean 522.0 ms (n=9610047)
  input clock: 5087 extra inputs, 203 skipped ticks, 0 backlog skips | near decode errors (tracked bots) 0
  bytes down 7166.8 MB up 446.9 MB | swarm busy 7% of its threads' time, tick overruns 0
