preallocated connections for 10000 clients in 219.272638ms
listening on 172.16.8.2:40500 | spawn Hotspots | tiers near 64@150 m, mid 500 m, far 1500 m, budget 6250 B/tick, squads of 4 | 128 rayon threads, 64 shards, 256 accepts/tick, egress SendMmsg | socket buffers rcv 32768 KiB snd 32768 KiB
[    5s] clients 5000 | level 0 (0-0 in window: 30 Hz, dilation 1.0), pace 1.00, 0.0% clients bandwidth-degraded | tick p50 7.87 p99 10.23 max 10.50 ms, 0 overruns | out 145.6k pps 194 kbps/client, 781 Mbps | in 125.3k pps 14 kbps/client | stand-ins: repeated 0.00% frozen 0.00%, 0 late inputs | per client-tick: 760 B (near 207 B, 98% deltas), near 35.9 mid 25.1 far 20.9, far skipped 0 starved 0 | input wait p50 50.2 p99 66.4 ms | 13554 joins deferred | kernel drops rcv 0 snd 0
         p50/p99 ms: ingress 1.05/3.02  events 1.48/2.76  movement 0.23/0.30  grid 0.27/0.38  history 0.00/0.03  serialize 0.14/0.24  assembly 1.86/4.28  transport 0.95/1.33  egress 1.64/2.16
[   10s] clients 5000 | level 0 (0-0 in window: 30 Hz, dilation 1.0), pace 1.00, 0.0% clients bandwidth-degraded | tick p50 7.83 p99 8.88 max 8.99 ms, 0 overruns | out 176.1k pps 192 kbps/client, 962 Mbps | in 150.0k pps 12 kbps/client | stand-ins: repeated 0.00% frozen 0.00%, 0 late inputs | per client-tick: 759 B (near 194 B, 100% deltas), near 34.6 mid 25.0 far 22.1, far skipped 0 starved 0 | input wait p50 49.7 p99 65.8 ms | 0 joins deferred | kernel drops rcv 0 snd 0
         p50/p99 ms: ingress 1.04/1.32  events 1.44/1.83  movement 0.24/0.33  grid 0.29/0.37  history 0.00/0.01  serialize 0.13/0.17  assembly 1.88/2.53  transport 1.00/1.25  egress 1.73/2.21
[   15s] clients 5000 | level 0 (0-0 in window: 30 Hz, dilation 1.0), pace 1.00, 0.0% clients bandwidth-degraded | tick p50 7.80 p99 8.70 max 8.98 ms, 0 overruns | out 176.1k pps 192 kbps/client, 961 Mbps | in 150.0k pps 12 kbps/client | stand-ins: repeated 0.00% frozen 0.00%, 0 late inputs | per client-tick: 759 B (near 193 B, 100% deltas), near 34.6 mid 25.0 far 22.1, far skipped 0 starved 0 | input wait p50 49.7 p99 65.8 ms | 0 joins deferred | kernel drops rcv 0 snd 0
         p50/p99 ms: ingress 1.04/1.35  events 1.45/1.86  movement 0.24/0.30  grid 0.28/0.37  history 0.00/0.01  serialize 0.13/0.17  assembly 1.88/2.63  transport 1.01/1.17  egress 1.70/2.19
[   20s] clients 5000 | level 0 (0-0 in window: 30 Hz, dilation 1.0), pace 1.00, 0.0% clients bandwidth-degraded | tick p50 7.80 p99 8.93 max 8.97 ms, 0 overruns | out 176.1k pps 192 kbps/client, 962 Mbps | in 150.0k pps 12 kbps/client | stand-ins: repeated 0.00% frozen 0.00%, 0 late inputs | per client-tick: 759 B (near 193 B, 100% deltas), near 34.6 mid 25.0 far 22.1, far skipped 0 starved 0 | input wait p50 49.7 p99 65.8 ms | 0 joins deferred | kernel drops rcv 0 snd 0
         p50/p99 ms: ingress 1.03/1.33  events 1.44/1.89  movement 0.24/0.32  grid 0.28/0.37  history 0.00/0.01  serialize 0.14/0.17  assembly 1.88/2.83  transport 0.99/1.29  egress 1.71/2.24
[   25s] clients 5000 | level 0 (0-0 in window: 30 Hz, dilation 1.0), pace 1.00, 0.0% clients bandwidth-degraded | tick p50 7.84 p99 8.70 max 9.27 ms, 0 overruns | out 176.1k pps 192 kbps/client, 962 Mbps | in 150.0k pps 12 kbps/client | stand-ins: repeated 0.00% frozen 0.00%, 0 late inputs | per client-tick: 759 B (near 193 B, 100% deltas), near 34.6 mid 25.0 far 22.1, far skipped 0 starved 0 | input wait p50 49.7 p99 65.8 ms | 0 joins deferred | kernel drops rcv 0 snd 0
         p50/p99 ms: ingress 1.04/1.39  events 1.45/1.90  movement 0.24/0.30  grid 0.28/0.38  history 0.00/0.01  serialize 0.14/0.17  assembly 1.87/2.31  transport 1.00/1.21  egress 1.74/2.22
[   30s] clients 5000 | level 0 (0-0 in window: 30 Hz, dilation 1.0), pace 1.00, 0.0% clients bandwidth-degraded | tick p50 7.80 p99 9.06 max 9.16 ms, 0 overruns | out 176.1k pps 192 kbps/client, 962 Mbps | in 150.0k pps 12 kbps/client | stand-ins: repeated 0.00% frozen 0.00%, 0 late inputs | per client-tick: 760 B (near 194 B, 100% deltas), near 34.6 mid 25.0 far 22.1, far skipped 0 starved 0 | input wait p50 49.7 p99 65.8 ms | 0 joins deferred | kernel drops rcv 0 snd 0
         p50/p99 ms: ingress 1.05/1.36  events 1.46/1.85  movement 0.24/0.30  grid 0.28/0.38  history 0.00/0.01  serialize 0.14/0.17  assembly 1.88/2.88  transport 0.99/1.28  egress 1.67/2.27
[   35s] clients 5000 | level 0 (0-0 in window: 30 Hz, dilation 1.0), pace 1.00, 0.0% clients bandwidth-degraded | tick p50 7.82 p99 8.92 max 8.94 ms, 0 overruns | out 176.1k pps 192 kbps/client, 962 Mbps | in 150.0k pps 12 kbps/client | stand-ins: repeated 0.00% frozen 0.00%, 0 late inputs | per client-tick: 760 B (near 193 B, 100% deltas), near 34.5 mid 25.0 far 22.2, far skipped 0 starved 0 | input wait p50 49.7 p99 65.8 ms | 0 joins deferred | kernel drops rcv 0 snd 0
         p50/p99 ms: ingress 1.05/1.35  events 1.45/1.86  movement 0.24/0.32  grid 0.28/0.36  history 0.00/0.01  serialize 0.14/0.17  assembly 1.87/2.77  transport 1.00/1.19  egress 1.74/2.16
[   40s] clients 5000 | level 0 (0-0 in window: 30 Hz, dilation 1.0), pace 1.00, 0.0% clients bandwidth-degraded | tick p50 7.84 p99 8.67 max 8.84 ms, 0 overruns | out 176.1k pps 192 kbps/client, 962 Mbps | in 150.0k pps 12 kbps/client | stand-ins: repeated 0.00% frozen 0.00%, 0 late inputs | per client-tick: 759 B (near 193 B, 100% deltas), near 34.5 mid 25.0 far 22.2, far skipped 0 starved 0 | input wait p50 49.7 p99 65.8 ms | 0 joins deferred | kernel drops rcv 0 snd 0
         p50/p99 ms: ingress 1.06/1.37  events 1.45/1.78  movement 0.24/0.29  grid 0.28/0.37  history 0.00/0.01  serialize 0.13/0.17  assembly 1.88/2.45  transport 1.00/1.24  egress 1.71/2.23
[   45s] clients 5000 | level 0 (0-0 in window: 30 Hz, dilation 1.0), pace 1.00, 0.0% clients bandwidth-degraded | tick p50 7.88 p99 8.85 max 8.89 ms, 0 overruns | out 176.1k pps 192 kbps/client, 962 Mbps | in 150.0k pps 12 kbps/client | stand-ins: repeated 0.00% frozen 0.00%, 0 late inputs | per client-tick: 759 B (near 193 B, 100% deltas), near 34.5 mid 25.0 far 22.2, far skipped 0 starved 0 | input wait p50 49.7 p99 65.8 ms | 0 joins deferred | kernel drops rcv 0 snd 0
         p50/p99 ms: ingress 1.04/1.42  events 1.44/1.85  movement 0.24/0.32  grid 0.28/0.38  history 0.00/0.01  serialize 0.14/0.18  assembly 1.88/2.60  transport 0.98/1.28  egress 1.72/2.32
[   50s] clients 5000 | level 0 (0-0 in window: 30 Hz, dilation 1.0), pace 1.00, 0.0% clients bandwidth-degraded | tick p50 7.82 p99 8.82 max 8.85 ms, 0 overruns | out 176.1k pps 192 kbps/client, 962 Mbps | in 150.0k pps 12 kbps/client | stand-ins: repeated 0.00% frozen 0.00%, 0 late inputs | per client-tick: 760 B (near 193 B, 100% deltas), near 34.5 mid 25.0 far 22.2, far skipped 0 starved 0 | input wait p50 49.7 p99 65.8 ms | 0 joins deferred | kernel drops rcv 0 snd 0
         p50/p99 ms: ingress 1.06/1.33  events 1.46/1.92  movement 0.24/0.32  grid 0.28/0.37  history 0.00/0.01  serialize 0.13/0.17  assembly 1.88/2.58  transport 0.98/1.19  egress 1.74/2.22
[   55s] clients 5000 | level 0 (0-0 in window: 30 Hz, dilation 1.0), pace 1.00, 0.0% clients bandwidth-degraded | tick p50 7.85 p99 8.67 max 9.11 ms, 0 overruns | out 176.1k pps 192 kbps/client, 962 Mbps | in 150.0k pps 12 kbps/client | stand-ins: repeated 0.00% frozen 0.00%, 0 late inputs | per client-tick: 760 B (near 193 B, 100% deltas), near 34.6 mid 25.1 far 22.1, far skipped 0 starved 0 | input wait p50 49.7 p99 65.8 ms | 0 joins deferred | kernel drops rcv 0 snd 0
         p50/p99 ms: ingress 1.05/1.38  events 1.45/1.84  movement 0.24/0.32  grid 0.28/0.37  history 0.00/0.01  serialize 0.13/0.18  assembly 1.88/2.55  transport 1.00/1.25  egress 1.69/2.21
[   60s] clients 5000 | level 0 (0-0 in window: 30 Hz, dilation 1.0), pace 1.00, 0.0% clients bandwidth-degraded | tick p50 7.86 p99 8.89 max 8.91 ms, 0 overruns | out 176.1k pps 192 kbps/client, 962 Mbps | in 150.0k pps 12 kbps/client | stand-ins: repeated 0.00% frozen 0.00%, 0 late inputs | per client-tick: 759 B (near 193 B, 100% deltas), near 34.6 mid 25.0 far 22.1, far skipped 0 starved 0 | input wait p50 49.7 p99 65.8 ms | 0 joins deferred | kernel drops rcv 0 snd 0
         p50/p99 ms: ingress 1.05/1.39  events 1.47/1.84  movement 0.24/0.30  grid 0.28/0.38  history 0.00/0.01  serialize 0.14/0.17  assembly 1.88/2.74  transport 0.99/1.30  egress 1.75/2.32
[   61s] clients 0 | level 0 (0-0 in window: 30 Hz, dilation 1.0), pace 1.00, 0.0% clients bandwidth-degraded | tick p50 7.85 p99 15.22 max 15.22 ms, 0 overruns | out 153.6k pps 191 kbps/client, 837 Mbps | in 162.1k pps 13 kbps/client | stand-ins: repeated 0.00% frozen 0.00%, 0 late inputs | per client-tick: 759 B (near 200 B, 98% deltas), near 35.0 mid 25.1 far 21.4, far skipped 0 starved 0 | input wait p50 50.3 p99 65.8 ms | 0 joins deferred | kernel drops rcv 0 snd 0
         p50/p99 ms: ingress 1.04/3.61  events 1.51/8.38  movement 0.24/0.26  grid 0.28/0.33  history 0.00/0.01  serialize 0.13/0.15  assembly 1.84/1.90  transport 0.93/1.08  egress 1.72/2.08

== summary: 1708 steady-state ticks (after warmup, before clients drain), peak 5000 clients ==
  phase        p50 ms   p99 ms   max ms
  ingress        1.05     1.38     1.46
  events         1.45     1.86     2.10
  movement       0.24     0.31     0.63
  grid           0.28     0.37     0.40
  history        0.00     0.01     0.01
  serialize      0.13     0.17     0.19
  assembly       1.88     2.64     2.99
  transport      0.99     1.25     1.40
  egress         1.71     2.23     2.48
  tick           7.83     8.89     9.27
  overruns 0 | spawns 5000 despawns 5000 (13554 joins deferred) | stand-ins: repeated 0 frozen 0 | late inputs 0 discarded 0 | bad messages 0 | recv errors 0 send errors 0
  egress (whole run): 10516848 datagrams in 10516848 sends (1.00 per send), 115264 syscalls
  ticks per ladder level (whole run): L0: 1820
  input wait on the server (datagram arrival -> applied): p50 49.7 p99 65.8 max 68.6 mean 49.7 ms
  steady state: stand-ins repeated 0 frozen 0 | late inputs 0 discarded 0
