10000 bots -> 172.16.8.2:40500 on 24 threads, ramp 0/s, 60s, 10000 full + 0 sink bots
[    5s] bots 10000/10000 connected, 10000 welcomed, 0 failed | 22.8 snaps/s/bot, entities/snap near 15.0 mid 23.8 far 24.4 | corrections 0.000/s/bot | down 130 up 9 kbps/bot | rtt 29.5 ms loss 0.00% | input->applied ~ p50 70 p99 138 ms, round trip p50 100 p99 167 ms | joins 10000 (p50 723 p99 1611 ms) | server pace 1.00 level 4, 0 bots bandwidth-degraded | swarm busy 13%, overruns 0
[   10s] bots 10000/10000 connected, 10000 welcomed, 0 failed | 24.1 snaps/s/bot, entities/snap near 15.7 mid 11.2 far 6.0 | corrections 0.000/s/bot | down 71 up 12 kbps/bot | rtt 30.9 ms loss 0.00% | input->applied ~ p50 68 p99 98 ms, round trip p50 100 p99 133 ms | joins 0 (p50 0 p99 0 ms) | server pace 1.00 level 6, 0 bots bandwidth-degraded | swarm busy 13%, overruns 0
[   15s] bots 10000/10000 connected, 10000 welcomed, 0 failed | 19.6 snaps/s/bot, entities/snap near 15.7 mid 11.2 far 6.0 | corrections 0.000/s/bot | down 58 up 12 kbps/bot | rtt 30.6 ms loss 0.00% | input->applied ~ p50 69 p99 99 ms, round trip p50 100 p99 133 ms | joins 0 (p50 0 p99 0 ms) | server pace 1.00 level 6, 0 bots bandwidth-degraded | swarm busy 12%, overruns 0
[   20s] bots 10000/10000 connected, 10000 welcomed, 0 failed | 19.9 snaps/s/bot, entities/snap near 15.7 mid 11.2 far 6.0 | corrections 0.000/s/bot | down 58 up 12 kbps/bot | rtt 31.0 ms loss 0.00% | input->applied ~ p50 69 p99 99 ms, round trip p50 100 p99 133 ms | joins 0 (p50 0 p99 0 ms) | server pace 1.00 level 6, 0 bots bandwidth-degraded | swarm busy 12%, overruns 0
[   25s] bots 10000/10000 connected, 10000 welcomed, 0 failed | 20.3 snaps/s/bot, entities/snap near 15.7 mid 11.2 far 6.0 | corrections 0.000/s/bot | down 60 up 12 kbps/bot | rtt 31.0 ms loss 0.00% | input->applied ~ p50 70 p99 99 ms, round trip p50 100 p99 133 ms | joins 0 (p50 0 p99 0 ms) | server pace 1.00 level 6, 0 bots bandwidth-degraded | swarm busy 12%, overruns 0
[   30s] bots 10000/10000 connected, 10000 welcomed, 0 failed | 19.6 snaps/s/bot, entities/snap near 15.7 mid 11.2 far 6.0 | corrections 0.000/s/bot | down 58 up 12 kbps/bot | rtt 30.5 ms loss 0.00% | input->applied ~ p50 69 p99 99 ms, round trip p50 100 p99 133 ms | joins 0 (p50 0 p99 0 ms) | server pace 1.00 level 6, 0 bots bandwidth-degraded | swarm busy 12%, overruns 0
[   35s] bots 10000/10000 connected, 10000 welcomed, 0 failed | 20.2 snaps/s/bot, entities/snap near 15.7 mid 11.2 far 6.0 | corrections 0.000/s/bot | down 59 up 12 kbps/bot | rtt 30.6 ms loss 0.00% | input->applied ~ p50 69 p99 99 ms, round trip p50 100 p99 133 ms | joins 0 (p50 0 p99 0 ms) | server pace 1.00 level 6, 0 bots bandwidth-degraded | swarm busy 12%, overruns 0
[   40s] bots 10000/10000 connected, 10000 welcomed, 0 failed | 20.3 snaps/s/bot, entities/snap near 15.7 mid 11.2 far 6.0 | corrections 0.000/s/bot | down 60 up 12 kbps/bot | rtt 30.3 ms loss 0.00% | input->applied ~ p50 69 p99 99 ms, round trip p50 100 p99 133 ms | joins 0 (p50 0 p99 0 ms) | server pace 1.00 level 6, 0 bots bandwidth-degraded | swarm busy 12%, overruns 0
[   45s] bots 10000/10000 connected, 10000 welcomed, 0 failed | 19.5 snaps/s/bot, entities/snap near 15.7 mid 11.2 far 6.0 | corrections 0.000/s/bot | down 57 up 12 kbps/bot | rtt 30.1 ms loss 0.00% | input->applied ~ p50 69 p99 99 ms, round trip p50 100 p99 133 ms | joins 0 (p50 0 p99 0 ms) | server pace 1.00 level 6, 0 bots bandwidth-degraded | swarm busy 12%, overruns 0
[   50s] bots 10000/10000 connected, 10000 welcomed, 0 failed | 20.3 snaps/s/bot, entities/snap near 15.7 mid 11.2 far 6.0 | corrections 0.000/s/bot | down 60 up 12 kbps/bot | rtt 30.8 ms loss 0.00% | input->applied ~ p50 69 p99 99 ms, round trip p50 100 p99 133 ms | joins 0 (p50 0 p99 0 ms) | server pace 1.00 level 6, 0 bots bandwidth-degraded | swarm busy 12%, overruns 0
[   55s] bots 10000/10000 connected, 10000 welcomed, 0 failed | 19.8 snaps/s/bot, entities/snap near 15.8 mid 11.2 far 6.0 | corrections 0.000/s/bot | down 58 up 12 kbps/bot | rtt 30.4 ms loss 0.00% | input->applied ~ p50 69 p99 99 ms, round trip p50 100 p99 133 ms | joins 0 (p50 0 p99 0 ms) | server pace 1.00 level 6, 0 bots bandwidth-degraded | swarm busy 12%, overruns 0
[   60s] bots 10000/10000 connected, 10000 welcomed, 0 failed | 20.1 snaps/s/bot, entities/snap near 15.8 mid 11.2 far 6.0 | corrections 0.000/s/bot | down 59 up 12 kbps/bot | rtt 30.3 ms loss 0.00% | input->applied ~ p50 69 p99 99 ms, round trip p50 100 p99 133 ms | joins 0 (p50 0 p99 0 ms) | server pace 1.00 level 6, 0 bots bandwidth-degraded | swarm busy 12%, overruns 0

== bots summary ==
  started 10000 welcomed 10000 failed 0
  join latency ms: p50 723 p99 1611 max 1847 (n=10000)
  corrections 0 (0.00/bot-minute), mean error 0.000 m, max 0.000 m
  snapshots 12374992 (entities per snapshot: near 15.7 mid 12.3 far 7.7), stale 0, unmatched acks 0, resyncs 0
  input -> applied on server (est. RTT/2 + server wait): p50 69.0 p99 114.0 max 150.0 mean 69.3 ms (n=12368675)
    of which server wait (arrival -> applied): p50 53.9 p99 96.2 max 131.3 mean 54.1 ms (n=12368675)
  input -> seen acked (round trip): p50 100.0 p99 133.0 max 200.0 mean 99.6 ms (n=12368675)
  near entity update interval (tracked bots): p50 50.0 p99 50.0 max 250.0 mean 47.9 ms (n=9691979)
  mid entity update interval (tracked bots): p50 250.0 p99 250.0 max 1500.0 mean 223.3 ms (n=7735153)
  far entity update interval (tracked bots): p50 1500.0 p99 3000.0 max 60000.0 mean 1403.9 ms (n=4436375)
  input clock: 120395 extra inputs, 141349 skipped ticks, 0 backlog skips | near decode errors (tracked bots) 0
  bytes down 4932.4 MB up 882.0 MB | swarm busy 12% of its threads' time, tick overruns 0
