preallocated connections for 10000 clients in 220.947991ms
listening on 172.16.8.2:40500 | spawn Uniform | tiers near 64@150 m, mid 500 m, far 1500 m, budget 6250 B/tick, squads of 4 | 8 rayon threads, 64 shards, 256 accepts/tick, egress SendMmsg | socket buffers rcv 32768 KiB snd 32768 KiB
[    5s] clients 10000 | level 4 (0-4 in window: 30 Hz, dilation 1.0), pace 1.00, 0.0% clients bandwidth-degraded | tick p50 32.20 p99 38.43 max 38.51 ms, 45 overruns | out 228.8k pps 171 kbps/client, 1253 Mbps | in 227.4k pps 16 kbps/client | stand-ins: repeated 0.00% frozen 0.00%, 0 late inputs | per client-tick: 688 B (near 94 B, 98% deltas), near 14.9 mid 24.4 far 25.4, far skipped 0 starved 0 | input wait p50 55.1 p99 120.6 ms | 51741 joins deferred | kernel drops rcv 0 snd 0
         p50/p99 ms: ingress 2.77/5.55  events 2.39/3.99  movement 0.26/0.32  grid 0.39/0.43  history 0.01/0.05  serialize 0.13/0.27  assembly 10.22/13.15  transport 8.86/11.14  egress 6.55/7.69
[   10s] clients 10000 | level 6 (4-6 in window: 20 Hz, dilation 1.0), pace 1.00, 0.0% clients bandwidth-degraded | tick p50 31.30 p99 33.75 max 34.10 ms, 0 overruns | out 238.3k pps 70 kbps/client, 698 Mbps | in 298.9k pps 12 kbps/client | stand-ins: repeated 0.00% frozen 0.00%, 0 late inputs | per client-tick: 331 B (near 96 B, 100% deltas), near 15.7 mid 11.2 far 6.0, far skipped 0 starved 0 | input wait p50 52.7 p99 82.6 ms | 0 joins deferred | kernel drops rcv 0 snd 0
         p50/p99 ms: ingress 3.74/4.04  events 3.16/3.49  movement 0.29/0.34  grid 0.39/0.43  history 0.01/0.01  serialize 0.11/0.14  assembly 9.14/9.74  transport 8.37/9.82  egress 6.61/6.98
[   15s] clients 10000 | level 6 (6-6 in window: 20 Hz, dilation 1.0), pace 1.00, 0.0% clients bandwidth-degraded | tick p50 32.11 p99 33.31 max 33.41 ms, 0 overruns | out 200.1k pps 59 kbps/client, 587 Mbps | in 298.0k pps 12 kbps/client | stand-ins: repeated 0.00% frozen 0.00%, 0 late inputs | per client-tick: 331 B (near 96 B, 100% deltas), near 15.7 mid 11.2 far 6.0, far skipped 0 starved 0 | input wait p50 54.1 p99 83.2 ms | 0 joins deferred | kernel drops rcv 0 snd 0
         p50/p99 ms: ingress 3.86/4.01  events 3.38/3.48  movement 0.30/0.34  grid 0.36/0.39  history 0.01/0.01  serialize 0.11/0.13  assembly 9.16/9.46  transport 8.35/9.31  egress 6.53/6.77
[   20s] clients 10000 | level 6 (6-6 in window: 20 Hz, dilation 1.0), pace 1.00, 0.0% clients bandwidth-degraded | tick p50 32.15 p99 34.11 max 34.44 ms, 0 overruns | out 200.0k pps 59 kbps/client, 586 Mbps | in 298.0k pps 12 kbps/client | stand-ins: repeated 0.00% frozen 0.00%, 0 late inputs | per client-tick: 331 B (near 96 B, 100% deltas), near 15.7 mid 11.2 far 6.0, far skipped 0 starved 0 | input wait p50 54.0 p99 83.2 ms | 0 joins deferred | kernel drops rcv 0 snd 0
         p50/p99 ms: ingress 3.86/4.06  events 3.36/3.52  movement 0.29/0.36  grid 0.36/0.39  history 0.01/0.01  serialize 0.12/0.16  assembly 9.17/9.94  transport 8.50/9.78  egress 6.42/6.71
[   25s] clients 10000 | level 6 (6-6 in window: 20 Hz, dilation 1.0), pace 1.00, 0.0% clients bandwidth-degraded | tick p50 32.15 p99 33.75 max 33.93 ms, 0 overruns | out 200.0k pps 59 kbps/client, 587 Mbps | in 298.0k pps 12 kbps/client | stand-ins: repeated 0.00% frozen 0.00%, 0 late inputs | per client-tick: 331 B (near 96 B, 100% deltas), near 15.7 mid 11.2 far 6.0, far skipped 0 starved 0 | input wait p50 54.0 p99 83.2 ms | 0 joins deferred | kernel drops rcv 0 snd 0
         p50/p99 ms: ingress 3.85/4.00  events 3.36/4.48  movement 0.29/0.35  grid 0.37/0.46  history 0.01/0.01  serialize 0.11/0.16  assembly 9.17/9.74  transport 8.47/9.56  egress 6.44/6.73
[   30s] clients 10000 | level 6 (6-6 in window: 20 Hz, dilation 1.0), pace 1.00, 0.0% clients bandwidth-degraded | tick p50 31.85 p99 33.55 max 33.59 ms, 0 overruns | out 200.0k pps 59 kbps/client, 587 Mbps | in 298.0k pps 12 kbps/client | stand-ins: repeated 0.00% frozen 0.00%, 0 late inputs | per client-tick: 331 B (near 96 B, 100% deltas), near 15.7 mid 11.2 far 6.0, far skipped 0 starved 0 | input wait p50 53.9 p99 83.2 ms | 0 joins deferred | kernel drops rcv 0 snd 0
         p50/p99 ms: ingress 3.86/3.99  events 3.36/4.33  movement 0.30/0.35  grid 0.36/0.42  history 0.01/0.01  serialize 0.12/0.14  assembly 9.04/9.55  transport 8.38/9.88  egress 6.36/6.61
[   35s] clients 10000 | level 6 (6-6 in window: 20 Hz, dilation 1.0), pace 1.00, 0.0% clients bandwidth-degraded | tick p50 31.86 p99 33.12 max 33.41 ms, 0 overruns | out 200.0k pps 59 kbps/client, 587 Mbps | in 297.9k pps 12 kbps/client | stand-ins: repeated 0.00% frozen 0.00%, 0 late inputs | per client-tick: 331 B (near 96 B, 100% deltas), near 15.7 mid 11.2 far 6.0, far skipped 0 starved 0 | input wait p50 54.0 p99 83.2 ms | 0 joins deferred | kernel drops rcv 0 snd 0
         p50/p99 ms: ingress 3.89/4.08  events 3.36/4.56  movement 0.30/0.34  grid 0.36/0.46  history 0.01/0.01  serialize 0.12/0.14  assembly 9.05/9.35  transport 8.36/9.72  egress 6.39/6.67
[   40s] clients 10000 | level 6 (6-6 in window: 20 Hz, dilation 1.0), pace 1.00, 0.0% clients bandwidth-degraded | tick p50 31.78 p99 33.74 max 34.41 ms, 0 overruns | out 200.0k pps 59 kbps/client, 587 Mbps | in 298.0k pps 12 kbps/client | stand-ins: repeated 0.00% frozen 0.00%, 0 late inputs | per client-tick: 331 B (near 96 B, 100% deltas), near 15.7 mid 11.2 far 6.0, far skipped 0 starved 0 | input wait p50 53.9 p99 83.2 ms | 0 joins deferred | kernel drops rcv 0 snd 0
         p50/p99 ms: ingress 3.90/4.04  events 3.36/4.54  movement 0.30/0.34  grid 0.36/0.44  history 0.01/0.01  serialize 0.12/0.13  assembly 9.07/9.46  transport 8.25/9.71  egress 6.35/6.56
[   45s] clients 10000 | level 6 (6-6 in window: 20 Hz, dilation 1.0), pace 1.00, 0.0% clients bandwidth-degraded | tick p50 31.71 p99 32.91 max 33.55 ms, 0 overruns | out 199.9k pps 59 kbps/client, 587 Mbps | in 297.9k pps 12 kbps/client | stand-ins: repeated 0.00% frozen 0.00%, 0 late inputs | per client-tick: 331 B (near 96 B, 100% deltas), near 15.7 mid 11.2 far 6.0, far skipped 0 starved 0 | input wait p50 54.0 p99 83.3 ms | 0 joins deferred | kernel drops rcv 0 snd 0
         p50/p99 ms: ingress 3.81/4.00  events 3.36/3.45  movement 0.30/0.34  grid 0.36/0.39  history 0.01/0.01  serialize 0.11/0.13  assembly 9.02/9.30  transport 8.27/9.61  egress 6.43/6.67
[   50s] clients 10000 | level 6 (6-6 in window: 20 Hz, dilation 1.0), pace 1.00, 0.0% clients bandwidth-degraded | tick p50 32.14 p99 33.70 max 33.72 ms, 0 overruns | out 200.0k pps 59 kbps/client, 587 Mbps | in 298.0k pps 12 kbps/client | stand-ins: repeated 0.00% frozen 0.00%, 0 late inputs | per client-tick: 331 B (near 96 B, 100% deltas), near 15.7 mid 11.2 far 6.0, far skipped 0 starved 0 | input wait p50 53.9 p99 83.2 ms | 0 joins deferred | kernel drops rcv 0 snd 0
         p50/p99 ms: ingress 3.78/3.99  events 3.35/4.35  movement 0.30/0.36  grid 0.36/0.45  history 0.01/0.01  serialize 0.12/0.16  assembly 9.16/9.79  transport 8.47/9.66  egress 6.56/6.86
[   55s] clients 10000 | level 6 (6-6 in window: 20 Hz, dilation 1.0), pace 1.00, 0.0% clients bandwidth-degraded | tick p50 31.67 p99 33.19 max 34.15 ms, 0 overruns | out 200.0k pps 59 kbps/client, 587 Mbps | in 298.0k pps 12 kbps/client | stand-ins: repeated 0.00% frozen 0.00%, 0 late inputs | per client-tick: 331 B (near 96 B, 100% deltas), near 15.8 mid 11.2 far 6.0, far skipped 0 starved 0 | input wait p50 53.9 p99 83.3 ms | 0 joins deferred | kernel drops rcv 0 snd 0
         p50/p99 ms: ingress 3.81/3.99  events 3.36/4.20  movement 0.29/0.35  grid 0.36/0.41  history 0.01/0.01  serialize 0.11/0.15  assembly 9.01/9.68  transport 8.29/9.71  egress 6.35/6.63
[   60s] clients 10000 | level 6 (6-6 in window: 20 Hz, dilation 1.0), pace 1.00, 0.0% clients bandwidth-degraded | tick p50 31.68 p99 33.04 max 33.36 ms, 0 overruns | out 200.1k pps 59 kbps/client, 588 Mbps | in 298.0k pps 12 kbps/client | stand-ins: repeated 0.00% frozen 0.00%, 0 late inputs | per client-tick: 331 B (near 96 B, 100% deltas), near 15.8 mid 11.2 far 6.0, far skipped 0 starved 0 | input wait p50 54.1 p99 83.3 ms | 0 joins deferred | kernel drops rcv 0 snd 0
         p50/p99 ms: ingress 3.77/3.97  events 3.39/3.50  movement 0.29/0.34  grid 0.36/0.39  history 0.01/0.01  serialize 0.11/0.13  assembly 9.06/9.51  transport 8.31/9.36  egress 6.35/6.70
[   61s] clients 0 | level 6 (6-6 in window: 20 Hz, dilation 1.0), pace 1.00, 0.0% clients bandwidth-degraded | tick p50 32.28 p99 32.60 max 32.60 ms, 0 overruns | out 159.7k pps 59 kbps/client, 451 Mbps | in 311.1k pps 13 kbps/client | stand-ins: repeated 0.00% frozen 0.00%, 0 late inputs | per client-tick: 318 B (near 93 B, 100% deltas), near 15.1 mid 10.6 far 5.7, far skipped 0 starved 0 | input wait p50 57.5 p99 83.4 ms | 0 joins deferred | kernel drops rcv 0 snd 0
         p50/p99 ms: ingress 3.85/5.73  events 3.40/14.39  movement 0.27/0.35  grid 0.35/0.39  history 0.01/0.01  serialize 0.12/0.17  assembly 9.40/9.65  transport 8.12/8.31  egress 6.52/6.73

== summary: 1171 steady-state ticks (after warmup, before clients drain), peak 10000 clients ==
  phase        p50 ms   p99 ms   max ms
  ingress        3.84     4.03     4.11
  events         3.36     4.43     4.58
  movement       0.29     0.35     0.37
  grid           0.37     0.45     0.47
  history        0.01     0.01     0.02
  serialize      0.12     0.15     0.17
  assembly       9.11    10.30    11.61
  transport      8.38     9.88    11.14
  egress         6.44     6.81     7.00
  tick          31.89    33.74    34.44
  overruns 6 | spawns 10000 despawns 10000 (51741 joins deferred) | stand-ins: repeated 0 frozen 0 | late inputs 0 discarded 0 | bad messages 0 | recv errors 0 send errors 0
  egress (whole run): 12467329 datagrams in 12467329 sends (1.00 per send), 80704 syscalls
  ticks per ladder level (whole run): L0: 51, L1: 31, L2: 31, L3: 31, L4: 31, L5: 31, L6: 1075
  input wait on the server (datagram arrival -> applied): p50 53.9 p99 96.3 max 131.3 mean 54.1 ms
  steady state: stand-ins repeated 0 frozen 0 | late inputs 0 discarded 0
