10000 bots -> 172.31.17.93:14500 on 28 threads x 8 slots, ramp 0/s, 60s, 10000 full + 0 sink bots
[    5s] bots 10000/10000 connected, 10000 welcomed, 0 failed | 24.0 snaps/s/bot, entities/snap near 15.1 mid 40.0 far 56.5 | corrections 0.001/s/bot | down 265 up 12 kbps/bot | rtt 18.8 ms loss 0.00% | input->applied ~ p50 60 p99 76 ms, round trip p50 100 p99 101 ms | joins 10000 (p50 728 p99 1516 ms) | server pace 1.00 level 0, 0 bots bandwidth-degraded | swarm busy 25%, overruns 365
[   10s] bots 10000/10000 connected, 10000 welcomed, 0 failed | 28.6 snaps/s/bot, entities/snap near 15.7 mid 41.9 far 58.7 | corrections 0.000/s/bot | down 328 up 15 kbps/bot | rtt 19.0 ms loss 0.00% | input->applied ~ p50 60 p99 76 ms, round trip p50 100 p99 100 ms | joins 0 (p50 0 p99 0 ms) | server pace 1.00 level 0, 0 bots bandwidth-degraded | swarm busy 32%, overruns 0
[   15s] bots 10000/10000 connected, 10000 welcomed, 0 failed | 30.2 snaps/s/bot, entities/snap near 15.7 mid 41.8 far 58.7 | corrections 0.000/s/bot | down 345 up 16 kbps/bot | rtt 18.5 ms loss 0.00% | input->applied ~ p50 60 p99 76 ms, round trip p50 100 p99 100 ms | joins 0 (p50 0 p99 0 ms) | server pace 1.00 level 0, 0 bots bandwidth-degraded | swarm busy 32%, overruns 0
[   20s] bots 10000/10000 connected, 10000 welcomed, 0 failed | 29.9 snaps/s/bot, entities/snap near 15.8 mid 41.8 far 58.7 | corrections 0.000/s/bot | down 342 up 15 kbps/bot | rtt 20.3 ms loss 0.00% | input->applied ~ p50 63 p99 118 ms, round trip p50 100 p99 133 ms | joins 0 (p50 0 p99 0 ms) | server pace 1.00 level 0, 0 bots bandwidth-degraded | swarm busy 32%, overruns 0
[   25s] bots 10000/10000 connected, 10000 welcomed, 0 failed | 30.1 snaps/s/bot, entities/snap near 15.8 mid 41.8 far 58.7 | corrections 0.000/s/bot | down 345 up 16 kbps/bot | rtt 20.6 ms loss 0.00% | input->applied ~ p50 61 p99 76 ms, round trip p50 100 p99 100 ms | joins 0 (p50 0 p99 0 ms) | server pace 1.00 level 0, 0 bots bandwidth-degraded | swarm busy 32%, overruns 9
[   30s] bots 10000/10000 connected, 10000 welcomed, 0 failed | 30.2 snaps/s/bot, entities/snap near 15.9 mid 41.8 far 58.7 | corrections 0.000/s/bot | down 346 up 16 kbps/bot | rtt 20.5 ms loss 0.00% | input->applied ~ p50 61 p99 76 ms, round trip p50 100 p99 100 ms | joins 0 (p50 0 p99 0 ms) | server pace 1.00 level 0, 0 bots bandwidth-degraded | swarm busy 33%, overruns 6
[   35s] bots 10000/10000 connected, 10000 welcomed, 0 failed | 30.2 snaps/s/bot, entities/snap near 15.9 mid 41.7 far 58.7 | corrections 0.000/s/bot | down 346 up 16 kbps/bot | rtt 19.8 ms loss 0.00% | input->applied ~ p50 60 p99 76 ms, round trip p50 100 p99 100 ms | joins 0 (p50 0 p99 0 ms) | server pace 1.00 level 0, 0 bots bandwidth-degraded | swarm busy 33%, overruns 10
[   40s] bots 10000/10000 connected, 10000 welcomed, 0 failed | 30.1 snaps/s/bot, entities/snap near 15.9 mid 41.8 far 58.7 | corrections 0.000/s/bot | down 345 up 16 kbps/bot | rtt 19.2 ms loss 0.00% | input->applied ~ p50 60 p99 76 ms, round trip p50 100 p99 100 ms | joins 0 (p50 0 p99 0 ms) | server pace 1.00 level 0, 0 bots bandwidth-degraded | swarm busy 33%, overruns 0
[   45s] bots 10000/10000 connected, 10000 welcomed, 0 failed | 30.1 snaps/s/bot, entities/snap near 15.9 mid 41.7 far 58.7 | corrections 0.000/s/bot | down 345 up 16 kbps/bot | rtt 19.3 ms loss 0.00% | input->applied ~ p50 60 p99 76 ms, round trip p50 100 p99 100 ms | joins 0 (p50 0 p99 0 ms) | server pace 1.00 level 0, 0 bots bandwidth-degraded | swarm busy 33%, overruns 1
[   50s] bots 10000/10000 connected, 10000 welcomed, 0 failed | 30.1 snaps/s/bot, entities/snap near 15.9 mid 41.7 far 58.7 | corrections 0.000/s/bot | down 345 up 16 kbps/bot | rtt 19.3 ms loss 0.00% | input->applied ~ p50 60 p99 76 ms, round trip p50 100 p99 100 ms | joins 0 (p50 0 p99 0 ms) | server pace 1.00 level 0, 0 bots bandwidth-degraded | swarm busy 33%, overruns 20
[   55s] bots 10000/10000 connected, 10000 welcomed, 0 failed | 30.1 snaps/s/bot, entities/snap near 15.9 mid 41.7 far 58.7 | corrections 0.000/s/bot | down 345 up 16 kbps/bot | rtt 19.1 ms loss 0.00% | input->applied ~ p50 60 p99 76 ms, round trip p50 100 p99 100 ms | joins 0 (p50 0 p99 0 ms) | server pace 1.00 level 0, 0 bots bandwidth-degraded | swarm busy 33%, overruns 0
[   60s] bots 10000/10000 connected, 10000 welcomed, 0 failed | 30.3 snaps/s/bot, entities/snap near 15.9 mid 41.7 far 58.7 | corrections 0.000/s/bot | down 347 up 16 kbps/bot | rtt 19.0 ms loss 0.00% | input->applied ~ p50 60 p99 76 ms, round trip p50 100 p99 100 ms | joins 0 (p50 0 p99 0 ms) | server pace 1.00 level 0, 0 bots bandwidth-degraded | swarm busy 33%, overruns 0

== bots summary ==
  started 10000 welcomed 10000 failed 0
  join latency ms: p50 728 p99 1516 max 1815 (n=10000)
  corrections 33 (0.00/bot-minute), mean error 0.073 m, max 0.143 m
  push corrections (the server pushed us apart from a crowd) 6297 (0.63/bot-minute), max 0.101 m
  snapshots 17762938 (entities per snapshot: near 15.8 mid 41.6 far 58.5), stale 0, unmatched acks 0, resyncs 159
  input -> applied on server (est. RTT/2 + server wait): p50 60.0 p99 78.0 max 150.0 mean 60.5 ms (n=17757723)
    of which server wait (arrival -> applied): p50 50.4 p99 67.7 max 140.1 mean 50.7 ms (n=17757723)
  input -> seen acked (round trip): p50 100.0 p99 100.0 max 167.0 mean 86.2 ms (n=17758509)
  near entity update interval (tracked bots): p50 33.0 p99 33.0 max 500.0 mean 33.0 ms (n=15804312)
  mid entity update interval (tracked bots): p50 100.0 p99 100.0 max 500.0 mean 100.3 ms (n=45416833)
  far entity update interval (tracked bots): p50 500.0 p99 500.0 max 2000.0 mean 500.0 ms (n=62237372)
  near drawn (tracked bots): 99.81% interpolated, 0.05% extrapolated, 0.00% held, 0.14% new | pops p50 0 p99 0 max 2727 mm
  mid drawn (tracked bots): 99.50% interpolated, 0.15% extrapolated, 0.01% held, 0.34% new | pops p50 0 p99 0 max 4623 mm
  far drawn (tracked bots): 40.00% interpolated, 58.97% extrapolated, 0.57% held, 0.47% new | pops p50 387 p99 3666 max 65535 mm
  render delay (near) 87.0 ms behind the newest step, clock snaps 0 (backwards 0), slewing 6.50% of frames, near delay changes 659 | streak entity-frames (drawn > 20 m/s) 16903250
  fighters, class 0: 200 at rtt 19.4 ms | 68322 shots, 13166 hits (19.3%), 2591 kills
  others' shots (tracked bots): 971176 as tracers | distant fights: 15837800 cell entries counting 82432362 shots, 35733999 ambient shots made
  input clock: 12383 extra inputs, 15061 skipped ticks, 159 backlog skips | near decode errors (tracked bots) 0
  bytes down 25361.5 MB up 1143.2 MB | swarm busy 32% of its threads' time, tick overruns 411
