== uniform, 10000 bots, 60s -> baselines/2026-10-07-aws-m3e/m3e-uniform-10k-fire20-1
== summary: 1708 steady-state ticks (after warmup, before clients drain), peak 10000 clients ==
  phase        p50 ms   p99 ms   max ms
  ingress        1.27     2.72     2.97
  events         4.02     5.07     7.21
  movement       1.01     1.24     1.82
  grid           0.47     0.57     0.82
  separate       0.57     1.10     1.40
  history        0.02     0.05     0.07
  shots          3.22     4.08     4.68
  serialize      0.34     0.51     1.11
  assembly       3.51     4.39     5.71
  transport      2.16     2.74     3.14
  egress         4.24     4.79     5.26
  tick          21.05    24.06    27.74
  overruns 0 | spawns 10000 despawns 10000 (52685 joins deferred) | deaths 2713 respawns 2518 | stand-ins: repeated 945 frozen 0 | late inputs 786 discarded 0 | bad messages 0 | recv errors 0 send errors 0
  egress (whole run): 32233542 datagrams in 32233542 sends (1.00 per send), 210605 syscalls
  ingress (whole run): 17874268 datagrams in 311659 receive calls (57.35 per call)
  ticks per ladder level (whole run): L0: 1816
  input wait on the server (datagram arrival -> applied): p50 50.5 p99 68.0 max 140.1 mean 50.7 ms
  steady state: stand-ins repeated 0 frozen 0 | late inputs 0 discarded 0
  rewind of near targets (applied step - the input's render step for that tier): p50 164 p99 200 max 240 mean 151.6 ms (n=17633138)
  rewind of mid/far targets (applied step - the input's render step for that tier): p50 292 p99 300 max 365 mean 283.8 ms (n=17633138)
  render times ahead of the server (bogus) 0
  shots 1135081 (late 16, refused 433, rewinds capped 92) | hits head 1300 body 16397 (after cover 365, too late 1122), kills 2713 | ground 687847 cover 82777 expired 332140 | segments 52955530 candidates 1582955
== bots summary ==
  started 10000 welcomed 10000 failed 0
  join latency ms: p50 728 p99 1516 max 1815 (n=10000)
  corrections 33 (0.00/bot-minute), mean error 0.073 m, max 0.143 m
  push corrections (the server pushed us apart from a crowd) 6297 (0.63/bot-minute), max 0.101 m
  snapshots 17762938 (entities per snapshot: near 15.8 mid 41.6 far 58.5), stale 0, unmatched acks 0, resyncs 159
  input -> applied on server (est. RTT/2 + server wait): p50 60.0 p99 78.0 max 150.0 mean 60.5 ms (n=17757723)
    of which server wait (arrival -> applied): p50 50.4 p99 67.7 max 140.1 mean 50.7 ms (n=17757723)
  input -> seen acked (round trip): p50 100.0 p99 100.0 max 167.0 mean 86.2 ms (n=17758509)
  near entity update interval (tracked bots): p50 33.0 p99 33.0 max 500.0 mean 33.0 ms (n=15804312)
  mid entity update interval (tracked bots): p50 100.0 p99 100.0 max 500.0 mean 100.3 ms (n=45416833)
  far entity update interval (tracked bots): p50 500.0 p99 500.0 max 2000.0 mean 500.0 ms (n=62237372)
  near drawn (tracked bots): 99.81% interpolated, 0.05% extrapolated, 0.00% held, 0.14% new | pops p50 0 p99 0 max 2727 mm
  mid drawn (tracked bots): 99.50% interpolated, 0.15% extrapolated, 0.01% held, 0.34% new | pops p50 0 p99 0 max 4623 mm
  far drawn (tracked bots): 40.00% interpolated, 58.97% extrapolated, 0.57% held, 0.47% new | pops p50 387 p99 3666 max 65535 mm
  render delay (near) 87.0 ms behind the newest step, clock snaps 0 (backwards 0), slewing 6.50% of frames, near delay changes 659 | streak entity-frames (drawn > 20 m/s) 16903250
  fighters, class 0: 200 at rtt 19.4 ms | 68322 shots, 13166 hits (19.3%), 2591 kills
  others' shots (tracked bots): 971176 as tracers | distant fights: 15837800 cell entries counting 82432362 shots, 35733999 ambient shots made
  input clock: 12383 extra inputs, 15061 skipped ticks, 159 backlog skips | near decode errors (tracked bots) 0
  bytes down 25361.5 MB up 1143.2 MB | swarm busy 32% of its threads' time, tick overruns 411
