spawn=uniform
egress=sendmmsg
ingress=recvmmsg
rx_gather_us=1000
ladder=on
threads=64
shards=64
sockets=1
peak_clients=10000
steady_ticks=1708
steady_secs=57.0
ingress_p50_ms=1.27
ingress_p99_ms=2.72
ingress_max_ms=2.97
events_p50_ms=4.02
events_p99_ms=5.07
events_max_ms=7.21
movement_p50_ms=1.01
movement_p99_ms=1.24
movement_max_ms=1.82
grid_p50_ms=0.47
grid_p99_ms=0.57
grid_max_ms=0.82
separate_p50_ms=0.57
separate_p99_ms=1.10
separate_max_ms=1.40
history_p50_ms=0.02
history_p99_ms=0.05
history_max_ms=0.07
shots_p50_ms=3.22
shots_p99_ms=4.08
shots_max_ms=4.68
serialize_p50_ms=0.34
serialize_p99_ms=0.51
serialize_max_ms=1.11
assembly_p50_ms=3.51
assembly_p99_ms=4.39
assembly_max_ms=5.71
transport_p50_ms=2.16
transport_p99_ms=2.74
transport_max_ms=3.14
egress_p50_ms=4.24
egress_p99_ms=4.79
egress_max_ms=5.26
tick_p50_ms=21.05
tick_p99_ms=24.06
tick_max_ms=27.74
steady_overruns=0
level_mode=0
tick_hz=30
dilation=1
levels=L0:1708
clients_avg=10000
out_pps=544582
in_pps=300061
egress_mbps=3433.7
packets_per_client_tick=1.82
wire_bytes_per_client_tick=1432
down_kbps_per_client=343.4
up_kbps_per_client=15.4
recv_per_call=57.31
ingress_thread_busy_max_pct=29.9
ingress_thread_busy_mean_pct=29.9
kernel_rcvbuf_drops=0
kernel_sndbuf_drops=0
snapshot_bytes_per_client_tick=1368
near_bytes_per_client_tick=110
activity_bytes_per_client_tick=74.8
near_per_client_tick=15.8
mid_per_client_tick=41.8
far_per_client_tick=58.7
near_scanned_per_query=18
mid_scanned_per_query=55
far_skipped=0
far_starved=0
repeated=0
frozen=0
late_inputs=0
discarded_inputs=0
input_wait_p10_ms=36.8
input_wait_p50_ms=50.5
input_wait_p90_ms=64.4
input_wait_p99_ms=68.0
spawns=10000
despawns=10000
deaths=2713
respawns=2518
shots=1135081
shots_late=16
shots_refused=433
rewinds_capped=92
rewinds_trimmed=68
hits_head=1300
hits_body=16397
hits_ground=687847
hits_cover=82777
projectiles_expired=332140
kills=2713
hits_after_cover=365
hits_too_late=1122
events=54854
tracer_bytes=190761558
activity_cells=218972
activity_sent=261422104
activity_bytes=1322615366
activity_cut=0
projectile_segments=52955530
hit_candidates=1582955
joins_deferred=52685
bad_messages=0
recv_errors=0
send_errors=0
datagrams=32233542
sends=32233542
send_syscalls=210605
rewind_near_p50_ms=164
rewind_near_p99_ms=200
rewind_near_mean_ms=151.6
rewind_mid_p50_ms=292
rewind_mid_p99_ms=300
rewind_mid_mean_ms=283.8
ingress_longest_p50_ms=0.78
ingress_work_p50_ms=38.40
assembly_longest_p50_ms=2.35
assembly_work_p50_ms=117.08
transport_longest_p50_ms=1.78
transport_work_p50_ms=86.97
egress_longest_p50_ms=4.02
egress_work_p50_ms=127.23
