preallocated connections for 10000 clients in 245.215821ms
listening on 172.31.17.93:14500 | spawn Uniform | tiers near 64@150 m, mid 500 m, far 1500 m, budget 6250 B/tick, squads of 4 | 64 rayon threads, 64 shards, 1 socket(s), 256 accepts/tick, egress SendMmsg, ingress RecvMmsg | socket buffers rcv 32768 KiB snd 32768 KiB
[    5s] clients 10000 | level 0 (0-0 in window: 30 Hz, dilation 1.0), pace 1.00, 0.0% clients bandwidth-degraded | tick p50 20.11 p99 22.23 max 22.40 ms, 0 overruns | out 400.6k pps 328 kbps/client, 2489 Mbps | in 241.0k pps 19 kbps/client, 58.8 per recv, receive thread busy 26% | stand-ins: repeated 0.08% frozen 0.00%, 786 late inputs | per client-tick: 1300 B (near 107 B, 99% deltas), near 14.9 mid 39.5 far 55.8, far skipped 0 starved 0 | input wait p50 50.5 p99 67.0 ms | 52685 joins deferred | kernel drops rcv 0 snd 0
         p50/p99 ms: ingress 1.30/5.65  events 3.89/5.79  movement 0.95/1.17  grid 0.46/0.56  separate 0.52/0.84  history 0.02/0.12  shots 2.85/3.88  serialize 0.33/0.48  assembly 3.35/4.05  transport 2.02/2.44  egress 4.12/4.64
[   10s] clients 10000 | level 0 (0-0 in window: 30 Hz, dilation 1.0), pace 1.00, 0.0% clients bandwidth-degraded | tick p50 20.74 p99 23.02 max 23.47 ms, 0 overruns | out 545.6k pps 344 kbps/client, 3436 Mbps | in 299.9k pps 15 kbps/client, 59.5 per recv, receive thread busy 31% | stand-ins: repeated 0.00% frozen 0.00%, 0 late inputs | per client-tick: 1369 B (near 109 B, 100% deltas), near 15.7 mid 41.9 far 58.7, far skipped 0 starved 0 | input wait p50 50.1 p99 66.7 ms | 0 joins deferred | kernel drops rcv 0 snd 0
         p50/p99 ms: ingress 1.25/2.42  events 3.95/5.32  movement 0.99/1.15  grid 0.47/0.65  separate 0.54/0.86  history 0.02/0.05  shots 3.11/3.80  serialize 0.33/0.43  assembly 3.43/4.37  transport 2.10/2.44  egress 4.20/4.79
[   15s] clients 10000 | level 0 (0-0 in window: 30 Hz, dilation 1.0), pace 1.00, 0.0% clients bandwidth-degraded | tick p50 20.59 p99 22.77 max 24.06 ms, 0 overruns | out 545.5k pps 344 kbps/client, 3436 Mbps | in 299.9k pps 15 kbps/client, 59.6 per recv, receive thread busy 31% | stand-ins: repeated 0.00% frozen 0.00%, 0 late inputs | per client-tick: 1368 B (near 110 B, 100% deltas), near 15.7 mid 41.8 far 58.7, far skipped 0 starved 0 | input wait p50 50.2 p99 66.8 ms | 0 joins deferred | kernel drops rcv 0 snd 0
         p50/p99 ms: ingress 1.24/2.48  events 3.94/4.86  movement 1.00/1.20  grid 0.47/0.51  separate 0.55/0.81  history 0.02/0.05  shots 3.09/3.68  serialize 0.33/0.45  assembly 3.44/4.32  transport 2.11/2.52  egress 4.18/4.88
[   20s] clients 10000 | level 0 (0-0 in window: 30 Hz, dilation 1.0), pace 1.00, 0.0% clients bandwidth-degraded | tick p50 22.00 p99 24.84 max 27.74 ms, 0 overruns | out 540.2k pps 340 kbps/client, 3403 Mbps | in 297.3k pps 15 kbps/client, 52.9 per recv, receive thread busy 31% | stand-ins: repeated 0.00% frozen 0.00%, 0 late inputs | per client-tick: 1368 B (near 110 B, 100% deltas), near 15.8 mid 41.8 far 58.7, far skipped 0 starved 0 | input wait p50 52.9 p99 107.6 ms | 0 joins deferred | kernel drops rcv 0 snd 0
         p50/p99 ms: ingress 1.33/2.95  events 4.07/5.38  movement 1.06/1.29  grid 0.48/0.52  separate 0.81/1.20  history 0.02/0.04  shots 3.24/4.19  serialize 0.39/0.57  assembly 3.64/4.92  transport 2.39/2.89  egress 4.41/4.93
[   25s] clients 10000 | level 0 (0-0 in window: 30 Hz, dilation 1.0), pace 1.00, 0.0% clients bandwidth-degraded | tick p50 22.24 p99 24.43 max 24.43 ms, 0 overruns | out 545.1k pps 344 kbps/client, 3436 Mbps | in 300.0k pps 15 kbps/client, 57.9 per recv, receive thread busy 31% | stand-ins: repeated 0.00% frozen 0.00%, 0 late inputs | per client-tick: 1369 B (near 110 B, 100% deltas), near 15.8 mid 41.8 far 58.7, far skipped 0 starved 0 | input wait p50 49.9 p99 66.1 ms | 0 joins deferred | kernel drops rcv 0 snd 0
         p50/p99 ms: ingress 1.31/2.71  events 4.10/5.05  movement 1.07/1.40  grid 0.49/0.57  separate 0.80/1.21  history 0.02/0.04  shots 3.36/4.06  serialize 0.39/0.51  assembly 3.68/4.48  transport 2.40/3.08  egress 4.44/4.90
[   30s] clients 10000 | level 0 (0-0 in window: 30 Hz, dilation 1.0), pace 1.00, 0.0% clients bandwidth-degraded | tick p50 22.18 p99 24.69 max 25.17 ms, 0 overruns | out 545.3k pps 344 kbps/client, 3439 Mbps | in 300.0k pps 15 kbps/client, 58.0 per recv, receive thread busy 31% | stand-ins: repeated 0.00% frozen 0.00%, 0 late inputs | per client-tick: 1370 B (near 111 B, 100% deltas), near 15.9 mid 41.8 far 58.7, far skipped 0 starved 0 | input wait p50 50.0 p99 66.1 ms | 0 joins deferred | kernel drops rcv 0 snd 0
         p50/p99 ms: ingress 1.31/2.88  events 4.13/5.30  movement 1.07/1.50  grid 0.49/0.58  separate 0.84/1.22  history 0.02/0.05  shots 3.33/4.33  serialize 0.39/0.51  assembly 3.63/4.24  transport 2.38/2.85  egress 4.45/4.88
[   35s] clients 10000 | level 0 (0-0 in window: 30 Hz, dilation 1.0), pace 1.00, 0.0% clients bandwidth-degraded | tick p50 21.00 p99 24.15 max 24.52 ms, 0 overruns | out 545.3k pps 344 kbps/client, 3440 Mbps | in 300.0k pps 15 kbps/client, 57.3 per recv, receive thread busy 29% | stand-ins: repeated 0.00% frozen 0.00%, 0 late inputs | per client-tick: 1370 B (near 111 B, 100% deltas), near 15.9 mid 41.7 far 58.7, far skipped 0 starved 0 | input wait p50 49.8 p99 66.1 ms | 0 joins deferred | kernel drops rcv 0 snd 0
         p50/p99 ms: ingress 1.25/2.71  events 4.02/5.30  movement 1.01/1.21  grid 0.47/0.57  separate 0.55/0.96  history 0.02/0.06  shots 3.26/4.25  serialize 0.34/0.44  assembly 3.53/4.44  transport 2.14/2.65  egress 4.20/4.74
[   40s] clients 10000 | level 0 (0-0 in window: 30 Hz, dilation 1.0), pace 1.00, 0.0% clients bandwidth-degraded | tick p50 20.74 p99 22.49 max 22.82 ms, 0 overruns | out 544.7k pps 344 kbps/client, 3436 Mbps | in 300.0k pps 15 kbps/client, 56.9 per recv, receive thread busy 29% | stand-ins: repeated 0.00% frozen 0.00%, 0 late inputs | per client-tick: 1369 B (near 111 B, 100% deltas), near 15.9 mid 41.8 far 58.7, far skipped 0 starved 0 | input wait p50 49.7 p99 66.1 ms | 0 joins deferred | kernel drops rcv 0 snd 0
         p50/p99 ms: ingress 1.24/2.67  events 3.99/5.07  movement 0.98/1.16  grid 0.47/0.57  separate 0.55/0.88  history 0.02/0.04  shots 3.18/3.92  serialize 0.33/0.41  assembly 3.48/4.29  transport 2.06/2.45  egress 4.19/4.59
[   45s] clients 10000 | level 0 (0-0 in window: 30 Hz, dilation 1.0), pace 1.00, 0.0% clients bandwidth-degraded | tick p50 20.80 p99 23.06 max 23.51 ms, 0 overruns | out 544.3k pps 343 kbps/client, 3434 Mbps | in 299.9k pps 15 kbps/client, 57.0 per recv, receive thread busy 29% | stand-ins: repeated 0.00% frozen 0.00%, 0 late inputs | per client-tick: 1368 B (near 111 B, 100% deltas), near 15.9 mid 41.7 far 58.7, far skipped 0 starved 0 | input wait p50 49.8 p99 66.1 ms | 0 joins deferred | kernel drops rcv 0 snd 0
         p50/p99 ms: ingress 1.25/2.74  events 4.00/4.81  movement 1.00/1.14  grid 0.47/0.57  separate 0.56/0.91  history 0.02/0.04  shots 3.21/3.78  serialize 0.33/0.78  assembly 3.46/4.52  transport 2.10/2.52  egress 4.21/4.49
[   50s] clients 10000 | level 0 (0-0 in window: 30 Hz, dilation 1.0), pace 1.00, 0.0% clients bandwidth-degraded | tick p50 20.76 p99 23.00 max 23.40 ms, 0 overruns | out 544.3k pps 344 kbps/client, 3435 Mbps | in 300.0k pps 15 kbps/client, 56.9 per recv, receive thread busy 29% | stand-ins: repeated 0.00% frozen 0.00%, 0 late inputs | per client-tick: 1368 B (near 111 B, 100% deltas), near 15.9 mid 41.7 far 58.7, far skipped 0 starved 0 | input wait p50 49.7 p99 66.1 ms | 0 joins deferred | kernel drops rcv 0 snd 0
         p50/p99 ms: ingress 1.23/2.67  events 3.98/4.98  movement 1.00/1.19  grid 0.47/0.58  separate 0.55/0.92  history 0.02/0.04  shots 3.21/4.10  serialize 0.33/0.40  assembly 3.50/4.11  transport 2.10/2.50  egress 4.19/4.84
[   55s] clients 10000 | level 0 (0-0 in window: 30 Hz, dilation 1.0), pace 1.00, 0.0% clients bandwidth-degraded | tick p50 20.79 p99 23.20 max 23.53 ms, 0 overruns | out 544.2k pps 343 kbps/client, 3434 Mbps | in 300.0k pps 15 kbps/client, 57.0 per recv, receive thread busy 29% | stand-ins: repeated 0.00% frozen 0.00%, 0 late inputs | per client-tick: 1368 B (near 111 B, 100% deltas), near 15.9 mid 41.7 far 58.7, far skipped 0 starved 0 | input wait p50 49.8 p99 66.1 ms | 0 joins deferred | kernel drops rcv 0 snd 0
         p50/p99 ms: ingress 1.25/2.63  events 4.00/5.38  movement 0.99/1.17  grid 0.47/0.56  separate 0.54/0.86  history 0.02/0.05  shots 3.23/3.95  serialize 0.33/0.41  assembly 3.44/4.31  transport 2.08/2.46  egress 4.18/4.53
[   60s] clients 10000 | level 0 (0-0 in window: 30 Hz, dilation 1.0), pace 1.00, 0.0% clients bandwidth-degraded | tick p50 20.69 p99 23.11 max 23.19 ms, 0 overruns | out 544.1k pps 343 kbps/client, 3433 Mbps | in 300.0k pps 15 kbps/client, 57.2 per recv, receive thread busy 29% | stand-ins: repeated 0.00% frozen 0.00%, 0 late inputs | per client-tick: 1367 B (near 111 B, 100% deltas), near 15.9 mid 41.7 far 58.7, far skipped 0 starved 0 | input wait p50 49.7 p99 66.1 ms | 0 joins deferred | kernel drops rcv 0 snd 0
         p50/p99 ms: ingress 1.24/2.64  events 3.98/5.07  movement 1.00/1.20  grid 0.47/0.58  separate 0.55/0.87  history 0.02/0.04  shots 3.19/3.96  serialize 0.33/0.41  assembly 3.44/4.37  transport 2.08/2.71  egress 4.17/4.56
[   61s] clients 0 | level 0 (0-0 in window: 30 Hz, dilation 1.0), pace 1.00, 0.0% clients bandwidth-degraded | tick p50 20.70 p99 35.44 max 35.44 ms, 1 overruns | out 475.9k pps 330 kbps/client, 2999 Mbps | in 327.6k pps 15 kbps/client, 58.2 per recv, receive thread busy 31% | stand-ins: repeated 0.00% frozen 0.00%, 0 late inputs | per client-tick: 1367 B (near 111 B, 100% deltas), near 15.9 mid 41.7 far 58.7, far skipped 0 starved 0 | input wait p50 49.6 p99 66.1 ms | 0 joins deferred | kernel drops rcv 0 snd 0
         p50/p99 ms: ingress 1.24/8.81  events 4.03/22.23  movement 0.99/1.14  grid 0.47/0.56  separate 0.52/0.61  history 0.02/0.03  shots 3.16/3.78  serialize 0.33/0.37  assembly 3.34/3.80  transport 2.05/2.33  egress 4.19/4.31

== summary: 1708 steady-state ticks (after warmup, before clients drain), peak 10000 clients ==
  phase        p50 ms   p99 ms   max ms
  ingress        1.27     2.72     2.97
  events         4.02     5.07     7.21
  movement       1.01     1.24     1.82
  grid           0.47     0.57     0.82
  separate       0.57     1.10     1.40
  history        0.02     0.05     0.07
  shots          3.22     4.08     4.68
  serialize      0.34     0.51     1.11
  assembly       3.51     4.39     5.71
  transport      2.16     2.74     3.14
  egress         4.24     4.79     5.26
  tick          21.05    24.06    27.74
  overruns 0 | spawns 10000 despawns 10000 (52685 joins deferred) | deaths 2713 respawns 2518 | stand-ins: repeated 945 frozen 0 | late inputs 786 discarded 0 | bad messages 0 | recv errors 0 send errors 0
  egress (whole run): 32233542 datagrams in 32233542 sends (1.00 per send), 210605 syscalls
  ingress (whole run): 17874268 datagrams in 311659 receive calls (57.35 per call)
  ticks per ladder level (whole run): L0: 1816
  input wait on the server (datagram arrival -> applied): p50 50.5 p99 68.0 max 140.1 mean 50.7 ms
  steady state: stand-ins repeated 0 frozen 0 | late inputs 0 discarded 0
  rewind of near targets (applied step - the input's render step for that tier): p50 164 p99 200 max 240 mean 151.6 ms (n=17633138)
  rewind of mid/far targets (applied step - the input's render step for that tier): p50 292 p99 300 max 365 mean 283.8 ms (n=17633138)
  render times ahead of the server (bogus) 0
  shots 1135081 (late 16, refused 433, rewinds capped 92) | hits head 1300 body 16397 (after cover 365, too late 1122), kills 2713 | ground 687847 cover 82777 expired 332140 | segments 52955530 candidates 1582955
