minting tokens with the public dev key (--token-key to change)
5000 bots -> 127.0.0.1:40500 on 8 threads, ramp 0/s, 60s, 5000 full + 0 sink bots
[    5s] bots 5000/5000 connected, 5000 welcomed, 0 failed | 25.3 snaps/s/bot, entities/snap near 9.3 mid 20.4 far 32.0 | corrections 0.000/s/bot | down 146 up 10 kbps/bot | rtt 18.7 ms loss 0.00% | input->applied ~ p50 58 p99 79 ms, round trip p50 67 p99 100 ms | joins 5000 (p50 391 p99 912 ms) | server pace 1.00 level 0, 0 bots bandwidth-degraded | swarm busy 33%, overruns 0
[   10s] bots 5000/5000 connected, 5000 welcomed, 0 failed | 31.0 snaps/s/bot, entities/snap near 9.4 mid 20.9 far 32.7 | corrections 0.000/s/bot | down 182 up 12 kbps/bot | rtt 18.9 ms loss 0.00% | input->applied ~ p50 58 p99 78 ms, round trip p50 67 p99 100 ms | joins 0 (p50 0 p99 0 ms) | server pace 1.00 level 0, 0 bots bandwidth-degraded | swarm busy 35%, overruns 0
[   15s] bots 5000/5000 connected, 5000 welcomed, 0 failed | 29.3 snaps/s/bot, entities/snap near 9.4 mid 20.9 far 32.7 | corrections 0.000/s/bot | down 171 up 12 kbps/bot | rtt 19.3 ms loss 0.00% | input->applied ~ p50 58 p99 78 ms, round trip p50 67 p99 100 ms | joins 0 (p50 0 p99 0 ms) | server pace 1.00 level 0, 0 bots bandwidth-degraded | swarm busy 35%, overruns 0
[   20s] bots 5000/5000 connected, 5000 welcomed, 0 failed | 30.2 snaps/s/bot, entities/snap near 9.5 mid 21.4 far 33.4 | corrections 0.000/s/bot | down 180 up 12 kbps/bot | rtt 19.6 ms loss 0.00% | input->applied ~ p50 58 p99 78 ms, round trip p50 67 p99 100 ms | joins 0 (p50 0 p99 0 ms) | server pace 1.00 level 0, 0 bots bandwidth-degraded | swarm busy 35%, overruns 0
[   25s] bots 5000/5000 connected, 5000 welcomed, 0 failed | 30.4 snaps/s/bot, entities/snap near 9.8 mid 22.5 far 35.1 | corrections 0.000/s/bot | down 189 up 12 kbps/bot | rtt 20.4 ms loss 0.00% | input->applied ~ p50 58 p99 78 ms, round trip p50 67 p99 100 ms | joins 0 (p50 0 p99 0 ms) | server pace 1.00 level 0, 0 bots bandwidth-degraded | swarm busy 35%, overruns 0
[   30s] bots 5000/5000 connected, 5000 welcomed, 0 failed | 29.5 snaps/s/bot, entities/snap near 10.0 mid 23.0 far 35.9 | corrections 0.000/s/bot | down 187 up 12 kbps/bot | rtt 20.6 ms loss 0.00% | input->applied ~ p50 59 p99 78 ms, round trip p50 67 p99 100 ms | joins 0 (p50 0 p99 0 ms) | server pace 1.00 level 0, 0 bots bandwidth-degraded | swarm busy 34%, overruns 0
[   35s] bots 5000/5000 connected, 5000 welcomed, 0 failed | 30.8 snaps/s/bot, entities/snap near 10.0 mid 23.1 far 35.9 | corrections 0.000/s/bot | down 195 up 12 kbps/bot | rtt 20.4 ms loss 0.00% | input->applied ~ p50 58 p99 79 ms, round trip p50 67 p99 100 ms | joins 0 (p50 0 p99 0 ms) | server pace 1.00 level 0, 0 bots bandwidth-degraded | swarm busy 35%, overruns 0
[   40s] bots 5000/5000 connected, 5000 welcomed, 0 failed | 29.1 snaps/s/bot, entities/snap near 10.0 mid 23.1 far 35.9 | corrections 0.000/s/bot | down 185 up 12 kbps/bot | rtt 20.6 ms loss 0.00% | input->applied ~ p50 59 p99 79 ms, round trip p50 67 p99 100 ms | joins 0 (p50 0 p99 0 ms) | server pace 1.00 level 0, 0 bots bandwidth-degraded | swarm busy 35%, overruns 0
[   45s] bots 5000/5000 connected, 5000 welcomed, 0 failed | 30.5 snaps/s/bot, entities/snap near 10.0 mid 23.0 far 35.9 | corrections 0.000/s/bot | down 194 up 12 kbps/bot | rtt 20.6 ms loss 0.00% | input->applied ~ p50 59 p99 79 ms, round trip p50 67 p99 100 ms | joins 0 (p50 0 p99 0 ms) | server pace 1.00 level 0, 0 bots bandwidth-degraded | swarm busy 35%, overruns 0
[   50s] bots 5000/5000 connected, 5000 welcomed, 0 failed | 30.0 snaps/s/bot, entities/snap near 10.0 mid 23.0 far 35.9 | corrections 0.000/s/bot | down 190 up 12 kbps/bot | rtt 20.7 ms loss 0.00% | input->applied ~ p50 58 p99 79 ms, round trip p50 67 p99 100 ms | joins 0 (p50 0 p99 0 ms) | server pace 1.00 level 0, 0 bots bandwidth-degraded | swarm busy 35%, overruns 0
[   55s] bots 5000/5000 connected, 5000 welcomed, 0 failed | 29.3 snaps/s/bot, entities/snap near 10.0 mid 23.0 far 35.9 | corrections 0.000/s/bot | down 186 up 12 kbps/bot | rtt 20.7 ms loss 0.00% | input->applied ~ p50 59 p99 79 ms, round trip p50 67 p99 100 ms | joins 0 (p50 0 p99 0 ms) | server pace 1.00 level 0, 0 bots bandwidth-degraded | swarm busy 35%, overruns 0
[   60s] bots 5000/5000 connected, 5000 welcomed, 0 failed | 30.4 snaps/s/bot, entities/snap near 10.0 mid 23.0 far 35.9 | corrections 0.000/s/bot | down 193 up 12 kbps/bot | rtt 20.2 ms loss 0.00% | input->applied ~ p50 59 p99 79 ms, round trip p50 67 p99 100 ms | joins 0 (p50 0 p99 0 ms) | server pace 1.00 level 0, 0 bots bandwidth-degraded | swarm busy 35%, overruns 0

== bots summary ==
  started 5000 welcomed 5000 failed 0
  join latency ms: p50 391 p99 912 max 1045 (n=5000)
  corrections 0 (0.00/bot-minute), mean error 0.000 m, max 0.000 m
  snapshots 8935166 (entities per snapshot: near 9.8 mid 22.3 far 34.8), stale 0, unmatched acks 0, resyncs 0
  input -> applied on server (est. RTT/2 + server wait): p50 58.0 p99 78.0 max 84.0 mean 60.0 ms (n=8933299)
    of which server wait (arrival -> applied): p50 49.7 p99 66.5 max 73.1 mean 50.0 ms (n=8933299)
  input -> seen acked (round trip): p50 67.0 p99 100.0 max 102.0 mean 81.8 ms (n=8933299)
  near entity update interval (tracked bots): p50 33.0 p99 33.0 max 100.0 mean 33.0 ms (n=4503214)
  mid entity update interval (tracked bots): p50 100.0 p99 100.0 max 500.0 mean 100.2 ms (n=10087496)
  far entity update interval (tracked bots): p50 500.0 p99 500.0 max 59000.0 mean 509.0 ms (n=15941806)
  input clock: 7314 extra inputs, 2511 skipped ticks, 0 backlog skips | near decode errors (tracked bots) 0
  bytes down 6899.5 MB up 446.9 MB | swarm busy 35% of its threads' time, tick overruns 0
