== joins, 5000 bots, 60s -> baselines/2026-09-29-wsl2/joins-5k-1
== summary: 1709 steady-state ticks (after warmup, before clients drain), peak 5500 clients ==
  phase        p50 ms   p99 ms   max ms
  ingress        1.97     2.57     3.61
  events         0.80     1.24     1.56
  movement       0.42     0.95     1.91
  grid           0.14     0.22     0.32
  history        0.00     0.00     0.03
  serialize      0.54     0.76     4.45
  assembly       5.03     5.94     9.36
  transport      3.39     4.31     7.59
  egress         5.96     7.11    11.66
  tick          18.38    21.52    27.71
  overruns 0 | spawns 5500 despawns 5500 (12886 joins deferred) | stand-ins: repeated 0 frozen 0 | late inputs 0 discarded 0 | bad messages 0 | recv errors 0 send errors 0
  egress (whole run): 9559383 datagrams in 9559383 sends (1.00 per send), 115264 syscalls
  ticks per ladder level (whole run): L0: 1812
  input wait on the server (datagram arrival -> applied): p50 49.7 p99 66.5 max 73.1 mean 50.1 ms
  steady state: stand-ins repeated 0 frozen 0 | late inputs 0 discarded 0
== bots summary ==
  started 5000 welcomed 5000 failed 0
  join latency ms: p50 391 p99 912 max 1045 (n=5000)
  corrections 0 (0.00/bot-minute), mean error 0.000 m, max 0.000 m
  snapshots 8935166 (entities per snapshot: near 9.8 mid 22.3 far 34.8), stale 0, unmatched acks 0, resyncs 0
  input -> applied on server (est. RTT/2 + server wait): p50 58.0 p99 78.0 max 84.0 mean 60.0 ms (n=8933299)
    of which server wait (arrival -> applied): p50 49.7 p99 66.5 max 73.1 mean 50.0 ms (n=8933299)
  input -> seen acked (round trip): p50 67.0 p99 100.0 max 102.0 mean 81.8 ms (n=8933299)
  near entity update interval (tracked bots): p50 33.0 p99 33.0 max 100.0 mean 33.0 ms (n=4503214)
  mid entity update interval (tracked bots): p50 100.0 p99 100.0 max 500.0 mean 100.2 ms (n=10087496)
  far entity update interval (tracked bots): p50 500.0 p99 500.0 max 59000.0 mean 509.0 ms (n=15941806)
  input clock: 7314 extra inputs, 2511 skipped ticks, 0 backlog skips | near decode errors (tracked bots) 0
  bytes down 6899.5 MB up 446.9 MB | swarm busy 35% of its threads' time, tick overruns 0
== bots summary ==
  started 500 welcomed 500 failed 0
  join latency ms: p50 100 p99 165 max 165 (n=500)
  corrections 0 (0.00/bot-minute), mean error 0.000 m, max 0.000 m
  snapshots 598121 (entities per snapshot: near 10.1 mid 23.1 far 35.4), stale 0, unmatched acks 0, resyncs 0
  input -> applied on server (est. RTT/2 + server wait): p50 59.0 p99 75.0 max 76.0 mean 59.5 ms (n=597878)
    of which server wait (arrival -> applied): p50 49.9 p99 66.5 max 66.9 mean 51.4 ms (n=597878)
  input -> seen acked (round trip): p50 100.0 p99 100.0 max 102.0 mean 84.0 ms (n=597878)
  near entity update interval (tracked bots): p50 33.0 p99 33.0 max 100.0 mean 33.0 ms (n=285433)
  mid entity update interval (tracked bots): p50 100.0 p99 100.0 max 500.0 mean 100.2 ms (n=728936)
  far entity update interval (tracked bots): p50 500.0 p99 500.0 max 39000.0 mean 506.3 ms (n=1066995)
  input clock: 502 extra inputs, 2 skipped ticks, 0 backlog skips | near decode errors (tracked bots) 0
  bytes down 472.6 MB up 29.9 MB | swarm busy 3% of its threads' time, tick overruns 0
