minting tokens with the public dev key (--token-key to change)
500 bots -> 127.0.0.1:40500 on 8 threads, ramp 50/s, 45s, 500 full + 0 sink bots
[    5s] bots 230/233 connected, 230 welcomed, 0 failed | 13.6 snaps/s/bot, entities/snap near 9.7 mid 22.3 far 34.8 | corrections 0.000/s/bot | down 84 up 6 kbps/bot | rtt 14.7 ms loss 0.00% | input->applied ~ p50 58 p99 74 ms, round trip p50 67 p99 100 ms | joins 230 (p50 99 p99 165 ms) | server pace 0.99 level 0, 0 bots bandwidth-degraded | swarm busy 1%, overruns 0
[   10s] bots 490/494 connected, 490 welcomed, 0 failed | 22.8 snaps/s/bot, entities/snap near 10.1 mid 23.1 far 35.9 | corrections 0.000/s/bot | down 145 up 9 kbps/bot | rtt 15.9 ms loss 0.00% | input->applied ~ p50 58 p99 75 ms, round trip p50 100 p99 100 ms | joins 260 (p50 113 p99 165 ms) | server pace 0.99 level 0, 0 bots bandwidth-degraded | swarm busy 2%, overruns 0
[   15s] bots 500/500 connected, 500 welcomed, 0 failed | 28.5 snaps/s/bot, entities/snap near 10.1 mid 23.2 far 35.4 | corrections 0.000/s/bot | down 180 up 11 kbps/bot | rtt 16.4 ms loss 0.00% | input->applied ~ p50 58 p99 75 ms, round trip p50 100 p99 100 ms | joins 10 (p50 97 p99 162 ms) | server pace 1.00 level 0, 0 bots bandwidth-degraded | swarm busy 3%, overruns 0
[   20s] bots 500/500 connected, 500 welcomed, 0 failed | 30.6 snaps/s/bot, entities/snap near 10.1 mid 23.2 far 35.4 | corrections 0.000/s/bot | down 194 up 12 kbps/bot | rtt 15.9 ms loss 0.00% | input->applied ~ p50 60 p99 75 ms, round trip p50 100 p99 100 ms | joins 0 (p50 0 p99 0 ms) | server pace 1.00 level 0, 0 bots bandwidth-degraded | swarm busy 3%, overruns 0
[   25s] bots 500/500 connected, 500 welcomed, 0 failed | 31.0 snaps/s/bot, entities/snap near 10.1 mid 23.2 far 35.4 | corrections 0.000/s/bot | down 196 up 12 kbps/bot | rtt 16.4 ms loss 0.00% | input->applied ~ p50 59 p99 75 ms, round trip p50 100 p99 100 ms | joins 0 (p50 0 p99 0 ms) | server pace 1.00 level 0, 0 bots bandwidth-degraded | swarm busy 3%, overruns 0
[   30s] bots 500/500 connected, 500 welcomed, 0 failed | 28.5 snaps/s/bot, entities/snap near 10.1 mid 23.1 far 35.4 | corrections 0.000/s/bot | down 180 up 11 kbps/bot | rtt 16.2 ms loss 0.00% | input->applied ~ p50 59 p99 75 ms, round trip p50 100 p99 100 ms | joins 0 (p50 0 p99 0 ms) | server pace 1.00 level 0, 0 bots bandwidth-degraded | swarm busy 3%, overruns 0
[   35s] bots 500/500 connected, 500 welcomed, 0 failed | 30.7 snaps/s/bot, entities/snap near 10.1 mid 23.1 far 35.4 | corrections 0.000/s/bot | down 194 up 12 kbps/bot | rtt 16.1 ms loss 0.00% | input->applied ~ p50 60 p99 75 ms, round trip p50 100 p99 100 ms | joins 0 (p50 0 p99 0 ms) | server pace 1.00 level 0, 0 bots bandwidth-degraded | swarm busy 3%, overruns 0
[   40s] bots 500/500 connected, 500 welcomed, 0 failed | 29.6 snaps/s/bot, entities/snap near 10.1 mid 23.1 far 35.4 | corrections 0.000/s/bot | down 187 up 12 kbps/bot | rtt 16.3 ms loss 0.00% | input->applied ~ p50 59 p99 75 ms, round trip p50 100 p99 100 ms | joins 0 (p50 0 p99 0 ms) | server pace 1.00 level 0, 0 bots bandwidth-degraded | swarm busy 3%, overruns 0
[   45s] bots 500/500 connected, 500 welcomed, 0 failed | 29.8 snaps/s/bot, entities/snap near 10.0 mid 23.2 far 35.4 | corrections 0.000/s/bot | down 188 up 12 kbps/bot | rtt 15.8 ms loss 0.00% | input->applied ~ p50 59 p99 75 ms, round trip p50 100 p99 100 ms | joins 0 (p50 0 p99 0 ms) | server pace 1.00 level 0, 0 bots bandwidth-degraded | swarm busy 3%, overruns 0

== bots summary ==
  started 500 welcomed 500 failed 0
  join latency ms: p50 100 p99 165 max 165 (n=500)
  corrections 0 (0.00/bot-minute), mean error 0.000 m, max 0.000 m
  snapshots 598121 (entities per snapshot: near 10.1 mid 23.1 far 35.4), stale 0, unmatched acks 0, resyncs 0
  input -> applied on server (est. RTT/2 + server wait): p50 59.0 p99 75.0 max 76.0 mean 59.5 ms (n=597878)
    of which server wait (arrival -> applied): p50 49.9 p99 66.5 max 66.9 mean 51.4 ms (n=597878)
  input -> seen acked (round trip): p50 100.0 p99 100.0 max 102.0 mean 84.0 ms (n=597878)
  near entity update interval (tracked bots): p50 33.0 p99 33.0 max 100.0 mean 33.0 ms (n=285433)
  mid entity update interval (tracked bots): p50 100.0 p99 100.0 max 500.0 mean 100.2 ms (n=728936)
  far entity update interval (tracked bots): p50 500.0 p99 500.0 max 39000.0 mean 506.3 ms (n=1066995)
  input clock: 502 extra inputs, 2 skipped ticks, 0 backlog skips | near decode errors (tracked bots) 0
  bytes down 472.6 MB up 29.9 MB | swarm busy 3% of its threads' time, tick overruns 0
