preallocated connections for 10000 clients in 229.547737ms
listening on 127.0.0.1:40500 | spawn Uniform | tiers near 64@150 m, mid 500 m, far 1500 m, budget 6250 B/tick, squads of 4 | 8 rayon threads, 64 shards, 256 accepts/tick, egress SendMmsg | socket buffers rcv 8192 KiB snd 8192 KiB
WARNING: token key is the public dev key; anyone can mint tokens for this server (--token-key)
[    5s] clients 5000 | level 0 (0-0 in window: 30 Hz, dilation 1.0), pace 1.00, 0.0% clients bandwidth-degraded | tick p50 16.62 p99 21.45 max 22.23 ms, 0 overruns | out 131.6k pps 172 kbps/client, 741 Mbps | in 133.2k pps 14 kbps/client | stand-ins: repeated 0.00% frozen 0.00%, 0 late inputs | per client-tick: 677 B (near 59 B, 99% deltas), near 9.2 mid 20.3 far 31.8, far skipped 0 starved 0 | input wait p50 50.1 p99 67.5 ms | 12886 joins deferred | kernel drops rcv 0 snd 0
         p50/p99 ms: ingress 1.77/2.90  events 0.70/3.45  movement 0.40/0.86  grid 0.13/0.21  history 0.00/0.05  serialize 0.55/0.87  assembly 4.38/6.73  transport 3.05/4.24  egress 5.39/6.64
[   10s] clients 5000 | level 0 (0-0 in window: 30 Hz, dilation 1.0), pace 1.00, 0.0% clients bandwidth-degraded | tick p50 16.87 p99 19.65 max 19.97 ms, 0 overruns | out 150.0k pps 176 kbps/client, 878 Mbps | in 150.0k pps 12 kbps/client | stand-ins: repeated 0.00% frozen 0.00%, 0 late inputs | per client-tick: 694 B (near 59 B, 100% deltas), near 9.4 mid 20.9 far 32.7, far skipped 0 starved 0 | input wait p50 49.7 p99 66.4 ms | 0 joins deferred | kernel drops rcv 0 snd 0
         p50/p99 ms: ingress 1.83/2.39  events 0.66/1.13  movement 0.43/1.05  grid 0.13/0.24  history 0.00/0.00  serialize 0.53/0.76  assembly 4.45/5.21  transport 3.16/3.89  egress 5.62/6.65
[   15s] clients 5000 | level 0 (0-0 in window: 30 Hz, dilation 1.0), pace 1.00, 0.0% clients bandwidth-degraded | tick p50 17.00 p99 20.22 max 20.26 ms, 0 overruns | out 150.0k pps 175 kbps/client, 877 Mbps | in 149.9k pps 12 kbps/client | stand-ins: repeated 0.00% frozen 0.00%, 0 late inputs | per client-tick: 694 B (near 58 B, 100% deltas), near 9.4 mid 20.9 far 32.7, far skipped 0 starved 0 | input wait p50 49.8 p99 66.5 ms | 0 joins deferred | kernel drops rcv 0 snd 0
         p50/p99 ms: ingress 1.81/2.24  events 0.66/1.07  movement 0.45/0.91  grid 0.13/0.21  history 0.00/0.00  serialize 0.55/0.80  assembly 4.46/6.09  transport 3.12/3.74  egress 5.73/6.81
[   20s] clients 5234 | level 0 (0-0 in window: 30 Hz, dilation 1.0), pace 1.00, 0.0% clients bandwidth-degraded | tick p50 17.28 p99 19.23 max 20.25 ms, 0 overruns | out 153.4k pps 179 kbps/client, 914 Mbps | in 153.3k pps 12 kbps/client | stand-ins: repeated 0.00% frozen 0.00%, 0 late inputs | per client-tick: 708 B (near 59 B, 100% deltas), near 9.5 mid 21.4 far 33.4, far skipped 0 starved 0 | input wait p50 49.7 p99 66.5 ms | 0 joins deferred | kernel drops rcv 0 snd 0
         p50/p99 ms: ingress 1.88/2.29  events 0.72/1.16  movement 0.42/0.88  grid 0.14/0.20  history 0.00/0.01  serialize 0.55/0.74  assembly 4.61/5.27  transport 3.14/3.75  egress 5.83/6.64
[   25s] clients 5485 | level 0 (0-0 in window: 30 Hz, dilation 1.0), pace 1.00, 0.0% clients bandwidth-degraded | tick p50 18.24 p99 21.56 max 23.80 ms, 0 overruns | out 160.8k pps 187 kbps/client, 1000 Mbps | in 160.7k pps 12 kbps/client | stand-ins: repeated 0.00% frozen 0.00%, 0 late inputs | per client-tick: 741 B (near 61 B, 100% deltas), near 9.8 mid 22.5 far 35.1, far skipped 0 starved 0 | input wait p50 49.7 p99 66.5 ms | 0 joins deferred | kernel drops rcv 0 snd 0
         p50/p99 ms: ingress 2.00/2.52  events 0.82/1.16  movement 0.39/0.89  grid 0.14/0.21  history 0.00/0.00  serialize 0.53/0.72  assembly 5.01/5.83  transport 3.37/4.16  egress 5.90/7.04
[   30s] clients 5500 | level 0 (0-0 in window: 30 Hz, dilation 1.0), pace 1.00, 0.0% clients bandwidth-degraded | tick p50 18.66 p99 21.30 max 21.52 ms, 0 overruns | out 165.1k pps 190 kbps/client, 1047 Mbps | in 165.0k pps 12 kbps/client | stand-ins: repeated 0.00% frozen 0.00%, 0 late inputs | per client-tick: 756 B (near 62 B, 100% deltas), near 10.0 mid 23.1 far 35.9, far skipped 0 starved 0 | input wait p50 49.7 p99 66.5 ms | 0 joins deferred | kernel drops rcv 0 snd 0
         p50/p99 ms: ingress 2.03/2.57  events 0.81/1.23  movement 0.45/0.90  grid 0.14/0.21  history 0.00/0.00  serialize 0.54/0.79  assembly 5.12/5.92  transport 3.50/4.33  egress 5.98/6.86
[   35s] clients 5500 | level 0 (0-0 in window: 30 Hz, dilation 1.0), pace 1.00, 0.0% clients bandwidth-degraded | tick p50 18.59 p99 20.32 max 20.67 ms, 0 overruns | out 165.0k pps 190 kbps/client, 1047 Mbps | in 165.0k pps 12 kbps/client | stand-ins: repeated 0.00% frozen 0.00%, 0 late inputs | per client-tick: 756 B (near 62 B, 100% deltas), near 10.0 mid 23.1 far 35.9, far skipped 0 starved 0 | input wait p50 49.7 p99 66.5 ms | 0 joins deferred | kernel drops rcv 0 snd 0
         p50/p99 ms: ingress 2.02/2.39  events 0.81/1.25  movement 0.41/1.04  grid 0.15/0.23  history 0.00/0.02  serialize 0.54/0.71  assembly 5.12/5.80  transport 3.49/4.19  egress 5.99/6.92
[   40s] clients 5500 | level 0 (0-0 in window: 30 Hz, dilation 1.0), pace 1.00, 0.0% clients bandwidth-degraded | tick p50 18.86 p99 23.71 max 24.09 ms, 0 overruns | out 165.0k pps 190 kbps/client, 1047 Mbps | in 164.9k pps 12 kbps/client | stand-ins: repeated 0.00% frozen 0.00%, 0 late inputs | per client-tick: 756 B (near 62 B, 100% deltas), near 10.0 mid 23.1 far 35.9, far skipped 0 starved 0 | input wait p50 49.8 p99 66.5 ms | 0 joins deferred | kernel drops rcv 0 snd 0
         p50/p99 ms: ingress 2.06/2.68  events 0.83/1.35  movement 0.44/0.97  grid 0.14/0.23  history 0.00/0.01  serialize 0.54/0.73  assembly 5.17/6.03  transport 3.50/4.57  egress 6.02/7.11
[   45s] clients 5500 | level 0 (0-0 in window: 30 Hz, dilation 1.0), pace 1.00, 0.0% clients bandwidth-degraded | tick p50 19.21 p99 22.93 max 24.29 ms, 0 overruns | out 165.0k pps 190 kbps/client, 1047 Mbps | in 165.0k pps 12 kbps/client | stand-ins: repeated 0.00% frozen 0.00%, 0 late inputs | per client-tick: 756 B (near 62 B, 100% deltas), near 10.0 mid 23.0 far 35.9, far skipped 0 starved 0 | input wait p50 49.7 p99 66.5 ms | 0 joins deferred | kernel drops rcv 0 snd 0
         p50/p99 ms: ingress 2.07/2.61  events 0.82/1.32  movement 0.46/0.95  grid 0.14/0.22  history 0.00/0.03  serialize 0.56/0.78  assembly 5.26/6.15  transport 3.63/4.49  egress 6.32/7.24
[   50s] clients 5500 | level 0 (0-0 in window: 30 Hz, dilation 1.0), pace 1.00, 0.0% clients bandwidth-degraded | tick p50 18.77 p99 21.64 max 23.73 ms, 0 overruns | out 165.0k pps 190 kbps/client, 1046 Mbps | in 165.0k pps 12 kbps/client | stand-ins: repeated 0.00% frozen 0.00%, 0 late inputs | per client-tick: 756 B (near 62 B, 100% deltas), near 10.0 mid 23.0 far 35.9, far skipped 0 starved 0 | input wait p50 49.8 p99 66.5 ms | 0 joins deferred | kernel drops rcv 0 snd 0
         p50/p99 ms: ingress 2.02/2.52  events 0.82/1.24  movement 0.42/1.00  grid 0.14/0.21  history 0.00/0.00  serialize 0.54/0.75  assembly 5.16/5.93  transport 3.45/4.31  egress 6.11/7.12
[   55s] clients 5500 | level 0 (0-0 in window: 30 Hz, dilation 1.0), pace 1.00, 0.0% clients bandwidth-degraded | tick p50 18.74 p99 24.94 max 27.42 ms, 0 overruns | out 165.0k pps 190 kbps/client, 1046 Mbps | in 164.9k pps 12 kbps/client | stand-ins: repeated 0.00% frozen 0.00%, 0 late inputs | per client-tick: 756 B (near 62 B, 100% deltas), near 10.0 mid 23.0 far 35.9, far skipped 0 starved 0 | input wait p50 49.7 p99 66.5 ms | 0 joins deferred | kernel drops rcv 0 snd 0
         p50/p99 ms: ingress 2.01/2.50  events 0.80/1.26  movement 0.40/0.86  grid 0.14/0.25  history 0.00/0.00  serialize 0.54/0.82  assembly 5.14/5.97  transport 3.51/6.28  egress 6.18/7.61
[   60s] clients 5500 | level 0 (0-0 in window: 30 Hz, dilation 1.0), pace 1.00, 0.0% clients bandwidth-degraded | tick p50 18.64 p99 21.75 max 27.71 ms, 0 overruns | out 165.1k pps 190 kbps/client, 1047 Mbps | in 165.0k pps 12 kbps/client | stand-ins: repeated 0.00% frozen 0.00%, 0 late inputs | per client-tick: 756 B (near 62 B, 100% deltas), near 10.0 mid 23.0 far 35.8, far skipped 0 starved 0 | input wait p50 49.7 p99 66.5 ms | 0 joins deferred | kernel drops rcv 0 snd 0
         p50/p99 ms: ingress 2.05/2.70  events 0.82/1.24  movement 0.43/0.88  grid 0.15/0.22  history 0.00/0.00  serialize 0.54/0.76  assembly 5.14/6.43  transport 3.46/4.76  egress 6.04/6.91
[   60s] clients 0 | level 0 (0-0 in window: 30 Hz, dilation 1.0), pace 1.00, 0.0% clients bandwidth-degraded | tick p50 18.36 p99 19.46 max 19.46 ms, 0 overruns | out 134.0k pps 192 kbps/client, 811 Mbps | in 195.0k pps 14 kbps/client | stand-ins: repeated 0.00% frozen 0.00%, 0 late inputs | per client-tick: 720 B (near 60 B, 100% deltas), near 9.6 mid 21.8 far 34.1, far skipped 0 starved 0 | input wait p50 50.9 p99 66.4 ms | 0 joins deferred | kernel drops rcv 0 snd 0
         p50/p99 ms: ingress 2.11/2.52  events 0.97/3.89  movement 0.49/0.75  grid 0.14/0.15  history 0.00/0.00  serialize 0.44/0.60  assembly 4.97/5.37  transport 3.42/4.08  egress 5.38/6.85

== summary: 1709 steady-state ticks (after warmup, before clients drain), peak 5500 clients ==
  phase        p50 ms   p99 ms   max ms
  ingress        1.97     2.57     3.61
  events         0.80     1.24     1.56
  movement       0.42     0.95     1.91
  grid           0.14     0.22     0.32
  history        0.00     0.00     0.03
  serialize      0.54     0.76     4.45
  assembly       5.03     5.94     9.36
  transport      3.39     4.31     7.59
  egress         5.96     7.11    11.66
  tick          18.38    21.52    27.71
  overruns 0 | spawns 5500 despawns 5500 (12886 joins deferred) | stand-ins: repeated 0 frozen 0 | late inputs 0 discarded 0 | bad messages 0 | recv errors 0 send errors 0
  egress (whole run): 9559383 datagrams in 9559383 sends (1.00 per send), 115264 syscalls
  ticks per ladder level (whole run): L0: 1812
  input wait on the server (datagram arrival -> applied): p50 49.7 p99 66.5 max 73.1 mean 50.1 ms
  steady state: stand-ins repeated 0 frozen 0 | late inputs 0 discarded 0
