spawn=uniform
egress=sendmmsg
ladder=on
threads=8
shards=64
peak_clients=5500
steady_ticks=1709
steady_secs=57.0
ingress_p50_ms=1.97
ingress_p99_ms=2.57
ingress_max_ms=3.61
events_p50_ms=0.80
events_p99_ms=1.24
events_max_ms=1.56
movement_p50_ms=0.42
movement_p99_ms=0.95
movement_max_ms=1.91
grid_p50_ms=0.14
grid_p99_ms=0.22
grid_max_ms=0.32
history_p50_ms=0.00
history_p99_ms=0.00
history_max_ms=0.03
serialize_p50_ms=0.54
serialize_p99_ms=0.76
serialize_max_ms=4.45
assembly_p50_ms=5.03
assembly_p99_ms=5.94
assembly_max_ms=9.36
transport_p50_ms=3.39
transport_p99_ms=4.31
transport_max_ms=7.59
egress_p50_ms=5.96
egress_p99_ms=7.11
egress_max_ms=11.66
tick_p50_ms=18.38
tick_p99_ms=21.52
tick_max_ms=27.71
steady_overruns=0
level_mode=0
tick_hz=30
dilation=1
levels=L0:1709
clients_avg=5351
out_pps=160612
in_pps=160713
egress_mbps=996.6
packets_per_client_tick=1.00
wire_bytes_per_client_tick=776
down_kbps_per_client=186.3
up_kbps_per_client=12.0
kernel_rcvbuf_drops=0
kernel_sndbuf_drops=0
snapshot_bytes_per_client_tick=739
near_bytes_per_client_tick=61
near_per_client_tick=9.8
mid_per_client_tick=22.5
far_per_client_tick=35.0
far_skipped=0
far_starved=0
repeated=0
frozen=0
late_inputs=0
discarded_inputs=0
input_wait_p50_ms=49.7
input_wait_p99_ms=66.5
spawns=5500
despawns=5500
joins_deferred=12886
bad_messages=0
recv_errors=0
send_errors=0
datagrams=9559383
sends=9559383
send_syscalls=115264
