spawn=uniform
egress=sendmmsg
ladder=on
threads=8
shards=64
peak_clients=5000
steady_ticks=1708
steady_secs=56.9
ingress_p50_ms=1.44
ingress_p99_ms=1.51
ingress_max_ms=1.56
events_p50_ms=1.08
events_p99_ms=1.14
events_max_ms=1.26
movement_p50_ms=0.16
movement_p99_ms=0.19
movement_max_ms=0.21
grid_p50_ms=0.29
grid_p99_ms=0.31
grid_max_ms=0.31
history_p50_ms=0.00
history_p99_ms=0.01
history_max_ms=0.01
serialize_p50_ms=0.08
serialize_p99_ms=0.12
serialize_max_ms=0.15
assembly_p50_ms=4.66
assembly_p99_ms=4.85
assembly_max_ms=5.11
transport_p50_ms=4.51
transport_p99_ms=5.33
transport_max_ms=5.72
egress_p50_ms=3.41
egress_p99_ms=3.52
egress_max_ms=3.62
tick_p50_ms=15.62
tick_p99_ms=16.45
tick_max_ms=16.83
steady_overruns=0
level_mode=0
tick_hz=30
dilation=1
levels=L0:1708
clients_avg=5000
out_pps=150046
in_pps=150194
egress_mbps=877.8
packets_per_client_tick=1.00
wire_bytes_per_client_tick=731
down_kbps_per_client=175.6
up_kbps_per_client=12.0
kernel_rcvbuf_drops=0
kernel_sndbuf_drops=0
snapshot_bytes_per_client_tick=694
near_bytes_per_client_tick=59
near_per_client_tick=9.4
mid_per_client_tick=20.9
far_per_client_tick=32.7
far_skipped=0
far_starved=0
repeated=0
frozen=0
late_inputs=0
discarded_inputs=0
input_wait_p50_ms=49.8
input_wait_p99_ms=66.3
spawns=5000
despawns=5000
joins_deferred=13271
bad_messages=0
recv_errors=0
send_errors=0
datagrams=8956582
sends=8956582
send_syscalls=115264
