preallocated connections for 10000 clients in 219.561618ms
listening on 172.16.8.2:40500 | spawn Uniform | tiers near 64@150 m, mid 500 m, far 1500 m, budget 6250 B/tick, squads of 4 | 8 rayon threads, 64 shards, 256 accepts/tick, egress SendMmsg | socket buffers rcv 32768 KiB snd 32768 KiB
[    5s] clients 5000 | level 0 (0-0 in window: 30 Hz, dilation 1.0), pace 1.00, 0.0% clients bandwidth-degraded | tick p50 15.38 p99 16.40 max 16.56 ms, 0 overruns | out 123.3k pps 172 kbps/client, 692 Mbps | in 125.1k pps 14 kbps/client | stand-ins: repeated 0.00% frozen 0.00%, 0 late inputs | per client-tick: 676 B (near 59 B, 99% deltas), near 9.2 mid 20.2 far 31.7, far skipped 0 starved 0 | input wait p50 50.0 p99 66.5 ms | 13271 joins deferred | kernel drops rcv 0 snd 0
         p50/p99 ms: ingress 1.40/2.44  events 1.12/2.65  movement 0.16/0.19  grid 0.25/0.31  history 0.00/0.03  serialize 0.09/0.17  assembly 4.58/5.10  transport 4.21/5.15  egress 3.39/3.52
[   10s] clients 5000 | level 0 (0-0 in window: 30 Hz, dilation 1.0), pace 1.00, 0.0% clients bandwidth-degraded | tick p50 15.54 p99 16.41 max 16.47 ms, 0 overruns | out 150.0k pps 176 kbps/client, 878 Mbps | in 150.0k pps 12 kbps/client | stand-ins: repeated 0.00% frozen 0.00%, 0 late inputs | per client-tick: 695 B (near 59 B, 100% deltas), near 9.4 mid 20.9 far 32.7, far skipped 0 starved 0 | input wait p50 49.7 p99 66.3 ms | 0 joins deferred | kernel drops rcv 0 snd 0
         p50/p99 ms: ingress 1.43/1.51  events 1.09/1.16  movement 0.16/0.20  grid 0.29/0.31  history 0.00/0.00  serialize 0.08/0.12  assembly 4.62/4.82  transport 4.44/5.23  egress 3.44/3.53
[   15s] clients 5000 | level 0 (0-0 in window: 30 Hz, dilation 1.0), pace 1.00, 0.0% clients bandwidth-degraded | tick p50 15.59 p99 16.22 max 16.41 ms, 0 overruns | out 150.0k pps 176 kbps/client, 878 Mbps | in 150.0k pps 12 kbps/client | stand-ins: repeated 0.00% frozen 0.00%, 0 late inputs | per client-tick: 695 B (near 59 B, 100% deltas), near 9.4 mid 20.9 far 32.7, far skipped 0 starved 0 | input wait p50 49.7 p99 66.3 ms | 0 joins deferred | kernel drops rcv 0 snd 0
         p50/p99 ms: ingress 1.43/1.50  events 1.07/1.12  movement 0.16/0.20  grid 0.29/0.31  history 0.00/0.01  serialize 0.08/0.12  assembly 4.65/4.86  transport 4.51/5.15  egress 3.42/3.54
[   20s] clients 5000 | level 0 (0-0 in window: 30 Hz, dilation 1.0), pace 1.00, 0.0% clients bandwidth-degraded | tick p50 15.56 p99 16.35 max 16.47 ms, 0 overruns | out 150.0k pps 176 kbps/client, 878 Mbps | in 150.0k pps 12 kbps/client | stand-ins: repeated 0.00% frozen 0.00%, 0 late inputs | per client-tick: 694 B (near 59 B, 100% deltas), near 9.4 mid 20.9 far 32.7, far skipped 0 starved 0 | input wait p50 49.7 p99 66.2 ms | 0 joins deferred | kernel drops rcv 0 snd 0
         p50/p99 ms: ingress 1.43/1.50  events 1.07/1.12  movement 0.16/0.19  grid 0.29/0.31  history 0.00/0.00  serialize 0.08/0.12  assembly 4.64/4.78  transport 4.48/5.29  egress 3.42/3.54
[   25s] clients 5000 | level 0 (0-0 in window: 30 Hz, dilation 1.0), pace 1.00, 0.0% clients bandwidth-degraded | tick p50 15.62 p99 16.59 max 16.63 ms, 0 overruns | out 150.0k pps 176 kbps/client, 878 Mbps | in 150.0k pps 12 kbps/client | stand-ins: repeated 0.00% frozen 0.00%, 0 late inputs | per client-tick: 695 B (near 59 B, 100% deltas), near 9.4 mid 20.9 far 32.7, far skipped 0 starved 0 | input wait p50 49.7 p99 66.2 ms | 0 joins deferred | kernel drops rcv 0 snd 0
         p50/p99 ms: ingress 1.44/1.50  events 1.07/1.12  movement 0.16/0.20  grid 0.29/0.31  history 0.00/0.01  serialize 0.08/0.13  assembly 4.65/4.86  transport 4.53/5.26  egress 3.43/3.54
[   30s] clients 5000 | level 0 (0-0 in window: 30 Hz, dilation 1.0), pace 1.00, 0.0% clients bandwidth-degraded | tick p50 15.59 p99 16.41 max 16.51 ms, 0 overruns | out 150.0k pps 176 kbps/client, 878 Mbps | in 150.0k pps 12 kbps/client | stand-ins: repeated 0.00% frozen 0.00%, 0 late inputs | per client-tick: 694 B (near 59 B, 100% deltas), near 9.4 mid 20.9 far 32.7, far skipped 0 starved 0 | input wait p50 49.7 p99 66.3 ms | 0 joins deferred | kernel drops rcv 0 snd 0
         p50/p99 ms: ingress 1.44/1.50  events 1.07/1.12  movement 0.16/0.18  grid 0.29/0.31  history 0.00/0.01  serialize 0.08/0.12  assembly 4.63/4.82  transport 4.49/5.40  egress 3.42/3.54
[   35s] clients 5000 | level 0 (0-0 in window: 30 Hz, dilation 1.0), pace 1.00, 0.0% clients bandwidth-degraded | tick p50 15.64 p99 16.46 max 16.67 ms, 0 overruns | out 150.0k pps 175 kbps/client, 877 Mbps | in 150.0k pps 12 kbps/client | stand-ins: repeated 0.00% frozen 0.00%, 0 late inputs | per client-tick: 694 B (near 58 B, 100% deltas), near 9.4 mid 20.9 far 32.7, far skipped 0 starved 0 | input wait p50 49.7 p99 66.3 ms | 0 joins deferred | kernel drops rcv 0 snd 0
         p50/p99 ms: ingress 1.44/1.50  events 1.07/1.12  movement 0.16/0.18  grid 0.29/0.31  history 0.00/0.00  serialize 0.08/0.12  assembly 4.67/4.85  transport 4.52/5.38  egress 3.42/3.56
[   40s] clients 5000 | level 0 (0-0 in window: 30 Hz, dilation 1.0), pace 1.00, 0.0% clients bandwidth-degraded | tick p50 15.70 p99 16.46 max 16.66 ms, 0 overruns | out 150.0k pps 175 kbps/client, 877 Mbps | in 150.0k pps 12 kbps/client | stand-ins: repeated 0.00% frozen 0.00%, 0 late inputs | per client-tick: 694 B (near 58 B, 100% deltas), near 9.4 mid 20.9 far 32.7, far skipped 0 starved 0 | input wait p50 49.8 p99 66.3 ms | 0 joins deferred | kernel drops rcv 0 snd 0
         p50/p99 ms: ingress 1.45/1.53  events 1.07/1.13  movement 0.16/0.18  grid 0.29/0.31  history 0.00/0.00  serialize 0.08/0.12  assembly 4.69/4.86  transport 4.58/5.27  egress 3.40/3.51
[   45s] clients 5000 | level 0 (0-0 in window: 30 Hz, dilation 1.0), pace 1.00, 0.0% clients bandwidth-degraded | tick p50 15.65 p99 16.28 max 16.39 ms, 0 overruns | out 150.0k pps 175 kbps/client, 877 Mbps | in 150.0k pps 12 kbps/client | stand-ins: repeated 0.00% frozen 0.00%, 0 late inputs | per client-tick: 694 B (near 58 B, 100% deltas), near 9.4 mid 20.9 far 32.7, far skipped 0 starved 0 | input wait p50 49.8 p99 66.3 ms | 0 joins deferred | kernel drops rcv 0 snd 0
         p50/p99 ms: ingress 1.44/1.52  events 1.07/1.12  movement 0.16/0.19  grid 0.29/0.31  history 0.00/0.00  serialize 0.08/0.12  assembly 4.68/4.88  transport 4.53/5.28  egress 3.40/3.50
[   50s] clients 5000 | level 0 (0-0 in window: 30 Hz, dilation 1.0), pace 1.00, 0.0% clients bandwidth-degraded | tick p50 15.69 p99 16.60 max 16.83 ms, 0 overruns | out 150.0k pps 175 kbps/client, 877 Mbps | in 150.0k pps 12 kbps/client | stand-ins: repeated 0.00% frozen 0.00%, 0 late inputs | per client-tick: 694 B (near 59 B, 100% deltas), near 9.4 mid 20.9 far 32.7, far skipped 0 starved 0 | input wait p50 49.8 p99 66.4 ms | 0 joins deferred | kernel drops rcv 0 snd 0
         p50/p99 ms: ingress 1.45/1.52  events 1.07/1.12  movement 0.16/0.19  grid 0.29/0.31  history 0.00/0.01  serialize 0.08/0.13  assembly 4.68/4.85  transport 4.54/5.64  egress 3.41/3.51
[   55s] clients 5000 | level 0 (0-0 in window: 30 Hz, dilation 1.0), pace 1.00, 0.0% clients bandwidth-degraded | tick p50 15.70 p99 16.63 max 16.72 ms, 0 overruns | out 150.0k pps 175 kbps/client, 877 Mbps | in 150.0k pps 12 kbps/client | stand-ins: repeated 0.00% frozen 0.00%, 0 late inputs | per client-tick: 694 B (near 58 B, 100% deltas), near 9.4 mid 20.9 far 32.7, far skipped 0 starved 0 | input wait p50 49.8 p99 66.4 ms | 0 joins deferred | kernel drops rcv 0 snd 0
         p50/p99 ms: ingress 1.45/1.52  events 1.07/1.13  movement 0.16/0.20  grid 0.29/0.31  history 0.00/0.00  serialize 0.08/0.12  assembly 4.68/4.87  transport 4.53/5.42  egress 3.40/3.51
[   60s] clients 5000 | level 0 (0-0 in window: 30 Hz, dilation 1.0), pace 1.00, 0.0% clients bandwidth-degraded | tick p50 15.58 p99 16.38 max 16.39 ms, 0 overruns | out 150.0k pps 176 kbps/client, 878 Mbps | in 150.0k pps 12 kbps/client | stand-ins: repeated 0.00% frozen 0.00%, 0 late inputs | per client-tick: 694 B (near 58 B, 100% deltas), near 9.4 mid 20.9 far 32.7, far skipped 0 starved 0 | input wait p50 49.8 p99 66.4 ms | 0 joins deferred | kernel drops rcv 0 snd 0
         p50/p99 ms: ingress 1.45/1.52  events 1.07/1.12  movement 0.16/0.19  grid 0.29/0.31  history 0.00/0.01  serialize 0.08/0.12  assembly 4.66/4.84  transport 4.51/5.31  egress 3.37/3.50
[   61s] clients 0 | level 0 (0-0 in window: 30 Hz, dilation 1.0), pace 1.00, 0.0% clients bandwidth-degraded | tick p50 15.39 p99 15.95 max 15.95 ms, 0 overruns | out 136.7k pps 175 kbps/client, 786 Mbps | in 164.1k pps 13 kbps/client | stand-ins: repeated 0.00% frozen 0.00%, 0 late inputs | per client-tick: 682 B (near 58 B, 100% deltas), near 9.3 mid 20.5 far 32.1, far skipped 0 starved 0 | input wait p50 50.1 p99 66.4 ms | 0 joins deferred | kernel drops rcv 0 snd 0
         p50/p99 ms: ingress 1.46/2.69  events 1.05/6.05  movement 0.16/0.18  grid 0.29/0.31  history 0.00/0.00  serialize 0.08/0.14  assembly 4.63/4.79  transport 4.38/4.85  egress 3.36/3.47

== summary: 1708 steady-state ticks (after warmup, before clients drain), peak 5000 clients ==
  phase        p50 ms   p99 ms   max ms
  ingress        1.44     1.51     1.56
  events         1.08     1.14     1.26
  movement       0.16     0.19     0.21
  grid           0.29     0.31     0.31
  history        0.00     0.01     0.01
  serialize      0.08     0.12     0.15
  assembly       4.66     4.85     5.11
  transport      4.51     5.33     5.72
  egress         3.41     3.52     3.62
  tick          15.62    16.45    16.83
  overruns 0 | spawns 5000 despawns 5000 (13271 joins deferred) | stand-ins: repeated 0 frozen 0 | late inputs 0 discarded 0 | bad messages 0 | recv errors 0 send errors 0
  egress (whole run): 8956582 datagrams in 8956582 sends (1.00 per send), 115264 syscalls
  ticks per ladder level (whole run): L0: 1820
  input wait on the server (datagram arrival -> applied): p50 49.8 p99 66.3 max 69.2 mean 49.9 ms
  steady state: stand-ins repeated 0 frozen 0 | late inputs 0 discarded 0
