preallocated connections for 10000 clients in 225.095247ms
listening on 127.0.0.1:40500 | spawn Blob | tiers near 64@150 m, mid 500 m, far 1500 m, budget 6250 B/tick, squads of 4 | 8 rayon threads, 64 shards, 256 accepts/tick, egress SendMmsg | socket buffers rcv 8192 KiB snd 8192 KiB
WARNING: token key is the public dev key; anyone can mint tokens for this server (--token-key)
[    5s] clients 3000 | level 0 (0-0 in window: 30 Hz, dilation 1.0), pace 1.00, 0.0% clients bandwidth-degraded | tick p50 22.63 p99 25.80 max 29.10 ms, 0 overruns | out 159.1k pps 343 kbps/client, 902 Mbps | in 80.9k pps 14 kbps/client | stand-ins: repeated 0.00% frozen 0.00%, 0 late inputs | per client-tick: 1362 B (near 371 B, 97% deltas), near 64.0 mid 86.0 far 0.0, far skipped 0 starved 0 | input wait p50 50.4 p99 70.2 ms | 6482 joins deferred | kernel drops rcv 0 snd 0
         p50/p99 ms: ingress 1.17/1.70  events 0.36/3.44  movement 0.53/0.70  grid 0.09/0.13  history 0.00/0.04  serialize 0.39/0.56  assembly 10.35/12.71  transport 2.91/4.09  egress 6.62/7.48
[   10s] clients 3000 | level 0 (0-0 in window: 30 Hz, dilation 1.0), pace 1.00, 0.0% clients bandwidth-degraded | tick p50 23.14 p99 28.12 max 33.32 ms, 0 overruns | out 179.9k pps 339 kbps/client, 1017 Mbps | in 90.0k pps 12 kbps/client | stand-ins: repeated 0.00% frozen 0.00%, 0 late inputs | per client-tick: 1349 B (near 357 B, 99% deltas), near 64.0 mid 86.0 far 0.0, far skipped 0 starved 0 | input wait p50 49.6 p99 66.3 ms | 0 joins deferred | kernel drops rcv 0 snd 0
         p50/p99 ms: ingress 1.27/1.74  events 0.36/0.65  movement 0.53/0.73  grid 0.09/0.15  history 0.00/0.00  serialize 0.39/0.55  assembly 10.73/12.51  transport 2.94/5.35  egress 6.84/7.83
[   15s] clients 3000 | level 0 (0-0 in window: 30 Hz, dilation 1.0), pace 1.00, 0.0% clients bandwidth-degraded | tick p50 23.43 p99 27.38 max 27.89 ms, 0 overruns | out 180.0k pps 339 kbps/client, 1018 Mbps | in 90.0k pps 12 kbps/client | stand-ins: repeated 0.00% frozen 0.00%, 0 late inputs | per client-tick: 1348 B (near 356 B, 99% deltas), near 64.0 mid 86.0 far 0.0, far skipped 0 starved 0 | input wait p50 49.6 p99 66.3 ms | 0 joins deferred | kernel drops rcv 0 snd 0
         p50/p99 ms: ingress 1.31/1.90  events 0.39/0.64  movement 0.54/0.73  grid 0.09/0.14  history 0.00/0.00  serialize 0.39/0.53  assembly 10.85/12.57  transport 3.01/4.30  egress 6.87/8.09
[   20s] clients 3000 | level 0 (0-0 in window: 30 Hz, dilation 1.0), pace 1.00, 0.0% clients bandwidth-degraded | tick p50 22.70 p99 25.13 max 27.88 ms, 0 overruns | out 180.0k pps 339 kbps/client, 1018 Mbps | in 90.0k pps 12 kbps/client | stand-ins: repeated 0.00% frozen 0.00%, 0 late inputs | per client-tick: 1348 B (near 356 B, 99% deltas), near 64.0 mid 86.0 far 0.0, far skipped 0 starved 0 | input wait p50 49.7 p99 66.3 ms | 0 joins deferred | kernel drops rcv 0 snd 0
         p50/p99 ms: ingress 1.26/1.71  events 0.37/0.60  movement 0.55/0.74  grid 0.09/0.13  history 0.00/0.00  serialize 0.38/0.48  assembly 10.63/12.11  transport 2.88/3.75  egress 6.63/7.75
[   25s] clients 3000 | level 0 (0-0 in window: 30 Hz, dilation 1.0), pace 1.00, 0.0% clients bandwidth-degraded | tick p50 22.61 p99 25.08 max 25.99 ms, 0 overruns | out 179.9k pps 339 kbps/client, 1017 Mbps | in 90.0k pps 12 kbps/client | stand-ins: repeated 0.00% frozen 0.00%, 0 late inputs | per client-tick: 1348 B (near 356 B, 99% deltas), near 64.0 mid 86.0 far 0.0, far skipped 0 starved 0 | input wait p50 49.8 p99 66.3 ms | 0 joins deferred | kernel drops rcv 0 snd 0
         p50/p99 ms: ingress 1.24/1.66  events 0.35/0.53  movement 0.53/0.74  grid 0.09/0.13  history 0.00/0.00  serialize 0.37/0.48  assembly 10.42/11.72  transport 2.93/5.09  egress 6.62/7.40
[   30s] clients 3000 | level 0 (0-0 in window: 30 Hz, dilation 1.0), pace 1.00, 0.0% clients bandwidth-degraded | tick p50 23.46 p99 26.54 max 26.83 ms, 0 overruns | out 180.1k pps 339 kbps/client, 1018 Mbps | in 90.0k pps 12 kbps/client | stand-ins: repeated 0.00% frozen 0.00%, 0 late inputs | per client-tick: 1348 B (near 356 B, 99% deltas), near 64.0 mid 86.0 far 0.0, far skipped 0 starved 0 | input wait p50 49.6 p99 66.3 ms | 0 joins deferred | kernel drops rcv 0 snd 0
         p50/p99 ms: ingress 1.33/1.88  events 0.39/0.62  movement 0.52/0.72  grid 0.09/0.14  history 0.00/0.00  serialize 0.39/0.51  assembly 10.96/12.82  transport 3.09/3.87  egress 6.75/7.75
[   35s] clients 3000 | level 1 (0-1 in window: 30 Hz, dilation 1.0), pace 1.00, 0.0% clients bandwidth-degraded | tick p50 23.92 p99 32.74 max 33.05 ms, 0 overruns | out 180.0k pps 339 kbps/client, 1017 Mbps | in 90.0k pps 12 kbps/client | stand-ins: repeated 0.00% frozen 0.00%, 0 late inputs | per client-tick: 1348 B (near 356 B, 99% deltas), near 64.0 mid 86.0 far 0.0, far skipped 0 starved 0 | input wait p50 49.5 p99 66.3 ms | 0 joins deferred | kernel drops rcv 0 snd 0
         p50/p99 ms: ingress 1.36/2.92  events 0.39/0.74  movement 0.55/0.79  grid 0.09/0.13  history 0.00/0.00  serialize 0.40/0.52  assembly 11.20/16.67  transport 3.16/3.96  egress 6.86/7.94
[   40s] clients 3000 | level 1 (1-1 in window: 30 Hz, dilation 1.0), pace 1.00, 0.0% clients bandwidth-degraded | tick p50 23.29 p99 29.86 max 30.93 ms, 0 overruns | out 180.0k pps 339 kbps/client, 1017 Mbps | in 90.0k pps 12 kbps/client | stand-ins: repeated 0.00% frozen 0.00%, 0 late inputs | per client-tick: 1348 B (near 356 B, 99% deltas), near 64.0 mid 86.0 far 0.0, far skipped 0 starved 0 | input wait p50 49.6 p99 66.3 ms | 0 joins deferred | kernel drops rcv 0 snd 0
         p50/p99 ms: ingress 1.26/1.79  events 0.36/0.62  movement 0.55/0.71  grid 0.09/0.14  history 0.00/0.00  serialize 0.38/0.48  assembly 10.76/14.76  transport 3.02/3.90  egress 6.92/7.72
[   45s] clients 3000 | level 1 (1-1 in window: 30 Hz, dilation 1.0), pace 1.00, 0.0% clients bandwidth-degraded | tick p50 23.26 p99 29.80 max 30.06 ms, 0 overruns | out 180.0k pps 339 kbps/client, 1017 Mbps | in 90.0k pps 12 kbps/client | stand-ins: repeated 0.00% frozen 0.00%, 0 late inputs | per client-tick: 1348 B (near 356 B, 99% deltas), near 64.0 mid 86.0 far 0.0, far skipped 0 starved 0 | input wait p50 49.7 p99 66.3 ms | 0 joins deferred | kernel drops rcv 0 snd 0
         p50/p99 ms: ingress 1.30/1.82  events 0.37/0.62  movement 0.54/0.72  grid 0.09/0.14  history 0.00/0.00  serialize 0.38/0.54  assembly 10.87/16.19  transport 3.05/3.69  egress 6.72/7.76
[   50s] clients 3000 | level 1 (1-1 in window: 30 Hz, dilation 1.0), pace 1.00, 0.0% clients bandwidth-degraded | tick p50 23.36 p99 26.38 max 27.57 ms, 0 overruns | out 180.0k pps 339 kbps/client, 1017 Mbps | in 90.0k pps 12 kbps/client | stand-ins: repeated 0.00% frozen 0.00%, 0 late inputs | per client-tick: 1348 B (near 356 B, 99% deltas), near 64.0 mid 86.0 far 0.0, far skipped 0 starved 0 | input wait p50 49.6 p99 66.3 ms | 0 joins deferred | kernel drops rcv 0 snd 0
         p50/p99 ms: ingress 1.30/1.81  events 0.38/0.66  movement 0.54/0.74  grid 0.09/0.13  history 0.00/0.00  serialize 0.38/0.49  assembly 10.83/12.95  transport 3.00/4.00  egress 6.87/7.78
[   55s] clients 3000 | level 1 (1-1 in window: 30 Hz, dilation 1.0), pace 1.00, 0.0% clients bandwidth-degraded | tick p50 23.06 p99 27.02 max 30.55 ms, 0 overruns | out 180.0k pps 339 kbps/client, 1017 Mbps | in 90.0k pps 12 kbps/client | stand-ins: repeated 0.00% frozen 0.00%, 0 late inputs | per client-tick: 1348 B (near 356 B, 99% deltas), near 64.0 mid 86.0 far 0.0, far skipped 0 starved 0 | input wait p50 49.8 p99 66.3 ms | 0 joins deferred | kernel drops rcv 0 snd 0
         p50/p99 ms: ingress 1.25/1.81  events 0.38/0.63  movement 0.54/0.71  grid 0.09/0.13  history 0.00/0.00  serialize 0.39/0.48  assembly 10.69/13.14  transport 2.98/4.48  egress 6.69/7.73
[   60s] clients 3000 | level 1 (1-1 in window: 30 Hz, dilation 1.0), pace 1.00, 0.0% clients bandwidth-degraded | tick p50 23.23 p99 26.15 max 26.42 ms, 0 overruns | out 179.9k pps 339 kbps/client, 1017 Mbps | in 90.0k pps 12 kbps/client | stand-ins: repeated 0.00% frozen 0.00%, 0 late inputs | per client-tick: 1348 B (near 356 B, 99% deltas), near 64.0 mid 86.0 far 0.0, far skipped 0 starved 0 | input wait p50 49.7 p99 66.3 ms | 0 joins deferred | kernel drops rcv 0 snd 0
         p50/p99 ms: ingress 1.30/1.73  events 0.39/0.69  movement 0.54/0.71  grid 0.09/0.14  history 0.00/0.00  serialize 0.39/0.50  assembly 10.88/12.34  transport 3.01/3.77  egress 6.72/8.00
[   60s] clients 0 | level 1 (1-1 in window: 30 Hz, dilation 1.0), pace 1.00, 0.0% clients bandwidth-degraded | tick p50 24.78 p99 27.16 max 27.16 ms, 0 overruns | out 126.8k pps 390 kbps/client, 717 Mbps | in 110.4k pps 16 kbps/client | stand-ins: repeated 0.00% frozen 0.00%, 0 late inputs | per client-tick: 1347 B (near 365 B, 97% deltas), near 63.9 mid 85.0 far 0.0, far skipped 0 starved 0 | input wait p50 49.5 p99 66.3 ms | 0 joins deferred | kernel drops rcv 0 snd 0
         p50/p99 ms: ingress 1.53/1.71  events 0.46/5.55  movement 0.54/0.59  grid 0.10/0.12  history 0.00/0.00  serialize 0.39/0.46  assembly 11.47/12.71  transport 3.10/3.52  egress 7.03/7.66

== summary: 1708 steady-state ticks (after warmup, before clients drain), peak 3000 clients ==
  phase        p50 ms   p99 ms   max ms
  ingress        1.29     1.81     4.01
  events         0.37     0.63     0.77
  movement       0.54     0.73     0.94
  grid           0.09     0.14     0.17
  history        0.00     0.00     0.03
  serialize      0.39     0.51     1.47
  assembly      10.81    12.82    22.04
  transport      3.01     3.96     6.19
  egress         6.76     7.81     8.51
  tick          23.21    27.02    33.32
  overruns 0 | spawns 3000 despawns 3000 (6482 joins deferred) | stand-ins: repeated 0 frozen 0 | late inputs 0 discarded 0 | bad messages 0 | recv errors 0 send errors 0
  egress (whole run): 10753575 datagrams in 10753575 sends (1.00 per send), 115263 syscalls
  ticks per ladder level (whole run): L0: 948, L1: 864
  input wait on the server (datagram arrival -> applied): p50 49.7 p99 66.4 max 79.9 mean 49.5 ms
  steady state: stand-ins repeated 0 frozen 0 | late inputs 0 discarded 0
