spawn=blob
egress=sendmmsg
ladder=on
threads=8
shards=64
peak_clients=3000
steady_ticks=1708
steady_secs=56.9
ingress_p50_ms=1.29
ingress_p99_ms=1.81
ingress_max_ms=4.01
events_p50_ms=0.37
events_p99_ms=0.63
events_max_ms=0.77
movement_p50_ms=0.54
movement_p99_ms=0.73
movement_max_ms=0.94
grid_p50_ms=0.09
grid_p99_ms=0.14
grid_max_ms=0.17
history_p50_ms=0.00
history_p99_ms=0.00
history_max_ms=0.03
serialize_p50_ms=0.39
serialize_p99_ms=0.51
serialize_max_ms=1.47
assembly_p50_ms=10.81
assembly_p99_ms=12.82
assembly_max_ms=22.04
transport_p50_ms=3.01
transport_p99_ms=3.96
transport_max_ms=6.19
egress_p50_ms=6.76
egress_p99_ms=7.81
egress_max_ms=8.51
tick_p50_ms=23.21
tick_p99_ms=27.02
tick_max_ms=33.32
steady_overruns=0
level_mode=1
tick_hz=30
dilation=1
levels=L0:846,L1:862
clients_avg=3000
out_pps=180018
in_pps=90067
egress_mbps=1017.5
packets_per_client_tick=2.00
wire_bytes_per_client_tick=1413
down_kbps_per_client=339.2
up_kbps_per_client=12.0
kernel_rcvbuf_drops=0
kernel_sndbuf_drops=0
snapshot_bytes_per_client_tick=1348
near_bytes_per_client_tick=356
near_per_client_tick=64.0
mid_per_client_tick=86.0
far_per_client_tick=0.0
far_skipped=0
far_starved=0
repeated=0
frozen=0
late_inputs=0
discarded_inputs=0
input_wait_p50_ms=49.7
input_wait_p99_ms=66.4
spawns=3000
despawns=3000
joins_deferred=6482
bad_messages=0
recv_errors=0
send_errors=0
datagrams=10753575
sends=10753575
send_syscalls=115263
