10000 bots -> 172.16.16.2:40500 on 24 threads, ramp 0/s, 45s, 10000 full + 0 sink bots
[    5s] bots 10000/10000 connected, 10000 welcomed, 0 failed | 23.4 snaps/s/bot, entities/snap near 15.0 mid 39.6 far 56.2 | corrections 0.000/s/bot | down 235 up 9 kbps/bot | rtt 14.8 ms loss 0.00% | input->applied ~ p50 57 p99 74 ms, round trip p50 67 p99 100 ms | joins 10000 (p50 693 p99 1840 ms) | server pace 1.00 level 0, 0 bots bandwidth-degraded | swarm busy 16%, overruns 0
[   10s] bots 10000/10000 connected, 10000 welcomed, 0 failed | 31.1 snaps/s/bot, entities/snap near 15.7 mid 41.9 far 58.7 | corrections 0.000/s/bot | down 326 up 12 kbps/bot | rtt 15.0 ms loss 0.00% | input->applied ~ p50 57 p99 74 ms, round trip p50 67 p99 100 ms | joins 0 (p50 0 p99 0 ms) | server pace 1.00 level 0, 0 bots bandwidth-degraded | swarm busy 18%, overruns 0
[   15s] bots 10000/10000 connected, 10000 welcomed, 0 failed | 28.9 snaps/s/bot, entities/snap near 15.7 mid 41.9 far 58.7 | corrections 0.000/s/bot | down 303 up 12 kbps/bot | rtt 15.1 ms loss 0.00% | input->applied ~ p50 57 p99 74 ms, round trip p50 67 p99 100 ms | joins 0 (p50 0 p99 0 ms) | server pace 1.00 level 0, 0 bots bandwidth-degraded | swarm busy 18%, overruns 0
[   20s] bots 10000/10000 connected, 10000 welcomed, 0 failed | 30.1 snaps/s/bot, entities/snap near 15.7 mid 42.0 far 58.7 | corrections 0.000/s/bot | down 316 up 12 kbps/bot | rtt 15.2 ms loss 0.00% | input->applied ~ p50 57 p99 74 ms, round trip p50 67 p99 100 ms | joins 0 (p50 0 p99 0 ms) | server pace 1.00 level 0, 0 bots bandwidth-degraded | swarm busy 18%, overruns 0
[   25s] bots 10000/10000 connected, 10000 welcomed, 0 failed | 30.8 snaps/s/bot, entities/snap near 15.7 mid 41.9 far 58.7 | corrections 0.000/s/bot | down 323 up 12 kbps/bot | rtt 15.2 ms loss 0.00% | input->applied ~ p50 57 p99 74 ms, round trip p50 67 p99 100 ms | joins 0 (p50 0 p99 0 ms) | server pace 1.00 level 0, 0 bots bandwidth-degraded | swarm busy 18%, overruns 0
[   30s] bots 10000/10000 connected, 10000 welcomed, 0 failed | 29.7 snaps/s/bot, entities/snap near 15.7 mid 41.9 far 58.7 | corrections 0.000/s/bot | down 312 up 12 kbps/bot | rtt 15.2 ms loss 0.00% | input->applied ~ p50 57 p99 74 ms, round trip p50 67 p99 100 ms | joins 0 (p50 0 p99 0 ms) | server pace 1.00 level 0, 0 bots bandwidth-degraded | swarm busy 18%, overruns 0
[   35s] bots 10000/10000 connected, 10000 welcomed, 0 failed | 29.9 snaps/s/bot, entities/snap near 15.7 mid 41.9 far 58.7 | corrections 0.000/s/bot | down 314 up 12 kbps/bot | rtt 15.2 ms loss 0.00% | input->applied ~ p50 57 p99 74 ms, round trip p50 67 p99 100 ms | joins 0 (p50 0 p99 0 ms) | server pace 1.00 level 0, 0 bots bandwidth-degraded | swarm busy 18%, overruns 0
[   40s] bots 10000/10000 connected, 10000 welcomed, 0 failed | 30.1 snaps/s/bot, entities/snap near 15.7 mid 41.9 far 58.7 | corrections 0.000/s/bot | down 316 up 12 kbps/bot | rtt 15.3 ms loss 0.00% | input->applied ~ p50 57 p99 74 ms, round trip p50 67 p99 100 ms | joins 0 (p50 0 p99 0 ms) | server pace 1.00 level 0, 0 bots bandwidth-degraded | swarm busy 18%, overruns 0
[   45s] bots 10000/10000 connected, 10000 welcomed, 0 failed | 29.7 snaps/s/bot, entities/snap near 15.7 mid 41.9 far 58.7 | corrections 0.000/s/bot | down 311 up 12 kbps/bot | rtt 15.2 ms loss 0.00% | input->applied ~ p50 58 p99 74 ms, round trip p50 67 p99 100 ms | joins 0 (p50 0 p99 0 ms) | server pace 1.00 level 0, 0 bots bandwidth-degraded | swarm busy 17%, overruns 0

== bots summary ==
  started 10000 welcomed 10000 failed 0
  join latency ms: p50 693 p99 1840 max 2444 (n=10000)
  corrections 0 (0.00/bot-minute), mean error 0.000 m, max 0.000 m
  snapshots 13270165 (entities per snapshot: near 15.7 mid 41.7 far 58.5), stale 0, unmatched acks 0, resyncs 0
  input -> applied on server (est. RTT/2 + server wait): p50 57.0 p99 74.0 max 78.0 mean 57.4 ms (n=13267344)
    of which server wait (arrival -> applied): p50 49.8 p99 65.3 max 69.5 mean 49.9 ms (n=13267344)
  input -> seen acked (round trip): p50 67.0 p99 100.0 max 100.0 mean 78.9 ms (n=13267344)
  near entity update interval (tracked bots): p50 33.0 p99 33.0 max 100.0 mean 33.0 ms (n=10326724)
  mid entity update interval (tracked bots): p50 100.0 p99 100.0 max 500.0 mean 100.2 ms (n=27636324)
  far entity update interval (tracked bots): p50 500.0 p99 500.0 max 44000.0 mean 514.5 ms (n=38664352)
  input clock: 10608 extra inputs, 237 skipped ticks, 0 backlog skips | near decode errors (tracked bots) 0
  bytes down 17342.9 MB up 664.0 MB | swarm busy 18% of its threads' time, tick overruns 0
