spawn=uniform
egress=sendmmsg
ladder=off
threads=64
shards=256
peak_clients=10000
steady_ticks=1259
steady_secs=41.9
ingress_p50_ms=1.49
ingress_p99_ms=1.66
ingress_max_ms=2.02
events_p50_ms=3.08
events_p99_ms=3.34
events_max_ms=3.38
movement_p50_ms=0.35
movement_p99_ms=0.41
movement_max_ms=0.48
grid_p50_ms=0.41
grid_p99_ms=0.45
grid_max_ms=0.46
history_p50_ms=0.01
history_p99_ms=0.01
history_max_ms=0.02
serialize_p50_ms=0.21
serialize_p99_ms=0.26
serialize_max_ms=0.27
assembly_p50_ms=2.53
assembly_p99_ms=2.69
assembly_max_ms=2.74
transport_p50_ms=1.86
transport_p99_ms=2.02
transport_max_ms=2.13
egress_p50_ms=2.68
egress_p99_ms=2.90
egress_max_ms=3.04
tick_p50_ms=12.63
tick_p99_ms=13.09
tick_max_ms=13.32
steady_overruns=0
level_mode=0
tick_hz=30
dilation=1
levels=L0:1259
clients_avg=10000
out_pps=523706
in_pps=300445
egress_mbps=3150.2
packets_per_client_tick=1.74
wire_bytes_per_client_tick=1312
down_kbps_per_client=315.0
up_kbps_per_client=12.0
kernel_rcvbuf_drops=0
kernel_sndbuf_drops=0
snapshot_bytes_per_client_tick=1252
near_bytes_per_client_tick=95
near_per_client_tick=15.7
mid_per_client_tick=41.9
far_per_client_tick=58.7
far_skipped=0
far_starved=0
repeated=0
frozen=0
late_inputs=0
discarded_inputs=0
input_wait_p50_ms=49.8
input_wait_p99_ms=65.3
spawns=10000
despawns=10000
joins_deferred=54615
bad_messages=0
recv_errors=0
send_errors=0
datagrams=23109074
sends=23109074
send_syscalls=345856
