started=1000
welcomed=1000
failed=0
join_p50_ms=350
join_p99_ms=558
join_max_ms=591
corrections=177
corrections_per_bot_minute=0.177
correction_max_m=0.278
push_corrections=94
push_corrections_per_bot_minute=0.094
push_max_m=0.206
snapshots=1576095
near_per_snapshot=4.9
mid_per_snapshot=4.7
far_per_snapshot=7.2
stale_snapshots=213070
resyncs=0
input_applied_p50_ms=92.0
input_applied_p99_ms=145.0
input_applied_mean_ms=92.3
server_wait_p50_ms=54.9
server_wait_p99_ms=109.1
server_wait_mean_ms=55.7
round_trip_p50_ms=167.0
round_trip_p99_ms=200.0
round_trip_mean_ms=151.3
near_interval_p50_ms=33.0
near_interval_p99_ms=66.0
near_interval_mean_ms=37.5
mid_interval_p50_ms=100.0
mid_interval_p99_ms=100.0
mid_interval_mean_ms=100.2
far_interval_p50_ms=500.0
far_interval_p99_ms=500.0
far_interval_mean_ms=499.9
near_interpolated_pct=99.86
near_extrapolated_pct=0.02
near_held_pct=0.00
near_new_pct=0.12
near_pop_p50_mm=0
near_pop_p99_mm=1
mid_interpolated_pct=99.51
mid_extrapolated_pct=0.12
mid_held_pct=0.01
mid_new_pct=0.35
mid_pop_p50_mm=0
mid_pop_p99_mm=0
far_interpolated_pct=38.18
far_extrapolated_pct=61.07
far_held_pct=0.35
far_new_pct=0.40
far_pop_p50_mm=466
far_pop_p99_mm=4069
render_delay_ms=110.9
render_snaps=0
render_backwards=0
clock_extra=12872
clock_skipped=11916
backlog_skips=268
near_decode_errors=0
bytes_down_mb=439.6
bytes_up_mb=112.0
swarm_busy_pct=7
swarm_overruns=2
