minting tokens with the public dev key (--token-key to change)
1000 bots -> 127.0.0.1:40500 on 8 threads, ramp 0/s, 60s, 1000 full + 0 sink bots
[    5s] bots 1000/1000 connected, 1000 welcomed, 0 failed | 22.9 snaps/s/bot, entities/snap near 5.0 mid 4.8 far 7.3 | corrections 0.007/s/bot | down 52 up 13 kbps/bot | rtt 72.6 ms loss 0.00% | input->applied ~ p50 91 p99 145 ms, round trip p50 137 p99 200 ms | joins 1000 (p50 350 p99 558 ms) | server pace 1.00 level 0, 0 bots bandwidth-degraded | swarm busy 8%, overruns 2
[   10s] bots 1000/1000 connected, 1000 welcomed, 0 failed | 27.5 snaps/s/bot, entities/snap near 4.9 mid 4.8 far 7.1 | corrections 0.003/s/bot | down 61 up 16 kbps/bot | rtt 72.7 ms loss 0.00% | input->applied ~ p50 91 p99 145 ms, round trip p50 167 p99 200 ms | joins 0 (p50 0 p99 0 ms) | server pace 1.00 level 0, 0 bots bandwidth-degraded | swarm busy 7%, overruns 0
[   15s] bots 1000/1000 connected, 1000 welcomed, 0 failed | 25.0 snaps/s/bot, entities/snap near 4.9 mid 4.7 far 7.1 | corrections 0.002/s/bot | down 56 up 14 kbps/bot | rtt 73.1 ms loss 0.00% | input->applied ~ p50 92 p99 145 ms, round trip p50 167 p99 200 ms | joins 0 (p50 0 p99 0 ms) | server pace 1.00 level 0, 0 bots bandwidth-degraded | swarm busy 7%, overruns 0
[   20s] bots 1000/1000 connected, 1000 welcomed, 0 failed | 27.0 snaps/s/bot, entities/snap near 4.9 mid 4.7 far 7.1 | corrections 0.003/s/bot | down 60 up 15 kbps/bot | rtt 72.7 ms loss 0.00% | input->applied ~ p50 92 p99 145 ms, round trip p50 167 p99 200 ms | joins 0 (p50 0 p99 0 ms) | server pace 1.00 level 0, 0 bots bandwidth-degraded | swarm busy 7%, overruns 0
[   25s] bots 1000/1000 connected, 1000 welcomed, 0 failed | 27.0 snaps/s/bot, entities/snap near 4.9 mid 4.8 far 7.1 | corrections 0.003/s/bot | down 60 up 15 kbps/bot | rtt 72.8 ms loss 0.00% | input->applied ~ p50 92 p99 145 ms, round trip p50 167 p99 200 ms | joins 0 (p50 0 p99 0 ms) | server pace 1.00 level 0, 0 bots bandwidth-degraded | swarm busy 7%, overruns 0
[   30s] bots 1000/1000 connected, 1000 welcomed, 0 failed | 25.1 snaps/s/bot, entities/snap near 4.8 mid 4.7 far 7.2 | corrections 0.002/s/bot | down 56 up 14 kbps/bot | rtt 72.6 ms loss 0.00% | input->applied ~ p50 92 p99 145 ms, round trip p50 167 p99 200 ms | joins 0 (p50 0 p99 0 ms) | server pace 1.00 level 0, 0 bots bandwidth-degraded | swarm busy 7%, overruns 0
[   35s] bots 1000/1000 connected, 1000 welcomed, 0 failed | 27.5 snaps/s/bot, entities/snap near 4.9 mid 4.7 far 7.1 | corrections 0.001/s/bot | down 61 up 16 kbps/bot | rtt 73.1 ms loss 0.00% | input->applied ~ p50 91 p99 144 ms, round trip p50 167 p99 200 ms | joins 0 (p50 0 p99 0 ms) | server pace 1.00 level 0, 0 bots bandwidth-degraded | swarm busy 7%, overruns 0
[   40s] bots 1000/1000 connected, 1000 welcomed, 0 failed | 26.8 snaps/s/bot, entities/snap near 4.9 mid 4.7 far 7.1 | corrections 0.002/s/bot | down 60 up 15 kbps/bot | rtt 73.7 ms loss 0.00% | input->applied ~ p50 92 p99 145 ms, round trip p50 167 p99 200 ms | joins 0 (p50 0 p99 0 ms) | server pace 1.00 level 0, 0 bots bandwidth-degraded | swarm busy 7%, overruns 0
[   45s] bots 1000/1000 connected, 1000 welcomed, 0 failed | 25.3 snaps/s/bot, entities/snap near 4.9 mid 4.7 far 7.2 | corrections 0.002/s/bot | down 57 up 14 kbps/bot | rtt 72.8 ms loss 0.00% | input->applied ~ p50 92 p99 146 ms, round trip p50 167 p99 200 ms | joins 0 (p50 0 p99 0 ms) | server pace 1.00 level 0, 0 bots bandwidth-degraded | swarm busy 7%, overruns 0
[   50s] bots 1000/1000 connected, 1000 welcomed, 0 failed | 27.1 snaps/s/bot, entities/snap near 4.9 mid 4.7 far 7.1 | corrections 0.003/s/bot | down 60 up 15 kbps/bot | rtt 72.5 ms loss 0.00% | input->applied ~ p50 92 p99 145 ms, round trip p50 167 p99 200 ms | joins 0 (p50 0 p99 0 ms) | server pace 1.00 level 0, 0 bots bandwidth-degraded | swarm busy 7%, overruns 0
[   55s] bots 1000/1000 connected, 1000 welcomed, 0 failed | 26.4 snaps/s/bot, entities/snap near 4.9 mid 4.7 far 7.2 | corrections 0.002/s/bot | down 59 up 15 kbps/bot | rtt 72.8 ms loss 0.00% | input->applied ~ p50 92 p99 145 ms, round trip p50 167 p99 200 ms | joins 0 (p50 0 p99 0 ms) | server pace 1.00 level 0, 0 bots bandwidth-degraded | swarm busy 7%, overruns 0
[   60s] bots 1000/1000 connected, 1000 welcomed, 0 failed | 26.2 snaps/s/bot, entities/snap near 4.9 mid 4.7 far 7.1 | corrections 0.002/s/bot | down 58 up 15 kbps/bot | rtt 72.8 ms loss 0.00% | input->applied ~ p50 92 p99 145 ms, round trip p50 167 p99 200 ms | joins 0 (p50 0 p99 0 ms) | server pace 1.00 level 0, 0 bots bandwidth-degraded | swarm busy 7%, overruns 0

== bots summary ==
  started 1000 welcomed 1000 failed 0
  join latency ms: p50 350 p99 558 max 591 (n=1000)
  corrections 177 (0.18/bot-minute), mean error 0.093 m, max 0.278 m
  push corrections (the server pushed us apart from a crowd) 94 (0.09/bot-minute), max 0.206 m
  snapshots 1576095 (entities per snapshot: near 4.9 mid 4.7 far 7.2), stale 213070, unmatched acks 0, resyncs 0
  input -> applied on server (est. RTT/2 + server wait): p50 92.0 p99 145.0 max 196.0 mean 92.3 ms (n=1569130)
    of which server wait (arrival -> applied): p50 54.9 p99 109.1 max 155.5 mean 55.7 ms (n=1569130)
  input -> seen acked (round trip): p50 167.0 p99 200.0 max 267.0 mean 151.3 ms (n=1573850)
  near entity update interval (tracked bots): p50 33.0 p99 66.0 max 166.0 mean 37.5 ms (n=358673)
  mid entity update interval (tracked bots): p50 100.0 p99 100.0 max 500.0 mean 100.2 ms (n=389925)
  far entity update interval (tracked bots): p50 500.0 p99 500.0 max 2000.0 mean 499.9 ms (n=568001)
  near drawn (tracked bots): 99.86% interpolated, 0.02% extrapolated, 0.00% held, 0.12% new | pops p50 0 p99 1 max 206 mm
  mid drawn (tracked bots): 99.51% interpolated, 0.12% extrapolated, 0.01% held, 0.35% new | pops p50 0 p99 0 max 4361 mm
  far drawn (tracked bots): 38.18% interpolated, 61.07% extrapolated, 0.35% held, 0.40% new | pops p50 466 p99 4069 max 10688 mm
  render delay (near) 110.9 ms behind the newest step, clock snaps 0 (backwards 0)
  input clock: 12872 extra inputs, 11916 skipped ticks, 268 backlog skips | near decode errors (tracked bots) 0
  bytes down 439.6 MB up 112.0 MB | swarm busy 7% of its threads' time, tick overruns 2
