preallocated connections for 10000 clients in 258.062385ms
listening on 127.0.0.1:40500 | spawn Uniform | tiers near 64@150 m, mid 500 m, far 1500 m, budget 6250 B/tick, squads of 4 | 8 rayon threads, 64 shards, 1 socket(s), 256 accepts/tick, egress SendMmsg | socket buffers rcv 8192 KiB snd 8192 KiB
WARNING: token key is the public dev key; anyone can mint tokens for this server (--token-key)
[    5s] clients 1000 | level 0 (0-0 in window: 30 Hz, dilation 1.0), pace 1.00, 0.0% clients bandwidth-degraded | tick p50 4.72 p99 10.17 max 27.86 ms, 0 overruns | out 27.9k pps 60 kbps/client, 54 Mbps | in 26.9k pps 16 kbps/client | stand-ins: repeated 0.50% frozen 0.01%, 663 late inputs | per client-tick: 211 B (near 37 B, 96% deltas), near 4.3 mid 4.2 far 6.3, far skipped 0 starved 0 | input wait p50 53.8 p99 108.0 ms | 170 joins deferred | kernel drops rcv 0 snd 0
         p50/p99 ms: ingress 0.41/1.10  events 0.11/1.39  movement 0.28/0.40  grid 0.16/0.27  separate 0.17/0.23  history 0.00/0.01  serialize 0.04/0.09  assembly 0.89/1.38  transport 0.40/0.87  egress 2.15/5.22
[   10s] clients 1000 | level 0 (0-0 in window: 30 Hz, dilation 1.0), pace 1.00, 0.0% clients bandwidth-degraded | tick p50 4.70 p99 5.35 max 5.36 ms, 0 overruns | out 30.0k pps 59 kbps/client, 59 Mbps | in 29.8k pps 15 kbps/client | stand-ins: repeated 0.27% frozen 0.00%, 412 late inputs | per client-tick: 211 B (near 36 B, 100% deltas), near 4.3 mid 4.2 far 6.3, far skipped 0 starved 0 | input wait p50 54.5 p99 108.9 ms | 0 joins deferred | kernel drops rcv 0 snd 0
         p50/p99 ms: ingress 0.41/0.75  events 0.11/0.17  movement 0.29/0.38  grid 0.16/0.22  separate 0.17/0.31  history 0.00/0.00  serialize 0.04/0.08  assembly 0.87/1.14  transport 0.41/0.88  egress 2.20/2.66
[   15s] clients 1000 | level 0 (0-0 in window: 30 Hz, dilation 1.0), pace 1.00, 0.0% clients bandwidth-degraded | tick p50 4.70 p99 5.47 max 5.60 ms, 0 overruns | out 30.0k pps 59 kbps/client, 59 Mbps | in 29.8k pps 15 kbps/client | stand-ins: repeated 0.29% frozen 0.00%, 437 late inputs | per client-tick: 210 B (near 36 B, 100% deltas), near 4.3 mid 4.2 far 6.3, far skipped 0 starved 0 | input wait p50 55.0 p99 108.8 ms | 0 joins deferred | kernel drops rcv 0 snd 0
         p50/p99 ms: ingress 0.40/0.74  events 0.11/0.15  movement 0.29/0.38  grid 0.16/0.21  separate 0.17/0.32  history 0.00/0.00  serialize 0.04/0.08  assembly 0.89/1.16  transport 0.41/0.80  egress 2.21/2.62
[   20s] clients 1000 | level 0 (0-0 in window: 30 Hz, dilation 1.0), pace 1.00, 0.0% clients bandwidth-degraded | tick p50 4.63 p99 5.34 max 5.34 ms, 0 overruns | out 30.0k pps 59 kbps/client, 59 Mbps | in 29.8k pps 15 kbps/client | stand-ins: repeated 0.28% frozen 0.00%, 423 late inputs | per client-tick: 211 B (near 36 B, 100% deltas), near 4.3 mid 4.2 far 6.3, far skipped 0 starved 0 | input wait p50 55.1 p99 108.8 ms | 0 joins deferred | kernel drops rcv 0 snd 0
         p50/p99 ms: ingress 0.39/0.69  events 0.11/0.16  movement 0.29/0.35  grid 0.17/0.23  separate 0.17/0.21  history 0.00/0.00  serialize 0.04/0.07  assembly 0.85/1.15  transport 0.40/0.78  egress 2.18/2.65
[   25s] clients 1000 | level 0 (0-0 in window: 30 Hz, dilation 1.0), pace 1.00, 0.0% clients bandwidth-degraded | tick p50 4.65 p99 5.67 max 6.86 ms, 0 overruns | out 30.0k pps 59 kbps/client, 59 Mbps | in 29.8k pps 15 kbps/client | stand-ins: repeated 0.32% frozen 0.00%, 476 late inputs | per client-tick: 210 B (near 35 B, 100% deltas), near 4.3 mid 4.2 far 6.3, far skipped 0 starved 0 | input wait p50 55.3 p99 109.5 ms | 0 joins deferred | kernel drops rcv 0 snd 0
         p50/p99 ms: ingress 0.40/0.85  events 0.11/0.19  movement 0.29/0.40  grid 0.15/0.29  separate 0.17/0.23  history 0.00/0.00  serialize 0.04/0.08  assembly 0.82/1.19  transport 0.41/0.84  egress 2.16/2.79
[   30s] clients 1000 | level 0 (0-0 in window: 30 Hz, dilation 1.0), pace 1.00, 0.0% clients bandwidth-degraded | tick p50 4.68 p99 5.58 max 5.75 ms, 0 overruns | out 30.0k pps 59 kbps/client, 59 Mbps | in 29.8k pps 15 kbps/client | stand-ins: repeated 0.26% frozen 0.00%, 387 late inputs | per client-tick: 210 B (near 35 B, 100% deltas), near 4.3 mid 4.2 far 6.3, far skipped 0 starved 0 | input wait p50 54.9 p99 109.4 ms | 0 joins deferred | kernel drops rcv 0 snd 0
         p50/p99 ms: ingress 0.40/0.87  events 0.11/0.17  movement 0.29/0.40  grid 0.15/0.25  separate 0.17/0.24  history 0.00/0.00  serialize 0.04/0.07  assembly 0.86/1.15  transport 0.40/0.74  egress 2.18/2.62
[   35s] clients 1000 | level 0 (0-0 in window: 30 Hz, dilation 1.0), pace 1.00, 0.0% clients bandwidth-degraded | tick p50 4.70 p99 5.50 max 5.59 ms, 0 overruns | out 30.0k pps 59 kbps/client, 59 Mbps | in 29.8k pps 15 kbps/client | stand-ins: repeated 0.28% frozen 0.00%, 418 late inputs | per client-tick: 210 B (near 35 B, 100% deltas), near 4.3 mid 4.2 far 6.3, far skipped 0 starved 0 | input wait p50 54.6 p99 108.2 ms | 0 joins deferred | kernel drops rcv 0 snd 0
         p50/p99 ms: ingress 0.39/0.93  events 0.11/0.17  movement 0.29/0.38  grid 0.16/0.23  separate 0.17/0.32  history 0.00/0.00  serialize 0.04/0.08  assembly 0.86/1.27  transport 0.41/0.83  egress 2.19/2.67
[   40s] clients 1000 | level 0 (0-0 in window: 30 Hz, dilation 1.0), pace 1.00, 0.0% clients bandwidth-degraded | tick p50 4.66 p99 11.30 max 15.38 ms, 0 overruns | out 30.0k pps 59 kbps/client, 59 Mbps | in 29.8k pps 15 kbps/client | stand-ins: repeated 0.29% frozen 0.00%, 438 late inputs | per client-tick: 210 B (near 36 B, 100% deltas), near 4.3 mid 4.2 far 6.3, far skipped 0 starved 0 | input wait p50 55.0 p99 109.6 ms | 0 joins deferred | kernel drops rcv 0 snd 0
         p50/p99 ms: ingress 0.41/0.78  events 0.11/0.18  movement 0.29/0.41  grid 0.16/0.31  separate 0.17/0.30  history 0.00/0.00  serialize 0.04/0.09  assembly 0.84/1.16  transport 0.41/0.72  egress 2.19/8.15
[   45s] clients 1000 | level 0 (0-0 in window: 30 Hz, dilation 1.0), pace 1.00, 0.0% clients bandwidth-degraded | tick p50 4.66 p99 5.66 max 5.77 ms, 0 overruns | out 30.0k pps 59 kbps/client, 59 Mbps | in 29.8k pps 15 kbps/client | stand-ins: repeated 0.31% frozen 0.00%, 466 late inputs | per client-tick: 210 B (near 36 B, 100% deltas), near 4.3 mid 4.1 far 6.3, far skipped 0 starved 0 | input wait p50 55.2 p99 109.8 ms | 0 joins deferred | kernel drops rcv 0 snd 0
         p50/p99 ms: ingress 0.41/0.86  events 0.11/0.17  movement 0.29/0.41  grid 0.15/0.29  separate 0.17/0.32  history 0.00/0.00  serialize 0.04/0.07  assembly 0.86/1.22  transport 0.40/0.84  egress 2.18/2.67
[   50s] clients 1000 | level 0 (0-0 in window: 30 Hz, dilation 1.0), pace 1.00, 0.0% clients bandwidth-degraded | tick p50 4.69 p99 5.47 max 6.19 ms, 0 overruns | out 30.0k pps 59 kbps/client, 59 Mbps | in 29.8k pps 15 kbps/client | stand-ins: repeated 0.28% frozen 0.00%, 428 late inputs | per client-tick: 210 B (near 36 B, 100% deltas), near 4.3 mid 4.2 far 6.3, far skipped 0 starved 0 | input wait p50 55.0 p99 109.3 ms | 0 joins deferred | kernel drops rcv 0 snd 0
         p50/p99 ms: ingress 0.39/0.72  events 0.11/0.16  movement 0.29/0.37  grid 0.16/0.22  separate 0.17/0.24  history 0.00/0.00  serialize 0.04/0.09  assembly 0.82/1.27  transport 0.41/0.84  egress 2.19/2.60
[   55s] clients 1000 | level 0 (0-0 in window: 30 Hz, dilation 1.0), pace 1.00, 0.0% clients bandwidth-degraded | tick p50 4.70 p99 5.51 max 5.53 ms, 0 overruns | out 30.0k pps 59 kbps/client, 59 Mbps | in 29.8k pps 15 kbps/client | stand-ins: repeated 0.29% frozen 0.00%, 436 late inputs | per client-tick: 210 B (near 35 B, 100% deltas), near 4.3 mid 4.2 far 6.3, far skipped 0 starved 0 | input wait p50 55.2 p99 109.0 ms | 0 joins deferred | kernel drops rcv 0 snd 0
         p50/p99 ms: ingress 0.39/0.74  events 0.11/0.18  movement 0.29/0.39  grid 0.16/0.26  separate 0.17/0.23  history 0.00/0.00  serialize 0.04/0.07  assembly 0.83/1.18  transport 0.40/0.84  egress 2.23/2.61
[   60s] clients 943 | level 0 (0-0 in window: 30 Hz, dilation 1.0), pace 1.00, 0.0% clients bandwidth-degraded | tick p50 4.67 p99 5.33 max 5.43 ms, 0 overruns | out 30.0k pps 59 kbps/client, 59 Mbps | in 29.8k pps 15 kbps/client | stand-ins: repeated 0.28% frozen 0.00%, 419 late inputs | per client-tick: 210 B (near 35 B, 100% deltas), near 4.3 mid 4.2 far 6.3, far skipped 0 starved 0 | input wait p50 55.0 p99 109.0 ms | 0 joins deferred | kernel drops rcv 0 snd 0
         p50/p99 ms: ingress 0.39/0.68  events 0.11/0.19  movement 0.29/0.36  grid 0.16/0.21  separate 0.17/0.34  history 0.00/0.00  serialize 0.04/0.08  assembly 0.87/1.14  transport 0.40/0.82  egress 2.17/2.50
[   60s] clients 0 | level 0 (0-0 in window: 30 Hz, dilation 1.0), pace 1.00, 0.0% clients bandwidth-degraded | tick p50 2.86 p99 3.88 max 3.88 ms, 0 overruns | out 4.0k pps 37 kbps/client, 5 Mbps | in 36.2k pps 60 kbps/client | stand-ins: repeated 0.26% frozen 0.00%, 3 late inputs | per client-tick: 115 B (near 17 B, 100% deltas), near 1.6 mid 1.4 far 2.3, far skipped 0 starved 0 | input wait p50 55.4 p99 108.1 ms | 0 joins deferred | kernel drops rcv 0 snd 0
         p50/p99 ms: ingress 0.34/0.60  events 0.26/0.55  movement 0.16/0.24  grid 0.15/0.15  separate 0.15/0.16  history 0.00/0.00  serialize 0.00/0.02  assembly 0.25/0.36  transport 0.31/0.41  egress 1.19/1.49

== summary: 1710 steady-state ticks (after warmup, before clients drain), peak 1000 clients ==
  phase        p50 ms   p99 ms   max ms
  ingress        0.40     0.78     2.76
  events         0.11     0.17     0.23
  movement       0.29     0.38     0.47
  grid           0.16     0.25     0.31
  separate       0.17     0.31     0.38
  history        0.00     0.00     0.02
  serialize      0.04     0.08     0.12
  assembly       0.85     1.18     2.18
  transport      0.41     0.83     1.08
  egress         2.19     2.65    12.38
  tick           4.68     5.53    15.38
  overruns 0 | spawns 1000 despawns 1000 (170 joins deferred) | stand-ins: repeated 5394 frozen 13 | late inputs 5406 discarded 0 | bad messages 0 | recv errors 0 send errors 0
  egress (whole run): 1798086 datagrams in 1798086 sends (1.00 per send), 115298 syscalls
  ticks per ladder level (whole run): L0: 1812
  input wait on the server (datagram arrival -> applied): p50 54.9 p99 109.1 max 155.5 mean 55.7 ms
  steady state: stand-ins repeated 4883 frozen 5 | late inputs 4890 discarded 0
  rewind of near targets (applied step - the input's render step for that tier): p50 189 p99 247 max 317 mean 189.9 ms (n=1780820)
  rewind of mid/far targets (applied step - the input's render step for that tier): p50 320 p99 366 max 433 mean 321.0 ms (n=1780820)
  render times ahead of the server (bogus) 0
