spawn=uniform
egress=sendmmsg
ladder=on
threads=8
shards=64
sockets=1
peak_clients=1000
steady_ticks=1710
steady_secs=57.0
ingress_p50_ms=0.40
ingress_p99_ms=0.78
ingress_max_ms=2.76
events_p50_ms=0.11
events_p99_ms=0.17
events_max_ms=0.23
movement_p50_ms=0.29
movement_p99_ms=0.38
movement_max_ms=0.47
grid_p50_ms=0.16
grid_p99_ms=0.25
grid_max_ms=0.31
separate_p50_ms=0.17
separate_p99_ms=0.31
separate_max_ms=0.38
history_p50_ms=0.00
history_p99_ms=0.00
history_max_ms=0.02
serialize_p50_ms=0.04
serialize_p99_ms=0.08
serialize_max_ms=0.12
assembly_p50_ms=0.85
assembly_p99_ms=1.18
assembly_max_ms=2.18
transport_p50_ms=0.41
transport_p99_ms=0.83
transport_max_ms=1.08
egress_p50_ms=2.19
egress_p99_ms=2.65
egress_max_ms=12.38
tick_p50_ms=4.68
tick_p99_ms=5.53
tick_max_ms=15.38
steady_overruns=0
level_mode=0
tick_hz=30
dilation=1
levels=L0:1710
clients_avg=1000
out_pps=30014
in_pps=29823
egress_mbps=58.9
packets_per_client_tick=1.00
wire_bytes_per_client_tick=245
down_kbps_per_client=58.9
up_kbps_per_client=15.0
kernel_rcvbuf_drops=0
kernel_sndbuf_drops=0
snapshot_bytes_per_client_tick=210
near_bytes_per_client_tick=35
near_per_client_tick=4.3
mid_per_client_tick=4.2
far_per_client_tick=6.3
near_scanned_per_query=3
mid_scanned_per_query=6
far_skipped=0
far_starved=0
repeated=4883
frozen=5
late_inputs=4890
discarded_inputs=0
input_wait_p50_ms=54.9
input_wait_p99_ms=109.1
spawns=1000
despawns=1000
joins_deferred=170
bad_messages=0
recv_errors=0
send_errors=0
datagrams=1798086
sends=1798086
send_syscalls=115298
rewind_near_p50_ms=189
rewind_near_p99_ms=247
rewind_near_mean_ms=189.9
rewind_mid_p50_ms=320
rewind_mid_p99_ms=366
rewind_mid_mean_ms=321.0
ingress_longest_p50_ms=0.04
ingress_work_p50_ms=0.82
assembly_longest_p50_ms=0.09
assembly_work_p50_ms=2.86
transport_longest_p50_ms=0.05
transport_work_p50_ms=1.41
egress_longest_p50_ms=0.37
egress_work_p50_ms=12.76
