10000 bots -> 172.16.16.2:40500 on 24 threads, ramp 0/s, 60s, 10000 full + 0 sink bots
[    5s] bots 10000/10000 connected, 10000 welcomed, 0 failed | 19.1 snaps/s/bot, entities/snap near 15.1 mid 25.1 far 26.0 | corrections 0.017/s/bot | down 115 up 8 kbps/bot | rtt 105.6 ms loss 0.00% | input->applied ~ p50 110 p99 269 ms, round trip p50 167 p99 333 ms | joins 10000 (p50 880 p99 1770 ms) | server pace 0.88 level 3, 0 bots bandwidth-degraded | swarm busy 15%, overruns 0
[   10s] bots 10000/10000 connected, 10000 welcomed, 0 failed | 23.7 snaps/s/bot, entities/snap near 15.7 mid 11.3 far 6.1 | corrections 0.033/s/bot | down 71 up 12 kbps/bot | rtt 110.3 ms loss 0.52% | input->applied ~ p50 101 p99 143 ms, round trip p50 167 p99 200 ms | joins 0 (p50 0 p99 0 ms) | server pace 1.00 level 6, 0 bots bandwidth-degraded | swarm busy 17%, overruns 0
[   15s] bots 10000/10000 connected, 10000 welcomed, 0 failed | 18.9 snaps/s/bot, entities/snap near 15.7 mid 11.2 far 6.0 | corrections 0.000/s/bot | down 56 up 11 kbps/bot | rtt 111.9 ms loss 0.50% | input->applied ~ p50 113 p99 157 ms, round trip p50 167 p99 233 ms | joins 0 (p50 0 p99 0 ms) | server pace 0.90 level 7, 0 bots bandwidth-degraded | swarm busy 17%, overruns 0
[   20s] bots 10000/10000 connected, 10000 welcomed, 0 failed | 17.9 snaps/s/bot, entities/snap near 15.7 mid 11.2 far 6.0 | corrections 0.000/s/bot | down 53 up 11 kbps/bot | rtt 112.0 ms loss 0.51% | input->applied ~ p50 124 p99 157 ms, round trip p50 200 p99 233 ms | joins 0 (p50 0 p99 0 ms) | server pace 0.90 level 7, 0 bots bandwidth-degraded | swarm busy 16%, overruns 0
[   25s] bots 10000/10000 connected, 10000 welcomed, 0 failed | 18.5 snaps/s/bot, entities/snap near 15.7 mid 11.2 far 6.0 | corrections 0.000/s/bot | down 55 up 11 kbps/bot | rtt 112.0 ms loss 0.52% | input->applied ~ p50 122 p99 155 ms, round trip p50 200 p99 233 ms | joins 0 (p50 0 p99 0 ms) | server pace 0.90 level 7, 0 bots bandwidth-degraded | swarm busy 15%, overruns 0
[   30s] bots 10000/10000 connected, 10000 welcomed, 0 failed | 17.1 snaps/s/bot, entities/snap near 15.7 mid 11.1 far 6.0 | corrections 0.000/s/bot | down 51 up 10 kbps/bot | rtt 111.7 ms loss 0.49% | input->applied ~ p50 122 p99 154 ms, round trip p50 200 p99 233 ms | joins 0 (p50 0 p99 0 ms) | server pace 0.90 level 7, 0 bots bandwidth-degraded | swarm busy 15%, overruns 0
[   35s] bots 10000/10000 connected, 10000 welcomed, 0 failed | 18.3 snaps/s/bot, entities/snap near 15.7 mid 11.1 far 6.0 | corrections 0.000/s/bot | down 54 up 11 kbps/bot | rtt 111.5 ms loss 0.50% | input->applied ~ p50 121 p99 154 ms, round trip p50 200 p99 233 ms | joins 0 (p50 0 p99 0 ms) | server pace 0.90 level 7, 0 bots bandwidth-degraded | swarm busy 15%, overruns 0
[   40s] bots 10000/10000 connected, 10000 welcomed, 0 failed | 18.4 snaps/s/bot, entities/snap near 15.7 mid 11.1 far 6.0 | corrections 0.000/s/bot | down 55 up 11 kbps/bot | rtt 111.8 ms loss 0.48% | input->applied ~ p50 121 p99 154 ms, round trip p50 200 p99 233 ms | joins 0 (p50 0 p99 0 ms) | server pace 0.90 level 7, 0 bots bandwidth-degraded | swarm busy 15%, overruns 0
[   45s] bots 10000/10000 connected, 10000 welcomed, 0 failed | 17.2 snaps/s/bot, entities/snap near 15.7 mid 11.2 far 6.0 | corrections 0.000/s/bot | down 51 up 10 kbps/bot | rtt 111.9 ms loss 0.50% | input->applied ~ p50 121 p99 154 ms, round trip p50 200 p99 233 ms | joins 0 (p50 0 p99 0 ms) | server pace 0.90 level 7, 0 bots bandwidth-degraded | swarm busy 15%, overruns 0
[   50s] bots 10000/10000 connected, 10000 welcomed, 0 failed | 18.1 snaps/s/bot, entities/snap near 15.7 mid 11.2 far 6.0 | corrections 0.000/s/bot | down 54 up 11 kbps/bot | rtt 112.3 ms loss 0.52% | input->applied ~ p50 121 p99 154 ms, round trip p50 200 p99 233 ms | joins 0 (p50 0 p99 0 ms) | server pace 0.90 level 7, 0 bots bandwidth-degraded | swarm busy 16%, overruns 0
[   55s] bots 10000/10000 connected, 10000 welcomed, 0 failed | 18.3 snaps/s/bot, entities/snap near 15.7 mid 11.1 far 6.0 | corrections 0.000/s/bot | down 55 up 11 kbps/bot | rtt 112.0 ms loss 0.50% | input->applied ~ p50 121 p99 154 ms, round trip p50 200 p99 233 ms | joins 0 (p50 0 p99 0 ms) | server pace 0.90 level 7, 0 bots bandwidth-degraded | swarm busy 16%, overruns 0
[   60s] bots 10000/10000 connected, 10000 welcomed, 0 failed | 17.4 snaps/s/bot, entities/snap near 15.7 mid 11.2 far 6.0 | corrections 0.000/s/bot | down 52 up 10 kbps/bot | rtt 111.7 ms loss 0.48% | input->applied ~ p50 121 p99 153 ms, round trip p50 200 p99 233 ms | joins 0 (p50 0 p99 0 ms) | server pace 0.90 level 7, 0 bots bandwidth-degraded | swarm busy 16%, overruns 0

== bots summary ==
  started 10000 welcomed 10000 failed 0
  join latency ms: p50 880 p99 1770 max 2041 (n=10000)
  corrections 2554 (0.26/bot-minute), mean error 0.086 m, max 0.400 m
  snapshots 11201146 (entities per snapshot: near 15.6 mid 12.4 far 7.7), stale 2, unmatched acks 0, resyncs 0
  input -> applied on server (est. RTT/2 + server wait): p50 119.0 p99 222.0 max 317.0 mean 119.2 ms (n=11118685)
    of which server wait (arrival -> applied): p50 63.0 p99 167.4 max 254.1 mean 63.8 ms (n=11118685)
  input -> seen acked (round trip): p50 200.0 p99 300.0 max 400.0 mean 189.4 ms (n=11173723)
  near entity update interval (tracked bots): p50 50.0 p99 50.0 max 500.0 mean 48.0 ms (n=8913891)
  mid entity update interval (tracked bots): p50 250.0 p99 250.0 max 3000.0 mean 223.6 ms (n=6937415)
  far entity update interval (tracked bots): p50 1500.0 p99 3000.0 max 54750.0 mean 1402.6 ms (n=4004307)
  input clock: 48364 extra inputs, 1677885 skipped ticks, 21598 backlog skips | near decode errors (tracked bots) 0
  bytes down 4531.6 MB up 802.9 MB | swarm busy 16% of its threads' time, tick overruns 0
