preallocated connections for 10000 clients in 221.579277ms
listening on 172.16.16.2:40500 | spawn Uniform | tiers near 64@150 m, mid 500 m, far 1500 m, budget 6250 B/tick, squads of 4 | 64 rayon threads, 64 shards, 256 accepts/tick, egress SendMmsg | socket buffers rcv 32768 KiB snd 32768 KiB
[    5s] clients 10000 | level 3 (0-3 in window: 30 Hz, dilation 1.0), pace 0.87, 0.0% clients bandwidth-degraded | tick p50 24.91 p99 47.82 max 50.73 ms, 64 overruns | out 156.0k pps 180 kbps/client, 934 Mbps | in 148.8k pps 16 kbps/client | stand-ins: repeated 1.15% frozen 0.08%, 7813 late inputs | per client-tick: 779 B (near 101 B, 94% deltas), near 14.5 mid 26.9 far 30.5, far skipped 0 starved 0 | input wait p50 76.3 p99 216.1 ms | 49990 joins deferred | kernel drops rcv 0 snd 0
         p50/p99 ms: ingress 1.25/5.70  events 2.29/4.91  movement 0.23/0.39  grid 0.27/0.44  history 0.01/0.06  serialize 0.18/0.38  assembly 1.41/5.73  transport 0.95/3.78  egress 17.68/33.22
[   10s] clients 10000 | level 6 (3-6 in window: 20 Hz, dilation 1.0), pace 1.00, 0.0% clients bandwidth-degraded | tick p50 37.93 p99 41.16 max 41.18 ms, 91 overruns | out 243.9k pps 79 kbps/client, 791 Mbps | in 270.4k pps 11 kbps/client | stand-ins: repeated 3.24% frozen 0.06%, 46199 late inputs | per client-tick: 370 B (near 100 B, 100% deltas), near 15.7 mid 12.9 far 7.4, far skipped 0 starved 0 | input wait p50 46.2 p99 87.6 ms | 0 joins deferred | kernel drops rcv 0 snd 0
         p50/p99 ms: ingress 1.37/2.04  events 2.70/3.86  movement 0.34/0.41  grid 0.42/0.47  history 0.01/0.01  serialize 0.20/0.26  assembly 2.15/5.88  transport 1.59/3.91  egress 28.99/30.11
[   15s] clients 10000 | level 7 (6-7 in window: 20 Hz, dilation 0.9), pace 1.00, 0.0% clients bandwidth-degraded | tick p50 40.13 p99 43.05 max 43.17 ms, 0 overruns | out 199.9k pps 60 kbps/client, 595 Mbps | in 297.5k pps 12 kbps/client | stand-ins: repeated 0.07% frozen 0.00%, 1217 late inputs | per client-tick: 336 B (near 102 B, 100% deltas), near 15.7 mid 11.2 far 6.0, far skipped 0 starved 0 | input wait p50 52.5 p99 86.8 ms | 0 joins deferred | kernel drops rcv 0 snd 0
         p50/p99 ms: ingress 1.82/2.16  events 3.96/4.80  movement 0.35/0.46  grid 0.41/0.46  history 0.01/0.02  serialize 0.19/0.27  assembly 4.33/6.86  transport 3.06/4.36  egress 25.94/26.94
[   20s] clients 10000 | level 7 (7-7 in window: 20 Hz, dilation 0.9), pace 0.90, 0.0% clients bandwidth-degraded | tick p50 40.95 p99 44.56 max 44.56 ms, 0 overruns | out 180.1k pps 54 kbps/client, 536 Mbps | in 268.7k pps 11 kbps/client | stand-ins: repeated 0.00% frozen 0.00%, 51 late inputs | per client-tick: 336 B (near 101 B, 100% deltas), near 15.7 mid 11.2 far 6.0, far skipped 0 starved 0 | input wait p50 69.2 p99 102.9 ms | 0 joins deferred | kernel drops rcv 0 snd 0
         p50/p99 ms: ingress 1.93/2.85  events 4.09/5.22  movement 0.35/0.78  grid 0.38/0.48  history 0.01/0.01  serialize 0.20/0.39  assembly 5.89/8.54  transport 3.54/5.46  egress 24.40/26.29
[   25s] clients 10000 | level 7 (7-7 in window: 20 Hz, dilation 0.9), pace 0.90, 0.0% clients bandwidth-degraded | tick p50 41.09 p99 43.43 max 43.43 ms, 0 overruns | out 180.0k pps 54 kbps/client, 535 Mbps | in 268.6k pps 11 kbps/client | stand-ins: repeated 0.01% frozen 0.00%, 78 late inputs | per client-tick: 336 B (near 101 B, 100% deltas), near 15.7 mid 11.2 far 6.0, far skipped 0 starved 0 | input wait p50 66.1 p99 97.6 ms | 0 joins deferred | kernel drops rcv 0 snd 0
         p50/p99 ms: ingress 1.86/2.61  events 4.14/5.25  movement 0.36/0.60  grid 0.41/0.50  history 0.01/0.01  serialize 0.20/0.50  assembly 5.83/9.02  transport 3.63/4.96  egress 24.49/25.88
[   30s] clients 10000 | level 7 (7-7 in window: 20 Hz, dilation 0.9), pace 0.90, 0.0% clients bandwidth-degraded | tick p50 40.89 p99 44.27 max 44.27 ms, 0 overruns | out 180.0k pps 53 kbps/client, 535 Mbps | in 268.6k pps 11 kbps/client | stand-ins: repeated 0.01% frozen 0.00%, 82 late inputs | per client-tick: 336 B (near 101 B, 100% deltas), near 15.7 mid 11.2 far 6.0, far skipped 0 starved 0 | input wait p50 65.7 p99 97.1 ms | 0 joins deferred | kernel drops rcv 0 snd 0
         p50/p99 ms: ingress 2.00/2.68  events 3.88/4.37  movement 0.35/0.82  grid 0.39/0.44  history 0.01/0.01  serialize 0.20/0.48  assembly 5.93/11.74  transport 3.63/4.86  egress 24.38/25.80
[   35s] clients 10000 | level 7 (7-7 in window: 20 Hz, dilation 0.9), pace 0.90, 0.0% clients bandwidth-degraded | tick p50 40.76 p99 43.75 max 43.75 ms, 0 overruns | out 180.0k pps 54 kbps/client, 536 Mbps | in 268.5k pps 11 kbps/client | stand-ins: repeated 0.01% frozen 0.00%, 78 late inputs | per client-tick: 336 B (near 101 B, 100% deltas), near 15.7 mid 11.1 far 6.0, far skipped 0 starved 0 | input wait p50 65.3 p99 96.7 ms | 0 joins deferred | kernel drops rcv 0 snd 0
         p50/p99 ms: ingress 1.95/2.92  events 3.78/4.66  movement 0.36/0.78  grid 0.39/0.43  history 0.01/0.01  serialize 0.20/0.44  assembly 5.88/9.07  transport 3.64/5.26  egress 24.30/26.15
[   40s] clients 10000 | level 7 (7-7 in window: 20 Hz, dilation 0.9), pace 0.90, 0.0% clients bandwidth-degraded | tick p50 40.94 p99 44.14 max 44.14 ms, 0 overruns | out 179.9k pps 54 kbps/client, 535 Mbps | in 268.6k pps 11 kbps/client | stand-ins: repeated 0.01% frozen 0.00%, 86 late inputs | per client-tick: 336 B (near 101 B, 100% deltas), near 15.7 mid 11.1 far 6.0, far skipped 0 starved 0 | input wait p50 65.3 p99 96.6 ms | 0 joins deferred | kernel drops rcv 0 snd 0
         p50/p99 ms: ingress 2.01/3.04  events 3.69/3.99  movement 0.35/0.69  grid 0.35/0.41  history 0.01/0.01  serialize 0.20/0.58  assembly 6.05/9.98  transport 3.69/5.00  egress 24.50/26.38
[   45s] clients 10000 | level 7 (7-7 in window: 20 Hz, dilation 0.9), pace 0.90, 0.0% clients bandwidth-degraded | tick p50 41.06 p99 43.00 max 43.00 ms, 0 overruns | out 180.1k pps 54 kbps/client, 536 Mbps | in 268.8k pps 11 kbps/client | stand-ins: repeated 0.01% frozen 0.00%, 80 late inputs | per client-tick: 336 B (near 101 B, 100% deltas), near 15.7 mid 11.2 far 6.0, far skipped 0 starved 0 | input wait p50 65.3 p99 96.4 ms | 0 joins deferred | kernel drops rcv 0 snd 0
         p50/p99 ms: ingress 1.96/3.05  events 3.81/4.63  movement 0.36/0.59  grid 0.38/0.44  history 0.01/0.01  serialize 0.20/0.36  assembly 6.12/8.06  transport 3.69/5.61  egress 24.31/25.73
[   50s] clients 10000 | level 7 (7-7 in window: 20 Hz, dilation 0.9), pace 0.90, 0.0% clients bandwidth-degraded | tick p50 40.83 p99 44.04 max 44.04 ms, 0 overruns | out 179.9k pps 54 kbps/client, 536 Mbps | in 268.6k pps 11 kbps/client | stand-ins: repeated 0.01% frozen 0.00%, 104 late inputs | per client-tick: 337 B (near 102 B, 100% deltas), near 15.7 mid 11.2 far 6.0, far skipped 0 starved 0 | input wait p50 65.1 p99 96.4 ms | 0 joins deferred | kernel drops rcv 0 snd 0
         p50/p99 ms: ingress 1.96/2.91  events 3.79/4.45  movement 0.36/0.95  grid 0.39/0.42  history 0.01/0.01  serialize 0.20/0.37  assembly 6.05/9.17  transport 3.73/4.79  egress 24.30/26.16
[   55s] clients 10000 | level 7 (7-7 in window: 20 Hz, dilation 0.9), pace 0.90, 0.0% clients bandwidth-degraded | tick p50 40.96 p99 43.11 max 43.11 ms, 0 overruns | out 180.0k pps 54 kbps/client, 536 Mbps | in 268.6k pps 11 kbps/client | stand-ins: repeated 0.01% frozen 0.00%, 71 late inputs | per client-tick: 336 B (near 102 B, 100% deltas), near 15.7 mid 11.1 far 6.0, far skipped 0 starved 0 | input wait p50 65.0 p99 96.2 ms | 0 joins deferred | kernel drops rcv 0 snd 0
         p50/p99 ms: ingress 1.97/3.22  events 3.78/4.04  movement 0.36/0.72  grid 0.38/0.43  history 0.01/0.01  serialize 0.20/0.40  assembly 6.13/8.94  transport 3.66/5.53  egress 24.34/25.84
[   60s] clients 10000 | level 7 (7-7 in window: 20 Hz, dilation 0.9), pace 0.90, 0.0% clients bandwidth-degraded | tick p50 40.84 p99 43.22 max 43.22 ms, 0 overruns | out 180.0k pps 54 kbps/client, 536 Mbps | in 268.7k pps 11 kbps/client | stand-ins: repeated 0.01% frozen 0.00%, 95 late inputs | per client-tick: 336 B (near 101 B, 100% deltas), near 15.7 mid 11.2 far 6.0, far skipped 0 starved 0 | input wait p50 64.9 p99 96.2 ms | 0 joins deferred | kernel drops rcv 0 snd 0
         p50/p99 ms: ingress 2.02/3.07  events 3.79/4.76  movement 0.36/0.58  grid 0.37/0.43  history 0.01/0.01  serialize 0.20/0.34  assembly 6.06/8.81  transport 3.68/4.99  egress 24.25/25.54
[   62s] clients 0 | level 7 (7-7 in window: 20 Hz, dilation 0.9), pace 0.90, 0.0% clients bandwidth-degraded | tick p50 40.65 p99 42.83 max 42.83 ms, 0 overruns | out 172.3k pps 54 kbps/client, 509 Mbps | in 270.1k pps 11 kbps/client | stand-ins: repeated 0.01% frozen 0.00%, 20 late inputs | per client-tick: 333 B (near 101 B, 100% deltas), near 15.5 mid 11.0 far 5.9, far skipped 0 starved 0 | input wait p50 64.7 p99 96.2 ms | 0 joins deferred | kernel drops rcv 0 snd 0
         p50/p99 ms: ingress 2.04/5.75  events 3.81/13.58  movement 0.35/0.51  grid 0.37/0.41  history 0.01/0.01  serialize 0.20/0.40  assembly 5.91/8.18  transport 3.69/4.63  egress 24.16/25.21

== summary: 1070 steady-state ticks (after warmup, before clients drain), peak 10000 clients ==
  phase        p50 ms   p99 ms   max ms
  ingress        1.91     2.85     3.22
  events         3.81     4.91     5.25
  movement       0.35     0.68     0.95
  grid           0.39     0.47     0.50
  history        0.01     0.01     0.02
  serialize      0.20     0.39     0.58
  assembly       5.70     8.47    11.74
  transport      3.53     4.99     5.61
  egress        24.54    29.74    30.56
  tick          40.69    43.43    44.56
  overruns 103 | spawns 10000 despawns 10000 (49990 joins deferred) | stand-ins: repeated 54545 frozen 1449 | late inputs 55974 discarded 0 | bad messages 0 | recv errors 0 send errors 0
  egress (whole run): 11371332 datagrams in 11371332 sends (1.00 per send), 73745 syscalls
  ticks per ladder level (whole run): L0: 74, L1: 31, L2: 31, L3: 31, L4: 31, L5: 31, L6: 132, L7: 837
  input wait on the server (datagram arrival -> applied): p50 63.0 p99 168.1 max 254.1 mean 63.8 ms
  steady state: stand-ins repeated 52725 frozen 1448 | late inputs 55188 discarded 0
