spawn=uniform
egress=sendmmsg
ladder=on
threads=64
shards=64
peak_clients=10000
steady_ticks=1070
steady_secs=56.9
ingress_p50_ms=1.91
ingress_p99_ms=2.85
ingress_max_ms=3.22
events_p50_ms=3.81
events_p99_ms=4.91
events_max_ms=5.25
movement_p50_ms=0.35
movement_p99_ms=0.68
movement_max_ms=0.95
grid_p50_ms=0.39
grid_p99_ms=0.47
grid_max_ms=0.50
history_p50_ms=0.01
history_p99_ms=0.01
history_max_ms=0.02
serialize_p50_ms=0.20
serialize_p99_ms=0.39
serialize_max_ms=0.58
assembly_p50_ms=5.70
assembly_p99_ms=8.47
assembly_max_ms=11.74
transport_p50_ms=3.53
transport_p99_ms=4.99
transport_max_ms=5.61
egress_p50_ms=24.54
egress_p99_ms=29.74
egress_max_ms=30.56
tick_p50_ms=40.69
tick_p99_ms=43.43
tick_max_ms=44.56
steady_overruns=103
level_mode=7
tick_hz=20
dilation=0.9
levels=L2:10,L3:31,L4:31,L5:31,L6:132,L7:835
clients_avg=10000
out_pps=188072
in_pps=271479
egress_mbps=570.7
packets_per_client_tick=1.00
wire_bytes_per_client_tick=379
down_kbps_per_client=57.1
up_kbps_per_client=10.8
kernel_rcvbuf_drops=0
kernel_sndbuf_drops=0
snapshot_bytes_per_client_tick=343
near_bytes_per_client_tick=101
near_per_client_tick=15.7
mid_per_client_tick=11.5
far_per_client_tick=6.3
far_skipped=0
far_starved=0
repeated=52725
frozen=1448
late_inputs=55188
discarded_inputs=0
input_wait_p50_ms=63.0
input_wait_p99_ms=168.1
spawns=10000
despawns=10000
joins_deferred=49990
bad_messages=0
recv_errors=0
send_errors=0
datagrams=11371332
sends=11371332
send_syscalls=73745
