minting tokens with the public dev key (--token-key to change)
1000 bots -> 127.0.0.1:40500 on 8 threads, ramp 0/s, 60s, 1000 full + 0 sink bots
[    5s] bots 1000/1000 connected, 1000 welcomed, 0 failed | 26.2 snaps/s/bot, entities/snap near 4.4 mid 4.2 far 6.3 | corrections 0.000/s/bot | down 52 up 13 kbps/bot | rtt 33.8 ms loss 0.00% | input->applied ~ p50 67 p99 87 ms, round trip p50 100 p99 133 ms | joins 1000 (p50 283 p99 591 ms) | server pace 1.00 level 0, 0 bots bandwidth-degraded | swarm busy 5%, overruns 2
[   10s] bots 1000/1000 connected, 1000 welcomed, 0 failed | 31.1 snaps/s/bot, entities/snap near 4.3 mid 4.2 far 6.3 | corrections 0.000/s/bot | down 61 up 16 kbps/bot | rtt 33.9 ms loss 0.00% | input->applied ~ p50 66 p99 79 ms, round trip p50 100 p99 100 ms | joins 0 (p50 0 p99 0 ms) | server pace 1.00 level 0, 0 bots bandwidth-degraded | swarm busy 5%, overruns 0
[   15s] bots 1000/1000 connected, 1000 welcomed, 0 failed | 28.8 snaps/s/bot, entities/snap near 4.3 mid 4.2 far 6.3 | corrections 0.000/s/bot | down 56 up 15 kbps/bot | rtt 34.0 ms loss 0.00% | input->applied ~ p50 67 p99 79 ms, round trip p50 100 p99 100 ms | joins 0 (p50 0 p99 0 ms) | server pace 1.00 level 0, 0 bots bandwidth-degraded | swarm busy 5%, overruns 0
[   20s] bots 1000/1000 connected, 1000 welcomed, 0 failed | 30.3 snaps/s/bot, entities/snap near 4.3 mid 4.2 far 6.3 | corrections 0.000/s/bot | down 59 up 15 kbps/bot | rtt 33.9 ms loss 0.00% | input->applied ~ p50 66 p99 79 ms, round trip p50 100 p99 100 ms | joins 0 (p50 0 p99 0 ms) | server pace 1.00 level 0, 0 bots bandwidth-degraded | swarm busy 5%, overruns 0
[   25s] bots 1000/1000 connected, 1000 welcomed, 0 failed | 30.4 snaps/s/bot, entities/snap near 4.3 mid 4.1 far 6.3 | corrections 0.000/s/bot | down 59 up 15 kbps/bot | rtt 34.1 ms loss 0.00% | input->applied ~ p50 67 p99 79 ms, round trip p50 100 p99 100 ms | joins 0 (p50 0 p99 0 ms) | server pace 1.00 level 0, 0 bots bandwidth-degraded | swarm busy 5%, overruns 0
[   30s] bots 1000/1000 connected, 1000 welcomed, 0 failed | 29.5 snaps/s/bot, entities/snap near 4.3 mid 4.1 far 6.3 | corrections 0.000/s/bot | down 58 up 15 kbps/bot | rtt 34.0 ms loss 0.00% | input->applied ~ p50 67 p99 79 ms, round trip p50 100 p99 100 ms | joins 0 (p50 0 p99 0 ms) | server pace 1.00 level 0, 0 bots bandwidth-degraded | swarm busy 5%, overruns 0
[   35s] bots 1000/1000 connected, 1000 welcomed, 0 failed | 30.3 snaps/s/bot, entities/snap near 4.3 mid 4.1 far 6.3 | corrections 0.000/s/bot | down 59 up 15 kbps/bot | rtt 33.8 ms loss 0.00% | input->applied ~ p50 66 p99 79 ms, round trip p50 100 p99 100 ms | joins 0 (p50 0 p99 0 ms) | server pace 1.00 level 0, 0 bots bandwidth-degraded | swarm busy 5%, overruns 0
[   40s] bots 1000/1000 connected, 1000 welcomed, 0 failed | 29.5 snaps/s/bot, entities/snap near 4.3 mid 4.1 far 6.3 | corrections 0.000/s/bot | down 58 up 15 kbps/bot | rtt 33.9 ms loss 0.00% | input->applied ~ p50 67 p99 79 ms, round trip p50 100 p99 100 ms | joins 0 (p50 0 p99 0 ms) | server pace 1.00 level 0, 0 bots bandwidth-degraded | swarm busy 5%, overruns 0
[   45s] bots 1000/1000 connected, 1000 welcomed, 0 failed | 30.5 snaps/s/bot, entities/snap near 4.3 mid 4.2 far 6.3 | corrections 0.000/s/bot | down 60 up 15 kbps/bot | rtt 33.9 ms loss 0.00% | input->applied ~ p50 67 p99 79 ms, round trip p50 100 p99 100 ms | joins 0 (p50 0 p99 0 ms) | server pace 1.00 level 0, 0 bots bandwidth-degraded | swarm busy 5%, overruns 0
[   50s] bots 1000/1000 connected, 1000 welcomed, 0 failed | 29.9 snaps/s/bot, entities/snap near 4.3 mid 4.2 far 6.3 | corrections 0.000/s/bot | down 59 up 15 kbps/bot | rtt 33.9 ms loss 0.00% | input->applied ~ p50 66 p99 79 ms, round trip p50 100 p99 100 ms | joins 0 (p50 0 p99 0 ms) | server pace 1.00 level 0, 0 bots bandwidth-degraded | swarm busy 5%, overruns 0
[   55s] bots 1000/1000 connected, 1000 welcomed, 0 failed | 29.6 snaps/s/bot, entities/snap near 4.3 mid 4.2 far 6.3 | corrections 0.000/s/bot | down 58 up 15 kbps/bot | rtt 34.0 ms loss 0.00% | input->applied ~ p50 67 p99 79 ms, round trip p50 100 p99 100 ms | joins 0 (p50 0 p99 0 ms) | server pace 1.00 level 0, 0 bots bandwidth-degraded | swarm busy 5%, overruns 0
[   60s] bots 1000/1000 connected, 1000 welcomed, 0 failed | 30.5 snaps/s/bot, entities/snap near 4.3 mid 4.2 far 6.3 | corrections 0.000/s/bot | down 60 up 15 kbps/bot | rtt 33.8 ms loss 0.00% | input->applied ~ p50 67 p99 79 ms, round trip p50 100 p99 100 ms | joins 0 (p50 0 p99 0 ms) | server pace 1.00 level 0, 0 bots bandwidth-degraded | swarm busy 5%, overruns 0

== bots summary ==
  started 1000 welcomed 1000 failed 0
  join latency ms: p50 283 p99 591 max 725 (n=1000)
  corrections 0 (0.00/bot-minute), mean error 0.000 m, max 0.000 m
  push corrections (the server pushed us apart from a crowd) 106 (0.11/bot-minute), max 0.100 m
  snapshots 1790078 (entities per snapshot: near 4.3 mid 4.2 far 6.3), stale 1, unmatched acks 0, resyncs 0
  input -> applied on server (est. RTT/2 + server wait): p50 67.0 p99 79.0 max 108.0 mean 66.2 ms (n=1788900)
    of which server wait (arrival -> applied): p50 49.7 p99 62.5 max 89.5 mean 49.3 ms (n=1788900)
  input -> seen acked (round trip): p50 100.0 p99 100.0 max 152.0 mean 99.9 ms (n=1788900)
  near entity update interval (tracked bots): p50 33.0 p99 33.0 max 100.0 mean 33.0 ms (n=368938)
  mid entity update interval (tracked bots): p50 100.0 p99 100.0 max 500.0 mean 100.2 ms (n=370411)
  far entity update interval (tracked bots): p50 500.0 p99 500.0 max 1000.0 mean 499.9 ms (n=553887)
  near drawn (tracked bots): 99.87% interpolated, 0.01% extrapolated, 0.00% held, 0.12% new | pops p50 0 p99 0 max 10 mm
  mid drawn (tracked bots): 99.52% interpolated, 0.14% extrapolated, 0.01% held, 0.33% new | pops p50 0 p99 0 max 3611 mm
  far drawn (tracked bots): 39.98% interpolated, 59.38% extrapolated, 0.24% held, 0.40% new | pops p50 397 p99 3639 max 7685 mm
  render delay (near) 66.7 ms behind the newest step, clock snaps 0 (backwards 0)
  input clock: 1008 extra inputs, 62 skipped ticks, 0 backlog skips | near decode errors (tracked bots) 0
  bytes down 437.7 MB up 112.8 MB | swarm busy 5% of its threads' time, tick overruns 2
