== uniform, 1000 bots, 60s -> baselines/2026-10-05-wsl2-tier-delays-netem/lan-uniform-1k-1
== summary: 1708 steady-state ticks (after warmup, before clients drain), peak 1000 clients ==
  phase        p50 ms   p99 ms   max ms
  ingress        0.38     0.55     1.00
  events         0.10     0.16     0.25
  movement       0.29     0.38     0.48
  grid           0.16     0.21     0.32
  separate       0.17     0.30     1.06
  history        0.00     0.00     0.02
  serialize      0.04     0.07     0.10
  assembly       0.85     1.22     1.79
  transport      0.40     0.85     1.00
  egress         1.45     1.83    11.61
  tick           3.88     4.78    15.13
  overruns 0 | spawns 1000 despawns 1000 (933 joins deferred) | stand-ins: repeated 0 frozen 0 | late inputs 0 discarded 0 | bad messages 0 | recv errors 0 send errors 0
  egress (whole run): 1796978 datagrams in 1796978 sends (1.00 per send), 115241 syscalls
  ticks per ladder level (whole run): L0: 1811
  input wait on the server (datagram arrival -> applied): p50 49.7 p99 62.5 max 89.5 mean 49.3 ms
  steady state: stand-ins repeated 0 frozen 0 | late inputs 0 discarded 0
  rewind of near targets (applied step - the input's render step for that tier): p50 167 p99 167 max 227 mean 165.5 ms (n=1784515)
  rewind of mid/far targets (applied step - the input's render step for that tier): p50 300 p99 300 max 360 mean 298.5 ms (n=1784515)
  render times ahead of the server (bogus) 0
== bots summary ==
  started 1000 welcomed 1000 failed 0
  join latency ms: p50 283 p99 591 max 725 (n=1000)
  corrections 0 (0.00/bot-minute), mean error 0.000 m, max 0.000 m
  push corrections (the server pushed us apart from a crowd) 106 (0.11/bot-minute), max 0.100 m
  snapshots 1790078 (entities per snapshot: near 4.3 mid 4.2 far 6.3), stale 1, unmatched acks 0, resyncs 0
  input -> applied on server (est. RTT/2 + server wait): p50 67.0 p99 79.0 max 108.0 mean 66.2 ms (n=1788900)
    of which server wait (arrival -> applied): p50 49.7 p99 62.5 max 89.5 mean 49.3 ms (n=1788900)
  input -> seen acked (round trip): p50 100.0 p99 100.0 max 152.0 mean 99.9 ms (n=1788900)
  near entity update interval (tracked bots): p50 33.0 p99 33.0 max 100.0 mean 33.0 ms (n=368938)
  mid entity update interval (tracked bots): p50 100.0 p99 100.0 max 500.0 mean 100.2 ms (n=370411)
  far entity update interval (tracked bots): p50 500.0 p99 500.0 max 1000.0 mean 499.9 ms (n=553887)
  near drawn (tracked bots): 99.87% interpolated, 0.01% extrapolated, 0.00% held, 0.12% new | pops p50 0 p99 0 max 10 mm
  mid drawn (tracked bots): 99.52% interpolated, 0.14% extrapolated, 0.01% held, 0.33% new | pops p50 0 p99 0 max 3611 mm
  far drawn (tracked bots): 39.98% interpolated, 59.38% extrapolated, 0.24% held, 0.40% new | pops p50 397 p99 3639 max 7685 mm
  render delay (near) 66.7 ms behind the newest step, clock snaps 0 (backwards 0)
  input clock: 1008 extra inputs, 62 skipped ticks, 0 backlog skips | near decode errors (tracked bots) 0
  bytes down 437.7 MB up 112.8 MB | swarm busy 5% of its threads' time, tick overruns 2
