preallocated connections for 10000 clients in 255.157465ms
listening on 127.0.0.1:40500 | spawn Uniform | tiers near 64@150 m, mid 500 m, far 1500 m, budget 6250 B/tick, squads of 4 | 8 rayon threads, 64 shards, 1 socket(s), 256 accepts/tick, egress SendMmsg | socket buffers rcv 8192 KiB snd 8192 KiB
WARNING: token key is the public dev key; anyone can mint tokens for this server (--token-key)
[    5s] clients 1000 | level 0 (0-0 in window: 30 Hz, dilation 1.0), pace 1.00, 0.0% clients bandwidth-degraded | tick p50 3.80 p99 6.66 max 29.01 ms, 0 overruns | out 27.8k pps 59 kbps/client, 54 Mbps | in 27.3k pps 16 kbps/client | stand-ins: repeated 0.00% frozen 0.00%, 0 late inputs | per client-tick: 209 B (near 35 B, 97% deltas), near 4.3 mid 4.1 far 6.2, far skipped 0 starved 0 | input wait p50 49.8 p99 69.2 ms | 933 joins deferred | kernel drops rcv 0 snd 0
         p50/p99 ms: ingress 0.38/1.16  events 0.11/1.75  movement 0.28/0.37  grid 0.16/0.26  separate 0.17/0.30  history 0.00/0.02  serialize 0.04/0.12  assembly 0.82/1.55  transport 0.38/0.98  egress 1.43/1.91
[   10s] clients 1000 | level 0 (0-0 in window: 30 Hz, dilation 1.0), pace 1.00, 0.0% clients bandwidth-degraded | tick p50 3.89 p99 4.69 max 5.85 ms, 0 overruns | out 30.0k pps 59 kbps/client, 59 Mbps | in 30.0k pps 15 kbps/client | stand-ins: repeated 0.00% frozen 0.00%, 0 late inputs | per client-tick: 209 B (near 34 B, 100% deltas), near 4.3 mid 4.2 far 6.3, far skipped 0 starved 0 | input wait p50 49.7 p99 62.4 ms | 0 joins deferred | kernel drops rcv 0 snd 0
         p50/p99 ms: ingress 0.38/0.61  events 0.10/0.21  movement 0.29/0.40  grid 0.16/0.29  separate 0.17/0.31  history 0.00/0.00  serialize 0.04/0.08  assembly 0.89/1.28  transport 0.40/0.79  egress 1.47/1.93
[   15s] clients 1000 | level 0 (0-0 in window: 30 Hz, dilation 1.0), pace 1.00, 0.0% clients bandwidth-degraded | tick p50 3.86 p99 4.61 max 4.62 ms, 0 overruns | out 30.0k pps 59 kbps/client, 59 Mbps | in 30.0k pps 15 kbps/client | stand-ins: repeated 0.00% frozen 0.00%, 0 late inputs | per client-tick: 209 B (near 34 B, 100% deltas), near 4.3 mid 4.2 far 6.3, far skipped 0 starved 0 | input wait p50 49.7 p99 62.4 ms | 0 joins deferred | kernel drops rcv 0 snd 0
         p50/p99 ms: ingress 0.38/0.59  events 0.10/0.15  movement 0.29/0.38  grid 0.15/0.20  separate 0.17/0.28  history 0.00/0.00  serialize 0.04/0.07  assembly 0.86/1.17  transport 0.41/0.83  egress 1.43/1.85
[   20s] clients 1000 | level 0 (0-0 in window: 30 Hz, dilation 1.0), pace 1.00, 0.0% clients bandwidth-degraded | tick p50 3.86 p99 4.69 max 4.73 ms, 0 overruns | out 30.0k pps 59 kbps/client, 59 Mbps | in 30.0k pps 15 kbps/client | stand-ins: repeated 0.00% frozen 0.00%, 0 late inputs | per client-tick: 209 B (near 34 B, 100% deltas), near 4.3 mid 4.2 far 6.3, far skipped 0 starved 0 | input wait p50 49.6 p99 62.4 ms | 0 joins deferred | kernel drops rcv 0 snd 0
         p50/p99 ms: ingress 0.38/0.45  events 0.11/0.16  movement 0.28/0.34  grid 0.16/0.20  separate 0.17/0.22  history 0.00/0.00  serialize 0.04/0.08  assembly 0.83/1.20  transport 0.40/0.91  egress 1.43/1.82
[   25s] clients 1000 | level 0 (0-0 in window: 30 Hz, dilation 1.0), pace 1.00, 0.0% clients bandwidth-degraded | tick p50 3.90 p99 5.23 max 6.48 ms, 0 overruns | out 30.0k pps 59 kbps/client, 59 Mbps | in 30.0k pps 15 kbps/client | stand-ins: repeated 0.00% frozen 0.00%, 0 late inputs | per client-tick: 209 B (near 34 B, 100% deltas), near 4.3 mid 4.1 far 6.3, far skipped 0 starved 0 | input wait p50 49.6 p99 62.4 ms | 0 joins deferred | kernel drops rcv 0 snd 0
         p50/p99 ms: ingress 0.38/0.96  events 0.11/0.17  movement 0.29/0.40  grid 0.16/0.28  separate 0.17/0.39  history 0.00/0.00  serialize 0.04/0.08  assembly 0.82/1.24  transport 0.40/0.86  egress 1.48/2.06
[   30s] clients 1000 | level 0 (0-0 in window: 30 Hz, dilation 1.0), pace 1.00, 0.0% clients bandwidth-degraded | tick p50 3.91 p99 4.83 max 4.84 ms, 0 overruns | out 30.0k pps 59 kbps/client, 59 Mbps | in 30.0k pps 15 kbps/client | stand-ins: repeated 0.00% frozen 0.00%, 0 late inputs | per client-tick: 209 B (near 35 B, 100% deltas), near 4.3 mid 4.1 far 6.3, far skipped 0 starved 0 | input wait p50 49.7 p99 62.4 ms | 0 joins deferred | kernel drops rcv 0 snd 0
         p50/p99 ms: ingress 0.38/0.51  events 0.10/0.18  movement 0.29/0.39  grid 0.16/0.20  separate 0.17/0.30  history 0.00/0.00  serialize 0.04/0.07  assembly 0.91/1.29  transport 0.40/0.86  egress 1.45/1.79
[   35s] clients 1000 | level 0 (0-0 in window: 30 Hz, dilation 1.0), pace 1.00, 0.0% clients bandwidth-degraded | tick p50 3.86 p99 4.71 max 4.82 ms, 0 overruns | out 30.0k pps 59 kbps/client, 59 Mbps | in 30.0k pps 15 kbps/client | stand-ins: repeated 0.00% frozen 0.00%, 0 late inputs | per client-tick: 209 B (near 34 B, 100% deltas), near 4.3 mid 4.1 far 6.3, far skipped 0 starved 0 | input wait p50 49.7 p99 62.4 ms | 0 joins deferred | kernel drops rcv 0 snd 0
         p50/p99 ms: ingress 0.39/0.47  events 0.11/0.15  movement 0.29/0.36  grid 0.15/0.22  separate 0.17/0.30  history 0.00/0.00  serialize 0.04/0.08  assembly 0.84/1.21  transport 0.40/0.85  egress 1.44/1.86
[   40s] clients 1000 | level 0 (0-0 in window: 30 Hz, dilation 1.0), pace 1.00, 0.0% clients bandwidth-degraded | tick p50 3.85 p99 4.69 max 4.78 ms, 0 overruns | out 30.0k pps 59 kbps/client, 59 Mbps | in 30.0k pps 15 kbps/client | stand-ins: repeated 0.00% frozen 0.00%, 0 late inputs | per client-tick: 209 B (near 34 B, 100% deltas), near 4.3 mid 4.1 far 6.3, far skipped 0 starved 0 | input wait p50 49.7 p99 62.4 ms | 0 joins deferred | kernel drops rcv 0 snd 0
         p50/p99 ms: ingress 0.38/0.48  events 0.11/0.16  movement 0.28/0.35  grid 0.16/0.20  separate 0.17/0.29  history 0.00/0.00  serialize 0.04/0.07  assembly 0.86/1.20  transport 0.40/0.85  egress 1.45/1.74
[   45s] clients 1000 | level 0 (0-0 in window: 30 Hz, dilation 1.0), pace 1.00, 0.0% clients bandwidth-degraded | tick p50 3.85 p99 4.72 max 5.17 ms, 0 overruns | out 30.0k pps 59 kbps/client, 59 Mbps | in 30.0k pps 15 kbps/client | stand-ins: repeated 0.00% frozen 0.00%, 0 late inputs | per client-tick: 209 B (near 34 B, 100% deltas), near 4.3 mid 4.2 far 6.3, far skipped 0 starved 0 | input wait p50 49.7 p99 62.4 ms | 0 joins deferred | kernel drops rcv 0 snd 0
         p50/p99 ms: ingress 0.38/0.47  events 0.11/0.15  movement 0.29/0.42  grid 0.15/0.20  separate 0.17/0.22  history 0.00/0.00  serialize 0.04/0.07  assembly 0.81/1.18  transport 0.39/0.82  egress 1.45/1.81
[   50s] clients 1000 | level 0 (0-0 in window: 30 Hz, dilation 1.0), pace 1.00, 0.0% clients bandwidth-degraded | tick p50 3.92 p99 4.86 max 4.99 ms, 0 overruns | out 30.0k pps 59 kbps/client, 59 Mbps | in 30.0k pps 15 kbps/client | stand-ins: repeated 0.00% frozen 0.00%, 0 late inputs | per client-tick: 209 B (near 34 B, 100% deltas), near 4.3 mid 4.2 far 6.3, far skipped 0 starved 0 | input wait p50 49.6 p99 62.4 ms | 0 joins deferred | kernel drops rcv 0 snd 0
         p50/p99 ms: ingress 0.39/0.61  events 0.10/0.16  movement 0.29/0.35  grid 0.15/0.20  separate 0.17/0.31  history 0.00/0.01  serialize 0.04/0.07  assembly 0.84/1.23  transport 0.40/0.89  egress 1.46/1.83
[   55s] clients 1000 | level 0 (0-0 in window: 30 Hz, dilation 1.0), pace 1.00, 0.0% clients bandwidth-degraded | tick p50 3.85 p99 6.03 max 15.13 ms, 0 overruns | out 30.0k pps 59 kbps/client, 59 Mbps | in 30.0k pps 15 kbps/client | stand-ins: repeated 0.00% frozen 0.00%, 0 late inputs | per client-tick: 209 B (near 34 B, 100% deltas), near 4.3 mid 4.2 far 6.3, far skipped 0 starved 0 | input wait p50 49.6 p99 62.4 ms | 0 joins deferred | kernel drops rcv 0 snd 0
         p50/p99 ms: ingress 0.38/0.65  events 0.11/0.17  movement 0.28/0.37  grid 0.15/0.26  separate 0.17/0.30  history 0.00/0.00  serialize 0.04/0.08  assembly 0.78/1.43  transport 0.40/0.82  egress 1.47/2.60
[   60s] clients 1000 | level 0 (0-0 in window: 30 Hz, dilation 1.0), pace 1.00, 0.0% clients bandwidth-degraded | tick p50 3.90 p99 4.78 max 4.91 ms, 0 overruns | out 30.0k pps 59 kbps/client, 59 Mbps | in 30.0k pps 15 kbps/client | stand-ins: repeated 0.00% frozen 0.00%, 0 late inputs | per client-tick: 210 B (near 34 B, 100% deltas), near 4.3 mid 4.2 far 6.3, far skipped 0 starved 0 | input wait p50 49.7 p99 62.4 ms | 0 joins deferred | kernel drops rcv 0 snd 0
         p50/p99 ms: ingress 0.39/0.52  events 0.10/0.16  movement 0.29/0.39  grid 0.15/0.20  separate 0.17/0.23  history 0.00/0.00  serialize 0.04/0.07  assembly 0.88/1.16  transport 0.41/0.87  egress 1.45/1.87
[   60s] clients 0 | level 0 (0-0 in window: 30 Hz, dilation 1.0), pace 1.00, 0.0% clients bandwidth-degraded | tick p50 4.00 p99 4.38 max 4.38 ms, 0 overruns | out 18.7k pps 59 kbps/client, 36 Mbps | in 36.4k pps 19 kbps/client | stand-ins: repeated 0.00% frozen 0.00%, 0 late inputs | per client-tick: 207 B (near 34 B, 100% deltas), near 4.2 mid 4.1 far 6.2, far skipped 0 starved 0 | input wait p50 49.6 p99 62.5 ms | 0 joins deferred | kernel drops rcv 0 snd 0
         p50/p99 ms: ingress 0.39/0.48  events 0.12/0.59  movement 0.29/0.35  grid 0.17/0.24  separate 0.17/0.21  history 0.00/0.00  serialize 0.04/0.06  assembly 0.83/1.06  transport 0.46/0.86  egress 1.22/1.80

== summary: 1708 steady-state ticks (after warmup, before clients drain), peak 1000 clients ==
  phase        p50 ms   p99 ms   max ms
  ingress        0.38     0.55     1.00
  events         0.10     0.16     0.25
  movement       0.29     0.38     0.48
  grid           0.16     0.21     0.32
  separate       0.17     0.30     1.06
  history        0.00     0.00     0.02
  serialize      0.04     0.07     0.10
  assembly       0.85     1.22     1.79
  transport      0.40     0.85     1.00
  egress         1.45     1.83    11.61
  tick           3.88     4.78    15.13
  overruns 0 | spawns 1000 despawns 1000 (933 joins deferred) | stand-ins: repeated 0 frozen 0 | late inputs 0 discarded 0 | bad messages 0 | recv errors 0 send errors 0
  egress (whole run): 1796978 datagrams in 1796978 sends (1.00 per send), 115241 syscalls
  ticks per ladder level (whole run): L0: 1811
  input wait on the server (datagram arrival -> applied): p50 49.7 p99 62.5 max 89.5 mean 49.3 ms
  steady state: stand-ins repeated 0 frozen 0 | late inputs 0 discarded 0
  rewind of near targets (applied step - the input's render step for that tier): p50 167 p99 167 max 227 mean 165.5 ms (n=1784515)
  rewind of mid/far targets (applied step - the input's render step for that tier): p50 300 p99 300 max 360 mean 298.5 ms (n=1784515)
  render times ahead of the server (bogus) 0
