spawn=uniform
egress=sendmmsg
ladder=on
threads=8
shards=64
sockets=1
peak_clients=1000
steady_ticks=1708
steady_secs=56.9
ingress_p50_ms=0.38
ingress_p99_ms=0.55
ingress_max_ms=1.00
events_p50_ms=0.10
events_p99_ms=0.16
events_max_ms=0.25
movement_p50_ms=0.29
movement_p99_ms=0.38
movement_max_ms=0.48
grid_p50_ms=0.16
grid_p99_ms=0.21
grid_max_ms=0.32
separate_p50_ms=0.17
separate_p99_ms=0.30
separate_max_ms=1.06
history_p50_ms=0.00
history_p99_ms=0.00
history_max_ms=0.02
serialize_p50_ms=0.04
serialize_p99_ms=0.07
serialize_max_ms=0.10
assembly_p50_ms=0.85
assembly_p99_ms=1.22
assembly_max_ms=1.79
transport_p50_ms=0.40
transport_p99_ms=0.85
transport_max_ms=1.00
egress_p50_ms=1.45
egress_p99_ms=1.83
egress_max_ms=11.61
tick_p50_ms=3.88
tick_p99_ms=4.78
tick_max_ms=15.13
steady_overruns=0
level_mode=0
tick_hz=30
dilation=1
levels=L0:1708
clients_avg=1000
out_pps=30015
in_pps=30047
egress_mbps=58.6
packets_per_client_tick=1.00
wire_bytes_per_client_tick=244
down_kbps_per_client=58.6
up_kbps_per_client=15.1
kernel_rcvbuf_drops=0
kernel_sndbuf_drops=0
snapshot_bytes_per_client_tick=209
near_bytes_per_client_tick=34
near_per_client_tick=4.3
mid_per_client_tick=4.2
far_per_client_tick=6.3
near_scanned_per_query=3
mid_scanned_per_query=6
far_skipped=0
far_starved=0
repeated=0
frozen=0
late_inputs=0
discarded_inputs=0
input_wait_p50_ms=49.7
input_wait_p99_ms=62.5
spawns=1000
despawns=1000
joins_deferred=933
bad_messages=0
recv_errors=0
send_errors=0
datagrams=1796978
sends=1796978
send_syscalls=115241
rewind_near_p50_ms=167
rewind_near_p99_ms=167
rewind_near_mean_ms=165.5
rewind_mid_p50_ms=300
rewind_mid_p99_ms=300
rewind_mid_mean_ms=298.5
ingress_longest_p50_ms=0.02
ingress_work_p50_ms=0.78
assembly_longest_p50_ms=0.09
assembly_work_p50_ms=2.97
transport_longest_p50_ms=0.05
transport_work_p50_ms=1.36
egress_longest_p50_ms=0.22
egress_work_p50_ms=7.26
