started=10000
welcomed=10000
failed=0
join_p50_ms=739
join_p99_ms=1549
join_max_ms=1822
corrections=77
corrections_per_bot_minute=0.008
correction_max_m=0.160
push_corrections=6534
push_corrections_per_bot_minute=0.653
push_max_m=0.101
snapshots=17768116
near_per_snapshot=15.7
mid_per_snapshot=41.8
far_per_snapshot=58.5
stale_snapshots=0
resyncs=929
input_applied_p50_ms=58.0
input_applied_p99_ms=75.0
input_applied_mean_ms=58.1
server_wait_p50_ms=49.9
server_wait_p99_ms=66.7
server_wait_mean_ms=50.2
round_trip_p50_ms=67.0
round_trip_p99_ms=100.0
round_trip_mean_ms=82.0
slot_work_p50_ms=0.5
slot_work_p99_ms=4.0
slot_work_mean_ms=1.1
slot_late_p50_ms=0.0
slot_late_p99_ms=0.4
slot_late_mean_ms=0.0
near_interval_p50_ms=33.0
near_interval_p99_ms=33.0
near_interval_mean_ms=33.0
mid_interval_p50_ms=100.0
mid_interval_p99_ms=100.0
mid_interval_mean_ms=100.2
far_interval_p50_ms=500.0
far_interval_p99_ms=500.0
far_interval_mean_ms=500.0
slot_late_max_ms=60.2
near_interpolated_pct=99.85
near_extrapolated_pct=0.02
near_held_pct=0.00
near_new_pct=0.13
near_pop_p50_mm=0
near_pop_p99_mm=0
mid_interpolated_pct=99.52
mid_extrapolated_pct=0.13
mid_held_pct=0.01
mid_new_pct=0.34
mid_pop_p50_mm=0
mid_pop_p99_mm=0
far_interpolated_pct=40.18
far_extrapolated_pct=58.86
far_held_pct=0.51
far_new_pct=0.45
far_pop_p50_mm=409
far_pop_p99_mm=3671
render_delay_ms=69.6
render_snaps=0
shots_seen=0
activity_cells=0
activity_shots=0
ambient=0
streak_frames_per_million=15918
clock_slewing_pct=4.08
delay_changes=148
render_backwards=0
clock_extra=19107
clock_skipped=6010
backlog_skips=206
near_decode_errors=0
bytes_down_mb=23818.3
bytes_up_mb=1119.1
swarm_busy_pct=28
swarm_overruns=358
