== uniform, 10000 bots, 60s -> baselines/2026-10-07-aws-full/uniform-10k-2
== summary: 1708 steady-state ticks (after warmup, before clients drain), peak 10000 clients ==
  phase        p50 ms   p99 ms   max ms
  ingress        1.25     2.43     2.63
  events         4.15     5.49     6.02
  movement       0.99     1.20     1.47
  grid           0.47     0.61     0.84
  separate       0.56     1.04     1.18
  history        0.02     0.05     0.25
  shots          0.07     0.27     0.41
  serialize      0.31     0.54     0.68
  assembly       3.19     4.06     5.52
  transport      2.02     2.38     8.02
  egress         3.98     4.40     5.34
  tick          17.24    19.12    22.93
  overruns 0 | spawns 10000 despawns 10000 (55841 joins deferred) | deaths 0 respawns 0 | stand-ins: repeated 2977 frozen 876 | late inputs 1913 discarded 0 | bad messages 0 | recv errors 0 send errors 0
  egress (whole run): 31111807 datagrams in 31111807 sends (1.00 per send), 200151 syscalls
  ingress (whole run): 17874054 datagrams in 301597 receive calls (59.26 per call)
  ticks per ladder level (whole run): L0: 1967
  input wait on the server (datagram arrival -> applied): p50 49.9 p99 66.7 max 143.5 mean 50.2 ms
  steady state: stand-ins repeated 0 frozen 0 | late inputs 0 discarded 0
  rewind of near targets (applied step - the input's render step for that tier): p50 133 p99 167 max 238 mean 147.0 ms (n=17614202)
  rewind of mid/far targets (applied step - the input's render step for that tier): p50 267 p99 300 max 367 mean 280.5 ms (n=17614202)
  render times ahead of the server (bogus) 0
  shots 0 (late 0, refused 0, rewinds capped 0) | hits head 0 body 0 (after cover 0, too late 0), kills 0 | ground 0 cover 0 expired 0 | segments 0 candidates 0
== bots summary ==
  started 10000 welcomed 10000 failed 0
  join latency ms: p50 739 p99 1549 max 1822 (n=10000)
  corrections 77 (0.01/bot-minute), mean error 0.074 m, max 0.160 m
  push corrections (the server pushed us apart from a crowd) 6534 (0.65/bot-minute), max 0.101 m
  snapshots 17768116 (entities per snapshot: near 15.7 mid 41.8 far 58.5), stale 0, unmatched acks 0, resyncs 929
  input -> applied on server (est. RTT/2 + server wait): p50 58.0 p99 75.0 max 152.0 mean 58.1 ms (n=17761370)
    of which server wait (arrival -> applied): p50 49.9 p99 66.7 max 143.5 mean 50.2 ms (n=17761370)
  input -> seen acked (round trip): p50 67.0 p99 100.0 max 167.0 mean 82.0 ms (n=17763283)
  near entity update interval (tracked bots): p50 33.0 p99 33.0 max 100.0 mean 33.0 ms (n=13984086)
  mid entity update interval (tracked bots): p50 100.0 p99 100.0 max 500.0 mean 100.2 ms (n=36750941)
  far entity update interval (tracked bots): p50 500.0 p99 500.0 max 2000.0 mean 500.0 ms (n=51109537)
  near drawn (tracked bots): 99.85% interpolated, 0.02% extrapolated, 0.00% held, 0.13% new | pops p50 0 p99 0 max 178 mm
  mid drawn (tracked bots): 99.52% interpolated, 0.13% extrapolated, 0.01% held, 0.34% new | pops p50 0 p99 0 max 4547 mm
  far drawn (tracked bots): 40.18% interpolated, 58.86% extrapolated, 0.51% held, 0.45% new | pops p50 409 p99 3671 max 18483 mm
  render delay (near) 69.6 ms behind the newest step, clock snaps 0 (backwards 0), slewing 4.08% of frames, near delay changes 148 | streak entity-frames (drawn > 20 m/s) 14337021
  input clock: 19107 extra inputs, 6010 skipped ticks, 206 backlog skips | near decode errors (tracked bots) 0
  bytes down 23818.3 MB up 1119.1 MB | swarm busy 28% of its threads' time, tick overruns 358
