preallocated connections for 10000 clients in 249.784397ms
listening on 172.31.17.93:40500 | spawn Uniform | tiers near 64@150 m, mid 500 m, far 1500 m, budget 6250 B/tick, squads of 4 | 64 rayon threads, 64 shards, 1 socket(s), 256 accepts/tick, egress SendMmsg, ingress RecvMmsg | socket buffers rcv 32768 KiB snd 32768 KiB
[    5s] clients 10000 | level 0 (0-0 in window: 30 Hz, dilation 1.0), pace 1.00, 0.0% clients bandwidth-degraded | tick p50 16.82 p99 19.16 max 20.10 ms, 0 overruns | out 383.8k pps 308 kbps/client, 2325 Mbps | in 239.1k pps 19 kbps/client, 58.3 per recv, receive thread busy 25% | stand-ins: repeated 0.26% frozen 0.00%, 1913 late inputs | per client-tick: 1221 B (near 107 B, 99% deltas), near 14.9 mid 39.5 far 55.8, far skipped 0 starved 0 | input wait p50 50.5 p99 105.0 ms | 55841 joins deferred | kernel drops rcv 0 snd 0
         p50/p99 ms: ingress 1.30/7.53  events 4.04/5.89  movement 0.96/1.18  grid 0.46/0.59  separate 0.49/0.97  history 0.02/0.13  shots 0.07/0.15  serialize 0.32/0.56  assembly 3.01/4.00  transport 1.94/2.29  egress 3.86/4.39
[   10s] clients 10000 | level 0 (0-0 in window: 30 Hz, dilation 1.0), pace 1.00, 0.0% clients bandwidth-degraded | tick p50 17.45 p99 19.45 max 19.51 ms, 0 overruns | out 525.6k pps 322 kbps/client, 3224 Mbps | in 299.9k pps 15 kbps/client, 59.4 per recv, receive thread busy 31% | stand-ins: repeated 0.00% frozen 0.00%, 0 late inputs | per client-tick: 1284 B (near 110 B, 100% deltas), near 15.7 mid 41.9 far 58.7, far skipped 0 starved 0 | input wait p50 49.9 p99 66.6 ms | 0 joins deferred | kernel drops rcv 0 snd 0
         p50/p99 ms: ingress 1.27/2.00  events 4.22/5.64  movement 0.99/1.15  grid 0.47/0.59  separate 0.56/1.11  history 0.02/0.05  shots 0.07/0.27  serialize 0.31/0.51  assembly 3.23/4.06  transport 2.03/2.36  egress 3.98/4.44
[   15s] clients 10000 | level 0 (0-0 in window: 30 Hz, dilation 1.0), pace 1.00, 0.0% clients bandwidth-degraded | tick p50 17.30 p99 19.01 max 19.08 ms, 0 overruns | out 525.7k pps 322 kbps/client, 3224 Mbps | in 300.0k pps 15 kbps/client, 59.1 per recv, receive thread busy 30% | stand-ins: repeated 0.00% frozen 0.00%, 0 late inputs | per client-tick: 1284 B (near 110 B, 100% deltas), near 15.6 mid 41.9 far 58.7, far skipped 0 starved 0 | input wait p50 49.9 p99 66.6 ms | 0 joins deferred | kernel drops rcv 0 snd 0
         p50/p99 ms: ingress 1.24/2.36  events 4.14/5.54  movement 0.99/1.20  grid 0.47/0.78  separate 0.54/1.04  history 0.02/0.04  shots 0.07/0.25  serialize 0.30/0.57  assembly 3.18/4.13  transport 2.03/2.33  egress 4.01/4.78
[   20s] clients 10000 | level 0 (0-0 in window: 30 Hz, dilation 1.0), pace 1.00, 0.0% clients bandwidth-degraded | tick p50 17.25 p99 19.26 max 19.52 ms, 0 overruns | out 525.8k pps 322 kbps/client, 3224 Mbps | in 299.9k pps 15 kbps/client, 59.4 per recv, receive thread busy 29% | stand-ins: repeated 0.00% frozen 0.00%, 0 late inputs | per client-tick: 1284 B (near 110 B, 100% deltas), near 15.7 mid 41.9 far 58.7, far skipped 0 starved 0 | input wait p50 50.0 p99 66.7 ms | 0 joins deferred | kernel drops rcv 0 snd 0
         p50/p99 ms: ingress 1.23/2.51  events 4.10/5.68  movement 0.98/1.24  grid 0.47/0.59  separate 0.55/1.10  history 0.02/0.05  shots 0.07/0.27  serialize 0.30/0.52  assembly 3.24/4.35  transport 2.04/2.51  egress 3.99/4.45
[   25s] clients 10000 | level 0 (0-0 in window: 30 Hz, dilation 1.0), pace 1.00, 0.0% clients bandwidth-degraded | tick p50 17.29 p99 19.30 max 20.69 ms, 0 overruns | out 526.1k pps 323 kbps/client, 3226 Mbps | in 299.9k pps 15 kbps/client, 59.3 per recv, receive thread busy 30% | stand-ins: repeated 0.00% frozen 0.00%, 0 late inputs | per client-tick: 1284 B (near 110 B, 100% deltas), near 15.7 mid 41.9 far 58.7, far skipped 0 starved 0 | input wait p50 49.9 p99 66.7 ms | 0 joins deferred | kernel drops rcv 0 snd 0
         p50/p99 ms: ingress 1.29/2.43  events 4.13/5.40  movement 0.99/1.20  grid 0.47/0.59  separate 0.55/1.04  history 0.02/0.06  shots 0.07/0.27  serialize 0.31/0.57  assembly 3.22/4.11  transport 2.03/2.39  egress 3.97/4.33
[   30s] clients 10000 | level 0 (0-0 in window: 30 Hz, dilation 1.0), pace 1.00, 0.0% clients bandwidth-degraded | tick p50 17.10 p99 18.73 max 19.07 ms, 0 overruns | out 525.7k pps 322 kbps/client, 3224 Mbps | in 299.9k pps 15 kbps/client, 59.6 per recv, receive thread busy 30% | stand-ins: repeated 0.00% frozen 0.00%, 0 late inputs | per client-tick: 1284 B (near 110 B, 100% deltas), near 15.7 mid 41.9 far 58.7, far skipped 0 starved 0 | input wait p50 49.9 p99 66.7 ms | 0 joins deferred | kernel drops rcv 0 snd 0
         p50/p99 ms: ingress 1.26/2.53  events 4.11/5.09  movement 0.98/1.13  grid 0.47/0.57  separate 0.56/1.11  history 0.02/0.06  shots 0.07/0.28  serialize 0.31/0.40  assembly 3.16/4.11  transport 2.00/2.34  egress 3.96/4.34
[   35s] clients 10000 | level 0 (0-0 in window: 30 Hz, dilation 1.0), pace 1.00, 0.0% clients bandwidth-degraded | tick p50 17.29 p99 19.27 max 19.69 ms, 0 overruns | out 525.7k pps 323 kbps/client, 3225 Mbps | in 299.9k pps 15 kbps/client, 59.3 per recv, receive thread busy 30% | stand-ins: repeated 0.00% frozen 0.00%, 0 late inputs | per client-tick: 1284 B (near 110 B, 100% deltas), near 15.7 mid 41.9 far 58.7, far skipped 0 starved 0 | input wait p50 49.9 p99 66.6 ms | 0 joins deferred | kernel drops rcv 0 snd 0
         p50/p99 ms: ingress 1.34/2.42  events 4.14/5.47  movement 0.98/1.20  grid 0.47/0.58  separate 0.57/1.06  history 0.02/0.05  shots 0.07/0.26  serialize 0.31/0.57  assembly 3.19/3.91  transport 2.02/2.33  egress 3.96/4.31
[   40s] clients 10000 | level 0 (0-0 in window: 30 Hz, dilation 1.0), pace 1.00, 0.0% clients bandwidth-degraded | tick p50 17.32 p99 18.97 max 19.31 ms, 0 overruns | out 525.6k pps 322 kbps/client, 3225 Mbps | in 300.0k pps 15 kbps/client, 59.4 per recv, receive thread busy 30% | stand-ins: repeated 0.00% frozen 0.00%, 0 late inputs | per client-tick: 1284 B (near 111 B, 100% deltas), near 15.8 mid 41.9 far 58.7, far skipped 0 starved 0 | input wait p50 49.9 p99 66.7 ms | 0 joins deferred | kernel drops rcv 0 snd 0
         p50/p99 ms: ingress 1.25/2.43  events 4.15/5.28  movement 0.98/1.19  grid 0.47/0.64  separate 0.56/1.11  history 0.02/0.06  shots 0.07/0.27  serialize 0.31/0.40  assembly 3.17/3.90  transport 2.01/2.36  egress 3.98/4.40
[   45s] clients 10000 | level 0 (0-0 in window: 30 Hz, dilation 1.0), pace 1.00, 0.0% clients bandwidth-degraded | tick p50 17.20 p99 18.71 max 19.30 ms, 0 overruns | out 525.8k pps 323 kbps/client, 3226 Mbps | in 299.9k pps 15 kbps/client, 59.3 per recv, receive thread busy 30% | stand-ins: repeated 0.00% frozen 0.00%, 0 late inputs | per client-tick: 1284 B (near 110 B, 100% deltas), near 15.7 mid 41.9 far 58.7, far skipped 0 starved 0 | input wait p50 49.9 p99 66.6 ms | 0 joins deferred | kernel drops rcv 0 snd 0
         p50/p99 ms: ingress 1.24/2.39  events 4.19/5.51  movement 0.98/1.21  grid 0.47/0.61  separate 0.57/0.93  history 0.02/0.05  shots 0.07/0.27  serialize 0.31/0.65  assembly 3.19/4.05  transport 2.02/2.31  egress 3.99/4.36
[   50s] clients 10000 | level 0 (0-0 in window: 30 Hz, dilation 1.0), pace 1.00, 0.0% clients bandwidth-degraded | tick p50 17.15 p99 18.79 max 19.05 ms, 0 overruns | out 526.0k pps 323 kbps/client, 3227 Mbps | in 300.0k pps 15 kbps/client, 59.4 per recv, receive thread busy 30% | stand-ins: repeated 0.00% frozen 0.00%, 0 late inputs | per client-tick: 1285 B (near 110 B, 100% deltas), near 15.8 mid 42.0 far 58.7, far skipped 0 starved 0 | input wait p50 49.9 p99 66.7 ms | 0 joins deferred | kernel drops rcv 0 snd 0
         p50/p99 ms: ingress 1.24/2.46  events 4.13/5.33  movement 0.99/1.19  grid 0.47/0.60  separate 0.54/0.92  history 0.02/0.05  shots 0.07/0.26  serialize 0.31/0.41  assembly 3.19/4.05  transport 2.02/2.43  egress 3.97/4.43
[   55s] clients 10000 | level 0 (0-0 in window: 30 Hz, dilation 1.0), pace 1.00, 0.0% clients bandwidth-degraded | tick p50 17.11 p99 19.12 max 19.23 ms, 0 overruns | out 526.0k pps 323 kbps/client, 3227 Mbps | in 299.9k pps 15 kbps/client, 59.3 per recv, receive thread busy 29% | stand-ins: repeated 0.00% frozen 0.00%, 0 late inputs | per client-tick: 1285 B (near 111 B, 100% deltas), near 15.8 mid 42.0 far 58.7, far skipped 0 starved 0 | input wait p50 49.9 p99 66.6 ms | 0 joins deferred | kernel drops rcv 0 snd 0
         p50/p99 ms: ingress 1.23/2.45  events 4.12/5.21  movement 0.98/1.18  grid 0.47/0.57  separate 0.55/0.98  history 0.02/0.06  shots 0.07/0.28  serialize 0.31/0.57  assembly 3.19/4.08  transport 2.00/2.38  egress 3.99/4.37
[   60s] clients 10000 | level 0 (0-0 in window: 30 Hz, dilation 1.0), pace 1.00, 0.0% clients bandwidth-degraded | tick p50 17.41 p99 19.48 max 19.82 ms, 0 overruns | out 526.0k pps 323 kbps/client, 3227 Mbps | in 299.9k pps 15 kbps/client, 59.2 per recv, receive thread busy 30% | stand-ins: repeated 0.00% frozen 0.00%, 0 late inputs | per client-tick: 1285 B (near 111 B, 100% deltas), near 15.8 mid 42.0 far 58.7, far skipped 0 starved 0 | input wait p50 49.9 p99 66.6 ms | 0 joins deferred | kernel drops rcv 0 snd 0
         p50/p99 ms: ingress 1.25/2.35  events 4.19/5.73  movement 0.99/1.19  grid 0.47/0.68  separate 0.56/1.06  history 0.02/0.07  shots 0.07/0.32  serialize 0.30/0.41  assembly 3.20/4.14  transport 2.02/2.39  egress 3.98/4.33
[   65s] clients 6 | level 0 (0-0 in window: 30 Hz, dilation 1.0), pace 1.00, 0.0% clients bandwidth-degraded | tick p50 2.01 p99 22.93 max 31.92 ms, 0 overruns | out 42.4k pps 318 kbps/client, 258 Mbps | in 29.5k pps 16 kbps/client, 60.5 per recv, receive thread busy 3% | stand-ins: repeated 0.01% frozen 0.66%, 0 late inputs | per client-tick: 1262 B (near 109 B, 100% deltas), near 15.5 mid 41.2 far 57.6, far skipped 0 starved 0 | input wait p50 50.0 p99 66.8 ms | 0 joins deferred | kernel drops rcv 0 snd 0
         p50/p99 ms: ingress 0.44/1.68  events 0.00/4.49  movement 0.17/1.04  grid 0.22/0.53  separate 0.40/0.71  history 0.02/0.05  shots 0.09/0.21  serialize 0.27/0.36  assembly 0.17/3.33  transport 0.11/2.12  egress 0.10/4.10
[   66s] clients 0 | level 0 (0-0 in window: 30 Hz, dilation 1.0), pace 1.00, 0.0% clients bandwidth-degraded | tick p50 2.09 p99 2.38 max 2.38 ms, 0 overruns | out 0.2k pps 19 kbps/client, 0 Mbps | in 0.0k pps 0 kbps/client, 0.0 per recv, receive thread busy 0% | stand-ins: repeated 0.00% frozen 100.00%, 0 late inputs | per client-tick: 49 B (near 0 B, 0% deltas), near 0.0 mid 0.0 far 0.0, far skipped 0 starved 0 | input wait p50 0.0 p99 0.0 ms | 0 joins deferred | kernel drops rcv 0 snd 0
         p50/p99 ms: ingress 0.43/0.49  events 0.00/0.03  movement 0.17/0.28  grid 0.23/0.25  separate 0.39/0.44  history 0.03/0.04  shots 0.17/0.21  serialize 0.27/0.32  assembly 0.20/0.26  transport 0.08/0.13  egress 0.09/0.12

== summary: 1708 steady-state ticks (after warmup, before clients drain), peak 10000 clients ==
  phase        p50 ms   p99 ms   max ms
  ingress        1.25     2.43     2.63
  events         4.15     5.49     6.02
  movement       0.99     1.20     1.47
  grid           0.47     0.61     0.84
  separate       0.56     1.04     1.18
  history        0.02     0.05     0.25
  shots          0.07     0.27     0.41
  serialize      0.31     0.54     0.68
  assembly       3.19     4.06     5.52
  transport      2.02     2.38     8.02
  egress         3.98     4.40     5.34
  tick          17.24    19.12    22.93
  overruns 0 | spawns 10000 despawns 10000 (55841 joins deferred) | deaths 0 respawns 0 | stand-ins: repeated 2977 frozen 876 | late inputs 1913 discarded 0 | bad messages 0 | recv errors 0 send errors 0
  egress (whole run): 31111807 datagrams in 31111807 sends (1.00 per send), 200151 syscalls
  ingress (whole run): 17874054 datagrams in 301597 receive calls (59.26 per call)
  ticks per ladder level (whole run): L0: 1967
  input wait on the server (datagram arrival -> applied): p50 49.9 p99 66.7 max 143.5 mean 50.2 ms
  steady state: stand-ins repeated 0 frozen 0 | late inputs 0 discarded 0
  rewind of near targets (applied step - the input's render step for that tier): p50 133 p99 167 max 238 mean 147.0 ms (n=17614202)
  rewind of mid/far targets (applied step - the input's render step for that tier): p50 267 p99 300 max 367 mean 280.5 ms (n=17614202)
  render times ahead of the server (bogus) 0
  shots 0 (late 0, refused 0, rewinds capped 0) | hits head 0 body 0 (after cover 0, too late 0), kills 0 | ground 0 cover 0 expired 0 | segments 0 candidates 0
