started=1000
welcomed=1000
failed=0
join_p50_ms=365
join_p99_ms=653
join_max_ms=691
corrections=0
corrections_per_bot_minute=0.000
correction_max_m=0.000
push_corrections=25419
push_corrections_per_bot_minute=25.419
push_max_m=0.310
snapshots=1785920
near_per_snapshot=64.1
mid_per_snapshot=86.1
far_per_snapshot=0.0
stale_snapshots=0
resyncs=0
input_applied_p50_ms=105.0
input_applied_p99_ms=145.0
input_applied_mean_ms=99.1
server_wait_p50_ms=51.3
server_wait_p99_ms=67.3
server_wait_mean_ms=50.8
round_trip_p50_ms=167.0
round_trip_p99_ms=233.0
round_trip_mean_ms=164.0
slot_work_p50_ms=0.1
slot_work_p99_ms=1.0
slot_work_mean_ms=0.4
slot_late_p50_ms=0.0
slot_late_p99_ms=0.0
slot_late_mean_ms=0.0
near_interval_p50_ms=66.0
near_interval_p99_ms=66.0
near_interval_mean_ms=53.3
mid_interval_p50_ms=100.0
mid_interval_p99_ms=100.0
mid_interval_mean_ms=100.5
far_interval_p50_ms=0.0
far_interval_p99_ms=0.0
far_interval_mean_ms=0.0
slot_late_max_ms=33.1
near_interpolated_pct=99.74
near_extrapolated_pct=0.08
near_held_pct=0.00
near_new_pct=0.18
near_pop_p50_mm=0
near_pop_p99_mm=0
mid_interpolated_pct=96.87
mid_extrapolated_pct=0.95
mid_held_pct=1.29
mid_new_pct=0.89
mid_pop_p50_mm=0
mid_pop_p99_mm=0
far_interpolated_pct=0.00
far_extrapolated_pct=0.00
far_held_pct=0.00
far_new_pct=0.00
far_pop_p50_mm=0
far_pop_p99_mm=0
render_delay_ms=86.5
render_snaps=0
class0_fighters=167
class0_shots=66574
class0_hits=66178
class0_kills=0
class0_hit_pct=99.4
class0_rtt_ms=27.0
class1_fighters=166
class1_shots=65269
class1_hits=64837
class1_kills=0
class1_hit_pct=99.3
class1_rtt_ms=107.0
class2_fighters=167
class2_shots=65556
class2_hits=63661
class2_kills=0
class2_hit_pct=97.1
class2_rtt_ms=156.9
shots_seen=14362272
activity_cells=2423171
activity_shots=138587933
ambient=17799617
streak_frames_per_million=41
clock_slewing_pct=6.98
delay_changes=1458
render_backwards=0
clock_extra=2373
clock_skipped=1415
backlog_skips=0
near_decode_errors=0
bytes_down_mb=2935.1
bytes_up_mb=118.5
swarm_busy_pct=10
swarm_overruns=157
