== blob, 1000 bots, 60s -> baselines/2026-10-07-aws-fight-trims/fight-blob-1k-immortal-1
== summary: 1708 steady-state ticks (after warmup, before clients drain), peak 1000 clients ==
  phase        p50 ms   p99 ms   max ms
  ingress        0.52     0.75     1.01
  events         0.44     0.55     0.72
  movement       0.34     0.38     0.60
  grid           0.18     0.22     0.24
  separate       0.15     0.18     0.42
  history        0.00     0.01     0.01
  shots          1.04     1.23     1.52
  serialize      0.06     0.10     0.13
  assembly       3.18     3.72     3.92
  transport      0.68     0.97     1.17
  egress         0.57     0.77     1.07
  tick           7.21     7.97     8.28
  overruns 0 | spawns 1000 despawns 1000 (151 joins deferred) | deaths 0 respawns 0 | stand-ins: repeated 0 frozen 0 | late inputs 0 discarded 0 | bad messages 0 | recv errors 0 send errors 0
  egress (whole run): 3616059 datagrams in 3616059 sends (1.00 per send), 115290 syscalls
  ingress (whole run): 1795508 datagrams in 63418 receive calls (28.31 per call)
  ticks per ladder level (whole run): L0: 1818
  input wait on the server (datagram arrival -> applied): p50 51.3 p99 67.3 max 104.7 mean 50.8 ms
  steady state: stand-ins repeated 0 frozen 0 | late inputs 0 discarded 0
  rewind of near targets (applied step - the input's render step for that tier): p50 242 p99 342 max 367 mean 238.6 ms (n=1773993)
  rewind of mid/far targets (applied step - the input's render step for that tier): p50 367 p99 433 max 492 mean 362.0 ms (n=1773993)
  render times ahead of the server (bogus) 0
  shots 279586 (late 0, refused 0, rewinds capped 185448) | hits head 1564 body 201287 (after cover 148, too late 0), kills 0 | ground 44126 cover 5279 expired 26315 | segments 4159413 candidates 1715120
== bots summary ==
  started 1000 welcomed 1000 failed 0
  join latency ms: p50 365 p99 653 max 691 (n=1000)
  corrections 0 (0.00/bot-minute), mean error 0.000 m, max 0.000 m
  push corrections (the server pushed us apart from a crowd) 25419 (25.42/bot-minute), max 0.310 m
  snapshots 1785920 (entities per snapshot: near 64.1 mid 86.1 far 0.0), stale 0, unmatched acks 0, resyncs 0
  input -> applied on server (est. RTT/2 + server wait): p50 105.0 p99 145.0 max 150.0 mean 99.1 ms (n=1783009)
    of which server wait (arrival -> applied): p50 51.3 p99 67.3 max 104.7 mean 50.8 ms (n=1783009)
  input -> seen acked (round trip): p50 167.0 p99 233.0 max 255.0 mean 164.0 ms (n=1783009)
  near entity update interval (tracked bots): p50 66.0 p99 66.0 max 633.0 mean 53.3 ms (n=57081958)
  mid entity update interval (tracked bots): p50 100.0 p99 100.0 max 2200.0 mean 100.5 ms (n=76411944)
  far entity update interval (tracked bots): p50 0.0 p99 0.0 max 0.0 mean 0.0 ms (n=0)
  near drawn (tracked bots): 99.74% interpolated, 0.08% extrapolated, 0.00% held, 0.18% new | pops p50 0 p99 0 max 2547 mm
  mid drawn (tracked bots): 96.87% interpolated, 0.95% extrapolated, 1.29% held, 0.89% new | pops p50 0 p99 0 max 18003 mm
  far drawn (tracked bots): 0.00% interpolated, 0.00% extrapolated, 0.00% held, 0.00% new | pops p50 0 p99 0 max 0 mm
  render delay (near) 86.5 ms behind the newest step, clock snaps 0 (backwards 0), slewing 6.98% of frames, near delay changes 1458 | streak entity-frames (drawn > 20 m/s) 13564
  fighters, class 0: 167 at rtt 27.0 ms | 66574 shots, 66178 hits (99.4%), 0 kills
  fighters, class 1: 166 at rtt 107.0 ms | 65269 shots, 64837 hits (99.3%), 0 kills
  fighters, class 2: 167 at rtt 156.9 ms | 65556 shots, 63661 hits (97.1%), 0 kills
  others' shots (tracked bots): 14362272 as tracers | distant fights: 2423171 cell entries counting 138587933 shots, 17799617 ambient shots made
  input clock: 2373 extra inputs, 1415 skipped ticks, 0 backlog skips | near decode errors (tracked bots) 0
  bytes down 2935.1 MB up 118.5 MB | swarm busy 10% of its threads' time, tick overruns 157
