preallocated connections for 10000 clients in 243.767587ms
listening on 172.31.17.93:14500 | spawn Blob | tiers near 64@150 m, mid 500 m, far 1500 m, budget 6250 B/tick, squads of 4 | 64 rayon threads, 64 shards, 1 socket(s), 256 accepts/tick, egress SendMmsg, ingress RecvMmsg | socket buffers rcv 32768 KiB snd 32768 KiB
[    5s] clients 1000 | level 0 (0-0 in window: 30 Hz, dilation 1.0), pace 1.00, 0.0% clients bandwidth-degraded | tick p50 7.22 p99 8.46 max 8.62 ms, 0 overruns | out 52.8k pps 400 kbps/client, 343 Mbps | in 25.6k pps 17 kbps/client, 26.9 per recv, receive thread busy 8% | stand-ins: repeated 0.00% frozen 0.00%, 0 late inputs | per client-tick: 1586 B (near 452 B, 95% deltas), near 64.0 mid 85.8 far 0.0, far skipped 0 starved 0 | input wait p50 51.4 p99 68.4 ms | 151 joins deferred | kernel drops rcv 0 snd 0
         p50/p99 ms: ingress 0.52/0.94  events 0.42/1.80  movement 0.33/0.37  grid 0.18/0.22  separate 0.14/0.17  history 0.00/0.04  shots 0.96/1.23  serialize 0.06/0.14  assembly 3.29/4.12  transport 0.64/1.11  egress 0.56/0.77
[   10s] clients 1000 | level 0 (0-0 in window: 30 Hz, dilation 1.0), pace 1.00, 0.0% clients bandwidth-degraded | tick p50 7.33 p99 8.02 max 8.19 ms, 0 overruns | out 60.4k pps 393 kbps/client, 393 Mbps | in 30.0k pps 16 kbps/client, 28.4 per recv, receive thread busy 9% | stand-ins: repeated 0.00% frozen 0.00%, 0 late inputs | per client-tick: 1569 B (near 428 B, 99% deltas), near 64.0 mid 86.0 far 0.0, far skipped 0 starved 0 | input wait p50 51.3 p99 67.2 ms | 0 joins deferred | kernel drops rcv 0 snd 0
         p50/p99 ms: ingress 0.52/0.86  events 0.44/0.68  movement 0.33/0.37  grid 0.18/0.21  separate 0.15/0.18  history 0.00/0.01  shots 1.03/1.20  serialize 0.06/0.10  assembly 3.32/3.84  transport 0.68/0.97  egress 0.56/0.75
[   15s] clients 1000 | level 0 (0-0 in window: 30 Hz, dilation 1.0), pace 1.00, 0.0% clients bandwidth-degraded | tick p50 7.24 p99 7.82 max 7.84 ms, 0 overruns | out 60.4k pps 394 kbps/client, 394 Mbps | in 30.0k pps 16 kbps/client, 28.4 per recv, receive thread busy 9% | stand-ins: repeated 0.00% frozen 0.00%, 0 late inputs | per client-tick: 1571 B (near 430 B, 99% deltas), near 64.0 mid 86.0 far 0.0, far skipped 0 starved 0 | input wait p50 51.3 p99 67.2 ms | 0 joins deferred | kernel drops rcv 0 snd 0
         p50/p99 ms: ingress 0.52/0.65  events 0.44/0.54  movement 0.33/0.37  grid 0.19/0.22  separate 0.16/0.19  history 0.00/0.01  shots 1.04/1.28  serialize 0.06/0.12  assembly 3.20/3.66  transport 0.68/0.90  egress 0.56/0.71
[   20s] clients 1000 | level 0 (0-0 in window: 30 Hz, dilation 1.0), pace 1.00, 0.0% clients bandwidth-degraded | tick p50 7.09 p99 7.84 max 7.99 ms, 0 overruns | out 60.4k pps 394 kbps/client, 394 Mbps | in 30.0k pps 16 kbps/client, 28.4 per recv, receive thread busy 9% | stand-ins: repeated 0.00% frozen 0.00%, 0 late inputs | per client-tick: 1570 B (near 428 B, 99% deltas), near 64.0 mid 86.0 far 0.0, far skipped 0 starved 0 | input wait p50 51.3 p99 67.2 ms | 0 joins deferred | kernel drops rcv 0 snd 0
         p50/p99 ms: ingress 0.52/0.66  events 0.44/0.55  movement 0.34/0.59  grid 0.19/0.22  separate 0.15/0.18  history 0.00/0.01  shots 1.05/1.27  serialize 0.06/0.10  assembly 3.04/3.60  transport 0.66/0.94  egress 0.56/0.72
[   25s] clients 1000 | level 0 (0-0 in window: 30 Hz, dilation 1.0), pace 1.00, 0.0% clients bandwidth-degraded | tick p50 7.29 p99 7.95 max 8.18 ms, 0 overruns | out 60.4k pps 394 kbps/client, 394 Mbps | in 30.0k pps 16 kbps/client, 28.5 per recv, receive thread busy 9% | stand-ins: repeated 0.00% frozen 0.00%, 0 late inputs | per client-tick: 1570 B (near 429 B, 99% deltas), near 64.0 mid 86.0 far 0.0, far skipped 0 starved 0 | input wait p50 51.3 p99 67.3 ms | 0 joins deferred | kernel drops rcv 0 snd 0
         p50/p99 ms: ingress 0.52/0.69  events 0.45/0.55  movement 0.33/0.38  grid 0.19/0.22  separate 0.15/0.18  history 0.00/0.01  shots 1.05/1.20  serialize 0.06/0.10  assembly 3.27/3.69  transport 0.68/0.97  egress 0.57/0.76
[   30s] clients 1000 | level 0 (0-0 in window: 30 Hz, dilation 1.0), pace 1.00, 0.0% clients bandwidth-degraded | tick p50 7.21 p99 7.99 max 8.08 ms, 0 overruns | out 60.3k pps 393 kbps/client, 393 Mbps | in 30.0k pps 16 kbps/client, 28.5 per recv, receive thread busy 9% | stand-ins: repeated 0.00% frozen 0.00%, 0 late inputs | per client-tick: 1569 B (near 429 B, 99% deltas), near 64.0 mid 86.0 far 0.0, far skipped 0 starved 0 | input wait p50 51.4 p99 67.3 ms | 0 joins deferred | kernel drops rcv 0 snd 0
         p50/p99 ms: ingress 0.51/0.68  events 0.43/0.55  movement 0.33/0.37  grid 0.19/0.22  separate 0.15/0.18  history 0.00/0.01  shots 1.05/1.23  serialize 0.06/0.12  assembly 3.22/3.74  transport 0.67/0.99  egress 0.57/0.73
[   35s] clients 1000 | level 0 (0-0 in window: 30 Hz, dilation 1.0), pace 1.00, 0.0% clients bandwidth-degraded | tick p50 7.17 p99 7.85 max 8.16 ms, 0 overruns | out 60.4k pps 394 kbps/client, 394 Mbps | in 30.0k pps 16 kbps/client, 28.5 per recv, receive thread busy 9% | stand-ins: repeated 0.00% frozen 0.00%, 0 late inputs | per client-tick: 1569 B (near 428 B, 99% deltas), near 64.0 mid 86.0 far 0.0, far skipped 0 starved 0 | input wait p50 51.3 p99 67.2 ms | 0 joins deferred | kernel drops rcv 0 snd 0
         p50/p99 ms: ingress 0.52/0.63  events 0.43/0.54  movement 0.34/0.38  grid 0.18/0.21  separate 0.15/0.18  history 0.00/0.01  shots 1.04/1.28  serialize 0.06/0.10  assembly 3.12/3.71  transport 0.70/1.04  egress 0.56/0.71
[   40s] clients 1000 | level 0 (0-0 in window: 30 Hz, dilation 1.0), pace 1.00, 0.0% clients bandwidth-degraded | tick p50 7.29 p99 7.92 max 7.94 ms, 0 overruns | out 60.3k pps 394 kbps/client, 394 Mbps | in 30.0k pps 16 kbps/client, 28.5 per recv, receive thread busy 9% | stand-ins: repeated 0.00% frozen 0.00%, 0 late inputs | per client-tick: 1569 B (near 429 B, 99% deltas), near 64.0 mid 86.0 far 0.0, far skipped 0 starved 0 | input wait p50 51.3 p99 67.3 ms | 0 joins deferred | kernel drops rcv 0 snd 0
         p50/p99 ms: ingress 0.52/0.63  events 0.45/0.54  movement 0.33/0.37  grid 0.19/0.23  separate 0.15/0.18  history 0.00/0.01  shots 1.04/1.22  serialize 0.06/0.10  assembly 3.21/3.76  transport 0.70/0.96  egress 0.57/0.72
[   45s] clients 1000 | level 0 (0-0 in window: 30 Hz, dilation 1.0), pace 1.00, 0.0% clients bandwidth-degraded | tick p50 7.25 p99 7.95 max 8.10 ms, 0 overruns | out 60.4k pps 394 kbps/client, 394 Mbps | in 30.0k pps 16 kbps/client, 28.2 per recv, receive thread busy 9% | stand-ins: repeated 0.00% frozen 0.00%, 0 late inputs | per client-tick: 1570 B (near 429 B, 99% deltas), near 64.0 mid 86.0 far 0.0, far skipped 0 starved 0 | input wait p50 51.3 p99 67.3 ms | 0 joins deferred | kernel drops rcv 0 snd 0
         p50/p99 ms: ingress 0.51/0.81  events 0.44/0.55  movement 0.34/0.37  grid 0.19/0.22  separate 0.15/0.18  history 0.00/0.01  shots 1.04/1.23  serialize 0.06/0.11  assembly 3.22/3.65  transport 0.71/0.96  egress 0.56/0.84
[   50s] clients 1000 | level 0 (0-0 in window: 30 Hz, dilation 1.0), pace 1.00, 0.0% clients bandwidth-degraded | tick p50 7.16 p99 8.02 max 8.28 ms, 0 overruns | out 60.4k pps 394 kbps/client, 394 Mbps | in 30.0k pps 16 kbps/client, 28.4 per recv, receive thread busy 9% | stand-ins: repeated 0.00% frozen 0.00%, 0 late inputs | per client-tick: 1571 B (near 429 B, 99% deltas), near 64.0 mid 86.0 far 0.0, far skipped 0 starved 0 | input wait p50 51.3 p99 67.3 ms | 0 joins deferred | kernel drops rcv 0 snd 0
         p50/p99 ms: ingress 0.52/0.78  events 0.44/0.61  movement 0.34/0.38  grid 0.18/0.22  separate 0.15/0.19  history 0.00/0.01  shots 1.05/1.25  serialize 0.06/0.10  assembly 3.12/3.72  transport 0.69/0.97  egress 0.56/0.77
[   55s] clients 1000 | level 0 (0-0 in window: 30 Hz, dilation 1.0), pace 1.00, 0.0% clients bandwidth-degraded | tick p50 7.17 p99 7.99 max 8.08 ms, 0 overruns | out 60.4k pps 394 kbps/client, 394 Mbps | in 30.0k pps 16 kbps/client, 28.5 per recv, receive thread busy 9% | stand-ins: repeated 0.00% frozen 0.00%, 0 late inputs | per client-tick: 1570 B (near 428 B, 99% deltas), near 64.0 mid 86.0 far 0.0, far skipped 0 starved 0 | input wait p50 51.3 p99 67.3 ms | 0 joins deferred | kernel drops rcv 0 snd 0
         p50/p99 ms: ingress 0.52/0.84  events 0.44/0.54  movement 0.33/0.37  grid 0.18/0.22  separate 0.15/0.35  history 0.00/0.01  shots 1.04/1.22  serialize 0.06/0.10  assembly 3.13/3.60  transport 0.68/0.99  egress 0.57/0.71
[   60s] clients 1000 | level 0 (0-0 in window: 30 Hz, dilation 1.0), pace 1.00, 0.0% clients bandwidth-degraded | tick p50 7.07 p99 7.66 max 7.67 ms, 0 overruns | out 60.4k pps 394 kbps/client, 394 Mbps | in 30.0k pps 16 kbps/client, 28.3 per recv, receive thread busy 9% | stand-ins: repeated 0.00% frozen 0.00%, 0 late inputs | per client-tick: 1570 B (near 429 B, 99% deltas), near 64.0 mid 86.0 far 0.0, far skipped 0 starved 0 | input wait p50 51.3 p99 67.3 ms | 0 joins deferred | kernel drops rcv 0 snd 0
         p50/p99 ms: ingress 0.52/0.70  events 0.42/0.54  movement 0.34/0.37  grid 0.18/0.23  separate 0.15/0.18  history 0.00/0.01  shots 1.03/1.18  serialize 0.06/0.10  assembly 3.08/3.54  transport 0.67/0.96  egress 0.56/0.80
[   61s] clients 0 | level 0 (0-0 in window: 30 Hz, dilation 1.0), pace 1.00, 0.0% clients bandwidth-degraded | tick p50 7.05 p99 9.09 max 9.09 ms, 0 overruns | out 52.7k pps 399 kbps/client, 349 Mbps | in 34.1k pps 18 kbps/client, 30.2 per recv, receive thread busy 9% | stand-ins: repeated 0.00% frozen 0.00%, 0 late inputs | per client-tick: 1587 B (near 445 B, 96% deltas), near 64.0 mid 86.0 far 0.0, far skipped 0 starved 0 | input wait p50 51.5 p99 67.3 ms | 0 joins deferred | kernel drops rcv 0 snd 0
         p50/p99 ms: ingress 0.53/0.85  events 0.42/3.03  movement 0.28/0.35  grid 0.18/0.21  separate 0.12/0.17  history 0.00/0.01  shots 0.98/1.25  serialize 0.06/0.07  assembly 3.10/3.54  transport 0.64/0.88  egress 0.56/0.60

== summary: 1708 steady-state ticks (after warmup, before clients drain), peak 1000 clients ==
  phase        p50 ms   p99 ms   max ms
  ingress        0.52     0.75     1.01
  events         0.44     0.55     0.72
  movement       0.34     0.38     0.60
  grid           0.18     0.22     0.24
  separate       0.15     0.18     0.42
  history        0.00     0.01     0.01
  shots          1.04     1.23     1.52
  serialize      0.06     0.10     0.13
  assembly       3.18     3.72     3.92
  transport      0.68     0.97     1.17
  egress         0.57     0.77     1.07
  tick           7.21     7.97     8.28
  overruns 0 | spawns 1000 despawns 1000 (151 joins deferred) | deaths 0 respawns 0 | stand-ins: repeated 0 frozen 0 | late inputs 0 discarded 0 | bad messages 0 | recv errors 0 send errors 0
  egress (whole run): 3616059 datagrams in 3616059 sends (1.00 per send), 115290 syscalls
  ingress (whole run): 1795508 datagrams in 63418 receive calls (28.31 per call)
  ticks per ladder level (whole run): L0: 1818
  input wait on the server (datagram arrival -> applied): p50 51.3 p99 67.3 max 104.7 mean 50.8 ms
  steady state: stand-ins repeated 0 frozen 0 | late inputs 0 discarded 0
  rewind of near targets (applied step - the input's render step for that tier): p50 242 p99 342 max 367 mean 238.6 ms (n=1773993)
  rewind of mid/far targets (applied step - the input's render step for that tier): p50 367 p99 433 max 492 mean 362.0 ms (n=1773993)
  render times ahead of the server (bogus) 0
  shots 279586 (late 0, refused 0, rewinds capped 185448) | hits head 1564 body 201287 (after cover 148, too late 0), kills 0 | ground 44126 cover 5279 expired 26315 | segments 4159413 candidates 1715120
