spawn=blob
egress=sendmmsg
ingress=recvmmsg
rx_gather_us=1000
ladder=on
threads=64
shards=64
sockets=1
peak_clients=1000
steady_ticks=1708
steady_secs=56.9
ingress_p50_ms=0.52
ingress_p99_ms=0.75
ingress_max_ms=1.01
events_p50_ms=0.44
events_p99_ms=0.55
events_max_ms=0.72
movement_p50_ms=0.34
movement_p99_ms=0.38
movement_max_ms=0.60
grid_p50_ms=0.18
grid_p99_ms=0.22
grid_max_ms=0.24
separate_p50_ms=0.15
separate_p99_ms=0.18
separate_max_ms=0.42
history_p50_ms=0.00
history_p99_ms=0.01
history_max_ms=0.01
shots_p50_ms=1.04
shots_p99_ms=1.23
shots_max_ms=1.52
serialize_p50_ms=0.06
serialize_p99_ms=0.10
serialize_max_ms=0.13
assembly_p50_ms=3.18
assembly_p99_ms=3.72
assembly_max_ms=3.92
transport_p50_ms=0.68
transport_p99_ms=0.97
transport_max_ms=1.17
egress_p50_ms=0.57
egress_p99_ms=0.77
egress_max_ms=1.07
tick_p50_ms=7.21
tick_p99_ms=7.97
tick_max_ms=8.28
steady_overruns=0
level_mode=0
tick_hz=30
dilation=1
levels=L0:1708
clients_avg=1000
out_pps=60411
in_pps=30006
egress_mbps=393.8
packets_per_client_tick=2.01
wire_bytes_per_client_tick=1640
down_kbps_per_client=393.8
up_kbps_per_client=15.9
recv_per_call=28.41
ingress_thread_busy_max_pct=9.2
ingress_thread_busy_mean_pct=9.2
kernel_rcvbuf_drops=0
kernel_sndbuf_drops=0
snapshot_bytes_per_client_tick=1570
near_bytes_per_client_tick=429
activity_bytes_per_client_tick=14.1
near_per_client_tick=64.0
mid_per_client_tick=86.0
far_per_client_tick=0.0
near_scanned_per_query=175
mid_scanned_per_query=189
far_skipped=0
far_starved=0
repeated=0
frozen=0
late_inputs=0
discarded_inputs=0
input_wait_p10_ms=36.8
input_wait_p50_ms=51.3
input_wait_p90_ms=63.8
input_wait_p99_ms=67.3
spawns=1000
despawns=1000
deaths=0
respawns=0
shots=279586
shots_late=0
shots_refused=0
rewinds_capped=185448
rewinds_trimmed=107
rewinds_trimmed_mid=107
hits_head=1564
hits_body=201287
hits_ground=44126
hits_cover=5279
projectiles_expired=26315
kills=0
hits_after_cover=148
hits_too_late=0
events=405695
tracer_bytes=213283946
activity_cells=4900
activity_sent=4866160
activity_bytes=25164878
activity_cut=0
projectile_segments=4159413
hit_candidates=1715120
trim_excess_p50_steps=0.3
trim_excess_p99_steps=0.8
trim_excess_max_steps=0.8
joins_deferred=151
bad_messages=0
recv_errors=0
send_errors=0
datagrams=3616059
sends=3616059
send_syscalls=115290
rewind_near_p50_ms=242
rewind_near_p99_ms=342
rewind_near_mean_ms=238.6
rewind_mid_p50_ms=367
rewind_mid_p99_ms=433
rewind_mid_mean_ms=362.0
ingress_longest_p50_ms=0.07
ingress_work_p50_ms=2.98
assembly_longest_p50_ms=2.83
assembly_work_p50_ms=117.91
transport_longest_p50_ms=0.56
transport_work_p50_ms=21.71
egress_longest_p50_ms=0.48
egress_work_p50_ms=13.54
