started=1000
welcomed=1000
failed=0
join_p50_ms=525
join_p99_ms=760
join_max_ms=1026
corrections=40
corrections_per_bot_minute=0.040
correction_max_m=0.139
push_corrections=26423
push_corrections_per_bot_minute=26.423
push_max_m=0.409
snapshots=1749722
near_per_snapshot=64.7
mid_per_snapshot=86.9
far_per_snapshot=0.0
stale_snapshots=16329
resyncs=0
input_applied_p50_ms=134.0
input_applied_p99_ms=165.0
input_applied_mean_ms=132.5
server_wait_p50_ms=57.7
server_wait_p99_ms=89.5
server_wait_mean_ms=56.8
round_trip_p50_ms=233.0
round_trip_p99_ms=267.0
round_trip_mean_ms=230.3
near_interval_p50_ms=66.0
near_interval_p99_ms=66.0
near_interval_mean_ms=53.9
mid_interval_p50_ms=100.0
mid_interval_p99_ms=200.0
mid_interval_mean_ms=101.4
far_interval_p50_ms=0.0
far_interval_p99_ms=0.0
far_interval_mean_ms=0.0
near_interpolated_pct=99.70
near_extrapolated_pct=0.15
near_held_pct=0.00
near_new_pct=0.15
near_pop_p50_mm=0
near_pop_p99_mm=0
mid_interpolated_pct=96.21
mid_extrapolated_pct=1.19
mid_held_pct=1.50
mid_new_pct=1.11
mid_pop_p50_mm=0
mid_pop_p99_mm=2
far_interpolated_pct=0.00
far_extrapolated_pct=0.00
far_held_pct=0.00
far_new_pct=0.00
far_pop_p50_mm=0
far_pop_p99_mm=0
render_delay_ms=127.1
render_snaps=0
render_backwards=0
clock_extra=8583
clock_skipped=7778
backlog_skips=2
near_decode_errors=0
bytes_down_mb=2738.2
bytes_up_mb=112.0
swarm_busy_pct=11
swarm_overruns=6
