minting tokens with the public dev key (--token-key to change)
1000 bots -> 127.0.0.1:40500 on 8 threads, ramp 0/s, 60s, 1000 full + 0 sink bots
[    5s] bots 1000/1000 connected, 1000 welcomed, 0 failed | 24.5 snaps/s/bot, entities/snap near 66.0 mid 88.6 far 0.0 | corrections 0.001/s/bot | down 318 up 13 kbps/bot | rtt 152.6 ms loss 0.04% | input->applied ~ p50 129 p99 166 ms, round trip p50 233 p99 267 ms | joins 1000 (p50 525 p99 760 ms) | server pace 1.00 level 0, 0 bots bandwidth-degraded | swarm busy 13%, overruns 4
[   10s] bots 1000/1000 connected, 1000 welcomed, 0 failed | 30.5 snaps/s/bot, entities/snap near 64.6 mid 86.8 far 0.0 | corrections 0.001/s/bot | down 381 up 16 kbps/bot | rtt 152.6 ms loss 1.03% | input->applied ~ p50 129 p99 163 ms, round trip p50 233 p99 267 ms | joins 0 (p50 0 p99 0 ms) | server pace 1.00 level 0, 0 bots bandwidth-degraded | swarm busy 13%, overruns 0
[   15s] bots 1000/1000 connected, 1000 welcomed, 0 failed | 28.9 snaps/s/bot, entities/snap near 64.6 mid 86.9 far 0.0 | corrections 0.001/s/bot | down 361 up 15 kbps/bot | rtt 151.2 ms loss 1.02% | input->applied ~ p50 131 p99 166 ms, round trip p50 233 p99 267 ms | joins 0 (p50 0 p99 0 ms) | server pace 1.00 level 0, 0 bots bandwidth-degraded | swarm busy 13%, overruns 2
[   20s] bots 1000/1000 connected, 1000 welcomed, 0 failed | 29.1 snaps/s/bot, entities/snap near 64.6 mid 86.8 far 0.0 | corrections 0.000/s/bot | down 363 up 15 kbps/bot | rtt 151.5 ms loss 0.99% | input->applied ~ p50 136 p99 163 ms, round trip p50 233 p99 267 ms | joins 0 (p50 0 p99 0 ms) | server pace 1.00 level 0, 0 bots bandwidth-degraded | swarm busy 10%, overruns 0
[   25s] bots 1000/1000 connected, 1000 welcomed, 0 failed | 30.2 snaps/s/bot, entities/snap near 64.6 mid 86.8 far 0.0 | corrections 0.000/s/bot | down 378 up 15 kbps/bot | rtt 151.0 ms loss 0.94% | input->applied ~ p50 135 p99 165 ms, round trip p50 233 p99 267 ms | joins 0 (p50 0 p99 0 ms) | server pace 1.00 level 0, 0 bots bandwidth-degraded | swarm busy 10%, overruns 0
[   30s] bots 1000/1000 connected, 1000 welcomed, 0 failed | 27.9 snaps/s/bot, entities/snap near 64.6 mid 86.8 far 0.0 | corrections 0.001/s/bot | down 348 up 14 kbps/bot | rtt 151.2 ms loss 1.02% | input->applied ~ p50 135 p99 165 ms, round trip p50 233 p99 267 ms | joins 0 (p50 0 p99 0 ms) | server pace 1.00 level 0, 0 bots bandwidth-degraded | swarm busy 10%, overruns 0
[   35s] bots 1000/1000 connected, 1000 welcomed, 0 failed | 30.7 snaps/s/bot, entities/snap near 64.6 mid 86.8 far 0.0 | corrections 0.000/s/bot | down 382 up 16 kbps/bot | rtt 151.4 ms loss 1.04% | input->applied ~ p50 135 p99 165 ms, round trip p50 233 p99 267 ms | joins 0 (p50 0 p99 0 ms) | server pace 1.00 level 0, 0 bots bandwidth-degraded | swarm busy 10%, overruns 0
[   40s] bots 1000/1000 connected, 1000 welcomed, 0 failed | 29.1 snaps/s/bot, entities/snap near 64.6 mid 86.8 far 0.0 | corrections 0.001/s/bot | down 363 up 15 kbps/bot | rtt 150.9 ms loss 0.99% | input->applied ~ p50 135 p99 165 ms, round trip p50 233 p99 267 ms | joins 0 (p50 0 p99 0 ms) | server pace 1.00 level 0, 0 bots bandwidth-degraded | swarm busy 10%, overruns 0
[   45s] bots 1000/1000 connected, 1000 welcomed, 0 failed | 29.2 snaps/s/bot, entities/snap near 64.6 mid 86.8 far 0.0 | corrections 0.000/s/bot | down 364 up 15 kbps/bot | rtt 151.1 ms loss 0.98% | input->applied ~ p50 135 p99 164 ms, round trip p50 233 p99 267 ms | joins 0 (p50 0 p99 0 ms) | server pace 1.00 level 0, 0 bots bandwidth-degraded | swarm busy 10%, overruns 0
[   50s] bots 1000/1000 connected, 1000 welcomed, 0 failed | 29.9 snaps/s/bot, entities/snap near 64.6 mid 86.8 far 0.0 | corrections 0.001/s/bot | down 373 up 15 kbps/bot | rtt 151.0 ms loss 0.97% | input->applied ~ p50 135 p99 165 ms, round trip p50 233 p99 267 ms | joins 0 (p50 0 p99 0 ms) | server pace 1.00 level 0, 0 bots bandwidth-degraded | swarm busy 10%, overruns 0
[   55s] bots 1000/1000 connected, 1000 welcomed, 0 failed | 28.6 snaps/s/bot, entities/snap near 64.6 mid 86.8 far 0.0 | corrections 0.001/s/bot | down 357 up 15 kbps/bot | rtt 151.3 ms loss 1.12% | input->applied ~ p50 135 p99 165 ms, round trip p50 233 p99 267 ms | joins 0 (p50 0 p99 0 ms) | server pace 1.00 level 0, 0 bots bandwidth-degraded | swarm busy 10%, overruns 0
[   60s] bots 1000/1000 connected, 1000 welcomed, 0 failed | 30.2 snaps/s/bot, entities/snap near 64.6 mid 86.8 far 0.0 | corrections 0.000/s/bot | down 378 up 15 kbps/bot | rtt 151.1 ms loss 1.00% | input->applied ~ p50 135 p99 165 ms, round trip p50 233 p99 267 ms | joins 0 (p50 0 p99 0 ms) | server pace 1.00 level 0, 0 bots bandwidth-degraded | swarm busy 10%, overruns 0

== bots summary ==
  started 1000 welcomed 1000 failed 0
  join latency ms: p50 525 p99 760 max 1026 (n=1000)
  corrections 40 (0.04/bot-minute), mean error 0.063 m, max 0.139 m
  push corrections (the server pushed us apart from a crowd) 26423 (26.42/bot-minute), max 0.409 m
  snapshots 1749722 (entities per snapshot: near 64.7 mid 86.9 far 0.0), stale 16329, unmatched acks 0, resyncs 0
  input -> applied on server (est. RTT/2 + server wait): p50 134.0 p99 165.0 max 224.0 mean 132.5 ms (n=1743637)
    of which server wait (arrival -> applied): p50 57.7 p99 89.5 max 143.8 mean 56.8 ms (n=1743637)
  input -> seen acked (round trip): p50 233.0 p99 267.0 max 305.0 mean 230.3 ms (n=1744963)
  near entity update interval (tracked bots): p50 66.0 p99 66.0 max 366.0 mean 53.9 ms (n=5620251)
  mid entity update interval (tracked bots): p50 100.0 p99 200.0 max 2200.0 mean 101.4 ms (n=7546113)
  far entity update interval (tracked bots): p50 0.0 p99 0.0 max 0.0 mean 0.0 ms (n=0)
  near drawn (tracked bots): 99.70% interpolated, 0.15% extrapolated, 0.00% held, 0.15% new | pops p50 0 p99 0 max 852 mm
  mid drawn (tracked bots): 96.21% interpolated, 1.19% extrapolated, 1.50% held, 1.11% new | pops p50 0 p99 2 max 17323 mm
  far drawn (tracked bots): 0.00% interpolated, 0.00% extrapolated, 0.00% held, 0.00% new | pops p50 0 p99 0 max 0 mm
  render delay (near) 127.1 ms behind the newest step, clock snaps 0 (backwards 0)
  input clock: 8583 extra inputs, 7778 skipped ticks, 2 backlog skips | near decode errors (tracked bots) 0
  bytes down 2738.2 MB up 112.0 MB | swarm busy 11% of its threads' time, tick overruns 6
