preallocated connections for 10000 clients in 256.520482ms
listening on 127.0.0.1:40500 | spawn Blob | tiers near 64@150 m, mid 500 m, far 1500 m, budget 6250 B/tick, squads of 4 | 8 rayon threads, 64 shards, 1 socket(s), 256 accepts/tick, egress SendMmsg | socket buffers rcv 8192 KiB snd 8192 KiB
WARNING: token key is the public dev key; anyone can mint tokens for this server (--token-key)
[    5s] clients 1000 | level 0 (0-0 in window: 30 Hz, dilation 1.0), pace 1.00, 0.0% clients bandwidth-degraded | tick p50 9.80 p99 13.50 max 36.44 ms, 1 overruns | out 53.9k pps 380 kbps/client, 335 Mbps | in 25.8k pps 16 kbps/client | stand-ins: repeated 0.08% frozen 0.00%, 104 late inputs | per client-tick: 1510 B (near 505 B, 93% deltas), near 64.0 mid 85.9 far 0.0, far skipped 0 starved 0 | input wait p50 52.4 p99 89.3 ms | 342 joins deferred | kernel drops rcv 0 snd 0
         p50/p99 ms: ingress 0.41/1.02  events 0.11/1.51  movement 0.26/0.37  grid 0.15/0.27  separate 0.30/0.40  history 0.00/0.02  serialize 0.05/0.09  assembly 2.32/3.08  transport 1.03/1.77  egress 5.07/7.32
[   10s] clients 1000 | level 0 (0-0 in window: 30 Hz, dilation 1.0), pace 1.00, 0.0% clients bandwidth-degraded | tick p50 9.80 p99 11.46 max 11.55 ms, 0 overruns | out 60.0k pps 371 kbps/client, 371 Mbps | in 29.6k pps 15 kbps/client | stand-ins: repeated 0.06% frozen 0.00%, 91 late inputs | per client-tick: 1481 B (near 475 B, 99% deltas), near 64.0 mid 86.0 far 0.0, far skipped 0 starved 0 | input wait p50 52.6 p99 86.2 ms | 0 joins deferred | kernel drops rcv 0 snd 0
         p50/p99 ms: ingress 0.41/0.54  events 0.11/0.17  movement 0.27/0.36  grid 0.16/0.28  separate 0.30/0.37  history 0.00/0.00  serialize 0.05/0.07  assembly 2.36/2.90  transport 1.00/1.35  egress 5.11/5.95
[   15s] clients 1000 | level 0 (0-0 in window: 30 Hz, dilation 1.0), pace 1.00, 0.0% clients bandwidth-degraded | tick p50 9.73 p99 15.66 max 42.77 ms, 1 overruns | out 59.9k pps 371 kbps/client, 371 Mbps | in 29.7k pps 15 kbps/client | stand-ins: repeated 0.05% frozen 0.00%, 71 late inputs | per client-tick: 1482 B (near 476 B, 99% deltas), near 64.0 mid 86.0 far 0.0, far skipped 0 starved 0 | input wait p50 55.2 p99 88.9 ms | 0 joins deferred | kernel drops rcv 0 snd 0
         p50/p99 ms: ingress 0.41/0.85  events 0.11/0.20  movement 0.27/0.35  grid 0.17/0.26  separate 0.30/0.41  history 0.00/0.01  serialize 0.05/0.08  assembly 2.43/3.15  transport 1.03/1.45  egress 5.00/10.05
[   20s] clients 1000 | level 0 (0-0 in window: 30 Hz, dilation 1.0), pace 1.00, 0.0% clients bandwidth-degraded | tick p50 9.26 p99 11.33 max 12.30 ms, 0 overruns | out 60.0k pps 371 kbps/client, 371 Mbps | in 29.6k pps 15 kbps/client | stand-ins: repeated 0.06% frozen 0.00%, 82 late inputs | per client-tick: 1480 B (near 474 B, 99% deltas), near 64.0 mid 86.0 far 0.0, far skipped 0 starved 0 | input wait p50 59.8 p99 88.2 ms | 0 joins deferred | kernel drops rcv 0 snd 0
         p50/p99 ms: ingress 0.41/0.51  events 0.12/0.19  movement 0.26/0.35  grid 0.16/0.28  separate 0.30/0.40  history 0.00/0.01  serialize 0.05/0.10  assembly 2.54/3.06  transport 1.02/1.37  egress 4.42/5.70
[   25s] clients 1000 | level 0 (0-0 in window: 30 Hz, dilation 1.0), pace 1.00, 0.0% clients bandwidth-degraded | tick p50 9.38 p99 10.42 max 11.82 ms, 0 overruns | out 60.0k pps 371 kbps/client, 371 Mbps | in 29.6k pps 15 kbps/client | stand-ins: repeated 0.08% frozen 0.00%, 118 late inputs | per client-tick: 1482 B (near 476 B, 99% deltas), near 64.0 mid 86.0 far 0.0, far skipped 0 starved 0 | input wait p50 59.1 p99 89.8 ms | 0 joins deferred | kernel drops rcv 0 snd 0
         p50/p99 ms: ingress 0.41/0.50  events 0.12/0.17  movement 0.26/0.34  grid 0.15/0.20  separate 0.30/0.40  history 0.00/0.00  serialize 0.05/0.10  assembly 2.56/2.92  transport 1.00/1.40  egress 4.47/5.36
[   30s] clients 1000 | level 0 (0-0 in window: 30 Hz, dilation 1.0), pace 1.00, 0.0% clients bandwidth-degraded | tick p50 9.24 p99 10.28 max 10.38 ms, 0 overruns | out 60.0k pps 371 kbps/client, 371 Mbps | in 29.5k pps 15 kbps/client | stand-ins: repeated 0.09% frozen 0.00%, 138 late inputs | per client-tick: 1482 B (near 476 B, 99% deltas), near 64.0 mid 86.0 far 0.0, far skipped 0 starved 0 | input wait p50 59.0 p99 89.9 ms | 0 joins deferred | kernel drops rcv 0 snd 0
         p50/p99 ms: ingress 0.41/0.48  events 0.12/0.17  movement 0.26/0.33  grid 0.14/0.20  separate 0.30/0.38  history 0.00/0.00  serialize 0.05/0.09  assembly 2.52/2.91  transport 1.02/1.35  egress 4.45/5.23
[   35s] clients 1000 | level 0 (0-0 in window: 30 Hz, dilation 1.0), pace 1.00, 0.0% clients bandwidth-degraded | tick p50 9.27 p99 10.31 max 10.34 ms, 0 overruns | out 60.0k pps 371 kbps/client, 371 Mbps | in 29.5k pps 15 kbps/client | stand-ins: repeated 0.08% frozen 0.00%, 124 late inputs | per client-tick: 1480 B (near 474 B, 99% deltas), near 64.0 mid 86.0 far 0.0, far skipped 0 starved 0 | input wait p50 59.1 p99 90.1 ms | 0 joins deferred | kernel drops rcv 0 snd 0
         p50/p99 ms: ingress 0.41/0.63  events 0.12/0.19  movement 0.27/0.39  grid 0.15/0.20  separate 0.30/0.38  history 0.00/0.00  serialize 0.05/0.10  assembly 2.53/2.94  transport 0.98/1.35  egress 4.45/5.15
[   40s] clients 1000 | level 0 (0-0 in window: 30 Hz, dilation 1.0), pace 1.00, 0.0% clients bandwidth-degraded | tick p50 9.29 p99 10.46 max 11.10 ms, 0 overruns | out 60.0k pps 371 kbps/client, 371 Mbps | in 29.5k pps 15 kbps/client | stand-ins: repeated 0.08% frozen 0.00%, 121 late inputs | per client-tick: 1480 B (near 474 B, 99% deltas), near 64.0 mid 86.0 far 0.0, far skipped 0 starved 0 | input wait p50 59.1 p99 90.3 ms | 0 joins deferred | kernel drops rcv 0 snd 0
         p50/p99 ms: ingress 0.41/0.56  events 0.12/0.20  movement 0.27/0.34  grid 0.15/0.20  separate 0.30/0.42  history 0.00/0.00  serialize 0.05/0.10  assembly 2.53/2.88  transport 1.00/1.41  egress 4.49/5.46
[   45s] clients 1000 | level 0 (0-0 in window: 30 Hz, dilation 1.0), pace 1.00, 0.0% clients bandwidth-degraded | tick p50 9.24 p99 10.13 max 10.18 ms, 0 overruns | out 60.0k pps 371 kbps/client, 371 Mbps | in 29.5k pps 15 kbps/client | stand-ins: repeated 0.08% frozen 0.00%, 115 late inputs | per client-tick: 1481 B (near 475 B, 99% deltas), near 64.0 mid 86.0 far 0.0, far skipped 0 starved 0 | input wait p50 59.0 p99 89.5 ms | 0 joins deferred | kernel drops rcv 0 snd 0
         p50/p99 ms: ingress 0.41/0.49  events 0.12/0.18  movement 0.26/0.34  grid 0.15/0.21  separate 0.30/0.37  history 0.00/0.00  serialize 0.05/0.10  assembly 2.54/2.88  transport 0.98/1.32  egress 4.43/5.18
[   50s] clients 1000 | level 0 (0-0 in window: 30 Hz, dilation 1.0), pace 1.00, 0.0% clients bandwidth-degraded | tick p50 9.28 p99 10.26 max 10.29 ms, 0 overruns | out 60.0k pps 371 kbps/client, 371 Mbps | in 29.5k pps 15 kbps/client | stand-ins: repeated 0.09% frozen 0.00%, 138 late inputs | per client-tick: 1482 B (near 476 B, 99% deltas), near 64.0 mid 86.0 far 0.0, far skipped 0 starved 0 | input wait p50 59.0 p99 90.6 ms | 0 joins deferred | kernel drops rcv 0 snd 0
         p50/p99 ms: ingress 0.41/0.56  events 0.12/0.17  movement 0.27/0.33  grid 0.15/0.20  separate 0.30/0.37  history 0.00/0.00  serialize 0.05/0.10  assembly 2.53/2.85  transport 1.01/1.38  egress 4.43/5.25
[   55s] clients 1000 | level 0 (0-0 in window: 30 Hz, dilation 1.0), pace 1.00, 0.0% clients bandwidth-degraded | tick p50 9.23 p99 10.71 max 11.86 ms, 0 overruns | out 60.0k pps 371 kbps/client, 371 Mbps | in 29.5k pps 15 kbps/client | stand-ins: repeated 0.08% frozen 0.00%, 124 late inputs | per client-tick: 1480 B (near 474 B, 99% deltas), near 64.0 mid 86.0 far 0.0, far skipped 0 starved 0 | input wait p50 59.1 p99 90.4 ms | 0 joins deferred | kernel drops rcv 0 snd 0
         p50/p99 ms: ingress 0.42/0.56  events 0.12/0.19  movement 0.27/0.36  grid 0.14/0.20  separate 0.30/0.41  history 0.00/0.00  serialize 0.05/0.10  assembly 2.53/2.91  transport 0.98/1.33  egress 4.42/5.21
[   60s] clients 1000 | level 0 (0-0 in window: 30 Hz, dilation 1.0), pace 1.00, 0.0% clients bandwidth-degraded | tick p50 9.23 p99 10.34 max 10.85 ms, 0 overruns | out 60.0k pps 371 kbps/client, 371 Mbps | in 29.5k pps 15 kbps/client | stand-ins: repeated 0.08% frozen 0.00%, 120 late inputs | per client-tick: 1482 B (near 476 B, 99% deltas), near 64.0 mid 86.0 far 0.0, far skipped 0 starved 0 | input wait p50 59.0 p99 90.4 ms | 0 joins deferred | kernel drops rcv 0 snd 0
         p50/p99 ms: ingress 0.41/0.54  events 0.12/0.20  movement 0.27/0.33  grid 0.15/0.28  separate 0.30/0.41  history 0.00/0.00  serialize 0.05/0.10  assembly 2.51/2.93  transport 0.97/1.32  egress 4.42/5.14
[   60s] clients 0 | level 0 (0-0 in window: 30 Hz, dilation 1.0), pace 1.00, 0.0% clients bandwidth-degraded | tick p50 9.44 p99 24.48 max 24.48 ms, 0 overruns | out 46.7k pps 379 kbps/client, 289 Mbps | in 34.4k pps 18 kbps/client | stand-ins: repeated 0.02% frozen 0.00%, 2 late inputs | per client-tick: 1478 B (near 488 B, 96% deltas), near 63.9 mid 84.6 far 0.0, far skipped 0 starved 0 | input wait p50 59.3 p99 89.3 ms | 0 joins deferred | kernel drops rcv 0 snd 0
         p50/p99 ms: ingress 0.41/4.92  events 0.13/0.94  movement 0.26/6.58  grid 0.17/0.18  separate 0.27/0.33  history 0.00/0.00  serialize 0.05/0.08  assembly 2.50/5.47  transport 0.80/10.77  egress 4.42/6.86

== summary: 1706 steady-state ticks (after warmup, before clients drain), peak 1000 clients ==
  phase        p50 ms   p99 ms   max ms
  ingress        0.41     0.56     0.90
  events         0.12     0.18     0.27
  movement       0.27     0.35     0.45
  grid           0.15     0.26     0.30
  separate       0.30     0.40     2.60
  history        0.00     0.00     0.03
  serialize      0.05     0.10     0.14
  assembly       2.51     2.94     5.47
  transport      1.00     1.36    10.77
  egress         4.52     5.79    36.61
  tick           9.38    10.96    42.77
  overruns 1 | spawns 1000 despawns 1000 (342 joins deferred) | stand-ins: repeated 1354 frozen 0 | late inputs 1348 discarded 0 | bad messages 0 | recv errors 0 send errors 0
  egress (whole run): 3588613 datagrams in 3588613 sends (1.00 per send), 115198 syscalls
  ticks per ladder level (whole run): L0: 1812
  input wait on the server (datagram arrival -> applied): p50 57.7 p99 89.5 max 143.8 mean 56.8 ms
  steady state: stand-ins repeated 1265 frozen 0 | late inputs 1259 discarded 0
  rewind of near targets (applied step - the input's render step for that tier): p50 274 p99 342 max 404 mean 280.0 ms (n=1773313)
  rewind of mid/far targets (applied step - the input's render step for that tier): p50 407 p99 434 max 474 mean 410.4 ms (n=1773313)
  render times ahead of the server (bogus) 0
