1000 bots -> 172.16.8.2:40500 on 24 threads, ramp 0/s, 60s, 1000 full + 0 sink bots
[    5s] bots 1000/1000 connected, 1000 welcomed, 0 failed | 27.1 snaps/s/bot, entities/snap near 4.4 mid 4.2 far 6.3 | corrections 0.000/s/bot | down 49 up 11 kbps/bot | rtt 2.8 ms loss 0.00% | input->applied ~ p50 51 p99 68 ms, round trip p50 67 p99 100 ms | joins 1000 (p50 147 p99 330 ms) | server pace 1.00 level 0, 0 bots bandwidth-degraded | swarm busy 1%, overruns 0
[   10s] bots 1000/1000 connected, 1000 welcomed, 0 failed | 31.2 snaps/s/bot, entities/snap near 4.3 mid 4.2 far 6.3 | corrections 0.000/s/bot | down 56 up 12 kbps/bot | rtt 2.9 ms loss 0.00% | input->applied ~ p50 51 p99 68 ms, round trip p50 67 p99 100 ms | joins 0 (p50 0 p99 0 ms) | server pace 1.00 level 0, 0 bots bandwidth-degraded | swarm busy 1%, overruns 0
[   15s] bots 1000/1000 connected, 1000 welcomed, 0 failed | 28.9 snaps/s/bot, entities/snap near 4.3 mid 4.2 far 6.3 | corrections 0.000/s/bot | down 52 up 12 kbps/bot | rtt 2.8 ms loss 0.00% | input->applied ~ p50 52 p99 68 ms, round trip p50 67 p99 100 ms | joins 0 (p50 0 p99 0 ms) | server pace 1.00 level 0, 0 bots bandwidth-degraded | swarm busy 1%, overruns 0
[   20s] bots 1000/1000 connected, 1000 welcomed, 0 failed | 30.4 snaps/s/bot, entities/snap near 4.3 mid 4.2 far 6.3 | corrections 0.000/s/bot | down 55 up 12 kbps/bot | rtt 2.9 ms loss 0.00% | input->applied ~ p50 51 p99 67 ms, round trip p50 67 p99 100 ms | joins 0 (p50 0 p99 0 ms) | server pace 1.00 level 0, 0 bots bandwidth-degraded | swarm busy 1%, overruns 0
[   25s] bots 1000/1000 connected, 1000 welcomed, 0 failed | 30.5 snaps/s/bot, entities/snap near 4.3 mid 4.2 far 6.3 | corrections 0.000/s/bot | down 55 up 12 kbps/bot | rtt 2.9 ms loss 0.00% | input->applied ~ p50 51 p99 67 ms, round trip p50 67 p99 100 ms | joins 0 (p50 0 p99 0 ms) | server pace 1.00 level 0, 0 bots bandwidth-degraded | swarm busy 1%, overruns 0
[   30s] bots 1000/1000 connected, 1000 welcomed, 0 failed | 29.1 snaps/s/bot, entities/snap near 4.3 mid 4.2 far 6.3 | corrections 0.000/s/bot | down 52 up 12 kbps/bot | rtt 2.8 ms loss 0.00% | input->applied ~ p50 51 p99 67 ms, round trip p50 67 p99 100 ms | joins 0 (p50 0 p99 0 ms) | server pace 1.00 level 0, 0 bots bandwidth-degraded | swarm busy 1%, overruns 0
[   35s] bots 1000/1000 connected, 1000 welcomed, 0 failed | 30.7 snaps/s/bot, entities/snap near 4.3 mid 4.2 far 6.3 | corrections 0.000/s/bot | down 55 up 12 kbps/bot | rtt 2.8 ms loss 0.00% | input->applied ~ p50 51 p99 67 ms, round trip p50 67 p99 100 ms | joins 0 (p50 0 p99 0 ms) | server pace 1.00 level 0, 0 bots bandwidth-degraded | swarm busy 1%, overruns 0
[   40s] bots 1000/1000 connected, 1000 welcomed, 0 failed | 30.0 snaps/s/bot, entities/snap near 4.3 mid 4.2 far 6.3 | corrections 0.000/s/bot | down 54 up 12 kbps/bot | rtt 2.8 ms loss 0.00% | input->applied ~ p50 51 p99 67 ms, round trip p50 67 p99 100 ms | joins 0 (p50 0 p99 0 ms) | server pace 1.00 level 0, 0 bots bandwidth-degraded | swarm busy 1%, overruns 0
[   45s] bots 1000/1000 connected, 1000 welcomed, 0 failed | 29.7 snaps/s/bot, entities/snap near 4.3 mid 4.2 far 6.3 | corrections 0.000/s/bot | down 54 up 12 kbps/bot | rtt 2.8 ms loss 0.00% | input->applied ~ p50 51 p99 67 ms, round trip p50 67 p99 100 ms | joins 0 (p50 0 p99 0 ms) | server pace 1.00 level 0, 0 bots bandwidth-degraded | swarm busy 1%, overruns 0
[   50s] bots 1000/1000 connected, 1000 welcomed, 0 failed | 30.3 snaps/s/bot, entities/snap near 4.3 mid 4.2 far 6.3 | corrections 0.000/s/bot | down 55 up 12 kbps/bot | rtt 2.8 ms loss 0.00% | input->applied ~ p50 52 p99 67 ms, round trip p50 67 p99 100 ms | joins 0 (p50 0 p99 0 ms) | server pace 1.00 level 0, 0 bots bandwidth-degraded | swarm busy 1%, overruns 0
[   55s] bots 1000/1000 connected, 1000 welcomed, 0 failed | 29.7 snaps/s/bot, entities/snap near 4.3 mid 4.2 far 6.3 | corrections 0.000/s/bot | down 54 up 12 kbps/bot | rtt 2.8 ms loss 0.00% | input->applied ~ p50 52 p99 67 ms, round trip p50 67 p99 100 ms | joins 0 (p50 0 p99 0 ms) | server pace 1.00 level 0, 0 bots bandwidth-degraded | swarm busy 1%, overruns 0
[   60s] bots 1000/1000 connected, 1000 welcomed, 0 failed | 30.1 snaps/s/bot, entities/snap near 4.2 mid 4.2 far 6.3 | corrections 0.000/s/bot | down 54 up 12 kbps/bot | rtt 2.8 ms loss 0.00% | input->applied ~ p50 51 p99 67 ms, round trip p50 67 p99 100 ms | joins 0 (p50 0 p99 0 ms) | server pace 1.00 level 0, 0 bots bandwidth-degraded | swarm busy 1%, overruns 0

== bots summary ==
  started 1000 welcomed 1000 failed 0
  join latency ms: p50 147 p99 330 max 412 (n=1000)
  corrections 0 (0.00/bot-minute), mean error 0.000 m, max 0.000 m
  snapshots 1795345 (entities per snapshot: near 4.3 mid 4.2 far 6.3), stale 0, unmatched acks 0, resyncs 0
  input -> applied on server (est. RTT/2 + server wait): p50 51.0 p99 67.0 max 69.0 mean 51.4 ms (n=1795176)
    of which server wait (arrival -> applied): p50 49.5 p99 66.0 max 67.4 mean 49.9 ms (n=1795176)
  input -> seen acked (round trip): p50 67.0 p99 100.0 max 100.0 mean 69.8 ms (n=1795176)
  near entity update interval (tracked bots): p50 33.0 p99 33.0 max 100.0 mean 33.0 ms (n=416668)
  mid entity update interval (tracked bots): p50 100.0 p99 100.0 max 500.0 mean 100.2 ms (n=367492)
  far entity update interval (tracked bots): p50 500.0 p99 500.0 max 47500.0 mean 509.0 ms (n=552557)
  input clock: 1000 extra inputs, 1 skipped ticks, 0 backlog skips | near decode errors (tracked bots) 0
  bytes down 405.0 MB up 89.8 MB | swarm busy 1% of its threads' time, tick overruns 0
