spawn=uniform
egress=sendmmsg
ladder=on
threads=128
shards=64
peak_clients=1000
steady_ticks=1709
steady_secs=56.9
ingress_p50_ms=0.67
ingress_p99_ms=0.82
ingress_max_ms=1.03
events_p50_ms=0.38
events_p99_ms=0.47
events_max_ms=0.53
movement_p50_ms=0.13
movement_p99_ms=0.17
movement_max_ms=0.20
grid_p50_ms=0.14
grid_p99_ms=0.21
grid_max_ms=0.24
history_p50_ms=0.00
history_p99_ms=0.00
history_max_ms=0.01
serialize_p50_ms=0.06
serialize_p99_ms=0.08
serialize_max_ms=0.09
assembly_p50_ms=0.67
assembly_p99_ms=0.88
assembly_max_ms=1.02
transport_p50_ms=0.30
transport_p99_ms=0.50
transport_max_ms=0.75
egress_p50_ms=0.56
egress_p99_ms=0.71
egress_max_ms=0.94
tick_p50_ms=2.94
tick_p99_ms=3.35
tick_max_ms=3.58
steady_overruns=0
level_mode=0
tick_hz=30
dilation=1
levels=L0:1709
clients_avg=1000
out_pps=30016
in_pps=30035
egress_mbps=54.1
packets_per_client_tick=1.00
wire_bytes_per_client_tick=225
down_kbps_per_client=54.1
up_kbps_per_client=12.0
kernel_rcvbuf_drops=0
kernel_sndbuf_drops=0
snapshot_bytes_per_client_tick=190
near_bytes_per_client_tick=29
near_per_client_tick=4.3
mid_per_client_tick=4.2
far_per_client_tick=6.3
far_skipped=0
far_starved=0
repeated=0
frozen=0
late_inputs=0
discarded_inputs=0
input_wait_p50_ms=49.5
input_wait_p99_ms=66.0
spawns=1000
despawns=1000
joins_deferred=422
bad_messages=0
recv_errors=0
send_errors=0
datagrams=1799429
sends=1799429
send_syscalls=115264
