preallocated connections for 10000 clients in 219.261071ms
listening on 172.16.8.2:40500 | spawn Blob | tiers near 64@150 m, mid 500 m, far 1500 m, budget 6250 B/tick, squads of 4 | 8 rayon threads, 64 shards, 256 accepts/tick, egress Gso | socket buffers rcv 32768 KiB snd 32768 KiB
[    5s] clients 3000 | level 0 (0-0 in window: 30 Hz, dilation 1.0), pace 1.00, 0.0% clients bandwidth-degraded | tick p50 18.10 p99 19.02 max 19.23 ms, 0 overruns | out 150.1k pps 345 kbps/client, 854 Mbps | in 76.4k pps 14 kbps/client | stand-ins: repeated 0.00% frozen 0.00%, 0 late inputs | per client-tick: 1362 B (near 370 B, 97% deltas), near 64.0 mid 86.0 far 0.0, far skipped 0 starved 0 | input wait p50 50.2 p99 66.5 ms | 6227 joins deferred | kernel drops rcv 0 snd 0
         p50/p99 ms: ingress 0.90/2.66  events 0.70/2.30  movement 0.11/0.14  grid 0.12/0.14  history 0.00/0.02  serialize 0.09/0.15  assembly 8.83/9.13  transport 3.69/4.50  egress 3.58/3.77
[   10s] clients 3000 | level 0 (0-0 in window: 30 Hz, dilation 1.0), pace 1.00, 0.0% clients bandwidth-degraded | tick p50 18.38 p99 19.18 max 19.54 ms, 0 overruns | out 180.0k pps 340 kbps/client, 1021 Mbps | in 90.0k pps 12 kbps/client | stand-ins: repeated 0.00% frozen 0.00%, 0 late inputs | per client-tick: 1348 B (near 356 B, 99% deltas), near 64.0 mid 86.0 far 0.0, far skipped 0 starved 0 | input wait p50 49.9 p99 66.3 ms | 0 joins deferred | kernel drops rcv 0 snd 0
         p50/p99 ms: ingress 0.91/0.97  events 0.67/0.72  movement 0.12/0.14  grid 0.12/0.13  history 0.00/0.00  serialize 0.09/0.10  assembly 9.00/9.36  transport 3.86/4.52  egress 3.63/3.76
[   15s] clients 3000 | level 0 (0-0 in window: 30 Hz, dilation 1.0), pace 1.00, 0.0% clients bandwidth-degraded | tick p50 18.59 p99 19.25 max 19.48 ms, 0 overruns | out 180.0k pps 340 kbps/client, 1021 Mbps | in 90.0k pps 12 kbps/client | stand-ins: repeated 0.00% frozen 0.00%, 0 late inputs | per client-tick: 1348 B (near 356 B, 99% deltas), near 64.0 mid 86.0 far 0.0, far skipped 0 starved 0 | input wait p50 49.9 p99 66.3 ms | 0 joins deferred | kernel drops rcv 0 snd 0
         p50/p99 ms: ingress 0.92/0.99  events 0.66/0.68  movement 0.12/0.14  grid 0.12/0.13  history 0.00/0.00  serialize 0.09/0.13  assembly 9.05/9.39  transport 3.96/4.55  egress 3.65/3.81
[   20s] clients 3000 | level 0 (0-0 in window: 30 Hz, dilation 1.0), pace 1.00, 0.0% clients bandwidth-degraded | tick p50 18.63 p99 19.18 max 19.18 ms, 0 overruns | out 180.0k pps 340 kbps/client, 1021 Mbps | in 90.0k pps 12 kbps/client | stand-ins: repeated 0.00% frozen 0.00%, 0 late inputs | per client-tick: 1348 B (near 356 B, 99% deltas), near 64.0 mid 86.0 far 0.0, far skipped 0 starved 0 | input wait p50 49.8 p99 66.3 ms | 0 joins deferred | kernel drops rcv 0 snd 0
         p50/p99 ms: ingress 0.92/0.98  events 0.67/0.68  movement 0.12/0.16  grid 0.12/0.13  history 0.00/0.00  serialize 0.09/0.10  assembly 9.06/9.43  transport 3.94/4.46  egress 3.66/3.79
[   25s] clients 3000 | level 0 (0-0 in window: 30 Hz, dilation 1.0), pace 1.00, 0.0% clients bandwidth-degraded | tick p50 18.66 p99 19.39 max 19.45 ms, 0 overruns | out 180.0k pps 340 kbps/client, 1020 Mbps | in 90.0k pps 12 kbps/client | stand-ins: repeated 0.00% frozen 0.00%, 0 late inputs | per client-tick: 1347 B (near 355 B, 99% deltas), near 64.0 mid 86.0 far 0.0, far skipped 0 starved 0 | input wait p50 49.8 p99 66.3 ms | 0 joins deferred | kernel drops rcv 0 snd 0
         p50/p99 ms: ingress 0.92/0.97  events 0.67/0.68  movement 0.12/0.14  grid 0.12/0.13  history 0.00/0.00  serialize 0.09/0.13  assembly 9.05/9.39  transport 3.98/4.79  egress 3.67/3.84
[   30s] clients 3000 | level 0 (0-0 in window: 30 Hz, dilation 1.0), pace 1.00, 0.0% clients bandwidth-degraded | tick p50 18.71 p99 19.37 max 19.45 ms, 0 overruns | out 180.0k pps 340 kbps/client, 1021 Mbps | in 90.0k pps 12 kbps/client | stand-ins: repeated 0.00% frozen 0.00%, 0 late inputs | per client-tick: 1348 B (near 356 B, 99% deltas), near 64.0 mid 86.0 far 0.0, far skipped 0 starved 0 | input wait p50 49.8 p99 66.3 ms | 0 joins deferred | kernel drops rcv 0 snd 0
         p50/p99 ms: ingress 0.92/1.00  events 0.67/0.68  movement 0.12/0.14  grid 0.12/0.13  history 0.00/0.00  serialize 0.09/0.13  assembly 9.10/9.53  transport 3.94/4.62  egress 3.70/3.85
[   35s] clients 3000 | level 0 (0-0 in window: 30 Hz, dilation 1.0), pace 1.00, 0.0% clients bandwidth-degraded | tick p50 18.66 p99 19.32 max 19.34 ms, 0 overruns | out 180.0k pps 340 kbps/client, 1021 Mbps | in 90.0k pps 12 kbps/client | stand-ins: repeated 0.00% frozen 0.00%, 0 late inputs | per client-tick: 1348 B (near 356 B, 99% deltas), near 64.0 mid 86.0 far 0.0, far skipped 0 starved 0 | input wait p50 49.8 p99 66.3 ms | 0 joins deferred | kernel drops rcv 0 snd 0
         p50/p99 ms: ingress 0.92/1.01  events 0.67/0.68  movement 0.12/0.14  grid 0.12/0.13  history 0.00/0.00  serialize 0.09/0.13  assembly 9.07/9.31  transport 3.96/4.62  egress 3.67/3.86
[   40s] clients 3000 | level 0 (0-0 in window: 30 Hz, dilation 1.0), pace 1.00, 0.0% clients bandwidth-degraded | tick p50 18.60 p99 19.59 max 19.61 ms, 0 overruns | out 180.0k pps 340 kbps/client, 1021 Mbps | in 90.0k pps 12 kbps/client | stand-ins: repeated 0.00% frozen 0.00%, 0 late inputs | per client-tick: 1348 B (near 356 B, 99% deltas), near 64.0 mid 86.0 far 0.0, far skipped 0 starved 0 | input wait p50 49.8 p99 66.3 ms | 0 joins deferred | kernel drops rcv 0 snd 0
         p50/p99 ms: ingress 0.92/0.98  events 0.67/0.68  movement 0.12/0.15  grid 0.12/0.13  history 0.00/0.00  serialize 0.09/0.10  assembly 9.09/9.50  transport 3.92/4.56  egress 3.66/3.81
[   45s] clients 3000 | level 0 (0-0 in window: 30 Hz, dilation 1.0), pace 1.00, 0.0% clients bandwidth-degraded | tick p50 18.67 p99 19.50 max 19.55 ms, 0 overruns | out 180.0k pps 340 kbps/client, 1021 Mbps | in 90.0k pps 12 kbps/client | stand-ins: repeated 0.00% frozen 0.00%, 0 late inputs | per client-tick: 1348 B (near 356 B, 99% deltas), near 64.0 mid 86.0 far 0.0, far skipped 0 starved 0 | input wait p50 49.8 p99 66.3 ms | 0 joins deferred | kernel drops rcv 0 snd 0
         p50/p99 ms: ingress 0.92/0.97  events 0.67/0.68  movement 0.12/0.14  grid 0.12/0.13  history 0.00/0.00  serialize 0.09/0.12  assembly 9.11/9.53  transport 3.94/4.57  egress 3.65/3.85
[   50s] clients 3000 | level 0 (0-0 in window: 30 Hz, dilation 1.0), pace 1.00, 0.0% clients bandwidth-degraded | tick p50 18.58 p99 19.59 max 19.70 ms, 0 overruns | out 180.0k pps 340 kbps/client, 1021 Mbps | in 90.0k pps 12 kbps/client | stand-ins: repeated 0.00% frozen 0.00%, 0 late inputs | per client-tick: 1348 B (near 356 B, 99% deltas), near 64.0 mid 86.0 far 0.0, far skipped 0 starved 0 | input wait p50 49.7 p99 66.3 ms | 0 joins deferred | kernel drops rcv 0 snd 0
         p50/p99 ms: ingress 0.92/0.98  events 0.67/0.68  movement 0.12/0.15  grid 0.12/0.13  history 0.00/0.00  serialize 0.09/0.12  assembly 9.08/9.42  transport 3.93/4.71  egress 3.64/3.77
[   55s] clients 3000 | level 0 (0-0 in window: 30 Hz, dilation 1.0), pace 1.00, 0.0% clients bandwidth-degraded | tick p50 18.70 p99 19.95 max 20.15 ms, 0 overruns | out 180.0k pps 340 kbps/client, 1021 Mbps | in 90.0k pps 12 kbps/client | stand-ins: repeated 0.00% frozen 0.00%, 0 late inputs | per client-tick: 1348 B (near 356 B, 99% deltas), near 64.0 mid 86.0 far 0.0, far skipped 0 starved 0 | input wait p50 49.7 p99 66.3 ms | 0 joins deferred | kernel drops rcv 0 snd 0
         p50/p99 ms: ingress 0.92/0.98  events 0.67/0.68  movement 0.12/0.14  grid 0.12/0.13  history 0.00/0.00  serialize 0.09/0.12  assembly 9.15/9.98  transport 3.92/4.65  egress 3.66/3.84
[   60s] clients 3000 | level 0 (0-0 in window: 30 Hz, dilation 1.0), pace 1.00, 0.0% clients bandwidth-degraded | tick p50 18.70 p99 19.68 max 20.34 ms, 0 overruns | out 180.0k pps 340 kbps/client, 1021 Mbps | in 90.0k pps 12 kbps/client | stand-ins: repeated 0.00% frozen 0.00%, 0 late inputs | per client-tick: 1348 B (near 356 B, 99% deltas), near 64.0 mid 86.0 far 0.0, far skipped 0 starved 0 | input wait p50 49.6 p99 66.3 ms | 0 joins deferred | kernel drops rcv 0 snd 0
         p50/p99 ms: ingress 0.93/0.98  events 0.67/0.68  movement 0.12/0.15  grid 0.12/0.13  history 0.00/0.00  serialize 0.09/0.11  assembly 9.13/9.85  transport 3.95/4.71  egress 3.67/3.83
[   61s] clients 0 | level 0 (0-0 in window: 30 Hz, dilation 1.0), pace 1.00, 0.0% clients bandwidth-degraded | tick p50 18.62 p99 19.09 max 19.09 ms, 0 overruns | out 161.1k pps 353 kbps/client, 913 Mbps | in 96.8k pps 13 kbps/client | stand-ins: repeated 0.00% frozen 0.00%, 0 late inputs | per client-tick: 1347 B (near 357 B, 99% deltas), near 64.0 mid 85.8 far 0.0, far skipped 0 starved 0 | input wait p50 49.8 p99 66.3 ms | 0 joins deferred | kernel drops rcv 0 snd 0
         p50/p99 ms: ingress 0.92/2.73  events 0.67/8.31  movement 0.11/0.15  grid 0.12/0.13  history 0.00/0.00  serialize 0.09/0.09  assembly 9.15/9.48  transport 3.89/4.26  egress 3.61/3.73

== summary: 1709 steady-state ticks (after warmup, before clients drain), peak 3000 clients ==
  phase        p50 ms   p99 ms   max ms
  ingress        0.92     0.98     1.05
  events         0.67     0.71     0.75
  movement       0.12     0.14     0.16
  grid           0.12     0.13     0.14
  history        0.00     0.00     0.01
  serialize      0.09     0.12     0.13
  assembly       9.08     9.53    10.09
  transport      3.94     4.60     4.90
  egress         3.66     3.83     3.88
  tick          18.63    19.48    20.34
  overruns 0 | spawns 3000 despawns 3000 (6227 joins deferred) | stand-ins: repeated 0 frozen 0 | late inputs 0 discarded 0 | bad messages 0 | recv errors 0 send errors 0
  egress (whole run): 10755704 datagrams in 5380854 sends (2.00 per send), 115259 syscalls
  ticks per ladder level (whole run): L0: 1820
  input wait on the server (datagram arrival -> applied): p50 49.8 p99 66.3 max 68.2 mean 49.8 ms
  steady state: stand-ins repeated 0 frozen 0 | late inputs 0 discarded 0
