spawn=blob
egress=gso
ladder=on
threads=8
shards=64
peak_clients=3000
steady_ticks=1709
steady_secs=57.0
ingress_p50_ms=0.92
ingress_p99_ms=0.98
ingress_max_ms=1.05
events_p50_ms=0.67
events_p99_ms=0.71
events_max_ms=0.75
movement_p50_ms=0.12
movement_p99_ms=0.14
movement_max_ms=0.16
grid_p50_ms=0.12
grid_p99_ms=0.13
grid_max_ms=0.14
history_p50_ms=0.00
history_p99_ms=0.00
history_max_ms=0.01
serialize_p50_ms=0.09
serialize_p99_ms=0.12
serialize_max_ms=0.13
assembly_p50_ms=9.08
assembly_p99_ms=9.53
assembly_max_ms=10.09
transport_p50_ms=3.94
transport_p99_ms=4.60
transport_max_ms=4.90
egress_p50_ms=3.66
egress_p99_ms=3.83
egress_max_ms=3.88
tick_p50_ms=18.63
tick_p99_ms=19.48
tick_max_ms=20.34
steady_overruns=0
level_mode=0
tick_hz=30
dilation=1
levels=L0:1709
clients_avg=3000
out_pps=180047
in_pps=90103
egress_mbps=1021.1
packets_per_client_tick=2.00
wire_bytes_per_client_tick=1418
down_kbps_per_client=340.4
up_kbps_per_client=12.0
kernel_rcvbuf_drops=0
kernel_sndbuf_drops=0
snapshot_bytes_per_client_tick=1348
near_bytes_per_client_tick=356
near_per_client_tick=64.0
mid_per_client_tick=86.0
far_per_client_tick=0.0
far_skipped=0
far_starved=0
repeated=0
frozen=0
late_inputs=0
discarded_inputs=0
input_wait_p50_ms=49.8
input_wait_p99_ms=66.3
spawns=3000
despawns=3000
joins_deferred=6227
bad_messages=0
recv_errors=0
send_errors=0
datagrams=10755704
sends=5380854
send_syscalls=115259
