minting tokens with the public dev key (--token-key to change)
10000 bots -> 127.0.0.1:40500 on 8 threads, ramp 0/s, 60s, 10000 full + 0 sink bots
[    5s] bots 10000/10000 connected, 10000 welcomed, 0 failed | 21.2 snaps/s/bot, entities/snap near 14.8 mid 23.9 far 24.6 | corrections 0.000/s/bot | down 121 up 9 kbps/bot | rtt 36.2 ms loss 0.00% | input->applied ~ p50 75 p99 152 ms, round trip p50 100 p99 167 ms | joins 10000 (p50 841 p99 1995 ms) | server pace 0.96 level 4, 0 bots bandwidth-degraded | swarm busy 55%, overruns 7
[   10s] bots 10000/10000 connected, 10000 welcomed, 0 failed | 24.5 snaps/s/bot, entities/snap near 15.7 mid 11.1 far 6.0 | corrections 0.000/s/bot | down 72 up 12 kbps/bot | rtt 37.0 ms loss 0.00% | input->applied ~ p50 66 p99 101 ms, round trip p50 100 p99 133 ms | joins 0 (p50 0 p99 0 ms) | server pace 1.00 level 6, 0 bots bandwidth-degraded | swarm busy 56%, overruns 0
[   15s] bots 10000/10000 connected, 10000 welcomed, 0 failed | 18.9 snaps/s/bot, entities/snap near 15.7 mid 11.2 far 6.0 | corrections 0.000/s/bot | down 56 up 11 kbps/bot | rtt 36.2 ms loss 0.00% | input->applied ~ p50 71 p99 102 ms, round trip p50 100 p99 133 ms | joins 0 (p50 0 p99 0 ms) | server pace 1.00 level 6, 0 bots bandwidth-degraded | swarm busy 53%, overruns 0
[   20s] bots 10000/10000 connected, 10000 welcomed, 0 failed | 20.5 snaps/s/bot, entities/snap near 15.7 mid 11.2 far 6.0 | corrections 0.000/s/bot | down 60 up 12 kbps/bot | rtt 35.4 ms loss 0.00% | input->applied ~ p50 71 p99 102 ms, round trip p50 100 p99 133 ms | joins 0 (p50 0 p99 0 ms) | server pace 1.00 level 6, 0 bots bandwidth-degraded | swarm busy 52%, overruns 0
[   25s] bots 10000/10000 connected, 10000 welcomed, 0 failed | 20.6 snaps/s/bot, entities/snap near 15.6 mid 11.2 far 6.0 | corrections 0.000/s/bot | down 60 up 12 kbps/bot | rtt 35.9 ms loss 0.00% | input->applied ~ p50 71 p99 102 ms, round trip p50 100 p99 133 ms | joins 0 (p50 0 p99 0 ms) | server pace 1.00 level 6, 0 bots bandwidth-degraded | swarm busy 52%, overruns 1
[   30s] bots 10000/10000 connected, 10000 welcomed, 0 failed | 17.9 snaps/s/bot, entities/snap near 15.6 mid 11.2 far 6.0 | corrections 0.000/s/bot | down 52 up 11 kbps/bot | rtt 37.6 ms loss 0.00% | input->applied ~ p50 80 p99 119 ms, round trip p50 100 p99 167 ms | joins 0 (p50 0 p99 0 ms) | server pace 0.90 level 7, 0 bots bandwidth-degraded | swarm busy 53%, overruns 7
[   35s] bots 10000/10000 connected, 10000 welcomed, 0 failed | 18.5 snaps/s/bot, entities/snap near 15.7 mid 11.2 far 6.0 | corrections 0.000/s/bot | down 54 up 11 kbps/bot | rtt 38.2 ms loss 0.00% | input->applied ~ p50 86 p99 116 ms, round trip p50 103 p99 135 ms | joins 0 (p50 0 p99 0 ms) | server pace 0.90 level 7, 0 bots bandwidth-degraded | swarm busy 53%, overruns 2
[   40s] bots 10000/10000 connected, 10000 welcomed, 0 failed | 18.4 snaps/s/bot, entities/snap near 15.7 mid 11.2 far 6.0 | corrections 0.000/s/bot | down 54 up 11 kbps/bot | rtt 39.6 ms loss 0.00% | input->applied ~ p50 85 p99 115 ms, round trip p50 100 p99 135 ms | joins 0 (p50 0 p99 0 ms) | server pace 0.90 level 7, 0 bots bandwidth-degraded | swarm busy 53%, overruns 4
[   45s] bots 10000/10000 connected, 10000 welcomed, 0 failed | 15.3 snaps/s/bot, entities/snap near 15.7 mid 11.2 far 6.0 | corrections 0.000/s/bot | down 45 up 9 kbps/bot | rtt 36.2 ms loss 0.00% | input->applied ~ p50 98 p99 144 ms, round trip p50 133 p99 167 ms | joins 0 (p50 0 p99 0 ms) | server pace 0.80 level 8, 0 bots bandwidth-degraded | swarm busy 47%, overruns 1
[   50s] bots 10000/10000 connected, 10000 welcomed, 0 failed | 16.7 snaps/s/bot, entities/snap near 15.7 mid 11.2 far 6.0 | corrections 0.000/s/bot | down 49 up 10 kbps/bot | rtt 35.4 ms loss 0.00% | input->applied ~ p50 92 p99 126 ms, round trip p50 133 p99 136 ms | joins 0 (p50 0 p99 0 ms) | server pace 0.80 level 8, 0 bots bandwidth-degraded | swarm busy 46%, overruns 0
[   55s] bots 10000/10000 connected, 10000 welcomed, 0 failed | 15.6 snaps/s/bot, entities/snap near 15.7 mid 11.2 far 6.0 | corrections 0.000/s/bot | down 46 up 9 kbps/bot | rtt 36.1 ms loss 0.00% | input->applied ~ p50 91 p99 127 ms, round trip p50 133 p99 133 ms | joins 0 (p50 0 p99 0 ms) | server pace 0.80 level 8, 0 bots bandwidth-degraded | swarm busy 45%, overruns 0
[   60s] bots 10000/10000 connected, 10000 welcomed, 0 failed | 16.1 snaps/s/bot, entities/snap near 15.7 mid 11.2 far 6.0 | corrections 0.000/s/bot | down 47 up 10 kbps/bot | rtt 35.3 ms loss 0.00% | input->applied ~ p50 91 p99 126 ms, round trip p50 133 p99 133 ms | joins 0 (p50 0 p99 0 ms) | server pace 0.80 level 8, 0 bots bandwidth-degraded | swarm busy 44%, overruns 0

== bots summary ==
  started 10000 welcomed 10000 failed 0
  join latency ms: p50 841 p99 1995 max 2329 (n=10000)
  corrections 8 (0.00/bot-minute), mean error 0.075 m, max 0.131 m
  snapshots 11252440 (entities per snapshot: near 15.6 mid 12.4 far 7.8), stale 0, unmatched acks 0, resyncs 0
  input -> applied on server (est. RTT/2 + server wait): p50 80.0 p99 134.0 max 170.0 mean 81.0 ms (n=11244411)
    of which server wait (arrival -> applied): p50 61.5 p99 113.2 max 146.0 mean 62.6 ms (n=11244411)
  input -> seen acked (round trip): p50 100.0 p99 167.0 max 201.0 mean 109.9 ms (n=11244669)
  near entity update interval (tracked bots): p50 50.0 p99 50.0 max 250.0 mean 47.7 ms (n=8504865)
  mid entity update interval (tracked bots): p50 250.0 p99 250.0 max 1500.0 mean 221.5 ms (n=6731612)
  far entity update interval (tracked bots): p50 1500.0 p99 3000.0 max 54750.0 mean 1378.3 ms (n=3916734)
  input clock: 50836 extra inputs, 1705032 skipped ticks, 15 backlog skips | near decode errors (tracked bots) 0
  bytes down 4489.1 MB up 801.2 MB | swarm busy 51% of its threads' time, tick overruns 22
