preallocated connections for 10000 clients in 227.975504ms
listening on 127.0.0.1:40500 | spawn Uniform | tiers near 64@150 m, mid 500 m, far 1500 m, budget 6250 B/tick, squads of 4 | 8 rayon threads, 64 shards, 256 accepts/tick, egress SendMmsg | socket buffers rcv 8192 KiB snd 8192 KiB
WARNING: token key is the public dev key; anyone can mint tokens for this server (--token-key)
[    5s] clients 10000 | level 4 (0-4 in window: 30 Hz, dilation 1.0), pace 0.96, 0.0% clients bandwidth-degraded | tick p50 32.84 p99 42.34 max 44.17 ms, 63 overruns | out 225.6k pps 162 kbps/client, 1212 Mbps | in 230.0k pps 16 kbps/client | stand-ins: repeated 0.02% frozen 0.00%, 224 late inputs | per client-tick: 663 B (near 92 B, 98% deltas), near 14.6 mid 23.5 far 24.2, far skipped 0 starved 0 | input wait p50 57.2 p99 132.2 ms | 63682 joins deferred | kernel drops rcv 0 snd 0
         p50/p99 ms: ingress 3.22/6.74  events 2.08/5.80  movement 0.39/1.18  grid 0.23/0.35  history 0.01/0.09  serialize 0.49/1.05  assembly 10.49/14.54  transport 6.51/9.65  egress 8.55/11.69
[   10s] clients 10000 | level 6 (4-6 in window: 20 Hz, dilation 1.0), pace 1.00, 0.0% clients bandwidth-degraded | tick p50 33.59 p99 37.90 max 38.26 ms, 22 overruns | out 236.8k pps 69 kbps/client, 694 Mbps | in 297.4k pps 12 kbps/client | stand-ins: repeated 0.00% frozen 0.00%, 0 late inputs | per client-tick: 331 B (near 96 B, 100% deltas), near 15.7 mid 11.1 far 6.0, far skipped 0 starved 0 | input wait p50 47.8 p99 82.3 ms | 0 joins deferred | kernel drops rcv 0 snd 0
         p50/p99 ms: ingress 4.17/6.25  events 2.32/3.56  movement 0.41/1.13  grid 0.26/0.35  history 0.01/0.01  serialize 0.39/0.94  assembly 9.81/12.52  transport 6.31/8.57  egress 9.66/12.32
[   15s] clients 10000 | level 6 (6-6 in window: 20 Hz, dilation 1.0), pace 1.00, 0.0% clients bandwidth-degraded | tick p50 34.40 p99 39.94 max 44.33 ms, 0 overruns | out 200.0k pps 59 kbps/client, 586 Mbps | in 298.2k pps 12 kbps/client | stand-ins: repeated 0.00% frozen 0.00%, 0 late inputs | per client-tick: 331 B (near 96 B, 100% deltas), near 15.7 mid 11.2 far 6.0, far skipped 0 starved 0 | input wait p50 52.7 p99 82.7 ms | 0 joins deferred | kernel drops rcv 0 snd 0
         p50/p99 ms: ingress 4.64/6.08  events 2.62/3.53  movement 0.41/0.73  grid 0.26/0.38  history 0.01/0.01  serialize 0.37/0.94  assembly 9.79/12.30  transport 6.21/7.66  egress 9.89/13.51
[   20s] clients 10000 | level 6 (6-6 in window: 20 Hz, dilation 1.0), pace 1.00, 0.0% clients bandwidth-degraded | tick p50 33.91 p99 37.74 max 38.10 ms, 0 overruns | out 199.9k pps 59 kbps/client, 586 Mbps | in 298.2k pps 12 kbps/client | stand-ins: repeated 0.00% frozen 0.00%, 0 late inputs | per client-tick: 331 B (near 96 B, 100% deltas), near 15.7 mid 11.2 far 6.0, far skipped 0 starved 0 | input wait p50 52.6 p99 82.9 ms | 0 joins deferred | kernel drops rcv 0 snd 0
         p50/p99 ms: ingress 4.48/5.40  events 2.59/3.55  movement 0.40/1.22  grid 0.25/0.36  history 0.01/0.01  serialize 0.38/0.86  assembly 9.63/12.13  transport 6.01/6.99  egress 9.70/11.81
[   25s] clients 10000 | level 6 (6-6 in window: 20 Hz, dilation 1.0), pace 1.00, 0.0% clients bandwidth-degraded | tick p50 33.51 p99 39.69 max 40.86 ms, 0 overruns | out 200.1k pps 59 kbps/client, 586 Mbps | in 298.4k pps 12 kbps/client | stand-ins: repeated 0.00% frozen 0.00%, 0 late inputs | per client-tick: 330 B (near 96 B, 100% deltas), near 15.6 mid 11.2 far 6.0, far skipped 0 starved 0 | input wait p50 52.5 p99 82.7 ms | 0 joins deferred | kernel drops rcv 0 snd 0
         p50/p99 ms: ingress 4.60/7.92  events 2.57/3.72  movement 0.41/0.56  grid 0.26/0.36  history 0.01/0.01  serialize 0.37/0.81  assembly 9.57/13.19  transport 6.06/7.69  egress 9.47/12.07
[   30s] clients 10000 | level 7 (6-7 in window: 20 Hz, dilation 0.9), pace 0.90, 0.0% clients bandwidth-degraded | tick p50 35.31 p99 65.01 max 65.01 ms, 2 overruns | out 187.4k pps 55 kbps/client, 549 Mbps | in 280.3k pps 11 kbps/client | stand-ins: repeated 0.00% frozen 0.00%, 34 late inputs | per client-tick: 331 B (near 96 B, 100% deltas), near 15.6 mid 11.2 far 6.0, far skipped 0 starved 0 | input wait p50 61.3 p99 98.0 ms | 0 joins deferred | kernel drops rcv 272 snd 0
         p50/p99 ms: ingress 4.73/11.58  events 2.81/7.25  movement 0.43/1.59  grid 0.28/0.42  history 0.01/0.04  serialize 0.37/0.96  assembly 10.13/33.95  transport 6.36/9.72  egress 10.12/13.76
[   35s] clients 10000 | level 7 (7-7 in window: 20 Hz, dilation 0.9), pace 0.90, 0.0% clients bandwidth-degraded | tick p50 36.78 p99 49.61 max 49.61 ms, 0 overruns | out 179.9k pps 53 kbps/client, 528 Mbps | in 270.0k pps 11 kbps/client | stand-ins: repeated 0.00% frozen 0.00%, 0 late inputs | per client-tick: 331 B (near 96 B, 100% deltas), near 15.7 mid 11.2 far 6.0, far skipped 0 starved 0 | input wait p50 65.6 p99 96.7 ms | 0 joins deferred | kernel drops rcv 0 snd 0
         p50/p99 ms: ingress 4.91/9.52  events 2.97/4.69  movement 0.42/1.87  grid 0.29/1.14  history 0.01/0.01  serialize 0.39/1.14  assembly 10.84/21.94  transport 6.59/11.18  egress 9.87/15.54
[   40s] clients 10000 | level 7 (7-7 in window: 20 Hz, dilation 0.9), pace 0.90, 0.0% clients bandwidth-degraded | tick p50 36.43 p99 55.37 max 55.37 ms, 0 overruns | out 180.0k pps 53 kbps/client, 528 Mbps | in 269.8k pps 11 kbps/client | stand-ins: repeated 0.00% frozen 0.00%, 0 late inputs | per client-tick: 331 B (near 96 B, 100% deltas), near 15.7 mid 11.2 far 6.0, far skipped 0 starved 0 | input wait p50 65.2 p99 96.4 ms | 0 joins deferred | kernel drops rcv 0 snd 0
         p50/p99 ms: ingress 4.93/6.45  events 2.93/4.01  movement 0.43/1.71  grid 0.27/1.79  history 0.01/0.02  serialize 0.38/1.14  assembly 10.54/20.57  transport 6.49/11.11  egress 10.06/12.18
[   45s] clients 10000 | level 8 (7-8 in window: 20 Hz, dilation 0.8), pace 0.80, 0.0% clients bandwidth-degraded | tick p50 35.30 p99 73.48 max 73.48 ms, 1 overruns | out 160.5k pps 47 kbps/client, 470 Mbps | in 240.3k pps 10 kbps/client | stand-ins: repeated 0.00% frozen 0.00%, 0 late inputs | per client-tick: 330 B (near 96 B, 100% deltas), near 15.7 mid 11.2 far 6.0, far skipped 0 starved 0 | input wait p50 78.9 p99 123.1 ms | 0 joins deferred | kernel drops rcv 0 snd 0
         p50/p99 ms: ingress 4.60/14.00  events 2.81/4.76  movement 0.41/5.22  grid 0.29/0.44  history 0.01/0.02  serialize 0.38/1.16  assembly 10.02/24.03  transport 6.43/10.17  egress 10.29/20.12
[   50s] clients 10000 | level 8 (8-8 in window: 20 Hz, dilation 0.8), pace 0.80, 0.0% clients bandwidth-degraded | tick p50 34.44 p99 48.27 max 48.27 ms, 0 overruns | out 160.0k pps 47 kbps/client, 469 Mbps | in 240.4k pps 10 kbps/client | stand-ins: repeated 0.00% frozen 0.00%, 0 late inputs | per client-tick: 331 B (near 96 B, 100% deltas), near 15.7 mid 11.2 far 6.0, far skipped 0 starved 0 | input wait p50 73.3 p99 106.9 ms | 0 joins deferred | kernel drops rcv 0 snd 0
         p50/p99 ms: ingress 4.49/5.61  events 2.56/3.72  movement 0.41/0.97  grid 0.27/0.35  history 0.01/0.02  serialize 0.40/1.04  assembly 9.48/19.42  transport 6.26/7.89  egress 10.48/12.63
[   55s] clients 10000 | level 8 (8-8 in window: 20 Hz, dilation 0.8), pace 0.80, 0.0% clients bandwidth-degraded | tick p50 34.40 p99 40.24 max 40.24 ms, 0 overruns | out 160.1k pps 47 kbps/client, 469 Mbps | in 239.9k pps 10 kbps/client | stand-ins: repeated 0.00% frozen 0.00%, 0 late inputs | per client-tick: 330 B (near 96 B, 100% deltas), near 15.7 mid 11.2 far 6.0, far skipped 0 starved 0 | input wait p50 73.4 p99 107.3 ms | 0 joins deferred | kernel drops rcv 0 snd 0
         p50/p99 ms: ingress 4.43/9.89  events 2.60/3.37  movement 0.40/0.75  grid 0.25/0.38  history 0.01/0.01  serialize 0.43/1.09  assembly 9.40/11.04  transport 6.13/7.45  egress 10.60/12.43
[   60s] clients 10000 | level 7 (7-8 in window: 20 Hz, dilation 0.9), pace 0.80, 0.0% clients bandwidth-degraded | tick p50 33.59 p99 37.27 max 37.27 ms, 0 overruns | out 159.9k pps 47 kbps/client, 468 Mbps | in 239.9k pps 10 kbps/client | stand-ins: repeated 0.00% frozen 0.00%, 0 late inputs | per client-tick: 330 B (near 96 B, 100% deltas), near 15.7 mid 11.2 far 6.0, far skipped 0 starved 0 | input wait p50 73.2 p99 107.0 ms | 0 joins deferred | kernel drops rcv 0 snd 0
         p50/p99 ms: ingress 4.40/5.09  events 2.53/3.67  movement 0.39/0.67  grid 0.24/0.41  history 0.00/0.03  serialize 0.40/0.92  assembly 9.43/10.79  transport 6.09/7.42  egress 10.00/11.87
[   60s] clients 0 | level 7 (7-7 in window: 20 Hz, dilation 0.9), pace 0.90, 0.0% clients bandwidth-degraded | tick p50 22.95 p99 32.21 max 32.21 ms, 0 overruns | out 100.7k pps 59 kbps/client, 291 Mbps | in 365.9k pps 14 kbps/client | stand-ins: repeated 0.00% frozen 0.00%, 0 late inputs | per client-tick: 326 B (near 95 B, 100% deltas), near 15.4 mid 11.0 far 5.8, far skipped 0 starved 0 | input wait p50 58.7 p99 76.1 ms | 0 joins deferred | kernel drops rcv 0 snd 0
         p50/p99 ms: ingress 4.03/4.21  events 3.26/16.38  movement 0.45/0.46  grid 0.09/0.25  history 0.00/0.01  serialize 0.44/0.75  assembly 0.23/9.34  transport 0.24/5.30  egress 0.77/8.96

== summary: 1065 steady-state ticks (after warmup, before clients drain), peak 10000 clients ==
  phase        p50 ms   p99 ms   max ms
  ingress        4.55     7.45    14.00
  events         2.63     4.01     7.25
  movement       0.41     1.20     5.22
  grid           0.26     0.39     1.79
  history        0.01     0.01     0.04
  serialize      0.39     1.02     1.16
  assembly       9.82    15.58    33.95
  transport      6.27     9.38    12.99
  egress        10.00    12.65    20.12
  tick          34.56    46.35    73.48
  overruns 52 | spawns 10000 despawns 10000 (63682 joins deferred) | stand-ins: repeated 258 frozen 0 | late inputs 258 discarded 0 | bad messages 0 | recv errors 0 send errors 0
  egress (whole run): 11322801 datagrams in 11322801 sends (1.00 per send), 73792 syscalls
  ticks per ladder level (whole run): L0: 47, L1: 31, L2: 31, L3: 31, L4: 31, L5: 31, L6: 404, L7: 241, L8: 318
  input wait on the server (datagram arrival -> applied): p50 61.5 p99 113.2 max 146.0 mean 62.6 ms
  steady state: stand-ins repeated 252 frozen 0 | late inputs 252 discarded 0
