spawn=uniform
egress=sendmmsg
ladder=on
threads=8
shards=64
peak_clients=10000
steady_ticks=1065
steady_secs=57.0
ingress_p50_ms=4.55
ingress_p99_ms=7.45
ingress_max_ms=14.00
events_p50_ms=2.63
events_p99_ms=4.01
events_max_ms=7.25
movement_p50_ms=0.41
movement_p99_ms=1.20
movement_max_ms=5.22
grid_p50_ms=0.26
grid_p99_ms=0.39
grid_max_ms=1.79
history_p50_ms=0.01
history_p99_ms=0.01
history_max_ms=0.04
serialize_p50_ms=0.39
serialize_p99_ms=1.02
serialize_max_ms=1.16
assembly_p50_ms=9.82
assembly_p99_ms=15.58
assembly_max_ms=33.95
transport_p50_ms=6.27
transport_p99_ms=9.38
transport_max_ms=12.99
egress_p50_ms=10.00
egress_p99_ms=12.65
egress_max_ms=20.12
tick_p50_ms=34.56
tick_p99_ms=46.35
tick_max_ms=73.48
steady_overruns=52
level_mode=6
tick_hz=20
dilation=1
levels=L2:10,L3:31,L4:31,L5:31,L6:404,L7:240,L8:318
clients_avg=10000
out_pps=186947
in_pps=270911
egress_mbps=559.2
packets_per_client_tick=1.00
wire_bytes_per_client_tick=374
down_kbps_per_client=55.9
up_kbps_per_client=10.8
kernel_rcvbuf_drops=272
kernel_sndbuf_drops=0
snapshot_bytes_per_client_tick=338
near_bytes_per_client_tick=96
near_per_client_tick=15.7
mid_per_client_tick=11.5
far_per_client_tick=6.3
far_skipped=0
far_starved=0
repeated=252
frozen=0
late_inputs=252
discarded_inputs=0
input_wait_p50_ms=61.5
input_wait_p99_ms=113.2
spawns=10000
despawns=10000
joins_deferred=63682
bad_messages=0
recv_errors=0
send_errors=0
datagrams=11322801
sends=11322801
send_syscalls=73792
