spawn=blob
egress=sendmmsg
ingress=recvmmsg
rx_gather_us=1000
ladder=on
threads=64
shards=64
sockets=1
peak_clients=1000
steady_ticks=1709
steady_secs=56.9
ingress_p50_ms=0.53
ingress_p99_ms=0.63
ingress_max_ms=0.73
events_p50_ms=0.43
events_p99_ms=0.57
events_max_ms=0.60
movement_p50_ms=0.34
movement_p99_ms=0.37
movement_max_ms=0.47
grid_p50_ms=0.18
grid_p99_ms=0.22
grid_max_ms=0.43
separate_p50_ms=0.16
separate_p99_ms=0.19
separate_max_ms=0.46
history_p50_ms=0.01
history_p99_ms=0.01
history_max_ms=0.02
shots_p50_ms=1.09
shots_p99_ms=1.36
shots_max_ms=1.60
serialize_p50_ms=0.06
serialize_p99_ms=0.10
serialize_max_ms=0.13
assembly_p50_ms=1.33
assembly_p99_ms=2.84
assembly_max_ms=3.30
transport_p50_ms=0.33
transport_p99_ms=0.53
transport_max_ms=0.78
egress_p50_ms=0.55
egress_p99_ms=0.74
egress_max_ms=0.87
tick_p50_ms=5.03
tick_p99_ms=6.92
tick_max_ms=7.38
steady_overruns=0
level_mode=0
tick_hz=30
dilation=1
levels=L0:1709
clients_avg=1000
out_pps=60030
in_pps=30022
egress_mbps=369.6
packets_per_client_tick=2.00
wire_bytes_per_client_tick=1539
down_kbps_per_client=369.6
up_kbps_per_client=15.6
recv_per_call=28.54
ingress_thread_busy_max_pct=5.1
ingress_thread_busy_mean_pct=5.1
kernel_rcvbuf_drops=0
kernel_sndbuf_drops=0
snapshot_bytes_per_client_tick=1472
near_bytes_per_client_tick=387
activity_bytes_per_client_tick=5.4
near_per_client_tick=64.0
mid_per_client_tick=86.0
far_per_client_tick=0.0
near_scanned_per_query=192
mid_scanned_per_query=249
far_skipped=0
far_starved=0
repeated=0
frozen=0
late_inputs=0
discarded_inputs=0
input_wait_p10_ms=36.8
input_wait_p50_ms=49.3
input_wait_p90_ms=63.9
input_wait_p99_ms=67.0
spawns=1000
despawns=1000
deaths=4037
respawns=3761
shots=149726
shots_late=0
shots_refused=2909
rewinds_capped=99164
rewinds_trimmed=0
rewinds_trimmed_mid=0
hits_head=2093
hits_body=28234
hits_ground=86814
hits_cover=7809
projectiles_expired=23444
kills=4037
hits_after_cover=896
hits_too_late=10020
events=72905
tracer_bytes=127971546
activity_cells=1902
activity_sent=1889848
activity_bytes=10283164
activity_cut=0
projectile_segments=4674090
hit_candidates=2561731
trim_excess_p50_steps=0.0
trim_excess_p99_steps=0.0
trim_excess_max_steps=0.0
joins_deferred=57
bad_messages=0
recv_errors=0
send_errors=0
datagrams=3594638
sends=3594638
send_syscalls=115323
rewind_near_p50_ms=242
rewind_near_p99_ms=366
rewind_near_mean_ms=240.0
rewind_mid_p50_ms=367
rewind_mid_p99_ms=433
rewind_mid_mean_ms=359.4
ingress_longest_p50_ms=0.07
ingress_work_p50_ms=2.79
assembly_longest_p50_ms=0.99
assembly_work_p50_ms=33.55
transport_longest_p50_ms=0.18
transport_work_p50_ms=6.91
egress_longest_p50_ms=0.48
egress_work_p50_ms=13.15
