preallocated connections for 10000 clients in 252.769891ms
listening on 172.31.17.93:14500 | spawn Blob | tiers near 64@150 m, mid 500 m, far 1500 m, budget 6250 B/tick, squads of 4 | 64 rayon threads, 64 shards, 1 socket(s), 256 accepts/tick, egress SendMmsg, ingress RecvMmsg | socket buffers rcv 32768 KiB snd 32768 KiB
[    5s] clients 1000 | level 0 (0-0 in window: 30 Hz, dilation 1.0), pace 1.00, 0.0% clients bandwidth-degraded | tick p50 4.33 p99 7.93 max 8.22 ms, 0 overruns | out 52.9k pps 365 kbps/client, 315 Mbps | in 25.7k pps 16 kbps/client, 26.8 per recv, receive thread busy 4% | stand-ins: repeated 0.00% frozen 0.00%, 0 late inputs | per client-tick: 1440 B (near 364 B, 95% deltas), near 64.0 mid 85.8 far 0.0, far skipped 0 starved 0 | input wait p50 49.0 p99 67.1 ms | 57 joins deferred | kernel drops rcv 0 snd 0
         p50/p99 ms: ingress 0.53/0.90  events 0.43/1.42  movement 0.33/0.37  grid 0.17/0.22  separate 0.12/0.18  history 0.01/0.04  shots 0.65/0.93  serialize 0.06/0.10  assembly 1.06/3.79  transport 0.31/1.07  egress 0.55/0.74
[   10s] clients 1000 | level 0 (0-0 in window: 30 Hz, dilation 1.0), pace 1.00, 0.0% clients bandwidth-degraded | tick p50 4.75 p99 7.11 max 7.38 ms, 0 overruns | out 60.0k pps 363 kbps/client, 363 Mbps | in 30.0k pps 15 kbps/client, 28.5 per recv, receive thread busy 5% | stand-ins: repeated 0.00% frozen 0.00%, 0 late inputs | per client-tick: 1448 B (near 370 B, 95% deltas), near 64.0 mid 86.0 far 0.0, far skipped 0 starved 0 | input wait p50 49.4 p99 67.0 ms | 0 joins deferred | kernel drops rcv 0 snd 0
         p50/p99 ms: ingress 0.53/0.63  events 0.43/0.56  movement 0.34/0.38  grid 0.18/0.21  separate 0.14/0.19  history 0.01/0.01  shots 0.78/1.33  serialize 0.06/0.11  assembly 1.44/3.10  transport 0.32/0.54  egress 0.54/0.79
[   15s] clients 1000 | level 0 (0-0 in window: 30 Hz, dilation 1.0), pace 1.00, 0.0% clients bandwidth-degraded | tick p50 5.45 p99 7.19 max 7.37 ms, 0 overruns | out 60.0k pps 374 kbps/client, 374 Mbps | in 30.0k pps 16 kbps/client, 28.6 per recv, receive thread busy 6% | stand-ins: repeated 0.00% frozen 0.00%, 0 late inputs | per client-tick: 1491 B (near 395 B, 98% deltas), near 64.0 mid 86.0 far 0.0, far skipped 0 starved 0 | input wait p50 49.3 p99 67.0 ms | 0 joins deferred | kernel drops rcv 0 snd 0
         p50/p99 ms: ingress 0.53/0.61  events 0.44/0.58  movement 0.34/0.37  grid 0.18/0.21  separate 0.16/0.20  history 0.01/0.01  shots 1.21/1.46  serialize 0.06/0.10  assembly 1.62/3.11  transport 0.35/0.59  egress 0.54/0.72
[   20s] clients 1000 | level 0 (0-0 in window: 30 Hz, dilation 1.0), pace 1.00, 0.0% clients bandwidth-degraded | tick p50 5.05 p99 5.92 max 5.98 ms, 0 overruns | out 60.0k pps 370 kbps/client, 370 Mbps | in 30.0k pps 16 kbps/client, 28.5 per recv, receive thread busy 5% | stand-ins: repeated 0.00% frozen 0.00%, 0 late inputs | per client-tick: 1475 B (near 388 B, 98% deltas), near 64.0 mid 86.0 far 0.0, far skipped 0 starved 0 | input wait p50 49.3 p99 67.0 ms | 0 joins deferred | kernel drops rcv 0 snd 0
         p50/p99 ms: ingress 0.53/0.63  events 0.45/0.56  movement 0.33/0.36  grid 0.18/0.21  separate 0.16/0.19  history 0.01/0.01  shots 1.11/1.32  serialize 0.06/0.10  assembly 1.32/1.90  transport 0.32/0.50  egress 0.55/0.79
[   25s] clients 1000 | level 0 (0-0 in window: 30 Hz, dilation 1.0), pace 1.00, 0.0% clients bandwidth-degraded | tick p50 4.88 p99 5.39 max 5.50 ms, 0 overruns | out 60.0k pps 368 kbps/client, 368 Mbps | in 30.0k pps 16 kbps/client, 28.4 per recv, receive thread busy 5% | stand-ins: repeated 0.00% frozen 0.00%, 0 late inputs | per client-tick: 1467 B (near 383 B, 98% deltas), near 64.0 mid 86.0 far 0.0, far skipped 0 starved 0 | input wait p50 49.3 p99 67.0 ms | 0 joins deferred | kernel drops rcv 0 snd 0
         p50/p99 ms: ingress 0.52/0.62  events 0.43/0.56  movement 0.34/0.37  grid 0.18/0.22  separate 0.16/0.19  history 0.01/0.01  shots 1.11/1.22  serialize 0.06/0.10  assembly 1.17/1.60  transport 0.33/0.48  egress 0.54/0.73
[   30s] clients 1000 | level 0 (0-0 in window: 30 Hz, dilation 1.0), pace 1.00, 0.0% clients bandwidth-degraded | tick p50 4.99 p99 5.63 max 5.74 ms, 0 overruns | out 60.0k pps 371 kbps/client, 371 Mbps | in 30.0k pps 16 kbps/client, 28.6 per recv, receive thread busy 5% | stand-ins: repeated 0.00% frozen 0.00%, 0 late inputs | per client-tick: 1477 B (near 389 B, 98% deltas), near 64.0 mid 86.0 far 0.0, far skipped 0 starved 0 | input wait p50 49.3 p99 67.0 ms | 0 joins deferred | kernel drops rcv 0 snd 0
         p50/p99 ms: ingress 0.53/0.64  events 0.44/0.58  movement 0.34/0.37  grid 0.18/0.23  separate 0.16/0.19  history 0.01/0.01  shots 1.11/1.41  serialize 0.06/0.10  assembly 1.23/1.89  transport 0.34/0.55  egress 0.55/0.79
[   35s] clients 1000 | level 0 (0-0 in window: 30 Hz, dilation 1.0), pace 1.00, 0.0% clients bandwidth-degraded | tick p50 4.92 p99 5.57 max 5.58 ms, 0 overruns | out 60.0k pps 370 kbps/client, 370 Mbps | in 30.0k pps 16 kbps/client, 28.5 per recv, receive thread busy 5% | stand-ins: repeated 0.00% frozen 0.00%, 0 late inputs | per client-tick: 1472 B (near 388 B, 98% deltas), near 64.0 mid 86.0 far 0.0, far skipped 0 starved 0 | input wait p50 49.3 p99 67.0 ms | 0 joins deferred | kernel drops rcv 0 snd 0
         p50/p99 ms: ingress 0.54/0.63  events 0.43/0.55  movement 0.33/0.37  grid 0.18/0.39  separate 0.16/0.19  history 0.01/0.01  shots 1.09/1.43  serialize 0.06/0.10  assembly 1.21/1.68  transport 0.32/0.54  egress 0.54/0.69
[   40s] clients 1000 | level 0 (0-0 in window: 30 Hz, dilation 1.0), pace 1.00, 0.0% clients bandwidth-degraded | tick p50 5.00 p99 5.61 max 5.75 ms, 0 overruns | out 60.0k pps 371 kbps/client, 371 Mbps | in 30.0k pps 16 kbps/client, 28.6 per recv, receive thread busy 5% | stand-ins: repeated 0.00% frozen 0.00%, 0 late inputs | per client-tick: 1478 B (near 391 B, 98% deltas), near 64.0 mid 86.0 far 0.0, far skipped 0 starved 0 | input wait p50 49.3 p99 67.0 ms | 0 joins deferred | kernel drops rcv 0 snd 0
         p50/p99 ms: ingress 0.53/0.60  events 0.42/0.57  movement 0.34/0.39  grid 0.18/0.21  separate 0.16/0.19  history 0.01/0.01  shots 1.10/1.28  serialize 0.06/0.10  assembly 1.30/1.71  transport 0.33/0.52  egress 0.55/0.69
[   45s] clients 1000 | level 0 (0-0 in window: 30 Hz, dilation 1.0), pace 1.00, 0.0% clients bandwidth-degraded | tick p50 5.02 p99 5.63 max 5.64 ms, 0 overruns | out 60.0k pps 371 kbps/client, 371 Mbps | in 30.0k pps 16 kbps/client, 28.6 per recv, receive thread busy 5% | stand-ins: repeated 0.00% frozen 0.00%, 0 late inputs | per client-tick: 1477 B (near 395 B, 98% deltas), near 64.0 mid 86.0 far 0.0, far skipped 0 starved 0 | input wait p50 49.4 p99 67.1 ms | 0 joins deferred | kernel drops rcv 0 snd 0
         p50/p99 ms: ingress 0.53/0.64  events 0.43/0.57  movement 0.34/0.37  grid 0.18/0.22  separate 0.16/0.20  history 0.01/0.01  shots 1.06/1.25  serialize 0.06/0.11  assembly 1.32/1.89  transport 0.32/0.47  egress 0.55/0.76
[   50s] clients 1000 | level 0 (0-0 in window: 30 Hz, dilation 1.0), pace 1.00, 0.0% clients bandwidth-degraded | tick p50 5.22 p99 5.92 max 5.99 ms, 0 overruns | out 60.0k pps 372 kbps/client, 372 Mbps | in 30.0k pps 16 kbps/client, 28.6 per recv, receive thread busy 5% | stand-ins: repeated 0.00% frozen 0.00%, 0 late inputs | per client-tick: 1484 B (near 398 B, 98% deltas), near 64.0 mid 86.0 far 0.0, far skipped 0 starved 0 | input wait p50 49.3 p99 67.1 ms | 0 joins deferred | kernel drops rcv 0 snd 0
         p50/p99 ms: ingress 0.53/0.65  events 0.43/0.56  movement 0.33/0.37  grid 0.18/0.22  separate 0.16/0.19  history 0.01/0.01  shots 1.08/1.33  serialize 0.06/0.10  assembly 1.48/1.91  transport 0.32/0.63  egress 0.55/0.75
[   55s] clients 1000 | level 0 (0-0 in window: 30 Hz, dilation 1.0), pace 1.00, 0.0% clients bandwidth-degraded | tick p50 5.12 p99 5.70 max 5.78 ms, 0 overruns | out 60.0k pps 372 kbps/client, 372 Mbps | in 30.0k pps 16 kbps/client, 28.5 per recv, receive thread busy 5% | stand-ins: repeated 0.00% frozen 0.00%, 0 late inputs | per client-tick: 1482 B (near 398 B, 98% deltas), near 64.0 mid 86.0 far 0.0, far skipped 0 starved 0 | input wait p50 49.4 p99 67.1 ms | 0 joins deferred | kernel drops rcv 0 snd 0
         p50/p99 ms: ingress 0.53/0.68  events 0.43/0.58  movement 0.33/0.37  grid 0.18/0.21  separate 0.16/0.18  history 0.01/0.01  shots 1.05/1.34  serialize 0.06/0.10  assembly 1.45/1.92  transport 0.33/0.51  egress 0.54/0.68
[   60s] clients 1000 | level 0 (0-0 in window: 30 Hz, dilation 1.0), pace 1.00, 0.0% clients bandwidth-degraded | tick p50 5.14 p99 5.74 max 5.81 ms, 0 overruns | out 60.0k pps 372 kbps/client, 372 Mbps | in 30.0k pps 16 kbps/client, 28.5 per recv, receive thread busy 5% | stand-ins: repeated 0.00% frozen 0.00%, 0 late inputs | per client-tick: 1483 B (near 399 B, 98% deltas), near 64.0 mid 86.0 far 0.0, far skipped 0 starved 0 | input wait p50 49.4 p99 67.1 ms | 0 joins deferred | kernel drops rcv 0 snd 0
         p50/p99 ms: ingress 0.53/0.61  events 0.45/0.58  movement 0.33/0.38  grid 0.18/0.22  separate 0.16/0.19  history 0.01/0.01  shots 1.07/1.37  serialize 0.06/0.10  assembly 1.43/1.83  transport 0.33/0.55  egress 0.55/0.77
[   61s] clients 0 | level 0 (0-0 in window: 30 Hz, dilation 1.0), pace 1.00, 0.0% clients bandwidth-degraded | tick p50 4.74 p99 5.69 max 5.69 ms, 0 overruns | out 49.0k pps 376 kbps/client, 308 Mbps | in 33.9k pps 18 kbps/client, 30.2 per recv, receive thread busy 5% | stand-ins: repeated 0.00% frozen 0.00%, 0 late inputs | per client-tick: 1493 B (near 420 B, 94% deltas), near 64.0 mid 85.1 far 0.0, far skipped 0 starved 0 | input wait p50 49.5 p99 67.2 ms | 0 joins deferred | kernel drops rcv 0 snd 0
         p50/p99 ms: ingress 0.52/0.73  events 0.41/1.76  movement 0.34/0.36  grid 0.17/0.18  separate 0.16/0.17  history 0.01/0.01  shots 1.05/1.10  serialize 0.06/0.09  assembly 1.11/1.26  transport 0.31/0.51  egress 0.50/0.58

== summary: 1709 steady-state ticks (after warmup, before clients drain), peak 1000 clients ==
  phase        p50 ms   p99 ms   max ms
  ingress        0.53     0.63     0.73
  events         0.43     0.57     0.60
  movement       0.34     0.37     0.47
  grid           0.18     0.22     0.43
  separate       0.16     0.19     0.46
  history        0.01     0.01     0.02
  shots          1.09     1.36     1.60
  serialize      0.06     0.10     0.13
  assembly       1.33     2.84     3.30
  transport      0.33     0.53     0.78
  egress         0.55     0.74     0.87
  tick           5.03     6.92     7.38
  overruns 0 | spawns 1000 despawns 1000 (57 joins deferred) | deaths 4037 respawns 3761 | stand-ins: repeated 0 frozen 0 | late inputs 0 discarded 0 | bad messages 0 | recv errors 0 send errors 0
  egress (whole run): 3594638 datagrams in 3594638 sends (1.00 per send), 115323 syscalls
  ingress (whole run): 1796689 datagrams in 63193 receive calls (28.43 per call)
  ticks per ladder level (whole run): L0: 1818
  input wait on the server (datagram arrival -> applied): p50 49.3 p99 67.0 max 85.3 mean 49.9 ms
  steady state: stand-ins repeated 0 frozen 0 | late inputs 0 discarded 0
  rewind of near targets (applied step - the input's render step for that tier): p50 242 p99 366 max 367 mean 240.0 ms (n=1776930)
  rewind of mid/far targets (applied step - the input's render step for that tier): p50 367 p99 433 max 435 mean 359.4 ms (n=1776930)
  render times ahead of the server (bogus) 0
  shots 149726 (late 0, refused 2909, rewinds capped 99164) | hits head 2093 body 28234 (after cover 896, too late 10020), kills 4037 | ground 86814 cover 7809 expired 23444 | segments 4674090 candidates 2561731
