minting tokens with the public dev key (--token-key to change)
1000 bots -> 127.0.0.1:40500 on 8 threads, ramp 0/s, 60s, 1000 full + 0 sink bots
[    5s] bots 1000/1000 connected, 1000 welcomed, 0 failed | 25.6 snaps/s/bot, entities/snap near 65.3 mid 87.7 far 0.0 | corrections 0.000/s/bot | down 319 up 13 kbps/bot | rtt 84.2 ms loss 0.04% | input->applied ~ p50 84 p99 123 ms, round trip p50 133 p99 167 ms | joins 1000 (p50 369 p99 636 ms) | server pace 1.00 level 0, 0 bots bandwidth-degraded | swarm busy 10%, overruns 7
[   10s] bots 1000/1000 connected, 1000 welcomed, 0 failed | 30.9 snaps/s/bot, entities/snap near 64.0 mid 86.0 far 0.0 | corrections 0.000/s/bot | down 373 up 16 kbps/bot | rtt 84.3 ms loss 0.56% | input->applied ~ p50 83 p99 120 ms, round trip p50 133 p99 167 ms | joins 0 (p50 0 p99 0 ms) | server pace 1.00 level 0, 0 bots bandwidth-degraded | swarm busy 9%, overruns 0
[   15s] bots 1000/1000 connected, 1000 welcomed, 0 failed | 29.1 snaps/s/bot, entities/snap near 64.0 mid 86.0 far 0.0 | corrections 0.001/s/bot | down 351 up 15 kbps/bot | rtt 84.1 ms loss 0.50% | input->applied ~ p50 83 p99 120 ms, round trip p50 133 p99 167 ms | joins 0 (p50 0 p99 0 ms) | server pace 1.00 level 0, 0 bots bandwidth-degraded | swarm busy 9%, overruns 0
[   20s] bots 1000/1000 connected, 1000 welcomed, 0 failed | 30.2 snaps/s/bot, entities/snap near 64.0 mid 86.0 far 0.0 | corrections 0.001/s/bot | down 364 up 15 kbps/bot | rtt 84.2 ms loss 0.47% | input->applied ~ p50 84 p99 120 ms, round trip p50 133 p99 167 ms | joins 0 (p50 0 p99 0 ms) | server pace 1.00 level 0, 0 bots bandwidth-degraded | swarm busy 9%, overruns 0
[   25s] bots 1000/1000 connected, 1000 welcomed, 0 failed | 30.2 snaps/s/bot, entities/snap near 64.0 mid 86.0 far 0.0 | corrections 0.001/s/bot | down 364 up 15 kbps/bot | rtt 84.0 ms loss 0.50% | input->applied ~ p50 84 p99 121 ms, round trip p50 133 p99 167 ms | joins 0 (p50 0 p99 0 ms) | server pace 1.00 level 0, 0 bots bandwidth-degraded | swarm busy 9%, overruns 0
[   30s] bots 1000/1000 connected, 1000 welcomed, 0 failed | 28.8 snaps/s/bot, entities/snap near 64.0 mid 86.0 far 0.0 | corrections 0.000/s/bot | down 347 up 14 kbps/bot | rtt 84.1 ms loss 0.53% | input->applied ~ p50 84 p99 120 ms, round trip p50 133 p99 167 ms | joins 0 (p50 0 p99 0 ms) | server pace 1.00 level 0, 0 bots bandwidth-degraded | swarm busy 9%, overruns 0
[   35s] bots 1000/1000 connected, 1000 welcomed, 0 failed | 30.4 snaps/s/bot, entities/snap near 64.0 mid 86.0 far 0.0 | corrections 0.001/s/bot | down 366 up 15 kbps/bot | rtt 84.2 ms loss 0.51% | input->applied ~ p50 84 p99 121 ms, round trip p50 133 p99 167 ms | joins 0 (p50 0 p99 0 ms) | server pace 1.00 level 0, 0 bots bandwidth-degraded | swarm busy 9%, overruns 0
[   40s] bots 1000/1000 connected, 1000 welcomed, 0 failed | 29.9 snaps/s/bot, entities/snap near 64.0 mid 86.0 far 0.0 | corrections 0.000/s/bot | down 360 up 15 kbps/bot | rtt 84.0 ms loss 0.53% | input->applied ~ p50 83 p99 120 ms, round trip p50 133 p99 167 ms | joins 0 (p50 0 p99 0 ms) | server pace 1.00 level 0, 0 bots bandwidth-degraded | swarm busy 9%, overruns 0
[   45s] bots 1000/1000 connected, 1000 welcomed, 0 failed | 29.9 snaps/s/bot, entities/snap near 64.0 mid 86.0 far 0.0 | corrections 0.001/s/bot | down 360 up 15 kbps/bot | rtt 84.2 ms loss 0.48% | input->applied ~ p50 84 p99 121 ms, round trip p50 133 p99 167 ms | joins 0 (p50 0 p99 0 ms) | server pace 1.00 level 0, 0 bots bandwidth-degraded | swarm busy 10%, overruns 0
[   50s] bots 1000/1000 connected, 1000 welcomed, 0 failed | 29.8 snaps/s/bot, entities/snap near 64.0 mid 86.0 far 0.0 | corrections 0.001/s/bot | down 359 up 15 kbps/bot | rtt 84.1 ms loss 0.52% | input->applied ~ p50 84 p99 121 ms, round trip p50 133 p99 167 ms | joins 0 (p50 0 p99 0 ms) | server pace 1.00 level 0, 0 bots bandwidth-degraded | swarm busy 9%, overruns 0
[   55s] bots 1000/1000 connected, 1000 welcomed, 0 failed | 29.9 snaps/s/bot, entities/snap near 64.0 mid 86.0 far 0.0 | corrections 0.001/s/bot | down 361 up 15 kbps/bot | rtt 84.2 ms loss 0.51% | input->applied ~ p50 83 p99 121 ms, round trip p50 133 p99 167 ms | joins 0 (p50 0 p99 0 ms) | server pace 1.00 level 0, 0 bots bandwidth-degraded | swarm busy 9%, overruns 0
[   60s] bots 1000/1000 connected, 1000 welcomed, 0 failed | 29.5 snaps/s/bot, entities/snap near 64.0 mid 86.0 far 0.0 | corrections 0.001/s/bot | down 356 up 15 kbps/bot | rtt 84.2 ms loss 0.50% | input->applied ~ p50 84 p99 121 ms, round trip p50 133 p99 167 ms | joins 0 (p50 0 p99 0 ms) | server pace 1.00 level 0, 0 bots bandwidth-degraded | swarm busy 9%, overruns 0

== bots summary ==
  started 1000 welcomed 1000 failed 0
  join latency ms: p50 369 p99 636 max 735 (n=1000)
  corrections 41 (0.04/bot-minute), mean error 0.065 m, max 0.144 m
  push corrections (the server pushed us apart from a crowd) 27332 (27.33/bot-minute), max 0.393 m
  snapshots 1779570 (entities per snapshot: near 64.1 mid 86.1 far 0.0), stale 25, unmatched acks 0, resyncs 0
  input -> applied on server (est. RTT/2 + server wait): p50 84.0 p99 121.0 max 165.0 mean 88.8 ms (n=1775784)
    of which server wait (arrival -> applied): p50 41.8 p99 78.6 max 123.8 mean 46.7 ms (n=1775784)
  input -> seen acked (round trip): p50 133.0 p99 167.0 max 240.0 mean 145.9 ms (n=1776903)
  near entity update interval (tracked bots): p50 66.0 p99 66.0 max 266.0 mean 53.5 ms (n=5688608)
  mid entity update interval (tracked bots): p50 100.0 p99 100.0 max 2200.0 mean 100.9 ms (n=7605555)
  far entity update interval (tracked bots): p50 0.0 p99 0.0 max 0.0 mean 0.0 ms (n=0)
  near drawn (tracked bots): 98.40% interpolated, 1.47% extrapolated, 0.00% held, 0.13% new | pops p50 0 p99 23 max 904 mm
  mid drawn (tracked bots): 96.06% interpolated, 1.30% extrapolated, 1.50% held, 1.14% new | pops p50 0 p99 0 max 15881 mm
  far drawn (tracked bots): 0.00% interpolated, 0.00% extrapolated, 0.00% held, 0.00% new | pops p50 0 p99 0 max 0 mm
  render delay (near) 66.8 ms behind the newest step, clock snaps 0 (backwards 0)
  input clock: 13798 extra inputs, 12982 skipped ticks, 0 backlog skips | near decode errors (tracked bots) 0
  bytes down 2687.6 MB up 111.9 MB | swarm busy 9% of its threads' time, tick overruns 7
