started=1000
welcomed=1000
failed=0
join_p50_ms=369
join_p99_ms=636
join_max_ms=735
corrections=41
corrections_per_bot_minute=0.041
correction_max_m=0.144
push_corrections=27332
push_corrections_per_bot_minute=27.332
push_max_m=0.393
snapshots=1779570
near_per_snapshot=64.1
mid_per_snapshot=86.1
far_per_snapshot=0.0
stale_snapshots=25
resyncs=0
input_applied_p50_ms=84.0
input_applied_p99_ms=121.0
input_applied_mean_ms=88.8
server_wait_p50_ms=41.8
server_wait_p99_ms=78.6
server_wait_mean_ms=46.7
round_trip_p50_ms=133.0
round_trip_p99_ms=167.0
round_trip_mean_ms=145.9
near_interval_p50_ms=66.0
near_interval_p99_ms=66.0
near_interval_mean_ms=53.5
mid_interval_p50_ms=100.0
mid_interval_p99_ms=100.0
mid_interval_mean_ms=100.9
far_interval_p50_ms=0.0
far_interval_p99_ms=0.0
far_interval_mean_ms=0.0
near_interpolated_pct=98.40
near_extrapolated_pct=1.47
near_held_pct=0.00
near_new_pct=0.13
near_pop_p50_mm=0
near_pop_p99_mm=23
mid_interpolated_pct=96.06
mid_extrapolated_pct=1.30
mid_held_pct=1.50
mid_new_pct=1.14
mid_pop_p50_mm=0
mid_pop_p99_mm=0
far_interpolated_pct=0.00
far_extrapolated_pct=0.00
far_held_pct=0.00
far_new_pct=0.00
far_pop_p50_mm=0
far_pop_p99_mm=0
render_delay_ms=66.8
render_snaps=0
render_backwards=0
clock_extra=13798
clock_skipped=12982
backlog_skips=0
near_decode_errors=0
bytes_down_mb=2687.6
bytes_up_mb=111.9
swarm_busy_pct=9
swarm_overruns=7
