preallocated connections for 10000 clients in 257.284634ms
listening on 127.0.0.1:40500 | spawn Blob | tiers near 64@150 m, mid 500 m, far 1500 m, budget 6250 B/tick, squads of 4 | 8 rayon threads, 64 shards, 1 socket(s), 256 accepts/tick, egress SendMmsg | socket buffers rcv 8192 KiB snd 8192 KiB
WARNING: token key is the public dev key; anyone can mint tokens for this server (--token-key)
[    5s] clients 1000 | level 0 (0-0 in window: 30 Hz, dilation 1.0), pace 1.00, 0.0% clients bandwidth-degraded | tick p50 8.53 p99 10.26 max 30.32 ms, 0 overruns | out 55.0k pps 369 kbps/client, 333 Mbps | in 26.7k pps 16 kbps/client | stand-ins: repeated 0.06% frozen 0.00%, 80 late inputs | per client-tick: 1463 B (near 458 B, 95% deltas), near 64.0 mid 85.9 far 0.0, far skipped 0 starved 0 | input wait p50 41.4 p99 78.2 ms | 377 joins deferred | kernel drops rcv 0 snd 0
         p50/p99 ms: ingress 0.41/0.76  events 0.12/1.52  movement 0.26/0.50  grid 0.16/0.41  separate 0.31/0.47  history 0.00/0.01  serialize 0.04/0.16  assembly 2.32/3.21  transport 0.99/1.89  egress 3.77/4.53
[   10s] clients 1000 | level 0 (0-0 in window: 30 Hz, dilation 1.0), pace 1.00, 0.0% clients bandwidth-degraded | tick p50 8.41 p99 9.59 max 9.91 ms, 0 overruns | out 60.0k pps 361 kbps/client, 361 Mbps | in 29.7k pps 15 kbps/client | stand-ins: repeated 0.06% frozen 0.00%, 88 late inputs | per client-tick: 1441 B (near 435 B, 99% deltas), near 64.0 mid 86.0 far 0.0, far skipped 0 starved 0 | input wait p50 41.4 p99 77.6 ms | 0 joins deferred | kernel drops rcv 0 snd 0
         p50/p99 ms: ingress 0.41/0.93  events 0.11/0.34  movement 0.26/0.54  grid 0.15/0.35  separate 0.31/0.65  history 0.00/0.00  serialize 0.04/0.13  assembly 2.28/2.89  transport 0.98/1.43  egress 3.76/4.57
[   15s] clients 1000 | level 0 (0-0 in window: 30 Hz, dilation 1.0), pace 1.00, 0.0% clients bandwidth-degraded | tick p50 8.40 p99 9.90 max 9.98 ms, 0 overruns | out 60.0k pps 362 kbps/client, 362 Mbps | in 29.7k pps 15 kbps/client | stand-ins: repeated 0.06% frozen 0.00%, 97 late inputs | per client-tick: 1442 B (near 436 B, 99% deltas), near 64.0 mid 86.0 far 0.0, far skipped 0 starved 0 | input wait p50 41.7 p99 78.1 ms | 0 joins deferred | kernel drops rcv 0 snd 0
         p50/p99 ms: ingress 0.40/0.82  events 0.11/0.35  movement 0.26/0.43  grid 0.15/0.44  separate 0.31/0.52  history 0.00/0.00  serialize 0.04/0.09  assembly 2.34/2.88  transport 0.98/1.33  egress 3.79/4.41
[   20s] clients 1000 | level 0 (0-0 in window: 30 Hz, dilation 1.0), pace 1.00, 0.0% clients bandwidth-degraded | tick p50 8.39 p99 9.64 max 9.84 ms, 0 overruns | out 60.0k pps 361 kbps/client, 361 Mbps | in 29.6k pps 15 kbps/client | stand-ins: repeated 0.05% frozen 0.00%, 77 late inputs | per client-tick: 1441 B (near 435 B, 99% deltas), near 64.0 mid 86.0 far 0.0, far skipped 0 starved 0 | input wait p50 41.8 p99 78.4 ms | 0 joins deferred | kernel drops rcv 0 snd 0
         p50/p99 ms: ingress 0.40/0.71  events 0.11/0.40  movement 0.26/0.45  grid 0.15/0.41  separate 0.31/0.46  history 0.00/0.00  serialize 0.04/0.15  assembly 2.31/2.89  transport 0.99/1.34  egress 3.74/4.60
[   25s] clients 1000 | level 0 (0-0 in window: 30 Hz, dilation 1.0), pace 1.00, 0.0% clients bandwidth-degraded | tick p50 8.36 p99 9.86 max 10.19 ms, 0 overruns | out 60.0k pps 362 kbps/client, 362 Mbps | in 29.6k pps 15 kbps/client | stand-ins: repeated 0.07% frozen 0.00%, 106 late inputs | per client-tick: 1442 B (near 436 B, 99% deltas), near 64.0 mid 86.0 far 0.0, far skipped 0 starved 0 | input wait p50 41.9 p99 78.9 ms | 0 joins deferred | kernel drops rcv 0 snd 0
         p50/p99 ms: ingress 0.40/0.78  events 0.11/0.46  movement 0.27/0.47  grid 0.15/0.34  separate 0.30/0.52  history 0.00/0.00  serialize 0.04/0.12  assembly 2.31/2.76  transport 0.99/1.33  egress 3.78/4.53
[   30s] clients 1000 | level 0 (0-0 in window: 30 Hz, dilation 1.0), pace 1.00, 0.0% clients bandwidth-degraded | tick p50 8.38 p99 9.56 max 9.98 ms, 0 overruns | out 60.0k pps 362 kbps/client, 362 Mbps | in 29.6k pps 15 kbps/client | stand-ins: repeated 0.08% frozen 0.00%, 113 late inputs | per client-tick: 1442 B (near 436 B, 99% deltas), near 64.0 mid 86.0 far 0.0, far skipped 0 starved 0 | input wait p50 42.0 p99 78.7 ms | 0 joins deferred | kernel drops rcv 0 snd 0
         p50/p99 ms: ingress 0.40/1.02  events 0.11/0.29  movement 0.26/0.37  grid 0.14/0.42  separate 0.31/0.55  history 0.00/0.02  serialize 0.04/0.08  assembly 2.32/3.02  transport 0.95/1.25  egress 3.77/4.43
[   35s] clients 1000 | level 0 (0-0 in window: 30 Hz, dilation 1.0), pace 1.00, 0.0% clients bandwidth-degraded | tick p50 8.46 p99 9.83 max 10.22 ms, 0 overruns | out 60.0k pps 361 kbps/client, 361 Mbps | in 29.6k pps 15 kbps/client | stand-ins: repeated 0.07% frozen 0.00%, 97 late inputs | per client-tick: 1440 B (near 434 B, 99% deltas), near 64.0 mid 86.0 far 0.0, far skipped 0 starved 0 | input wait p50 41.9 p99 78.8 ms | 0 joins deferred | kernel drops rcv 0 snd 0
         p50/p99 ms: ingress 0.41/0.93  events 0.12/0.20  movement 0.26/0.50  grid 0.15/0.28  separate 0.31/0.49  history 0.00/0.01  serialize 0.04/0.08  assembly 2.36/3.08  transport 0.97/1.34  egress 3.78/4.44
[   40s] clients 1000 | level 0 (0-0 in window: 30 Hz, dilation 1.0), pace 1.00, 0.0% clients bandwidth-degraded | tick p50 8.39 p99 9.40 max 9.45 ms, 0 overruns | out 60.0k pps 362 kbps/client, 362 Mbps | in 29.6k pps 15 kbps/client | stand-ins: repeated 0.06% frozen 0.00%, 85 late inputs | per client-tick: 1441 B (near 435 B, 99% deltas), near 64.0 mid 86.0 far 0.0, far skipped 0 starved 0 | input wait p50 41.9 p99 78.6 ms | 0 joins deferred | kernel drops rcv 0 snd 0
         p50/p99 ms: ingress 0.40/0.95  events 0.12/0.29  movement 0.26/0.48  grid 0.15/0.37  separate 0.30/0.45  history 0.00/0.01  serialize 0.04/0.08  assembly 2.31/2.68  transport 0.98/1.28  egress 3.74/4.32
[   45s] clients 1000 | level 0 (0-0 in window: 30 Hz, dilation 1.0), pace 1.00, 0.0% clients bandwidth-degraded | tick p50 8.45 p99 16.75 max 22.33 ms, 0 overruns | out 60.0k pps 362 kbps/client, 362 Mbps | in 29.6k pps 15 kbps/client | stand-ins: repeated 0.07% frozen 0.00%, 105 late inputs | per client-tick: 1443 B (near 437 B, 99% deltas), near 64.0 mid 86.0 far 0.0, far skipped 0 starved 0 | input wait p50 42.0 p99 78.9 ms | 0 joins deferred | kernel drops rcv 0 snd 0
         p50/p99 ms: ingress 0.40/0.80  events 0.12/0.22  movement 0.26/0.40  grid 0.15/0.33  separate 0.31/0.57  history 0.00/0.00  serialize 0.04/0.09  assembly 2.34/3.06  transport 0.98/1.28  egress 3.80/10.96
[   50s] clients 1000 | level 0 (0-0 in window: 30 Hz, dilation 1.0), pace 1.00, 0.0% clients bandwidth-degraded | tick p50 8.47 p99 10.46 max 10.80 ms, 0 overruns | out 60.0k pps 362 kbps/client, 362 Mbps | in 29.6k pps 15 kbps/client | stand-ins: repeated 0.06% frozen 0.00%, 88 late inputs | per client-tick: 1443 B (near 437 B, 99% deltas), near 64.0 mid 86.0 far 0.0, far skipped 0 starved 0 | input wait p50 42.0 p99 78.9 ms | 0 joins deferred | kernel drops rcv 0 snd 0
         p50/p99 ms: ingress 0.40/0.90  events 0.11/0.27  movement 0.26/0.47  grid 0.15/0.34  separate 0.31/0.45  history 0.00/0.00  serialize 0.04/0.09  assembly 2.29/2.83  transport 1.00/1.30  egress 3.80/4.93
[   55s] clients 1000 | level 0 (0-0 in window: 30 Hz, dilation 1.0), pace 1.00, 0.0% clients bandwidth-degraded | tick p50 8.44 p99 9.65 max 9.68 ms, 0 overruns | out 60.0k pps 361 kbps/client, 361 Mbps | in 29.6k pps 15 kbps/client | stand-ins: repeated 0.06% frozen 0.00%, 93 late inputs | per client-tick: 1441 B (near 435 B, 99% deltas), near 64.0 mid 86.0 far 0.0, far skipped 0 starved 0 | input wait p50 41.9 p99 78.6 ms | 0 joins deferred | kernel drops rcv 0 snd 0
         p50/p99 ms: ingress 0.40/0.76  events 0.11/0.30  movement 0.26/0.46  grid 0.15/0.42  separate 0.31/0.49  history 0.00/0.00  serialize 0.04/0.12  assembly 2.35/2.88  transport 0.98/1.31  egress 3.78/4.51
[   60s] clients 1000 | level 0 (0-0 in window: 30 Hz, dilation 1.0), pace 1.00, 0.0% clients bandwidth-degraded | tick p50 8.49 p99 9.71 max 10.82 ms, 0 overruns | out 60.0k pps 362 kbps/client, 362 Mbps | in 29.6k pps 15 kbps/client | stand-ins: repeated 0.06% frozen 0.00%, 93 late inputs | per client-tick: 1442 B (near 436 B, 99% deltas), near 64.0 mid 86.0 far 0.0, far skipped 0 starved 0 | input wait p50 42.0 p99 78.9 ms | 0 joins deferred | kernel drops rcv 0 snd 0
         p50/p99 ms: ingress 0.40/0.72  events 0.12/0.38  movement 0.26/0.41  grid 0.16/0.46  separate 0.31/0.48  history 0.00/0.00  serialize 0.04/0.16  assembly 2.35/2.96  transport 0.99/1.66  egress 3.76/4.40
[   60s] clients 0 | level 0 (0-0 in window: 30 Hz, dilation 1.0), pace 1.00, 0.0% clients bandwidth-degraded | tick p50 6.46 p99 8.28 max 8.28 ms, 0 overruns | out 32.6k pps 371 kbps/client, 199 Mbps | in 39.9k pps 22 kbps/client | stand-ins: repeated 0.05% frozen 0.00%, 4 late inputs | per client-tick: 1417 B (near 451 B, 95% deltas), near 63.2 mid 82.4 far 0.0, far skipped 0 starved 0 | input wait p50 42.3 p99 78.3 ms | 0 joins deferred | kernel drops rcv 0 snd 0
         p50/p99 ms: ingress 0.35/0.45  events 0.14/1.79  movement 0.30/0.64  grid 0.14/0.18  separate 0.27/0.34  history 0.00/0.00  serialize 0.01/0.04  assembly 1.01/2.48  transport 0.64/0.72  egress 1.49/4.01

== summary: 1706 steady-state ticks (after warmup, before clients drain), peak 1000 clients ==
  phase        p50 ms   p99 ms   max ms
  ingress        0.40     0.85     1.22
  events         0.11     0.34     0.65
  movement       0.26     0.47     0.63
  grid           0.15     0.40     0.53
  separate       0.31     0.51     0.71
  history        0.00     0.00     0.06
  serialize      0.04     0.12     0.17
  assembly       2.33     2.89     3.11
  transport      0.98     1.33     2.39
  egress         3.78     4.57    16.45
  tick           8.43     9.83    22.33
  overruns 0 | spawns 1000 despawns 1000 (377 joins deferred) | stand-ins: repeated 1129 frozen 2 | late inputs 1126 discarded 0 | bad messages 0 | recv errors 0 send errors 0
  egress (whole run): 3591641 datagrams in 3591641 sends (1.00 per send), 115195 syscalls
  ticks per ladder level (whole run): L0: 1811
  input wait on the server (datagram arrival -> applied): p50 41.8 p99 78.6 max 123.8 mean 46.7 ms
  steady state: stand-ins repeated 1078 frozen 2 | late inputs 1075 discarded 0
  rewind of near targets (applied step - the input's render step for that tier): p50 200 p99 233 max 268 mean 208.1 ms (n=1782259)
  rewind of mid/far targets (applied step - the input's render step for that tier): p50 333 p99 367 max 401 mean 341.4 ms (n=1782259)
  render times ahead of the server (bogus) 0
