spawn=blob
egress=sendmmsg
ladder=on
threads=8
shards=64
sockets=1
peak_clients=1000
steady_ticks=1706
steady_secs=56.8
ingress_p50_ms=0.40
ingress_p99_ms=0.85
ingress_max_ms=1.22
events_p50_ms=0.11
events_p99_ms=0.34
events_max_ms=0.65
movement_p50_ms=0.26
movement_p99_ms=0.47
movement_max_ms=0.63
grid_p50_ms=0.15
grid_p99_ms=0.40
grid_max_ms=0.53
separate_p50_ms=0.31
separate_p99_ms=0.51
separate_max_ms=0.71
history_p50_ms=0.00
history_p99_ms=0.00
history_max_ms=0.06
serialize_p50_ms=0.04
serialize_p99_ms=0.12
serialize_max_ms=0.17
assembly_p50_ms=2.33
assembly_p99_ms=2.89
assembly_max_ms=3.11
transport_p50_ms=0.98
transport_p99_ms=1.33
transport_max_ms=2.39
egress_p50_ms=3.78
egress_p99_ms=4.57
egress_max_ms=16.45
tick_p50_ms=8.43
tick_p99_ms=9.83
tick_max_ms=22.33
steady_overruns=0
level_mode=0
tick_hz=30
dilation=1
levels=L0:1706
clients_avg=1000
out_pps=60026
in_pps=29671
egress_mbps=361.7
packets_per_client_tick=2.00
wire_bytes_per_client_tick=1507
down_kbps_per_client=361.7
up_kbps_per_client=14.9
kernel_rcvbuf_drops=0
kernel_sndbuf_drops=0
snapshot_bytes_per_client_tick=1442
near_bytes_per_client_tick=436
near_per_client_tick=64.0
mid_per_client_tick=86.0
far_per_client_tick=0.0
near_scanned_per_query=178
mid_scanned_per_query=191
far_skipped=0
far_starved=0
repeated=1078
frozen=2
late_inputs=1075
discarded_inputs=0
input_wait_p50_ms=41.8
input_wait_p99_ms=78.6
spawns=1000
despawns=1000
joins_deferred=377
bad_messages=0
recv_errors=0
send_errors=0
datagrams=3591641
sends=3591641
send_syscalls=115195
rewind_near_p50_ms=200
rewind_near_p99_ms=233
rewind_near_mean_ms=208.1
rewind_mid_p50_ms=333
rewind_mid_p99_ms=367
rewind_mid_mean_ms=341.4
ingress_longest_p50_ms=0.03
ingress_work_p50_ms=0.96
assembly_longest_p50_ms=0.36
assembly_work_p50_ms=13.18
transport_longest_p50_ms=0.16
transport_work_p50_ms=3.81
egress_longest_p50_ms=0.65
egress_work_p50_ms=24.55
