10000 bots -> 172.16.16.2:40500 on 24 threads, ramp 0/s, 60s, 10000 full + 0 sink bots
[    5s] bots 10000/10000 connected, 10000 welcomed, 0 failed | 23.4 snaps/s/bot, entities/snap near 15.0 mid 39.7 far 56.3 | corrections 0.000/s/bot | down 235 up 9 kbps/bot | rtt 14.6 ms loss 0.00% | input->applied ~ p50 57 p99 75 ms, round trip p50 67 p99 100 ms | joins 10000 (p50 719 p99 1637 ms) | server pace 1.00 level 0, 0 bots bandwidth-degraded | swarm busy 16%, overruns 0
[   10s] bots 10000/10000 connected, 10000 welcomed, 0 failed | 31.1 snaps/s/bot, entities/snap near 15.7 mid 41.9 far 58.7 | corrections 0.000/s/bot | down 327 up 12 kbps/bot | rtt 14.7 ms loss 0.00% | input->applied ~ p50 57 p99 74 ms, round trip p50 67 p99 100 ms | joins 0 (p50 0 p99 0 ms) | server pace 1.00 level 0, 0 bots bandwidth-degraded | swarm busy 18%, overruns 0
[   15s] bots 10000/10000 connected, 10000 welcomed, 0 failed | 29.0 snaps/s/bot, entities/snap near 15.7 mid 42.0 far 58.7 | corrections 0.000/s/bot | down 304 up 12 kbps/bot | rtt 14.6 ms loss 0.00% | input->applied ~ p50 57 p99 74 ms, round trip p50 67 p99 100 ms | joins 0 (p50 0 p99 0 ms) | server pace 1.00 level 0, 0 bots bandwidth-degraded | swarm busy 18%, overruns 0
[   20s] bots 10000/10000 connected, 10000 welcomed, 0 failed | 30.4 snaps/s/bot, entities/snap near 15.7 mid 42.0 far 58.7 | corrections 0.000/s/bot | down 319 up 12 kbps/bot | rtt 14.6 ms loss 0.00% | input->applied ~ p50 57 p99 74 ms, round trip p50 67 p99 100 ms | joins 0 (p50 0 p99 0 ms) | server pace 1.00 level 0, 0 bots bandwidth-degraded | swarm busy 18%, overruns 0
[   25s] bots 10000/10000 connected, 10000 welcomed, 0 failed | 30.7 snaps/s/bot, entities/snap near 15.7 mid 42.0 far 58.7 | corrections 0.000/s/bot | down 323 up 12 kbps/bot | rtt 14.7 ms loss 0.00% | input->applied ~ p50 57 p99 74 ms, round trip p50 67 p99 100 ms | joins 0 (p50 0 p99 0 ms) | server pace 1.00 level 0, 0 bots bandwidth-degraded | swarm busy 18%, overruns 0
[   30s] bots 10000/10000 connected, 10000 welcomed, 0 failed | 28.9 snaps/s/bot, entities/snap near 15.7 mid 41.9 far 58.7 | corrections 0.000/s/bot | down 303 up 12 kbps/bot | rtt 14.5 ms loss 0.00% | input->applied ~ p50 57 p99 74 ms, round trip p50 67 p99 100 ms | joins 0 (p50 0 p99 0 ms) | server pace 1.00 level 0, 0 bots bandwidth-degraded | swarm busy 18%, overruns 0
[   35s] bots 10000/10000 connected, 10000 welcomed, 0 failed | 30.4 snaps/s/bot, entities/snap near 15.7 mid 41.9 far 58.7 | corrections 0.000/s/bot | down 320 up 12 kbps/bot | rtt 14.7 ms loss 0.00% | input->applied ~ p50 57 p99 74 ms, round trip p50 67 p99 100 ms | joins 0 (p50 0 p99 0 ms) | server pace 1.00 level 0, 0 bots bandwidth-degraded | swarm busy 18%, overruns 0
[   40s] bots 10000/10000 connected, 10000 welcomed, 0 failed | 30.2 snaps/s/bot, entities/snap near 15.7 mid 41.9 far 58.7 | corrections 0.000/s/bot | down 317 up 12 kbps/bot | rtt 14.6 ms loss 0.00% | input->applied ~ p50 57 p99 74 ms, round trip p50 67 p99 100 ms | joins 0 (p50 0 p99 0 ms) | server pace 1.00 level 0, 0 bots bandwidth-degraded | swarm busy 18%, overruns 0
[   45s] bots 10000/10000 connected, 10000 welcomed, 0 failed | 29.7 snaps/s/bot, entities/snap near 15.7 mid 41.9 far 58.7 | corrections 0.000/s/bot | down 312 up 12 kbps/bot | rtt 14.7 ms loss 0.00% | input->applied ~ p50 57 p99 74 ms, round trip p50 67 p99 100 ms | joins 0 (p50 0 p99 0 ms) | server pace 1.00 level 0, 0 bots bandwidth-degraded | swarm busy 18%, overruns 0
[   50s] bots 10000/10000 connected, 10000 welcomed, 0 failed | 30.4 snaps/s/bot, entities/snap near 15.7 mid 41.9 far 58.7 | corrections 0.000/s/bot | down 319 up 12 kbps/bot | rtt 14.6 ms loss 0.00% | input->applied ~ p50 57 p99 74 ms, round trip p50 67 p99 100 ms | joins 0 (p50 0 p99 0 ms) | server pace 1.00 level 0, 0 bots bandwidth-degraded | swarm busy 18%, overruns 0
[   55s] bots 10000/10000 connected, 10000 welcomed, 0 failed | 29.5 snaps/s/bot, entities/snap near 15.7 mid 41.9 far 58.7 | corrections 0.000/s/bot | down 309 up 12 kbps/bot | rtt 14.6 ms loss 0.00% | input->applied ~ p50 57 p99 74 ms, round trip p50 67 p99 100 ms | joins 0 (p50 0 p99 0 ms) | server pace 1.00 level 0, 0 bots bandwidth-degraded | swarm busy 18%, overruns 0
[   60s] bots 10000/10000 connected, 10000 welcomed, 0 failed | 30.3 snaps/s/bot, entities/snap near 15.7 mid 41.9 far 58.7 | corrections 0.000/s/bot | down 318 up 12 kbps/bot | rtt 14.5 ms loss 0.00% | input->applied ~ p50 57 p99 74 ms, round trip p50 67 p99 100 ms | joins 0 (p50 0 p99 0 ms) | server pace 1.00 level 0, 0 bots bandwidth-degraded | swarm busy 18%, overruns 0

== bots summary ==
  started 10000 welcomed 10000 failed 0
  join latency ms: p50 719 p99 1637 max 1905 (n=10000)
  corrections 0 (0.00/bot-minute), mean error 0.000 m, max 0.000 m
  snapshots 17773968 (entities per snapshot: near 15.6 mid 41.8 far 58.5), stale 0, unmatched acks 0, resyncs 0
  input -> applied on server (est. RTT/2 + server wait): p50 57.0 p99 74.0 max 79.0 mean 57.1 ms (n=17770713)
    of which server wait (arrival -> applied): p50 49.6 p99 65.3 max 73.0 mean 49.8 ms (n=17770713)
  input -> seen acked (round trip): p50 67.0 p99 100.0 max 101.0 mean 78.2 ms (n=17770713)
  near entity update interval (tracked bots): p50 33.0 p99 33.0 max 100.0 mean 33.0 ms (n=13874808)
  mid entity update interval (tracked bots): p50 100.0 p99 100.0 max 500.0 mean 100.2 ms (n=37078187)
  far entity update interval (tracked bots): p50 500.0 p99 500.0 max 59000.0 mean 516.1 ms (n=51823612)
  input clock: 10636 extra inputs, 891 skipped ticks, 0 backlog skips | near decode errors (tracked bots) 0
  bytes down 23256.3 MB up 889.1 MB | swarm busy 18% of its threads' time, tick overruns 0
