== uniform, 10000 bots, 60s -> baselines/2026-10-04-scaleway-netem-10k/clean-uniform-10k-1
== summary: 1708 steady-state ticks (after warmup, before clients drain), peak 10000 clients ==
  phase        p50 ms   p99 ms   max ms
  ingress        1.61     1.71     1.84
  events         2.40     2.69     3.21
  movement       0.33     0.38     0.49
  grid           0.40     0.44     0.49
  history        0.01     0.01     0.01
  serialize      0.20     0.25     0.26
  assembly       2.49     2.70     3.31
  transport      1.87     1.99     2.35
  egress         2.75     3.71     3.98
  tick          12.10    13.02    13.99
  overruns 0 | spawns 10000 despawns 10000 (53192 joins deferred) | stand-ins: repeated 0 frozen 0 | late inputs 0 discarded 0 | bad messages 0 | recv errors 0 send errors 0
  egress (whole run): 30980643 datagrams in 30980643 sends (1.00 per send), 201167 syscalls
  ticks per ladder level (whole run): L0: 1822
  input wait on the server (datagram arrival -> applied): p50 49.6 p99 65.3 max 73.0 mean 49.8 ms
  steady state: stand-ins repeated 0 frozen 0 | late inputs 0 discarded 0
== bots summary ==
  started 10000 welcomed 10000 failed 0
  join latency ms: p50 719 p99 1637 max 1905 (n=10000)
  corrections 0 (0.00/bot-minute), mean error 0.000 m, max 0.000 m
  snapshots 17773968 (entities per snapshot: near 15.6 mid 41.8 far 58.5), stale 0, unmatched acks 0, resyncs 0
  input -> applied on server (est. RTT/2 + server wait): p50 57.0 p99 74.0 max 79.0 mean 57.1 ms (n=17770713)
    of which server wait (arrival -> applied): p50 49.6 p99 65.3 max 73.0 mean 49.8 ms (n=17770713)
  input -> seen acked (round trip): p50 67.0 p99 100.0 max 101.0 mean 78.2 ms (n=17770713)
  near entity update interval (tracked bots): p50 33.0 p99 33.0 max 100.0 mean 33.0 ms (n=13874808)
  mid entity update interval (tracked bots): p50 100.0 p99 100.0 max 500.0 mean 100.2 ms (n=37078187)
  far entity update interval (tracked bots): p50 500.0 p99 500.0 max 59000.0 mean 516.1 ms (n=51823612)
  input clock: 10636 extra inputs, 891 skipped ticks, 0 backlog skips | near decode errors (tracked bots) 0
  bytes down 23256.3 MB up 889.1 MB | swarm busy 18% of its threads' time, tick overruns 0
