spawn=uniform
egress=sendmmsg
ladder=on
threads=64
shards=64
peak_clients=10000
steady_ticks=1708
steady_secs=56.9
ingress_p50_ms=1.61
ingress_p99_ms=1.71
ingress_max_ms=1.84
events_p50_ms=2.40
events_p99_ms=2.69
events_max_ms=3.21
movement_p50_ms=0.33
movement_p99_ms=0.38
movement_max_ms=0.49
grid_p50_ms=0.40
grid_p99_ms=0.44
grid_max_ms=0.49
history_p50_ms=0.01
history_p99_ms=0.01
history_max_ms=0.01
serialize_p50_ms=0.20
serialize_p99_ms=0.25
serialize_max_ms=0.26
assembly_p50_ms=2.49
assembly_p99_ms=2.70
assembly_max_ms=3.31
transport_p50_ms=1.87
transport_p99_ms=1.99
transport_max_ms=2.35
egress_p50_ms=2.75
egress_p99_ms=3.71
egress_max_ms=3.98
tick_p50_ms=12.10
tick_p99_ms=13.02
tick_max_ms=13.99
steady_overruns=0
level_mode=0
tick_hz=30
dilation=1
levels=L0:1708
clients_avg=10000
out_pps=523810
in_pps=300270
egress_mbps=3150.1
packets_per_client_tick=1.75
wire_bytes_per_client_tick=1312
down_kbps_per_client=315.0
up_kbps_per_client=12.0
kernel_rcvbuf_drops=0
kernel_sndbuf_drops=0
snapshot_bytes_per_client_tick=1253
near_bytes_per_client_tick=95
near_per_client_tick=15.7
mid_per_client_tick=41.9
far_per_client_tick=58.7
far_skipped=0
far_starved=0
repeated=0
frozen=0
late_inputs=0
discarded_inputs=0
input_wait_p50_ms=49.6
input_wait_p99_ms=65.3
spawns=10000
despawns=10000
joins_deferred=53192
bad_messages=0
recv_errors=0
send_errors=0
datagrams=30980643
sends=30980643
send_syscalls=201167
