preallocated connections for 10000 clients in 217.750011ms
listening on 172.16.16.2:40500 | spawn Uniform | tiers near 64@150 m, mid 500 m, far 1500 m, budget 6250 B/tick, squads of 4 | 64 rayon threads, 64 shards, 256 accepts/tick, egress SendMmsg | socket buffers rcv 32768 KiB snd 32768 KiB
[    5s] clients 10000 | level 0 (0-0 in window: 30 Hz, dilation 1.0), pace 1.00, 0.0% clients bandwidth-degraded | tick p50 12.77 p99 15.00 max 15.32 ms, 0 overruns | out 370.2k pps 299 kbps/client, 2201 Mbps | in 234.1k pps 16 kbps/client | stand-ins: repeated 0.00% frozen 0.00%, 0 late inputs | per client-tick: 1185 B (near 92 B, 99% deltas), near 14.9 mid 39.2 far 55.6, far skipped 0 starved 0 | input wait p50 50.1 p99 66.8 ms | 53192 joins deferred | kernel drops rcv 0 snd 0
         p50/p99 ms: ingress 1.46/4.80  events 2.41/4.07  movement 0.30/0.34  grid 0.39/0.42  history 0.01/0.05  serialize 0.20/0.36  assembly 2.52/3.07  transport 1.81/2.06  egress 3.46/3.83
[   10s] clients 10000 | level 0 (0-0 in window: 30 Hz, dilation 1.0), pace 1.00, 0.0% clients bandwidth-degraded | tick p50 12.51 p99 13.21 max 13.34 ms, 0 overruns | out 523.4k pps 315 kbps/client, 3148 Mbps | in 300.0k pps 12 kbps/client | stand-ins: repeated 0.00% frozen 0.00%, 0 late inputs | per client-tick: 1252 B (near 95 B, 100% deltas), near 15.7 mid 41.9 far 58.7, far skipped 0 starved 0 | input wait p50 49.1 p99 65.4 ms | 0 joins deferred | kernel drops rcv 0 snd 0
         p50/p99 ms: ingress 1.49/1.63  events 2.41/2.47  movement 0.33/0.39  grid 0.40/0.42  history 0.01/0.01  serialize 0.20/0.25  assembly 2.51/2.72  transport 1.85/2.00  egress 3.30/3.88
[   15s] clients 10000 | level 0 (0-0 in window: 30 Hz, dilation 1.0), pace 1.00, 0.0% clients bandwidth-degraded | tick p50 12.46 p99 13.13 max 13.14 ms, 0 overruns | out 523.5k pps 315 kbps/client, 3149 Mbps | in 300.0k pps 12 kbps/client | stand-ins: repeated 0.00% frozen 0.00%, 0 late inputs | per client-tick: 1253 B (near 94 B, 100% deltas), near 15.7 mid 42.0 far 58.7, far skipped 0 starved 0 | input wait p50 49.2 p99 65.3 ms | 0 joins deferred | kernel drops rcv 0 snd 0
         p50/p99 ms: ingress 1.53/1.66  events 2.42/3.12  movement 0.32/0.38  grid 0.40/0.46  history 0.01/0.01  serialize 0.21/0.24  assembly 2.50/2.71  transport 1.86/1.97  egress 3.14/3.65
[   20s] clients 10000 | level 0 (0-0 in window: 30 Hz, dilation 1.0), pace 1.00, 0.0% clients bandwidth-degraded | tick p50 12.04 p99 12.83 max 12.95 ms, 0 overruns | out 523.3k pps 315 kbps/client, 3149 Mbps | in 300.0k pps 12 kbps/client | stand-ins: repeated 0.00% frozen 0.00%, 0 late inputs | per client-tick: 1253 B (near 95 B, 100% deltas), near 15.7 mid 42.0 far 58.7, far skipped 0 starved 0 | input wait p50 49.6 p99 65.2 ms | 0 joins deferred | kernel drops rcv 0 snd 0
         p50/p99 ms: ingress 1.62/1.72  events 2.38/3.19  movement 0.34/0.38  grid 0.39/0.46  history 0.01/0.01  serialize 0.21/0.26  assembly 2.49/2.61  transport 1.86/1.96  egress 2.74/2.84
[   25s] clients 10000 | level 0 (0-0 in window: 30 Hz, dilation 1.0), pace 1.00, 0.0% clients bandwidth-degraded | tick p50 12.12 p99 12.54 max 12.55 ms, 0 overruns | out 523.5k pps 315 kbps/client, 3149 Mbps | in 300.0k pps 12 kbps/client | stand-ins: repeated 0.00% frozen 0.00%, 0 late inputs | per client-tick: 1253 B (near 95 B, 100% deltas), near 15.7 mid 42.0 far 58.7, far skipped 0 starved 0 | input wait p50 49.7 p99 65.1 ms | 0 joins deferred | kernel drops rcv 0 snd 0
         p50/p99 ms: ingress 1.65/1.72  events 2.39/2.77  movement 0.33/0.38  grid 0.40/0.43  history 0.01/0.01  serialize 0.21/0.25  assembly 2.50/2.59  transport 1.87/1.97  egress 2.75/2.86
[   30s] clients 10000 | level 0 (0-0 in window: 30 Hz, dilation 1.0), pace 1.00, 0.0% clients bandwidth-degraded | tick p50 12.10 p99 12.43 max 12.45 ms, 0 overruns | out 523.7k pps 315 kbps/client, 3150 Mbps | in 300.0k pps 12 kbps/client | stand-ins: repeated 0.00% frozen 0.00%, 0 late inputs | per client-tick: 1253 B (near 95 B, 100% deltas), near 15.7 mid 41.9 far 58.7, far skipped 0 starved 0 | input wait p50 49.7 p99 65.2 ms | 0 joins deferred | kernel drops rcv 0 snd 0
         p50/p99 ms: ingress 1.61/1.71  events 2.43/2.77  movement 0.34/0.40  grid 0.40/0.42  history 0.01/0.01  serialize 0.21/0.24  assembly 2.49/2.60  transport 1.87/1.96  egress 2.74/2.87
[   35s] clients 10000 | level 0 (0-0 in window: 30 Hz, dilation 1.0), pace 1.00, 0.0% clients bandwidth-degraded | tick p50 12.04 p99 12.28 max 12.31 ms, 0 overruns | out 523.6k pps 315 kbps/client, 3149 Mbps | in 300.0k pps 12 kbps/client | stand-ins: repeated 0.00% frozen 0.00%, 0 late inputs | per client-tick: 1253 B (near 95 B, 100% deltas), near 15.7 mid 41.9 far 58.7, far skipped 0 starved 0 | input wait p50 49.7 p99 65.1 ms | 0 joins deferred | kernel drops rcv 0 snd 0
         p50/p99 ms: ingress 1.64/1.72  events 2.38/2.45  movement 0.33/0.37  grid 0.38/0.40  history 0.01/0.01  serialize 0.21/0.25  assembly 2.49/2.57  transport 1.88/1.98  egress 2.72/2.84
[   40s] clients 10000 | level 0 (0-0 in window: 30 Hz, dilation 1.0), pace 1.00, 0.0% clients bandwidth-degraded | tick p50 12.08 p99 12.94 max 13.23 ms, 0 overruns | out 523.7k pps 315 kbps/client, 3149 Mbps | in 300.0k pps 12 kbps/client | stand-ins: repeated 0.00% frozen 0.00%, 0 late inputs | per client-tick: 1253 B (near 95 B, 100% deltas), near 15.7 mid 41.9 far 58.7, far skipped 0 starved 0 | input wait p50 49.5 p99 65.1 ms | 0 joins deferred | kernel drops rcv 0 snd 0
         p50/p99 ms: ingress 1.64/1.72  events 2.40/2.74  movement 0.33/0.39  grid 0.39/0.47  history 0.01/0.01  serialize 0.20/0.25  assembly 2.49/2.59  transport 1.89/1.97  egress 2.72/3.12
[   45s] clients 10000 | level 0 (0-0 in window: 30 Hz, dilation 1.0), pace 1.00, 0.0% clients bandwidth-degraded | tick p50 11.98 p99 13.13 max 13.63 ms, 0 overruns | out 523.7k pps 315 kbps/client, 3148 Mbps | in 300.0k pps 12 kbps/client | stand-ins: repeated 0.00% frozen 0.00%, 0 late inputs | per client-tick: 1253 B (near 95 B, 100% deltas), near 15.7 mid 41.9 far 58.7, far skipped 0 starved 0 | input wait p50 49.5 p99 65.2 ms | 0 joins deferred | kernel drops rcv 0 snd 0
         p50/p99 ms: ingress 1.62/1.70  events 2.38/2.62  movement 0.32/0.37  grid 0.39/0.42  history 0.01/0.01  serialize 0.20/0.24  assembly 2.49/2.89  transport 1.89/2.00  egress 2.69/3.34
[   50s] clients 10000 | level 0 (0-0 in window: 30 Hz, dilation 1.0), pace 1.00, 0.0% clients bandwidth-degraded | tick p50 12.09 p99 12.54 max 12.56 ms, 0 overruns | out 523.9k pps 315 kbps/client, 3150 Mbps | in 300.0k pps 12 kbps/client | stand-ins: repeated 0.00% frozen 0.00%, 0 late inputs | per client-tick: 1253 B (near 95 B, 100% deltas), near 15.7 mid 41.9 far 58.7, far skipped 0 starved 0 | input wait p50 49.7 p99 65.2 ms | 0 joins deferred | kernel drops rcv 0 snd 0
         p50/p99 ms: ingress 1.60/1.68  events 2.40/2.58  movement 0.32/0.37  grid 0.41/0.43  history 0.01/0.01  serialize 0.20/0.23  assembly 2.48/2.55  transport 1.89/2.00  egress 2.80/3.16
[   55s] clients 10000 | level 0 (0-0 in window: 30 Hz, dilation 1.0), pace 1.00, 0.0% clients bandwidth-degraded | tick p50 12.01 p99 12.33 max 13.99 ms, 0 overruns | out 523.8k pps 315 kbps/client, 3149 Mbps | in 300.0k pps 12 kbps/client | stand-ins: repeated 0.00% frozen 0.00%, 0 late inputs | per client-tick: 1253 B (near 94 B, 100% deltas), near 15.7 mid 41.9 far 58.7, far skipped 0 starved 0 | input wait p50 49.6 p99 65.1 ms | 0 joins deferred | kernel drops rcv 0 snd 0
         p50/p99 ms: ingress 1.62/1.70  events 2.42/2.69  movement 0.32/0.37  grid 0.40/0.43  history 0.01/0.01  serialize 0.20/0.23  assembly 2.48/2.76  transport 1.89/2.03  egress 2.70/2.87
[   60s] clients 10000 | level 0 (0-0 in window: 30 Hz, dilation 1.0), pace 1.00, 0.0% clients bandwidth-degraded | tick p50 12.09 p99 12.54 max 12.71 ms, 0 overruns | out 523.9k pps 315 kbps/client, 3149 Mbps | in 300.0k pps 12 kbps/client | stand-ins: repeated 0.00% frozen 0.00%, 0 late inputs | per client-tick: 1253 B (near 94 B, 100% deltas), near 15.7 mid 41.9 far 58.7, far skipped 0 starved 0 | input wait p50 49.7 p99 65.1 ms | 0 joins deferred | kernel drops rcv 0 snd 0
         p50/p99 ms: ingress 1.61/1.71  events 2.40/2.51  movement 0.32/0.38  grid 0.39/0.45  history 0.01/0.01  serialize 0.20/0.24  assembly 2.48/2.57  transport 1.89/1.99  egress 2.77/3.14
[   61s] clients 0 | level 0 (0-0 in window: 30 Hz, dilation 1.0), pace 1.00, 0.0% clients bandwidth-degraded | tick p50 12.17 p99 22.80 max 22.80 ms, 0 overruns | out 447.4k pps 315 kbps/client, 2694 Mbps | in 311.7k pps 13 kbps/client | stand-ins: repeated 0.00% frozen 0.00%, 0 late inputs | per client-tick: 1233 B (near 93 B, 100% deltas), near 15.4 mid 41.2 far 57.8, far skipped 0 starved 0 | input wait p50 49.9 p99 65.1 ms | 0 joins deferred | kernel drops rcv 0 snd 0
         p50/p99 ms: ingress 1.62/6.16  events 2.42/15.00  movement 0.31/0.37  grid 0.39/0.40  history 0.01/0.01  serialize 0.20/0.23  assembly 2.45/2.54  transport 1.84/1.96  egress 2.75/3.01

== summary: 1708 steady-state ticks (after warmup, before clients drain), peak 10000 clients ==
  phase        p50 ms   p99 ms   max ms
  ingress        1.61     1.71     1.84
  events         2.40     2.69     3.21
  movement       0.33     0.38     0.49
  grid           0.40     0.44     0.49
  history        0.01     0.01     0.01
  serialize      0.20     0.25     0.26
  assembly       2.49     2.70     3.31
  transport      1.87     1.99     2.35
  egress         2.75     3.71     3.98
  tick          12.10    13.02    13.99
  overruns 0 | spawns 10000 despawns 10000 (53192 joins deferred) | stand-ins: repeated 0 frozen 0 | late inputs 0 discarded 0 | bad messages 0 | recv errors 0 send errors 0
  egress (whole run): 30980643 datagrams in 30980643 sends (1.00 per send), 201167 syscalls
  ticks per ladder level (whole run): L0: 1822
  input wait on the server (datagram arrival -> applied): p50 49.6 p99 65.3 max 73.0 mean 49.8 ms
  steady state: stand-ins repeated 0 frozen 0 | late inputs 0 discarded 0
