1000 bots -> 172.31.27.101:40500 on 4 threads, ramp 0/s, 20s, 1000 full + 0 sink bots
[    5s] bots 1000/1000 connected, 1000 welcomed, 0 failed | 27.0 snaps/s/bot, entities/snap near 4.3 mid 4.2 far 6.3 | corrections 0.000/s/bot | down 53 up 14 kbps/bot | rtt 2.8 ms loss 0.00% | input->applied ~ p50 40 p99 81 ms, round trip p50 67 p99 100 ms | joins 1000 (p50 190 p99 557 ms) | server pace 1.00 level 0, 0 bots bandwidth-degraded | swarm busy 7%, overruns 3
[   10s] bots 1000/1000 connected, 1000 welcomed, 0 failed | 31.3 snaps/s/bot, entities/snap near 4.3 mid 4.2 far 6.3 | corrections 0.000/s/bot | down 61 up 16 kbps/bot | rtt 2.8 ms loss 0.00% | input->applied ~ p50 40 p99 67 ms, round trip p50 67 p99 100 ms | joins 0 (p50 0 p99 0 ms) | server pace 1.00 level 0, 0 bots bandwidth-degraded | swarm busy 7%, overruns 0
[   15s] bots 1000/1000 connected, 1000 welcomed, 0 failed | 27.9 snaps/s/bot, entities/snap near 4.3 mid 4.2 far 6.3 | corrections 0.000/s/bot | down 55 up 14 kbps/bot | rtt 2.8 ms loss 0.00% | input->applied ~ p50 40 p99 67 ms, round trip p50 67 p99 100 ms | joins 0 (p50 0 p99 0 ms) | server pace 1.00 level 0, 0 bots bandwidth-degraded | swarm busy 7%, overruns 0
[   20s] bots 1000/1000 connected, 1000 welcomed, 0 failed | 31.0 snaps/s/bot, entities/snap near 4.3 mid 4.2 far 6.3 | corrections 0.000/s/bot | down 61 up 16 kbps/bot | rtt 2.8 ms loss 0.00% | input->applied ~ p50 40 p99 67 ms, round trip p50 67 p99 100 ms | joins 0 (p50 0 p99 0 ms) | server pace 1.00 level 0, 0 bots bandwidth-degraded | swarm busy 7%, overruns 0

== bots summary ==
  started 1000 welcomed 1000 failed 0
  join latency ms: p50 190 p99 557 max 558 (n=1000)
  corrections 0 (0.00/bot-minute), mean error 0.000 m, max 0.000 m
  push corrections (the server pushed us apart from a crowd) 16 (0.05/bot-minute), max 0.100 m
  snapshots 592971 (entities per snapshot: near 4.3 mid 4.2 far 6.3), stale 0, unmatched acks 0, resyncs 0
  input -> applied on server (est. RTT/2 + server wait): p50 40.0 p99 71.0 max 100.0 mean 45.8 ms (n=592587)
    of which server wait (arrival -> applied): p50 38.1 p99 65.8 max 97.9 mean 44.3 ms (n=592587)
  input -> seen acked (round trip): p50 67.0 p99 100.0 max 133.0 mean 70.0 ms (n=592587)
  near entity update interval (tracked bots): p50 33.0 p99 33.0 max 100.0 mean 33.0 ms (n=128560)
  mid entity update interval (tracked bots): p50 100.0 p99 100.0 max 500.0 mean 100.2 ms (n=130225)
  far entity update interval (tracked bots): p50 500.0 p99 500.0 max 1500.0 mean 499.9 ms (n=165571)
  near drawn (tracked bots): 99.67% interpolated, 0.00% extrapolated, 0.00% held, 0.33% new | pops p50 0 p99 0 max 120 mm
  mid drawn (tracked bots): 98.99% interpolated, 0.11% extrapolated, 0.01% held, 0.89% new | pops p50 0 p99 0 max 2689 mm
  far drawn (tracked bots): 39.39% interpolated, 59.19% extrapolated, 0.45% held, 0.97% new | pops p50 424 p99 3634 max 7157 mm
  render delay (near) 92.1 ms behind the newest step, clock snaps 0 (backwards 0), slewing 3.26% of frames, near delay changes 39 | streak entity-frames (drawn > 20 m/s) 48228
  input clock: 1000 extra inputs, 178 skipped ticks, 0 backlog skips | near decode errors (tracked bots) 0
  bytes down 145.2 MB up 37.4 MB | swarm busy 7% of its threads' time, tick overruns 3
