spawn=uniform
egress=sendmmsg
ingress=recvmmsg
rx_gather_us=1000
ladder=on
threads=8
shards=64
sockets=1
peak_clients=1000
steady_ticks=508
steady_secs=16.9
ingress_p50_ms=0.21
ingress_p99_ms=0.23
ingress_max_ms=0.23
events_p50_ms=0.18
events_p99_ms=0.21
events_max_ms=0.22
movement_p50_ms=0.22
movement_p99_ms=0.24
movement_max_ms=0.24
grid_p50_ms=0.16
grid_p99_ms=0.18
grid_max_ms=0.19
separate_p50_ms=0.05
separate_p99_ms=0.07
separate_max_ms=0.08
history_p50_ms=0.00
history_p99_ms=0.01
history_max_ms=0.01
shots_p50_ms=0.01
shots_p99_ms=0.02
shots_max_ms=0.02
serialize_p50_ms=0.04
serialize_p99_ms=0.06
serialize_max_ms=0.07
assembly_p50_ms=0.43
assembly_p99_ms=0.48
assembly_max_ms=0.49
transport_p50_ms=0.23
transport_p99_ms=0.27
transport_max_ms=0.34
egress_p50_ms=0.54
egress_p99_ms=0.62
egress_max_ms=0.65
tick_p50_ms=2.07
tick_p99_ms=2.21
tick_max_ms=2.29
steady_overruns=0
level_mode=0
tick_hz=30
dilation=1
levels=L0:508
clients_avg=1000
out_pps=30056
in_pps=30161
egress_mbps=58.8
packets_per_client_tick=1.00
wire_bytes_per_client_tick=245
down_kbps_per_client=58.8
up_kbps_per_client=15.1
recv_per_call=46.78
ingress_thread_busy_max_pct=2.6
ingress_thread_busy_mean_pct=2.6
kernel_rcvbuf_drops=0
kernel_sndbuf_drops=0
snapshot_bytes_per_client_tick=210
near_bytes_per_client_tick=33
activity_bytes_per_client_tick=0.0
near_per_client_tick=4.3
mid_per_client_tick=4.2
far_per_client_tick=6.3
near_scanned_per_query=3
mid_scanned_per_query=6
far_skipped=0
far_starved=0
repeated=0
frozen=0
late_inputs=0
discarded_inputs=0
input_wait_p50_ms=38.1
input_wait_p99_ms=65.8
spawns=1000
despawns=1000
deaths=0
respawns=0
shots=0
shots_late=0
shots_refused=0
rewinds_capped=0
rewinds_trimmed=0
hits_head=0
hits_body=0
hits_ground=0
hits_cover=0
projectiles_expired=0
kills=0
hits_after_cover=0
hits_too_late=0
events=0
tracer_bytes=0
activity_cells=0
activity_sent=0
activity_bytes=0
activity_cut=0
projectile_segments=0
hit_candidates=0
joins_deferred=1282
bad_messages=0
recv_errors=0
send_errors=0
datagrams=597055
sends=597055
send_syscalls=38464
rewind_near_p50_ms=133
rewind_near_p99_ms=195
rewind_near_mean_ms=135.9
rewind_mid_p50_ms=267
rewind_mid_p99_ms=300
rewind_mid_mean_ms=268.5
ingress_longest_p50_ms=0.03
ingress_work_p50_ms=1.17
assembly_longest_p50_ms=0.07
assembly_work_p50_ms=2.87
transport_longest_p50_ms=0.05
transport_work_p50_ms=1.56
egress_longest_p50_ms=0.10
egress_work_p50_ms=3.49
