started=1000
welcomed=1000
failed=0
join_p50_ms=337
join_p99_ms=653
join_max_ms=694
corrections=0
corrections_per_bot_minute=0.000
correction_max_m=0.000
push_corrections=25349
push_corrections_per_bot_minute=25.349
push_max_m=0.322
snapshots=1776716
near_per_snapshot=64.1
mid_per_snapshot=86.1
far_per_snapshot=0.0
stale_snapshots=0
resyncs=0
input_applied_p50_ms=105.0
input_applied_p99_ms=144.0
input_applied_mean_ms=98.8
server_wait_p50_ms=50.9
server_wait_p99_ms=67.2
server_wait_mean_ms=50.4
round_trip_p50_ms=167.0
round_trip_p99_ms=233.0
round_trip_mean_ms=163.9
slot_work_p50_ms=0.1
slot_work_p99_ms=1.0
slot_work_mean_ms=0.4
slot_late_p50_ms=0.0
slot_late_p99_ms=0.0
slot_late_mean_ms=0.0
near_interval_p50_ms=66.0
near_interval_p99_ms=66.0
near_interval_mean_ms=53.6
mid_interval_p50_ms=100.0
mid_interval_p99_ms=100.0
mid_interval_mean_ms=101.1
far_interval_p50_ms=0.0
far_interval_p99_ms=0.0
far_interval_mean_ms=0.0
slot_late_max_ms=33.2
near_interpolated_pct=99.66
near_extrapolated_pct=0.16
near_held_pct=0.00
near_new_pct=0.18
near_pop_p50_mm=0
near_pop_p99_mm=0
mid_interpolated_pct=96.77
mid_extrapolated_pct=0.98
mid_held_pct=1.34
mid_new_pct=0.92
mid_pop_p50_mm=0
mid_pop_p99_mm=0
far_interpolated_pct=0.00
far_extrapolated_pct=0.00
far_held_pct=0.00
far_new_pct=0.00
far_pop_p50_mm=0
far_pop_p99_mm=0
render_delay_ms=95.3
render_snaps=0
class0_fighters=167
class0_shots=66840
class0_hits=66395
class0_kills=0
class0_hit_pct=99.3
class0_rtt_ms=27.6
class1_fighters=166
class1_shots=65707
class1_hits=65127
class1_kills=0
class1_hit_pct=99.1
class1_rtt_ms=107.6
class2_fighters=167
class2_shots=66060
class2_hits=62717
class2_kills=0
class2_hit_pct=94.9
class2_rtt_ms=157.6
shots_seen=14427691
activity_cells=2500722
activity_shots=138667700
ambient=17685862
streak_frames_per_million=43
clock_slewing_pct=9.93
delay_changes=4566
render_backwards=0
clock_extra=2392
clock_skipped=1402
backlog_skips=0
near_decode_errors=0
bytes_down_mb=2920.9
bytes_up_mb=118.6
swarm_busy_pct=11
swarm_overruns=149
