== blob, 1000 bots, 60s -> baselines/2026-10-07-aws-fight-midlag/fight-blob-1k-immortal-1
== summary: 1708 steady-state ticks (after warmup, before clients drain), peak 1000 clients ==
  phase        p50 ms   p99 ms   max ms
  ingress        0.52     0.63     0.97
  events         0.46     0.57     0.67
  movement       0.34     0.53     0.63
  grid           0.18     0.22     0.28
  separate       0.16     0.38     0.45
  history        0.01     0.01     0.02
  shots          1.06     1.32     1.59
  serialize      0.06     0.11     0.25
  assembly       3.19     3.71     3.86
  transport      0.73     0.98     1.12
  egress         0.57     0.72     0.90
  tick           7.32     8.03     8.31
  overruns 0 | spawns 1000 despawns 1000 (140 joins deferred) | deaths 0 respawns 0 | stand-ins: repeated 0 frozen 0 | late inputs 0 discarded 0 | bad messages 0 | recv errors 0 send errors 0
  egress (whole run): 3617253 datagrams in 3617253 sends (1.00 per send), 115310 syscalls
  ingress (whole run): 1795668 datagrams in 63214 receive calls (28.41 per call)
  ticks per ladder level (whole run): L0: 1818
  input wait on the server (datagram arrival -> applied): p50 50.9 p99 67.2 max 107.2 mean 50.4 ms
  steady state: stand-ins repeated 0 frozen 0 | late inputs 0 discarded 0
  rewind of near targets (applied step - the input's render step for that tier): p50 242 p99 367 max 367 mean 242.6 ms (n=1778331)
  rewind of mid/far targets (applied step - the input's render step for that tier): p50 367 p99 433 max 435 mean 361.7 ms (n=1778331)
  render times ahead of the server (bogus) 0
  shots 281805 (late 0, refused 0, rewinds capped 187361) | hits head 1544 body 200831 (after cover 114, too late 0), kills 0 | ground 46452 cover 5392 expired 26539 | segments 4203951 candidates 1706905
== bots summary ==
  started 1000 welcomed 1000 failed 0
  join latency ms: p50 337 p99 653 max 694 (n=1000)
  corrections 0 (0.00/bot-minute), mean error 0.000 m, max 0.000 m
  push corrections (the server pushed us apart from a crowd) 25349 (25.35/bot-minute), max 0.322 m
  snapshots 1776716 (entities per snapshot: near 64.1 mid 86.1 far 0.0), stale 0, unmatched acks 0, resyncs 0
  input -> applied on server (est. RTT/2 + server wait): p50 105.0 p99 144.0 max 149.0 mean 98.8 ms (n=1773835)
    of which server wait (arrival -> applied): p50 50.9 p99 67.2 max 107.2 mean 50.4 ms (n=1773835)
  input -> seen acked (round trip): p50 167.0 p99 233.0 max 255.0 mean 163.9 ms (n=1773835)
  near entity update interval (tracked bots): p50 66.0 p99 66.0 max 2066.0 mean 53.6 ms (n=56800143)
  mid entity update interval (tracked bots): p50 100.0 p99 100.0 max 2200.0 mean 101.1 ms (n=76002369)
  far entity update interval (tracked bots): p50 0.0 p99 0.0 max 0.0 mean 0.0 ms (n=0)
  near drawn (tracked bots): 99.66% interpolated, 0.16% extrapolated, 0.00% held, 0.18% new | pops p50 0 p99 0 max 10408 mm
  mid drawn (tracked bots): 96.77% interpolated, 0.98% extrapolated, 1.34% held, 0.92% new | pops p50 0 p99 0 max 17907 mm
  far drawn (tracked bots): 0.00% interpolated, 0.00% extrapolated, 0.00% held, 0.00% new | pops p50 0 p99 0 max 0 mm
  render delay (near) 95.3 ms behind the newest step, clock snaps 0 (backwards 0), slewing 9.93% of frames, near delay changes 4566 | streak entity-frames (drawn > 20 m/s) 14030
  fighters, class 0: 167 at rtt 27.6 ms | 66840 shots, 66395 hits (99.3%), 0 kills
  fighters, class 1: 166 at rtt 107.6 ms | 65707 shots, 65127 hits (99.1%), 0 kills
  fighters, class 2: 167 at rtt 157.6 ms | 66060 shots, 62717 hits (94.9%), 0 kills
  others' shots (tracked bots): 14427691 as tracers | distant fights: 2500722 cell entries counting 138667700 shots, 17685862 ambient shots made
  input clock: 2392 extra inputs, 1402 skipped ticks, 0 backlog skips | near decode errors (tracked bots) 0
  bytes down 2920.9 MB up 118.6 MB | swarm busy 11% of its threads' time, tick overruns 149
