spawn=blob
egress=sendmmsg
ingress=recvmmsg
rx_gather_us=1000
ladder=on
threads=64
shards=64
sockets=1
peak_clients=1000
steady_ticks=1708
steady_secs=56.9
ingress_p50_ms=0.52
ingress_p99_ms=0.63
ingress_max_ms=0.97
events_p50_ms=0.46
events_p99_ms=0.57
events_max_ms=0.67
movement_p50_ms=0.34
movement_p99_ms=0.53
movement_max_ms=0.63
grid_p50_ms=0.18
grid_p99_ms=0.22
grid_max_ms=0.28
separate_p50_ms=0.16
separate_p99_ms=0.38
separate_max_ms=0.45
history_p50_ms=0.01
history_p99_ms=0.01
history_max_ms=0.02
shots_p50_ms=1.06
shots_p99_ms=1.32
shots_max_ms=1.59
serialize_p50_ms=0.06
serialize_p99_ms=0.11
serialize_max_ms=0.25
assembly_p50_ms=3.19
assembly_p99_ms=3.71
assembly_max_ms=3.86
transport_p50_ms=0.73
transport_p99_ms=0.98
transport_max_ms=1.12
egress_p50_ms=0.57
egress_p99_ms=0.72
egress_max_ms=0.90
tick_p50_ms=7.32
tick_p99_ms=8.03
tick_max_ms=8.31
steady_overruns=0
level_mode=0
tick_hz=30
dilation=1
levels=L0:1708
clients_avg=1000
out_pps=60430
in_pps=30005
egress_mbps=394.1
packets_per_client_tick=2.01
wire_bytes_per_client_tick=1641
down_kbps_per_client=394.1
up_kbps_per_client=15.9
recv_per_call=28.51
ingress_thread_busy_max_pct=9.7
ingress_thread_busy_mean_pct=9.7
kernel_rcvbuf_drops=0
kernel_sndbuf_drops=0
snapshot_bytes_per_client_tick=1571
near_bytes_per_client_tick=429
activity_bytes_per_client_tick=14.6
near_per_client_tick=64.0
mid_per_client_tick=86.0
far_per_client_tick=0.0
near_scanned_per_query=177
mid_scanned_per_query=192
far_skipped=0
far_starved=0
repeated=0
frozen=0
late_inputs=0
discarded_inputs=0
input_wait_p10_ms=36.6
input_wait_p50_ms=50.9
input_wait_p90_ms=63.7
input_wait_p99_ms=67.2
spawns=1000
despawns=1000
deaths=0
respawns=0
shots=281805
shots_late=0
shots_refused=0
rewinds_capped=187361
rewinds_trimmed=1
rewinds_trimmed_mid=1
hits_head=1544
hits_body=200831
hits_ground=46452
hits_cover=5392
projectiles_expired=26539
kills=0
hits_after_cover=114
hits_too_late=0
events=404745
tracer_bytes=214478786
activity_cells=5091
activity_sent=5054622
activity_bytes=26107188
activity_cut=0
projectile_segments=4203951
hit_candidates=1706905
trim_excess_p50_steps=0.0
trim_excess_p99_steps=0.0
trim_excess_max_steps=0.0
joins_deferred=140
bad_messages=0
recv_errors=0
send_errors=0
datagrams=3617253
sends=3617253
send_syscalls=115310
rewind_near_p50_ms=242
rewind_near_p99_ms=367
rewind_near_mean_ms=242.6
rewind_mid_p50_ms=367
rewind_mid_p99_ms=433
rewind_mid_mean_ms=361.7
ingress_longest_p50_ms=0.08
ingress_work_p50_ms=2.94
assembly_longest_p50_ms=2.82
assembly_work_p50_ms=115.84
transport_longest_p50_ms=0.56
transport_work_p50_ms=21.25
egress_longest_p50_ms=0.49
egress_work_p50_ms=13.37
