preallocated connections for 10000 clients in 244.881749ms
listening on 172.31.17.93:14500 | spawn Blob | tiers near 64@150 m, mid 500 m, far 1500 m, budget 6250 B/tick, squads of 4 | 64 rayon threads, 64 shards, 1 socket(s), 256 accepts/tick, egress SendMmsg, ingress RecvMmsg | socket buffers rcv 32768 KiB snd 32768 KiB
[    5s] clients 1000 | level 0 (0-0 in window: 30 Hz, dilation 1.0), pace 1.00, 0.0% clients bandwidth-degraded | tick p50 7.28 p99 8.53 max 8.68 ms, 0 overruns | out 52.8k pps 400 kbps/client, 344 Mbps | in 25.6k pps 17 kbps/client, 27.1 per recv, receive thread busy 8% | stand-ins: repeated 0.00% frozen 0.00%, 0 late inputs | per client-tick: 1586 B (near 452 B, 95% deltas), near 64.0 mid 85.8 far 0.0, far skipped 0 starved 0 | input wait p50 50.7 p99 67.6 ms | 140 joins deferred | kernel drops rcv 0 snd 0
         p50/p99 ms: ingress 0.53/0.87  events 0.43/1.90  movement 0.34/0.38  grid 0.17/0.23  separate 0.15/0.19  history 0.01/0.03  shots 0.98/1.25  serialize 0.06/0.10  assembly 3.27/4.22  transport 0.65/1.14  egress 0.57/0.75
[   10s] clients 1000 | level 0 (0-0 in window: 30 Hz, dilation 1.0), pace 1.00, 0.0% clients bandwidth-degraded | tick p50 7.31 p99 7.99 max 8.16 ms, 0 overruns | out 60.4k pps 394 kbps/client, 394 Mbps | in 30.0k pps 16 kbps/client, 28.6 per recv, receive thread busy 10% | stand-ins: repeated 0.00% frozen 0.00%, 0 late inputs | per client-tick: 1570 B (near 428 B, 99% deltas), near 64.0 mid 86.0 far 0.0, far skipped 0 starved 0 | input wait p50 50.9 p99 67.2 ms | 0 joins deferred | kernel drops rcv 0 snd 0
         p50/p99 ms: ingress 0.51/0.65  events 0.46/0.57  movement 0.34/0.41  grid 0.18/0.21  separate 0.16/0.19  history 0.01/0.01  shots 1.04/1.30  serialize 0.06/0.12  assembly 3.21/3.80  transport 0.72/0.99  egress 0.57/0.73
[   15s] clients 1000 | level 0 (0-0 in window: 30 Hz, dilation 1.0), pace 1.00, 0.0% clients bandwidth-degraded | tick p50 7.34 p99 8.04 max 8.18 ms, 0 overruns | out 60.4k pps 394 kbps/client, 394 Mbps | in 30.0k pps 16 kbps/client, 28.4 per recv, receive thread busy 10% | stand-ins: repeated 0.00% frozen 0.00%, 0 late inputs | per client-tick: 1571 B (near 429 B, 99% deltas), near 64.0 mid 86.0 far 0.0, far skipped 0 starved 0 | input wait p50 50.9 p99 67.2 ms | 0 joins deferred | kernel drops rcv 0 snd 0
         p50/p99 ms: ingress 0.52/0.61  events 0.46/0.57  movement 0.34/0.39  grid 0.19/0.22  separate 0.15/0.19  history 0.00/0.01  shots 1.07/1.26  serialize 0.06/0.11  assembly 3.20/3.73  transport 0.74/0.98  egress 0.57/0.73
[   20s] clients 1000 | level 0 (0-0 in window: 30 Hz, dilation 1.0), pace 1.00, 0.0% clients bandwidth-degraded | tick p50 7.38 p99 7.98 max 8.31 ms, 0 overruns | out 60.4k pps 394 kbps/client, 394 Mbps | in 30.0k pps 16 kbps/client, 28.5 per recv, receive thread busy 10% | stand-ins: repeated 0.00% frozen 0.00%, 0 late inputs | per client-tick: 1571 B (near 428 B, 99% deltas), near 64.0 mid 86.0 far 0.0, far skipped 0 starved 0 | input wait p50 50.9 p99 67.2 ms | 0 joins deferred | kernel drops rcv 0 snd 0
         p50/p99 ms: ingress 0.52/0.62  events 0.46/0.57  movement 0.34/0.39  grid 0.18/0.23  separate 0.16/0.38  history 0.01/0.01  shots 1.07/1.42  serialize 0.06/0.10  assembly 3.18/3.66  transport 0.75/1.04  egress 0.56/0.85
[   25s] clients 1000 | level 0 (0-0 in window: 30 Hz, dilation 1.0), pace 1.00, 0.0% clients bandwidth-degraded | tick p50 7.26 p99 8.03 max 8.11 ms, 0 overruns | out 60.4k pps 394 kbps/client, 394 Mbps | in 30.0k pps 16 kbps/client, 28.5 per recv, receive thread busy 10% | stand-ins: repeated 0.00% frozen 0.00%, 0 late inputs | per client-tick: 1572 B (near 429 B, 99% deltas), near 64.0 mid 86.0 far 0.0, far skipped 0 starved 0 | input wait p50 50.9 p99 67.2 ms | 0 joins deferred | kernel drops rcv 0 snd 0
         p50/p99 ms: ingress 0.52/0.64  events 0.47/0.57  movement 0.34/0.53  grid 0.18/0.21  separate 0.15/0.19  history 0.01/0.01  shots 1.06/1.41  serialize 0.06/0.11  assembly 3.15/3.62  transport 0.73/0.96  egress 0.56/0.72
[   30s] clients 1000 | level 0 (0-0 in window: 30 Hz, dilation 1.0), pace 1.00, 0.0% clients bandwidth-degraded | tick p50 7.32 p99 8.02 max 8.07 ms, 0 overruns | out 60.4k pps 394 kbps/client, 394 Mbps | in 30.0k pps 16 kbps/client, 28.5 per recv, receive thread busy 10% | stand-ins: repeated 0.00% frozen 0.00%, 0 late inputs | per client-tick: 1572 B (near 429 B, 99% deltas), near 64.0 mid 86.0 far 0.0, far skipped 0 starved 0 | input wait p50 50.9 p99 67.2 ms | 0 joins deferred | kernel drops rcv 0 snd 0
         p50/p99 ms: ingress 0.52/0.62  events 0.47/0.58  movement 0.34/0.61  grid 0.18/0.21  separate 0.15/0.34  history 0.01/0.01  shots 1.08/1.34  serialize 0.06/0.12  assembly 3.11/3.71  transport 0.72/0.98  egress 0.57/0.67
[   35s] clients 1000 | level 0 (0-0 in window: 30 Hz, dilation 1.0), pace 1.00, 0.0% clients bandwidth-degraded | tick p50 7.35 p99 8.01 max 8.09 ms, 0 overruns | out 60.4k pps 394 kbps/client, 394 Mbps | in 30.0k pps 16 kbps/client, 28.6 per recv, receive thread busy 10% | stand-ins: repeated 0.00% frozen 0.00%, 0 late inputs | per client-tick: 1570 B (near 428 B, 99% deltas), near 64.0 mid 86.0 far 0.0, far skipped 0 starved 0 | input wait p50 50.9 p99 67.2 ms | 0 joins deferred | kernel drops rcv 0 snd 0
         p50/p99 ms: ingress 0.52/0.62  events 0.43/0.56  movement 0.34/0.60  grid 0.18/0.22  separate 0.15/0.20  history 0.01/0.01  shots 1.07/1.40  serialize 0.06/0.10  assembly 3.20/3.73  transport 0.72/0.97  egress 0.57/0.89
[   40s] clients 1000 | level 0 (0-0 in window: 30 Hz, dilation 1.0), pace 1.00, 0.0% clients bandwidth-degraded | tick p50 7.30 p99 8.03 max 8.06 ms, 0 overruns | out 60.4k pps 394 kbps/client, 394 Mbps | in 30.0k pps 16 kbps/client, 28.4 per recv, receive thread busy 10% | stand-ins: repeated 0.00% frozen 0.00%, 0 late inputs | per client-tick: 1570 B (near 428 B, 99% deltas), near 64.0 mid 86.0 far 0.0, far skipped 0 starved 0 | input wait p50 50.9 p99 67.2 ms | 0 joins deferred | kernel drops rcv 0 snd 0
         p50/p99 ms: ingress 0.52/0.63  events 0.47/0.57  movement 0.34/0.58  grid 0.18/0.26  separate 0.15/0.28  history 0.00/0.01  shots 1.05/1.29  serialize 0.06/0.12  assembly 3.16/3.59  transport 0.74/0.99  egress 0.58/0.70
[   45s] clients 1000 | level 0 (0-0 in window: 30 Hz, dilation 1.0), pace 1.00, 0.0% clients bandwidth-degraded | tick p50 7.35 p99 7.96 max 8.07 ms, 0 overruns | out 60.4k pps 394 kbps/client, 394 Mbps | in 30.0k pps 16 kbps/client, 28.3 per recv, receive thread busy 10% | stand-ins: repeated 0.00% frozen 0.00%, 0 late inputs | per client-tick: 1569 B (near 428 B, 99% deltas), near 64.0 mid 86.0 far 0.0, far skipped 0 starved 0 | input wait p50 50.9 p99 67.2 ms | 0 joins deferred | kernel drops rcv 0 snd 0
         p50/p99 ms: ingress 0.52/0.76  events 0.45/0.57  movement 0.34/0.41  grid 0.19/0.22  separate 0.15/0.37  history 0.01/0.01  shots 1.06/1.31  serialize 0.06/0.10  assembly 3.19/3.75  transport 0.74/0.92  egress 0.57/0.70
[   50s] clients 1000 | level 0 (0-0 in window: 30 Hz, dilation 1.0), pace 1.00, 0.0% clients bandwidth-degraded | tick p50 7.27 p99 8.07 max 8.18 ms, 0 overruns | out 60.3k pps 394 kbps/client, 394 Mbps | in 30.0k pps 16 kbps/client, 28.6 per recv, receive thread busy 10% | stand-ins: repeated 0.00% frozen 0.00%, 0 late inputs | per client-tick: 1571 B (near 429 B, 99% deltas), near 64.0 mid 86.0 far 0.0, far skipped 0 starved 0 | input wait p50 50.9 p99 67.2 ms | 0 joins deferred | kernel drops rcv 0 snd 0
         p50/p99 ms: ingress 0.52/0.61  events 0.45/0.57  movement 0.34/0.40  grid 0.18/0.25  separate 0.16/0.37  history 0.01/0.01  shots 1.05/1.30  serialize 0.06/0.10  assembly 3.18/3.80  transport 0.73/0.98  egress 0.56/0.70
[   55s] clients 1000 | level 0 (0-0 in window: 30 Hz, dilation 1.0), pace 1.00, 0.0% clients bandwidth-degraded | tick p50 7.35 p99 8.03 max 8.13 ms, 0 overruns | out 60.4k pps 394 kbps/client, 394 Mbps | in 30.0k pps 16 kbps/client, 28.4 per recv, receive thread busy 10% | stand-ins: repeated 0.00% frozen 0.00%, 0 late inputs | per client-tick: 1571 B (near 428 B, 99% deltas), near 64.0 mid 86.0 far 0.0, far skipped 0 starved 0 | input wait p50 50.9 p99 67.3 ms | 0 joins deferred | kernel drops rcv 0 snd 0
         p50/p99 ms: ingress 0.52/0.65  events 0.46/0.56  movement 0.34/0.38  grid 0.18/0.22  separate 0.16/0.42  history 0.01/0.01  shots 1.07/1.31  serialize 0.06/0.10  assembly 3.20/3.69  transport 0.72/0.96  egress 0.57/0.68
[   60s] clients 1000 | level 0 (0-0 in window: 30 Hz, dilation 1.0), pace 1.00, 0.0% clients bandwidth-degraded | tick p50 7.34 p99 8.14 max 8.19 ms, 0 overruns | out 60.4k pps 394 kbps/client, 394 Mbps | in 30.0k pps 16 kbps/client, 28.5 per recv, receive thread busy 10% | stand-ins: repeated 0.00% frozen 0.00%, 0 late inputs | per client-tick: 1572 B (near 429 B, 99% deltas), near 64.0 mid 86.0 far 0.0, far skipped 0 starved 0 | input wait p50 50.9 p99 67.2 ms | 0 joins deferred | kernel drops rcv 0 snd 0
         p50/p99 ms: ingress 0.52/0.63  events 0.48/0.57  movement 0.34/0.40  grid 0.18/0.22  separate 0.16/0.43  history 0.00/0.01  shots 1.06/1.34  serialize 0.06/0.12  assembly 3.19/3.57  transport 0.73/1.08  egress 0.57/0.71
[   61s] clients 0 | level 0 (0-0 in window: 30 Hz, dilation 1.0), pace 1.00, 0.0% clients bandwidth-degraded | tick p50 7.55 p99 8.63 max 8.63 ms, 0 overruns | out 49.6k pps 405 kbps/client, 328 Mbps | in 35.8k pps 19 kbps/client, 31.3 per recv, receive thread busy 10% | stand-ins: repeated 0.00% frozen 0.00%, 0 late inputs | per client-tick: 1596 B (near 455 B, 94% deltas), near 64.0 mid 86.0 far 0.0, far skipped 0 starved 0 | input wait p50 51.0 p99 67.2 ms | 0 joins deferred | kernel drops rcv 0 snd 0
         p50/p99 ms: ingress 0.56/0.97  events 0.53/2.43  movement 0.34/0.35  grid 0.18/0.21  separate 0.15/0.16  history 0.00/0.01  shots 0.97/1.20  serialize 0.06/0.12  assembly 3.33/3.61  transport 0.64/0.95  egress 0.57/0.63

== summary: 1708 steady-state ticks (after warmup, before clients drain), peak 1000 clients ==
  phase        p50 ms   p99 ms   max ms
  ingress        0.52     0.63     0.97
  events         0.46     0.57     0.67
  movement       0.34     0.53     0.63
  grid           0.18     0.22     0.28
  separate       0.16     0.38     0.45
  history        0.01     0.01     0.02
  shots          1.06     1.32     1.59
  serialize      0.06     0.11     0.25
  assembly       3.19     3.71     3.86
  transport      0.73     0.98     1.12
  egress         0.57     0.72     0.90
  tick           7.32     8.03     8.31
  overruns 0 | spawns 1000 despawns 1000 (140 joins deferred) | deaths 0 respawns 0 | stand-ins: repeated 0 frozen 0 | late inputs 0 discarded 0 | bad messages 0 | recv errors 0 send errors 0
  egress (whole run): 3617253 datagrams in 3617253 sends (1.00 per send), 115310 syscalls
  ingress (whole run): 1795668 datagrams in 63214 receive calls (28.41 per call)
  ticks per ladder level (whole run): L0: 1818
  input wait on the server (datagram arrival -> applied): p50 50.9 p99 67.2 max 107.2 mean 50.4 ms
  steady state: stand-ins repeated 0 frozen 0 | late inputs 0 discarded 0
  rewind of near targets (applied step - the input's render step for that tier): p50 242 p99 367 max 367 mean 242.6 ms (n=1778331)
  rewind of mid/far targets (applied step - the input's render step for that tier): p50 367 p99 433 max 435 mean 361.7 ms (n=1778331)
  render times ahead of the server (bogus) 0
  shots 281805 (late 0, refused 0, rewinds capped 187361) | hits head 1544 body 200831 (after cover 114, too late 0), kills 0 | ground 46452 cover 5392 expired 26539 | segments 4203951 candidates 1706905
