minting tokens with the public dev key (--token-key to change)
1000 bots -> 127.0.0.1:40500 on 8 threads, ramp 0/s, 60s, 1000 full + 0 sink bots
[    5s] bots 1000/1000 connected, 1000 welcomed, 0 failed | 24.5 snaps/s/bot, entities/snap near 4.5 mid 4.3 far 6.4 | corrections 0.001/s/bot | down 51 up 13 kbps/bot | rtt 153.1 ms loss 0.03% | input->applied ~ p50 133 p99 172 ms, round trip p50 233 p99 267 ms | joins 1000 (p50 489 p99 729 ms) | server pace 1.00 level 0, 0 bots bandwidth-degraded | swarm busy 6%, overruns 6
[   10s] bots 1000/1000 connected, 1000 welcomed, 0 failed | 30.5 snaps/s/bot, entities/snap near 4.4 mid 4.2 far 6.3 | corrections 0.001/s/bot | down 61 up 15 kbps/bot | rtt 153.1 ms loss 1.04% | input->applied ~ p50 133 p99 159 ms, round trip p50 233 p99 267 ms | joins 0 (p50 0 p99 0 ms) | server pace 1.00 level 0, 0 bots bandwidth-degraded | swarm busy 5%, overruns 0
[   15s] bots 1000/1000 connected, 1000 welcomed, 0 failed | 28.6 snaps/s/bot, entities/snap near 4.4 mid 4.2 far 6.4 | corrections 0.000/s/bot | down 57 up 14 kbps/bot | rtt 153.3 ms loss 1.03% | input->applied ~ p50 133 p99 158 ms, round trip p50 233 p99 267 ms | joins 0 (p50 0 p99 0 ms) | server pace 1.00 level 0, 0 bots bandwidth-degraded | swarm busy 5%, overruns 0
[   20s] bots 1000/1000 connected, 1000 welcomed, 0 failed | 29.5 snaps/s/bot, entities/snap near 4.4 mid 4.2 far 6.4 | corrections 0.001/s/bot | down 59 up 15 kbps/bot | rtt 153.1 ms loss 0.95% | input->applied ~ p50 133 p99 159 ms, round trip p50 233 p99 267 ms | joins 0 (p50 0 p99 0 ms) | server pace 1.00 level 0, 0 bots bandwidth-degraded | swarm busy 5%, overruns 0
[   25s] bots 1000/1000 connected, 1000 welcomed, 0 failed | 30.2 snaps/s/bot, entities/snap near 4.3 mid 4.3 far 6.4 | corrections 0.000/s/bot | down 61 up 15 kbps/bot | rtt 153.2 ms loss 0.96% | input->applied ~ p50 133 p99 158 ms, round trip p50 233 p99 267 ms | joins 0 (p50 0 p99 0 ms) | server pace 1.00 level 0, 0 bots bandwidth-degraded | swarm busy 5%, overruns 0
[   30s] bots 1000/1000 connected, 1000 welcomed, 0 failed | 28.2 snaps/s/bot, entities/snap near 4.4 mid 4.2 far 6.4 | corrections 0.000/s/bot | down 57 up 14 kbps/bot | rtt 153.1 ms loss 0.94% | input->applied ~ p50 133 p99 158 ms, round trip p50 233 p99 267 ms | joins 0 (p50 0 p99 0 ms) | server pace 1.00 level 0, 0 bots bandwidth-degraded | swarm busy 5%, overruns 0
[   35s] bots 1000/1000 connected, 1000 welcomed, 0 failed | 30.2 snaps/s/bot, entities/snap near 4.4 mid 4.2 far 6.4 | corrections 0.000/s/bot | down 61 up 15 kbps/bot | rtt 153.2 ms loss 0.94% | input->applied ~ p50 133 p99 159 ms, round trip p50 233 p99 267 ms | joins 0 (p50 0 p99 0 ms) | server pace 1.00 level 0, 0 bots bandwidth-degraded | swarm busy 5%, overruns 0
[   40s] bots 1000/1000 connected, 1000 welcomed, 0 failed | 29.0 snaps/s/bot, entities/snap near 4.4 mid 4.2 far 6.4 | corrections 0.000/s/bot | down 58 up 15 kbps/bot | rtt 153.1 ms loss 0.94% | input->applied ~ p50 133 p99 158 ms, round trip p50 233 p99 267 ms | joins 0 (p50 0 p99 0 ms) | server pace 1.00 level 0, 0 bots bandwidth-degraded | swarm busy 5%, overruns 0
[   45s] bots 1000/1000 connected, 1000 welcomed, 0 failed | 29.3 snaps/s/bot, entities/snap near 4.4 mid 4.2 far 6.4 | corrections 0.000/s/bot | down 59 up 15 kbps/bot | rtt 153.1 ms loss 0.89% | input->applied ~ p50 133 p99 158 ms, round trip p50 233 p99 267 ms | joins 0 (p50 0 p99 0 ms) | server pace 1.00 level 0, 0 bots bandwidth-degraded | swarm busy 5%, overruns 0
[   50s] bots 1000/1000 connected, 1000 welcomed, 0 failed | 29.9 snaps/s/bot, entities/snap near 4.4 mid 4.2 far 6.4 | corrections 0.000/s/bot | down 60 up 15 kbps/bot | rtt 153.1 ms loss 0.96% | input->applied ~ p50 133 p99 158 ms, round trip p50 233 p99 267 ms | joins 0 (p50 0 p99 0 ms) | server pace 1.00 level 0, 0 bots bandwidth-degraded | swarm busy 6%, overruns 0
[   55s] bots 1000/1000 connected, 1000 welcomed, 0 failed | 29.1 snaps/s/bot, entities/snap near 4.4 mid 4.2 far 6.4 | corrections 0.000/s/bot | down 58 up 15 kbps/bot | rtt 153.1 ms loss 1.01% | input->applied ~ p50 133 p99 159 ms, round trip p50 233 p99 267 ms | joins 0 (p50 0 p99 0 ms) | server pace 1.00 level 0, 0 bots bandwidth-degraded | swarm busy 5%, overruns 0
[   60s] bots 1000/1000 connected, 1000 welcomed, 0 failed | 29.5 snaps/s/bot, entities/snap near 4.4 mid 4.2 far 6.4 | corrections 0.001/s/bot | down 59 up 15 kbps/bot | rtt 153.1 ms loss 0.95% | input->applied ~ p50 133 p99 159 ms, round trip p50 233 p99 267 ms | joins 0 (p50 0 p99 0 ms) | server pace 1.00 level 0, 0 bots bandwidth-degraded | swarm busy 5%, overruns 0

== bots summary ==
  started 1000 welcomed 1000 failed 0
  join latency ms: p50 489 p99 729 max 795 (n=1000)
  corrections 20 (0.02/bot-minute), mean error 0.070 m, max 0.147 m
  push corrections (the server pushed us apart from a crowd) 77 (0.08/bot-minute), max 0.100 m
  snapshots 1750732 (entities per snapshot: near 4.4 mid 4.2 far 6.4), stale 16084, unmatched acks 0, resyncs 0
  input -> applied on server (est. RTT/2 + server wait): p50 133.0 p99 159.0 max 205.0 mean 132.9 ms (n=1745554)
    of which server wait (arrival -> applied): p50 56.4 p99 83.5 max 129.5 mean 56.3 ms (n=1745554)
  input -> seen acked (round trip): p50 233.0 p99 267.0 max 300.0 mean 228.0 ms (n=1745974)
  near entity update interval (tracked bots): p50 33.0 p99 66.0 max 200.0 mean 33.7 ms (n=356456)
  mid entity update interval (tracked bots): p50 100.0 p99 200.0 max 1000.0 mean 101.3 ms (n=339251)
  far entity update interval (tracked bots): p50 500.0 p99 1000.0 max 2000.0 mean 505.1 ms (n=564081)
  near drawn (tracked bots): 99.83% interpolated, 0.00% extrapolated, 0.00% held, 0.17% new | pops p50 0 p99 0 max 145 mm
  mid drawn (tracked bots): 96.74% interpolated, 3.03% extrapolated, 0.06% held, 0.17% new | pops p50 6 p99 193 max 9793 mm
  far drawn (tracked bots): 20.13% interpolated, 78.31% extrapolated, 1.35% held, 0.20% new | pops p50 601 p99 5268 max 12728 mm
  render delay 100.8 ms behind the newest step, clock snaps 0 (backwards 0)
  input clock: 1527 extra inputs, 508 skipped ticks, 0 backlog skips | near decode errors (tracked bots) 0
  bytes down 439.6 MB up 110.7 MB | swarm busy 5% of its threads' time, tick overruns 6
