started=1000
welcomed=1000
failed=0
join_p50_ms=489
join_p99_ms=729
join_max_ms=795
corrections=20
corrections_per_bot_minute=0.020
correction_max_m=0.147
push_corrections=77
push_corrections_per_bot_minute=0.077
push_max_m=0.100
snapshots=1750732
near_per_snapshot=4.4
mid_per_snapshot=4.2
far_per_snapshot=6.4
stale_snapshots=16084
resyncs=0
input_applied_p50_ms=133.0
input_applied_p99_ms=159.0
input_applied_mean_ms=132.9
server_wait_p50_ms=56.4
server_wait_p99_ms=83.5
server_wait_mean_ms=56.3
round_trip_p50_ms=233.0
round_trip_p99_ms=267.0
round_trip_mean_ms=228.0
near_interval_p50_ms=33.0
near_interval_p99_ms=66.0
near_interval_mean_ms=33.7
mid_interval_p50_ms=100.0
mid_interval_p99_ms=200.0
mid_interval_mean_ms=101.3
far_interval_p50_ms=500.0
far_interval_p99_ms=1000.0
far_interval_mean_ms=505.1
near_interpolated_pct=99.83
near_extrapolated_pct=0.00
near_held_pct=0.00
near_new_pct=0.17
near_pop_p50_mm=0
near_pop_p99_mm=0
mid_interpolated_pct=96.74
mid_extrapolated_pct=3.03
mid_held_pct=0.06
mid_new_pct=0.17
mid_pop_p50_mm=6
mid_pop_p99_mm=193
far_interpolated_pct=20.13
far_extrapolated_pct=78.31
far_held_pct=1.35
far_new_pct=0.20
far_pop_p50_mm=601
far_pop_p99_mm=5268
render_delay_ms=100.8
render_snaps=0
render_backwards=0
clock_extra=1527
clock_skipped=508
backlog_skips=0
near_decode_errors=0
bytes_down_mb=439.6
bytes_up_mb=110.7
swarm_busy_pct=5
swarm_overruns=6
