preallocated connections for 10000 clients in 262.989781ms
listening on 127.0.0.1:40500 | spawn Uniform | tiers near 64@150 m, mid 500 m, far 1500 m, budget 6250 B/tick, squads of 4 | 8 rayon threads, 64 shards, 1 socket(s), 256 accepts/tick, egress SendMmsg | socket buffers rcv 8192 KiB snd 8192 KiB
WARNING: token key is the public dev key; anyone can mint tokens for this server (--token-key)
[    5s] clients 1000 | level 0 (0-0 in window: 30 Hz, dilation 1.0), pace 1.00, 0.0% clients bandwidth-degraded | tick p50 4.99 p99 7.38 max 20.69 ms, 0 overruns | out 27.5k pps 60 kbps/client, 53 Mbps | in 25.9k pps 16 kbps/client | stand-ins: repeated 0.06% frozen 0.00%, 79 late inputs | per client-tick: 214 B (near 40 B, 94% deltas), near 4.3 mid 4.1 far 6.2, far skipped 0 starved 0 | input wait p50 56.2 p99 95.1 ms | 314 joins deferred | kernel drops rcv 0 snd 0
         p50/p99 ms: ingress 0.38/1.09  events 0.10/1.50  movement 0.29/0.38  grid 0.17/0.39  separate 0.17/0.31  history 0.00/0.02  serialize 0.05/0.11  assembly 0.95/1.33  transport 0.41/0.89  egress 2.32/3.60
[   10s] clients 1000 | level 0 (0-0 in window: 30 Hz, dilation 1.0), pace 1.00, 0.0% clients bandwidth-degraded | tick p50 4.99 p99 5.89 max 6.05 ms, 0 overruns | out 30.0k pps 60 kbps/client, 60 Mbps | in 29.7k pps 15 kbps/client | stand-ins: repeated 0.03% frozen 0.00%, 36 late inputs | per client-tick: 213 B (near 38 B, 100% deltas), near 4.3 mid 4.2 far 6.3, far skipped 0 starved 0 | input wait p50 56.5 p99 82.8 ms | 0 joins deferred | kernel drops rcv 0 snd 0
         p50/p99 ms: ingress 0.38/0.74  events 0.10/0.17  movement 0.31/0.43  grid 0.17/0.30  separate 0.18/0.31  history 0.00/0.00  serialize 0.04/0.07  assembly 0.94/1.33  transport 0.42/0.88  egress 2.38/2.83
[   15s] clients 1000 | level 0 (0-0 in window: 30 Hz, dilation 1.0), pace 1.00, 0.0% clients bandwidth-degraded | tick p50 4.96 p99 5.75 max 5.98 ms, 0 overruns | out 30.0k pps 60 kbps/client, 60 Mbps | in 29.7k pps 15 kbps/client | stand-ins: repeated 0.02% frozen 0.00%, 31 late inputs | per client-tick: 214 B (near 38 B, 100% deltas), near 4.4 mid 4.2 far 6.3, far skipped 0 starved 0 | input wait p50 56.4 p99 82.5 ms | 0 joins deferred | kernel drops rcv 0 snd 0
         p50/p99 ms: ingress 0.38/0.57  events 0.10/0.17  movement 0.31/0.41  grid 0.17/0.30  separate 0.18/0.30  history 0.00/0.02  serialize 0.04/0.08  assembly 0.98/1.20  transport 0.43/0.94  egress 2.35/2.96
[   20s] clients 1000 | level 0 (0-0 in window: 30 Hz, dilation 1.0), pace 1.00, 0.0% clients bandwidth-degraded | tick p50 5.05 p99 5.78 max 6.41 ms, 0 overruns | out 30.0k pps 60 kbps/client, 60 Mbps | in 29.7k pps 15 kbps/client | stand-ins: repeated 0.02% frozen 0.00%, 28 late inputs | per client-tick: 214 B (near 38 B, 100% deltas), near 4.3 mid 4.2 far 6.3, far skipped 0 starved 0 | input wait p50 56.5 p99 82.6 ms | 0 joins deferred | kernel drops rcv 0 snd 0
         p50/p99 ms: ingress 0.38/0.78  events 0.10/0.16  movement 0.31/0.42  grid 0.17/0.30  separate 0.18/0.23  history 0.00/0.02  serialize 0.04/0.09  assembly 0.95/1.27  transport 0.42/0.88  egress 2.37/3.00
[   25s] clients 1000 | level 0 (0-0 in window: 30 Hz, dilation 1.0), pace 1.00, 0.0% clients bandwidth-degraded | tick p50 4.92 p99 5.89 max 6.02 ms, 0 overruns | out 30.0k pps 60 kbps/client, 60 Mbps | in 29.7k pps 15 kbps/client | stand-ins: repeated 0.02% frozen 0.00%, 28 late inputs | per client-tick: 214 B (near 38 B, 100% deltas), near 4.3 mid 4.2 far 6.3, far skipped 0 starved 0 | input wait p50 56.4 p99 82.2 ms | 0 joins deferred | kernel drops rcv 0 snd 0
         p50/p99 ms: ingress 0.38/0.94  events 0.10/0.17  movement 0.31/0.40  grid 0.17/0.30  separate 0.18/0.28  history 0.00/0.00  serialize 0.04/0.08  assembly 0.93/1.26  transport 0.41/0.83  egress 2.37/2.82
[   30s] clients 1000 | level 0 (0-0 in window: 30 Hz, dilation 1.0), pace 1.00, 0.0% clients bandwidth-degraded | tick p50 4.98 p99 6.49 max 6.54 ms, 0 overruns | out 30.0k pps 60 kbps/client, 60 Mbps | in 29.7k pps 15 kbps/client | stand-ins: repeated 0.02% frozen 0.00%, 33 late inputs | per client-tick: 214 B (near 38 B, 100% deltas), near 4.3 mid 4.2 far 6.3, far skipped 0 starved 0 | input wait p50 56.4 p99 82.4 ms | 0 joins deferred | kernel drops rcv 0 snd 0
         p50/p99 ms: ingress 0.38/0.49  events 0.10/0.17  movement 0.31/0.43  grid 0.17/0.32  separate 0.17/0.25  history 0.00/0.00  serialize 0.04/0.08  assembly 0.94/2.48  transport 0.42/0.87  egress 2.41/2.92
[   35s] clients 1000 | level 0 (0-0 in window: 30 Hz, dilation 1.0), pace 1.00, 0.0% clients bandwidth-degraded | tick p50 5.01 p99 5.84 max 5.98 ms, 0 overruns | out 30.0k pps 60 kbps/client, 60 Mbps | in 29.7k pps 15 kbps/client | stand-ins: repeated 0.02% frozen 0.00%, 35 late inputs | per client-tick: 213 B (near 38 B, 100% deltas), near 4.4 mid 4.2 far 6.3, far skipped 0 starved 0 | input wait p50 56.5 p99 82.6 ms | 0 joins deferred | kernel drops rcv 0 snd 0
         p50/p99 ms: ingress 0.38/0.46  events 0.10/0.16  movement 0.31/0.40  grid 0.18/0.30  separate 0.17/0.23  history 0.00/0.00  serialize 0.04/0.08  assembly 0.96/1.27  transport 0.42/0.88  egress 2.36/2.87
[   40s] clients 1000 | level 0 (0-0 in window: 30 Hz, dilation 1.0), pace 1.00, 0.0% clients bandwidth-degraded | tick p50 4.99 p99 5.57 max 5.71 ms, 0 overruns | out 30.0k pps 60 kbps/client, 60 Mbps | in 29.7k pps 15 kbps/client | stand-ins: repeated 0.01% frozen 0.00%, 22 late inputs | per client-tick: 213 B (near 38 B, 100% deltas), near 4.3 mid 4.2 far 6.3, far skipped 0 starved 0 | input wait p50 56.4 p99 81.9 ms | 0 joins deferred | kernel drops rcv 0 snd 0
         p50/p99 ms: ingress 0.38/0.53  events 0.10/0.15  movement 0.30/0.41  grid 0.18/0.30  separate 0.18/0.29  history 0.00/0.00  serialize 0.04/0.08  assembly 0.96/1.29  transport 0.42/0.89  egress 2.37/2.86
[   45s] clients 1000 | level 0 (0-0 in window: 30 Hz, dilation 1.0), pace 1.00, 0.0% clients bandwidth-degraded | tick p50 5.01 p99 5.82 max 5.97 ms, 0 overruns | out 30.0k pps 60 kbps/client, 60 Mbps | in 29.7k pps 15 kbps/client | stand-ins: repeated 0.02% frozen 0.00%, 31 late inputs | per client-tick: 213 B (near 38 B, 100% deltas), near 4.4 mid 4.2 far 6.3, far skipped 0 starved 0 | input wait p50 56.5 p99 82.5 ms | 0 joins deferred | kernel drops rcv 0 snd 0
         p50/p99 ms: ingress 0.39/0.72  events 0.10/0.18  movement 0.32/0.42  grid 0.17/0.30  separate 0.18/0.24  history 0.00/0.00  serialize 0.04/0.09  assembly 0.97/1.25  transport 0.42/0.84  egress 2.37/2.88
[   50s] clients 1000 | level 0 (0-0 in window: 30 Hz, dilation 1.0), pace 1.00, 0.0% clients bandwidth-degraded | tick p50 4.99 p99 7.86 max 21.30 ms, 0 overruns | out 30.0k pps 60 kbps/client, 60 Mbps | in 29.7k pps 15 kbps/client | stand-ins: repeated 0.02% frozen 0.00%, 30 late inputs | per client-tick: 214 B (near 39 B, 100% deltas), near 4.4 mid 4.1 far 6.3, far skipped 0 starved 0 | input wait p50 56.4 p99 82.4 ms | 0 joins deferred | kernel drops rcv 0 snd 0
         p50/p99 ms: ingress 0.39/0.95  events 0.10/0.16  movement 0.31/0.41  grid 0.17/0.32  separate 0.18/0.32  history 0.00/0.00  serialize 0.04/0.09  assembly 0.97/1.33  transport 0.42/0.92  egress 2.38/3.15
[   55s] clients 1000 | level 0 (0-0 in window: 30 Hz, dilation 1.0), pace 1.00, 0.0% clients bandwidth-degraded | tick p50 4.99 p99 6.62 max 7.01 ms, 0 overruns | out 30.0k pps 60 kbps/client, 60 Mbps | in 29.7k pps 15 kbps/client | stand-ins: repeated 0.02% frozen 0.00%, 35 late inputs | per client-tick: 213 B (near 38 B, 100% deltas), near 4.4 mid 4.2 far 6.3, far skipped 0 starved 0 | input wait p50 56.4 p99 83.1 ms | 0 joins deferred | kernel drops rcv 0 snd 0
         p50/p99 ms: ingress 0.38/0.50  events 0.10/0.15  movement 0.31/0.41  grid 0.17/0.32  separate 0.18/0.31  history 0.00/0.01  serialize 0.04/0.08  assembly 0.96/1.21  transport 0.43/0.93  egress 2.37/3.13
[   60s] clients 1000 | level 0 (0-0 in window: 30 Hz, dilation 1.0), pace 1.00, 0.0% clients bandwidth-degraded | tick p50 4.96 p99 5.59 max 5.90 ms, 0 overruns | out 30.0k pps 60 kbps/client, 60 Mbps | in 29.7k pps 15 kbps/client | stand-ins: repeated 0.02% frozen 0.00%, 37 late inputs | per client-tick: 213 B (near 38 B, 100% deltas), near 4.4 mid 4.2 far 6.3, far skipped 0 starved 0 | input wait p50 56.4 p99 82.6 ms | 0 joins deferred | kernel drops rcv 0 snd 0
         p50/p99 ms: ingress 0.38/0.62  events 0.10/0.15  movement 0.30/0.40  grid 0.17/0.32  separate 0.18/0.25  history 0.00/0.00  serialize 0.04/0.08  assembly 0.97/1.30  transport 0.42/0.85  egress 2.36/2.86
[   60s] clients 0 | level 0 (0-0 in window: 30 Hz, dilation 1.0), pace 1.00, 0.0% clients bandwidth-degraded | tick p50 4.93 p99 6.90 max 6.90 ms, 0 overruns | out 19.8k pps 57 kbps/client, 37 Mbps | in 42.8k pps 21 kbps/client | stand-ins: repeated 0.00% frozen 0.00%, 1 late inputs | per client-tick: 200 B (near 35 B, 100% deltas), near 4.0 mid 3.8 far 5.8, far skipped 0 starved 0 | input wait p50 56.0 p99 81.5 ms | 0 joins deferred | kernel drops rcv 0 snd 0
         p50/p99 ms: ingress 0.43/0.99  events 0.11/0.41  movement 0.23/0.32  grid 0.16/0.18  separate 0.17/0.59  history 0.00/0.00  serialize 0.03/0.04  assembly 0.91/1.30  transport 0.50/1.51  egress 2.34/2.54

== summary: 1705 steady-state ticks (after warmup, before clients drain), peak 1000 clients ==
  phase        p50 ms   p99 ms   max ms
  ingress        0.38     0.69     2.67
  events         0.10     0.17     0.28
  movement       0.31     0.41     1.63
  grid           0.17     0.31     0.39
  separate       0.18     0.29     0.34
  history        0.00     0.00     0.02
  serialize      0.04     0.08     0.12
  assembly       0.96     1.29     2.54
  transport      0.42     0.88     1.22
  egress         2.37     2.89    17.57
  tick           4.99     5.89    21.30
  overruns 0 | spawns 1000 despawns 1000 (314 joins deferred) | stand-ins: repeated 429 frozen 0 | late inputs 426 discarded 0 | bad messages 0 | recv errors 0 send errors 0
  egress (whole run): 1797229 datagrams in 1797229 sends (1.00 per send), 115207 syscalls
  ticks per ladder level (whole run): L0: 1812
  input wait on the server (datagram arrival -> applied): p50 56.4 p99 83.5 max 129.5 mean 56.3 ms
  steady state: stand-ins repeated 355 frozen 0 | late inputs 352 discarded 0
  rewind (applied step - the input's render step, what lag compensation would rewind): p50 302 p99 330 max 367 mean 303.9 ms (n=1778948), render times ahead of the server 0
