3000 bots -> 172.16.8.2:40500 on 24 threads, ramp 0/s, 60s, 3000 full + 0 sink bots
[    5s] bots 3000/3000 connected, 3000 welcomed, 0 failed | 26.0 snaps/s/bot, entities/snap near 64.5 mid 86.6 far 0.0 | corrections 0.000/s/bot | down 298 up 10 kbps/bot | rtt 7.5 ms loss 0.00% | input->applied ~ p50 54 p99 71 ms, round trip p50 67 p99 100 ms | joins 3000 (p50 318 p99 794 ms) | server pace 1.00 level 0, 0 bots bandwidth-degraded | swarm busy 5%, overruns 0
[   10s] bots 3000/3000 connected, 3000 welcomed, 0 failed | 31.0 snaps/s/bot, entities/snap near 64.0 mid 86.0 far 0.0 | corrections 0.000/s/bot | down 350 up 12 kbps/bot | rtt 7.5 ms loss 0.00% | input->applied ~ p50 54 p99 70 ms, round trip p50 67 p99 100 ms | joins 0 (p50 0 p99 0 ms) | server pace 1.00 level 0, 0 bots bandwidth-degraded | swarm busy 5%, overruns 0
[   15s] bots 3000/3000 connected, 3000 welcomed, 0 failed | 29.0 snaps/s/bot, entities/snap near 64.0 mid 86.0 far 0.0 | corrections 0.000/s/bot | down 328 up 12 kbps/bot | rtt 7.5 ms loss 0.00% | input->applied ~ p50 54 p99 70 ms, round trip p50 67 p99 100 ms | joins 0 (p50 0 p99 0 ms) | server pace 1.00 level 0, 0 bots bandwidth-degraded | swarm busy 5%, overruns 0
[   20s] bots 3000/3000 connected, 3000 welcomed, 0 failed | 30.5 snaps/s/bot, entities/snap near 64.0 mid 86.0 far 0.0 | corrections 0.000/s/bot | down 344 up 12 kbps/bot | rtt 7.4 ms loss 0.00% | input->applied ~ p50 54 p99 70 ms, round trip p50 67 p99 100 ms | joins 0 (p50 0 p99 0 ms) | server pace 1.00 level 0, 0 bots bandwidth-degraded | swarm busy 5%, overruns 0
[   25s] bots 3000/3000 connected, 3000 welcomed, 0 failed | 30.1 snaps/s/bot, entities/snap near 64.0 mid 86.0 far 0.0 | corrections 0.000/s/bot | down 339 up 12 kbps/bot | rtt 7.4 ms loss 0.00% | input->applied ~ p50 53 p99 70 ms, round trip p50 67 p99 100 ms | joins 0 (p50 0 p99 0 ms) | server pace 1.00 level 0, 0 bots bandwidth-degraded | swarm busy 5%, overruns 0
[   30s] bots 3000/3000 connected, 3000 welcomed, 0 failed | 29.5 snaps/s/bot, entities/snap near 64.0 mid 86.0 far 0.0 | corrections 0.000/s/bot | down 333 up 12 kbps/bot | rtt 7.5 ms loss 0.00% | input->applied ~ p50 54 p99 70 ms, round trip p50 67 p99 100 ms | joins 0 (p50 0 p99 0 ms) | server pace 1.00 level 0, 0 bots bandwidth-degraded | swarm busy 5%, overruns 0
[   35s] bots 3000/3000 connected, 3000 welcomed, 0 failed | 30.8 snaps/s/bot, entities/snap near 64.0 mid 86.0 far 0.0 | corrections 0.000/s/bot | down 347 up 12 kbps/bot | rtt 7.4 ms loss 0.00% | input->applied ~ p50 53 p99 70 ms, round trip p50 67 p99 100 ms | joins 0 (p50 0 p99 0 ms) | server pace 1.00 level 0, 0 bots bandwidth-degraded | swarm busy 5%, overruns 0
[   40s] bots 3000/3000 connected, 3000 welcomed, 0 failed | 29.4 snaps/s/bot, entities/snap near 64.0 mid 86.0 far 0.0 | corrections 0.000/s/bot | down 332 up 12 kbps/bot | rtt 7.5 ms loss 0.00% | input->applied ~ p50 54 p99 70 ms, round trip p50 67 p99 100 ms | joins 0 (p50 0 p99 0 ms) | server pace 1.00 level 0, 0 bots bandwidth-degraded | swarm busy 5%, overruns 0
[   45s] bots 3000/3000 connected, 3000 welcomed, 0 failed | 30.1 snaps/s/bot, entities/snap near 64.0 mid 86.0 far 0.0 | corrections 0.000/s/bot | down 340 up 12 kbps/bot | rtt 7.5 ms loss 0.00% | input->applied ~ p50 54 p99 70 ms, round trip p50 67 p99 100 ms | joins 0 (p50 0 p99 0 ms) | server pace 1.00 level 0, 0 bots bandwidth-degraded | swarm busy 5%, overruns 0
[   50s] bots 3000/3000 connected, 3000 welcomed, 0 failed | 30.1 snaps/s/bot, entities/snap near 64.0 mid 86.0 far 0.0 | corrections 0.000/s/bot | down 340 up 12 kbps/bot | rtt 7.4 ms loss 0.00% | input->applied ~ p50 54 p99 70 ms, round trip p50 67 p99 100 ms | joins 0 (p50 0 p99 0 ms) | server pace 1.00 level 0, 0 bots bandwidth-degraded | swarm busy 5%, overruns 0
[   55s] bots 3000/3000 connected, 3000 welcomed, 0 failed | 29.7 snaps/s/bot, entities/snap near 64.0 mid 86.0 far 0.0 | corrections 0.000/s/bot | down 336 up 12 kbps/bot | rtt 7.4 ms loss 0.00% | input->applied ~ p50 54 p99 70 ms, round trip p50 67 p99 100 ms | joins 0 (p50 0 p99 0 ms) | server pace 1.00 level 0, 0 bots bandwidth-degraded | swarm busy 5%, overruns 0
[   60s] bots 3000/3000 connected, 3000 welcomed, 0 failed | 30.3 snaps/s/bot, entities/snap near 64.0 mid 86.0 far 0.0 | corrections 0.000/s/bot | down 342 up 12 kbps/bot | rtt 7.5 ms loss 0.00% | input->applied ~ p50 54 p99 70 ms, round trip p50 67 p99 100 ms | joins 0 (p50 0 p99 0 ms) | server pace 1.00 level 0, 0 bots bandwidth-degraded | swarm busy 5%, overruns 0

== bots summary ==
  started 3000 welcomed 3000 failed 0
  join latency ms: p50 318 p99 794 max 925 (n=3000)
  corrections 0 (0.00/bot-minute), mean error 0.000 m, max 0.000 m
  snapshots 5366235 (entities per snapshot: near 64.0 mid 86.0 far 0.0), stale 0, unmatched acks 0, resyncs 0
  input -> applied on server (est. RTT/2 + server wait): p50 54.0 p99 70.0 max 74.0 mean 53.8 ms (n=5365323)
    of which server wait (arrival -> applied): p50 50.0 p99 66.4 max 69.0 mean 50.1 ms (n=5365323)
  input -> seen acked (round trip): p50 67.0 p99 100.0 max 100.0 mean 73.5 ms (n=5365323)
  near entity update interval (tracked bots): p50 66.0 p99 66.0 max 133.0 mean 53.2 ms (n=17148110)
  mid entity update interval (tracked bots): p50 100.0 p99 100.0 max 59800.0 mean 151.3 ms (n=22953629)
  far entity update interval (tracked bots): p50 0.0 p99 0.0 max 0.0 mean 0.0 ms (n=0)
  input clock: 3092 extra inputs, 217 skipped ticks, 0 backlog skips | near decode errors (tracked bots) 0
  bytes down 7586.2 MB up 268.4 MB | swarm busy 5% of its threads' time, tick overruns 0
