warning: use of deprecated method `std::sync::atomic::Atomic::<usize>::fetch_update`: renamed to `try_update` for consistency
   --> src/server.rs:140:14
    |
140 |             .fetch_update(Ordering::AcqRel, Ordering::Acquire, |n| (n < self.max_clients).then_some(n + 1))
    |              ^^^^^^^^^^^^
    |
    = note: `#[warn(deprecated)]` on by default
help: replace the use of the deprecated method
    |
140 -             .fetch_update(Ordering::AcqRel, Ordering::Acquire, |n| (n < self.max_clients).then_some(n + 1))
140 +             .try_update(Ordering::AcqRel, Ordering::Acquire, |n| (n < self.max_clients).then_some(n + 1))
    |

== blob, 3000 bots, 60s -> baselines/2026-10-04-scaleway-128t/blob-3k-sendmmsg-2
== summary: 1708 steady-state ticks (after warmup, before clients drain), peak 3000 clients ==
  phase        p50 ms   p99 ms   max ms
  ingress        0.88     1.14     1.25
  events         0.94     1.17     1.30
  movement       0.19     0.25     0.29
  grid           0.13     0.20     0.23
  history        0.00     0.00     0.01
  serialize      0.11     0.14     0.16
  assembly       2.40     3.09     3.84
  transport      0.93     1.14     1.33
  egress         2.07     2.33     2.46
  tick           7.66     8.50     9.54
  overruns 0 | spawns 3000 despawns 3000 (6722 joins deferred) | stand-ins: repeated 0 frozen 0 | late inputs 0 discarded 0 | bad messages 0 | recv errors 0 send errors 0
  egress (whole run): 10751682 datagrams in 10751682 sends (1.00 per send), 115264 syscalls
  ticks per ladder level (whole run): L0: 1820
  input wait on the server (datagram arrival -> applied): p50 50.0 p99 66.4 max 69.0 mean 50.1 ms
  steady state: stand-ins repeated 0 frozen 0 | late inputs 0 discarded 0
== bots summary ==
  started 3000 welcomed 3000 failed 0
  join latency ms: p50 318 p99 794 max 925 (n=3000)
  corrections 0 (0.00/bot-minute), mean error 0.000 m, max 0.000 m
  snapshots 5366235 (entities per snapshot: near 64.0 mid 86.0 far 0.0), stale 0, unmatched acks 0, resyncs 0
  input -> applied on server (est. RTT/2 + server wait): p50 54.0 p99 70.0 max 74.0 mean 53.8 ms (n=5365323)
    of which server wait (arrival -> applied): p50 50.0 p99 66.4 max 69.0 mean 50.1 ms (n=5365323)
  input -> seen acked (round trip): p50 67.0 p99 100.0 max 100.0 mean 73.5 ms (n=5365323)
  near entity update interval (tracked bots): p50 66.0 p99 66.0 max 133.0 mean 53.2 ms (n=17148110)
  mid entity update interval (tracked bots): p50 100.0 p99 100.0 max 59800.0 mean 151.3 ms (n=22953629)
  far entity update interval (tracked bots): p50 0.0 p99 0.0 max 0.0 mean 0.0 ms (n=0)
  input clock: 3092 extra inputs, 217 skipped ticks, 0 backlog skips | near decode errors (tracked bots) 0
  bytes down 7586.2 MB up 268.4 MB | swarm busy 5% of its threads' time, tick overruns 0
