preallocated connections for 10000 clients in 218.645366ms
listening on 172.16.8.2:40500 | spawn Blob | tiers near 64@150 m, mid 500 m, far 1500 m, budget 6250 B/tick, squads of 4 | 128 rayon threads, 64 shards, 256 accepts/tick, egress SendMmsg | socket buffers rcv 32768 KiB snd 32768 KiB
[    5s] clients 3000 | level 0 (0-0 in window: 30 Hz, dilation 1.0), pace 1.00, 0.0% clients bandwidth-degraded | tick p50 7.69 p99 10.26 max 11.49 ms, 0 overruns | out 149.6k pps 344 kbps/client, 847 Mbps | in 76.1k pps 14 kbps/client | stand-ins: repeated 0.00% frozen 0.00%, 0 late inputs | per client-tick: 1361 B (near 369 B, 97% deltas), near 64.0 mid 86.0 far 0.0, far skipped 0 starved 0 | input wait p50 50.4 p99 66.6 ms | 6722 joins deferred | kernel drops rcv 0 snd 0
         p50/p99 ms: ingress 0.90/2.74  events 0.93/2.44  movement 0.17/0.26  grid 0.13/0.21  history 0.00/0.02  serialize 0.11/0.17  assembly 2.36/4.31  transport 0.93/1.25  egress 2.06/2.31
[   10s] clients 3000 | level 0 (0-0 in window: 30 Hz, dilation 1.0), pace 1.00, 0.0% clients bandwidth-degraded | tick p50 7.67 p99 8.50 max 8.54 ms, 0 overruns | out 180.0k pps 339 kbps/client, 1017 Mbps | in 90.0k pps 12 kbps/client | stand-ins: repeated 0.00% frozen 0.00%, 0 late inputs | per client-tick: 1347 B (near 355 B, 99% deltas), near 64.0 mid 86.0 far 0.0, far skipped 0 starved 0 | input wait p50 50.0 p99 66.4 ms | 0 joins deferred | kernel drops rcv 0 snd 0
         p50/p99 ms: ingress 0.87/1.12  events 0.93/1.17  movement 0.19/0.26  grid 0.13/0.20  history 0.00/0.00  serialize 0.11/0.14  assembly 2.40/2.80  transport 0.93/1.19  egress 2.08/2.33
[   15s] clients 3000 | level 0 (0-0 in window: 30 Hz, dilation 1.0), pace 1.00, 0.0% clients bandwidth-degraded | tick p50 7.70 p99 8.48 max 8.60 ms, 0 overruns | out 180.0k pps 339 kbps/client, 1017 Mbps | in 90.0k pps 12 kbps/client | stand-ins: repeated 0.00% frozen 0.00%, 0 late inputs | per client-tick: 1347 B (near 355 B, 99% deltas), near 64.0 mid 86.0 far 0.0, far skipped 0 starved 0 | input wait p50 50.0 p99 66.4 ms | 0 joins deferred | kernel drops rcv 0 snd 0
         p50/p99 ms: ingress 0.90/1.17  events 0.95/1.18  movement 0.19/0.25  grid 0.13/0.21  history 0.00/0.00  serialize 0.11/0.14  assembly 2.40/3.07  transport 0.95/1.10  egress 2.07/2.37
[   20s] clients 3000 | level 0 (0-0 in window: 30 Hz, dilation 1.0), pace 1.00, 0.0% clients bandwidth-degraded | tick p50 7.63 p99 8.51 max 8.68 ms, 0 overruns | out 180.0k pps 339 kbps/client, 1017 Mbps | in 90.0k pps 12 kbps/client | stand-ins: repeated 0.00% frozen 0.00%, 0 late inputs | per client-tick: 1347 B (near 355 B, 99% deltas), near 64.0 mid 86.0 far 0.0, far skipped 0 starved 0 | input wait p50 50.0 p99 66.4 ms | 0 joins deferred | kernel drops rcv 0 snd 0
         p50/p99 ms: ingress 0.89/1.16  events 0.93/1.17  movement 0.19/0.26  grid 0.13/0.21  history 0.00/0.00  serialize 0.11/0.14  assembly 2.39/3.26  transport 0.94/1.09  egress 2.04/2.31
[   25s] clients 3000 | level 0 (0-0 in window: 30 Hz, dilation 1.0), pace 1.00, 0.0% clients bandwidth-degraded | tick p50 7.69 p99 8.36 max 8.53 ms, 0 overruns | out 180.0k pps 339 kbps/client, 1016 Mbps | in 90.0k pps 12 kbps/client | stand-ins: repeated 0.00% frozen 0.00%, 0 late inputs | per client-tick: 1347 B (near 355 B, 99% deltas), near 64.0 mid 86.0 far 0.0, far skipped 0 starved 0 | input wait p50 50.0 p99 66.4 ms | 0 joins deferred | kernel drops rcv 0 snd 0
         p50/p99 ms: ingress 0.87/1.15  events 0.95/1.12  movement 0.19/0.26  grid 0.13/0.20  history 0.00/0.00  serialize 0.10/0.15  assembly 2.42/3.01  transport 0.94/1.18  egress 2.05/2.33
[   30s] clients 3000 | level 0 (0-0 in window: 30 Hz, dilation 1.0), pace 1.00, 0.0% clients bandwidth-degraded | tick p50 7.66 p99 8.50 max 8.66 ms, 0 overruns | out 180.0k pps 339 kbps/client, 1017 Mbps | in 90.0k pps 12 kbps/client | stand-ins: repeated 0.00% frozen 0.00%, 0 late inputs | per client-tick: 1347 B (near 355 B, 99% deltas), near 64.0 mid 86.0 far 0.0, far skipped 0 starved 0 | input wait p50 50.0 p99 66.4 ms | 0 joins deferred | kernel drops rcv 0 snd 0
         p50/p99 ms: ingress 0.86/1.09  events 0.94/1.12  movement 0.18/0.24  grid 0.13/0.21  history 0.00/0.00  serialize 0.10/0.15  assembly 2.42/2.81  transport 0.94/1.21  egress 2.06/2.38
[   35s] clients 3000 | level 0 (0-0 in window: 30 Hz, dilation 1.0), pace 1.00, 0.0% clients bandwidth-degraded | tick p50 7.61 p99 8.72 max 8.82 ms, 0 overruns | out 180.0k pps 339 kbps/client, 1016 Mbps | in 90.0k pps 12 kbps/client | stand-ins: repeated 0.00% frozen 0.00%, 0 late inputs | per client-tick: 1347 B (near 355 B, 99% deltas), near 64.0 mid 86.0 far 0.0, far skipped 0 starved 0 | input wait p50 50.0 p99 66.4 ms | 0 joins deferred | kernel drops rcv 0 snd 0
         p50/p99 ms: ingress 0.88/1.19  events 0.93/1.22  movement 0.18/0.24  grid 0.13/0.21  history 0.00/0.00  serialize 0.11/0.14  assembly 2.39/3.20  transport 0.92/1.09  egress 2.03/2.35
[   40s] clients 3000 | level 0 (0-0 in window: 30 Hz, dilation 1.0), pace 1.00, 0.0% clients bandwidth-degraded | tick p50 7.63 p99 8.91 max 9.10 ms, 0 overruns | out 180.0k pps 339 kbps/client, 1017 Mbps | in 90.0k pps 12 kbps/client | stand-ins: repeated 0.00% frozen 0.00%, 0 late inputs | per client-tick: 1347 B (near 355 B, 99% deltas), near 64.0 mid 86.0 far 0.0, far skipped 0 starved 0 | input wait p50 50.0 p99 66.4 ms | 0 joins deferred | kernel drops rcv 0 snd 0
         p50/p99 ms: ingress 0.88/1.14  events 0.93/1.18  movement 0.19/0.27  grid 0.13/0.20  history 0.00/0.00  serialize 0.10/0.14  assembly 2.38/3.34  transport 0.93/1.10  egress 2.08/2.31
[   45s] clients 3000 | level 0 (0-0 in window: 30 Hz, dilation 1.0), pace 1.00, 0.0% clients bandwidth-degraded | tick p50 7.65 p99 8.53 max 8.55 ms, 0 overruns | out 180.0k pps 339 kbps/client, 1017 Mbps | in 90.0k pps 12 kbps/client | stand-ins: repeated 0.00% frozen 0.00%, 0 late inputs | per client-tick: 1347 B (near 355 B, 99% deltas), near 64.0 mid 86.0 far 0.0, far skipped 0 starved 0 | input wait p50 50.0 p99 66.4 ms | 0 joins deferred | kernel drops rcv 0 snd 0
         p50/p99 ms: ingress 0.88/1.11  events 0.94/1.17  movement 0.20/0.26  grid 0.13/0.20  history 0.00/0.00  serialize 0.10/0.14  assembly 2.40/3.08  transport 0.93/1.21  egress 2.08/2.35
[   50s] clients 3000 | level 0 (0-0 in window: 30 Hz, dilation 1.0), pace 1.00, 0.0% clients bandwidth-degraded | tick p50 7.59 p99 8.32 max 8.53 ms, 0 overruns | out 180.0k pps 339 kbps/client, 1017 Mbps | in 90.0k pps 12 kbps/client | stand-ins: repeated 0.00% frozen 0.00%, 0 late inputs | per client-tick: 1347 B (near 355 B, 99% deltas), near 64.0 mid 86.0 far 0.0, far skipped 0 starved 0 | input wait p50 50.0 p99 66.4 ms | 0 joins deferred | kernel drops rcv 0 snd 0
         p50/p99 ms: ingress 0.88/1.13  events 0.94/1.19  movement 0.18/0.25  grid 0.13/0.20  history 0.00/0.00  serialize 0.11/0.14  assembly 2.40/2.80  transport 0.93/1.18  egress 2.07/2.37
[   55s] clients 3000 | level 0 (0-0 in window: 30 Hz, dilation 1.0), pace 1.00, 0.0% clients bandwidth-degraded | tick p50 7.65 p99 8.41 max 8.78 ms, 0 overruns | out 180.0k pps 339 kbps/client, 1017 Mbps | in 90.0k pps 12 kbps/client | stand-ins: repeated 0.00% frozen 0.00%, 0 late inputs | per client-tick: 1347 B (near 355 B, 99% deltas), near 64.0 mid 86.0 far 0.0, far skipped 0 starved 0 | input wait p50 50.0 p99 66.4 ms | 0 joins deferred | kernel drops rcv 0 snd 0
         p50/p99 ms: ingress 0.88/1.12  events 0.94/1.14  movement 0.18/0.26  grid 0.13/0.20  history 0.00/0.01  serialize 0.10/0.14  assembly 2.39/3.29  transport 0.93/1.12  egress 2.11/2.28
[   60s] clients 3000 | level 0 (0-0 in window: 30 Hz, dilation 1.0), pace 1.00, 0.0% clients bandwidth-degraded | tick p50 7.68 p99 8.49 max 8.56 ms, 0 overruns | out 180.0k pps 339 kbps/client, 1017 Mbps | in 90.0k pps 12 kbps/client | stand-ins: repeated 0.00% frozen 0.00%, 0 late inputs | per client-tick: 1347 B (near 355 B, 99% deltas), near 64.0 mid 86.0 far 0.0, far skipped 0 starved 0 | input wait p50 50.0 p99 66.4 ms | 0 joins deferred | kernel drops rcv 0 snd 0
         p50/p99 ms: ingress 0.91/1.14  events 0.93/1.15  movement 0.18/0.24  grid 0.13/0.21  history 0.00/0.00  serialize 0.11/0.15  assembly 2.39/3.09  transport 0.93/1.18  egress 2.08/2.32
[   61s] clients 0 | level 0 (0-0 in window: 30 Hz, dilation 1.0), pace 1.00, 0.0% clients bandwidth-degraded | tick p50 7.83 p99 13.94 max 13.94 ms, 0 overruns | out 144.2k pps 345 kbps/client, 816 Mbps | in 100.3k pps 14 kbps/client | stand-ins: repeated 0.00% frozen 0.00%, 0 late inputs | per client-tick: 1350 B (near 360 B, 98% deltas), near 64.0 mid 85.8 far 0.0, far skipped 0 starved 0 | input wait p50 50.1 p99 66.4 ms | 0 joins deferred | kernel drops rcv 0 snd 0
         p50/p99 ms: ingress 0.90/3.00  events 0.99/9.37  movement 0.20/0.26  grid 0.12/0.15  history 0.00/0.00  serialize 0.11/0.13  assembly 2.42/3.84  transport 0.98/1.03  egress 1.69/2.21

== summary: 1708 steady-state ticks (after warmup, before clients drain), peak 3000 clients ==
  phase        p50 ms   p99 ms   max ms
  ingress        0.88     1.14     1.25
  events         0.94     1.17     1.30
  movement       0.19     0.25     0.29
  grid           0.13     0.20     0.23
  history        0.00     0.00     0.01
  serialize      0.11     0.14     0.16
  assembly       2.40     3.09     3.84
  transport      0.93     1.14     1.33
  egress         2.07     2.33     2.46
  tick           7.66     8.50     9.54
  overruns 0 | spawns 3000 despawns 3000 (6722 joins deferred) | stand-ins: repeated 0 frozen 0 | late inputs 0 discarded 0 | bad messages 0 | recv errors 0 send errors 0
  egress (whole run): 10751682 datagrams in 10751682 sends (1.00 per send), 115264 syscalls
  ticks per ladder level (whole run): L0: 1820
  input wait on the server (datagram arrival -> applied): p50 50.0 p99 66.4 max 69.0 mean 50.1 ms
  steady state: stand-ins repeated 0 frozen 0 | late inputs 0 discarded 0
