1000 bots -> 172.31.27.101:40500 on 4 threads, ramp 0/s, 20s, 1000 full + 0 sink bots
[    5s] bots 1000/1000 connected, 1000 welcomed, 0 failed | 26.6 snaps/s/bot, entities/snap near 4.3 mid 4.2 far 6.3 | corrections 0.000/s/bot | down 52 up 13 kbps/bot | rtt 3.3 ms loss 0.00% | input->applied ~ p50 60 p99 94 ms, round trip p50 67 p99 100 ms | joins 1000 (p50 197 p99 463 ms) | server pace 1.00 level 0, 0 bots bandwidth-degraded | swarm busy 8%, overruns 3
[   10s] bots 1000/1000 connected, 1000 welcomed, 0 failed | 31.3 snaps/s/bot, entities/snap near 4.4 mid 4.2 far 6.3 | corrections 0.000/s/bot | down 61 up 16 kbps/bot | rtt 3.3 ms loss 0.00% | input->applied ~ p50 60 p99 68 ms, round trip p50 67 p99 100 ms | joins 0 (p50 0 p99 0 ms) | server pace 1.00 level 0, 0 bots bandwidth-degraded | swarm busy 7%, overruns 0
[   15s] bots 1000/1000 connected, 1000 welcomed, 0 failed | 28.1 snaps/s/bot, entities/snap near 4.4 mid 4.2 far 6.3 | corrections 0.000/s/bot | down 55 up 14 kbps/bot | rtt 3.3 ms loss 0.00% | input->applied ~ p50 60 p99 68 ms, round trip p50 67 p99 100 ms | joins 0 (p50 0 p99 0 ms) | server pace 1.00 level 0, 0 bots bandwidth-degraded | swarm busy 7%, overruns 0
[   20s] bots 1000/1000 connected, 1000 welcomed, 0 failed | 31.3 snaps/s/bot, entities/snap near 4.4 mid 4.2 far 6.3 | corrections 0.000/s/bot | down 61 up 16 kbps/bot | rtt 3.3 ms loss 0.00% | input->applied ~ p50 60 p99 68 ms, round trip p50 67 p99 100 ms | joins 0 (p50 0 p99 0 ms) | server pace 1.00 level 0, 0 bots bandwidth-degraded | swarm busy 7%, overruns 0

== bots summary ==
  started 1000 welcomed 1000 failed 0
  join latency ms: p50 197 p99 463 max 597 (n=1000)
  corrections 0 (0.00/bot-minute), mean error 0.000 m, max 0.000 m
  push corrections (the server pushed us apart from a crowd) 46 (0.14/bot-minute), max 0.100 m
  snapshots 592967 (entities per snapshot: near 4.4 mid 4.2 far 6.3), stale 0, unmatched acks 0, resyncs 0
  input -> applied on server (est. RTT/2 + server wait): p50 60.0 p99 69.0 max 101.0 mean 54.1 ms (n=592210)
    of which server wait (arrival -> applied): p50 58.2 p99 66.8 max 99.5 mean 52.5 ms (n=592210)
  input -> seen acked (round trip): p50 67.0 p99 100.0 max 157.0 mean 78.2 ms (n=592210)
  near entity update interval (tracked bots): p50 33.0 p99 33.0 max 100.0 mean 33.0 ms (n=132534)
  mid entity update interval (tracked bots): p50 100.0 p99 100.0 max 500.0 mean 100.2 ms (n=118496)
  far entity update interval (tracked bots): p50 500.0 p99 500.0 max 2000.0 mean 499.9 ms (n=193359)
  near drawn (tracked bots): 99.65% interpolated, 0.01% extrapolated, 0.00% held, 0.34% new | pops p50 0 p99 0 max 0 mm
  mid drawn (tracked bots): 98.82% interpolated, 0.15% extrapolated, 0.01% held, 1.01% new | pops p50 0 p99 0 max 3789 mm
  far drawn (tracked bots): 39.46% interpolated, 59.01% extrapolated, 0.45% held, 1.08% new | pops p50 424 p99 3686 max 9247 mm
  render delay (near) 70.7 ms behind the newest step, clock snaps 0 (backwards 0), slewing 5.07% of frames, near delay changes 24 | streak entity-frames (drawn > 20 m/s) 57205
  input clock: 1050 extra inputs, 280 skipped ticks, 0 backlog skips | near decode errors (tracked bots) 0
  bytes down 145.4 MB up 37.4 MB | swarm busy 7% of its threads' time, tick overruns 3
