started=1000
welcomed=1000
failed=0
join_p50_ms=197
join_p99_ms=463
join_max_ms=597
corrections=0
corrections_per_bot_minute=0.000
correction_max_m=0.000
push_corrections=46
push_corrections_per_bot_minute=0.138
push_max_m=0.100
snapshots=592967
near_per_snapshot=4.4
mid_per_snapshot=4.2
far_per_snapshot=6.3
stale_snapshots=0
resyncs=0
input_applied_p50_ms=60.0
input_applied_p99_ms=69.0
input_applied_mean_ms=54.1
server_wait_p50_ms=58.2
server_wait_p99_ms=66.8
server_wait_mean_ms=52.5
round_trip_p50_ms=67.0
round_trip_p99_ms=100.0
round_trip_mean_ms=78.2
near_interval_p50_ms=33.0
near_interval_p99_ms=33.0
near_interval_mean_ms=33.0
mid_interval_p50_ms=100.0
mid_interval_p99_ms=100.0
mid_interval_mean_ms=100.2
far_interval_p50_ms=500.0
far_interval_p99_ms=500.0
far_interval_mean_ms=499.9
near_interpolated_pct=99.65
near_extrapolated_pct=0.01
near_held_pct=0.00
near_new_pct=0.34
near_pop_p50_mm=0
near_pop_p99_mm=0
mid_interpolated_pct=98.82
mid_extrapolated_pct=0.15
mid_held_pct=0.01
mid_new_pct=1.01
mid_pop_p50_mm=0
mid_pop_p99_mm=0
far_interpolated_pct=39.46
far_extrapolated_pct=59.01
far_held_pct=0.45
far_new_pct=1.08
far_pop_p50_mm=424
far_pop_p99_mm=3686
render_delay_ms=70.7
render_snaps=0
shots_seen=0
activity_cells=0
activity_shots=0
ambient=0
streak_frames_per_million=16616
clock_slewing_pct=5.07
delay_changes=24
render_backwards=0
clock_extra=1050
clock_skipped=280
backlog_skips=0
near_decode_errors=0
bytes_down_mb=145.4
bytes_up_mb=37.4
swarm_busy_pct=7
swarm_overruns=3
