preallocated connections for 10000 clients in 264.570818ms
listening on 172.31.27.101:40500 | spawn Uniform | tiers near 64@150 m, mid 500 m, far 1500 m, budget 6250 B/tick, squads of 4 | 8 rayon threads, 64 shards, 1 socket(s), 256 accepts/tick, egress SendMmsg, ingress RecvFrom | socket buffers rcv 32768 KiB snd 32768 KiB
[    5s] clients 1000 | level 0 (0-0 in window: 30 Hz, dilation 1.0), pace 1.00, 0.0% clients bandwidth-degraded | tick p50 2.37 p99 3.65 max 3.99 ms, 0 overruns | out 26.6k pps 59 kbps/client, 51 Mbps | in 26.5k pps 17 kbps/client, 1.0 per recv, receive thread busy 8% | stand-ins: repeated 0.00% frozen 0.00%, 0 late inputs | per client-tick: 209 B (near 34 B, 99% deltas), near 4.3 mid 4.1 far 6.2, far skipped 0 starved 0 | input wait p50 58.5 p99 92.4 ms | 1159 joins deferred | kernel drops rcv 0 snd 0
         p50/p99 ms: ingress 0.28/0.49  events 0.22/2.10  movement 0.24/0.28  grid 0.17/0.22  separate 0.04/0.10  history 0.00/0.02  shots 0.00/0.01  serialize 0.05/0.08  assembly 0.49/0.62  transport 0.25/0.30  egress 0.56/0.65
[   10s] clients 1000 | level 0 (0-0 in window: 30 Hz, dilation 1.0), pace 1.00, 0.0% clients bandwidth-degraded | tick p50 2.38 p99 2.56 max 2.77 ms, 0 overruns | out 30.0k pps 59 kbps/client, 59 Mbps | in 30.0k pps 15 kbps/client, 1.0 per recv, receive thread busy 9% | stand-ins: repeated 0.00% frozen 0.00%, 0 late inputs | per client-tick: 210 B (near 34 B, 100% deltas), near 4.3 mid 4.2 far 6.3, far skipped 0 starved 0 | input wait p50 58.1 p99 66.5 ms | 0 joins deferred | kernel drops rcv 0 snd 0
         p50/p99 ms: ingress 0.28/0.38  events 0.22/0.27  movement 0.25/0.29  grid 0.18/0.22  separate 0.04/0.07  history 0.00/0.01  shots 0.01/0.01  serialize 0.05/0.06  assembly 0.49/0.58  transport 0.26/0.32  egress 0.58/0.70
[   15s] clients 1000 | level 0 (0-0 in window: 30 Hz, dilation 1.0), pace 1.00, 0.0% clients bandwidth-degraded | tick p50 2.37 p99 2.52 max 2.56 ms, 0 overruns | out 30.0k pps 59 kbps/client, 59 Mbps | in 30.0k pps 15 kbps/client, 1.0 per recv, receive thread busy 9% | stand-ins: repeated 0.00% frozen 0.00%, 0 late inputs | per client-tick: 210 B (near 34 B, 100% deltas), near 4.4 mid 4.2 far 6.3, far skipped 0 starved 0 | input wait p50 58.1 p99 66.5 ms | 0 joins deferred | kernel drops rcv 0 snd 0
         p50/p99 ms: ingress 0.27/0.35  events 0.22/0.27  movement 0.25/0.28  grid 0.18/0.22  separate 0.04/0.07  history 0.00/0.01  shots 0.01/0.01  serialize 0.05/0.07  assembly 0.49/0.58  transport 0.25/0.30  egress 0.58/0.68
[   20s] clients 1000 | level 0 (0-0 in window: 30 Hz, dilation 1.0), pace 1.00, 0.0% clients bandwidth-degraded | tick p50 2.37 p99 2.56 max 2.58 ms, 0 overruns | out 30.0k pps 59 kbps/client, 59 Mbps | in 30.0k pps 15 kbps/client, 1.0 per recv, receive thread busy 9% | stand-ins: repeated 0.00% frozen 0.00%, 0 late inputs | per client-tick: 210 B (near 34 B, 100% deltas), near 4.4 mid 4.2 far 6.3, far skipped 0 starved 0 | input wait p50 58.1 p99 66.5 ms | 0 joins deferred | kernel drops rcv 0 snd 0
         p50/p99 ms: ingress 0.28/0.35  events 0.22/0.27  movement 0.25/0.28  grid 0.18/0.21  separate 0.04/0.06  history 0.00/0.01  shots 0.01/0.01  serialize 0.05/0.06  assembly 0.49/0.68  transport 0.25/0.31  egress 0.58/0.67
[   21s] clients 0 | level 0 (0-0 in window: 30 Hz, dilation 1.0), pace 1.00, 0.0% clients bandwidth-degraded | tick p50 2.33 p99 2.41 max 2.41 ms, 0 overruns | out 26.6k pps 58 kbps/client, 52 Mbps | in 32.2k pps 16 kbps/client, 1.0 per recv, receive thread busy 9% | stand-ins: repeated 0.00% frozen 0.00%, 0 late inputs | per client-tick: 208 B (near 34 B, 100% deltas), near 4.3 mid 4.1 far 6.2, far skipped 0 starved 0 | input wait p50 58.3 p99 66.5 ms | 0 joins deferred | kernel drops rcv 0 snd 0
         p50/p99 ms: ingress 0.26/0.47  events 0.22/0.83  movement 0.24/0.26  grid 0.18/0.20  separate 0.04/0.06  history 0.00/0.00  shots 0.01/0.01  serialize 0.05/0.05  assembly 0.49/0.53  transport 0.26/0.29  egress 0.55/0.60

== summary: 508 steady-state ticks (after warmup, before clients drain), peak 1000 clients ==
  phase        p50 ms   p99 ms   max ms
  ingress        0.28     0.35     0.38
  events         0.22     0.27     0.28
  movement       0.25     0.28     0.29
  grid           0.18     0.22     0.23
  separate       0.04     0.07     0.10
  history        0.00     0.01     0.01
  shots          0.01     0.01     0.02
  serialize      0.05     0.06     0.07
  assembly       0.49     0.62     0.85
  transport      0.25     0.31     0.33
  egress         0.58     0.68     0.74
  tick           2.37     2.56     2.77
  overruns 0 | spawns 1000 despawns 1000 (1159 joins deferred) | deaths 0 respawns 0 | stand-ins: repeated 0 frozen 0 | late inputs 0 discarded 0 | bad messages 0 | recv errors 0 send errors 0
  egress (whole run): 597335 datagrams in 597335 sends (1.00 per send), 38464 syscalls
  ingress (whole run): 599651 datagrams in 599651 receive calls (1.00 per call)
  ticks per ladder level (whole run): L0: 617
  input wait on the server (datagram arrival -> applied): p50 58.2 p99 66.9 max 99.5 mean 52.5 ms
  steady state: stand-ins repeated 0 frozen 0 | late inputs 0 discarded 0
  rewind of near targets (applied step - the input's render step for that tier): p50 133 p99 167 max 167 mean 142.8 ms (n=578909)
  rewind of mid/far targets (applied step - the input's render step for that tier): p50 267 p99 300 max 300 mean 276.2 ms (n=578909)
  render times ahead of the server (bogus) 0
  shots 0 (late 0, refused 0, rewinds capped 0) | hits head 0 body 0 (after cover 0, too late 0), kills 0 | ground 0 cover 0 expired 0 | segments 0 candidates 0
