== blob, 3000 bots, 60s -> baselines/2026-09-29-wsl2/blob-3k-gso-2
== summary: 1709 steady-state ticks (after warmup, before clients drain), peak 3000 clients ==
  phase        p50 ms   p99 ms   max ms
  ingress        1.22     1.85    14.84
  events         0.36     0.68     0.93
  movement       0.54     0.76     4.56
  grid           0.09     0.14     0.28
  history        0.00     0.00     0.02
  serialize      0.39     0.53     3.90
  assembly      10.76    14.11    18.10
  transport      3.19     4.73     6.94
  egress         5.11     6.29    20.80
  tick          21.58    27.61    43.80
  overruns 2 | spawns 3000 despawns 3000 (6181 joins deferred) | stand-ins: repeated 0 frozen 0 | late inputs 0 discarded 0 | bad messages 0 | recv errors 0 send errors 0
  egress (whole run): 10751136 datagrams in 5378622 sends (2.00 per send), 115252 syscalls
  ticks per ladder level (whole run): L0: 1811
  input wait on the server (datagram arrival -> applied): p50 49.8 p99 66.7 max 86.7 mean 50.2 ms
  steady state: stand-ins repeated 0 frozen 0 | late inputs 0 discarded 0
== bots summary ==
  started 3000 welcomed 3000 failed 0
  join latency ms: p50 341 p99 725 max 825 (n=3000)
  corrections 0 (0.00/bot-minute), mean error 0.000 m, max 0.000 m
  snapshots 5364931 (entities per snapshot: near 64.0 mid 86.0 far 0.0), stale 0, unmatched acks 0, resyncs 0
  input -> applied on server (est. RTT/2 + server wait): p50 61.0 p99 80.0 max 101.0 mean 61.8 ms (n=5363695)
    of which server wait (arrival -> applied): p50 49.8 p99 66.7 max 86.7 mean 50.2 ms (n=5363695)
  input -> seen acked (round trip): p50 100.0 p99 100.0 max 134.0 mean 86.0 ms (n=5363695)
  near entity update interval (tracked bots): p50 66.0 p99 66.0 max 133.0 mean 53.2 ms (n=17182435)
  mid entity update interval (tracked bots): p50 100.0 p99 100.0 max 59800.0 mean 161.6 ms (n=22999731)
  far entity update interval (tracked bots): p50 0.0 p99 0.0 max 0.0 mean 0.0 ms (n=0)
  input clock: 4997 extra inputs, 3968 skipped ticks, 0 backlog skips | near decode errors (tracked bots) 0
  bytes down 7618.1 MB up 268.3 MB | swarm busy 28% of its threads' time, tick overruns 0
