spawn=blob
egress=gso
ladder=on
threads=8
shards=64
peak_clients=3000
steady_ticks=1709
steady_secs=57.0
ingress_p50_ms=1.22
ingress_p99_ms=1.85
ingress_max_ms=14.84
events_p50_ms=0.36
events_p99_ms=0.68
events_max_ms=0.93
movement_p50_ms=0.54
movement_p99_ms=0.76
movement_max_ms=4.56
grid_p50_ms=0.09
grid_p99_ms=0.14
grid_max_ms=0.28
history_p50_ms=0.00
history_p99_ms=0.00
history_max_ms=0.02
serialize_p50_ms=0.39
serialize_p99_ms=0.53
serialize_max_ms=3.90
assembly_p50_ms=10.76
assembly_p99_ms=14.11
assembly_max_ms=18.10
transport_p50_ms=3.19
transport_p99_ms=4.73
transport_max_ms=6.94
egress_p50_ms=5.11
egress_p99_ms=6.29
egress_max_ms=20.80
tick_p50_ms=21.58
tick_p99_ms=27.61
tick_max_ms=43.80
steady_overruns=2
level_mode=0
tick_hz=30
dilation=1
levels=L0:1709
clients_avg=3000
out_pps=179974
in_pps=90039
egress_mbps=1020.8
packets_per_client_tick=2.00
wire_bytes_per_client_tick=1418
down_kbps_per_client=340.3
up_kbps_per_client=12.0
kernel_rcvbuf_drops=0
kernel_sndbuf_drops=0
snapshot_bytes_per_client_tick=1348
near_bytes_per_client_tick=356
near_per_client_tick=64.0
mid_per_client_tick=86.0
far_per_client_tick=0.0
far_skipped=0
far_starved=0
repeated=0
frozen=0
late_inputs=0
discarded_inputs=0
input_wait_p50_ms=49.8
input_wait_p99_ms=66.7
spawns=3000
despawns=3000
joins_deferred=6181
bad_messages=0
recv_errors=0
send_errors=0
datagrams=10751136
sends=5378622
send_syscalls=115252
