preallocated connections for 10000 clients in 229.512108ms
listening on 127.0.0.1:40500 | spawn Blob | tiers near 64@150 m, mid 500 m, far 1500 m, budget 6250 B/tick, squads of 4 | 8 rayon threads, 64 shards, 256 accepts/tick, egress Gso | socket buffers rcv 8192 KiB snd 8192 KiB
WARNING: token key is the public dev key; anyone can mint tokens for this server (--token-key)
[    5s] clients 3000 | level 0 (0-0 in window: 30 Hz, dilation 1.0), pace 1.00, 0.0% clients bandwidth-degraded | tick p50 21.20 p99 24.57 max 25.29 ms, 0 overruns | out 159.6k pps 345 kbps/client, 909 Mbps | in 81.2k pps 14 kbps/client | stand-ins: repeated 0.00% frozen 0.00%, 0 late inputs | per client-tick: 1362 B (near 370 B, 97% deltas), near 64.0 mid 86.0 far 0.0, far skipped 0 starved 0 | input wait p50 50.4 p99 68.3 ms | 6181 joins deferred | kernel drops rcv 0 snd 0
         p50/p99 ms: ingress 1.16/1.58  events 0.36/2.00  movement 0.51/0.68  grid 0.09/0.14  history 0.00/0.04  serialize 0.39/0.54  assembly 10.45/11.72  transport 3.13/4.58  egress 4.99/5.79
[   10s] clients 3000 | level 0 (0-0 in window: 30 Hz, dilation 1.0), pace 1.00, 0.0% clients bandwidth-degraded | tick p50 20.91 p99 22.64 max 23.13 ms, 0 overruns | out 180.0k pps 340 kbps/client, 1021 Mbps | in 90.0k pps 12 kbps/client | stand-ins: repeated 0.00% frozen 0.00%, 0 late inputs | per client-tick: 1348 B (near 356 B, 99% deltas), near 64.0 mid 86.0 far 0.0, far skipped 0 starved 0 | input wait p50 49.6 p99 66.3 ms | 0 joins deferred | kernel drops rcv 0 snd 0
         p50/p99 ms: ingress 1.16/1.53  events 0.34/0.52  movement 0.52/0.74  grid 0.09/0.13  history 0.00/0.00  serialize 0.37/0.50  assembly 10.45/11.64  transport 3.04/3.90  egress 4.98/5.58
[   15s] clients 3000 | level 0 (0-0 in window: 30 Hz, dilation 1.0), pace 1.00, 0.0% clients bandwidth-degraded | tick p50 21.45 p99 27.44 max 27.76 ms, 0 overruns | out 180.0k pps 340 kbps/client, 1021 Mbps | in 90.0k pps 12 kbps/client | stand-ins: repeated 0.00% frozen 0.00%, 0 late inputs | per client-tick: 1348 B (near 356 B, 99% deltas), near 64.0 mid 86.0 far 0.0, far skipped 0 starved 0 | input wait p50 49.6 p99 66.3 ms | 0 joins deferred | kernel drops rcv 0 snd 0
         p50/p99 ms: ingress 1.23/1.72  events 0.36/0.68  movement 0.56/0.76  grid 0.09/0.15  history 0.00/0.00  serialize 0.39/0.54  assembly 10.68/15.52  transport 3.16/5.05  egress 5.07/5.95
[   20s] clients 3000 | level 0 (0-0 in window: 30 Hz, dilation 1.0), pace 1.00, 0.0% clients bandwidth-degraded | tick p50 21.66 p99 29.77 max 31.85 ms, 0 overruns | out 180.0k pps 340 kbps/client, 1021 Mbps | in 90.0k pps 12 kbps/client | stand-ins: repeated 0.00% frozen 0.00%, 0 late inputs | per client-tick: 1348 B (near 356 B, 99% deltas), near 64.0 mid 86.0 far 0.0, far skipped 0 starved 0 | input wait p50 49.6 p99 66.3 ms | 0 joins deferred | kernel drops rcv 0 snd 0
         p50/p99 ms: ingress 1.25/1.88  events 0.36/0.84  movement 0.53/0.76  grid 0.09/0.15  history 0.00/0.00  serialize 0.39/0.53  assembly 10.77/16.38  transport 3.27/4.87  egress 5.09/5.96
[   25s] clients 3000 | level 0 (0-0 in window: 30 Hz, dilation 1.0), pace 1.00, 0.0% clients bandwidth-degraded | tick p50 21.43 p99 25.19 max 27.59 ms, 0 overruns | out 180.0k pps 340 kbps/client, 1021 Mbps | in 90.0k pps 12 kbps/client | stand-ins: repeated 0.00% frozen 0.00%, 0 late inputs | per client-tick: 1348 B (near 356 B, 99% deltas), near 64.0 mid 86.0 far 0.0, far skipped 0 starved 0 | input wait p50 49.7 p99 66.3 ms | 0 joins deferred | kernel drops rcv 0 snd 0
         p50/p99 ms: ingress 1.20/1.84  events 0.35/0.69  movement 0.53/0.74  grid 0.09/0.14  history 0.00/0.00  serialize 0.38/0.51  assembly 10.66/12.46  transport 3.19/6.21  egress 5.11/5.83
[   30s] clients 3000 | level 0 (0-0 in window: 30 Hz, dilation 1.0), pace 1.00, 0.0% clients bandwidth-degraded | tick p50 21.46 p99 25.31 max 30.35 ms, 0 overruns | out 180.1k pps 340 kbps/client, 1021 Mbps | in 90.0k pps 12 kbps/client | stand-ins: repeated 0.00% frozen 0.00%, 0 late inputs | per client-tick: 1348 B (near 356 B, 99% deltas), near 64.0 mid 86.0 far 0.0, far skipped 0 starved 0 | input wait p50 49.7 p99 66.3 ms | 0 joins deferred | kernel drops rcv 0 snd 0
         p50/p99 ms: ingress 1.23/2.12  events 0.37/0.66  movement 0.53/0.70  grid 0.09/0.12  history 0.00/0.00  serialize 0.39/0.51  assembly 10.84/12.83  transport 3.10/4.02  egress 5.10/5.86
[   35s] clients 3000 | level 0 (0-0 in window: 30 Hz, dilation 1.0), pace 1.00, 0.0% clients bandwidth-degraded | tick p50 21.50 p99 27.29 max 29.56 ms, 0 overruns | out 179.9k pps 340 kbps/client, 1021 Mbps | in 90.0k pps 12 kbps/client | stand-ins: repeated 0.00% frozen 0.00%, 0 late inputs | per client-tick: 1348 B (near 356 B, 99% deltas), near 64.0 mid 86.0 far 0.0, far skipped 0 starved 0 | input wait p50 49.7 p99 66.3 ms | 0 joins deferred | kernel drops rcv 0 snd 0
         p50/p99 ms: ingress 1.24/1.83  events 0.37/0.62  movement 0.53/0.76  grid 0.09/0.24  history 0.00/0.00  serialize 0.39/0.64  assembly 10.73/14.55  transport 3.13/4.62  egress 5.06/6.02
[   40s] clients 3000 | level 0 (0-0 in window: 30 Hz, dilation 1.0), pace 1.00, 0.0% clients bandwidth-degraded | tick p50 21.60 p99 27.65 max 28.30 ms, 0 overruns | out 179.9k pps 340 kbps/client, 1020 Mbps | in 90.0k pps 12 kbps/client | stand-ins: repeated 0.00% frozen 0.00%, 0 late inputs | per client-tick: 1348 B (near 356 B, 99% deltas), near 64.0 mid 86.0 far 0.0, far skipped 0 starved 0 | input wait p50 49.7 p99 66.3 ms | 0 joins deferred | kernel drops rcv 0 snd 0
         p50/p99 ms: ingress 1.19/1.89  events 0.37/0.63  movement 0.53/0.72  grid 0.09/0.15  history 0.00/0.00  serialize 0.38/0.51  assembly 10.86/14.76  transport 3.12/4.83  egress 5.08/6.24
[   45s] clients 3000 | level 0 (0-0 in window: 30 Hz, dilation 1.0), pace 1.00, 0.0% clients bandwidth-degraded | tick p50 21.11 p99 24.76 max 25.27 ms, 0 overruns | out 180.1k pps 340 kbps/client, 1021 Mbps | in 90.0k pps 12 kbps/client | stand-ins: repeated 0.00% frozen 0.00%, 0 late inputs | per client-tick: 1348 B (near 356 B, 99% deltas), near 64.0 mid 86.0 far 0.0, far skipped 0 starved 0 | input wait p50 49.8 p99 66.3 ms | 0 joins deferred | kernel drops rcv 0 snd 0
         p50/p99 ms: ingress 1.15/1.82  events 0.34/0.65  movement 0.54/0.76  grid 0.09/0.17  history 0.00/0.00  serialize 0.39/0.55  assembly 10.59/11.79  transport 3.11/4.04  egress 5.04/6.50
[   50s] clients 3000 | level 0 (0-0 in window: 30 Hz, dilation 1.0), pace 1.00, 0.0% clients bandwidth-degraded | tick p50 21.51 p99 26.08 max 26.21 ms, 0 overruns | out 180.0k pps 340 kbps/client, 1021 Mbps | in 90.0k pps 12 kbps/client | stand-ins: repeated 0.00% frozen 0.00%, 0 late inputs | per client-tick: 1348 B (near 356 B, 99% deltas), near 64.0 mid 86.0 far 0.0, far skipped 0 starved 0 | input wait p50 49.7 p99 66.3 ms | 0 joins deferred | kernel drops rcv 0 snd 0
         p50/p99 ms: ingress 1.19/1.76  events 0.36/0.64  movement 0.54/0.73  grid 0.09/0.12  history 0.00/0.00  serialize 0.39/0.51  assembly 10.75/13.23  transport 3.19/4.14  egress 5.07/5.86
[   55s] clients 3000 | level 0 (0-0 in window: 30 Hz, dilation 1.0), pace 1.00, 0.0% clients bandwidth-degraded | tick p50 22.05 p99 42.68 max 43.80 ms, 2 overruns | out 179.2k pps 339 kbps/client, 1016 Mbps | in 89.4k pps 12 kbps/client | stand-ins: repeated 0.00% frozen 0.00%, 0 late inputs | per client-tick: 1348 B (near 356 B, 99% deltas), near 64.0 mid 86.0 far 0.0, far skipped 0 starved 0 | input wait p50 51.4 p99 82.5 ms | 0 joins deferred | kernel drops rcv 0 snd 0
         p50/p99 ms: ingress 1.29/2.05  events 0.38/0.88  movement 0.53/0.72  grid 0.09/0.14  history 0.00/0.00  serialize 0.38/0.53  assembly 10.91/14.55  transport 3.30/5.40  egress 5.23/7.07
[   60s] clients 3000 | level 0 (0-0 in window: 30 Hz, dilation 1.0), pace 1.00, 0.0% clients bandwidth-degraded | tick p50 23.65 p99 28.14 max 32.55 ms, 0 overruns | out 179.9k pps 340 kbps/client, 1021 Mbps | in 90.0k pps 12 kbps/client | stand-ins: repeated 0.00% frozen 0.00%, 0 late inputs | per client-tick: 1348 B (near 356 B, 99% deltas), near 64.0 mid 86.0 far 0.0, far skipped 0 starved 0 | input wait p50 49.3 p99 66.4 ms | 0 joins deferred | kernel drops rcv 0 snd 0
         p50/p99 ms: ingress 1.46/2.53  events 0.49/0.71  movement 0.54/0.91  grid 0.11/0.26  history 0.00/0.00  serialize 0.41/0.62  assembly 11.44/13.91  transport 3.63/5.39  egress 5.54/6.79
[   60s] clients 0 | level 0 (0-0 in window: 30 Hz, dilation 1.0), pace 1.00, 0.0% clients bandwidth-degraded | tick p50 21.60 p99 23.42 max 23.42 ms, 0 overruns | out 136.5k pps 399 kbps/client, 792 Mbps | in 114.4k pps 15 kbps/client | stand-ins: repeated 0.00% frozen 0.00%, 0 late inputs | per client-tick: 1380 B (near 388 B, 93% deltas), near 64.0 mid 86.0 far 0.0, far skipped 0 starved 0 | input wait p50 50.1 p99 66.1 ms | 0 joins deferred | kernel drops rcv 0 snd 0
         p50/p99 ms: ingress 1.31/1.47  events 0.47/4.88  movement 0.50/0.71  grid 0.09/0.10  history 0.00/0.00  serialize 0.40/0.55  assembly 11.08/11.65  transport 2.99/3.54  egress 4.48/5.39

== summary: 1709 steady-state ticks (after warmup, before clients drain), peak 3000 clients ==
  phase        p50 ms   p99 ms   max ms
  ingress        1.22     1.85    14.84
  events         0.36     0.68     0.93
  movement       0.54     0.76     4.56
  grid           0.09     0.14     0.28
  history        0.00     0.00     0.02
  serialize      0.39     0.53     3.90
  assembly      10.76    14.11    18.10
  transport      3.19     4.73     6.94
  egress         5.11     6.29    20.80
  tick          21.58    27.61    43.80
  overruns 2 | spawns 3000 despawns 3000 (6181 joins deferred) | stand-ins: repeated 0 frozen 0 | late inputs 0 discarded 0 | bad messages 0 | recv errors 0 send errors 0
  egress (whole run): 10751136 datagrams in 5378622 sends (2.00 per send), 115252 syscalls
  ticks per ladder level (whole run): L0: 1811
  input wait on the server (datagram arrival -> applied): p50 49.8 p99 66.7 max 86.7 mean 50.2 ms
  steady state: stand-ins repeated 0 frozen 0 | late inputs 0 discarded 0
