minting tokens with the public dev key (--token-key to change)
3000 bots -> 127.0.0.1:40500 on 8 threads, ramp 0/s, 60s, 3000 full + 0 sink bots
[    5s] bots 3000/3000 connected, 3000 welcomed, 0 failed | 26.0 snaps/s/bot, entities/snap near 64.5 mid 86.6 far 0.0 | corrections 0.000/s/bot | down 299 up 10 kbps/bot | rtt 23.4 ms loss 0.00% | input->applied ~ p50 62 p99 82 ms, round trip p50 100 p99 100 ms | joins 3000 (p50 312 p99 725 ms) | server pace 1.00 level 1, 0 bots bandwidth-degraded | swarm busy 27%, overruns 0
[   10s] bots 3000/3000 connected, 3000 welcomed, 0 failed | 31.1 snaps/s/bot, entities/snap near 64.0 mid 86.0 far 0.0 | corrections 0.000/s/bot | down 352 up 12 kbps/bot | rtt 24.5 ms loss 0.00% | input->applied ~ p50 62 p99 79 ms, round trip p50 100 p99 100 ms | joins 0 (p50 0 p99 0 ms) | server pace 1.00 level 1, 0 bots bandwidth-degraded | swarm busy 29%, overruns 0
[   15s] bots 3000/3000 connected, 3000 welcomed, 0 failed | 29.1 snaps/s/bot, entities/snap near 64.0 mid 86.0 far 0.0 | corrections 0.000/s/bot | down 329 up 12 kbps/bot | rtt 23.3 ms loss 0.00% | input->applied ~ p50 62 p99 79 ms, round trip p50 100 p99 100 ms | joins 0 (p50 0 p99 0 ms) | server pace 1.00 level 1, 0 bots bandwidth-degraded | swarm busy 28%, overruns 0
[   20s] bots 3000/3000 connected, 3000 welcomed, 0 failed | 30.0 snaps/s/bot, entities/snap near 64.0 mid 86.0 far 0.0 | corrections 0.000/s/bot | down 339 up 12 kbps/bot | rtt 23.6 ms loss 0.00% | input->applied ~ p50 61 p99 79 ms, round trip p50 100 p99 100 ms | joins 0 (p50 0 p99 0 ms) | server pace 1.00 level 1, 0 bots bandwidth-degraded | swarm busy 28%, overruns 0
[   25s] bots 3000/3000 connected, 3000 welcomed, 0 failed | 30.4 snaps/s/bot, entities/snap near 64.0 mid 86.0 far 0.0 | corrections 0.000/s/bot | down 344 up 12 kbps/bot | rtt 23.6 ms loss 0.00% | input->applied ~ p50 61 p99 79 ms, round trip p50 100 p99 100 ms | joins 0 (p50 0 p99 0 ms) | server pace 1.00 level 1, 0 bots bandwidth-degraded | swarm busy 28%, overruns 0
[   30s] bots 3000/3000 connected, 3000 welcomed, 0 failed | 28.9 snaps/s/bot, entities/snap near 64.0 mid 86.0 far 0.0 | corrections 0.000/s/bot | down 327 up 12 kbps/bot | rtt 23.3 ms loss 0.00% | input->applied ~ p50 61 p99 79 ms, round trip p50 100 p99 100 ms | joins 0 (p50 0 p99 0 ms) | server pace 1.00 level 1, 0 bots bandwidth-degraded | swarm busy 28%, overruns 0
[   35s] bots 3000/3000 connected, 3000 welcomed, 0 failed | 31.0 snaps/s/bot, entities/snap near 64.0 mid 86.0 far 0.0 | corrections 0.000/s/bot | down 351 up 12 kbps/bot | rtt 24.9 ms loss 0.00% | input->applied ~ p50 63 p99 83 ms, round trip p50 100 p99 100 ms | joins 0 (p50 0 p99 0 ms) | server pace 1.00 level 1, 0 bots bandwidth-degraded | swarm busy 28%, overruns 0
[   40s] bots 3000/3000 connected, 3000 welcomed, 0 failed | 29.9 snaps/s/bot, entities/snap near 64.0 mid 86.0 far 0.0 | corrections 0.000/s/bot | down 338 up 12 kbps/bot | rtt 23.7 ms loss 0.00% | input->applied ~ p50 63 p99 80 ms, round trip p50 100 p99 100 ms | joins 0 (p50 0 p99 0 ms) | server pace 1.00 level 1, 0 bots bandwidth-degraded | swarm busy 29%, overruns 0
[   45s] bots 3000/3000 connected, 3000 welcomed, 0 failed | 29.2 snaps/s/bot, entities/snap near 64.0 mid 86.0 far 0.0 | corrections 0.000/s/bot | down 330 up 12 kbps/bot | rtt 23.5 ms loss 0.00% | input->applied ~ p50 61 p99 80 ms, round trip p50 100 p99 100 ms | joins 0 (p50 0 p99 0 ms) | server pace 1.00 level 1, 0 bots bandwidth-degraded | swarm busy 28%, overruns 0
[   50s] bots 3000/3000 connected, 3000 welcomed, 0 failed | 30.5 snaps/s/bot, entities/snap near 64.0 mid 86.0 far 0.0 | corrections 0.000/s/bot | down 345 up 12 kbps/bot | rtt 23.6 ms loss 0.00% | input->applied ~ p50 67 p99 102 ms, round trip p50 100 p99 133 ms | joins 0 (p50 0 p99 0 ms) | server pace 1.00 level 1, 0 bots bandwidth-degraded | swarm busy 28%, overruns 3
[   55s] bots 3000/3000 connected, 3000 welcomed, 0 failed | 30.3 snaps/s/bot, entities/snap near 64.0 mid 86.0 far 0.0 | corrections 0.000/s/bot | down 342 up 12 kbps/bot | rtt 24.4 ms loss 0.00% | input->applied ~ p50 67 p99 79 ms, round trip p50 100 p99 100 ms | joins 0 (p50 0 p99 0 ms) | server pace 1.00 level 1, 0 bots bandwidth-degraded | swarm busy 27%, overruns 0
[   60s] bots 3000/3000 connected, 3000 welcomed, 0 failed | 29.3 snaps/s/bot, entities/snap near 64.0 mid 86.0 far 0.0 | corrections 0.000/s/bot | down 331 up 12 kbps/bot | rtt 24.6 ms loss 0.00% | input->applied ~ p50 67 p99 79 ms, round trip p50 100 p99 100 ms | joins 0 (p50 0 p99 0 ms) | server pace 1.00 level 1, 0 bots bandwidth-degraded | swarm busy 27%, overruns 0

== bots summary ==
  started 3000 welcomed 3000 failed 0
  join latency ms: p50 312 p99 725 max 825 (n=3000)
  corrections 0 (0.00/bot-minute), mean error 0.000 m, max 0.000 m
  snapshots 5364246 (entities per snapshot: near 64.0 mid 86.0 far 0.0), stale 0, unmatched acks 0, resyncs 0
  input -> applied on server (est. RTT/2 + server wait): p50 64.0 p99 80.0 max 110.0 mean 62.5 ms (n=5362862)
    of which server wait (arrival -> applied): p50 51.8 p99 67.1 max 93.6 mean 50.5 ms (n=5362862)
  input -> seen acked (round trip): p50 100.0 p99 100.0 max 141.0 mean 87.8 ms (n=5362862)
  near entity update interval (tracked bots): p50 66.0 p99 66.0 max 133.0 mean 53.3 ms (n=17156762)
  mid entity update interval (tracked bots): p50 100.0 p99 100.0 max 59800.0 mean 157.7 ms (n=22962778)
  far entity update interval (tracked bots): p50 0.0 p99 0.0 max 0.0 mean 0.0 ms (n=0)
  input clock: 4784 extra inputs, 4376 skipped ticks, 0 backlog skips | near decode errors (tracked bots) 0
  bytes down 7590.5 MB up 268.3 MB | swarm busy 28% of its threads' time, tick overruns 3
