spawn=blob
egress=sendmmsg
ladder=on
threads=8
shards=64
peak_clients=3000
steady_ticks=1708
steady_secs=57.0
ingress_p50_ms=1.20
ingress_p99_ms=1.88
ingress_max_ms=8.87
events_p50_ms=0.36
events_p99_ms=0.65
events_max_ms=1.21
movement_p50_ms=0.54
movement_p99_ms=0.73
movement_max_ms=0.96
grid_p50_ms=0.09
grid_p99_ms=0.14
grid_max_ms=0.18
history_p50_ms=0.00
history_p99_ms=0.00
history_max_ms=0.02
serialize_p50_ms=0.38
serialize_p99_ms=0.53
serialize_max_ms=3.31
assembly_p50_ms=10.71
assembly_p99_ms=13.57
assembly_max_ms=22.07
transport_p50_ms=3.03
transport_p99_ms=4.27
transport_max_ms=6.87
egress_p50_ms=6.67
egress_p99_ms=7.76
egress_max_ms=30.86
tick_p50_ms=22.80
tick_p99_ms=28.13
tick_max_ms=60.02
steady_overruns=5
level_mode=1
tick_hz=30
dilation=1
levels=L0:17,L1:1691
clients_avg=3000
out_pps=179921
in_pps=89997
egress_mbps=1017.0
packets_per_client_tick=2.00
wire_bytes_per_client_tick=1413
down_kbps_per_client=339.0
up_kbps_per_client=12.0
kernel_rcvbuf_drops=0
kernel_sndbuf_drops=0
snapshot_bytes_per_client_tick=1348
near_bytes_per_client_tick=356
near_per_client_tick=64.0
mid_per_client_tick=86.0
far_per_client_tick=0.0
far_skipped=0
far_starved=0
repeated=0
frozen=0
late_inputs=0
discarded_inputs=0
input_wait_p50_ms=51.8
input_wait_p99_ms=67.1
spawns=3000
despawns=3000
joins_deferred=6093
bad_messages=0
recv_errors=0
send_errors=0
datagrams=10750878
sends=10750878
send_syscalls=115187
