preallocated connections for 10000 clients in 223.907109ms
listening on 127.0.0.1:40500 | spawn Blob | tiers near 64@150 m, mid 500 m, far 1500 m, budget 6250 B/tick, squads of 4 | 8 rayon threads, 64 shards, 256 accepts/tick, egress SendMmsg | socket buffers rcv 8192 KiB snd 8192 KiB
WARNING: token key is the public dev key; anyone can mint tokens for this server (--token-key)
[    5s] clients 3000 | level 1 (0-1 in window: 30 Hz, dilation 1.0), pace 1.00, 0.0% clients bandwidth-degraded | tick p50 22.85 p99 33.42 max 34.32 ms, 3 overruns | out 159.8k pps 343 kbps/client, 906 Mbps | in 81.2k pps 14 kbps/client | stand-ins: repeated 0.00% frozen 0.00%, 0 late inputs | per client-tick: 1362 B (near 370 B, 97% deltas), near 64.0 mid 86.0 far 0.0, far skipped 0 starved 0 | input wait p50 50.4 p99 68.9 ms | 6093 joins deferred | kernel drops rcv 0 snd 0
         p50/p99 ms: ingress 1.17/1.86  events 0.35/4.09  movement 0.54/0.72  grid 0.09/0.15  history 0.00/0.06  serialize 0.38/0.57  assembly 10.53/18.87  transport 2.91/5.18  egress 6.79/8.35
[   10s] clients 3000 | level 1 (1-1 in window: 30 Hz, dilation 1.0), pace 1.00, 0.0% clients bandwidth-degraded | tick p50 23.44 p99 26.86 max 28.57 ms, 0 overruns | out 179.9k pps 339 kbps/client, 1017 Mbps | in 90.0k pps 12 kbps/client | stand-ins: repeated 0.00% frozen 0.00%, 0 late inputs | per client-tick: 1349 B (near 357 B, 99% deltas), near 64.0 mid 86.0 far 0.0, far skipped 0 starved 0 | input wait p50 49.6 p99 66.3 ms | 0 joins deferred | kernel drops rcv 0 snd 0
         p50/p99 ms: ingress 1.29/1.65  events 0.38/0.67  movement 0.53/0.70  grid 0.09/0.14  history 0.00/0.00  serialize 0.39/0.51  assembly 10.87/12.42  transport 3.04/4.11  egress 6.88/7.88
[   15s] clients 3000 | level 1 (1-1 in window: 30 Hz, dilation 1.0), pace 1.00, 0.0% clients bandwidth-degraded | tick p50 22.91 p99 30.56 max 31.74 ms, 0 overruns | out 180.0k pps 339 kbps/client, 1018 Mbps | in 90.0k pps 12 kbps/client | stand-ins: repeated 0.00% frozen 0.00%, 0 late inputs | per client-tick: 1348 B (near 356 B, 99% deltas), near 64.0 mid 86.0 far 0.0, far skipped 0 starved 0 | input wait p50 49.6 p99 66.3 ms | 0 joins deferred | kernel drops rcv 0 snd 0
         p50/p99 ms: ingress 1.20/2.10  events 0.35/0.66  movement 0.53/0.73  grid 0.09/0.12  history 0.00/0.00  serialize 0.38/0.48  assembly 10.57/15.29  transport 3.00/4.52  egress 6.83/7.68
[   20s] clients 3000 | level 1 (1-1 in window: 30 Hz, dilation 1.0), pace 1.00, 0.0% clients bandwidth-degraded | tick p50 22.83 p99 26.04 max 26.38 ms, 0 overruns | out 180.0k pps 339 kbps/client, 1018 Mbps | in 90.0k pps 12 kbps/client | stand-ins: repeated 0.00% frozen 0.00%, 0 late inputs | per client-tick: 1348 B (near 356 B, 99% deltas), near 64.0 mid 86.0 far 0.0, far skipped 0 starved 0 | input wait p50 49.8 p99 66.3 ms | 0 joins deferred | kernel drops rcv 0 snd 0
         p50/p99 ms: ingress 1.15/1.75  events 0.33/0.53  movement 0.54/0.69  grid 0.09/0.15  history 0.00/0.00  serialize 0.38/0.50  assembly 10.48/11.80  transport 2.96/4.18  egress 6.91/7.68
[   25s] clients 3000 | level 1 (1-1 in window: 30 Hz, dilation 1.0), pace 1.00, 0.0% clients bandwidth-degraded | tick p50 22.85 p99 26.07 max 30.48 ms, 0 overruns | out 180.0k pps 339 kbps/client, 1017 Mbps | in 90.0k pps 12 kbps/client | stand-ins: repeated 0.00% frozen 0.00%, 0 late inputs | per client-tick: 1348 B (near 356 B, 99% deltas), near 64.0 mid 86.0 far 0.0, far skipped 0 starved 0 | input wait p50 49.8 p99 66.3 ms | 0 joins deferred | kernel drops rcv 0 snd 0
         p50/p99 ms: ingress 1.16/1.58  events 0.34/0.64  movement 0.53/0.71  grid 0.09/0.13  history 0.00/0.00  serialize 0.38/0.50  assembly 10.60/12.33  transport 2.99/4.04  egress 6.91/7.60
[   30s] clients 3000 | level 1 (1-1 in window: 30 Hz, dilation 1.0), pace 1.00, 0.0% clients bandwidth-degraded | tick p50 22.61 p99 24.98 max 25.88 ms, 0 overruns | out 180.0k pps 339 kbps/client, 1017 Mbps | in 90.0k pps 12 kbps/client | stand-ins: repeated 0.00% frozen 0.00%, 0 late inputs | per client-tick: 1348 B (near 356 B, 99% deltas), near 64.0 mid 86.0 far 0.0, far skipped 0 starved 0 | input wait p50 49.9 p99 66.3 ms | 0 joins deferred | kernel drops rcv 0 snd 0
         p50/p99 ms: ingress 1.11/1.56  events 0.34/0.56  movement 0.54/0.71  grid 0.09/0.14  history 0.00/0.00  serialize 0.38/0.48  assembly 10.40/12.11  transport 2.97/3.68  egress 6.77/7.55
[   35s] clients 3000 | level 1 (1-1 in window: 30 Hz, dilation 1.0), pace 1.00, 0.0% clients bandwidth-degraded | tick p50 22.96 p99 30.12 max 39.91 ms, 1 overruns | out 179.7k pps 339 kbps/client, 1016 Mbps | in 89.9k pps 12 kbps/client | stand-ins: repeated 0.00% frozen 0.00%, 0 late inputs | per client-tick: 1348 B (near 356 B, 99% deltas), near 64.0 mid 86.0 far 0.0, far skipped 0 starved 0 | input wait p50 50.8 p99 70.9 ms | 0 joins deferred | kernel drops rcv 0 snd 0
         p50/p99 ms: ingress 1.23/1.98  events 0.36/0.65  movement 0.53/0.76  grid 0.09/0.14  history 0.00/0.00  serialize 0.38/0.55  assembly 10.55/13.72  transport 2.96/4.27  egress 6.78/7.86
[   40s] clients 3000 | level 1 (1-1 in window: 30 Hz, dilation 1.0), pace 1.00, 0.0% clients bandwidth-degraded | tick p50 23.50 p99 29.53 max 31.24 ms, 0 overruns | out 179.9k pps 339 kbps/client, 1017 Mbps | in 90.0k pps 12 kbps/client | stand-ins: repeated 0.00% frozen 0.00%, 0 late inputs | per client-tick: 1348 B (near 356 B, 99% deltas), near 64.0 mid 86.0 far 0.0, far skipped 0 starved 0 | input wait p50 49.6 p99 66.4 ms | 0 joins deferred | kernel drops rcv 0 snd 0
         p50/p99 ms: ingress 1.30/2.25  events 0.40/0.70  movement 0.54/0.86  grid 0.10/0.13  history 0.00/0.00  serialize 0.41/0.61  assembly 10.74/14.37  transport 3.10/4.92  egress 6.87/10.56
[   45s] clients 3000 | level 1 (1-1 in window: 30 Hz, dilation 1.0), pace 1.00, 0.0% clients bandwidth-degraded | tick p50 22.76 p99 24.40 max 26.23 ms, 0 overruns | out 180.2k pps 340 kbps/client, 1019 Mbps | in 90.0k pps 12 kbps/client | stand-ins: repeated 0.00% frozen 0.00%, 0 late inputs | per client-tick: 1348 B (near 356 B, 99% deltas), near 64.0 mid 86.0 far 0.0, far skipped 0 starved 0 | input wait p50 49.7 p99 66.3 ms | 0 joins deferred | kernel drops rcv 0 snd 0
         p50/p99 ms: ingress 1.20/1.60  events 0.36/0.51  movement 0.53/0.71  grid 0.09/0.14  history 0.00/0.00  serialize 0.38/0.53  assembly 10.57/11.40  transport 2.98/3.59  egress 6.67/7.54
[   50s] clients 3000 | level 1 (1-1 in window: 30 Hz, dilation 1.0), pace 1.00, 0.0% clients bandwidth-degraded | tick p50 22.36 p99 33.66 max 60.02 ms, 2 overruns | out 179.0k pps 337 kbps/client, 1012 Mbps | in 89.4k pps 12 kbps/client | stand-ins: repeated 0.00% frozen 0.00%, 0 late inputs | per client-tick: 1349 B (near 357 B, 99% deltas), near 64.0 mid 86.0 far 0.0, far skipped 0 starved 0 | input wait p50 54.8 p99 89.7 ms | 0 joins deferred | kernel drops rcv 0 snd 0
         p50/p99 ms: ingress 1.21/1.89  events 0.36/0.69  movement 0.54/0.68  grid 0.09/0.14  history 0.00/0.00  serialize 0.38/0.48  assembly 10.92/19.31  transport 3.09/3.94  egress 5.76/7.30
[   55s] clients 3000 | level 1 (1-1 in window: 30 Hz, dilation 1.0), pace 1.00, 0.0% clients bandwidth-degraded | tick p50 22.53 p99 26.13 max 29.02 ms, 0 overruns | out 180.0k pps 339 kbps/client, 1018 Mbps | in 90.0k pps 12 kbps/client | stand-ins: repeated 0.00% frozen 0.00%, 0 late inputs | per client-tick: 1349 B (near 357 B, 99% deltas), near 64.0 mid 86.0 far 0.0, far skipped 0 starved 0 | input wait p50 54.5 p99 66.4 ms | 0 joins deferred | kernel drops rcv 0 snd 0
         p50/p99 ms: ingress 1.21/1.70  events 0.38/0.61  movement 0.54/0.74  grid 0.09/0.15  history 0.00/0.00  serialize 0.39/0.54  assembly 11.14/13.33  transport 3.21/4.49  egress 5.53/6.88
[   60s] clients 3000 | level 1 (1-1 in window: 30 Hz, dilation 1.0), pace 1.00, 0.0% clients bandwidth-degraded | tick p50 22.37 p99 29.17 max 31.64 ms, 0 overruns | out 180.0k pps 339 kbps/client, 1018 Mbps | in 90.0k pps 12 kbps/client | stand-ins: repeated 0.00% frozen 0.00%, 0 late inputs | per client-tick: 1349 B (near 357 B, 99% deltas), near 64.0 mid 86.0 far 0.0, far skipped 0 starved 0 | input wait p50 54.7 p99 66.4 ms | 0 joins deferred | kernel drops rcv 0 snd 0
         p50/p99 ms: ingress 1.23/2.06  events 0.38/0.72  movement 0.54/0.69  grid 0.09/0.14  history 0.00/0.00  serialize 0.39/0.49  assembly 10.99/15.08  transport 3.18/4.05  egress 5.63/6.92
[   60s] clients 0 | level 1 (1-1 in window: 30 Hz, dilation 1.0), pace 1.00, 0.0% clients bandwidth-degraded | tick p50 8.87 p99 23.67 max 23.67 ms, 0 overruns | out 104.0k pps 390 kbps/client, 590 Mbps | in 110.4k pps 16 kbps/client | stand-ins: repeated 0.00% frozen 0.00%, 0 late inputs | per client-tick: 1342 B (near 362 B, 97% deltas), near 63.6 mid 84.9 far 0.0, far skipped 0 starved 0 | input wait p50 54.7 p99 66.4 ms | 0 joins deferred | kernel drops rcv 0 snd 0
         p50/p99 ms: ingress 1.07/1.30  events 0.36/5.13  movement 0.38/0.56  grid 0.07/0.09  history 0.00/0.00  serialize 0.38/0.53  assembly 0.45/10.71  transport 0.80/3.42  egress 0.42/7.03

== summary: 1708 steady-state ticks (after warmup, before clients drain), peak 3000 clients ==
  phase        p50 ms   p99 ms   max ms
  ingress        1.20     1.88     8.87
  events         0.36     0.65     1.21
  movement       0.54     0.73     0.96
  grid           0.09     0.14     0.18
  history        0.00     0.00     0.02
  serialize      0.38     0.53     3.31
  assembly      10.71    13.57    22.07
  transport      3.03     4.27     6.87
  egress         6.67     7.76    30.86
  tick          22.80    28.13    60.02
  overruns 5 | spawns 3000 despawns 3000 (6093 joins deferred) | stand-ins: repeated 0 frozen 0 | late inputs 0 discarded 0 | bad messages 0 | recv errors 0 send errors 0
  egress (whole run): 10750878 datagrams in 10750878 sends (1.00 per send), 115187 syscalls
  ticks per ladder level (whole run): L0: 118, L1: 1693
  input wait on the server (datagram arrival -> applied): p50 51.8 p99 67.1 max 93.6 mean 50.5 ms
  steady state: stand-ins repeated 0 frozen 0 | late inputs 0 discarded 0
