10000 bots -> 172.31.17.93:14500 on 28 threads x 8 slots, ramp 0/s, 60s, 10000 full + 0 sink bots
[    5s] bots 10000/10000 connected, 10000 welcomed, 0 failed | 23.9 snaps/s/bot, entities/snap near 15.1 mid 39.9 far 56.4 | corrections 0.002/s/bot | down 248 up 12 kbps/bot | rtt 15.3 ms loss 0.00% | input->applied ~ p50 58 p99 104 ms, round trip p50 67 p99 133 ms | joins 10000 (p50 710 p99 1486 ms) | server pace 1.00 level 0, 0 bots bandwidth-degraded | swarm busy 21%, overruns 320
[   10s] bots 10000/10000 connected, 10000 welcomed, 0 failed | 28.7 snaps/s/bot, entities/snap near 15.7 mid 41.9 far 58.7 | corrections 0.000/s/bot | down 309 up 14 kbps/bot | rtt 15.2 ms loss 0.00% | input->applied ~ p50 57 p99 74 ms, round trip p50 67 p99 100 ms | joins 0 (p50 0 p99 0 ms) | server pace 1.00 level 0, 0 bots bandwidth-degraded | swarm busy 27%, overruns 0
[   15s] bots 10000/10000 connected, 10000 welcomed, 0 failed | 30.1 snaps/s/bot, entities/snap near 15.7 mid 41.9 far 58.7 | corrections 0.000/s/bot | down 324 up 15 kbps/bot | rtt 15.3 ms loss 0.00% | input->applied ~ p50 57 p99 74 ms, round trip p50 67 p99 100 ms | joins 0 (p50 0 p99 0 ms) | server pace 1.00 level 0, 0 bots bandwidth-degraded | swarm busy 27%, overruns 0
[   20s] bots 10000/10000 connected, 10000 welcomed, 0 failed | 30.1 snaps/s/bot, entities/snap near 15.7 mid 41.9 far 58.7 | corrections 0.000/s/bot | down 324 up 15 kbps/bot | rtt 15.4 ms loss 0.00% | input->applied ~ p50 57 p99 74 ms, round trip p50 67 p99 100 ms | joins 0 (p50 0 p99 0 ms) | server pace 1.00 level 0, 0 bots bandwidth-degraded | swarm busy 27%, overruns 0
[   25s] bots 10000/10000 connected, 10000 welcomed, 0 failed | 30.1 snaps/s/bot, entities/snap near 15.7 mid 41.9 far 58.7 | corrections 0.000/s/bot | down 324 up 15 kbps/bot | rtt 15.4 ms loss 0.00% | input->applied ~ p50 57 p99 74 ms, round trip p50 67 p99 100 ms | joins 0 (p50 0 p99 0 ms) | server pace 1.00 level 0, 0 bots bandwidth-degraded | swarm busy 27%, overruns 0
[   30s] bots 10000/10000 connected, 10000 welcomed, 0 failed | 30.2 snaps/s/bot, entities/snap near 15.7 mid 41.9 far 58.7 | corrections 0.000/s/bot | down 324 up 15 kbps/bot | rtt 15.4 ms loss 0.00% | input->applied ~ p50 57 p99 74 ms, round trip p50 67 p99 100 ms | joins 0 (p50 0 p99 0 ms) | server pace 1.00 level 0, 0 bots bandwidth-degraded | swarm busy 27%, overruns 0
[   35s] bots 10000/10000 connected, 10000 welcomed, 0 failed | 30.2 snaps/s/bot, entities/snap near 15.7 mid 41.9 far 58.7 | corrections 0.000/s/bot | down 324 up 15 kbps/bot | rtt 15.5 ms loss 0.00% | input->applied ~ p50 57 p99 74 ms, round trip p50 67 p99 100 ms | joins 0 (p50 0 p99 0 ms) | server pace 1.00 level 0, 0 bots bandwidth-degraded | swarm busy 27%, overruns 0
[   40s] bots 10000/10000 connected, 10000 welcomed, 0 failed | 30.1 snaps/s/bot, entities/snap near 15.7 mid 41.9 far 58.7 | corrections 0.000/s/bot | down 324 up 15 kbps/bot | rtt 15.7 ms loss 0.00% | input->applied ~ p50 57 p99 74 ms, round trip p50 67 p99 100 ms | joins 0 (p50 0 p99 0 ms) | server pace 1.00 level 0, 0 bots bandwidth-degraded | swarm busy 27%, overruns 0
[   45s] bots 10000/10000 connected, 10000 welcomed, 0 failed | 30.2 snaps/s/bot, entities/snap near 15.7 mid 41.9 far 58.7 | corrections 0.000/s/bot | down 324 up 15 kbps/bot | rtt 15.3 ms loss 0.00% | input->applied ~ p50 57 p99 74 ms, round trip p50 67 p99 100 ms | joins 0 (p50 0 p99 0 ms) | server pace 1.00 level 0, 0 bots bandwidth-degraded | swarm busy 28%, overruns 0
[   50s] bots 10000/10000 connected, 10000 welcomed, 0 failed | 30.1 snaps/s/bot, entities/snap near 15.7 mid 41.9 far 58.7 | corrections 0.000/s/bot | down 324 up 15 kbps/bot | rtt 15.6 ms loss 0.00% | input->applied ~ p50 58 p99 74 ms, round trip p50 67 p99 100 ms | joins 0 (p50 0 p99 0 ms) | server pace 1.00 level 0, 0 bots bandwidth-degraded | swarm busy 27%, overruns 0
[   55s] bots 10000/10000 connected, 10000 welcomed, 0 failed | 30.1 snaps/s/bot, entities/snap near 15.7 mid 41.9 far 58.7 | corrections 0.000/s/bot | down 324 up 15 kbps/bot | rtt 15.4 ms loss 0.00% | input->applied ~ p50 57 p99 74 ms, round trip p50 67 p99 100 ms | joins 0 (p50 0 p99 0 ms) | server pace 1.00 level 0, 0 bots bandwidth-degraded | swarm busy 27%, overruns 0
[   60s] bots 10000/10000 connected, 10000 welcomed, 0 failed | 30.3 snaps/s/bot, entities/snap near 15.7 mid 41.9 far 58.7 | corrections 0.000/s/bot | down 326 up 15 kbps/bot | rtt 15.4 ms loss 0.00% | input->applied ~ p50 57 p99 74 ms, round trip p50 67 p99 100 ms | joins 0 (p50 0 p99 0 ms) | server pace 1.00 level 0, 0 bots bandwidth-degraded | swarm busy 27%, overruns 0

== bots summary ==
  started 10000 welcomed 10000 failed 0
  join latency ms: p50 710 p99 1486 max 1686 (n=10000)
  corrections 94 (0.01/bot-minute), mean error 0.073 m, max 0.165 m
  push corrections (the server pushed us apart from a crowd) 6455 (0.65/bot-minute), max 0.146 m
  snapshots 17775555 (entities per snapshot: near 15.6 mid 41.8 far 58.5), stale 0, unmatched acks 0, resyncs 535
  input -> applied on server (est. RTT/2 + server wait): p50 57.0 p99 74.0 max 151.0 mean 57.6 ms (n=17770839)
    of which server wait (arrival -> applied): p50 49.6 p99 66.2 max 143.2 mean 49.9 ms (n=17770839)
  input -> seen acked (round trip): p50 67.0 p99 100.0 max 167.0 mean 81.4 ms (n=17772493)
  near entity update interval (tracked bots): p50 33.0 p99 33.0 max 100.0 mean 33.0 ms (n=13756481)
  mid entity update interval (tracked bots): p50 100.0 p99 100.0 max 1200.0 mean 100.2 ms (n=36107781)
  far entity update interval (tracked bots): p50 500.0 p99 500.0 max 2000.0 mean 500.0 ms (n=50713492)
  near drawn (tracked bots): 99.85% interpolated, 0.02% extrapolated, 0.00% held, 0.13% new | pops p50 0 p99 0 max 142 mm
  mid drawn (tracked bots): 99.52% interpolated, 0.13% extrapolated, 0.01% held, 0.34% new | pops p50 0 p99 0 max 4711 mm
  far drawn (tracked bots): 40.07% interpolated, 58.97% extrapolated, 0.52% held, 0.45% new | pops p50 407 p99 3678 max 20177 mm
  render delay (near) 73.0 ms behind the newest step, clock snaps 0 (backwards 0), slewing 4.63% of frames, near delay changes 256 | streak entity-frames (drawn > 20 m/s) 14264538
  input clock: 14685 extra inputs, 1414 skipped ticks, 231 backlog skips | near decode errors (tracked bots) 0
  bytes down 23817.4 MB up 1120.0 MB | swarm busy 27% of its threads' time, tick overruns 320
