preallocated connections for 10000 clients in 248.356856ms
listening on 172.31.17.93:14500 | spawn Uniform | tiers near 64@150 m, mid 500 m, far 1500 m, budget 6250 B/tick, squads of 4 | 64 rayon threads, 64 shards, 16 socket(s), 256 accepts/tick, egress SendMmsg, ingress RecvMmsg | socket buffers rcv 32768 KiB snd 32768 KiB
[    5s] clients 10000 | level 0 (0-0 in window: 30 Hz, dilation 1.0), pace 1.00, 0.0% clients bandwidth-degraded | tick p50 16.14 p99 17.65 max 17.84 ms, 0 overruns | out 386.2k pps 308 kbps/client, 2339 Mbps | in 240.7k pps 19 kbps/client, 18.3 per recv, receive thread busy 2% | stand-ins: repeated 0.19% frozen 0.00%, 1654 late inputs | per client-tick: 1222 B (near 107 B, 99% deltas), near 14.9 mid 39.5 far 55.8, far skipped 0 starved 0 | input wait p50 50.8 p99 98.7 ms | 54417 joins deferred | kernel drops rcv 0 snd 0
         p50/p99 ms: ingress 0.86/1.53  events 4.17/5.42  movement 0.95/1.30  grid 0.46/0.57  separate 0.53/0.83  history 0.03/0.13  shots 0.07/0.10  serialize 0.30/0.55  assembly 3.18/4.51  transport 1.95/2.35  egress 3.23/3.90
[   10s] clients 10000 | level 0 (0-0 in window: 30 Hz, dilation 1.0), pace 1.00, 0.0% clients bandwidth-degraded | tick p50 16.36 p99 17.96 max 18.24 ms, 0 overruns | out 525.6k pps 322 kbps/client, 3224 Mbps | in 300.0k pps 15 kbps/client, 19.1 per recv, receive thread busy 3% | stand-ins: repeated 0.00% frozen 0.00%, 0 late inputs | per client-tick: 1284 B (near 110 B, 100% deltas), near 15.7 mid 41.9 far 58.7, far skipped 0 starved 0 | input wait p50 49.5 p99 66.1 ms | 0 joins deferred | kernel drops rcv 0 snd 0
         p50/p99 ms: ingress 0.83/1.19  events 4.27/5.56  movement 0.99/1.34  grid 0.47/0.67  separate 0.53/0.80  history 0.02/0.05  shots 0.07/0.28  serialize 0.29/0.41  assembly 3.27/4.22  transport 2.07/2.52  egress 3.34/3.93
[   15s] clients 10000 | level 0 (0-0 in window: 30 Hz, dilation 1.0), pace 1.00, 0.0% clients bandwidth-degraded | tick p50 16.43 p99 17.87 max 17.98 ms, 0 overruns | out 525.7k pps 323 kbps/client, 3225 Mbps | in 300.0k pps 15 kbps/client, 19.0 per recv, receive thread busy 3% | stand-ins: repeated 0.00% frozen 0.00%, 0 late inputs | per client-tick: 1284 B (near 110 B, 100% deltas), near 15.7 mid 41.9 far 58.7, far skipped 0 starved 0 | input wait p50 49.6 p99 66.1 ms | 0 joins deferred | kernel drops rcv 0 snd 0
         p50/p99 ms: ingress 0.83/1.22  events 4.29/5.38  movement 0.99/1.36  grid 0.47/0.62  separate 0.52/0.81  history 0.02/0.06  shots 0.07/0.28  serialize 0.29/0.41  assembly 3.29/4.01  transport 2.03/2.40  egress 3.35/4.03
[   20s] clients 10000 | level 0 (0-0 in window: 30 Hz, dilation 1.0), pace 1.00, 0.0% clients bandwidth-degraded | tick p50 16.44 p99 18.12 max 18.13 ms, 0 overruns | out 525.8k pps 322 kbps/client, 3224 Mbps | in 300.0k pps 15 kbps/client, 19.0 per recv, receive thread busy 3% | stand-ins: repeated 0.00% frozen 0.00%, 0 late inputs | per client-tick: 1284 B (near 110 B, 100% deltas), near 15.7 mid 41.9 far 58.7, far skipped 0 starved 0 | input wait p50 49.5 p99 66.1 ms | 0 joins deferred | kernel drops rcv 0 snd 0
         p50/p99 ms: ingress 0.85/1.19  events 4.27/5.38  movement 1.00/1.26  grid 0.47/0.66  separate 0.53/0.75  history 0.02/0.04  shots 0.07/0.27  serialize 0.29/0.38  assembly 3.29/4.10  transport 2.07/2.40  egress 3.43/4.03
[   25s] clients 10000 | level 0 (0-0 in window: 30 Hz, dilation 1.0), pace 1.00, 0.0% clients bandwidth-degraded | tick p50 16.51 p99 17.87 max 18.80 ms, 0 overruns | out 525.8k pps 322 kbps/client, 3224 Mbps | in 300.0k pps 15 kbps/client, 19.0 per recv, receive thread busy 3% | stand-ins: repeated 0.00% frozen 0.00%, 0 late inputs | per client-tick: 1284 B (near 110 B, 100% deltas), near 15.7 mid 41.9 far 58.7, far skipped 0 starved 0 | input wait p50 49.5 p99 66.1 ms | 0 joins deferred | kernel drops rcv 0 snd 0
         p50/p99 ms: ingress 0.86/1.20  events 4.26/5.39  movement 1.01/1.31  grid 0.47/0.60  separate 0.54/0.88  history 0.03/0.04  shots 0.07/0.10  serialize 0.29/0.41  assembly 3.31/4.06  transport 2.08/2.40  egress 3.37/3.84
[   30s] clients 10000 | level 0 (0-0 in window: 30 Hz, dilation 1.0), pace 1.00, 0.0% clients bandwidth-degraded | tick p50 16.45 p99 17.70 max 18.03 ms, 0 overruns | out 525.5k pps 322 kbps/client, 3222 Mbps | in 300.0k pps 15 kbps/client, 19.0 per recv, receive thread busy 3% | stand-ins: repeated 0.00% frozen 0.00%, 0 late inputs | per client-tick: 1283 B (near 110 B, 100% deltas), near 15.7 mid 41.9 far 58.7, far skipped 0 starved 0 | input wait p50 49.5 p99 66.1 ms | 0 joins deferred | kernel drops rcv 0 snd 0
         p50/p99 ms: ingress 0.84/1.28  events 4.23/5.33  movement 0.99/1.32  grid 0.48/0.61  separate 0.55/0.89  history 0.02/0.06  shots 0.07/0.30  serialize 0.29/0.37  assembly 3.27/3.80  transport 2.08/2.44  egress 3.38/3.93
[   35s] clients 10000 | level 0 (0-0 in window: 30 Hz, dilation 1.0), pace 1.00, 0.0% clients bandwidth-degraded | tick p50 16.39 p99 18.18 max 18.68 ms, 0 overruns | out 525.8k pps 322 kbps/client, 3225 Mbps | in 300.0k pps 15 kbps/client, 19.0 per recv, receive thread busy 3% | stand-ins: repeated 0.00% frozen 0.00%, 0 late inputs | per client-tick: 1283 B (near 110 B, 100% deltas), near 15.7 mid 41.9 far 58.7, far skipped 0 starved 0 | input wait p50 49.5 p99 66.1 ms | 0 joins deferred | kernel drops rcv 0 snd 0
         p50/p99 ms: ingress 0.83/1.21  events 4.27/5.38  movement 0.99/1.22  grid 0.47/0.58  separate 0.54/1.01  history 0.02/0.04  shots 0.07/0.27  serialize 0.29/0.40  assembly 3.28/4.15  transport 2.06/2.44  egress 3.38/3.89
[   40s] clients 10000 | level 0 (0-0 in window: 30 Hz, dilation 1.0), pace 1.00, 0.0% clients bandwidth-degraded | tick p50 16.38 p99 17.95 max 18.02 ms, 0 overruns | out 525.6k pps 322 kbps/client, 3223 Mbps | in 300.0k pps 15 kbps/client, 19.1 per recv, receive thread busy 3% | stand-ins: repeated 0.00% frozen 0.00%, 0 late inputs | per client-tick: 1284 B (near 110 B, 100% deltas), near 15.7 mid 41.9 far 58.7, far skipped 0 starved 0 | input wait p50 49.5 p99 66.1 ms | 0 joins deferred | kernel drops rcv 0 snd 0
         p50/p99 ms: ingress 0.84/1.37  events 4.27/5.44  movement 0.99/1.25  grid 0.47/0.58  separate 0.53/0.91  history 0.02/0.05  shots 0.07/0.28  serialize 0.30/0.45  assembly 3.26/3.75  transport 2.06/2.43  egress 3.34/3.95
[   45s] clients 10000 | level 0 (0-0 in window: 30 Hz, dilation 1.0), pace 1.00, 0.0% clients bandwidth-degraded | tick p50 16.42 p99 18.01 max 18.02 ms, 0 overruns | out 525.9k pps 322 kbps/client, 3224 Mbps | in 299.9k pps 15 kbps/client, 19.0 per recv, receive thread busy 3% | stand-ins: repeated 0.00% frozen 0.00%, 0 late inputs | per client-tick: 1283 B (near 110 B, 100% deltas), near 15.7 mid 41.9 far 58.7, far skipped 0 starved 0 | input wait p50 49.5 p99 66.1 ms | 0 joins deferred | kernel drops rcv 0 snd 0
         p50/p99 ms: ingress 0.83/1.21  events 4.31/5.36  movement 0.98/1.30  grid 0.47/0.72  separate 0.53/0.88  history 0.02/0.04  shots 0.07/0.26  serialize 0.30/0.37  assembly 3.29/4.20  transport 2.02/2.38  egress 3.38/3.86
[   50s] clients 10000 | level 0 (0-0 in window: 30 Hz, dilation 1.0), pace 1.00, 0.0% clients bandwidth-degraded | tick p50 16.48 p99 18.02 max 18.47 ms, 0 overruns | out 525.7k pps 322 kbps/client, 3223 Mbps | in 300.0k pps 15 kbps/client, 19.0 per recv, receive thread busy 3% | stand-ins: repeated 0.00% frozen 0.00%, 0 late inputs | per client-tick: 1284 B (near 110 B, 100% deltas), near 15.7 mid 41.9 far 58.7, far skipped 0 starved 0 | input wait p50 49.6 p99 66.2 ms | 0 joins deferred | kernel drops rcv 0 snd 0
         p50/p99 ms: ingress 0.83/1.16  events 4.29/5.34  movement 0.99/1.30  grid 0.48/0.73  separate 0.52/0.95  history 0.02/0.06  shots 0.07/0.27  serialize 0.30/0.38  assembly 3.27/4.09  transport 2.04/2.51  egress 3.37/4.02
[   55s] clients 10000 | level 0 (0-0 in window: 30 Hz, dilation 1.0), pace 1.00, 0.0% clients bandwidth-degraded | tick p50 16.43 p99 17.98 max 18.17 ms, 0 overruns | out 525.5k pps 322 kbps/client, 3224 Mbps | in 300.0k pps 15 kbps/client, 18.9 per recv, receive thread busy 3% | stand-ins: repeated 0.00% frozen 0.00%, 0 late inputs | per client-tick: 1283 B (near 110 B, 100% deltas), near 15.7 mid 41.9 far 58.7, far skipped 0 starved 0 | input wait p50 49.6 p99 66.1 ms | 0 joins deferred | kernel drops rcv 0 snd 0
         p50/p99 ms: ingress 0.85/1.28  events 4.22/5.25  movement 0.99/1.24  grid 0.47/0.58  separate 0.54/1.01  history 0.02/0.04  shots 0.07/0.26  serialize 0.29/0.38  assembly 3.29/4.44  transport 2.08/2.53  egress 3.39/4.30
[   60s] clients 10000 | level 0 (0-0 in window: 30 Hz, dilation 1.0), pace 1.00, 0.0% clients bandwidth-degraded | tick p50 16.46 p99 18.21 max 18.25 ms, 0 overruns | out 525.5k pps 322 kbps/client, 3224 Mbps | in 300.0k pps 15 kbps/client, 19.0 per recv, receive thread busy 3% | stand-ins: repeated 0.00% frozen 0.00%, 0 late inputs | per client-tick: 1283 B (near 110 B, 100% deltas), near 15.7 mid 41.9 far 58.7, far skipped 0 starved 0 | input wait p50 49.5 p99 66.2 ms | 0 joins deferred | kernel drops rcv 0 snd 0
         p50/p99 ms: ingress 0.83/1.33  events 4.25/5.63  movement 0.99/1.33  grid 0.47/0.67  separate 0.55/0.84  history 0.02/0.05  shots 0.07/0.26  serialize 0.29/0.39  assembly 3.31/4.18  transport 2.07/2.45  egress 3.42/3.94
[   65s] clients 242 | level 0 (0-0 in window: 30 Hz, dilation 1.0), pace 1.00, 0.0% clients bandwidth-degraded | tick p50 2.19 p99 21.57 max 35.10 ms, 1 overruns | out 38.2k pps 242 kbps/client, 199 Mbps | in 23.5k pps 12 kbps/client, 22.8 per recv, receive thread busy 0% | stand-ins: repeated 0.39% frozen 26.97%, 0 late inputs | per client-tick: 954 B (near 82 B, 99% deltas), near 11.5 mid 30.6 far 42.9, far skipped 0 starved 0 | input wait p50 49.6 p99 66.2 ms | 0 joins deferred | kernel drops rcv 0 snd 0
         p50/p99 ms: ingress 0.48/1.16  events 0.00/4.53  movement 0.21/1.07  grid 0.25/0.48  separate 0.42/0.63  history 0.03/0.06  shots 0.09/0.20  serialize 0.28/0.38  assembly 0.17/3.39  transport 0.10/2.27  egress 0.14/3.51
[   66s] clients 0 | level 0 (0-0 in window: 30 Hz, dilation 1.0), pace 1.00, 0.0% clients bandwidth-degraded | tick p50 2.12 p99 3.02 max 3.02 ms, 0 overruns | out 5.9k pps 30 kbps/client, 6 Mbps | in 0.0k pps 0 kbps/client, 0.0 per recv, receive thread busy 0% | stand-ins: repeated 0.00% frozen 100.00%, 0 late inputs | per client-tick: 93 B (near 9 B, 0% deltas), near 0.4 mid 0.9 far 1.5, far skipped 0 starved 0 | input wait p50 0.0 p99 0.0 ms | 0 joins deferred | kernel drops rcv 0 snd 0
         p50/p99 ms: ingress 0.48/0.54  events 0.00/0.71  movement 0.21/0.54  grid 0.23/0.27  separate 0.42/0.52  history 0.03/0.03  shots 0.09/0.10  serialize 0.26/0.28  assembly 0.15/0.29  transport 0.09/0.18  egress 0.14/0.16

== summary: 1708 steady-state ticks (after warmup, before clients drain), peak 10000 clients ==
  phase        p50 ms   p99 ms   max ms
  ingress        0.84     1.21     1.56
  events         4.27     5.38     6.21
  movement       0.99     1.30     1.49
  grid           0.47     0.63     0.90
  separate       0.54     0.88     1.11
  history        0.02     0.05     0.08
  shots          0.07     0.27     0.34
  serialize      0.29     0.40     0.58
  assembly       3.29     4.12     5.27
  transport      2.06     2.46     2.62
  egress         3.37     3.96     8.46
  tick          16.43    18.01    21.57
  overruns 0 | spawns 10000 despawns 10000 (54417 joins deferred) | deaths 0 respawns 0 | stand-ins: repeated 2673 frozen 35320 | late inputs 1654 discarded 0 | bad messages 0 | recv errors 0 send errors 0
  egress (whole run): 31148705 datagrams in 31148705 sends (1.00 per send), 211606 syscalls
  ingress (whole run): 17885340 datagrams in 942296 receive calls (18.98 per call)
  ticks per ladder level (whole run): L0: 1967
  input wait on the server (datagram arrival -> applied): p50 49.6 p99 66.2 max 143.2 mean 49.9 ms
  steady state: stand-ins repeated 0 frozen 0 | late inputs 0 discarded 0
  rewind of near targets (applied step - the input's render step for that tier): p50 133 p99 167 max 244 mean 146.4 ms (n=17653260)
  rewind of mid/far targets (applied step - the input's render step for that tier): p50 267 p99 300 max 367 mean 279.7 ms (n=17653260)
  render times ahead of the server (bogus) 0
  shots 0 (late 0, refused 0, rewinds capped 0) | hits head 0 body 0 (after cover 0, too late 0), kills 0 | ground 0 cover 0 expired 0 | segments 0 candidates 0
