preallocated connections for 10000 clients in 255.897228ms
listening on 127.0.0.1:40500 | spawn Uniform | tiers near 64@150 m, mid 500 m, far 1500 m, budget 6250 B/tick, squads of 4 | 8 rayon threads, 64 shards, 1 socket(s), 256 accepts/tick, egress SendMmsg | socket buffers rcv 8192 KiB snd 8192 KiB
WARNING: token key is the public dev key; anyone can mint tokens for this server (--token-key)
[    5s] clients 1000 | level 0 (0-0 in window: 30 Hz, dilation 1.0), pace 1.00, 0.0% clients bandwidth-degraded | tick p50 4.26 p99 6.67 max 25.77 ms, 0 overruns | out 27.7k pps 60 kbps/client, 54 Mbps | in 25.4k pps 15 kbps/client | stand-ins: repeated 0.25% frozen 0.00%, 311 late inputs | per client-tick: 211 B (near 37 B, 96% deltas), near 4.3 mid 4.1 far 6.2, far skipped 0 starved 0 | input wait p50 48.7 p99 90.9 ms | 353 joins deferred | kernel drops rcv 0 snd 0
         p50/p99 ms: ingress 0.37/1.09  events 0.10/1.68  movement 0.29/0.48  grid 0.17/0.33  separate 0.17/0.26  history 0.00/0.02  serialize 0.05/0.14  assembly 0.72/1.38  transport 0.41/0.94  egress 1.81/2.35
[   10s] clients 1000 | level 0 (0-0 in window: 30 Hz, dilation 1.0), pace 1.00, 0.0% clients bandwidth-degraded | tick p50 4.21 p99 5.11 max 5.51 ms, 0 overruns | out 30.0k pps 59 kbps/client, 59 Mbps | in 28.4k pps 14 kbps/client | stand-ins: repeated 0.26% frozen 0.00%, 368 late inputs | per client-tick: 211 B (near 35 B, 100% deltas), near 4.3 mid 4.2 far 6.3, far skipped 0 starved 0 | input wait p50 48.5 p99 90.9 ms | 0 joins deferred | kernel drops rcv 0 snd 0
         p50/p99 ms: ingress 0.37/0.78  events 0.10/0.21  movement 0.29/0.41  grid 0.17/0.33  separate 0.17/0.29  history 0.00/0.00  serialize 0.04/0.11  assembly 0.77/1.30  transport 0.41/0.91  egress 1.81/2.17
[   15s] clients 1000 | level 0 (0-0 in window: 30 Hz, dilation 1.0), pace 1.00, 0.0% clients bandwidth-degraded | tick p50 4.23 p99 4.97 max 5.08 ms, 0 overruns | out 30.0k pps 59 kbps/client, 59 Mbps | in 28.4k pps 14 kbps/client | stand-ins: repeated 0.25% frozen 0.00%, 361 late inputs | per client-tick: 211 B (near 36 B, 100% deltas), near 4.3 mid 4.2 far 6.3, far skipped 0 starved 0 | input wait p50 48.4 p99 91.5 ms | 0 joins deferred | kernel drops rcv 0 snd 0
         p50/p99 ms: ingress 0.36/0.73  events 0.10/0.20  movement 0.29/0.40  grid 0.17/0.22  separate 0.17/0.23  history 0.00/0.00  serialize 0.04/0.07  assembly 0.80/1.17  transport 0.41/0.82  egress 1.81/2.28
[   20s] clients 1000 | level 0 (0-0 in window: 30 Hz, dilation 1.0), pace 1.00, 0.0% clients bandwidth-degraded | tick p50 4.21 p99 4.88 max 5.14 ms, 0 overruns | out 30.0k pps 59 kbps/client, 59 Mbps | in 28.4k pps 14 kbps/client | stand-ins: repeated 0.24% frozen 0.00%, 342 late inputs | per client-tick: 211 B (near 36 B, 100% deltas), near 4.3 mid 4.2 far 6.3, far skipped 0 starved 0 | input wait p50 48.5 p99 91.3 ms | 0 joins deferred | kernel drops rcv 0 snd 0
         p50/p99 ms: ingress 0.36/0.48  events 0.10/0.14  movement 0.29/0.41  grid 0.16/0.22  separate 0.17/0.23  history 0.00/0.00  serialize 0.04/0.07  assembly 0.77/1.20  transport 0.41/0.91  egress 1.84/2.21
[   25s] clients 1000 | level 0 (0-0 in window: 30 Hz, dilation 1.0), pace 1.00, 0.0% clients bandwidth-degraded | tick p50 4.16 p99 4.94 max 5.25 ms, 0 overruns | out 30.0k pps 59 kbps/client, 59 Mbps | in 28.4k pps 14 kbps/client | stand-ins: repeated 0.24% frozen 0.00%, 350 late inputs | per client-tick: 211 B (near 36 B, 100% deltas), near 4.3 mid 4.2 far 6.3, far skipped 0 starved 0 | input wait p50 48.5 p99 91.2 ms | 0 joins deferred | kernel drops rcv 0 snd 0
         p50/p99 ms: ingress 0.36/0.64  events 0.10/0.19  movement 0.29/0.51  grid 0.17/0.33  separate 0.17/0.29  history 0.00/0.00  serialize 0.04/0.08  assembly 0.67/1.03  transport 0.41/0.80  egress 1.83/2.14
[   30s] clients 1000 | level 0 (0-0 in window: 30 Hz, dilation 1.0), pace 1.00, 0.0% clients bandwidth-degraded | tick p50 4.27 p99 5.42 max 5.47 ms, 0 overruns | out 30.0k pps 59 kbps/client, 59 Mbps | in 28.4k pps 14 kbps/client | stand-ins: repeated 0.26% frozen 0.00%, 366 late inputs | per client-tick: 211 B (near 35 B, 100% deltas), near 4.3 mid 4.2 far 6.3, far skipped 0 starved 0 | input wait p50 48.6 p99 91.1 ms | 0 joins deferred | kernel drops rcv 0 snd 0
         p50/p99 ms: ingress 0.37/0.93  events 0.10/0.24  movement 0.30/0.51  grid 0.17/0.33  separate 0.18/0.31  history 0.00/0.01  serialize 0.04/0.13  assembly 0.77/1.11  transport 0.42/0.89  egress 1.81/2.33
[   35s] clients 1000 | level 0 (0-0 in window: 30 Hz, dilation 1.0), pace 1.00, 0.0% clients bandwidth-degraded | tick p50 4.29 p99 5.26 max 5.34 ms, 0 overruns | out 30.0k pps 59 kbps/client, 59 Mbps | in 28.4k pps 14 kbps/client | stand-ins: repeated 0.27% frozen 0.00%, 388 late inputs | per client-tick: 211 B (near 35 B, 100% deltas), near 4.3 mid 4.2 far 6.3, far skipped 0 starved 0 | input wait p50 48.7 p99 93.2 ms | 0 joins deferred | kernel drops rcv 0 snd 0
         p50/p99 ms: ingress 0.36/0.60  events 0.10/0.21  movement 0.30/0.48  grid 0.18/0.34  separate 0.17/0.27  history 0.00/0.00  serialize 0.04/0.11  assembly 0.70/1.28  transport 0.42/1.01  egress 1.88/2.33
[   40s] clients 1000 | level 0 (0-0 in window: 30 Hz, dilation 1.0), pace 1.00, 0.0% clients bandwidth-degraded | tick p50 4.19 p99 4.92 max 4.92 ms, 0 overruns | out 30.0k pps 59 kbps/client, 59 Mbps | in 28.4k pps 14 kbps/client | stand-ins: repeated 0.25% frozen 0.00%, 364 late inputs | per client-tick: 211 B (near 36 B, 100% deltas), near 4.3 mid 4.2 far 6.3, far skipped 0 starved 0 | input wait p50 48.7 p99 91.2 ms | 0 joins deferred | kernel drops rcv 0 snd 0
         p50/p99 ms: ingress 0.36/0.61  events 0.10/0.15  movement 0.29/0.39  grid 0.16/0.21  separate 0.17/0.32  history 0.00/0.00  serialize 0.04/0.07  assembly 0.79/1.21  transport 0.40/0.93  egress 1.81/2.24
[   45s] clients 1000 | level 0 (0-0 in window: 30 Hz, dilation 1.0), pace 1.00, 0.0% clients bandwidth-degraded | tick p50 4.26 p99 5.17 max 5.37 ms, 0 overruns | out 30.0k pps 59 kbps/client, 59 Mbps | in 28.4k pps 14 kbps/client | stand-ins: repeated 0.25% frozen 0.00%, 355 late inputs | per client-tick: 211 B (near 36 B, 100% deltas), near 4.3 mid 4.2 far 6.3, far skipped 0 starved 0 | input wait p50 48.6 p99 92.5 ms | 0 joins deferred | kernel drops rcv 0 snd 0
         p50/p99 ms: ingress 0.36/0.86  events 0.11/0.23  movement 0.30/0.45  grid 0.18/0.44  separate 0.17/0.32  history 0.00/0.01  serialize 0.04/0.11  assembly 0.69/1.16  transport 0.41/0.91  egress 1.85/2.25
[   50s] clients 1000 | level 0 (0-0 in window: 30 Hz, dilation 1.0), pace 1.00, 0.0% clients bandwidth-degraded | tick p50 4.21 p99 4.75 max 4.88 ms, 0 overruns | out 30.0k pps 59 kbps/client, 59 Mbps | in 28.5k pps 14 kbps/client | stand-ins: repeated 0.24% frozen 0.00%, 348 late inputs | per client-tick: 211 B (near 36 B, 100% deltas), near 4.3 mid 4.2 far 6.3, far skipped 0 starved 0 | input wait p50 48.7 p99 91.5 ms | 0 joins deferred | kernel drops rcv 0 snd 0
         p50/p99 ms: ingress 0.36/0.74  events 0.10/0.14  movement 0.30/0.41  grid 0.16/0.22  separate 0.17/0.30  history 0.00/0.02  serialize 0.04/0.07  assembly 0.71/1.10  transport 0.40/0.95  egress 1.84/2.13
[   55s] clients 1000 | level 0 (0-0 in window: 30 Hz, dilation 1.0), pace 1.00, 0.0% clients bandwidth-degraded | tick p50 4.22 p99 5.46 max 12.02 ms, 0 overruns | out 30.0k pps 59 kbps/client, 59 Mbps | in 28.4k pps 14 kbps/client | stand-ins: repeated 0.26% frozen 0.00%, 352 late inputs | per client-tick: 211 B (near 36 B, 100% deltas), near 4.3 mid 4.2 far 6.3, far skipped 0 starved 0 | input wait p50 48.5 p99 91.7 ms | 0 joins deferred | kernel drops rcv 0 snd 0
         p50/p99 ms: ingress 0.36/0.74  events 0.10/0.18  movement 0.29/0.41  grid 0.16/0.27  separate 0.17/0.31  history 0.00/0.00  serialize 0.04/0.08  assembly 0.78/1.23  transport 0.41/0.82  egress 1.87/2.61
[   60s] clients 1000 | level 0 (0-0 in window: 30 Hz, dilation 1.0), pace 1.00, 0.0% clients bandwidth-degraded | tick p50 4.22 p99 5.15 max 5.21 ms, 0 overruns | out 30.0k pps 59 kbps/client, 59 Mbps | in 28.5k pps 14 kbps/client | stand-ins: repeated 0.25% frozen 0.00%, 350 late inputs | per client-tick: 211 B (near 36 B, 100% deltas), near 4.3 mid 4.2 far 6.3, far skipped 0 starved 0 | input wait p50 48.6 p99 91.0 ms | 0 joins deferred | kernel drops rcv 0 snd 0
         p50/p99 ms: ingress 0.36/0.73  events 0.10/0.16  movement 0.30/0.47  grid 0.16/0.21  separate 0.18/0.27  history 0.00/0.01  serialize 0.04/0.08  assembly 0.73/1.28  transport 0.41/0.79  egress 1.83/2.18
[   60s] clients 0 | level 0 (0-0 in window: 30 Hz, dilation 1.0), pace 1.00, 0.0% clients bandwidth-degraded | tick p50 3.94 p99 4.92 max 4.92 ms, 0 overruns | out 19.9k pps 60 kbps/client, 39 Mbps | in 47.7k pps 21 kbps/client | stand-ins: repeated 0.20% frozen 0.00%, 5 late inputs | per client-tick: 209 B (near 35 B, 100% deltas), near 4.2 mid 4.1 far 6.2, far skipped 0 starved 0 | input wait p50 48.4 p99 90.7 ms | 0 joins deferred | kernel drops rcv 0 snd 0
         p50/p99 ms: ingress 0.47/0.51  events 0.14/0.55  movement 0.28/0.32  grid 0.16/0.19  separate 0.15/0.16  history 0.00/0.00  serialize 0.04/0.04  assembly 0.78/0.92  transport 0.41/0.57  egress 1.76/2.14

== summary: 1707 steady-state ticks (after warmup, before clients drain), peak 1000 clients ==
  phase        p50 ms   p99 ms   max ms
  ingress        0.36     0.70     1.22
  events         0.10     0.20     0.28
  movement       0.29     0.45     0.55
  grid           0.17     0.31     0.47
  separate       0.17     0.29     0.37
  history        0.00     0.00     0.03
  serialize      0.04     0.10     0.14
  assembly       0.75     1.19     1.51
  transport      0.41     0.88     1.04
  egress         1.83     2.25     9.04
  tick           4.22     5.13    12.02
  overruns 0 | spawns 1000 despawns 1000 (353 joins deferred) | stand-ins: repeated 4499 frozen 13 | late inputs 4260 discarded 0 | bad messages 0 | recv errors 0 send errors 0
  egress (whole run): 1797663 datagrams in 1797663 sends (1.00 per send), 115194 syscalls
  ticks per ladder level (whole run): L0: 1811
  input wait on the server (datagram arrival -> applied): p50 48.6 p99 91.5 max 135.9 mean 50.7 ms
  steady state: stand-ins repeated 4299 frozen 12 | late inputs 4068 discarded 0
  rewind of near targets (applied step - the input's render step for that tier): p50 200 p99 241 max 277 mean 206.5 ms (n=1779210)
  rewind of mid/far targets (applied step - the input's render step for that tier): p50 333 p99 374 max 410 mean 339.6 ms (n=1779210)
  render times ahead of the server (bogus) 0
