warning: use of deprecated method `std::sync::atomic::Atomic::<usize>::fetch_update`: renamed to `try_update` for consistency
   --> src/server.rs:140:14
    |
140 |             .fetch_update(Ordering::AcqRel, Ordering::Acquire, |n| (n < self.max_clients).then_some(n + 1))
    |              ^^^^^^^^^^^^
    |
    = note: `#[warn(deprecated)]` on by default
help: replace the use of the deprecated method
    |
140 -             .fetch_update(Ordering::AcqRel, Ordering::Acquire, |n| (n < self.max_clients).then_some(n + 1))
140 +             .try_update(Ordering::AcqRel, Ordering::Acquire, |n| (n < self.max_clients).then_some(n + 1))
    |

== blob, 3000 bots, 60s -> baselines/2026-10-04-scaleway-128t/blob-3k-sendmmsg-1
== summary: 1709 steady-state ticks (after warmup, before clients drain), peak 3000 clients ==
  phase        p50 ms   p99 ms   max ms
  ingress        0.88     1.14     1.28
  events         0.95     1.20     1.61
  movement       0.18     0.25     0.28
  grid           0.13     0.20     0.23
  history        0.00     0.01     0.01
  serialize      0.11     0.14     0.16
  assembly       2.43     3.17     3.94
  transport      0.94     1.16     1.37
  egress         2.07     2.37     2.61
  tick           7.70     8.61     9.70
  overruns 0 | spawns 3000 despawns 3000 (6051 joins deferred) | stand-ins: repeated 0 frozen 0 | late inputs 0 discarded 0 | bad messages 0 | recv errors 0 send errors 0
  egress (whole run): 10756096 datagrams in 10756096 sends (1.00 per send), 115251 syscalls
  ticks per ladder level (whole run): L0: 1819
  input wait on the server (datagram arrival -> applied): p50 50.0 p99 66.4 max 67.9 mean 50.1 ms
  steady state: stand-ins repeated 0 frozen 0 | late inputs 0 discarded 0
== bots summary ==
  started 3000 welcomed 3000 failed 0
  join latency ms: p50 312 p99 830 max 1063 (n=3000)
  corrections 0 (0.00/bot-minute), mean error 0.000 m, max 0.000 m
  snapshots 5368553 (entities per snapshot: near 64.0 mid 86.0 far 0.0), stale 0, unmatched acks 0, resyncs 0
  input -> applied on server (est. RTT/2 + server wait): p50 54.0 p99 70.0 max 73.0 mean 53.9 ms (n=5367750)
    of which server wait (arrival -> applied): p50 50.0 p99 66.4 max 67.9 mean 50.1 ms (n=5367750)
  input -> seen acked (round trip): p50 67.0 p99 100.0 max 101.0 mean 73.6 ms (n=5367750)
  near entity update interval (tracked bots): p50 66.0 p99 66.0 max 133.0 mean 53.2 ms (n=17170499)
  mid entity update interval (tracked bots): p50 100.0 p99 100.0 max 59700.0 mean 155.6 ms (n=22981055)
  far entity update interval (tracked bots): p50 0.0 p99 0.0 max 0.0 mean 0.0 ms (n=0)
  input clock: 3185 extra inputs, 282 skipped ticks, 0 backlog skips | near decode errors (tracked bots) 0
  bytes down 7589.6 MB up 268.5 MB | swarm busy 5% of its threads' time, tick overruns 0
