spawn=blob
egress=sendmmsg
ladder=on
threads=128
shards=64
peak_clients=3000
steady_ticks=1709
steady_secs=56.9
ingress_p50_ms=0.88
ingress_p99_ms=1.14
ingress_max_ms=1.28
events_p50_ms=0.95
events_p99_ms=1.20
events_max_ms=1.61
movement_p50_ms=0.18
movement_p99_ms=0.25
movement_max_ms=0.28
grid_p50_ms=0.13
grid_p99_ms=0.20
grid_max_ms=0.23
history_p50_ms=0.00
history_p99_ms=0.01
history_max_ms=0.01
serialize_p50_ms=0.11
serialize_p99_ms=0.14
serialize_max_ms=0.16
assembly_p50_ms=2.43
assembly_p99_ms=3.17
assembly_max_ms=3.94
transport_p50_ms=0.94
transport_p99_ms=1.16
transport_max_ms=1.37
egress_p50_ms=2.07
egress_p99_ms=2.37
egress_max_ms=2.61
tick_p50_ms=7.70
tick_p99_ms=8.61
tick_max_ms=9.70
steady_overruns=0
level_mode=0
tick_hz=30
dilation=1
levels=L0:1709
clients_avg=3000
out_pps=180075
in_pps=90127
egress_mbps=1017.0
packets_per_client_tick=2.00
wire_bytes_per_client_tick=1412
down_kbps_per_client=339.0
up_kbps_per_client=12.0
kernel_rcvbuf_drops=0
kernel_sndbuf_drops=0
snapshot_bytes_per_client_tick=1347
near_bytes_per_client_tick=355
near_per_client_tick=64.0
mid_per_client_tick=86.0
far_per_client_tick=0.0
far_skipped=0
far_starved=0
repeated=0
frozen=0
late_inputs=0
discarded_inputs=0
input_wait_p50_ms=50.0
input_wait_p99_ms=66.4
spawns=3000
despawns=3000
joins_deferred=6051
bad_messages=0
recv_errors=0
send_errors=0
datagrams=10756096
sends=10756096
send_syscalls=115251
