preallocated connections for 10000 clients in 219.627254ms
listening on 172.16.8.2:40500 | spawn Blob | tiers near 64@150 m, mid 500 m, far 1500 m, budget 6250 B/tick, squads of 4 | 128 rayon threads, 64 shards, 256 accepts/tick, egress SendMmsg | socket buffers rcv 32768 KiB snd 32768 KiB
[    5s] clients 3000 | level 0 (0-0 in window: 30 Hz, dilation 1.0), pace 1.00, 0.0% clients bandwidth-degraded | tick p50 7.74 p99 11.46 max 12.55 ms, 0 overruns | out 150.6k pps 344 kbps/client, 853 Mbps | in 76.5k pps 14 kbps/client | stand-ins: repeated 0.00% frozen 0.00%, 0 late inputs | per client-tick: 1361 B (near 369 B, 97% deltas), near 64.0 mid 86.0 far 0.0, far skipped 0 starved 0 | input wait p50 50.3 p99 66.6 ms | 6051 joins deferred | kernel drops rcv 0 snd 0
         p50/p99 ms: ingress 0.89/2.88  events 0.95/2.34  movement 0.18/0.25  grid 0.12/0.21  history 0.00/0.02  serialize 0.11/0.18  assembly 2.42/4.31  transport 0.94/1.43  egress 2.07/2.34
[   10s] clients 3000 | level 0 (0-0 in window: 30 Hz, dilation 1.0), pace 1.00, 0.0% clients bandwidth-degraded | tick p50 7.70 p99 8.58 max 9.70 ms, 0 overruns | out 180.0k pps 339 kbps/client, 1017 Mbps | in 90.0k pps 12 kbps/client | stand-ins: repeated 0.00% frozen 0.00%, 0 late inputs | per client-tick: 1347 B (near 355 B, 99% deltas), near 64.0 mid 86.0 far 0.0, far skipped 0 starved 0 | input wait p50 49.9 p99 66.4 ms | 0 joins deferred | kernel drops rcv 0 snd 0
         p50/p99 ms: ingress 0.90/1.11  events 0.96/1.23  movement 0.19/0.25  grid 0.13/0.21  history 0.00/0.00  serialize 0.10/0.14  assembly 2.45/3.17  transport 0.95/1.15  egress 2.04/2.35
[   15s] clients 3000 | level 0 (0-0 in window: 30 Hz, dilation 1.0), pace 1.00, 0.0% clients bandwidth-degraded | tick p50 7.68 p99 8.78 max 9.08 ms, 0 overruns | out 180.0k pps 339 kbps/client, 1016 Mbps | in 90.0k pps 12 kbps/client | stand-ins: repeated 0.00% frozen 0.00%, 0 late inputs | per client-tick: 1347 B (near 355 B, 99% deltas), near 64.0 mid 86.0 far 0.0, far skipped 0 starved 0 | input wait p50 49.9 p99 66.4 ms | 0 joins deferred | kernel drops rcv 0 snd 0
         p50/p99 ms: ingress 0.86/1.17  events 0.95/1.20  movement 0.18/0.24  grid 0.13/0.20  history 0.00/0.00  serialize 0.11/0.14  assembly 2.43/3.30  transport 0.94/1.18  egress 2.08/2.37
[   20s] clients 3000 | level 0 (0-0 in window: 30 Hz, dilation 1.0), pace 1.00, 0.0% clients bandwidth-degraded | tick p50 7.70 p99 8.49 max 8.52 ms, 0 overruns | out 180.0k pps 339 kbps/client, 1017 Mbps | in 90.0k pps 12 kbps/client | stand-ins: repeated 0.00% frozen 0.00%, 0 late inputs | per client-tick: 1347 B (near 355 B, 99% deltas), near 64.0 mid 86.0 far 0.0, far skipped 0 starved 0 | input wait p50 49.9 p99 66.4 ms | 0 joins deferred | kernel drops rcv 0 snd 0
         p50/p99 ms: ingress 0.87/1.11  events 0.96/1.15  movement 0.18/0.24  grid 0.13/0.20  history 0.00/0.00  serialize 0.11/0.14  assembly 2.44/3.00  transport 0.94/1.15  egress 2.09/2.42
[   25s] clients 3000 | level 0 (0-0 in window: 30 Hz, dilation 1.0), pace 1.00, 0.0% clients bandwidth-degraded | tick p50 7.75 p99 8.70 max 9.48 ms, 0 overruns | out 180.0k pps 339 kbps/client, 1016 Mbps | in 90.0k pps 12 kbps/client | stand-ins: repeated 0.00% frozen 0.00%, 0 late inputs | per client-tick: 1347 B (near 355 B, 99% deltas), near 64.0 mid 86.0 far 0.0, far skipped 0 starved 0 | input wait p50 49.9 p99 66.4 ms | 0 joins deferred | kernel drops rcv 0 snd 0
         p50/p99 ms: ingress 0.86/1.10  events 0.95/1.21  movement 0.18/0.24  grid 0.13/0.22  history 0.00/0.01  serialize 0.11/0.14  assembly 2.46/3.13  transport 0.95/1.18  egress 2.10/2.40
[   30s] clients 3000 | level 0 (0-0 in window: 30 Hz, dilation 1.0), pace 1.00, 0.0% clients bandwidth-degraded | tick p50 7.66 p99 8.43 max 8.71 ms, 0 overruns | out 180.0k pps 339 kbps/client, 1017 Mbps | in 90.0k pps 12 kbps/client | stand-ins: repeated 0.00% frozen 0.00%, 0 late inputs | per client-tick: 1347 B (near 355 B, 99% deltas), near 64.0 mid 86.0 far 0.0, far skipped 0 starved 0 | input wait p50 49.9 p99 66.4 ms | 0 joins deferred | kernel drops rcv 0 snd 0
         p50/p99 ms: ingress 0.89/1.19  events 0.96/1.19  movement 0.18/0.24  grid 0.13/0.20  history 0.00/0.01  serialize 0.10/0.13  assembly 2.44/2.91  transport 0.95/1.15  egress 2.06/2.33
[   35s] clients 3000 | level 0 (0-0 in window: 30 Hz, dilation 1.0), pace 1.00, 0.0% clients bandwidth-degraded | tick p50 7.74 p99 8.51 max 8.98 ms, 0 overruns | out 180.0k pps 339 kbps/client, 1016 Mbps | in 90.0k pps 12 kbps/client | stand-ins: repeated 0.00% frozen 0.00%, 0 late inputs | per client-tick: 1347 B (near 355 B, 99% deltas), near 64.0 mid 86.0 far 0.0, far skipped 0 starved 0 | input wait p50 49.9 p99 66.4 ms | 0 joins deferred | kernel drops rcv 0 snd 0
         p50/p99 ms: ingress 0.91/1.15  events 0.95/1.23  movement 0.19/0.26  grid 0.13/0.20  history 0.00/0.01  serialize 0.11/0.15  assembly 2.42/3.34  transport 0.94/1.12  egress 2.08/2.37
[   40s] clients 3000 | level 0 (0-0 in window: 30 Hz, dilation 1.0), pace 1.00, 0.0% clients bandwidth-degraded | tick p50 7.73 p99 8.64 max 8.66 ms, 0 overruns | out 180.0k pps 339 kbps/client, 1016 Mbps | in 90.0k pps 12 kbps/client | stand-ins: repeated 0.00% frozen 0.00%, 0 late inputs | per client-tick: 1347 B (near 355 B, 99% deltas), near 64.0 mid 86.0 far 0.0, far skipped 0 starved 0 | input wait p50 49.9 p99 66.4 ms | 0 joins deferred | kernel drops rcv 0 snd 0
         p50/p99 ms: ingress 0.89/1.13  events 0.94/1.18  movement 0.19/0.24  grid 0.13/0.20  history 0.00/0.00  serialize 0.10/0.14  assembly 2.42/3.18  transport 0.94/1.16  egress 2.10/2.43
[   45s] clients 3000 | level 0 (0-0 in window: 30 Hz, dilation 1.0), pace 1.00, 0.0% clients bandwidth-degraded | tick p50 7.72 p99 8.57 max 8.60 ms, 0 overruns | out 180.0k pps 339 kbps/client, 1017 Mbps | in 90.0k pps 12 kbps/client | stand-ins: repeated 0.00% frozen 0.00%, 0 late inputs | per client-tick: 1347 B (near 355 B, 99% deltas), near 64.0 mid 86.0 far 0.0, far skipped 0 starved 0 | input wait p50 49.9 p99 66.4 ms | 0 joins deferred | kernel drops rcv 0 snd 0
         p50/p99 ms: ingress 0.88/1.06  events 0.94/1.28  movement 0.18/0.25  grid 0.13/0.20  history 0.00/0.01  serialize 0.10/0.14  assembly 2.42/3.10  transport 0.94/1.20  egress 2.09/2.43
[   50s] clients 3000 | level 0 (0-0 in window: 30 Hz, dilation 1.0), pace 1.00, 0.0% clients bandwidth-degraded | tick p50 7.71 p99 8.61 max 8.74 ms, 0 overruns | out 180.0k pps 339 kbps/client, 1016 Mbps | in 90.0k pps 12 kbps/client | stand-ins: repeated 0.00% frozen 0.00%, 0 late inputs | per client-tick: 1347 B (near 355 B, 99% deltas), near 64.0 mid 86.0 far 0.0, far skipped 0 starved 0 | input wait p50 49.9 p99 66.4 ms | 0 joins deferred | kernel drops rcv 0 snd 0
         p50/p99 ms: ingress 0.89/1.18  events 0.95/1.29  movement 0.19/0.24  grid 0.13/0.20  history 0.00/0.01  serialize 0.10/0.14  assembly 2.42/3.05  transport 0.93/1.19  egress 2.05/2.33
[   55s] clients 3000 | level 0 (0-0 in window: 30 Hz, dilation 1.0), pace 1.00, 0.0% clients bandwidth-degraded | tick p50 7.72 p99 9.33 max 9.56 ms, 0 overruns | out 180.0k pps 339 kbps/client, 1017 Mbps | in 90.0k pps 12 kbps/client | stand-ins: repeated 0.00% frozen 0.00%, 0 late inputs | per client-tick: 1347 B (near 355 B, 99% deltas), near 64.0 mid 86.0 far 0.0, far skipped 0 starved 0 | input wait p50 49.9 p99 66.4 ms | 0 joins deferred | kernel drops rcv 0 snd 0
         p50/p99 ms: ingress 0.89/1.14  events 0.96/1.19  movement 0.18/0.27  grid 0.13/0.20  history 0.00/0.01  serialize 0.11/0.15  assembly 2.45/3.88  transport 0.96/1.11  egress 2.07/2.33
[   60s] clients 3000 | level 0 (0-0 in window: 30 Hz, dilation 1.0), pace 1.00, 0.0% clients bandwidth-degraded | tick p50 7.62 p99 8.47 max 8.62 ms, 0 overruns | out 180.0k pps 339 kbps/client, 1017 Mbps | in 90.0k pps 12 kbps/client | stand-ins: repeated 0.00% frozen 0.00%, 0 late inputs | per client-tick: 1347 B (near 355 B, 99% deltas), near 64.0 mid 86.0 far 0.0, far skipped 0 starved 0 | input wait p50 49.9 p99 66.4 ms | 0 joins deferred | kernel drops rcv 0 snd 0
         p50/p99 ms: ingress 0.89/1.17  events 0.94/1.20  movement 0.18/0.26  grid 0.12/0.20  history 0.00/0.00  serialize 0.11/0.14  assembly 2.42/3.02  transport 0.93/1.16  egress 1.99/2.38
[   61s] clients 0 | level 0 (0-0 in window: 30 Hz, dilation 1.0), pace 1.00, 0.0% clients bandwidth-degraded | tick p50 7.58 p99 13.49 max 13.49 ms, 0 overruns | out 161.7k pps 334 kbps/client, 914 Mbps | in 101.1k pps 13 kbps/client | stand-ins: repeated 0.00% frozen 0.00%, 0 late inputs | per client-tick: 1349 B (near 357 B, 99% deltas), near 64.0 mid 86.0 far 0.0, far skipped 0 starved 0 | input wait p50 50.0 p99 66.4 ms | 0 joins deferred | kernel drops rcv 0 snd 0
         p50/p99 ms: ingress 0.87/3.08  events 0.94/9.54  movement 0.18/0.21  grid 0.12/0.15  history 0.00/0.00  serialize 0.11/0.14  assembly 2.37/2.59  transport 0.93/1.06  egress 1.75/2.19

== summary: 1709 steady-state ticks (after warmup, before clients drain), peak 3000 clients ==
  phase        p50 ms   p99 ms   max ms
  ingress        0.88     1.14     1.28
  events         0.95     1.20     1.61
  movement       0.18     0.25     0.28
  grid           0.13     0.20     0.23
  history        0.00     0.01     0.01
  serialize      0.11     0.14     0.16
  assembly       2.43     3.17     3.94
  transport      0.94     1.16     1.37
  egress         2.07     2.37     2.61
  tick           7.70     8.61     9.70
  overruns 0 | spawns 3000 despawns 3000 (6051 joins deferred) | stand-ins: repeated 0 frozen 0 | late inputs 0 discarded 0 | bad messages 0 | recv errors 0 send errors 0
  egress (whole run): 10756096 datagrams in 10756096 sends (1.00 per send), 115251 syscalls
  ticks per ladder level (whole run): L0: 1819
  input wait on the server (datagram arrival -> applied): p50 50.0 p99 66.4 max 67.9 mean 50.1 ms
  steady state: stand-ins repeated 0 frozen 0 | late inputs 0 discarded 0
