10000 bots -> 172.16.16.2:40500 on 24 threads, ramp 0/s, 60s, 10000 full + 0 sink bots
[    5s] bots 10000/10000 connected, 10000 welcomed, 0 failed | 14.7 snaps/s/bot, entities/snap near 31.0 mid 43.5 far 19.3 | corrections 0.000/s/bot | down 117 up 6 kbps/bot | rtt 115.2 ms loss 0.00% | input->applied ~ p50 211 p99 396 ms, round trip p50 300 p99 467 ms | joins 10000 (p50 922 p99 1982 ms) | server pace 0.66 level 3, 0 bots bandwidth-degraded | swarm busy 13%, overruns 0
[   10s] bots 10000/10000 connected, 10000 welcomed, 0 failed | 20.9 snaps/s/bot, entities/snap near 22.3 mid 32.8 far 7.2 | corrections 3.344/s/bot | down 112 up 9 kbps/bot | rtt 114.5 ms loss 0.47% | input->applied ~ p50 111 p99 165 ms, round trip p50 167 p99 233 ms | joins 0 (p50 0 p99 0 ms) | server pace 0.99 level 6, 0 bots bandwidth-degraded | swarm busy 16%, overruns 0
[   15s] bots 10000/10000 connected, 10000 welcomed, 0 failed | 16.2 snaps/s/bot, entities/snap near 20.6 mid 32.3 far 6.5 | corrections 0.380/s/bot | down 85 up 10 kbps/bot | rtt 119.1 ms loss 0.51% | input->applied ~ p50 135 p99 187 ms, round trip p50 200 p99 267 ms | joins 0 (p50 0 p99 0 ms) | server pace 0.80 level 8, 0 bots bandwidth-degraded | swarm busy 16%, overruns 0
[   20s] bots 10000/10000 connected, 10000 welcomed, 0 failed | 15.9 snaps/s/bot, entities/snap near 20.6 mid 32.3 far 6.4 | corrections 0.000/s/bot | down 83 up 10 kbps/bot | rtt 119.1 ms loss 0.49% | input->applied ~ p50 132 p99 167 ms, round trip p50 200 p99 233 ms | joins 0 (p50 0 p99 0 ms) | server pace 0.80 level 8, 0 bots bandwidth-degraded | swarm busy 15%, overruns 0
[   25s] bots 10000/10000 connected, 10000 welcomed, 0 failed | 16.3 snaps/s/bot, entities/snap near 20.6 mid 32.4 far 6.5 | corrections 0.000/s/bot | down 85 up 10 kbps/bot | rtt 119.4 ms loss 0.51% | input->applied ~ p50 132 p99 166 ms, round trip p50 200 p99 233 ms | joins 0 (p50 0 p99 0 ms) | server pace 0.80 level 8, 0 bots bandwidth-degraded | swarm busy 15%, overruns 0
[   30s] bots 10000/10000 connected, 10000 welcomed, 0 failed | 15.4 snaps/s/bot, entities/snap near 20.5 mid 32.3 far 6.5 | corrections 0.000/s/bot | down 80 up 9 kbps/bot | rtt 118.9 ms loss 0.51% | input->applied ~ p50 132 p99 166 ms, round trip p50 200 p99 233 ms | joins 0 (p50 0 p99 0 ms) | server pace 0.80 level 8, 0 bots bandwidth-degraded | swarm busy 15%, overruns 0
[   35s] bots 10000/10000 connected, 10000 welcomed, 0 failed | 16.2 snaps/s/bot, entities/snap near 20.5 mid 32.3 far 6.4 | corrections 0.000/s/bot | down 84 up 10 kbps/bot | rtt 118.3 ms loss 0.52% | input->applied ~ p50 131 p99 166 ms, round trip p50 200 p99 233 ms | joins 0 (p50 0 p99 0 ms) | server pace 0.80 level 8, 0 bots bandwidth-degraded | swarm busy 15%, overruns 0
[   40s] bots 10000/10000 connected, 10000 welcomed, 0 failed | 15.9 snaps/s/bot, entities/snap near 20.5 mid 32.2 far 6.5 | corrections 0.000/s/bot | down 83 up 10 kbps/bot | rtt 119.3 ms loss 0.49% | input->applied ~ p50 131 p99 166 ms, round trip p50 200 p99 233 ms | joins 0 (p50 0 p99 0 ms) | server pace 0.80 level 8, 0 bots bandwidth-degraded | swarm busy 15%, overruns 0
[   45s] bots 10000/10000 connected, 10000 welcomed, 0 failed | 15.7 snaps/s/bot, entities/snap near 20.6 mid 32.5 far 6.5 | corrections 0.000/s/bot | down 82 up 9 kbps/bot | rtt 119.0 ms loss 0.50% | input->applied ~ p50 131 p99 166 ms, round trip p50 200 p99 233 ms | joins 0 (p50 0 p99 0 ms) | server pace 0.80 level 8, 0 bots bandwidth-degraded | swarm busy 16%, overruns 0
[   50s] bots 10000/10000 connected, 10000 welcomed, 0 failed | 16.2 snaps/s/bot, entities/snap near 20.5 mid 32.2 far 6.5 | corrections 0.000/s/bot | down 84 up 10 kbps/bot | rtt 118.9 ms loss 0.49% | input->applied ~ p50 131 p99 166 ms, round trip p50 200 p99 233 ms | joins 0 (p50 0 p99 0 ms) | server pace 0.80 level 8, 0 bots bandwidth-degraded | swarm busy 15%, overruns 0
[   55s] bots 10000/10000 connected, 10000 welcomed, 0 failed | 16.0 snaps/s/bot, entities/snap near 20.5 mid 32.3 far 6.5 | corrections 0.000/s/bot | down 83 up 10 kbps/bot | rtt 119.1 ms loss 0.49% | input->applied ~ p50 131 p99 165 ms, round trip p50 200 p99 233 ms | joins 0 (p50 0 p99 0 ms) | server pace 0.80 level 8, 0 bots bandwidth-degraded | swarm busy 15%, overruns 0
[   60s] bots 10000/10000 connected, 10000 welcomed, 0 failed | 15.9 snaps/s/bot, entities/snap near 20.6 mid 32.5 far 6.5 | corrections 0.000/s/bot | down 83 up 10 kbps/bot | rtt 119.3 ms loss 0.49% | input->applied ~ p50 131 p99 166 ms, round trip p50 200 p99 233 ms | joins 0 (p50 0 p99 0 ms) | server pace 0.80 level 8, 0 bots bandwidth-degraded | swarm busy 15%, overruns 0

== bots summary ==
  started 10000 welcomed 10000 failed 0
  join latency ms: p50 922 p99 1982 max 2272 (n=10000)
  corrections 186256 (18.63/bot-minute), mean error 0.138 m, max 0.966 m
  snapshots 9802250 (entities per snapshot: near 21.5 mid 33.2 far 7.5), stale 1, unmatched acks 0, resyncs 5493
  input -> applied on server (est. RTT/2 + server wait): p50 131.0 p99 337.0 max 447.0 mean 136.4 ms (n=9535118)
    of which server wait (arrival -> applied): p50 71.8 p99 279.3 max 382.2 mean 77.3 ms (n=9535118)
  input -> seen acked (round trip): p50 200.0 p99 400.0 max 533.0 mean 208.3 ms (n=9770954)
  near entity update interval (tracked bots): p50 50.0 p99 100.0 max 750.0 mean 68.4 ms (n=11364540)
  mid entity update interval (tracked bots): p50 250.0 p99 500.0 max 50100.0 mean 288.0 ms (n=18221142)
  far entity update interval (tracked bots): p50 1500.0 p99 7500.0 max 50250.0 mean 1493.8 ms (n=3187058)
  input clock: 59235 extra inputs, 3734341 skipped ticks, 41177 backlog skips | near decode errors (tracked bots) 0
  bytes down 6657.2 MB up 699.1 MB | swarm busy 15% of its threads' time, tick overruns 0
