preallocated connections for 10000 clients in 220.246981ms
listening on 172.16.16.2:40500 | spawn Blob | tiers near 64@150 m, mid 500 m, far 1500 m, budget 6250 B/tick, squads of 4 | 64 rayon threads, 64 shards, 256 accepts/tick, egress SendMmsg | socket buffers rcv 32768 KiB snd 32768 KiB
[    5s] clients 10000 | level 2 (0-2 in window: 30 Hz, dilation 1.0), pace 0.64, 0.0% clients bandwidth-degraded | tick p50 26.89 p99 55.80 max 56.35 ms, 55 overruns | out 156.3k pps 205 kbps/client, 895 Mbps | in 120.9k pps 17 kbps/client | stand-ins: repeated 0.00% frozen 0.00%, 20 late inputs | per client-tick: 990 B (near 214 B, 90% deltas), near 31.4 mid 45.0 far 21.1, far skipped 0 starved 0 | input wait p50 196.6 p99 339.7 ms | 55504 joins deferred | kernel drops rcv 0 snd 0
         p50/p99 ms: ingress 1.16/7.86  events 2.25/4.91  movement 0.14/0.46  grid 0.13/0.38  history 0.01/0.06  serialize 0.13/0.38  assembly 2.40/10.81  transport 0.86/4.71  egress 16.90/36.55
[   10s] clients 10000 | level 6 (2-6 in window: 20 Hz, dilation 1.0), pace 0.72, 0.0% clients bandwidth-degraded | tick p50 48.99 p99 52.55 max 52.80 ms, 98 overruns | out 266.7k pps 115 kbps/client, 1145 Mbps | in 199.6k pps 8 kbps/client | stand-ins: repeated 1.32% frozen 0.00%, 3727 late inputs | per client-tick: 660 B (near 146 B, 99% deltas), near 23.9 mid 33.8 far 8.6, far skipped 0 starved 0 | input wait p50 59.4 p99 158.4 ms | 0 joins deferred | kernel drops rcv 0 snd 0
         p50/p99 ms: ingress 1.21/1.47  events 2.42/2.81  movement 0.34/0.50  grid 0.37/0.43  history 0.01/0.01  serialize 0.21/0.35  assembly 5.22/7.91  transport 3.14/4.13  egress 36.15/36.82
[   15s] clients 10000 | level 8 (6-8 in window: 20 Hz, dilation 0.8), pace 0.80, 0.0% clients bandwidth-degraded | tick p50 50.90 p99 56.09 max 56.09 ms, 2 overruns | out 233.1k pps 92 kbps/client, 918 Mbps | in 257.8k pps 10 kbps/client | stand-ins: repeated 2.93% frozen 21.64%, 331282 late inputs | per client-tick: 602 B (near 127 B, 98% deltas), near 20.6 mid 32.3 far 6.5, far skipped 0 starved 0 | input wait p50 75.1 p99 126.1 ms | 0 joins deferred | kernel drops rcv 0 snd 0
         p50/p99 ms: ingress 1.85/3.16  events 3.70/5.03  movement 0.35/0.72  grid 0.41/0.44  history 0.01/0.01  serialize 0.20/0.44  assembly 6.90/12.59  transport 3.72/7.04  egress 33.59/36.42
[   20s] clients 10000 | level 8 (8-8 in window: 20 Hz, dilation 0.8), pace 0.80, 0.0% clients bandwidth-degraded | tick p50 52.51 p99 55.21 max 55.21 ms, 0 overruns | out 210.2k pps 83 kbps/client, 835 Mbps | in 238.5k pps 10 kbps/client | stand-ins: repeated 0.00% frozen 0.00%, 53 late inputs | per client-tick: 607 B (near 132 B, 98% deltas), near 20.6 mid 32.3 far 6.5, far skipped 0 starved 0 | input wait p50 72.8 p99 106.2 ms | 0 joins deferred | kernel drops rcv 0 snd 0
         p50/p99 ms: ingress 2.20/3.17  events 3.83/4.49  movement 0.35/0.57  grid 0.39/0.43  history 0.01/0.01  serialize 0.21/0.64  assembly 8.75/14.72  transport 5.03/6.53  egress 31.32/34.38
[   25s] clients 10000 | level 8 (8-8 in window: 20 Hz, dilation 0.8), pace 0.80, 0.0% clients bandwidth-degraded | tick p50 52.18 p99 55.96 max 55.96 ms, 0 overruns | out 210.3k pps 83 kbps/client, 834 Mbps | in 238.9k pps 10 kbps/client | stand-ins: repeated 0.01% frozen 0.00%, 73 late inputs | per client-tick: 606 B (near 132 B, 98% deltas), near 20.6 mid 32.3 far 6.4, far skipped 0 starved 0 | input wait p50 72.3 p99 104.9 ms | 0 joins deferred | kernel drops rcv 0 snd 0
         p50/p99 ms: ingress 2.22/3.73  events 3.85/4.41  movement 0.35/0.89  grid 0.39/0.43  history 0.01/0.01  serialize 0.21/0.52  assembly 8.69/15.19  transport 5.05/7.50  egress 31.31/34.66
[   30s] clients 10000 | level 8 (8-8 in window: 20 Hz, dilation 0.8), pace 0.80, 0.0% clients bandwidth-degraded | tick p50 52.25 p99 56.59 max 56.59 ms, 0 overruns | out 210.4k pps 84 kbps/client, 835 Mbps | in 238.6k pps 10 kbps/client | stand-ins: repeated 0.01% frozen 0.00%, 82 late inputs | per client-tick: 607 B (near 132 B, 98% deltas), near 20.5 mid 32.3 far 6.5, far skipped 0 starved 0 | input wait p50 71.8 p99 104.6 ms | 0 joins deferred | kernel drops rcv 0 snd 0
         p50/p99 ms: ingress 2.14/3.29  events 3.82/5.20  movement 0.35/0.68  grid 0.38/0.45  history 0.01/0.01  serialize 0.21/0.46  assembly 9.08/14.87  transport 4.96/7.17  egress 31.21/34.62
[   35s] clients 10000 | level 8 (8-8 in window: 20 Hz, dilation 0.8), pace 0.80, 0.0% clients bandwidth-degraded | tick p50 52.36 p99 56.54 max 56.54 ms, 0 overruns | out 209.8k pps 83 kbps/client, 833 Mbps | in 238.7k pps 10 kbps/client | stand-ins: repeated 0.01% frozen 0.00%, 75 late inputs | per client-tick: 607 B (near 132 B, 98% deltas), near 20.5 mid 32.3 far 6.5, far skipped 0 starved 0 | input wait p50 71.8 p99 104.4 ms | 0 joins deferred | kernel drops rcv 0 snd 0
         p50/p99 ms: ingress 2.24/3.12  events 3.93/4.57  movement 0.36/0.79  grid 0.38/0.45  history 0.01/0.01  serialize 0.20/1.86  assembly 8.68/17.05  transport 4.95/6.87  egress 31.20/34.82
[   40s] clients 10000 | level 8 (8-8 in window: 20 Hz, dilation 0.8), pace 0.80, 0.0% clients bandwidth-degraded | tick p50 52.06 p99 55.28 max 55.28 ms, 0 overruns | out 210.3k pps 83 kbps/client, 835 Mbps | in 239.0k pps 10 kbps/client | stand-ins: repeated 0.01% frozen 0.00%, 68 late inputs | per client-tick: 607 B (near 132 B, 98% deltas), near 20.5 mid 32.3 far 6.5, far skipped 0 starved 0 | input wait p50 71.8 p99 104.2 ms | 0 joins deferred | kernel drops rcv 0 snd 0
         p50/p99 ms: ingress 2.27/4.37  events 3.75/4.75  movement 0.36/0.72  grid 0.38/0.42  history 0.01/0.01  serialize 0.20/0.58  assembly 8.76/15.22  transport 4.83/7.00  egress 31.36/34.20
[   45s] clients 10000 | level 8 (8-8 in window: 20 Hz, dilation 0.8), pace 0.80, 0.0% clients bandwidth-degraded | tick p50 52.35 p99 57.51 max 57.51 ms, 0 overruns | out 210.0k pps 83 kbps/client, 834 Mbps | in 238.5k pps 10 kbps/client | stand-ins: repeated 0.01% frozen 0.00%, 73 late inputs | per client-tick: 607 B (near 132 B, 98% deltas), near 20.5 mid 32.3 far 6.5, far skipped 0 starved 0 | input wait p50 71.4 p99 104.1 ms | 0 joins deferred | kernel drops rcv 0 snd 0
         p50/p99 ms: ingress 2.19/3.60  events 3.78/4.75  movement 0.35/0.87  grid 0.37/0.45  history 0.01/0.01  serialize 0.21/0.48  assembly 8.77/15.01  transport 5.09/6.88  egress 31.25/34.99
[   50s] clients 10000 | level 8 (8-8 in window: 20 Hz, dilation 0.8), pace 0.80, 0.0% clients bandwidth-degraded | tick p50 52.25 p99 58.40 max 58.40 ms, 0 overruns | out 210.5k pps 84 kbps/client, 836 Mbps | in 238.9k pps 10 kbps/client | stand-ins: repeated 0.01% frozen 0.00%, 85 late inputs | per client-tick: 607 B (near 132 B, 98% deltas), near 20.5 mid 32.3 far 6.5, far skipped 0 starved 0 | input wait p50 71.6 p99 104.1 ms | 0 joins deferred | kernel drops rcv 0 snd 0
         p50/p99 ms: ingress 2.27/3.54  events 3.75/4.49  movement 0.35/0.92  grid 0.36/0.43  history 0.01/0.01  serialize 0.22/0.88  assembly 8.76/16.29  transport 4.86/7.43  egress 31.47/36.07
[   55s] clients 10000 | level 8 (8-8 in window: 20 Hz, dilation 0.8), pace 0.80, 0.0% clients bandwidth-degraded | tick p50 52.54 p99 55.28 max 55.28 ms, 0 overruns | out 210.2k pps 83 kbps/client, 834 Mbps | in 238.8k pps 10 kbps/client | stand-ins: repeated 0.01% frozen 0.00%, 76 late inputs | per client-tick: 607 B (near 132 B, 98% deltas), near 20.6 mid 32.3 far 6.5, far skipped 0 starved 0 | input wait p50 71.4 p99 103.9 ms | 0 joins deferred | kernel drops rcv 0 snd 0
         p50/p99 ms: ingress 2.26/3.49  events 3.82/4.04  movement 0.35/0.72  grid 0.36/0.41  history 0.01/0.01  serialize 0.20/0.52  assembly 9.08/15.47  transport 4.72/6.94  egress 31.49/35.35
[   60s] clients 10000 | level 8 (8-8 in window: 20 Hz, dilation 0.8), pace 0.80, 0.0% clients bandwidth-degraded | tick p50 52.40 p99 57.42 max 57.42 ms, 0 overruns | out 210.2k pps 83 kbps/client, 834 Mbps | in 238.8k pps 10 kbps/client | stand-ins: repeated 0.01% frozen 0.00%, 86 late inputs | per client-tick: 607 B (near 132 B, 98% deltas), near 20.6 mid 32.3 far 6.5, far skipped 0 starved 0 | input wait p50 71.4 p99 103.9 ms | 0 joins deferred | kernel drops rcv 0 snd 0
         p50/p99 ms: ingress 2.24/3.10  events 3.80/4.21  movement 0.36/0.73  grid 0.36/0.42  history 0.01/0.01  serialize 0.20/0.45  assembly 8.82/14.51  transport 5.07/7.55  egress 31.47/34.35
[   62s] clients 0 | level 8 (8-8 in window: 20 Hz, dilation 0.8), pace 0.80, 0.0% clients bandwidth-degraded | tick p50 52.29 p99 54.05 max 54.05 ms, 0 overruns | out 198.1k pps 86 kbps/client, 786 Mbps | in 239.5k pps 10 kbps/client | stand-ins: repeated 0.01% frozen 0.00%, 28 late inputs | per client-tick: 607 B (near 133 B, 97% deltas), near 20.5 mid 32.3 far 6.4, far skipped 0 starved 0 | input wait p50 71.1 p99 104.0 ms | 0 joins deferred | kernel drops rcv 0 snd 0
         p50/p99 ms: ingress 2.21/7.54  events 3.84/20.93  movement 0.35/0.69  grid 0.38/0.42  history 0.01/0.02  serialize 0.20/0.37  assembly 8.54/13.50  transport 4.74/6.79  egress 31.32/32.26

== summary: 942 steady-state ticks (after warmup, before clients drain), peak 10000 clients ==
  phase        p50 ms   p99 ms   max ms
  ingress        2.13     3.21     4.37
  events         3.76     4.59     5.20
  movement       0.35     0.73     0.92
  grid           0.38     0.43     0.45
  history        0.01     0.01     0.02
  serialize      0.21     0.57     1.86
  assembly       8.52    14.56    17.05
  transport      4.75     6.94     7.55
  egress        31.56    36.56    37.24
  tick          52.05    56.05    58.40
  overruns 107 | spawns 10000 despawns 10000 (55504 joins deferred) | stand-ins: repeated 53430 frozen 287882 | late inputs 335728 discarded 0 | bad messages 0 | recv errors 0 send errors 0
  egress (whole run): 13075190 datagrams in 13075190 sends (1.00 per send), 64794 syscalls
  ticks per ladder level (whole run): L0: 67, L1: 31, L2: 31, L3: 31, L4: 31, L5: 31, L6: 31, L7: 31, L8: 777
  input wait on the server (datagram arrival -> applied): p50 71.8 p99 280.1 max 382.2 mean 77.4 ms
  steady state: stand-ins repeated 53410 frozen 287882 | late inputs 335708 discarded 0
