spawn=blob
egress=sendmmsg
ladder=on
threads=64
shards=64
peak_clients=10000
steady_ticks=942
steady_secs=56.9
ingress_p50_ms=2.13
ingress_p99_ms=3.21
ingress_max_ms=4.37
events_p50_ms=3.76
events_p99_ms=4.59
events_max_ms=5.20
movement_p50_ms=0.35
movement_p99_ms=0.73
movement_max_ms=0.92
grid_p50_ms=0.38
grid_p99_ms=0.43
grid_max_ms=0.45
history_p50_ms=0.01
history_p99_ms=0.01
history_max_ms=0.02
serialize_p50_ms=0.21
serialize_p99_ms=0.57
serialize_max_ms=1.86
assembly_p50_ms=8.52
assembly_p99_ms=14.56
assembly_max_ms=17.05
transport_p50_ms=4.75
transport_p99_ms=6.94
transport_max_ms=7.55
egress_p50_ms=31.56
egress_p99_ms=36.56
egress_max_ms=37.24
tick_p50_ms=52.05
tick_p99_ms=56.05
tick_max_ms=58.40
steady_overruns=107
level_mode=8
tick_hz=20
dilation=0.8
levels=L2:12,L3:31,L4:31,L5:31,L6:31,L7:31,L8:775
clients_avg=10000
out_pps=217495
in_pps=236810
egress_mbps=872.9
packets_per_client_tick=1.31
wire_bytes_per_client_tick=659
down_kbps_per_client=87.3
up_kbps_per_client=9.5
kernel_rcvbuf_drops=0
kernel_sndbuf_drops=0
snapshot_bytes_per_client_tick=614
near_bytes_per_client_tick=133
near_per_client_tick=21.0
mid_per_client_tick=32.5
far_per_client_tick=6.8
far_skipped=0
far_starved=0
repeated=53410
frozen=287882
late_inputs=335708
discarded_inputs=0
input_wait_p50_ms=71.8
input_wait_p99_ms=280.1
spawns=10000
despawns=10000
joins_deferred=55504
bad_messages=0
recv_errors=0
send_errors=0
datagrams=13075190
sends=13075190
send_syscalls=64794
