10000 bots -> 172.16.16.2:40500 on 24 threads, ramp 0/s, 60s, 10000 full + 0 sink bots
[    5s] bots 10000/10000 connected, 10000 welcomed, 0 failed | 16.8 snaps/s/bot, entities/snap near 30.6 mid 42.6 far 18.6 | corrections 0.000/s/bot | down 129 up 7 kbps/bot | rtt 60.4 ms loss 0.00% | input->applied ~ p50 144 p99 238 ms, round trip p50 200 p99 300 ms | joins 10000 (p50 845 p99 1893 ms) | server pace 0.72 level 3, 0 bots bandwidth-degraded | swarm busy 15%, overruns 0
[   10s] bots 10000/10000 connected, 10000 welcomed, 0 failed | 21.8 snaps/s/bot, entities/snap near 21.7 mid 32.5 far 6.8 | corrections 1.362/s/bot | down 114 up 10 kbps/bot | rtt 59.6 ms loss 0.00% | input->applied ~ p50 88 p99 125 ms, round trip p50 133 p99 167 ms | joins 0 (p50 0 p99 0 ms) | server pace 0.90 level 7, 0 bots bandwidth-degraded | swarm busy 16%, overruns 0
[   15s] bots 10000/10000 connected, 10000 welcomed, 0 failed | 15.7 snaps/s/bot, entities/snap near 20.6 mid 32.2 far 6.4 | corrections 0.000/s/bot | down 81 up 9 kbps/bot | rtt 59.7 ms loss 0.00% | input->applied ~ p50 105 p99 143 ms, round trip p50 133 p99 200 ms | joins 0 (p50 0 p99 0 ms) | server pace 0.80 level 8, 0 bots bandwidth-degraded | swarm busy 15%, overruns 0
[   20s] bots 10000/10000 connected, 10000 welcomed, 0 failed | 16.3 snaps/s/bot, entities/snap near 20.6 mid 32.4 far 6.5 | corrections 0.000/s/bot | down 84 up 10 kbps/bot | rtt 59.7 ms loss 0.00% | input->applied ~ p50 105 p99 136 ms, round trip p50 133 p99 200 ms | joins 0 (p50 0 p99 0 ms) | server pace 0.80 level 8, 0 bots bandwidth-degraded | swarm busy 14%, overruns 0
[   25s] bots 10000/10000 connected, 10000 welcomed, 0 failed | 16.4 snaps/s/bot, entities/snap near 20.7 mid 32.6 far 6.5 | corrections 0.000/s/bot | down 85 up 10 kbps/bot | rtt 59.5 ms loss 0.00% | input->applied ~ p50 105 p99 135 ms, round trip p50 133 p99 200 ms | joins 0 (p50 0 p99 0 ms) | server pace 0.80 level 8, 0 bots bandwidth-degraded | swarm busy 15%, overruns 0
[   30s] bots 10000/10000 connected, 10000 welcomed, 0 failed | 15.3 snaps/s/bot, entities/snap near 20.5 mid 32.0 far 6.5 | corrections 0.000/s/bot | down 78 up 9 kbps/bot | rtt 59.7 ms loss 0.00% | input->applied ~ p50 105 p99 135 ms, round trip p50 133 p99 200 ms | joins 0 (p50 0 p99 0 ms) | server pace 0.80 level 8, 0 bots bandwidth-degraded | swarm busy 14%, overruns 0
[   35s] bots 10000/10000 connected, 10000 welcomed, 0 failed | 16.4 snaps/s/bot, entities/snap near 20.6 mid 32.4 far 6.6 | corrections 0.000/s/bot | down 85 up 10 kbps/bot | rtt 59.7 ms loss 0.00% | input->applied ~ p50 104 p99 135 ms, round trip p50 133 p99 200 ms | joins 0 (p50 0 p99 0 ms) | server pace 0.80 level 8, 0 bots bandwidth-degraded | swarm busy 14%, overruns 0
[   40s] bots 10000/10000 connected, 10000 welcomed, 0 failed | 16.3 snaps/s/bot, entities/snap near 20.6 mid 32.4 far 6.6 | corrections 0.000/s/bot | down 84 up 10 kbps/bot | rtt 59.5 ms loss 0.00% | input->applied ~ p50 104 p99 135 ms, round trip p50 133 p99 200 ms | joins 0 (p50 0 p99 0 ms) | server pace 0.80 level 8, 0 bots bandwidth-degraded | swarm busy 14%, overruns 0
[   45s] bots 10000/10000 connected, 10000 welcomed, 0 failed | 15.4 snaps/s/bot, entities/snap near 20.5 mid 32.2 far 6.6 | corrections 0.000/s/bot | down 79 up 9 kbps/bot | rtt 59.5 ms loss 0.00% | input->applied ~ p50 104 p99 135 ms, round trip p50 133 p99 200 ms | joins 0 (p50 0 p99 0 ms) | server pace 0.80 level 8, 0 bots bandwidth-degraded | swarm busy 14%, overruns 0
[   50s] bots 10000/10000 connected, 10000 welcomed, 0 failed | 16.4 snaps/s/bot, entities/snap near 20.6 mid 32.4 far 6.6 | corrections 0.000/s/bot | down 85 up 10 kbps/bot | rtt 59.5 ms loss 0.00% | input->applied ~ p50 104 p99 135 ms, round trip p50 133 p99 200 ms | joins 0 (p50 0 p99 0 ms) | server pace 0.80 level 8, 0 bots bandwidth-degraded | swarm busy 14%, overruns 0
[   55s] bots 10000/10000 connected, 10000 welcomed, 0 failed | 15.8 snaps/s/bot, entities/snap near 20.5 mid 32.2 far 6.6 | corrections 0.000/s/bot | down 81 up 9 kbps/bot | rtt 59.7 ms loss 0.00% | input->applied ~ p50 104 p99 134 ms, round trip p50 133 p99 200 ms | joins 0 (p50 0 p99 0 ms) | server pace 0.80 level 8, 0 bots bandwidth-degraded | swarm busy 14%, overruns 0
[   60s] bots 10000/10000 connected, 10000 welcomed, 0 failed | 16.0 snaps/s/bot, entities/snap near 20.6 mid 32.3 far 6.5 | corrections 0.000/s/bot | down 82 up 10 kbps/bot | rtt 59.8 ms loss 0.00% | input->applied ~ p50 104 p99 134 ms, round trip p50 133 p99 200 ms | joins 0 (p50 0 p99 0 ms) | server pace 0.80 level 8, 0 bots bandwidth-degraded | swarm busy 14%, overruns 0

== bots summary ==
  started 10000 welcomed 10000 failed 0
  join latency ms: p50 845 p99 1893 max 2293 (n=10000)
  corrections 68087 (6.81/bot-minute), mean error 0.144 m, max 0.400 m
  snapshots 9974080 (entities per snapshot: near 21.5 mid 33.2 far 7.6), stale 0, unmatched acks 0, resyncs 6595
  input -> applied on server (est. RTT/2 + server wait): p50 104.0 p99 204.0 max 269.0 mean 106.0 ms (n=9814874)
    of which server wait (arrival -> applied): p50 74.2 p99 173.8 max 236.4 mean 76.2 ms (n=9814874)
  input -> seen acked (round trip): p50 133.0 p99 267.0 max 333.0 mean 149.3 ms (n=9953217)
  near entity update interval (tracked bots): p50 50.0 p99 100.0 max 300.0 mean 62.6 ms (n=9300582)
  mid entity update interval (tracked bots): p50 250.0 p99 300.0 max 50800.0 mean 280.5 ms (n=12703997)
  far entity update interval (tracked bots): p50 1500.0 p99 6000.0 max 50550.0 mean 1466.9 ms (n=3096304)
  input clock: 45051 extra inputs, 3573073 skipped ticks, 24058 backlog skips | near decode errors (tracked bots) 0
  bytes down 6710.2 MB up 708.3 MB | swarm busy 15% of its threads' time, tick overruns 0
