preallocated connections for 10000 clients in 219.965098ms
listening on 172.16.16.2:40500 | spawn Blob | tiers near 64@150 m, mid 500 m, far 1500 m, budget 6250 B/tick, squads of 4 | 64 rayon threads, 64 shards, 256 accepts/tick, egress SendMmsg | socket buffers rcv 32768 KiB snd 32768 KiB
[    5s] clients 10000 | level 3 (0-3 in window: 30 Hz, dilation 1.0), pace 0.72, 0.0% clients bandwidth-degraded | tick p50 40.01 p99 52.03 max 54.32 ms, 72 overruns | out 205.4k pps 195 kbps/client, 1140 Mbps | in 158.9k pps 15 kbps/client | stand-ins: repeated 0.00% frozen 0.00%, 0 late inputs | per client-tick: 927 B (near 192 B, 94% deltas), near 30.5 mid 43.0 far 19.4, far skipped 0 starved 0 | input wait p50 126.5 p99 207.6 ms | 57603 joins deferred | kernel drops rcv 0 snd 0
         p50/p99 ms: ingress 1.31/7.95  events 2.59/4.47  movement 0.26/0.41  grid 0.32/0.43  history 0.01/0.05  serialize 0.21/0.49  assembly 3.18/4.39  transport 1.45/1.92  egress 28.25/42.33
[   10s] clients 10000 | level 6 (3-6 in window: 20 Hz, dilation 1.0), pace 0.98, 0.0% clients bandwidth-degraded | tick p50 44.89 p99 49.97 max 52.70 ms, 80 overruns | out 281.8k pps 115 kbps/client, 1150 Mbps | in 231.7k pps 9 kbps/client | stand-ins: repeated 5.94% frozen 8.66%, 168559 late inputs | per client-tick: 625 B (near 134 B, 99% deltas), near 22.5 mid 32.9 far 7.3, far skipped 0 starved 0 | input wait p50 62.3 p99 98.9 ms | 0 joins deferred | kernel drops rcv 0 snd 0
         p50/p99 ms: ingress 1.31/1.87  events 2.83/3.45  movement 0.34/0.39  grid 0.41/0.45  history 0.01/0.01  serialize 0.20/0.24  assembly 2.52/3.17  transport 1.44/1.78  egress 35.47/41.10
[   15s] clients 10000 | level 8 (6-8 in window: 20 Hz, dilation 0.8), pace 0.80, 0.0% clients bandwidth-degraded | tick p50 44.73 p99 53.13 max 53.13 ms, 0 overruns | out 220.3k pps 86 kbps/client, 865 Mbps | in 252.9k pps 10 kbps/client | stand-ins: repeated 0.41% frozen 0.00%, 8186 late inputs | per client-tick: 600 B (near 125 B, 99% deltas), near 20.6 mid 32.3 far 6.5, far skipped 0 starved 0 | input wait p50 73.3 p99 110.4 ms | 0 joins deferred | kernel drops rcv 0 snd 0
         p50/p99 ms: ingress 1.85/2.17  events 3.90/4.36  movement 0.36/0.41  grid 0.38/0.43  history 0.01/0.01  serialize 0.20/0.26  assembly 2.39/2.48  transport 1.40/1.59  egress 34.30/42.79
[   20s] clients 10000 | level 8 (8-8 in window: 20 Hz, dilation 0.8), pace 0.80, 0.0% clients bandwidth-degraded | tick p50 44.69 p99 51.23 max 51.23 ms, 0 overruns | out 210.5k pps 83 kbps/client, 825 Mbps | in 239.8k pps 10 kbps/client | stand-ins: repeated 0.00% frozen 0.00%, 0 late inputs | per client-tick: 599 B (near 124 B, 99% deltas), near 20.6 mid 32.3 far 6.5, far skipped 0 starved 0 | input wait p50 75.0 p99 103.1 ms | 0 joins deferred | kernel drops rcv 0 snd 0
         p50/p99 ms: ingress 1.87/2.10  events 3.95/4.79  movement 0.36/0.42  grid 0.37/0.41  history 0.01/0.01  serialize 0.19/0.24  assembly 2.37/2.51  transport 1.36/1.55  egress 34.04/40.62
[   25s] clients 10000 | level 8 (8-8 in window: 20 Hz, dilation 0.8), pace 0.80, 0.0% clients bandwidth-degraded | tick p50 45.16 p99 52.22 max 52.22 ms, 0 overruns | out 210.2k pps 83 kbps/client, 825 Mbps | in 240.1k pps 10 kbps/client | stand-ins: repeated 0.00% frozen 0.00%, 0 late inputs | per client-tick: 600 B (near 124 B, 99% deltas), near 20.6 mid 32.3 far 6.5, far skipped 0 starved 0 | input wait p50 74.8 p99 102.6 ms | 0 joins deferred | kernel drops rcv 0 snd 0
         p50/p99 ms: ingress 1.85/2.04  events 3.92/4.97  movement 0.35/0.41  grid 0.34/0.41  history 0.01/0.02  serialize 0.20/0.25  assembly 2.39/2.57  transport 1.38/1.52  egress 34.55/41.79
[   30s] clients 10000 | level 8 (8-8 in window: 20 Hz, dilation 0.8), pace 0.80, 0.0% clients bandwidth-degraded | tick p50 44.26 p99 50.20 max 50.20 ms, 0 overruns | out 210.2k pps 82 kbps/client, 825 Mbps | in 240.0k pps 10 kbps/client | stand-ins: repeated 0.00% frozen 0.00%, 0 late inputs | per client-tick: 599 B (near 124 B, 99% deltas), near 20.6 mid 32.3 far 6.5, far skipped 0 starved 0 | input wait p50 74.5 p99 102.4 ms | 0 joins deferred | kernel drops rcv 0 snd 0
         p50/p99 ms: ingress 1.82/1.98  events 3.92/4.12  movement 0.36/0.44  grid 0.36/0.40  history 0.01/0.01  serialize 0.20/0.25  assembly 2.39/2.49  transport 1.38/1.53  egress 33.87/39.89
[   35s] clients 10000 | level 8 (8-8 in window: 20 Hz, dilation 0.8), pace 0.80, 0.0% clients bandwidth-degraded | tick p50 44.67 p99 51.00 max 51.00 ms, 0 overruns | out 210.1k pps 82 kbps/client, 825 Mbps | in 240.0k pps 10 kbps/client | stand-ins: repeated 0.00% frozen 0.00%, 0 late inputs | per client-tick: 600 B (near 124 B, 99% deltas), near 20.6 mid 32.3 far 6.5, far skipped 0 starved 0 | input wait p50 74.4 p99 102.3 ms | 0 joins deferred | kernel drops rcv 0 snd 0
         p50/p99 ms: ingress 1.81/1.96  events 3.88/4.66  movement 0.35/0.42  grid 0.34/0.39  history 0.01/0.01  serialize 0.20/0.24  assembly 2.38/2.52  transport 1.37/1.55  egress 34.32/40.75
[   40s] clients 10000 | level 8 (8-8 in window: 20 Hz, dilation 0.8), pace 0.80, 0.0% clients bandwidth-degraded | tick p50 44.66 p99 53.99 max 53.99 ms, 0 overruns | out 210.3k pps 83 kbps/client, 827 Mbps | in 239.8k pps 10 kbps/client | stand-ins: repeated 0.00% frozen 0.00%, 0 late inputs | per client-tick: 601 B (near 125 B, 99% deltas), near 20.6 mid 32.3 far 6.6, far skipped 0 starved 0 | input wait p50 74.1 p99 102.1 ms | 0 joins deferred | kernel drops rcv 0 snd 0
         p50/p99 ms: ingress 1.84/2.04  events 4.00/4.80  movement 0.35/0.49  grid 0.36/0.41  history 0.01/0.01  serialize 0.19/0.24  assembly 2.39/2.71  transport 1.38/1.52  egress 34.16/43.49
[   45s] clients 10000 | level 8 (8-8 in window: 20 Hz, dilation 0.8), pace 0.80, 0.0% clients bandwidth-degraded | tick p50 44.22 p99 52.75 max 52.75 ms, 0 overruns | out 210.2k pps 83 kbps/client, 826 Mbps | in 240.0k pps 10 kbps/client | stand-ins: repeated 0.00% frozen 0.00%, 0 late inputs | per client-tick: 600 B (near 124 B, 99% deltas), near 20.6 mid 32.3 far 6.6, far skipped 0 starved 0 | input wait p50 74.2 p99 102.1 ms | 0 joins deferred | kernel drops rcv 0 snd 0
         p50/p99 ms: ingress 1.86/2.02  events 3.95/4.82  movement 0.36/0.43  grid 0.35/0.40  history 0.01/0.02  serialize 0.20/0.25  assembly 2.37/2.49  transport 1.37/1.50  egress 33.70/42.19
[   50s] clients 10000 | level 8 (8-8 in window: 20 Hz, dilation 0.8), pace 0.80, 0.0% clients bandwidth-degraded | tick p50 44.53 p99 53.62 max 53.62 ms, 0 overruns | out 210.3k pps 83 kbps/client, 827 Mbps | in 240.2k pps 10 kbps/client | stand-ins: repeated 0.00% frozen 0.00%, 0 late inputs | per client-tick: 601 B (near 124 B, 99% deltas), near 20.6 mid 32.3 far 6.6, far skipped 0 starved 0 | input wait p50 74.2 p99 102.0 ms | 0 joins deferred | kernel drops rcv 0 snd 0
         p50/p99 ms: ingress 1.84/1.94  events 3.97/4.07  movement 0.36/0.44  grid 0.38/0.41  history 0.01/0.01  serialize 0.20/0.24  assembly 2.38/2.50  transport 1.38/1.53  egress 33.88/43.16
[   55s] clients 10000 | level 8 (8-8 in window: 20 Hz, dilation 0.8), pace 0.80, 0.0% clients bandwidth-degraded | tick p50 45.08 p99 51.28 max 51.28 ms, 0 overruns | out 210.1k pps 83 kbps/client, 826 Mbps | in 240.0k pps 10 kbps/client | stand-ins: repeated 0.00% frozen 0.00%, 0 late inputs | per client-tick: 601 B (near 124 B, 99% deltas), near 20.6 mid 32.3 far 6.6, far skipped 0 starved 0 | input wait p50 74.1 p99 101.9 ms | 0 joins deferred | kernel drops rcv 0 snd 0
         p50/p99 ms: ingress 1.83/1.97  events 3.96/4.25  movement 0.36/0.41  grid 0.38/0.42  history 0.01/0.01  serialize 0.20/0.28  assembly 2.38/2.49  transport 1.37/1.51  egress 34.50/40.69
[   60s] clients 10000 | level 8 (8-8 in window: 20 Hz, dilation 0.8), pace 0.80, 0.0% clients bandwidth-degraded | tick p50 45.16 p99 52.25 max 52.25 ms, 0 overruns | out 210.3k pps 83 kbps/client, 826 Mbps | in 239.7k pps 10 kbps/client | stand-ins: repeated 0.00% frozen 0.00%, 0 late inputs | per client-tick: 600 B (near 124 B, 99% deltas), near 20.6 mid 32.3 far 6.5, far skipped 0 starved 0 | input wait p50 73.8 p99 101.8 ms | 0 joins deferred | kernel drops rcv 0 snd 0
         p50/p99 ms: ingress 1.83/1.97  events 3.99/4.31  movement 0.37/0.42  grid 0.38/0.42  history 0.01/0.01  serialize 0.19/0.24  assembly 2.40/2.54  transport 1.38/1.49  egress 34.52/41.79
[   61s] clients 0 | level 8 (8-8 in window: 20 Hz, dilation 0.8), pace 0.80, 0.0% clients bandwidth-degraded | tick p50 44.19 p99 45.92 max 45.92 ms, 0 overruns | out 184.4k pps 87 kbps/client, 727 Mbps | in 239.4k pps 10 kbps/client | stand-ins: repeated 0.00% frozen 0.00%, 0 late inputs | per client-tick: 601 B (near 124 B, 98% deltas), near 20.4 mid 32.0 far 7.0, far skipped 0 starved 0 | input wait p50 74.8 p99 101.9 ms | 0 joins deferred | kernel drops rcv 0 snd 0
         p50/p99 ms: ingress 1.82/8.49  events 4.09/22.88  movement 0.36/0.40  grid 0.34/0.39  history 0.01/0.01  serialize 0.19/0.23  assembly 2.42/2.48  transport 1.38/1.49  egress 33.47/35.27

== summary: 949 steady-state ticks (after warmup, before clients drain), peak 10000 clients ==
  phase        p50 ms   p99 ms   max ms
  ingress        1.83     2.02     2.17
  events         3.94     4.27     4.97
  movement       0.36     0.42     0.49
  grid           0.37     0.43     0.45
  history        0.01     0.01     0.02
  serialize      0.20     0.33     0.36
  assembly       2.40     3.30     3.67
  transport      1.38     1.79     2.89
  egress        34.40    41.55    43.49
  tick          44.71    52.22    53.99
  overruns 102 | spawns 10000 despawns 10000 (57603 joins deferred) | stand-ins: repeated 77722 frozen 105618 | late inputs 176745 discarded 0 | bad messages 0 | recv errors 0 send errors 0
  egress (whole run): 13214653 datagrams in 13214653 sends (1.00 per send), 65589 syscalls
  ticks per ladder level (whole run): L0: 51, L1: 31, L2: 31, L3: 31, L4: 31, L5: 31, L6: 31, L7: 31, L8: 787
  input wait on the server (datagram arrival -> applied): p50 74.2 p99 174.0 max 236.4 mean 76.2 ms
  steady state: stand-ins repeated 77722 frozen 105618 | late inputs 176745 discarded 0
