spawn=blob
egress=sendmmsg
ladder=on
threads=64
shards=64
peak_clients=10000
steady_ticks=949
steady_secs=57.0
ingress_p50_ms=1.83
ingress_p99_ms=2.02
ingress_max_ms=2.17
events_p50_ms=3.94
events_p99_ms=4.27
events_max_ms=4.97
movement_p50_ms=0.36
movement_p99_ms=0.42
movement_max_ms=0.49
grid_p50_ms=0.37
grid_p99_ms=0.43
grid_max_ms=0.45
history_p50_ms=0.01
history_p99_ms=0.01
history_max_ms=0.02
serialize_p50_ms=0.20
serialize_p99_ms=0.33
serialize_max_ms=0.36
assembly_p50_ms=2.40
assembly_p99_ms=3.30
assembly_max_ms=3.67
transport_p50_ms=1.38
transport_p99_ms=1.79
transport_max_ms=2.89
egress_p50_ms=34.40
egress_p99_ms=41.55
egress_max_ms=43.49
tick_p50_ms=44.71
tick_p99_ms=52.22
tick_max_ms=53.99
steady_overruns=102
level_mode=8
tick_hz=20
dilation=0.8
levels=L2:9,L3:31,L4:31,L5:31,L6:31,L7:31,L8:785
clients_avg=10000
out_pps=218817
in_pps=240010
egress_mbps=869.0
packets_per_client_tick=1.31
wire_bytes_per_client_tick=652
down_kbps_per_client=86.9
up_kbps_per_client=9.6
kernel_rcvbuf_drops=0
kernel_sndbuf_drops=0
snapshot_bytes_per_client_tick=607
near_bytes_per_client_tick=126
near_per_client_tick=21.0
mid_per_client_tick=32.5
far_per_client_tick=6.8
far_skipped=0
far_starved=0
repeated=77722
frozen=105618
late_inputs=176745
discarded_inputs=0
input_wait_p50_ms=74.2
input_wait_p99_ms=174.0
spawns=10000
despawns=10000
joins_deferred=57603
bad_messages=0
recv_errors=0
send_errors=0
datagrams=13214653
sends=13214653
send_syscalls=65589
