minting tokens with the public dev key (--token-key to change)
1000 bots -> 127.0.0.1:40540 on 8 threads, ramp 0/s, 60s, 1000 full + 0 sink bots
[    5s] bots 1000/1000 connected, 1000 welcomed, 0 failed | 24.7 snaps/s/bot, entities/snap near 4.4 mid 4.3 far 6.4 | corrections 0.001/s/bot | down 47 up 10 kbps/bot | rtt 151.4 ms loss 0.04% | input->applied ~ p50 128 p99 165 ms, round trip p50 233 p99 267 ms | joins 1000 (p50 504 p99 725 ms) | server pace 1.00 level 0, 0 bots bandwidth-degraded | swarm busy 6%, overruns 0
[   10s] bots 1000/1000 connected, 1000 welcomed, 0 failed | 30.2 snaps/s/bot, entities/snap near 4.3 mid 4.2 far 6.4 | corrections 0.000/s/bot | down 56 up 12 kbps/bot | rtt 151.4 ms loss 0.98% | input->applied ~ p50 129 p99 165 ms, round trip p50 233 p99 267 ms | joins 0 (p50 0 p99 0 ms) | server pace 1.00 level 0, 0 bots bandwidth-degraded | swarm busy 6%, overruns 0
[   15s] bots 1000/1000 connected, 1000 welcomed, 0 failed | 28.4 snaps/s/bot, entities/snap near 4.3 mid 4.2 far 6.4 | corrections 0.000/s/bot | down 52 up 12 kbps/bot | rtt 151.2 ms loss 0.91% | input->applied ~ p50 129 p99 164 ms, round trip p50 233 p99 267 ms | joins 0 (p50 0 p99 0 ms) | server pace 1.00 level 0, 0 bots bandwidth-degraded | swarm busy 6%, overruns 0
[   20s] bots 1000/1000 connected, 1000 welcomed, 0 failed | 30.1 snaps/s/bot, entities/snap near 4.3 mid 4.2 far 6.4 | corrections 0.000/s/bot | down 55 up 12 kbps/bot | rtt 151.5 ms loss 1.00% | input->applied ~ p50 129 p99 165 ms, round trip p50 233 p99 267 ms | joins 0 (p50 0 p99 0 ms) | server pace 1.00 level 0, 0 bots bandwidth-degraded | swarm busy 6%, overruns 0
[   25s] bots 1000/1000 connected, 1000 welcomed, 0 failed | 29.8 snaps/s/bot, entities/snap near 4.3 mid 4.2 far 6.4 | corrections 0.001/s/bot | down 55 up 12 kbps/bot | rtt 151.4 ms loss 0.96% | input->applied ~ p50 130 p99 166 ms, round trip p50 233 p99 267 ms | joins 0 (p50 0 p99 0 ms) | server pace 1.00 level 0, 0 bots bandwidth-degraded | swarm busy 6%, overruns 0
[   30s] bots 1000/1000 connected, 1000 welcomed, 0 failed | 28.6 snaps/s/bot, entities/snap near 4.3 mid 4.2 far 6.4 | corrections 0.000/s/bot | down 53 up 12 kbps/bot | rtt 151.4 ms loss 1.04% | input->applied ~ p50 129 p99 166 ms, round trip p50 233 p99 267 ms | joins 0 (p50 0 p99 0 ms) | server pace 1.00 level 0, 0 bots bandwidth-degraded | swarm busy 6%, overruns 0
[   35s] bots 1000/1000 connected, 1000 welcomed, 0 failed | 29.8 snaps/s/bot, entities/snap near 4.3 mid 4.2 far 6.4 | corrections 0.001/s/bot | down 55 up 12 kbps/bot | rtt 151.3 ms loss 1.01% | input->applied ~ p50 130 p99 166 ms, round trip p50 233 p99 267 ms | joins 0 (p50 0 p99 0 ms) | server pace 1.00 level 0, 0 bots bandwidth-degraded | swarm busy 6%, overruns 0
[   40s] bots 1000/1000 connected, 1000 welcomed, 0 failed | 30.1 snaps/s/bot, entities/snap near 4.4 mid 4.2 far 6.4 | corrections 0.002/s/bot | down 55 up 12 kbps/bot | rtt 151.5 ms loss 1.03% | input->applied ~ p50 130 p99 166 ms, round trip p50 233 p99 267 ms | joins 0 (p50 0 p99 0 ms) | server pace 1.00 level 0, 0 bots bandwidth-degraded | swarm busy 6%, overruns 0
[   45s] bots 1000/1000 connected, 1000 welcomed, 0 failed | 28.7 snaps/s/bot, entities/snap near 4.3 mid 4.2 far 6.4 | corrections 0.000/s/bot | down 53 up 12 kbps/bot | rtt 151.4 ms loss 1.01% | input->applied ~ p50 129 p99 167 ms, round trip p50 233 p99 267 ms | joins 0 (p50 0 p99 0 ms) | server pace 1.00 level 0, 0 bots bandwidth-degraded | swarm busy 6%, overruns 0
[   50s] bots 1000/1000 connected, 1000 welcomed, 0 failed | 29.6 snaps/s/bot, entities/snap near 4.4 mid 4.2 far 6.4 | corrections 0.001/s/bot | down 55 up 12 kbps/bot | rtt 151.6 ms loss 0.99% | input->applied ~ p50 129 p99 167 ms, round trip p50 233 p99 267 ms | joins 0 (p50 0 p99 0 ms) | server pace 1.00 level 0, 0 bots bandwidth-degraded | swarm busy 6%, overruns 0
[   55s] bots 1000/1000 connected, 1000 welcomed, 0 failed | 29.5 snaps/s/bot, entities/snap near 4.3 mid 4.2 far 6.4 | corrections 0.001/s/bot | down 54 up 12 kbps/bot | rtt 151.3 ms loss 1.07% | input->applied ~ p50 130 p99 166 ms, round trip p50 233 p99 267 ms | joins 0 (p50 0 p99 0 ms) | server pace 1.00 level 0, 0 bots bandwidth-degraded | swarm busy 6%, overruns 0
[   60s] bots 1000/1000 connected, 1000 welcomed, 0 failed | 29.1 snaps/s/bot, entities/snap near 4.3 mid 4.2 far 6.4 | corrections 0.000/s/bot | down 54 up 12 kbps/bot | rtt 151.6 ms loss 1.01% | input->applied ~ p50 129 p99 166 ms, round trip p50 233 p99 267 ms | joins 0 (p50 0 p99 0 ms) | server pace 1.00 level 0, 0 bots bandwidth-degraded | swarm busy 6%, overruns 0

== bots summary ==
  started 1000 welcomed 1000 failed 0
  join latency ms: p50 504 p99 725 max 841 (n=1000)
  corrections 41 (0.04/bot-minute), mean error 0.070 m, max 0.134 m
  snapshots 1750378 (entities per snapshot: near 4.3 mid 4.2 far 6.4), stale 16282, unmatched acks 0, resyncs 0
  input -> applied on server (est. RTT/2 + server wait): p50 129.0 p99 166.0 max 218.0 mean 129.3 ms (n=1744005)
    of which server wait (arrival -> applied): p50 53.4 p99 90.5 max 143.6 mean 53.5 ms (n=1744005)
  input -> seen acked (round trip): p50 233.0 p99 267.0 max 300.0 mean 222.9 ms (n=1745749)
  near entity update interval (tracked bots): p50 33.0 p99 66.0 max 133.0 mean 34.0 ms (n=372492)
  mid entity update interval (tracked bots): p50 100.0 p99 200.0 max 1000.0 mean 101.2 ms (n=371202)
  far entity update interval (tracked bots): p50 500.0 p99 1000.0 max 55500.0 mean 514.0 ms (n=521279)
  input clock: 10310 extra inputs, 9286 skipped ticks, 11 backlog skips | near decode errors (tracked bots) 0
  bytes down 404.2 MB up 88.8 MB | swarm busy 6% of its threads' time, tick overruns 0
