spawn=uniform
egress=sendmmsg
ladder=on
threads=8
shards=64
peak_clients=1000
steady_ticks=1705
steady_secs=56.8
ingress_p50_ms=0.34
ingress_p99_ms=0.52
ingress_max_ms=1.98
events_p50_ms=0.09
events_p99_ms=0.16
events_max_ms=0.22
movement_p50_ms=0.17
movement_p99_ms=0.22
movement_max_ms=0.29
grid_p50_ms=0.06
grid_p99_ms=0.09
grid_max_ms=0.17
history_p50_ms=0.00
history_p99_ms=0.00
history_max_ms=0.00
serialize_p50_ms=0.04
serialize_p99_ms=0.06
serialize_max_ms=0.08
assembly_p50_ms=0.81
assembly_p99_ms=1.13
assembly_max_ms=1.28
transport_p50_ms=0.36
transport_p99_ms=0.72
transport_max_ms=0.90
egress_p50_ms=1.98
egress_p99_ms=2.46
egress_max_ms=9.32
tick_p50_ms=3.85
tick_p99_ms=4.64
tick_max_ms=12.04
steady_overruns=0
level_mode=0
tick_hz=30
dilation=1
levels=L0:1705
clients_avg=1000
out_pps=30016
in_pps=29566
egress_mbps=54.8
packets_per_client_tick=1.00
wire_bytes_per_client_tick=228
down_kbps_per_client=54.8
up_kbps_per_client=11.8
kernel_rcvbuf_drops=0
kernel_sndbuf_drops=0
snapshot_bytes_per_client_tick=193
near_bytes_per_client_tick=32
near_per_client_tick=4.3
mid_per_client_tick=4.2
far_per_client_tick=6.3
far_skipped=0
far_starved=0
repeated=1691
frozen=0
late_inputs=1683
discarded_inputs=0
input_wait_p50_ms=53.4
input_wait_p99_ms=90.5
spawns=1000
despawns=1000
joins_deferred=339
bad_messages=0
recv_errors=0
send_errors=0
datagrams=1796813
sends=1796813
send_syscalls=115210
