preallocated connections for 10000 clients in 187.9884ms
listening on 127.0.0.1:40540 | spawn Uniform | tiers near 64@150 m, mid 500 m, far 1500 m, budget 6250 B/tick, squads of 4 | 8 rayon threads, 64 shards, 256 accepts/tick, egress SendMmsg | socket buffers rcv 8192 KiB snd 8192 KiB
WARNING: token key is the public dev key; anyone can mint tokens for this server (--token-key)
[    5s] clients 1000 | level 0 (0-0 in window: 30 Hz, dilation 1.0), pace 1.00, 0.0% clients bandwidth-degraded | tick p50 3.85 p99 5.13 max 5.44 ms, 0 overruns | out 27.0k pps 56 kbps/client, 48 Mbps | in 25.4k pps 13 kbps/client | stand-ins: repeated 0.11% frozen 0.00%, 138 late inputs | per client-tick: 194 B (near 34 B, 94% deltas), near 4.3 mid 4.2 far 6.2, far skipped 0 starved 0 | input wait p50 52.3 p99 89.3 ms | 339 joins deferred | kernel drops rcv 0 snd 0
         p50/p99 ms: ingress 0.34/0.95  events 0.08/1.38  movement 0.17/0.21  grid 0.05/0.07  history 0.00/0.01  serialize 0.04/0.07  assembly 0.80/1.27  transport 0.35/0.73  egress 1.93/2.38
[   10s] clients 1000 | level 0 (0-0 in window: 30 Hz, dilation 1.0), pace 1.00, 0.0% clients bandwidth-degraded | tick p50 3.82 p99 4.98 max 6.69 ms, 0 overruns | out 30.0k pps 55 kbps/client, 55 Mbps | in 29.6k pps 12 kbps/client | stand-ins: repeated 0.08% frozen 0.00%, 125 late inputs | per client-tick: 193 B (near 32 B, 100% deltas), near 4.3 mid 4.2 far 6.3, far skipped 0 starved 0 | input wait p50 53.4 p99 89.9 ms | 0 joins deferred | kernel drops rcv 0 snd 0
         p50/p99 ms: ingress 0.34/0.54  events 0.09/0.18  movement 0.16/0.25  grid 0.06/0.08  history 0.00/0.00  serialize 0.04/0.06  assembly 0.82/1.12  transport 0.36/0.65  egress 1.97/2.49
[   15s] clients 1000 | level 0 (0-0 in window: 30 Hz, dilation 1.0), pace 1.00, 0.0% clients bandwidth-degraded | tick p50 3.87 p99 4.37 max 4.85 ms, 0 overruns | out 30.0k pps 55 kbps/client, 55 Mbps | in 29.6k pps 12 kbps/client | stand-ins: repeated 0.09% frozen 0.00%, 132 late inputs | per client-tick: 193 B (near 32 B, 100% deltas), near 4.3 mid 4.2 far 6.3, far skipped 0 starved 0 | input wait p50 53.4 p99 89.4 ms | 0 joins deferred | kernel drops rcv 0 snd 0
         p50/p99 ms: ingress 0.34/0.62  events 0.09/0.15  movement 0.17/0.23  grid 0.06/0.09  history 0.00/0.00  serialize 0.04/0.06  assembly 0.81/1.11  transport 0.36/0.80  egress 1.99/2.33
[   20s] clients 1000 | level 0 (0-0 in window: 30 Hz, dilation 1.0), pace 1.00, 0.0% clients bandwidth-degraded | tick p50 3.83 p99 4.44 max 4.54 ms, 0 overruns | out 30.0k pps 55 kbps/client, 55 Mbps | in 29.5k pps 12 kbps/client | stand-ins: repeated 0.10% frozen 0.00%, 157 late inputs | per client-tick: 193 B (near 32 B, 100% deltas), near 4.3 mid 4.2 far 6.3, far skipped 0 starved 0 | input wait p50 53.6 p99 89.9 ms | 0 joins deferred | kernel drops rcv 0 snd 0
         p50/p99 ms: ingress 0.34/0.50  events 0.09/0.14  movement 0.17/0.21  grid 0.05/0.08  history 0.00/0.00  serialize 0.04/0.06  assembly 0.81/1.12  transport 0.36/0.78  egress 1.97/2.32
[   25s] clients 1000 | level 0 (0-0 in window: 30 Hz, dilation 1.0), pace 1.00, 0.0% clients bandwidth-degraded | tick p50 3.81 p99 5.26 max 12.04 ms, 0 overruns | out 30.0k pps 55 kbps/client, 55 Mbps | in 29.5k pps 12 kbps/client | stand-ins: repeated 0.10% frozen 0.00%, 155 late inputs | per client-tick: 193 B (near 32 B, 100% deltas), near 4.3 mid 4.2 far 6.3, far skipped 0 starved 0 | input wait p50 53.5 p99 90.9 ms | 0 joins deferred | kernel drops rcv 0 snd 0
         p50/p99 ms: ingress 0.34/0.50  events 0.09/0.16  movement 0.17/0.23  grid 0.06/0.09  history 0.00/0.00  serialize 0.04/0.07  assembly 0.80/1.13  transport 0.36/0.68  egress 1.96/3.20
[   30s] clients 1000 | level 0 (0-0 in window: 30 Hz, dilation 1.0), pace 1.00, 0.0% clients bandwidth-degraded | tick p50 3.83 p99 4.45 max 4.66 ms, 0 overruns | out 30.0k pps 55 kbps/client, 55 Mbps | in 29.5k pps 12 kbps/client | stand-ins: repeated 0.11% frozen 0.00%, 167 late inputs | per client-tick: 193 B (near 32 B, 100% deltas), near 4.3 mid 4.2 far 6.3, far skipped 0 starved 0 | input wait p50 53.5 p99 90.7 ms | 0 joins deferred | kernel drops rcv 0 snd 0
         p50/p99 ms: ingress 0.34/0.43  events 0.09/0.18  movement 0.17/0.23  grid 0.06/0.09  history 0.00/0.00  serialize 0.04/0.06  assembly 0.76/1.13  transport 0.36/0.68  egress 1.98/2.33
[   35s] clients 1000 | level 0 (0-0 in window: 30 Hz, dilation 1.0), pace 1.00, 0.0% clients bandwidth-degraded | tick p50 3.82 p99 4.73 max 4.90 ms, 0 overruns | out 30.0k pps 55 kbps/client, 55 Mbps | in 29.5k pps 12 kbps/client | stand-ins: repeated 0.10% frozen 0.00%, 147 late inputs | per client-tick: 193 B (near 32 B, 100% deltas), near 4.3 mid 4.2 far 6.3, far skipped 0 starved 0 | input wait p50 53.6 p99 91.1 ms | 0 joins deferred | kernel drops rcv 0 snd 0
         p50/p99 ms: ingress 0.34/0.52  events 0.09/0.18  movement 0.17/0.22  grid 0.06/0.09  history 0.00/0.00  serialize 0.04/0.06  assembly 0.82/1.12  transport 0.36/0.69  egress 1.97/2.49
[   40s] clients 1000 | level 0 (0-0 in window: 30 Hz, dilation 1.0), pace 1.00, 0.0% clients bandwidth-degraded | tick p50 3.86 p99 4.58 max 4.61 ms, 0 overruns | out 30.0k pps 55 kbps/client, 55 Mbps | in 29.5k pps 12 kbps/client | stand-ins: repeated 0.10% frozen 0.00%, 148 late inputs | per client-tick: 193 B (near 32 B, 100% deltas), near 4.3 mid 4.1 far 6.3, far skipped 0 starved 0 | input wait p50 53.5 p99 90.6 ms | 0 joins deferred | kernel drops rcv 0 snd 0
         p50/p99 ms: ingress 0.34/0.44  events 0.09/0.15  movement 0.17/0.21  grid 0.06/0.09  history 0.00/0.00  serialize 0.04/0.06  assembly 0.81/1.12  transport 0.36/0.72  egress 1.99/2.49
[   45s] clients 1000 | level 0 (0-0 in window: 30 Hz, dilation 1.0), pace 1.00, 0.0% clients bandwidth-degraded | tick p50 3.85 p99 4.76 max 6.22 ms, 0 overruns | out 30.0k pps 55 kbps/client, 55 Mbps | in 29.5k pps 12 kbps/client | stand-ins: repeated 0.11% frozen 0.00%, 162 late inputs | per client-tick: 193 B (near 32 B, 100% deltas), near 4.3 mid 4.2 far 6.3, far skipped 0 starved 0 | input wait p50 53.4 p99 91.6 ms | 0 joins deferred | kernel drops rcv 0 snd 0
         p50/p99 ms: ingress 0.34/0.84  events 0.09/0.19  movement 0.17/0.26  grid 0.06/0.08  history 0.00/0.00  serialize 0.04/0.06  assembly 0.84/1.17  transport 0.36/0.72  egress 1.98/2.50
[   50s] clients 1000 | level 0 (0-0 in window: 30 Hz, dilation 1.0), pace 1.00, 0.0% clients bandwidth-degraded | tick p50 3.85 p99 4.45 max 4.54 ms, 0 overruns | out 30.0k pps 55 kbps/client, 55 Mbps | in 29.5k pps 12 kbps/client | stand-ins: repeated 0.10% frozen 0.00%, 147 late inputs | per client-tick: 193 B (near 32 B, 100% deltas), near 4.3 mid 4.2 far 6.3, far skipped 0 starved 0 | input wait p50 53.5 p99 91.5 ms | 0 joins deferred | kernel drops rcv 0 snd 0
         p50/p99 ms: ingress 0.34/0.52  events 0.09/0.15  movement 0.17/0.21  grid 0.06/0.09  history 0.00/0.00  serialize 0.04/0.06  assembly 0.81/1.09  transport 0.37/0.68  egress 1.97/2.41
[   55s] clients 1000 | level 0 (0-0 in window: 30 Hz, dilation 1.0), pace 1.00, 0.0% clients bandwidth-degraded | tick p50 3.88 p99 4.47 max 6.36 ms, 0 overruns | out 30.0k pps 55 kbps/client, 55 Mbps | in 29.5k pps 12 kbps/client | stand-ins: repeated 0.10% frozen 0.00%, 153 late inputs | per client-tick: 193 B (near 32 B, 100% deltas), near 4.3 mid 4.2 far 6.3, far skipped 0 starved 0 | input wait p50 53.6 p99 90.8 ms | 0 joins deferred | kernel drops rcv 0 snd 0
         p50/p99 ms: ingress 0.34/0.55  events 0.09/0.16  movement 0.17/0.23  grid 0.06/0.08  history 0.00/0.00  serialize 0.04/0.06  assembly 0.82/1.09  transport 0.36/0.74  egress 1.99/2.42
[   60s] clients 1000 | level 0 (0-0 in window: 30 Hz, dilation 1.0), pace 1.00, 0.0% clients bandwidth-degraded | tick p50 3.87 p99 4.82 max 5.03 ms, 0 overruns | out 30.0k pps 55 kbps/client, 55 Mbps | in 29.5k pps 12 kbps/client | stand-ins: repeated 0.10% frozen 0.00%, 148 late inputs | per client-tick: 193 B (near 32 B, 100% deltas), near 4.3 mid 4.2 far 6.3, far skipped 0 starved 0 | input wait p50 53.5 p99 90.3 ms | 0 joins deferred | kernel drops rcv 0 snd 0
         p50/p99 ms: ingress 0.34/0.48  events 0.09/0.15  movement 0.17/0.22  grid 0.06/0.09  history 0.00/0.00  serialize 0.04/0.06  assembly 0.81/1.16  transport 0.37/0.75  egress 2.00/2.46
[   60s] clients 0 | level 0 (0-0 in window: 30 Hz, dilation 1.0), pace 1.00, 0.0% clients bandwidth-degraded | tick p50 3.90 p99 3.99 max 3.99 ms, 0 overruns | out 19.9k pps 54 kbps/client, 35 Mbps | in 33.0k pps 15 kbps/client | stand-ins: repeated 0.09% frozen 0.00%, 4 late inputs | per client-tick: 187 B (near 31 B, 100% deltas), near 4.1 mid 4.0 far 6.0, far skipped 0 starved 0 | input wait p50 52.8 p99 90.0 ms | 0 joins deferred | kernel drops rcv 0 snd 0
         p50/p99 ms: ingress 0.37/0.85  events 0.08/0.33  movement 0.16/0.18  grid 0.06/0.08  history 0.00/0.00  serialize 0.04/0.04  assembly 0.67/0.90  transport 0.34/0.38  egress 1.98/2.23

== summary: 1705 steady-state ticks (after warmup, before clients drain), peak 1000 clients ==
  phase        p50 ms   p99 ms   max ms
  ingress        0.34     0.52     1.98
  events         0.09     0.16     0.22
  movement       0.17     0.22     0.29
  grid           0.06     0.09     0.17
  history        0.00     0.00     0.00
  serialize      0.04     0.06     0.08
  assembly       0.81     1.13     1.28
  transport      0.36     0.72     0.90
  egress         1.98     2.46     9.32
  tick           3.85     4.64    12.04
  overruns 0 | spawns 1000 despawns 1000 (339 joins deferred) | stand-ins: repeated 1792 frozen 0 | late inputs 1783 discarded 0 | bad messages 0 | recv errors 0 send errors 0
  egress (whole run): 1796813 datagrams in 1796813 sends (1.00 per send), 115210 syscalls
  ticks per ladder level (whole run): L0: 1815
  input wait on the server (datagram arrival -> applied): p50 53.4 p99 90.5 max 143.6 mean 53.5 ms
  steady state: stand-ins repeated 1691 frozen 0 | late inputs 1683 discarded 0
