5000 bots -> 172.16.8.2:40500 on 24 threads, ramp 0/s, 60s, 5000 full + 0 sink bots
[    5s] bots 5000/5000 connected, 5000 welcomed, 0 failed | 25.3 snaps/s/bot, entities/snap near 36.2 mid 25.3 far 21.1 | corrections 0.000/s/bot | down 164 up 10 kbps/bot | rtt 18.6 ms loss 0.00% | input->applied ~ p50 59 p99 76 ms, round trip p50 100 p99 100 ms | joins 5000 (p50 425 p99 970 ms) | server pace 1.00 level 0, 0 bots bandwidth-degraded | swarm busy 7%, overruns 0
[   10s] bots 5000/5000 connected, 5000 welcomed, 0 failed | 31.1 snaps/s/bot, entities/snap near 34.6 mid 25.0 far 22.1 | corrections 0.000/s/bot | down 200 up 12 kbps/bot | rtt 18.8 ms loss 0.00% | input->applied ~ p50 59 p99 76 ms, round trip p50 100 p99 100 ms | joins 0 (p50 0 p99 0 ms) | server pace 1.00 level 0, 0 bots bandwidth-degraded | swarm busy 7%, overruns 0
[   15s] bots 5000/5000 connected, 5000 welcomed, 0 failed | 29.1 snaps/s/bot, entities/snap near 35.1 mid 25.2 far 22.1 | corrections 0.000/s/bot | down 188 up 12 kbps/bot | rtt 18.8 ms loss 0.00% | input->applied ~ p50 59 p99 76 ms, round trip p50 100 p99 100 ms | joins 0 (p50 0 p99 0 ms) | server pace 1.00 level 0, 0 bots bandwidth-degraded | swarm busy 7%, overruns 0
[   20s] bots 5000/5000 connected, 5000 welcomed, 0 failed | 30.1 snaps/s/bot, entities/snap near 34.2 mid 24.8 far 22.2 | corrections 0.000/s/bot | down 192 up 12 kbps/bot | rtt 18.7 ms loss 0.00% | input->applied ~ p50 59 p99 76 ms, round trip p50 100 p99 100 ms | joins 0 (p50 0 p99 0 ms) | server pace 1.00 level 0, 0 bots bandwidth-degraded | swarm busy 7%, overruns 0
[   25s] bots 5000/5000 connected, 5000 welcomed, 0 failed | 30.8 snaps/s/bot, entities/snap near 34.5 mid 25.0 far 22.2 | corrections 0.000/s/bot | down 198 up 12 kbps/bot | rtt 18.9 ms loss 0.00% | input->applied ~ p50 59 p99 76 ms, round trip p50 100 p99 100 ms | joins 0 (p50 0 p99 0 ms) | server pace 1.00 level 0, 0 bots bandwidth-degraded | swarm busy 7%, overruns 0
[   30s] bots 5000/5000 connected, 5000 welcomed, 0 failed | 28.7 snaps/s/bot, entities/snap near 34.7 mid 25.1 far 22.1 | corrections 0.000/s/bot | down 184 up 11 kbps/bot | rtt 18.9 ms loss 0.00% | input->applied ~ p50 59 p99 76 ms, round trip p50 100 p99 100 ms | joins 0 (p50 0 p99 0 ms) | server pace 1.00 level 0, 0 bots bandwidth-degraded | swarm busy 7%, overruns 0
[   35s] bots 5000/5000 connected, 5000 welcomed, 0 failed | 30.7 snaps/s/bot, entities/snap near 34.6 mid 25.1 far 22.1 | corrections 0.000/s/bot | down 197 up 12 kbps/bot | rtt 19.1 ms loss 0.00% | input->applied ~ p50 59 p99 76 ms, round trip p50 100 p99 100 ms | joins 0 (p50 0 p99 0 ms) | server pace 1.00 level 0, 0 bots bandwidth-degraded | swarm busy 7%, overruns 0
[   40s] bots 5000/5000 connected, 5000 welcomed, 0 failed | 30.7 snaps/s/bot, entities/snap near 34.6 mid 25.1 far 22.1 | corrections 0.000/s/bot | down 197 up 12 kbps/bot | rtt 18.9 ms loss 0.00% | input->applied ~ p50 59 p99 76 ms, round trip p50 100 p99 100 ms | joins 0 (p50 0 p99 0 ms) | server pace 1.00 level 0, 0 bots bandwidth-degraded | swarm busy 7%, overruns 0
[   45s] bots 5000/5000 connected, 5000 welcomed, 0 failed | 28.9 snaps/s/bot, entities/snap near 34.4 mid 25.0 far 22.1 | corrections 0.000/s/bot | down 185 up 12 kbps/bot | rtt 18.8 ms loss 0.00% | input->applied ~ p50 59 p99 76 ms, round trip p50 100 p99 100 ms | joins 0 (p50 0 p99 0 ms) | server pace 1.00 level 0, 0 bots bandwidth-degraded | swarm busy 7%, overruns 0
[   50s] bots 5000/5000 connected, 5000 welcomed, 0 failed | 30.6 snaps/s/bot, entities/snap near 34.5 mid 25.0 far 22.2 | corrections 0.000/s/bot | down 196 up 12 kbps/bot | rtt 18.8 ms loss 0.00% | input->applied ~ p50 59 p99 76 ms, round trip p50 100 p99 100 ms | joins 0 (p50 0 p99 0 ms) | server pace 1.00 level 0, 0 bots bandwidth-degraded | swarm busy 7%, overruns 0
[   55s] bots 5000/5000 connected, 5000 welcomed, 0 failed | 29.7 snaps/s/bot, entities/snap near 34.7 mid 25.1 far 22.1 | corrections 0.000/s/bot | down 191 up 12 kbps/bot | rtt 18.8 ms loss 0.00% | input->applied ~ p50 59 p99 76 ms, round trip p50 100 p99 100 ms | joins 0 (p50 0 p99 0 ms) | server pace 1.00 level 0, 0 bots bandwidth-degraded | swarm busy 7%, overruns 0
[   60s] bots 5000/5000 connected, 5000 welcomed, 0 failed | 29.8 snaps/s/bot, entities/snap near 34.3 mid 24.9 far 22.2 | corrections 0.000/s/bot | down 191 up 12 kbps/bot | rtt 19.1 ms loss 0.00% | input->applied ~ p50 59 p99 76 ms, round trip p50 100 p99 100 ms | joins 0 (p50 0 p99 0 ms) | server pace 1.00 level 0, 0 bots bandwidth-degraded | swarm busy 7%, overruns 0

== bots summary ==
  started 5000 welcomed 5000 failed 0
  join latency ms: p50 425 p99 970 max 1072 (n=5000)
  corrections 0 (0.00/bot-minute), mean error 0.000 m, max 0.000 m
  snapshots 8930500 (entities per snapshot: near 34.7 mid 25.0 far 22.1), stale 0, unmatched acks 0, resyncs 0
  input -> applied on server (est. RTT/2 + server wait): p50 59.0 p99 76.0 max 82.0 mean 59.3 ms (n=8928229)
    of which server wait (arrival -> applied): p50 49.9 p99 66.3 max 72.4 mean 49.9 ms (n=8928229)
  input -> seen acked (round trip): p50 100.0 p99 100.0 max 100.0 mean 84.4 ms (n=8928229)
  near entity update interval (tracked bots): p50 66.0 p99 66.0 max 166.0 mean 51.0 ms (n=14534415)
  mid entity update interval (tracked bots): p50 100.0 p99 100.0 max 59800.0 mean 144.2 ms (n=10715967)
  far entity update interval (tracked bots): p50 500.0 p99 500.0 max 59000.0 mean 519.5 ms (n=9573799)
  input clock: 5177 extra inputs, 486 skipped ticks, 0 backlog skips | near decode errors (tracked bots) 0
  bytes down 7168.8 MB up 446.8 MB | swarm busy 7% of its threads' time, tick overruns 0
