warning: use of deprecated method `std::sync::atomic::Atomic::<usize>::fetch_update`: renamed to `try_update` for consistency
   --> src/server.rs:140:14
    |
140 |             .fetch_update(Ordering::AcqRel, Ordering::Acquire, |n| (n < self.max_clients).then_some(n + 1))
    |              ^^^^^^^^^^^^
    |
    = note: `#[warn(deprecated)]` on by default
help: replace the use of the deprecated method
    |
140 -             .fetch_update(Ordering::AcqRel, Ordering::Acquire, |n| (n < self.max_clients).then_some(n + 1))
140 +             .try_update(Ordering::AcqRel, Ordering::Acquire, |n| (n < self.max_clients).then_some(n + 1))
    |

== hotspots, 5000 bots, 60s -> baselines/2026-10-04-scaleway-8t/hotspots-5k-1
== summary: 1708 steady-state ticks (after warmup, before clients drain), peak 5000 clients ==
  phase        p50 ms   p99 ms   max ms
  ingress        1.45     1.53     1.56
  events         1.23     1.55     1.62
  movement       0.16     0.19     0.22
  grid           0.28     0.32     0.55
  history        0.00     0.01     0.01
  serialize      0.08     0.12     0.28
  assembly       7.62     8.17     8.36
  transport      4.89     5.88     6.32
  egress         3.88     4.04     4.12
  tick          19.60    20.64    21.00
  overruns 0 | spawns 5000 despawns 5000 (14016 joins deferred) | stand-ins: repeated 0 frozen 0 | late inputs 0 discarded 0 | bad messages 0 | recv errors 0 send errors 0
  egress (whole run): 10512665 datagrams in 10512665 sends (1.00 per send), 115264 syscalls
  ticks per ladder level (whole run): L0: 1820
  input wait on the server (datagram arrival -> applied): p50 49.9 p99 66.3 max 72.4 mean 49.9 ms
  steady state: stand-ins repeated 0 frozen 0 | late inputs 0 discarded 0
== bots summary ==
  started 5000 welcomed 5000 failed 0
  join latency ms: p50 425 p99 970 max 1072 (n=5000)
  corrections 0 (0.00/bot-minute), mean error 0.000 m, max 0.000 m
  snapshots 8930500 (entities per snapshot: near 34.7 mid 25.0 far 22.1), stale 0, unmatched acks 0, resyncs 0
  input -> applied on server (est. RTT/2 + server wait): p50 59.0 p99 76.0 max 82.0 mean 59.3 ms (n=8928229)
    of which server wait (arrival -> applied): p50 49.9 p99 66.3 max 72.4 mean 49.9 ms (n=8928229)
  input -> seen acked (round trip): p50 100.0 p99 100.0 max 100.0 mean 84.4 ms (n=8928229)
  near entity update interval (tracked bots): p50 66.0 p99 66.0 max 166.0 mean 51.0 ms (n=14534415)
  mid entity update interval (tracked bots): p50 100.0 p99 100.0 max 59800.0 mean 144.2 ms (n=10715967)
  far entity update interval (tracked bots): p50 500.0 p99 500.0 max 59000.0 mean 519.5 ms (n=9573799)
  input clock: 5177 extra inputs, 486 skipped ticks, 0 backlog skips | near decode errors (tracked bots) 0
  bytes down 7168.8 MB up 446.8 MB | swarm busy 7% of its threads' time, tick overruns 0
