preallocated connections for 10000 clients in 219.367396ms
listening on 172.16.8.2:40500 | spawn Hotspots | tiers near 64@150 m, mid 500 m, far 1500 m, budget 6250 B/tick, squads of 4 | 8 rayon threads, 64 shards, 256 accepts/tick, egress SendMmsg | socket buffers rcv 32768 KiB snd 32768 KiB
[    5s] clients 5000 | level 0 (0-0 in window: 30 Hz, dilation 1.0), pace 1.00, 0.0% clients bandwidth-degraded | tick p50 19.23 p99 20.36 max 20.63 ms, 0 overruns | out 144.3k pps 194 kbps/client, 775 Mbps | in 124.3k pps 14 kbps/client | stand-ins: repeated 0.00% frozen 0.00%, 0 late inputs | per client-tick: 761 B (near 209 B, 98% deltas), near 36.0 mid 25.1 far 20.8, far skipped 0 starved 0 | input wait p50 50.3 p99 66.7 ms | 14016 joins deferred | kernel drops rcv 0 snd 0
         p50/p99 ms: ingress 1.42/2.78  events 1.23/2.86  movement 0.15/0.19  grid 0.28/0.32  history 0.00/0.03  serialize 0.08/0.17  assembly 7.48/7.80  transport 4.65/5.63  egress 3.78/3.96
[   10s] clients 5000 | level 0 (0-0 in window: 30 Hz, dilation 1.0), pace 1.00, 0.0% clients bandwidth-degraded | tick p50 19.45 p99 20.32 max 20.40 ms, 0 overruns | out 176.1k pps 193 kbps/client, 963 Mbps | in 150.0k pps 12 kbps/client | stand-ins: repeated 0.00% frozen 0.00%, 0 late inputs | per client-tick: 760 B (near 194 B, 100% deltas), near 34.6 mid 25.0 far 22.1, far skipped 0 starved 0 | input wait p50 49.8 p99 66.4 ms | 0 joins deferred | kernel drops rcv 0 snd 0
         p50/p99 ms: ingress 1.45/1.54  events 1.24/1.28  movement 0.16/0.18  grid 0.28/0.31  history 0.00/0.01  serialize 0.08/0.10  assembly 7.58/7.83  transport 4.76/5.63  egress 3.87/4.02
[   15s] clients 5000 | level 0 (0-0 in window: 30 Hz, dilation 1.0), pace 1.00, 0.0% clients bandwidth-degraded | tick p50 19.60 p99 20.61 max 20.67 ms, 0 overruns | out 176.1k pps 193 kbps/client, 963 Mbps | in 150.0k pps 12 kbps/client | stand-ins: repeated 0.00% frozen 0.00%, 0 late inputs | per client-tick: 760 B (near 194 B, 100% deltas), near 34.6 mid 25.0 far 22.2, far skipped 0 starved 0 | input wait p50 49.9 p99 66.4 ms | 0 joins deferred | kernel drops rcv 0 snd 0
         p50/p99 ms: ingress 1.45/1.52  events 1.24/1.27  movement 0.16/0.20  grid 0.28/0.31  history 0.00/0.01  serialize 0.08/0.11  assembly 7.64/7.92  transport 4.83/5.90  egress 3.91/4.04
[   20s] clients 5000 | level 0 (0-0 in window: 30 Hz, dilation 1.0), pace 1.00, 0.0% clients bandwidth-degraded | tick p50 19.59 p99 20.47 max 20.55 ms, 0 overruns | out 176.1k pps 193 kbps/client, 963 Mbps | in 150.0k pps 12 kbps/client | stand-ins: repeated 0.00% frozen 0.00%, 0 late inputs | per client-tick: 760 B (near 194 B, 100% deltas), near 34.6 mid 25.0 far 22.2, far skipped 0 starved 0 | input wait p50 49.9 p99 66.4 ms | 0 joins deferred | kernel drops rcv 0 snd 0
         p50/p99 ms: ingress 1.45/1.52  events 1.24/1.26  movement 0.16/0.20  grid 0.28/0.31  history 0.00/0.01  serialize 0.08/0.11  assembly 7.63/7.91  transport 4.84/5.79  egress 3.91/4.04
[   25s] clients 5000 | level 0 (0-0 in window: 30 Hz, dilation 1.0), pace 1.00, 0.0% clients bandwidth-degraded | tick p50 19.60 p99 20.56 max 20.64 ms, 0 overruns | out 176.1k pps 193 kbps/client, 963 Mbps | in 150.0k pps 12 kbps/client | stand-ins: repeated 0.00% frozen 0.00%, 0 late inputs | per client-tick: 760 B (near 194 B, 100% deltas), near 34.6 mid 25.0 far 22.2, far skipped 0 starved 0 | input wait p50 49.8 p99 66.3 ms | 0 joins deferred | kernel drops rcv 0 snd 0
         p50/p99 ms: ingress 1.46/1.53  events 1.23/1.27  movement 0.16/0.19  grid 0.28/0.31  history 0.00/0.01  serialize 0.08/0.12  assembly 7.60/7.90  transport 4.86/5.74  egress 3.90/4.04
[   30s] clients 5000 | level 0 (0-0 in window: 30 Hz, dilation 1.0), pace 1.00, 0.0% clients bandwidth-degraded | tick p50 19.74 p99 20.77 max 20.79 ms, 0 overruns | out 176.1k pps 193 kbps/client, 963 Mbps | in 150.0k pps 12 kbps/client | stand-ins: repeated 0.00% frozen 0.00%, 0 late inputs | per client-tick: 760 B (near 194 B, 100% deltas), near 34.6 mid 25.0 far 22.2, far skipped 0 starved 0 | input wait p50 49.9 p99 66.3 ms | 0 joins deferred | kernel drops rcv 0 snd 0
         p50/p99 ms: ingress 1.46/1.52  events 1.22/1.25  movement 0.16/0.18  grid 0.28/0.31  history 0.00/0.01  serialize 0.08/0.12  assembly 7.66/7.98  transport 4.93/5.99  egress 3.93/4.06
[   35s] clients 5000 | level 0 (0-0 in window: 30 Hz, dilation 1.0), pace 1.00, 0.0% clients bandwidth-degraded | tick p50 19.70 p99 20.63 max 20.95 ms, 0 overruns | out 176.0k pps 193 kbps/client, 963 Mbps | in 150.0k pps 12 kbps/client | stand-ins: repeated 0.00% frozen 0.00%, 0 late inputs | per client-tick: 760 B (near 194 B, 100% deltas), near 34.6 mid 25.0 far 22.1, far skipped 0 starved 0 | input wait p50 49.9 p99 66.3 ms | 0 joins deferred | kernel drops rcv 0 snd 0
         p50/p99 ms: ingress 1.46/1.54  events 1.22/1.25  movement 0.16/0.19  grid 0.28/0.31  history 0.00/0.01  serialize 0.08/0.12  assembly 7.62/8.25  transport 4.96/6.11  egress 3.88/4.03
[   40s] clients 5000 | level 0 (0-0 in window: 30 Hz, dilation 1.0), pace 1.00, 0.0% clients bandwidth-degraded | tick p50 19.67 p99 20.83 max 20.89 ms, 0 overruns | out 176.1k pps 193 kbps/client, 963 Mbps | in 150.0k pps 12 kbps/client | stand-ins: repeated 0.00% frozen 0.00%, 0 late inputs | per client-tick: 760 B (near 194 B, 100% deltas), near 34.5 mid 25.1 far 22.1, far skipped 0 starved 0 | input wait p50 49.8 p99 66.2 ms | 0 joins deferred | kernel drops rcv 0 snd 0
         p50/p99 ms: ingress 1.46/1.55  events 1.22/1.25  movement 0.16/0.17  grid 0.28/0.31  history 0.00/0.00  serialize 0.08/0.12  assembly 7.63/8.36  transport 4.95/5.79  egress 3.87/4.03
[   45s] clients 5000 | level 0 (0-0 in window: 30 Hz, dilation 1.0), pace 1.00, 0.0% clients bandwidth-degraded | tick p50 19.61 p99 20.57 max 20.67 ms, 0 overruns | out 176.1k pps 192 kbps/client, 962 Mbps | in 150.0k pps 12 kbps/client | stand-ins: repeated 0.00% frozen 0.00%, 0 late inputs | per client-tick: 760 B (near 194 B, 100% deltas), near 34.5 mid 25.0 far 22.1, far skipped 0 starved 0 | input wait p50 49.9 p99 66.2 ms | 0 joins deferred | kernel drops rcv 0 snd 0
         p50/p99 ms: ingress 1.46/1.52  events 1.21/1.24  movement 0.16/0.18  grid 0.29/0.31  history 0.00/0.01  serialize 0.08/0.13  assembly 7.60/7.85  transport 4.93/5.96  egress 3.87/3.98
[   50s] clients 5000 | level 0 (0-0 in window: 30 Hz, dilation 1.0), pace 1.00, 0.0% clients bandwidth-degraded | tick p50 19.52 p99 20.72 max 21.00 ms, 0 overruns | out 176.1k pps 192 kbps/client, 962 Mbps | in 150.0k pps 12 kbps/client | stand-ins: repeated 0.00% frozen 0.00%, 0 late inputs | per client-tick: 759 B (near 194 B, 100% deltas), near 34.5 mid 25.0 far 22.2, far skipped 0 starved 0 | input wait p50 49.9 p99 66.2 ms | 0 joins deferred | kernel drops rcv 0 snd 0
         p50/p99 ms: ingress 1.45/1.52  events 1.20/1.26  movement 0.16/0.17  grid 0.28/0.31  history 0.00/0.01  serialize 0.08/0.12  assembly 7.61/7.94  transport 4.87/5.88  egress 3.86/4.02
[   55s] clients 5000 | level 0 (0-0 in window: 30 Hz, dilation 1.0), pace 1.00, 0.0% clients bandwidth-degraded | tick p50 19.51 p99 20.59 max 20.64 ms, 0 overruns | out 176.0k pps 193 kbps/client, 963 Mbps | in 150.0k pps 12 kbps/client | stand-ins: repeated 0.00% frozen 0.00%, 0 late inputs | per client-tick: 760 B (near 194 B, 100% deltas), near 34.5 mid 25.0 far 22.2, far skipped 0 starved 0 | input wait p50 49.9 p99 66.2 ms | 0 joins deferred | kernel drops rcv 0 snd 0
         p50/p99 ms: ingress 1.45/1.51  events 1.20/1.30  movement 0.16/0.18  grid 0.28/0.31  history 0.00/0.01  serialize 0.08/0.13  assembly 7.62/8.02  transport 4.85/5.88  egress 3.85/4.00
[   60s] clients 5000 | level 0 (0-0 in window: 30 Hz, dilation 1.0), pace 1.00, 0.0% clients bandwidth-degraded | tick p50 19.66 p99 20.67 max 20.75 ms, 0 overruns | out 176.0k pps 192 kbps/client, 962 Mbps | in 150.0k pps 12 kbps/client | stand-ins: repeated 0.00% frozen 0.00%, 0 late inputs | per client-tick: 760 B (near 194 B, 100% deltas), near 34.5 mid 25.0 far 22.2, far skipped 0 starved 0 | input wait p50 49.8 p99 66.2 ms | 0 joins deferred | kernel drops rcv 0 snd 0
         p50/p99 ms: ingress 1.45/1.51  events 1.27/1.61  movement 0.16/0.18  grid 0.28/0.36  history 0.00/0.01  serialize 0.08/0.13  assembly 7.63/8.20  transport 4.92/5.89  egress 3.79/3.93
[   61s] clients 0 | level 0 (0-0 in window: 30 Hz, dilation 1.0), pace 1.00, 0.0% clients bandwidth-degraded | tick p50 19.92 p99 20.66 max 20.66 ms, 0 overruns | out 162.7k pps 194 kbps/client, 887 Mbps | in 164.5k pps 13 kbps/client | stand-ins: repeated 0.00% frozen 0.00%, 0 late inputs | per client-tick: 758 B (near 196 B, 98% deltas), near 34.4 mid 24.8 far 22.0, far skipped 0 starved 0 | input wait p50 50.1 p99 66.3 ms | 0 joins deferred | kernel drops rcv 0 snd 0
         p50/p99 ms: ingress 1.47/3.55  events 1.30/9.94  movement 0.16/0.18  grid 0.29/0.37  history 0.00/0.01  serialize 0.08/0.10  assembly 7.59/8.18  transport 4.96/5.48  egress 3.76/4.08

== summary: 1708 steady-state ticks (after warmup, before clients drain), peak 5000 clients ==
  phase        p50 ms   p99 ms   max ms
  ingress        1.45     1.53     1.56
  events         1.23     1.55     1.62
  movement       0.16     0.19     0.22
  grid           0.28     0.32     0.55
  history        0.00     0.01     0.01
  serialize      0.08     0.12     0.28
  assembly       7.62     8.17     8.36
  transport      4.89     5.88     6.32
  egress         3.88     4.04     4.12
  tick          19.60    20.64    21.00
  overruns 0 | spawns 5000 despawns 5000 (14016 joins deferred) | stand-ins: repeated 0 frozen 0 | late inputs 0 discarded 0 | bad messages 0 | recv errors 0 send errors 0
  egress (whole run): 10512665 datagrams in 10512665 sends (1.00 per send), 115264 syscalls
  ticks per ladder level (whole run): L0: 1820
  input wait on the server (datagram arrival -> applied): p50 49.9 p99 66.3 max 72.4 mean 49.9 ms
  steady state: stand-ins repeated 0 frozen 0 | late inputs 0 discarded 0
