10000 bots -> 172.16.16.2:40500 on 24 threads, ramp 0/s, 60s, 10000 full + 0 sink bots
[    5s] bots 10000/10000 connected, 10000 welcomed, 0 failed | 13.6 snaps/s/bot, entities/snap near 31.3 mid 43.9 far 19.6 | corrections 0.000/s/bot | down 111 up 6 kbps/bot | rtt 184.1 ms loss 0.00% | input->applied ~ p50 277 p99 502 ms, round trip p50 400 p99 600 ms | joins 10000 (p50 1030 p99 2150 ms) | server pace 0.62 level 3, 0 bots bandwidth-degraded | swarm busy 13%, overruns 0
[   10s] bots 10000/10000 connected, 10000 welcomed, 0 failed | 19.7 snaps/s/bot, entities/snap near 22.7 mid 33.0 far 7.5 | corrections 2.883/s/bot | down 107 up 8 kbps/bot | rtt 181.5 ms loss 0.91% | input->applied ~ p50 161 p99 228 ms, round trip p50 267 p99 333 ms | joins 0 (p50 0 p99 0 ms) | server pace 0.85 level 6, 0 bots bandwidth-degraded | swarm busy 15%, overruns 0
[   15s] bots 10000/10000 connected, 10000 welcomed, 0 failed | 16.3 snaps/s/bot, entities/snap near 20.6 mid 32.4 far 6.6 | corrections 3.739/s/bot | down 85 up 10 kbps/bot | rtt 177.4 ms loss 1.00% | input->applied ~ p50 171 p99 234 ms, round trip p50 267 p99 333 ms | joins 0 (p50 0 p99 0 ms) | server pace 0.80 level 8, 0 bots bandwidth-degraded | swarm busy 17%, overruns 0
[   20s] bots 10000/10000 connected, 10000 welcomed, 0 failed | 15.9 snaps/s/bot, entities/snap near 20.6 mid 32.3 far 6.6 | corrections 0.000/s/bot | down 84 up 10 kbps/bot | rtt 177.1 ms loss 1.02% | input->applied ~ p50 158 p99 203 ms, round trip p50 267 p99 300 ms | joins 0 (p50 0 p99 0 ms) | server pace 0.80 level 8, 0 bots bandwidth-degraded | swarm busy 16%, overruns 0
[   25s] bots 10000/10000 connected, 10000 welcomed, 0 failed | 16.3 snaps/s/bot, entities/snap near 20.6 mid 32.4 far 6.6 | corrections 0.000/s/bot | down 86 up 10 kbps/bot | rtt 177.5 ms loss 1.02% | input->applied ~ p50 158 p99 202 ms, round trip p50 267 p99 300 ms | joins 0 (p50 0 p99 0 ms) | server pace 0.80 level 8, 0 bots bandwidth-degraded | swarm busy 16%, overruns 0
[   30s] bots 10000/10000 connected, 10000 welcomed, 0 failed | 15.3 snaps/s/bot, entities/snap near 20.6 mid 32.2 far 6.5 | corrections 0.000/s/bot | down 81 up 9 kbps/bot | rtt 177.2 ms loss 1.01% | input->applied ~ p50 158 p99 202 ms, round trip p50 267 p99 300 ms | joins 0 (p50 0 p99 0 ms) | server pace 0.80 level 8, 0 bots bandwidth-degraded | swarm busy 16%, overruns 0
[   35s] bots 10000/10000 connected, 10000 welcomed, 0 failed | 16.1 snaps/s/bot, entities/snap near 20.6 mid 32.3 far 6.6 | corrections 0.000/s/bot | down 85 up 10 kbps/bot | rtt 177.3 ms loss 0.99% | input->applied ~ p50 158 p99 202 ms, round trip p50 267 p99 300 ms | joins 0 (p50 0 p99 0 ms) | server pace 0.80 level 8, 0 bots bandwidth-degraded | swarm busy 15%, overruns 0
[   40s] bots 10000/10000 connected, 10000 welcomed, 0 failed | 15.8 snaps/s/bot, entities/snap near 20.6 mid 32.4 far 6.6 | corrections 0.000/s/bot | down 84 up 10 kbps/bot | rtt 177.4 ms loss 1.01% | input->applied ~ p50 158 p99 202 ms, round trip p50 267 p99 300 ms | joins 0 (p50 0 p99 0 ms) | server pace 0.80 level 8, 0 bots bandwidth-degraded | swarm busy 15%, overruns 0
[   45s] bots 10000/10000 connected, 10000 welcomed, 0 failed | 15.7 snaps/s/bot, entities/snap near 20.5 mid 32.1 far 6.5 | corrections 0.000/s/bot | down 82 up 9 kbps/bot | rtt 177.3 ms loss 0.99% | input->applied ~ p50 158 p99 202 ms, round trip p50 267 p99 300 ms | joins 0 (p50 0 p99 0 ms) | server pace 0.80 level 8, 0 bots bandwidth-degraded | swarm busy 16%, overruns 0
[   50s] bots 10000/10000 connected, 10000 welcomed, 0 failed | 15.9 snaps/s/bot, entities/snap near 20.6 mid 32.4 far 6.5 | corrections 0.000/s/bot | down 84 up 10 kbps/bot | rtt 177.3 ms loss 1.01% | input->applied ~ p50 158 p99 202 ms, round trip p50 267 p99 300 ms | joins 0 (p50 0 p99 0 ms) | server pace 0.80 level 8, 0 bots bandwidth-degraded | swarm busy 16%, overruns 0
[   55s] bots 10000/10000 connected, 10000 welcomed, 0 failed | 15.8 snaps/s/bot, entities/snap near 20.5 mid 32.3 far 6.5 | corrections 0.000/s/bot | down 83 up 10 kbps/bot | rtt 177.2 ms loss 1.02% | input->applied ~ p50 158 p99 202 ms, round trip p50 267 p99 300 ms | joins 0 (p50 0 p99 0 ms) | server pace 0.80 level 8, 0 bots bandwidth-degraded | swarm busy 16%, overruns 0
[   60s] bots 10000/10000 connected, 10000 welcomed, 0 failed | 15.7 snaps/s/bot, entities/snap near 20.5 mid 32.2 far 6.5 | corrections 0.000/s/bot | down 83 up 10 kbps/bot | rtt 177.3 ms loss 0.98% | input->applied ~ p50 158 p99 202 ms, round trip p50 267 p99 300 ms | joins 0 (p50 0 p99 0 ms) | server pace 0.80 level 8, 0 bots bandwidth-degraded | swarm busy 16%, overruns 0

== bots summary ==
  started 10000 welcomed 10000 failed 0
  join latency ms: p50 1030 p99 2150 max 2605 (n=10000)
  corrections 331258 (33.13/bot-minute), mean error 0.139 m, max 0.966 m
  snapshots 9661198 (entities per snapshot: near 21.5 mid 33.2 far 7.6), stale 733, unmatched acks 0, resyncs 877
  input -> applied on server (est. RTT/2 + server wait): p50 160.0 p99 432.0 max 950.0 mean 168.7 ms (n=9217705)
    of which server wait (arrival -> applied): p50 71.2 p99 340.2 max 861.5 mean 79.5 ms (n=9217705)
  input -> seen acked (round trip): p50 267.0 p99 533.0 max 1033.0 mean 269.8 ms (n=9618027)
  near entity update interval (tracked bots): p50 50.0 p99 100.0 max 700.0 mean 67.8 ms (n=10663796)
  mid entity update interval (tracked bots): p50 250.0 p99 500.0 max 49750.0 mean 283.0 ms (n=16816752)
  far entity update interval (tracked bots): p50 1500.0 p99 6000.0 max 48300.0 mean 1503.7 ms (n=3480554)
  input clock: 77644 extra inputs, 3841957 skipped ticks, 49307 backlog skips | near decode errors (tracked bots) 0
  bytes down 6620.5 MB up 692.1 MB | swarm busy 15% of its threads' time, tick overruns 0
