preallocated connections for 10000 clients in 220.487144ms
listening on 172.16.16.2:40500 | spawn Blob | tiers near 64@150 m, mid 500 m, far 1500 m, budget 6250 B/tick, squads of 4 | 64 rayon threads, 64 shards, 256 accepts/tick, egress SendMmsg | socket buffers rcv 32768 KiB snd 32768 KiB
[    5s] clients 10000 | level 2 (0-2 in window: 30 Hz, dilation 1.0), pace 0.63, 0.0% clients bandwidth-degraded | tick p50 1.08 p99 57.55 max 58.39 ms, 39 overruns | out 111.0k pps 236 kbps/client, 641 Mbps | in 88.0k pps 24 kbps/client | stand-ins: repeated 0.02% frozen 0.00%, 58 late inputs | per client-tick: 1069 B (near 261 B, 81% deltas), near 33.1 mid 47.4 far 21.5, far skipped 0 starved 0 | input wait p50 239.9 p99 415.7 ms | 51373 joins deferred | kernel drops rcv 0 snd 0
         p50/p99 ms: ingress 0.59/6.35  events 0.00/4.98  movement 0.00/0.58  grid 0.07/0.40  history 0.00/0.05  serialize 0.00/0.34  assembly 0.19/9.13  transport 0.14/3.11  egress 0.13/38.33
[   10s] clients 10000 | level 5 (2-5 in window: 30 Hz, dilation 1.0), pace 0.64, 0.0% clients bandwidth-degraded | tick p50 52.75 p99 58.21 max 58.21 ms, 95 overruns | out 248.6k pps 115 kbps/client, 1154 Mbps | in 180.0k pps 7 kbps/client | stand-ins: repeated 0.11% frozen 0.00%, 1045 late inputs | per client-tick: 718 B (near 159 B, 99% deltas), near 25.5 mid 35.2 far 11.2, far skipped 0 starved 0 | input wait p50 87.9 p99 379.0 ms | 0 joins deferred | kernel drops rcv 0 snd 0
         p50/p99 ms: ingress 1.96/2.70  events 2.71/3.33  movement 0.34/0.64  grid 0.38/0.43  history 0.01/0.01  serialize 0.21/0.49  assembly 6.85/10.59  transport 2.62/3.46  egress 37.66/38.67
[   15s] clients 10000 | level 8 (5-8 in window: 20 Hz, dilation 0.8), pace 0.80, 0.0% clients bandwidth-degraded | tick p50 50.74 p99 56.29 max 56.29 ms, 46 overruns | out 241.1k pps 95 kbps/client, 949 Mbps | in 243.7k pps 10 kbps/client | stand-ins: repeated 5.38% frozen 38.73%, 568203 late inputs | per client-tick: 599 B (near 123 B, 99% deltas), near 20.6 mid 32.3 far 6.6, far skipped 0 starved 0 | input wait p50 66.0 p99 140.4 ms | 0 joins deferred | kernel drops rcv 0 snd 0
         p50/p99 ms: ingress 2.33/3.14  events 2.77/4.36  movement 0.33/0.75  grid 0.39/0.45  history 0.01/0.01  serialize 0.20/0.35  assembly 5.33/10.31  transport 2.28/3.32  egress 37.24/38.11
[   20s] clients 10000 | level 8 (8-8 in window: 20 Hz, dilation 0.8), pace 0.80, 0.0% clients bandwidth-degraded | tick p50 47.72 p99 49.45 max 49.45 ms, 0 overruns | out 210.2k pps 84 kbps/client, 844 Mbps | in 235.6k pps 9 kbps/client | stand-ins: repeated 0.03% frozen 0.00%, 389 late inputs | per client-tick: 614 B (near 138 B, 98% deltas), near 20.6 mid 32.3 far 6.6, far skipped 0 starved 0 | input wait p50 76.4 p99 133.9 ms | 0 joins deferred | kernel drops rcv 0 snd 0
         p50/p99 ms: ingress 1.80/2.11  events 3.79/4.38  movement 0.34/0.41  grid 0.38/0.41  history 0.01/0.01  serialize 0.20/0.24  assembly 2.42/3.09  transport 1.45/1.72  egress 37.23/38.24
[   25s] clients 10000 | level 8 (8-8 in window: 20 Hz, dilation 0.8), pace 0.80, 0.0% clients bandwidth-degraded | tick p50 47.70 p99 48.99 max 48.99 ms, 0 overruns | out 210.2k pps 84 kbps/client, 844 Mbps | in 237.5k pps 9 kbps/client | stand-ins: repeated 0.04% frozen 0.00%, 533 late inputs | per client-tick: 614 B (near 138 B, 98% deltas), near 20.6 mid 32.3 far 6.6, far skipped 0 starved 0 | input wait p50 69.1 p99 112.2 ms | 0 joins deferred | kernel drops rcv 0 snd 0
         p50/p99 ms: ingress 1.81/2.06  events 3.74/4.06  movement 0.34/0.39  grid 0.38/0.41  history 0.01/0.01  serialize 0.19/0.25  assembly 2.42/3.25  transport 1.46/1.72  egress 37.27/38.38
[   30s] clients 10000 | level 8 (8-8 in window: 20 Hz, dilation 0.8), pace 0.80, 0.0% clients bandwidth-degraded | tick p50 47.81 p99 49.71 max 49.71 ms, 0 overruns | out 210.1k pps 84 kbps/client, 843 Mbps | in 237.4k pps 9 kbps/client | stand-ins: repeated 0.05% frozen 0.00%, 547 late inputs | per client-tick: 614 B (near 138 B, 98% deltas), near 20.6 mid 32.3 far 6.6, far skipped 0 starved 0 | input wait p50 69.0 p99 112.3 ms | 0 joins deferred | kernel drops rcv 0 snd 0
         p50/p99 ms: ingress 1.81/2.14  events 3.77/4.29  movement 0.34/0.42  grid 0.37/0.41  history 0.01/0.01  serialize 0.20/0.25  assembly 2.42/3.13  transport 1.46/1.78  egress 37.39/39.00
[   35s] clients 10000 | level 8 (8-8 in window: 20 Hz, dilation 0.8), pace 0.80, 0.0% clients bandwidth-degraded | tick p50 47.55 p99 49.37 max 49.37 ms, 0 overruns | out 210.1k pps 84 kbps/client, 843 Mbps | in 237.5k pps 10 kbps/client | stand-ins: repeated 0.05% frozen 0.00%, 545 late inputs | per client-tick: 614 B (near 138 B, 98% deltas), near 20.6 mid 32.3 far 6.6, far skipped 0 starved 0 | input wait p50 69.1 p99 112.1 ms | 0 joins deferred | kernel drops rcv 0 snd 0
         p50/p99 ms: ingress 1.78/2.14  events 3.77/3.94  movement 0.35/0.40  grid 0.37/0.42  history 0.01/0.01  serialize 0.20/0.27  assembly 2.40/3.25  transport 1.45/1.79  egress 37.25/38.05
[   40s] clients 10000 | level 8 (8-8 in window: 20 Hz, dilation 0.8), pace 0.80, 0.0% clients bandwidth-degraded | tick p50 47.96 p99 49.74 max 49.74 ms, 0 overruns | out 210.2k pps 84 kbps/client, 843 Mbps | in 237.5k pps 9 kbps/client | stand-ins: repeated 0.05% frozen 0.00%, 593 late inputs | per client-tick: 614 B (near 138 B, 98% deltas), near 20.6 mid 32.3 far 6.6, far skipped 0 starved 0 | input wait p50 69.3 p99 112.4 ms | 0 joins deferred | kernel drops rcv 0 snd 0
         p50/p99 ms: ingress 1.82/2.19  events 3.70/4.18  movement 0.34/0.47  grid 0.37/0.41  history 0.01/0.01  serialize 0.20/0.23  assembly 2.45/3.32  transport 1.48/1.79  egress 37.51/38.67
[   45s] clients 10000 | level 8 (8-8 in window: 20 Hz, dilation 0.8), pace 0.80, 0.0% clients bandwidth-degraded | tick p50 47.79 p99 49.22 max 49.22 ms, 0 overruns | out 210.2k pps 84 kbps/client, 843 Mbps | in 237.5k pps 9 kbps/client | stand-ins: repeated 0.04% frozen 0.00%, 535 late inputs | per client-tick: 614 B (near 138 B, 98% deltas), near 20.6 mid 32.3 far 6.5, far skipped 0 starved 0 | input wait p50 69.0 p99 111.9 ms | 0 joins deferred | kernel drops rcv 0 snd 0
         p50/p99 ms: ingress 1.77/2.08  events 3.69/4.13  movement 0.35/0.43  grid 0.38/0.41  history 0.01/0.01  serialize 0.19/0.24  assembly 2.45/3.09  transport 1.47/1.68  egress 37.47/38.48
[   50s] clients 10000 | level 8 (8-8 in window: 20 Hz, dilation 0.8), pace 0.80, 0.0% clients bandwidth-degraded | tick p50 47.72 p99 49.39 max 49.39 ms, 0 overruns | out 210.2k pps 84 kbps/client, 843 Mbps | in 237.5k pps 9 kbps/client | stand-ins: repeated 0.05% frozen 0.00%, 559 late inputs | per client-tick: 614 B (near 138 B, 98% deltas), near 20.6 mid 32.3 far 6.6, far skipped 0 starved 0 | input wait p50 69.0 p99 112.1 ms | 0 joins deferred | kernel drops rcv 0 snd 0
         p50/p99 ms: ingress 1.79/2.11  events 3.70/4.29  movement 0.34/0.45  grid 0.38/0.41  history 0.01/0.01  serialize 0.20/0.24  assembly 2.43/3.27  transport 1.45/1.79  egress 37.44/38.36
[   55s] clients 10000 | level 8 (8-8 in window: 20 Hz, dilation 0.8), pace 0.80, 0.0% clients bandwidth-degraded | tick p50 47.72 p99 49.42 max 49.42 ms, 0 overruns | out 210.2k pps 84 kbps/client, 843 Mbps | in 237.5k pps 10 kbps/client | stand-ins: repeated 0.04% frozen 0.00%, 504 late inputs | per client-tick: 613 B (near 138 B, 98% deltas), near 20.5 mid 32.3 far 6.5, far skipped 0 starved 0 | input wait p50 68.8 p99 111.6 ms | 0 joins deferred | kernel drops rcv 0 snd 0
         p50/p99 ms: ingress 1.76/2.10  events 3.71/4.28  movement 0.35/0.42  grid 0.38/0.41  history 0.01/0.02  serialize 0.20/0.24  assembly 2.44/3.20  transport 1.45/1.75  egress 37.42/38.20
[   60s] clients 10000 | level 8 (8-8 in window: 20 Hz, dilation 0.8), pace 0.80, 0.0% clients bandwidth-degraded | tick p50 47.76 p99 49.60 max 49.60 ms, 0 overruns | out 210.1k pps 84 kbps/client, 841 Mbps | in 237.5k pps 9 kbps/client | stand-ins: repeated 0.05% frozen 0.00%, 587 late inputs | per client-tick: 612 B (near 138 B, 98% deltas), near 20.5 mid 32.3 far 6.5, far skipped 0 starved 0 | input wait p50 69.0 p99 112.2 ms | 0 joins deferred | kernel drops rcv 0 snd 0
         p50/p99 ms: ingress 1.77/2.17  events 3.74/4.01  movement 0.34/0.40  grid 0.38/0.41  history 0.01/0.01  serialize 0.20/0.28  assembly 2.43/3.19  transport 1.46/1.77  egress 37.42/38.52
[   63s] clients 0 | level 8 (8-8 in window: 20 Hz, dilation 0.8), pace 0.80, 0.0% clients bandwidth-degraded | tick p50 47.59 p99 49.11 max 49.11 ms, 0 overruns | out 200.5k pps 86 kbps/client, 802 Mbps | in 235.4k pps 10 kbps/client | stand-ins: repeated 0.05% frozen 0.00%, 237 late inputs | per client-tick: 611 B (near 138 B, 97% deltas), near 20.5 mid 32.2 far 6.4, far skipped 0 starved 0 | input wait p50 69.2 p99 112.3 ms | 0 joins deferred | kernel drops rcv 0 snd 0
         p50/p99 ms: ingress 1.77/6.14  events 3.70/16.34  movement 0.35/0.40  grid 0.38/0.41  history 0.01/0.01  serialize 0.19/0.25  assembly 2.41/2.94  transport 1.45/1.68  egress 37.27/38.57

== summary: 935 steady-state ticks (after warmup, before clients drain), peak 10000 clients ==
  phase        p50 ms   p99 ms   max ms
  ingress        1.81     2.84     3.14
  events         3.65     4.18     4.38
  movement       0.34     0.51     0.75
  grid           0.38     0.42     0.45
  history        0.01     0.01     0.02
  serialize      0.20     0.33     0.49
  assembly       2.45     7.95    10.59
  transport      1.48     2.97     3.46
  egress        37.41    38.38    39.00
  tick          47.89    55.00    58.21
  overruns 131 | spawns 10000 despawns 10000 (51373 joins deferred) | stand-ins: repeated 75621 frozen 499640 | late inputs 574335 discarded 3 | bad messages 0 | recv errors 0 send errors 0
  egress (whole run): 12974725 datagrams in 12974725 sends (1.00 per send), 64387 syscalls
  ticks per ladder level (whole run): L0: 92, L1: 31, L2: 31, L3: 31, L4: 31, L5: 31, L6: 31, L7: 31, L8: 771
  input wait on the server (datagram arrival -> applied): p50 70.6 p99 255.0 max 861.5 mean 75.1 ms
  steady state: stand-ins repeated 75560 frozen 499640 | late inputs 574277 discarded 0
