started=5000
welcomed=5000
failed=0
join_p50_ms=379
join_p99_ms=835
join_max_ms=1068
corrections=0
corrections_per_bot_minute=0.000
correction_max_m=0.000
push_corrections=92800
push_corrections_per_bot_minute=18.560
push_max_m=0.224
snapshots=8939300
near_per_snapshot=34.7
mid_per_snapshot=49.8
far_per_snapshot=26.7
stale_snapshots=0
resyncs=0
input_applied_p50_ms=55.0
input_applied_p99_ms=70.0
input_applied_mean_ms=54.5
server_wait_p50_ms=50.9
server_wait_p99_ms=65.5
server_wait_mean_ms=50.2
round_trip_p50_ms=67.0
round_trip_p99_ms=100.0
round_trip_mean_ms=75.5
slot_work_p50_ms=0.2
slot_work_p99_ms=1.6
slot_work_mean_ms=0.4
slot_late_p50_ms=0.0
slot_late_p99_ms=0.0
slot_late_mean_ms=0.0
near_interval_p50_ms=66.0
near_interval_p99_ms=66.0
near_interval_mean_ms=51.4
mid_interval_p50_ms=100.0
mid_interval_p99_ms=100.0
mid_interval_mean_ms=100.4
far_interval_p50_ms=500.0
far_interval_p99_ms=500.0
far_interval_mean_ms=500.1
slot_late_max_ms=26.1
near_interpolated_pct=99.77
near_extrapolated_pct=0.05
near_held_pct=0.00
near_new_pct=0.19
near_pop_p50_mm=0
near_pop_p99_mm=0
mid_interpolated_pct=95.90
mid_extrapolated_pct=1.29
mid_held_pct=1.71
mid_new_pct=1.11
mid_pop_p50_mm=0
mid_pop_p99_mm=0
far_interpolated_pct=40.17
far_extrapolated_pct=58.97
far_held_pct=0.41
far_new_pct=0.45
far_pop_p50_mm=414
far_pop_p99_mm=3675
render_delay_ms=79.1
render_snaps=0
shots_seen=0
activity_cells=0
activity_shots=0
ambient=0
streak_frames_per_million=12118
clock_slewing_pct=1.07
delay_changes=279
render_backwards=0
clock_extra=5000
clock_skipped=291
backlog_skips=0
near_decode_errors=0
bytes_down_mb=10624.2
bytes_up_mb=563.3
swarm_busy_pct=11
swarm_overruns=215
