preallocated connections for 10000 clients in 249.67382ms
listening on 172.31.17.93:40500 | spawn Hotspots | tiers near 64@150 m, mid 500 m, far 1500 m, budget 6250 B/tick, squads of 4 | 64 rayon threads, 64 shards, 1 socket(s), 256 accepts/tick, egress SendMmsg, ingress RecvMmsg | socket buffers rcv 32768 KiB snd 32768 KiB
[    5s] clients 5000 | level 0 (0-0 in window: 30 Hz, dilation 1.0), pace 1.00, 0.0% clients bandwidth-degraded | tick p50 9.36 p99 11.14 max 11.67 ms, 0 overruns | out 194.1k pps 290 kbps/client, 1202 Mbps | in 128.4k pps 17 kbps/client, 53.3 per recv, receive thread busy 13% | stand-ins: repeated 0.00% frozen 0.00%, 0 late inputs | per client-tick: 1148 B (near 242 B, 98% deltas), near 35.7 mid 50.9 far 25.5, far skipped 0 starved 0 | input wait p50 51.3 p99 69.2 ms | 12460 joins deferred | kernel drops rcv 0 snd 0
         p50/p99 ms: ingress 0.80/3.75  events 2.02/3.64  movement 0.61/0.68  grid 0.34/0.37  separate 0.52/0.66  history 0.01/0.08  shots 0.03/0.13  serialize 0.23/0.31  assembly 1.82/2.23  transport 1.08/1.42  egress 1.75/2.06
[   10s] clients 5000 | level 0 (0-0 in window: 30 Hz, dilation 1.0), pace 1.00, 0.0% clients bandwidth-degraded | tick p50 9.40 p99 10.64 max 11.21 ms, 0 overruns | out 227.7k pps 285 kbps/client, 1425 Mbps | in 150.0k pps 15 kbps/client, 53.6 per recv, receive thread busy 15% | stand-ins: repeated 0.00% frozen 0.00%, 0 late inputs | per client-tick: 1135 B (near 229 B, 100% deltas), near 34.6 mid 49.7 far 26.7, far skipped 0 starved 0 | input wait p50 50.8 p99 65.5 ms | 0 joins deferred | kernel drops rcv 0 snd 0
         p50/p99 ms: ingress 0.79/1.01  events 2.05/3.21  movement 0.64/0.73  grid 0.34/0.38  separate 0.51/0.65  history 0.01/0.03  shots 0.03/0.13  serialize 0.23/0.28  assembly 1.82/2.16  transport 1.10/1.46  egress 1.78/2.00
[   15s] clients 5000 | level 0 (0-0 in window: 30 Hz, dilation 1.0), pace 1.00, 0.0% clients bandwidth-degraded | tick p50 9.45 p99 10.77 max 11.08 ms, 0 overruns | out 227.8k pps 285 kbps/client, 1425 Mbps | in 150.0k pps 15 kbps/client, 53.5 per recv, receive thread busy 15% | stand-ins: repeated 0.00% frozen 0.00%, 0 late inputs | per client-tick: 1135 B (near 228 B, 100% deltas), near 34.6 mid 49.7 far 26.7, far skipped 0 starved 0 | input wait p50 50.8 p99 65.5 ms | 0 joins deferred | kernel drops rcv 0 snd 0
         p50/p99 ms: ingress 0.80/0.96  events 2.06/2.80  movement 0.62/0.71  grid 0.35/0.38  separate 0.52/0.62  history 0.01/0.04  shots 0.03/0.14  serialize 0.23/0.29  assembly 1.82/2.38  transport 1.11/1.44  egress 1.76/2.07
[   20s] clients 5000 | level 0 (0-0 in window: 30 Hz, dilation 1.0), pace 1.00, 0.0% clients bandwidth-degraded | tick p50 9.44 p99 10.31 max 10.63 ms, 0 overruns | out 227.7k pps 285 kbps/client, 1424 Mbps | in 150.0k pps 15 kbps/client, 53.6 per recv, receive thread busy 15% | stand-ins: repeated 0.00% frozen 0.00%, 0 late inputs | per client-tick: 1134 B (near 228 B, 100% deltas), near 34.6 mid 49.7 far 26.7, far skipped 0 starved 0 | input wait p50 50.8 p99 65.5 ms | 0 joins deferred | kernel drops rcv 0 snd 0
         p50/p99 ms: ingress 0.80/0.97  events 2.09/2.83  movement 0.63/0.69  grid 0.34/0.37  separate 0.51/0.65  history 0.01/0.03  shots 0.03/0.13  serialize 0.22/0.28  assembly 1.82/2.21  transport 1.13/1.46  egress 1.76/2.05
[   25s] clients 5000 | level 0 (0-0 in window: 30 Hz, dilation 1.0), pace 1.00, 0.0% clients bandwidth-degraded | tick p50 9.47 p99 10.51 max 10.63 ms, 0 overruns | out 227.6k pps 285 kbps/client, 1425 Mbps | in 150.0k pps 15 kbps/client, 53.5 per recv, receive thread busy 16% | stand-ins: repeated 0.00% frozen 0.00%, 0 late inputs | per client-tick: 1135 B (near 229 B, 100% deltas), near 34.6 mid 49.6 far 26.8, far skipped 0 starved 0 | input wait p50 50.8 p99 65.4 ms | 0 joins deferred | kernel drops rcv 0 snd 0
         p50/p99 ms: ingress 0.80/1.21  events 2.06/2.84  movement 0.63/0.68  grid 0.35/0.37  separate 0.53/0.67  history 0.01/0.04  shots 0.03/0.15  serialize 0.22/0.28  assembly 1.83/2.26  transport 1.09/1.40  egress 1.79/2.12
[   30s] clients 5000 | level 0 (0-0 in window: 30 Hz, dilation 1.0), pace 1.00, 0.0% clients bandwidth-degraded | tick p50 9.41 p99 10.33 max 10.46 ms, 0 overruns | out 227.6k pps 285 kbps/client, 1425 Mbps | in 150.0k pps 15 kbps/client, 53.8 per recv, receive thread busy 16% | stand-ins: repeated 0.00% frozen 0.00%, 0 late inputs | per client-tick: 1135 B (near 229 B, 100% deltas), near 34.6 mid 49.6 far 26.8, far skipped 0 starved 0 | input wait p50 50.8 p99 65.5 ms | 0 joins deferred | kernel drops rcv 0 snd 0
         p50/p99 ms: ingress 0.79/1.20  events 2.05/2.86  movement 0.63/0.70  grid 0.35/0.37  separate 0.52/0.85  history 0.01/0.03  shots 0.03/0.13  serialize 0.23/0.27  assembly 1.81/2.18  transport 1.11/1.43  egress 1.79/2.10
[   35s] clients 5000 | level 0 (0-0 in window: 30 Hz, dilation 1.0), pace 1.00, 0.0% clients bandwidth-degraded | tick p50 9.46 p99 10.49 max 11.19 ms, 0 overruns | out 227.7k pps 285 kbps/client, 1424 Mbps | in 150.0k pps 15 kbps/client, 53.7 per recv, receive thread busy 15% | stand-ins: repeated 0.00% frozen 0.00%, 0 late inputs | per client-tick: 1134 B (near 228 B, 100% deltas), near 34.6 mid 49.6 far 26.8, far skipped 0 starved 0 | input wait p50 50.8 p99 65.4 ms | 0 joins deferred | kernel drops rcv 0 snd 0
         p50/p99 ms: ingress 0.80/1.09  events 2.07/2.93  movement 0.62/0.73  grid 0.35/0.38  separate 0.52/0.64  history 0.01/0.03  shots 0.03/0.14  serialize 0.22/0.27  assembly 1.81/2.25  transport 1.11/1.47  egress 1.79/2.08
[   40s] clients 5000 | level 0 (0-0 in window: 30 Hz, dilation 1.0), pace 1.00, 0.0% clients bandwidth-degraded | tick p50 9.41 p99 10.39 max 10.42 ms, 0 overruns | out 227.6k pps 285 kbps/client, 1424 Mbps | in 150.0k pps 15 kbps/client, 53.5 per recv, receive thread busy 15% | stand-ins: repeated 0.00% frozen 0.00%, 0 late inputs | per client-tick: 1134 B (near 228 B, 100% deltas), near 34.6 mid 49.7 far 26.7, far skipped 0 starved 0 | input wait p50 50.8 p99 65.5 ms | 0 joins deferred | kernel drops rcv 0 snd 0
         p50/p99 ms: ingress 0.80/1.09  events 2.05/2.73  movement 0.63/0.68  grid 0.35/0.37  separate 0.51/0.65  history 0.01/0.04  shots 0.03/0.14  serialize 0.23/0.27  assembly 1.84/2.25  transport 1.11/1.43  egress 1.77/2.13
[   45s] clients 5000 | level 0 (0-0 in window: 30 Hz, dilation 1.0), pace 1.00, 0.0% clients bandwidth-degraded | tick p50 9.43 p99 10.29 max 10.38 ms, 0 overruns | out 227.6k pps 285 kbps/client, 1424 Mbps | in 150.0k pps 15 kbps/client, 53.7 per recv, receive thread busy 16% | stand-ins: repeated 0.00% frozen 0.00%, 0 late inputs | per client-tick: 1134 B (near 228 B, 100% deltas), near 34.6 mid 49.7 far 26.7, far skipped 0 starved 0 | input wait p50 50.8 p99 65.5 ms | 0 joins deferred | kernel drops rcv 0 snd 0
         p50/p99 ms: ingress 0.79/1.00  events 2.04/2.86  movement 0.63/0.69  grid 0.35/0.37  separate 0.53/0.65  history 0.01/0.04  shots 0.03/0.14  serialize 0.23/0.28  assembly 1.83/2.19  transport 1.14/1.47  egress 1.77/2.10
[   50s] clients 5000 | level 0 (0-0 in window: 30 Hz, dilation 1.0), pace 1.00, 0.0% clients bandwidth-degraded | tick p50 9.46 p99 10.38 max 10.57 ms, 0 overruns | out 227.6k pps 285 kbps/client, 1423 Mbps | in 150.0k pps 15 kbps/client, 53.7 per recv, receive thread busy 15% | stand-ins: repeated 0.00% frozen 0.00%, 0 late inputs | per client-tick: 1133 B (near 228 B, 100% deltas), near 34.5 mid 49.7 far 26.7, far skipped 0 starved 0 | input wait p50 50.8 p99 65.5 ms | 0 joins deferred | kernel drops rcv 0 snd 0
         p50/p99 ms: ingress 0.80/1.07  events 2.05/2.80  movement 0.63/0.70  grid 0.35/0.37  separate 0.52/0.81  history 0.01/0.04  shots 0.03/0.13  serialize 0.23/0.28  assembly 1.83/2.33  transport 1.12/1.49  egress 1.78/2.08
[   55s] clients 5000 | level 0 (0-0 in window: 30 Hz, dilation 1.0), pace 1.00, 0.0% clients bandwidth-degraded | tick p50 9.43 p99 10.31 max 10.37 ms, 0 overruns | out 227.7k pps 285 kbps/client, 1424 Mbps | in 150.0k pps 15 kbps/client, 53.8 per recv, receive thread busy 16% | stand-ins: repeated 0.00% frozen 0.00%, 0 late inputs | per client-tick: 1134 B (near 228 B, 100% deltas), near 34.6 mid 49.7 far 26.7, far skipped 0 starved 0 | input wait p50 50.8 p99 65.5 ms | 0 joins deferred | kernel drops rcv 0 snd 0
         p50/p99 ms: ingress 0.80/1.15  events 2.06/2.84  movement 0.63/0.70  grid 0.35/0.37  separate 0.52/0.67  history 0.01/0.04  shots 0.03/0.13  serialize 0.23/0.28  assembly 1.82/2.27  transport 1.09/1.58  egress 1.77/2.16
[   60s] clients 5000 | level 0 (0-0 in window: 30 Hz, dilation 1.0), pace 1.00, 0.0% clients bandwidth-degraded | tick p50 9.48 p99 10.50 max 10.66 ms, 0 overruns | out 227.6k pps 285 kbps/client, 1424 Mbps | in 150.0k pps 15 kbps/client, 53.8 per recv, receive thread busy 15% | stand-ins: repeated 0.00% frozen 0.00%, 0 late inputs | per client-tick: 1134 B (near 228 B, 100% deltas), near 34.6 mid 49.7 far 26.7, far skipped 0 starved 0 | input wait p50 50.7 p99 65.5 ms | 0 joins deferred | kernel drops rcv 0 snd 0
         p50/p99 ms: ingress 0.80/1.02  events 2.07/2.83  movement 0.63/0.70  grid 0.35/0.37  separate 0.51/0.67  history 0.01/0.04  shots 0.03/0.13  serialize 0.23/0.43  assembly 1.83/2.44  transport 1.11/1.37  egress 1.76/2.15
[   61s] clients 0 | level 0 (0-0 in window: 30 Hz, dilation 1.0), pace 1.00, 0.0% clients bandwidth-degraded | tick p50 9.70 p99 18.75 max 18.75 ms, 0 overruns | out 201.5k pps 277 kbps/client, 1259 Mbps | in 167.7k pps 16 kbps/client, 55.8 per recv, receive thread busy 18% | stand-ins: repeated 0.00% frozen 0.00%, 0 late inputs | per client-tick: 1133 B (near 228 B, 99% deltas), near 34.6 mid 49.7 far 26.6, far skipped 0 starved 0 | input wait p50 50.8 p99 65.5 ms | 0 joins deferred | kernel drops rcv 0 snd 0
         p50/p99 ms: ingress 0.80/5.27  events 2.28/11.92  movement 0.62/0.68  grid 0.35/0.40  separate 0.52/0.60  history 0.01/0.02  shots 0.03/0.10  serialize 0.23/0.24  assembly 1.84/2.38  transport 1.14/1.41  egress 1.71/1.84

== summary: 1710 steady-state ticks (after warmup, before clients drain), peak 5000 clients ==
  phase        p50 ms   p99 ms   max ms
  ingress        0.80     1.07     1.35
  events         2.06     2.83     3.55
  movement       0.63     0.70     0.75
  grid           0.35     0.37     0.40
  separate       0.52     0.66     0.87
  history        0.01     0.04     0.09
  shots          0.03     0.13     0.24
  serialize      0.23     0.28     0.51
  assembly       1.82     2.27     2.93
  transport      1.11     1.46     1.62
  egress         1.78     2.10     2.55
  tick           9.44    10.39    11.21
  overruns 0 | spawns 5000 despawns 5000 (12460 joins deferred) | deaths 0 respawns 0 | stand-ins: repeated 0 frozen 0 | late inputs 0 discarded 0 | bad messages 0 | recv errors 0 send errors 0
  egress (whole run): 13607621 datagrams in 13607621 sends (1.00 per send), 115263 syscalls
  ingress (whole run): 8981131 datagrams in 167445 receive calls (53.64 per call)
  ticks per ladder level (whole run): L0: 1817
  input wait on the server (datagram arrival -> applied): p50 50.9 p99 65.5 max 90.6 mean 50.2 ms
  steady state: stand-ins repeated 0 frozen 0 | late inputs 0 discarded 0
  rewind of near targets (applied step - the input's render step for that tier): p50 133 p99 175 max 225 mean 142.0 ms (n=8875615)
  rewind of mid/far targets (applied step - the input's render step for that tier): p50 267 p99 300 max 342 mean 275.1 ms (n=8875615)
  render times ahead of the server (bogus) 0
  shots 0 (late 0, refused 0, rewinds capped 0) | hits head 0 body 0 (after cover 0, too late 0), kills 0 | ground 0 cover 0 expired 0 | segments 0 candidates 0
