warning: use of deprecated method `std::sync::atomic::Atomic::<usize>::fetch_update`: renamed to `try_update` for consistency
   --> src/server.rs:140:14
    |
140 |             .fetch_update(Ordering::AcqRel, Ordering::Acquire, |n| (n < self.max_clients).then_some(n + 1))
    |              ^^^^^^^^^^^^
    |
    = note: `#[warn(deprecated)]` on by default
help: replace the use of the deprecated method
    |
140 -             .fetch_update(Ordering::AcqRel, Ordering::Acquire, |n| (n < self.max_clients).then_some(n + 1))
140 +             .try_update(Ordering::AcqRel, Ordering::Acquire, |n| (n < self.max_clients).then_some(n + 1))
    |

== uniform, 5000 bots, 60s -> baselines/2026-10-04-scaleway-128t/uniform-5k-1
== summary: 1709 steady-state ticks (after warmup, before clients drain), peak 5000 clients ==
  phase        p50 ms   p99 ms   max ms
  ingress        1.04     1.38     1.45
  events         1.43     1.84     2.02
  movement       0.24     0.31     0.35
  grid           0.28     0.35     0.37
  history        0.00     0.01     0.01
  serialize      0.13     0.17     0.23
  assembly       1.34     1.86     2.02
  transport      0.84     1.19     1.40
  egress         1.79     2.11     2.29
  tick           7.13     8.11     8.55
  overruns 0 | spawns 5000 despawns 5000 (13271 joins deferred) | stand-ins: repeated 0 frozen 0 | late inputs 0 discarded 0 | bad messages 0 | recv errors 0 send errors 0
  egress (whole run): 8957233 datagrams in 8957233 sends (1.00 per send), 115264 syscalls
  ticks per ladder level (whole run): L0: 1820
  input wait on the server (datagram arrival -> applied): p50 49.9 p99 66.1 max 69.3 mean 49.9 ms
  steady state: stand-ins repeated 0 frozen 0 | late inputs 0 discarded 0
== bots summary ==
  started 5000 welcomed 5000 failed 0
  join latency ms: p50 390 p99 915 max 1048 (n=5000)
  corrections 0 (0.00/bot-minute), mean error 0.000 m, max 0.000 m
  snapshots 8936257 (entities per snapshot: near 9.4 mid 20.9 far 32.7), stale 0, unmatched acks 0, resyncs 0
  input -> applied on server (est. RTT/2 + server wait): p50 54.0 p99 70.0 max 73.0 mean 53.6 ms (n=8934994)
    of which server wait (arrival -> applied): p50 49.9 p99 66.1 max 69.3 mean 49.9 ms (n=8934994)
  input -> seen acked (round trip): p50 67.0 p99 100.0 max 101.0 mean 73.0 ms (n=8934994)
  near entity update interval (tracked bots): p50 33.0 p99 33.0 max 100.0 mean 33.0 ms (n=4184424)
  mid entity update interval (tracked bots): p50 100.0 p99 100.0 max 500.0 mean 100.2 ms (n=9114583)
  far entity update interval (tracked bots): p50 500.0 p99 500.0 max 59000.0 mean 509.4 ms (n=14498851)
  input clock: 5175 extra inputs, 279 skipped ticks, 0 backlog skips | near decode errors (tracked bots) 0
  bytes down 6528.1 MB up 447.0 MB | swarm busy 7% of its threads' time, tick overruns 0
