preallocated connections for 10000 clients in 220.495235ms
listening on 172.16.8.2:40500 | spawn Uniform | tiers near 64@150 m, mid 500 m, far 1500 m, budget 6250 B/tick, squads of 4 | 128 rayon threads, 64 shards, 256 accepts/tick, egress SendMmsg | socket buffers rcv 32768 KiB snd 32768 KiB
[    5s] clients 5000 | level 0 (0-0 in window: 30 Hz, dilation 1.0), pace 1.00, 0.0% clients bandwidth-degraded | tick p50 7.05 p99 8.84 max 9.02 ms, 0 overruns | out 123.8k pps 172 kbps/client, 695 Mbps | in 125.4k pps 14 kbps/client | stand-ins: repeated 0.00% frozen 0.00%, 0 late inputs | per client-tick: 676 B (near 58 B, 99% deltas), near 9.2 mid 20.3 far 31.7, far skipped 0 starved 0 | input wait p50 50.2 p99 66.5 ms | 13271 joins deferred | kernel drops rcv 0 snd 0
         p50/p99 ms: ingress 1.06/2.77  events 1.44/2.89  movement 0.23/0.29  grid 0.27/0.35  history 0.00/0.03  serialize 0.14/0.24  assembly 1.32/1.78  transport 0.80/1.19  egress 1.58/2.14
[   10s] clients 5000 | level 0 (0-0 in window: 30 Hz, dilation 1.0), pace 1.00, 0.0% clients bandwidth-degraded | tick p50 7.08 p99 8.20 max 8.32 ms, 0 overruns | out 150.0k pps 175 kbps/client, 877 Mbps | in 150.0k pps 12 kbps/client | stand-ins: repeated 0.00% frozen 0.00%, 0 late inputs | per client-tick: 694 B (near 58 B, 100% deltas), near 9.4 mid 20.9 far 32.7, far skipped 0 starved 0 | input wait p50 49.8 p99 65.8 ms | 0 joins deferred | kernel drops rcv 0 snd 0
         p50/p99 ms: ingress 1.03/1.36  events 1.46/1.96  movement 0.23/0.30  grid 0.28/0.36  history 0.00/0.01  serialize 0.13/0.17  assembly 1.33/1.84  transport 0.83/1.12  egress 1.73/2.08
[   15s] clients 5000 | level 0 (0-0 in window: 30 Hz, dilation 1.0), pace 1.00, 0.0% clients bandwidth-degraded | tick p50 7.14 p99 7.98 max 8.10 ms, 0 overruns | out 150.0k pps 175 kbps/client, 877 Mbps | in 150.0k pps 12 kbps/client | stand-ins: repeated 0.00% frozen 0.00%, 0 late inputs | per client-tick: 694 B (near 58 B, 100% deltas), near 9.4 mid 20.9 far 32.7, far skipped 0 starved 0 | input wait p50 49.8 p99 65.8 ms | 0 joins deferred | kernel drops rcv 0 snd 0
         p50/p99 ms: ingress 1.04/1.40  events 1.45/1.87  movement 0.24/0.29  grid 0.28/0.35  history 0.00/0.01  serialize 0.13/0.17  assembly 1.33/1.84  transport 0.83/1.16  egress 1.81/2.11
[   20s] clients 5000 | level 0 (0-0 in window: 30 Hz, dilation 1.0), pace 1.00, 0.0% clients bandwidth-degraded | tick p50 7.10 p99 8.24 max 8.30 ms, 0 overruns | out 150.0k pps 175 kbps/client, 877 Mbps | in 150.0k pps 12 kbps/client | stand-ins: repeated 0.00% frozen 0.00%, 0 late inputs | per client-tick: 694 B (near 58 B, 100% deltas), near 9.4 mid 20.9 far 32.7, far skipped 0 starved 0 | input wait p50 49.8 p99 65.8 ms | 0 joins deferred | kernel drops rcv 0 snd 0
         p50/p99 ms: ingress 1.04/1.35  events 1.40/1.80  movement 0.24/0.29  grid 0.28/0.36  history 0.00/0.01  serialize 0.13/0.18  assembly 1.34/1.93  transport 0.85/1.28  egress 1.80/2.18
[   25s] clients 5000 | level 0 (0-0 in window: 30 Hz, dilation 1.0), pace 1.00, 0.0% clients bandwidth-degraded | tick p50 7.14 p99 8.10 max 8.11 ms, 0 overruns | out 150.0k pps 176 kbps/client, 878 Mbps | in 150.0k pps 12 kbps/client | stand-ins: repeated 0.00% frozen 0.00%, 0 late inputs | per client-tick: 694 B (near 58 B, 100% deltas), near 9.4 mid 20.9 far 32.7, far skipped 0 starved 0 | input wait p50 49.9 p99 65.9 ms | 0 joins deferred | kernel drops rcv 0 snd 0
         p50/p99 ms: ingress 1.05/1.38  events 1.43/1.79  movement 0.24/0.31  grid 0.28/0.35  history 0.00/0.01  serialize 0.13/0.17  assembly 1.34/1.94  transport 0.84/1.12  egress 1.79/2.12
[   30s] clients 5000 | level 0 (0-0 in window: 30 Hz, dilation 1.0), pace 1.00, 0.0% clients bandwidth-degraded | tick p50 7.12 p99 8.12 max 8.27 ms, 0 overruns | out 150.0k pps 176 kbps/client, 878 Mbps | in 150.0k pps 12 kbps/client | stand-ins: repeated 0.00% frozen 0.00%, 0 late inputs | per client-tick: 695 B (near 58 B, 100% deltas), near 9.4 mid 20.9 far 32.7, far skipped 0 starved 0 | input wait p50 49.9 p99 66.2 ms | 0 joins deferred | kernel drops rcv 0 snd 0
         p50/p99 ms: ingress 1.05/1.41  events 1.43/1.84  movement 0.24/0.33  grid 0.28/0.35  history 0.00/0.01  serialize 0.13/0.17  assembly 1.35/1.86  transport 0.84/1.16  egress 1.74/2.09
[   35s] clients 5000 | level 0 (0-0 in window: 30 Hz, dilation 1.0), pace 1.00, 0.0% clients bandwidth-degraded | tick p50 7.10 p99 8.08 max 8.30 ms, 0 overruns | out 150.0k pps 176 kbps/client, 878 Mbps | in 150.0k pps 12 kbps/client | stand-ins: repeated 0.00% frozen 0.00%, 0 late inputs | per client-tick: 695 B (near 58 B, 100% deltas), near 9.4 mid 20.9 far 32.7, far skipped 0 starved 0 | input wait p50 49.9 p99 66.2 ms | 0 joins deferred | kernel drops rcv 0 snd 0
         p50/p99 ms: ingress 1.03/1.38  events 1.42/1.77  movement 0.24/0.29  grid 0.28/0.35  history 0.00/0.01  serialize 0.13/0.17  assembly 1.33/1.79  transport 0.84/1.17  egress 1.84/2.11
[   40s] clients 5000 | level 0 (0-0 in window: 30 Hz, dilation 1.0), pace 1.00, 0.0% clients bandwidth-degraded | tick p50 7.15 p99 7.95 max 8.00 ms, 0 overruns | out 150.0k pps 176 kbps/client, 878 Mbps | in 150.0k pps 12 kbps/client | stand-ins: repeated 0.00% frozen 0.00%, 0 late inputs | per client-tick: 695 B (near 58 B, 100% deltas), near 9.4 mid 20.9 far 32.7, far skipped 0 starved 0 | input wait p50 49.9 p99 66.3 ms | 0 joins deferred | kernel drops rcv 0 snd 0
         p50/p99 ms: ingress 1.04/1.37  events 1.43/1.86  movement 0.24/0.31  grid 0.28/0.35  history 0.00/0.01  serialize 0.13/0.17  assembly 1.33/1.73  transport 0.84/1.19  egress 1.82/2.14
[   45s] clients 5000 | level 0 (0-0 in window: 30 Hz, dilation 1.0), pace 1.00, 0.0% clients bandwidth-degraded | tick p50 7.15 p99 8.20 max 8.32 ms, 0 overruns | out 150.0k pps 176 kbps/client, 878 Mbps | in 150.0k pps 12 kbps/client | stand-ins: repeated 0.00% frozen 0.00%, 0 late inputs | per client-tick: 694 B (near 58 B, 100% deltas), near 9.4 mid 20.9 far 32.7, far skipped 0 starved 0 | input wait p50 49.9 p99 66.2 ms | 0 joins deferred | kernel drops rcv 0 snd 0
         p50/p99 ms: ingress 1.02/1.31  events 1.43/1.85  movement 0.24/0.31  grid 0.28/0.37  history 0.00/0.01  serialize 0.13/0.17  assembly 1.35/1.94  transport 0.86/1.28  egress 1.85/2.11
[   50s] clients 5000 | level 0 (0-0 in window: 30 Hz, dilation 1.0), pace 1.00, 0.0% clients bandwidth-degraded | tick p50 7.15 p99 8.19 max 8.23 ms, 0 overruns | out 150.0k pps 176 kbps/client, 878 Mbps | in 150.0k pps 12 kbps/client | stand-ins: repeated 0.00% frozen 0.00%, 0 late inputs | per client-tick: 694 B (near 58 B, 100% deltas), near 9.4 mid 20.9 far 32.7, far skipped 0 starved 0 | input wait p50 49.9 p99 66.3 ms | 0 joins deferred | kernel drops rcv 0 snd 0
         p50/p99 ms: ingress 1.04/1.32  events 1.43/1.81  movement 0.24/0.32  grid 0.28/0.35  history 0.00/0.01  serialize 0.14/0.17  assembly 1.34/1.82  transport 0.84/1.24  egress 1.79/2.11
[   55s] clients 5000 | level 0 (0-0 in window: 30 Hz, dilation 1.0), pace 1.00, 0.0% clients bandwidth-degraded | tick p50 7.15 p99 8.08 max 8.55 ms, 0 overruns | out 150.0k pps 176 kbps/client, 878 Mbps | in 150.0k pps 12 kbps/client | stand-ins: repeated 0.00% frozen 0.00%, 0 late inputs | per client-tick: 694 B (near 58 B, 100% deltas), near 9.4 mid 20.9 far 32.7, far skipped 0 starved 0 | input wait p50 49.9 p99 66.3 ms | 0 joins deferred | kernel drops rcv 0 snd 0
         p50/p99 ms: ingress 1.03/1.40  events 1.40/1.85  movement 0.24/0.30  grid 0.28/0.35  history 0.00/0.01  serialize 0.13/0.17  assembly 1.35/1.90  transport 0.86/1.15  egress 1.82/2.11
[   60s] clients 5000 | level 0 (0-0 in window: 30 Hz, dilation 1.0), pace 1.00, 0.0% clients bandwidth-degraded | tick p50 7.09 p99 8.01 max 8.05 ms, 0 overruns | out 150.0k pps 176 kbps/client, 878 Mbps | in 150.0k pps 12 kbps/client | stand-ins: repeated 0.00% frozen 0.00%, 0 late inputs | per client-tick: 695 B (near 58 B, 100% deltas), near 9.4 mid 20.9 far 32.7, far skipped 0 starved 0 | input wait p50 49.9 p99 66.2 ms | 0 joins deferred | kernel drops rcv 0 snd 0
         p50/p99 ms: ingress 1.04/1.36  events 1.44/1.77  movement 0.24/0.29  grid 0.29/0.36  history 0.00/0.01  serialize 0.13/0.17  assembly 1.34/1.77  transport 0.83/1.30  egress 1.73/2.07
[   61s] clients 0 | level 0 (0-0 in window: 30 Hz, dilation 1.0), pace 1.00, 0.0% clients bandwidth-degraded | tick p50 6.86 p99 12.88 max 12.88 ms, 0 overruns | out 130.2k pps 171 kbps/client, 745 Mbps | in 164.6k pps 13 kbps/client | stand-ins: repeated 0.00% frozen 0.00%, 0 late inputs | per client-tick: 679 B (near 57 B, 100% deltas), near 9.2 mid 20.5 far 31.9, far skipped 0 starved 0 | input wait p50 50.5 p99 65.9 ms | 0 joins deferred | kernel drops rcv 0 snd 0
         p50/p99 ms: ingress 1.02/3.37  events 1.43/6.77  movement 0.22/0.24  grid 0.27/0.30  history 0.00/0.01  serialize 0.12/0.16  assembly 1.30/1.83  transport 0.77/1.06  egress 1.35/1.80

== summary: 1709 steady-state ticks (after warmup, before clients drain), peak 5000 clients ==
  phase        p50 ms   p99 ms   max ms
  ingress        1.04     1.38     1.45
  events         1.43     1.84     2.02
  movement       0.24     0.31     0.35
  grid           0.28     0.35     0.37
  history        0.00     0.01     0.01
  serialize      0.13     0.17     0.23
  assembly       1.34     1.86     2.02
  transport      0.84     1.19     1.40
  egress         1.79     2.11     2.29
  tick           7.13     8.11     8.55
  overruns 0 | spawns 5000 despawns 5000 (13271 joins deferred) | stand-ins: repeated 0 frozen 0 | late inputs 0 discarded 0 | bad messages 0 | recv errors 0 send errors 0
  egress (whole run): 8957233 datagrams in 8957233 sends (1.00 per send), 115264 syscalls
  ticks per ladder level (whole run): L0: 1820
  input wait on the server (datagram arrival -> applied): p50 49.9 p99 66.1 max 69.3 mean 49.9 ms
  steady state: stand-ins repeated 0 frozen 0 | late inputs 0 discarded 0
