warning: use of deprecated method `std::sync::atomic::Atomic::<usize>::fetch_update`: renamed to `try_update` for consistency
   --> src/server.rs:140:14
    |
140 |             .fetch_update(Ordering::AcqRel, Ordering::Acquire, |n| (n < self.max_clients).then_some(n + 1))
    |              ^^^^^^^^^^^^
    |
    = note: `#[warn(deprecated)]` on by default
help: replace the use of the deprecated method
    |
140 -             .fetch_update(Ordering::AcqRel, Ordering::Acquire, |n| (n < self.max_clients).then_some(n + 1))
140 +             .try_update(Ordering::AcqRel, Ordering::Acquire, |n| (n < self.max_clients).then_some(n + 1))
    |

== uniform, 10000 bots, 60s -> baselines/2026-10-04-scaleway-8t/uniform-10k-1
== summary: 1172 steady-state ticks (after warmup, before clients drain), peak 10000 clients ==
  phase        p50 ms   p99 ms   max ms
  ingress        3.81     3.99     4.11
  events         3.22     3.48     3.52
  movement       0.29     0.35     0.39
  grid           0.37     0.42     0.44
  history        0.01     0.01     0.02
  serialize      0.11     0.15     0.31
  assembly       9.05    10.22    11.28
  transport      8.40     9.99    11.12
  egress         6.43     6.76     6.88
  tick          31.70    33.31    34.02
  overruns 3 | spawns 10000 despawns 10000 (52064 joins deferred) | stand-ins: repeated 0 frozen 0 | late inputs 0 discarded 0 | bad messages 0 | recv errors 0 send errors 0
  egress (whole run): 12458366 datagrams in 12458366 sends (1.00 per send), 80704 syscalls
  ticks per ladder level (whole run): L0: 50, L1: 31, L2: 31, L3: 31, L4: 31, L5: 31, L6: 1076
  input wait on the server (datagram arrival -> applied): p50 53.9 p99 100.6 max 138.6 mean 54.0 ms
  steady state: stand-ins repeated 0 frozen 0 | late inputs 0 discarded 0
== bots summary ==
  started 10000 welcomed 10000 failed 0
  join latency ms: p50 705 p99 1641 max 1941 (n=10000)
  corrections 0 (0.00/bot-minute), mean error 0.000 m, max 0.000 m
  snapshots 12372852 (entities per snapshot: near 15.7 mid 12.3 far 7.7), stale 0, unmatched acks 0, resyncs 0
  input -> applied on server (est. RTT/2 + server wait): p50 69.0 p99 118.0 max 157.0 mean 69.2 ms (n=12366740)
    of which server wait (arrival -> applied): p50 53.9 p99 100.5 max 138.6 mean 54.0 ms (n=12366740)
  input -> seen acked (round trip): p50 100.0 p99 167.0 max 200.0 mean 99.3 ms (n=12366740)
  near entity update interval (tracked bots): p50 50.0 p99 50.0 max 250.0 mean 47.9 ms (n=9809281)
  mid entity update interval (tracked bots): p50 250.0 p99 250.0 max 1500.0 mean 223.4 ms (n=7618395)
  far entity update interval (tracked bots): p50 1500.0 p99 3000.0 max 60000.0 mean 1407.4 ms (n=4407773)
  input clock: 122380 extra inputs, 146279 skipped ticks, 0 backlog skips | near decode errors (tracked bots) 0
  bytes down 4920.8 MB up 881.8 MB | swarm busy 12% of its threads' time, tick overruns 0
