spawn=uniform
egress=sendmmsg
ladder=on
threads=8
shards=64
peak_clients=10000
steady_ticks=1172
steady_secs=57.0
ingress_p50_ms=3.81
ingress_p99_ms=3.99
ingress_max_ms=4.11
events_p50_ms=3.22
events_p99_ms=3.48
events_max_ms=3.52
movement_p50_ms=0.29
movement_p99_ms=0.35
movement_max_ms=0.39
grid_p50_ms=0.37
grid_p99_ms=0.42
grid_max_ms=0.44
history_p50_ms=0.01
history_p99_ms=0.01
history_max_ms=0.02
serialize_p50_ms=0.11
serialize_p99_ms=0.15
serialize_max_ms=0.31
assembly_p50_ms=9.05
assembly_p99_ms=10.22
assembly_max_ms=11.28
transport_p50_ms=8.40
transport_p99_ms=9.99
transport_max_ms=11.12
egress_p50_ms=6.43
egress_p99_ms=6.76
egress_max_ms=6.88
tick_p50_ms=31.70
tick_p99_ms=33.31
tick_max_ms=34.02
steady_overruns=3
level_mode=6
tick_hz=20
dilation=1
levels=L2:5,L3:31,L4:31,L5:31,L6:1074
clients_avg=10000
out_pps=205733
in_pps=298344
egress_mbps=612.2
packets_per_client_tick=1.00
wire_bytes_per_client_tick=372
down_kbps_per_client=61.2
up_kbps_per_client=11.9
kernel_rcvbuf_drops=0
kernel_sndbuf_drops=0
snapshot_bytes_per_client_tick=336
near_bytes_per_client_tick=96
near_per_client_tick=15.7
mid_per_client_tick=11.4
far_per_client_tick=6.2
far_skipped=0
far_starved=0
repeated=0
frozen=0
late_inputs=0
discarded_inputs=0
input_wait_p50_ms=53.9
input_wait_p99_ms=100.6
spawns=10000
despawns=10000
joins_deferred=52064
bad_messages=0
recv_errors=0
send_errors=0
datagrams=12458366
sends=12458366
send_syscalls=80704
