preallocated connections for 10000 clients in 219.834436ms
listening on 172.16.8.2:40500 | spawn Uniform | tiers near 64@150 m, mid 500 m, far 1500 m, budget 6250 B/tick, squads of 4 | 8 rayon threads, 64 shards, 256 accepts/tick, egress SendMmsg | socket buffers rcv 32768 KiB snd 32768 KiB
[    5s] clients 10000 | level 4 (0-4 in window: 30 Hz, dilation 1.0), pace 1.00, 0.0% clients bandwidth-degraded | tick p50 32.31 p99 39.25 max 39.63 ms, 48 overruns | out 227.1k pps 170 kbps/client, 1240 Mbps | in 226.2k pps 16 kbps/client | stand-ins: repeated 0.00% frozen 0.00%, 0 late inputs | per client-tick: 684 B (near 94 B, 98% deltas), near 14.9 mid 24.3 far 25.1, far skipped 0 starved 0 | input wait p50 54.2 p99 125.8 ms | 52064 joins deferred | kernel drops rcv 0 snd 0
         p50/p99 ms: ingress 2.77/5.71  events 2.41/3.83  movement 0.26/0.38  grid 0.38/0.44  history 0.01/0.05  serialize 0.13/0.30  assembly 10.17/13.17  transport 9.15/12.01  egress 6.57/7.78
[   10s] clients 10000 | level 6 (4-6 in window: 20 Hz, dilation 1.0), pace 1.00, 0.0% clients bandwidth-degraded | tick p50 31.36 p99 33.44 max 33.56 ms, 0 overruns | out 238.3k pps 70 kbps/client, 698 Mbps | in 299.0k pps 12 kbps/client | stand-ins: repeated 0.00% frozen 0.00%, 0 late inputs | per client-tick: 331 B (near 96 B, 100% deltas), near 15.7 mid 11.2 far 6.0, far skipped 0 starved 0 | input wait p50 53.3 p99 82.8 ms | 0 joins deferred | kernel drops rcv 0 snd 0
         p50/p99 ms: ingress 3.63/3.94  events 3.12/3.49  movement 0.28/0.33  grid 0.39/0.42  history 0.01/0.01  serialize 0.10/0.17  assembly 9.12/9.45  transport 8.38/9.74  egress 6.62/6.79
[   15s] clients 10000 | level 6 (6-6 in window: 20 Hz, dilation 1.0), pace 1.00, 0.0% clients bandwidth-degraded | tick p50 31.89 p99 33.58 max 33.80 ms, 0 overruns | out 200.1k pps 59 kbps/client, 587 Mbps | in 298.0k pps 12 kbps/client | stand-ins: repeated 0.00% frozen 0.00%, 0 late inputs | per client-tick: 331 B (near 96 B, 100% deltas), near 15.7 mid 11.1 far 6.0, far skipped 0 starved 0 | input wait p50 54.0 p99 83.2 ms | 0 joins deferred | kernel drops rcv 0 snd 0
         p50/p99 ms: ingress 3.83/3.97  events 3.35/3.47  movement 0.30/0.37  grid 0.38/0.41  history 0.01/0.01  serialize 0.11/0.13  assembly 9.07/9.37  transport 8.29/10.03  egress 6.52/6.76
[   20s] clients 10000 | level 6 (6-6 in window: 20 Hz, dilation 1.0), pace 1.00, 0.0% clients bandwidth-degraded | tick p50 31.83 p99 33.07 max 33.15 ms, 0 overruns | out 200.0k pps 59 kbps/client, 587 Mbps | in 298.0k pps 12 kbps/client | stand-ins: repeated 0.00% frozen 0.00%, 0 late inputs | per client-tick: 331 B (near 96 B, 100% deltas), near 15.7 mid 11.2 far 6.0, far skipped 0 starved 0 | input wait p50 53.8 p99 83.2 ms | 0 joins deferred | kernel drops rcv 0 snd 0
         p50/p99 ms: ingress 3.85/3.99  events 3.39/3.49  movement 0.31/0.36  grid 0.38/0.41  history 0.01/0.01  serialize 0.11/0.14  assembly 9.02/9.33  transport 8.34/9.59  egress 6.39/6.64
[   25s] clients 10000 | level 6 (6-6 in window: 20 Hz, dilation 1.0), pace 1.00, 0.0% clients bandwidth-degraded | tick p50 31.75 p99 32.85 max 33.15 ms, 0 overruns | out 200.0k pps 59 kbps/client, 586 Mbps | in 298.0k pps 12 kbps/client | stand-ins: repeated 0.00% frozen 0.00%, 0 late inputs | per client-tick: 331 B (near 96 B, 100% deltas), near 15.7 mid 11.1 far 6.0, far skipped 0 starved 0 | input wait p50 54.0 p99 83.2 ms | 0 joins deferred | kernel drops rcv 0 snd 0
         p50/p99 ms: ingress 3.88/4.03  events 3.38/3.48  movement 0.31/0.35  grid 0.37/0.41  history 0.01/0.01  serialize 0.11/0.13  assembly 9.01/9.30  transport 8.29/9.45  egress 6.34/6.58
[   30s] clients 10000 | level 6 (6-6 in window: 20 Hz, dilation 1.0), pace 1.00, 0.0% clients bandwidth-degraded | tick p50 31.84 p99 32.90 max 33.31 ms, 0 overruns | out 200.0k pps 59 kbps/client, 586 Mbps | in 298.0k pps 12 kbps/client | stand-ins: repeated 0.00% frozen 0.00%, 0 late inputs | per client-tick: 331 B (near 96 B, 100% deltas), near 15.7 mid 11.1 far 6.0, far skipped 0 starved 0 | input wait p50 54.0 p99 83.2 ms | 0 joins deferred | kernel drops rcv 0 snd 0
         p50/p99 ms: ingress 3.89/4.00  events 3.37/3.48  movement 0.31/0.35  grid 0.38/0.41  history 0.01/0.01  serialize 0.11/0.12  assembly 9.01/9.25  transport 8.37/9.43  egress 6.36/6.48
[   35s] clients 10000 | level 6 (6-6 in window: 20 Hz, dilation 1.0), pace 1.00, 0.0% clients bandwidth-degraded | tick p50 31.46 p99 33.19 max 33.27 ms, 0 overruns | out 200.0k pps 59 kbps/client, 587 Mbps | in 298.0k pps 12 kbps/client | stand-ins: repeated 0.00% frozen 0.00%, 0 late inputs | per client-tick: 331 B (near 96 B, 100% deltas), near 15.8 mid 11.1 far 6.0, far skipped 0 starved 0 | input wait p50 54.1 p99 83.2 ms | 0 joins deferred | kernel drops rcv 0 snd 0
         p50/p99 ms: ingress 3.79/3.97  events 3.18/3.47  movement 0.30/0.33  grid 0.36/0.40  history 0.01/0.01  serialize 0.11/0.17  assembly 9.02/9.46  transport 8.34/9.85  egress 6.36/6.65
[   40s] clients 10000 | level 6 (6-6 in window: 20 Hz, dilation 1.0), pace 1.00, 0.0% clients bandwidth-degraded | tick p50 31.51 p99 33.16 max 33.80 ms, 0 overruns | out 200.0k pps 59 kbps/client, 587 Mbps | in 297.9k pps 12 kbps/client | stand-ins: repeated 0.00% frozen 0.00%, 0 late inputs | per client-tick: 331 B (near 96 B, 100% deltas), near 15.8 mid 11.2 far 6.0, far skipped 0 starved 0 | input wait p50 54.0 p99 83.2 ms | 0 joins deferred | kernel drops rcv 0 snd 0
         p50/p99 ms: ingress 3.80/3.96  events 3.17/3.27  movement 0.30/0.32  grid 0.36/0.39  history 0.01/0.02  serialize 0.11/0.15  assembly 9.00/9.33  transport 8.35/9.99  egress 6.34/6.54
[   45s] clients 10000 | level 6 (6-6 in window: 20 Hz, dilation 1.0), pace 1.00, 0.0% clients bandwidth-degraded | tick p50 31.68 p99 32.91 max 32.93 ms, 0 overruns | out 200.0k pps 59 kbps/client, 587 Mbps | in 297.9k pps 12 kbps/client | stand-ins: repeated 0.00% frozen 0.00%, 0 late inputs | per client-tick: 331 B (near 96 B, 100% deltas), near 15.7 mid 11.2 far 6.0, far skipped 0 starved 0 | input wait p50 53.8 p99 83.2 ms | 0 joins deferred | kernel drops rcv 0 snd 0
         p50/p99 ms: ingress 3.79/3.93  events 3.17/3.26  movement 0.30/0.34  grid 0.36/0.39  history 0.01/0.01  serialize 0.11/0.13  assembly 9.05/9.31  transport 8.48/9.70  egress 6.44/6.61
[   50s] clients 10000 | level 6 (6-6 in window: 20 Hz, dilation 1.0), pace 1.00, 0.0% clients bandwidth-degraded | tick p50 31.63 p99 33.14 max 33.28 ms, 0 overruns | out 199.9k pps 59 kbps/client, 586 Mbps | in 297.9k pps 12 kbps/client | stand-ins: repeated 0.00% frozen 0.00%, 0 late inputs | per client-tick: 331 B (near 96 B, 100% deltas), near 15.7 mid 11.2 far 6.0, far skipped 0 starved 0 | input wait p50 53.9 p99 83.2 ms | 0 joins deferred | kernel drops rcv 0 snd 0
         p50/p99 ms: ingress 3.78/3.90  events 3.17/3.26  movement 0.30/0.33  grid 0.35/0.39  history 0.01/0.01  serialize 0.11/0.12  assembly 9.03/9.32  transport 8.44/9.87  egress 6.45/6.62
[   55s] clients 10000 | level 6 (6-6 in window: 20 Hz, dilation 1.0), pace 1.00, 0.0% clients bandwidth-degraded | tick p50 31.63 p99 32.99 max 33.22 ms, 0 overruns | out 200.1k pps 59 kbps/client, 587 Mbps | in 298.0k pps 12 kbps/client | stand-ins: repeated 0.00% frozen 0.00%, 0 late inputs | per client-tick: 331 B (near 96 B, 100% deltas), near 15.7 mid 11.2 far 6.0, far skipped 0 starved 0 | input wait p50 54.0 p99 83.2 ms | 0 joins deferred | kernel drops rcv 0 snd 0
         p50/p99 ms: ingress 3.78/3.97  events 3.17/3.26  movement 0.30/0.33  grid 0.36/0.39  history 0.01/0.01  serialize 0.11/0.13  assembly 9.04/9.37  transport 8.44/9.55  egress 6.44/6.64
[   60s] clients 10000 | level 6 (6-6 in window: 20 Hz, dilation 1.0), pace 1.00, 0.0% clients bandwidth-degraded | tick p50 31.81 p99 32.92 max 33.60 ms, 0 overruns | out 200.0k pps 59 kbps/client, 587 Mbps | in 298.0k pps 12 kbps/client | stand-ins: repeated 0.00% frozen 0.00%, 0 late inputs | per client-tick: 331 B (near 96 B, 100% deltas), near 15.7 mid 11.2 far 6.0, far skipped 0 starved 0 | input wait p50 53.9 p99 83.2 ms | 0 joins deferred | kernel drops rcv 0 snd 0
         p50/p99 ms: ingress 3.80/3.96  events 3.17/3.27  movement 0.30/0.33  grid 0.36/0.39  history 0.01/0.01  serialize 0.11/0.16  assembly 9.09/9.62  transport 8.41/9.47  egress 6.55/6.75
[   61s] clients 0 | level 6 (6-6 in window: 20 Hz, dilation 1.0), pace 1.00, 0.0% clients bandwidth-degraded | tick p50 32.05 p99 32.82 max 32.82 ms, 0 overruns | out 167.6k pps 62 kbps/client, 487 Mbps | in 301.9k pps 13 kbps/client | stand-ins: repeated 0.00% frozen 0.00%, 0 late inputs | per client-tick: 327 B (near 95 B, 100% deltas), near 15.6 mid 11.0 far 5.9, far skipped 0 starved 0 | input wait p50 55.8 p99 83.2 ms | 0 joins deferred | kernel drops rcv 0 snd 0
         p50/p99 ms: ingress 3.85/8.09  events 3.20/19.12  movement 0.28/0.32  grid 0.35/0.39  history 0.01/0.01  serialize 0.11/0.13  assembly 9.03/9.34  transport 8.42/9.39  egress 6.47/6.63

== summary: 1172 steady-state ticks (after warmup, before clients drain), peak 10000 clients ==
  phase        p50 ms   p99 ms   max ms
  ingress        3.81     3.99     4.11
  events         3.22     3.48     3.52
  movement       0.29     0.35     0.39
  grid           0.37     0.42     0.44
  history        0.01     0.01     0.02
  serialize      0.11     0.15     0.31
  assembly       9.05    10.22    11.28
  transport      8.40     9.99    11.12
  egress         6.43     6.76     6.88
  tick          31.70    33.31    34.02
  overruns 3 | spawns 10000 despawns 10000 (52064 joins deferred) | stand-ins: repeated 0 frozen 0 | late inputs 0 discarded 0 | bad messages 0 | recv errors 0 send errors 0
  egress (whole run): 12458366 datagrams in 12458366 sends (1.00 per send), 80704 syscalls
  ticks per ladder level (whole run): L0: 50, L1: 31, L2: 31, L3: 31, L4: 31, L5: 31, L6: 1076
  input wait on the server (datagram arrival -> applied): p50 53.9 p99 100.6 max 138.6 mean 54.0 ms
  steady state: stand-ins repeated 0 frozen 0 | late inputs 0 discarded 0
