started=1000
welcomed=1000
failed=0
join_p50_ms=156
join_p99_ms=423
join_max_ms=423
corrections=0
corrections_per_bot_minute=0.000
correction_max_m=0.000
push_corrections=8509
push_corrections_per_bot_minute=25.527
push_max_m=0.194
snapshots=595143
near_per_snapshot=64.1
mid_per_snapshot=86.1
far_per_snapshot=0.0
stale_snapshots=0
resyncs=0
input_applied_p50_ms=61.0
input_applied_p99_ms=88.0
input_applied_mean_ms=57.4
server_wait_p50_ms=58.6
server_wait_p99_ms=85.2
server_wait_mean_ms=54.6
round_trip_p50_ms=67.0
round_trip_p99_ms=100.0
round_trip_mean_ms=69.9
near_interval_p50_ms=66.0
near_interval_p99_ms=66.0
near_interval_mean_ms=53.2
mid_interval_p50_ms=100.0
mid_interval_p99_ms=100.0
mid_interval_mean_ms=100.5
far_interval_p50_ms=0.0
far_interval_p99_ms=0.0
far_interval_mean_ms=0.0
near_interpolated_pct=99.19
near_extrapolated_pct=0.46
near_held_pct=0.00
near_new_pct=0.35
near_pop_p50_mm=0
near_pop_p99_mm=3
mid_interpolated_pct=90.93
mid_extrapolated_pct=1.89
mid_held_pct=5.47
mid_new_pct=1.71
mid_pop_p50_mm=0
mid_pop_p99_mm=0
far_interpolated_pct=0.00
far_extrapolated_pct=0.00
far_held_pct=0.00
far_new_pct=0.00
far_pop_p50_mm=0
far_pop_p99_mm=0
render_delay_ms=111.3
render_snaps=0
shots_seen=0
activity_cells=0
activity_shots=0
ambient=0
streak_frames_per_million=168
clock_slewing_pct=4.69
delay_changes=94
render_backwards=0
clock_extra=1099
clock_skipped=500
backlog_skips=0
near_decode_errors=0
bytes_down_mb=885.1
bytes_up_mb=37.5
swarm_busy_pct=13
swarm_overruns=4
