1000 bots -> 172.31.24.165:40500 on 4 threads, ramp 0/s, 20s, 1000 full + 0 sink bots
[    5s] bots 1000/1000 connected, 1000 welcomed, 0 failed | 27.2 snaps/s/bot, entities/snap near 64.5 mid 86.6 far 0.0 | corrections 0.000/s/bot | down 328 up 14 kbps/bot | rtt 5.7 ms loss 0.00% | input->applied ~ p50 62 p99 89 ms, round trip p50 67 p99 100 ms | joins 1000 (p50 156 p99 423 ms) | server pace 1.00 level 0, 0 bots bandwidth-degraded | swarm busy 13%, overruns 4
[   10s] bots 1000/1000 connected, 1000 welcomed, 0 failed | 31.1 snaps/s/bot, entities/snap near 64.0 mid 86.0 far 0.0 | corrections 0.000/s/bot | down 369 up 16 kbps/bot | rtt 5.7 ms loss 0.00% | input->applied ~ p50 61 p99 72 ms, round trip p50 67 p99 100 ms | joins 0 (p50 0 p99 0 ms) | server pace 1.00 level 0, 0 bots bandwidth-degraded | swarm busy 13%, overruns 0
[   15s] bots 1000/1000 connected, 1000 welcomed, 0 failed | 28.8 snaps/s/bot, entities/snap near 64.0 mid 86.0 far 0.0 | corrections 0.000/s/bot | down 341 up 15 kbps/bot | rtt 5.7 ms loss 0.00% | input->applied ~ p50 61 p99 72 ms, round trip p50 67 p99 100 ms | joins 0 (p50 0 p99 0 ms) | server pace 1.00 level 0, 0 bots bandwidth-degraded | swarm busy 12%, overruns 0
[   20s] bots 1000/1000 connected, 1000 welcomed, 0 failed | 30.4 snaps/s/bot, entities/snap near 64.0 mid 86.0 far 0.0 | corrections 0.000/s/bot | down 360 up 15 kbps/bot | rtt 5.7 ms loss 0.00% | input->applied ~ p50 61 p99 72 ms, round trip p50 67 p99 100 ms | joins 0 (p50 0 p99 0 ms) | server pace 1.00 level 0, 0 bots bandwidth-degraded | swarm busy 13%, overruns 0

== bots summary ==
  started 1000 welcomed 1000 failed 0
  join latency ms: p50 156 p99 423 max 423 (n=1000)
  corrections 0 (0.00/bot-minute), mean error 0.000 m, max 0.000 m
  push corrections (the server pushed us apart from a crowd) 8509 (25.53/bot-minute), max 0.194 m
  snapshots 595143 (entities per snapshot: near 64.1 mid 86.1 far 0.0), stale 0, unmatched acks 0, resyncs 0
  input -> applied on server (est. RTT/2 + server wait): p50 61.0 p99 88.0 max 97.0 mean 57.4 ms (n=594418)
    of which server wait (arrival -> applied): p50 58.6 p99 85.2 max 94.6 mean 54.6 ms (n=594418)
  input -> seen acked (round trip): p50 67.0 p99 100.0 max 144.0 mean 69.9 ms (n=594418)
  near entity update interval (tracked bots): p50 66.0 p99 66.0 max 166.0 mean 53.2 ms (n=1899476)
  mid entity update interval (tracked bots): p50 100.0 p99 100.0 max 2200.0 mean 100.5 ms (n=2534623)
  far entity update interval (tracked bots): p50 0.0 p99 0.0 max 0.0 mean 0.0 ms (n=0)
  near drawn (tracked bots): 99.19% interpolated, 0.46% extrapolated, 0.00% held, 0.35% new | pops p50 0 p99 3 max 327 mm
  mid drawn (tracked bots): 90.93% interpolated, 1.89% extrapolated, 5.47% held, 1.71% new | pops p50 0 p99 0 max 17408 mm
  far drawn (tracked bots): 0.00% interpolated, 0.00% extrapolated, 0.00% held, 0.00% new | pops p50 0 p99 0 max 0 mm
  render delay (near) 111.3 ms behind the newest step, clock snaps 0 (backwards 0), slewing 4.69% of frames, near delay changes 94 | streak entity-frames (drawn > 20 m/s) 1916
  input clock: 1099 extra inputs, 500 skipped ticks, 0 backlog skips | near decode errors (tracked bots) 0
  bytes down 885.1 MB up 37.5 MB | swarm busy 13% of its threads' time, tick overruns 4
