== blob, 1000 bots, 20s -> baselines/2026-10-07-aws-rehearsal/blob-1k-gso-1
== summary: 509 steady-state ticks (after warmup, before clients drain), peak 1000 clients ==
  phase        p50 ms   p99 ms   max ms
  ingress        0.23     0.28     0.30
  events         0.23     0.26     0.27
  movement       0.15     0.18     0.19
  grid           0.15     0.17     0.17
  separate       0.08     0.11     0.11
  history        0.00     0.00     0.01
  shots          0.01     0.01     0.02
  serialize      0.04     0.05     0.07
  assembly       1.63     1.90     2.13
  transport      0.54     0.61     0.64
  egress         0.80     0.89     0.95
  tick           3.87     4.18     4.37
  overruns 0 | spawns 1000 despawns 1000 (502 joins deferred) | deaths 0 respawns 0 | stand-ins: repeated 0 frozen 0 | late inputs 0 discarded 0 | bad messages 0 | recv errors 0 send errors 0
  egress (whole run): 1196286 datagrams in 599143 sends (2.00 per send), 38464 syscalls
  ticks per ladder level (whole run): L0: 617
  input wait on the server (datagram arrival -> applied): p50 58.6 p99 85.2 max 94.6 mean 54.6 ms
  steady state: stand-ins repeated 0 frozen 0 | late inputs 0 discarded 0
  rewind of near targets (applied step - the input's render step for that tier): p50 133 p99 200 max 233 mean 136.0 ms (n=580500)
  rewind of mid/far targets (applied step - the input's render step for that tier): p50 267 p99 300 max 342 mean 267.5 ms (n=580500)
  render times ahead of the server (bogus) 0
  shots 0 (late 0, refused 0, rewinds capped 0) | hits head 0 body 0 (after cover 0, too late 0), kills 0 | ground 0 cover 0 expired 0 | segments 0 candidates 0
== bots summary ==
  started 1000 welcomed 1000 failed 0
  join latency ms: p50 156 p99 423 max 423 (n=1000)
  corrections 0 (0.00/bot-minute), mean error 0.000 m, max 0.000 m
  push corrections (the server pushed us apart from a crowd) 8509 (25.53/bot-minute), max 0.194 m
  snapshots 595143 (entities per snapshot: near 64.1 mid 86.1 far 0.0), stale 0, unmatched acks 0, resyncs 0
  input -> applied on server (est. RTT/2 + server wait): p50 61.0 p99 88.0 max 97.0 mean 57.4 ms (n=594418)
    of which server wait (arrival -> applied): p50 58.6 p99 85.2 max 94.6 mean 54.6 ms (n=594418)
  input -> seen acked (round trip): p50 67.0 p99 100.0 max 144.0 mean 69.9 ms (n=594418)
  near entity update interval (tracked bots): p50 66.0 p99 66.0 max 166.0 mean 53.2 ms (n=1899476)
  mid entity update interval (tracked bots): p50 100.0 p99 100.0 max 2200.0 mean 100.5 ms (n=2534623)
  far entity update interval (tracked bots): p50 0.0 p99 0.0 max 0.0 mean 0.0 ms (n=0)
  near drawn (tracked bots): 99.19% interpolated, 0.46% extrapolated, 0.00% held, 0.35% new | pops p50 0 p99 3 max 327 mm
  mid drawn (tracked bots): 90.93% interpolated, 1.89% extrapolated, 5.47% held, 1.71% new | pops p50 0 p99 0 max 17408 mm
  far drawn (tracked bots): 0.00% interpolated, 0.00% extrapolated, 0.00% held, 0.00% new | pops p50 0 p99 0 max 0 mm
  render delay (near) 111.3 ms behind the newest step, clock snaps 0 (backwards 0), slewing 4.69% of frames, near delay changes 94 | streak entity-frames (drawn > 20 m/s) 1916
  input clock: 1099 extra inputs, 500 skipped ticks, 0 backlog skips | near decode errors (tracked bots) 0
  bytes down 885.1 MB up 37.5 MB | swarm busy 13% of its threads' time, tick overruns 4
