preallocated connections for 10000 clients in 265.025709ms
listening on 172.31.24.165:40500 | spawn Blob | tiers near 64@150 m, mid 500 m, far 1500 m, budget 6250 B/tick, squads of 4 | 8 rayon threads, 64 shards, 1 socket(s), 256 accepts/tick, egress Gso | socket buffers rcv 32768 KiB snd 32768 KiB
[    5s] clients 1000 | level 0 (0-0 in window: 30 Hz, dilation 1.0), pace 1.00, 0.0% clients bandwidth-degraded | tick p50 3.86 p99 4.85 max 5.57 ms, 0 overruns | out 53.3k pps 361 kbps/client, 316 Mbps | in 26.6k pps 16 kbps/client | stand-ins: repeated 0.00% frozen 0.00%, 0 late inputs | per client-tick: 1423 B (near 416 B, 98% deltas), near 64.0 mid 85.9 far 0.0, far skipped 0 starved 0 | input wait p50 59.0 p99 87.0 ms | 502 joins deferred | kernel drops rcv 0 snd 0
         p50/p99 ms: ingress 0.23/0.40  events 0.23/1.72  movement 0.15/0.18  grid 0.15/0.19  separate 0.07/0.10  history 0.00/0.03  shots 0.01/0.01  serialize 0.04/0.07  assembly 1.60/1.86  transport 0.53/0.69  egress 0.79/0.88
[   10s] clients 1000 | level 0 (0-0 in window: 30 Hz, dilation 1.0), pace 1.00, 0.0% clients bandwidth-degraded | tick p50 3.87 p99 4.20 max 4.37 ms, 0 overruns | out 60.0k pps 356 kbps/client, 356 Mbps | in 30.0k pps 15 kbps/client | stand-ins: repeated 0.00% frozen 0.00%, 0 late inputs | per client-tick: 1412 B (near 404 B, 100% deltas), near 64.0 mid 86.0 far 0.0, far skipped 0 starved 0 | input wait p50 58.5 p99 66.3 ms | 0 joins deferred | kernel drops rcv 0 snd 0
         p50/p99 ms: ingress 0.23/0.28  events 0.23/0.26  movement 0.15/0.18  grid 0.15/0.17  separate 0.08/0.10  history 0.00/0.00  shots 0.01/0.01  serialize 0.04/0.05  assembly 1.63/1.85  transport 0.53/0.62  egress 0.80/0.92
[   15s] clients 1000 | level 0 (0-0 in window: 30 Hz, dilation 1.0), pace 1.00, 0.0% clients bandwidth-degraded | tick p50 3.88 p99 4.16 max 4.17 ms, 0 overruns | out 60.0k pps 356 kbps/client, 356 Mbps | in 30.0k pps 15 kbps/client | stand-ins: repeated 0.00% frozen 0.00%, 0 late inputs | per client-tick: 1412 B (near 404 B, 100% deltas), near 64.0 mid 86.0 far 0.0, far skipped 0 starved 0 | input wait p50 58.5 p99 66.3 ms | 0 joins deferred | kernel drops rcv 0 snd 0
         p50/p99 ms: ingress 0.23/0.28  events 0.23/0.26  movement 0.15/0.18  grid 0.15/0.16  separate 0.07/0.10  history 0.00/0.00  shots 0.01/0.01  serialize 0.04/0.05  assembly 1.62/1.90  transport 0.54/0.61  egress 0.80/0.89
[   20s] clients 1000 | level 0 (0-0 in window: 30 Hz, dilation 1.0), pace 1.00, 0.0% clients bandwidth-degraded | tick p50 3.88 p99 4.26 max 4.36 ms, 0 overruns | out 60.0k pps 356 kbps/client, 356 Mbps | in 30.0k pps 15 kbps/client | stand-ins: repeated 0.00% frozen 0.00%, 0 late inputs | per client-tick: 1412 B (near 404 B, 100% deltas), near 64.0 mid 86.0 far 0.0, far skipped 0 starved 0 | input wait p50 58.5 p99 66.3 ms | 0 joins deferred | kernel drops rcv 0 snd 0
         p50/p99 ms: ingress 0.23/0.28  events 0.23/0.26  movement 0.15/0.18  grid 0.15/0.17  separate 0.08/0.11  history 0.00/0.01  shots 0.01/0.02  serialize 0.04/0.06  assembly 1.63/2.00  transport 0.54/0.61  egress 0.80/0.90
[   21s] clients 0 | level 0 (0-0 in window: 30 Hz, dilation 1.0), pace 1.00, 0.0% clients bandwidth-degraded | tick p50 3.89 p99 4.18 max 4.18 ms, 0 overruns | out 54.9k pps 359 kbps/client, 327 Mbps | in 33.9k pps 16 kbps/client | stand-ins: repeated 0.00% frozen 0.00%, 0 late inputs | per client-tick: 1420 B (near 412 B, 98% deltas), near 64.0 mid 86.0 far 0.0, far skipped 0 starved 0 | input wait p50 58.6 p99 66.3 ms | 0 joins deferred | kernel drops rcv 0 snd 0
         p50/p99 ms: ingress 0.23/0.28  events 0.22/1.59  movement 0.15/0.19  grid 0.15/0.17  separate 0.08/0.09  history 0.00/0.00  shots 0.01/0.01  serialize 0.04/0.05  assembly 1.62/1.82  transport 0.53/0.59  egress 0.79/0.86

== summary: 509 steady-state ticks (after warmup, before clients drain), peak 1000 clients ==
  phase        p50 ms   p99 ms   max ms
  ingress        0.23     0.28     0.30
  events         0.23     0.26     0.27
  movement       0.15     0.18     0.19
  grid           0.15     0.17     0.17
  separate       0.08     0.11     0.11
  history        0.00     0.00     0.01
  shots          0.01     0.01     0.02
  serialize      0.04     0.05     0.07
  assembly       1.63     1.90     2.13
  transport      0.54     0.61     0.64
  egress         0.80     0.89     0.95
  tick           3.87     4.18     4.37
  overruns 0 | spawns 1000 despawns 1000 (502 joins deferred) | deaths 0 respawns 0 | stand-ins: repeated 0 frozen 0 | late inputs 0 discarded 0 | bad messages 0 | recv errors 0 send errors 0
  egress (whole run): 1196286 datagrams in 599143 sends (2.00 per send), 38464 syscalls
  ticks per ladder level (whole run): L0: 617
  input wait on the server (datagram arrival -> applied): p50 58.6 p99 85.2 max 94.6 mean 54.6 ms
  steady state: stand-ins repeated 0 frozen 0 | late inputs 0 discarded 0
  rewind of near targets (applied step - the input's render step for that tier): p50 133 p99 200 max 233 mean 136.0 ms (n=580500)
  rewind of mid/far targets (applied step - the input's render step for that tier): p50 267 p99 300 max 342 mean 267.5 ms (n=580500)
  render times ahead of the server (bogus) 0
  shots 0 (late 0, refused 0, rewinds capped 0) | hits head 0 body 0 (after cover 0, too late 0), kills 0 | ground 0 cover 0 expired 0 | segments 0 candidates 0
