spawn=blob
egress=gso
ladder=on
threads=8
shards=64
sockets=1
peak_clients=1000
steady_ticks=509
steady_secs=16.9
ingress_p50_ms=0.23
ingress_p99_ms=0.28
ingress_max_ms=0.30
events_p50_ms=0.23
events_p99_ms=0.26
events_max_ms=0.27
movement_p50_ms=0.15
movement_p99_ms=0.18
movement_max_ms=0.19
grid_p50_ms=0.15
grid_p99_ms=0.17
grid_max_ms=0.17
separate_p50_ms=0.08
separate_p99_ms=0.11
separate_max_ms=0.11
history_p50_ms=0.00
history_p99_ms=0.00
history_max_ms=0.01
shots_p50_ms=0.01
shots_p99_ms=0.01
shots_max_ms=0.02
serialize_p50_ms=0.04
serialize_p99_ms=0.05
serialize_max_ms=0.07
assembly_p50_ms=1.63
assembly_p99_ms=1.90
assembly_max_ms=2.13
transport_p50_ms=0.54
transport_p99_ms=0.61
transport_max_ms=0.64
egress_p50_ms=0.80
egress_p99_ms=0.89
egress_max_ms=0.95
tick_p50_ms=3.87
tick_p99_ms=4.18
tick_max_ms=4.37
steady_overruns=0
level_mode=0
tick_hz=30
dilation=1
levels=L0:509
clients_avg=1000
out_pps=60104
in_pps=30078
egress_mbps=356.3
packets_per_client_tick=2.00
wire_bytes_per_client_tick=1482
down_kbps_per_client=356.3
up_kbps_per_client=15.1
kernel_rcvbuf_drops=0
kernel_sndbuf_drops=0
snapshot_bytes_per_client_tick=1412
near_bytes_per_client_tick=404
activity_bytes_per_client_tick=0.0
near_per_client_tick=64.0
mid_per_client_tick=86.0
far_per_client_tick=0.0
near_scanned_per_query=177
mid_scanned_per_query=193
far_skipped=0
far_starved=0
repeated=0
frozen=0
late_inputs=0
discarded_inputs=0
input_wait_p50_ms=58.6
input_wait_p99_ms=85.2
spawns=1000
despawns=1000
deaths=0
respawns=0
shots=0
shots_late=0
shots_refused=0
rewinds_capped=0
rewinds_trimmed=0
hits_head=0
hits_body=0
hits_ground=0
hits_cover=0
projectiles_expired=0
kills=0
hits_after_cover=0
hits_too_late=0
events=0
tracer_bytes=0
activity_cells=0
activity_sent=0
activity_bytes=0
activity_cut=0
projectile_segments=0
hit_candidates=0
joins_deferred=502
bad_messages=0
recv_errors=0
send_errors=0
datagrams=1196286
sends=599143
send_syscalls=38464
rewind_near_p50_ms=133
rewind_near_p99_ms=200
rewind_near_mean_ms=136.0
rewind_mid_p50_ms=267
rewind_mid_p99_ms=300
rewind_mid_mean_ms=267.5
ingress_longest_p50_ms=0.04
ingress_work_p50_ms=1.28
assembly_longest_p50_ms=0.30
assembly_work_p50_ms=11.82
transport_longest_p50_ms=0.13
transport_work_p50_ms=3.93
egress_longest_p50_ms=0.17
egress_work_p50_ms=5.81
