spawn=uniform
egress=sendmmsg
ingress=recvmmsg
rx_gather_us=1000
ladder=on
threads=64
shards=64
sockets=1
peak_clients=10000
steady_ticks=1707
steady_secs=56.9
ingress_p50_ms=1.14
ingress_p99_ms=2.17
ingress_max_ms=2.45
events_p50_ms=3.92
events_p99_ms=4.96
events_max_ms=5.75
movement_p50_ms=1.00
movement_p99_ms=1.21
movement_max_ms=1.31
grid_p50_ms=0.47
grid_p99_ms=0.57
grid_max_ms=0.63
separate_p50_ms=0.55
separate_p99_ms=0.82
separate_max_ms=1.23
history_p50_ms=0.02
history_p99_ms=0.06
history_max_ms=0.07
shots_p50_ms=0.07
shots_p99_ms=0.27
shots_max_ms=0.36
serialize_p50_ms=0.31
serialize_p99_ms=0.40
serialize_max_ms=0.64
assembly_p50_ms=3.23
assembly_p99_ms=4.04
assembly_max_ms=5.37
transport_p50_ms=2.02
transport_p99_ms=2.42
transport_max_ms=2.71
egress_p50_ms=4.09
egress_p99_ms=4.93
egress_max_ms=5.64
tick_p50_ms=17.02
tick_p99_ms=18.64
tick_max_ms=20.05
steady_overruns=0
level_mode=0
tick_hz=30
dilation=1
levels=L0:1707
clients_avg=10000
out_pps=528462
in_pps=284115
egress_mbps=3254.3
packets_per_client_tick=1.76
wire_bytes_per_client_tick=1356
down_kbps_per_client=325.4
up_kbps_per_client=14.3
recv_per_call=58.01
ingress_thread_busy_max_pct=28.2
ingress_thread_busy_mean_pct=28.2
kernel_rcvbuf_drops=0
kernel_sndbuf_drops=0
snapshot_bytes_per_client_tick=1295
near_bytes_per_client_tick=122
activity_bytes_per_client_tick=0.0
near_per_client_tick=15.7
mid_per_client_tick=41.9
far_per_client_tick=58.7
near_scanned_per_query=18
mid_scanned_per_query=55
far_skipped=0
far_starved=0
repeated=66217
frozen=5346
late_inputs=70739
discarded_inputs=0
input_wait_p10_ms=35.8
input_wait_p50_ms=53.4
input_wait_p90_ms=71.2
input_wait_p99_ms=95.3
spawns=10000
despawns=10000
deaths=0
respawns=0
shots=0
shots_late=0
shots_refused=0
rewinds_capped=0
rewinds_trimmed=0
hits_head=0
hits_body=0
hits_ground=0
hits_cover=0
projectiles_expired=0
kills=0
hits_after_cover=0
hits_too_late=0
events=0
tracer_bytes=0
activity_cells=0
activity_sent=0
activity_bytes=0
activity_cut=0
projectile_segments=0
hit_candidates=0
joins_deferred=47977
bad_messages=0
recv_errors=0
send_errors=0
datagrams=32140790
sends=32140790
send_syscalls=211006
rewind_near_p50_ms=233
rewind_near_p99_ms=300
rewind_near_mean_ms=228.2
rewind_mid_p50_ms=367
rewind_mid_p99_ms=400
rewind_mid_mean_ms=358.5
ingress_longest_p50_ms=0.70
ingress_work_p50_ms=35.29
assembly_longest_p50_ms=2.30
assembly_work_p50_ms=111.15
transport_longest_p50_ms=1.67
transport_work_p50_ms=82.54
egress_longest_p50_ms=3.90
egress_work_p50_ms=123.94
