preallocated connections for 10000 clients in 248.604431ms
listening on 172.31.17.93:40500 | spawn Uniform | tiers near 64@150 m, mid 500 m, far 1500 m, budget 6250 B/tick, squads of 4 | 64 rayon threads, 64 shards, 1 socket(s), 256 accepts/tick, egress SendMmsg, ingress RecvMmsg | socket buffers rcv 32768 KiB snd 32768 KiB
[    5s] clients 10000 | level 0 (0-0 in window: 30 Hz, dilation 1.0), pace 1.00, 0.0% clients bandwidth-degraded | tick p50 11.60 p99 18.82 max 19.03 ms, 0 overruns | out 250.0k pps 304 kbps/client, 1503 Mbps | in 143.8k pps 19 kbps/client, 56.2 per recv, receive thread busy 16% | stand-ins: repeated 1.51% frozen 0.76%, 14089 late inputs | per client-tick: 1205 B (near 122 B, 92% deltas), near 14.5 mid 38.1 far 54.3, far skipped 0 starved 0 | input wait p50 51.5 p99 97.2 ms | 47977 joins deferred | kernel drops rcv 0 snd 0
         p50/p99 ms: ingress 1.11/7.42  events 3.26/4.80  movement 0.56/1.12  grid 0.36/0.54  separate 0.28/0.70  history 0.02/0.15  shots 0.05/0.26  serialize 0.25/0.51  assembly 1.42/3.89  transport 0.89/2.28  egress 1.43/4.44
[   10s] clients 10000 | level 0 (0-0 in window: 30 Hz, dilation 1.0), pace 1.00, 0.0% clients bandwidth-degraded | tick p50 17.05 p99 18.68 max 18.76 ms, 0 overruns | out 528.5k pps 326 kbps/client, 3256 Mbps | in 284.1k pps 14 kbps/client, 58.4 per recv, receive thread busy 28% | stand-ins: repeated 0.58% frozen 0.16%, 11971 late inputs | per client-tick: 1296 B (near 122 B, 100% deltas), near 15.7 mid 41.9 far 58.7, far skipped 0 starved 0 | input wait p50 52.9 p99 95.8 ms | 0 joins deferred | kernel drops rcv 0 snd 0
         p50/p99 ms: ingress 1.14/2.33  events 3.91/4.78  movement 1.00/1.25  grid 0.48/0.59  separate 0.56/0.80  history 0.03/0.07  shots 0.07/0.28  serialize 0.30/0.40  assembly 3.23/4.02  transport 2.02/2.38  egress 4.10/5.27
[   15s] clients 10000 | level 0 (0-0 in window: 30 Hz, dilation 1.0), pace 1.00, 0.0% clients bandwidth-degraded | tick p50 16.83 p99 18.71 max 18.80 ms, 0 overruns | out 528.3k pps 325 kbps/client, 3254 Mbps | in 284.2k pps 14 kbps/client, 58.0 per recv, receive thread busy 28% | stand-ins: repeated 0.35% frozen 0.00%, 5091 late inputs | per client-tick: 1296 B (near 122 B, 100% deltas), near 15.7 mid 41.9 far 58.7, far skipped 0 starved 0 | input wait p50 53.4 p99 94.8 ms | 0 joins deferred | kernel drops rcv 0 snd 0
         p50/p99 ms: ingress 1.14/2.40  events 3.91/5.41  movement 0.99/1.21  grid 0.47/0.56  separate 0.55/0.81  history 0.02/0.04  shots 0.07/0.09  serialize 0.31/0.41  assembly 3.15/3.98  transport 1.99/2.42  egress 4.09/4.72
[   20s] clients 10000 | level 0 (0-0 in window: 30 Hz, dilation 1.0), pace 1.00, 0.0% clients bandwidth-degraded | tick p50 17.14 p99 19.12 max 19.34 ms, 0 overruns | out 528.4k pps 325 kbps/client, 3255 Mbps | in 284.1k pps 14 kbps/client, 58.0 per recv, receive thread busy 28% | stand-ins: repeated 0.36% frozen 0.00%, 5271 late inputs | per client-tick: 1296 B (near 122 B, 100% deltas), near 15.7 mid 41.9 far 58.7, far skipped 0 starved 0 | input wait p50 53.4 p99 95.1 ms | 0 joins deferred | kernel drops rcv 0 snd 0
         p50/p99 ms: ingress 1.15/2.36  events 3.95/5.36  movement 0.99/1.20  grid 0.47/0.57  separate 0.54/0.77  history 0.03/0.04  shots 0.07/0.10  serialize 0.31/0.39  assembly 3.26/4.09  transport 2.05/2.48  egress 4.10/4.93
[   25s] clients 10000 | level 0 (0-0 in window: 30 Hz, dilation 1.0), pace 1.00, 0.0% clients bandwidth-degraded | tick p50 17.01 p99 18.44 max 18.59 ms, 0 overruns | out 528.3k pps 325 kbps/client, 3254 Mbps | in 284.0k pps 14 kbps/client, 58.2 per recv, receive thread busy 28% | stand-ins: repeated 0.36% frozen 0.00%, 5310 late inputs | per client-tick: 1296 B (near 122 B, 100% deltas), near 15.7 mid 41.9 far 58.7, far skipped 0 starved 0 | input wait p50 53.5 p99 95.2 ms | 0 joins deferred | kernel drops rcv 0 snd 0
         p50/p99 ms: ingress 1.14/1.78  events 3.88/4.76  movement 1.00/1.25  grid 0.47/0.61  separate 0.55/1.19  history 0.02/0.04  shots 0.07/0.09  serialize 0.30/0.45  assembly 3.24/3.93  transport 2.03/2.55  egress 4.10/4.96
[   30s] clients 10000 | level 0 (0-0 in window: 30 Hz, dilation 1.0), pace 1.00, 0.0% clients bandwidth-degraded | tick p50 16.95 p99 18.09 max 18.32 ms, 0 overruns | out 528.4k pps 325 kbps/client, 3254 Mbps | in 284.0k pps 14 kbps/client, 57.8 per recv, receive thread busy 29% | stand-ins: repeated 0.36% frozen 0.00%, 5267 late inputs | per client-tick: 1295 B (near 122 B, 100% deltas), near 15.7 mid 41.9 far 58.7, far skipped 0 starved 0 | input wait p50 53.5 p99 95.2 ms | 0 joins deferred | kernel drops rcv 0 snd 0
         p50/p99 ms: ingress 1.14/2.26  events 3.92/4.79  movement 0.99/1.27  grid 0.47/0.55  separate 0.54/0.77  history 0.02/0.05  shots 0.07/0.28  serialize 0.30/0.40  assembly 3.19/3.84  transport 2.00/2.38  egress 4.11/4.96
[   35s] clients 10000 | level 0 (0-0 in window: 30 Hz, dilation 1.0), pace 1.00, 0.0% clients bandwidth-degraded | tick p50 17.09 p99 18.50 max 18.64 ms, 0 overruns | out 528.3k pps 325 kbps/client, 3253 Mbps | in 284.0k pps 14 kbps/client, 57.7 per recv, receive thread busy 29% | stand-ins: repeated 0.37% frozen 0.00%, 5257 late inputs | per client-tick: 1295 B (near 122 B, 100% deltas), near 15.7 mid 41.9 far 58.7, far skipped 0 starved 0 | input wait p50 53.3 p99 95.2 ms | 0 joins deferred | kernel drops rcv 0 snd 0
         p50/p99 ms: ingress 1.14/1.70  events 3.93/4.90  movement 1.01/1.20  grid 0.47/0.56  separate 0.54/0.80  history 0.02/0.05  shots 0.07/0.27  serialize 0.31/0.39  assembly 3.24/4.21  transport 2.05/2.41  egress 4.11/5.11
[   40s] clients 10000 | level 0 (0-0 in window: 30 Hz, dilation 1.0), pace 1.00, 0.0% clients bandwidth-degraded | tick p50 17.01 p99 18.93 max 19.53 ms, 0 overruns | out 528.6k pps 325 kbps/client, 3254 Mbps | in 284.2k pps 14 kbps/client, 58.2 per recv, receive thread busy 28% | stand-ins: repeated 0.36% frozen 0.00%, 5195 late inputs | per client-tick: 1295 B (near 122 B, 100% deltas), near 15.7 mid 41.9 far 58.7, far skipped 0 starved 0 | input wait p50 53.5 p99 95.2 ms | 0 joins deferred | kernel drops rcv 0 snd 0
         p50/p99 ms: ingress 1.14/2.26  events 3.93/5.10  movement 0.98/1.18  grid 0.48/0.57  separate 0.54/0.86  history 0.02/0.06  shots 0.07/0.26  serialize 0.31/0.42  assembly 3.20/3.78  transport 2.01/2.38  egress 4.08/5.28
[   45s] clients 10000 | level 0 (0-0 in window: 30 Hz, dilation 1.0), pace 1.00, 0.0% clients bandwidth-degraded | tick p50 17.04 p99 19.58 max 20.05 ms, 0 overruns | out 528.3k pps 325 kbps/client, 3253 Mbps | in 284.0k pps 14 kbps/client, 57.7 per recv, receive thread busy 28% | stand-ins: repeated 0.36% frozen 0.00%, 5244 late inputs | per client-tick: 1295 B (near 122 B, 100% deltas), near 15.7 mid 41.9 far 58.7, far skipped 0 starved 0 | input wait p50 53.6 p99 94.9 ms | 0 joins deferred | kernel drops rcv 0 snd 0
         p50/p99 ms: ingress 1.14/1.72  events 3.91/4.89  movement 0.99/1.15  grid 0.48/0.57  separate 0.55/0.87  history 0.02/0.06  shots 0.07/0.28  serialize 0.31/0.38  assembly 3.25/4.34  transport 2.04/2.39  egress 4.08/4.72
[   50s] clients 10000 | level 0 (0-0 in window: 30 Hz, dilation 1.0), pace 1.00, 0.0% clients bandwidth-degraded | tick p50 16.96 p99 18.83 max 19.11 ms, 0 overruns | out 528.4k pps 325 kbps/client, 3253 Mbps | in 284.0k pps 14 kbps/client, 58.1 per recv, receive thread busy 28% | stand-ins: repeated 0.36% frozen 0.00%, 5164 late inputs | per client-tick: 1295 B (near 122 B, 100% deltas), near 15.7 mid 41.9 far 58.7, far skipped 0 starved 0 | input wait p50 53.5 p99 95.0 ms | 0 joins deferred | kernel drops rcv 0 snd 0
         p50/p99 ms: ingress 1.14/2.34  events 3.91/4.96  movement 0.99/1.21  grid 0.47/0.57  separate 0.54/0.78  history 0.02/0.06  shots 0.07/0.31  serialize 0.31/0.54  assembly 3.21/4.22  transport 2.03/2.47  egress 4.08/5.03
[   55s] clients 10000 | level 0 (0-0 in window: 30 Hz, dilation 1.0), pace 1.00, 0.0% clients bandwidth-degraded | tick p50 16.99 p99 18.54 max 18.60 ms, 0 overruns | out 528.4k pps 325 kbps/client, 3253 Mbps | in 284.1k pps 14 kbps/client, 58.2 per recv, receive thread busy 28% | stand-ins: repeated 0.36% frozen 0.00%, 5170 late inputs | per client-tick: 1295 B (near 122 B, 100% deltas), near 15.7 mid 41.9 far 58.7, far skipped 0 starved 0 | input wait p50 53.4 p99 95.1 ms | 0 joins deferred | kernel drops rcv 0 snd 0
         p50/p99 ms: ingress 1.14/1.74  events 3.93/4.78  movement 1.00/1.17  grid 0.48/0.59  separate 0.56/0.78  history 0.02/0.06  shots 0.07/0.29  serialize 0.32/0.39  assembly 3.23/4.01  transport 2.01/2.38  egress 4.09/5.04
[   60s] clients 10000 | level 0 (0-0 in window: 30 Hz, dilation 1.0), pace 1.00, 0.0% clients bandwidth-degraded | tick p50 17.08 p99 18.63 max 18.91 ms, 0 overruns | out 528.2k pps 325 kbps/client, 3253 Mbps | in 284.0k pps 14 kbps/client, 57.9 per recv, receive thread busy 28% | stand-ins: repeated 0.37% frozen 0.00%, 5367 late inputs | per client-tick: 1295 B (near 122 B, 100% deltas), near 15.7 mid 41.9 far 58.7, far skipped 0 starved 0 | input wait p50 53.6 p99 95.4 ms | 0 joins deferred | kernel drops rcv 0 snd 0
         p50/p99 ms: ingress 1.14/1.46  events 3.96/5.04  movement 1.00/1.21  grid 0.47/0.58  separate 0.56/0.82  history 0.02/0.05  shots 0.07/0.27  serialize 0.32/0.40  assembly 3.23/4.04  transport 2.01/2.55  egress 4.07/4.74
[   65s] clients 5744 | level 0 (0-0 in window: 30 Hz, dilation 1.0), pace 1.00, 0.0% clients bandwidth-degraded | tick p50 7.95 p99 19.08 max 19.23 ms, 0 overruns | out 286.1k pps 264 kbps/client, 1861 Mbps | in 88.3k pps 6 kbps/client, 58.1 per recv, receive thread busy 9% | stand-ins: repeated 1.24% frozen 55.04%, 1707 late inputs | per client-tick: 1052 B (near 125 B, 68% deltas), near 11.8 mid 31.7 far 46.6, far skipped 0 starved 0 | input wait p50 53.7 p99 95.6 ms | 0 joins deferred | kernel drops rcv 0 snd 0
         p50/p99 ms: ingress 0.51/1.54  events 0.00/5.75  movement 0.57/1.10  grid 0.52/0.58  separate 0.47/0.72  history 0.03/0.05  shots 0.14/0.28  serialize 0.32/0.38  assembly 1.61/3.75  transport 1.18/2.27  egress 2.69/4.72
[   67s] clients 0 | level 0 (0-0 in window: 30 Hz, dilation 1.0), pace 1.00, 0.0% clients bandwidth-degraded | tick p50 7.46 p99 18.99 max 18.99 ms, 0 overruns | out 173.8k pps 220 kbps/client, 1211 Mbps | in 0.0k pps 0 kbps/client, 0.0 per recv, receive thread busy 0% | stand-ins: repeated 0.00% frozen 100.00%, 0 late inputs | per client-tick: 876 B (near 139 B, 0% deltas), near 8.9 mid 24.0 far 37.4, far skipped 0 starved 0 | input wait p50 0.0 p99 0.0 ms | 0 joins deferred | kernel drops rcv 0 snd 0
         p50/p99 ms: ingress 0.50/4.71  events 0.00/11.60  movement 0.56/0.69  grid 0.52/0.59  separate 0.44/0.51  history 0.03/0.05  shots 0.14/0.28  serialize 0.31/0.38  assembly 1.18/1.81  transport 1.03/1.39  egress 2.62/2.82

== summary: 1707 steady-state ticks (after warmup, before clients drain), peak 10000 clients ==
  phase        p50 ms   p99 ms   max ms
  ingress        1.14     2.17     2.45
  events         3.92     4.96     5.75
  movement       1.00     1.21     1.31
  grid           0.47     0.57     0.63
  separate       0.55     0.82     1.23
  history        0.02     0.06     0.07
  shots          0.07     0.27     0.36
  serialize      0.31     0.40     0.64
  assembly       3.23     4.04     5.37
  transport      2.02     2.42     2.71
  egress         4.09     4.93     5.64
  tick          17.02    18.64    20.05
  overruns 0 | spawns 10000 despawns 10000 (47977 joins deferred) | deaths 0 respawns 0 | stand-ins: repeated 86713 frozen 845498 | late inputs 80103 discarded 35 | bad messages 0 | recv errors 0 send errors 0
  egress (whole run): 32140790 datagrams in 32140790 sends (1.00 per send), 211006 syscalls
  ingress (whole run): 16854802 datagrams in 290968 receive calls (57.93 per call)
  ticks per ladder level (whole run): L0: 2005
  input wait on the server (datagram arrival -> applied): p50 53.4 p99 95.3 max 539.6 mean 53.4 ms
  steady state: stand-ins repeated 66217 frozen 5346 | late inputs 70739 discarded 0
  rewind of near targets (applied step - the input's render step for that tier): p50 233 p99 300 max 701 mean 228.2 ms (n=17117921)
  rewind of mid/far targets (applied step - the input's render step for that tier): p50 367 p99 400 max 834 mean 358.5 ms (n=17117921)
  render times ahead of the server (bogus) 0
  shots 0 (late 0, refused 0, rewinds capped 0) | hits head 0 body 0 (after cover 0, too late 0), kills 0 | ground 0 cover 0 expired 0 | segments 0 candidates 0
