== blob, 3000 bots, 60s -> baselines/2026-09-29-wsl2/blob-3k-gso-1
== summary: 1708 steady-state ticks (after warmup, before clients drain), peak 3000 clients ==
  phase        p50 ms   p99 ms   max ms
  ingress        1.27     2.01     5.53
  events         0.37     0.69     0.83
  movement       0.54     0.77     3.66
  grid           0.09     0.14     0.22
  history        0.00     0.00     0.02
  serialize      0.39     0.56     2.29
  assembly      10.63    14.48    25.04
  transport      3.17     5.19    13.88
  egress         4.99     6.34     8.79
  tick          21.39    28.48    44.34
  overruns 3 | spawns 3000 despawns 3000 (7515 joins deferred) | stand-ins: repeated 0 frozen 0 | late inputs 0 discarded 0 | bad messages 0 | recv errors 0 send errors 0
  egress (whole run): 10741307 datagrams in 5373681 sends (2.00 per send), 115240 syscalls
  ticks per ladder level (whole run): L0: 1435, L1: 31, L2: 159, L3: 186
  input wait on the server (datagram arrival -> applied): p50 50.0 p99 67.0 max 80.8 mean 50.3 ms
  steady state: stand-ins repeated 0 frozen 0 | late inputs 0 discarded 0
== bots summary ==
  started 3000 welcomed 3000 failed 0
  join latency ms: p50 350 p99 962 max 1095 (n=3000)
  corrections 0 (0.00/bot-minute), mean error 0.000 m, max 0.000 m
  snapshots 5360191 (entities per snapshot: near 64.0 mid 86.0 far 0.4), stale 0, unmatched acks 0, resyncs 0
  input -> applied on server (est. RTT/2 + server wait): p50 62.0 p99 81.0 max 94.0 mean 61.9 ms (n=5358953)
    of which server wait (arrival -> applied): p50 50.0 p99 67.0 max 80.8 mean 50.3 ms (n=5358953)
  input -> seen acked (round trip): p50 100.0 p99 100.0 max 133.0 mean 86.1 ms (n=5358953)
  near entity update interval (tracked bots): p50 66.0 p99 66.0 max 133.0 mean 52.2 ms (n=17157868)
  mid entity update interval (tracked bots): p50 100.0 p99 100.0 max 59800.0 mean 155.6 ms (n=22971136)
  far entity update interval (tracked bots): p50 500.0 p99 1500.0 max 59600.0 mean 566.7 ms (n=106890)
  input clock: 4472 extra inputs, 3285 skipped ticks, 0 backlog skips | near decode errors (tracked bots) 0
  bytes down 7635.6 MB up 268.1 MB | swarm busy 28% of its threads' time, tick overruns 0
