preallocated connections for 10000 clients in 228.083743ms
listening on 127.0.0.1:40500 | spawn Blob | tiers near 64@150 m, mid 500 m, far 1500 m, budget 6250 B/tick, squads of 4 | 8 rayon threads, 64 shards, 256 accepts/tick, egress Gso | socket buffers rcv 8192 KiB snd 8192 KiB
WARNING: token key is the public dev key; anyone can mint tokens for this server (--token-key)
[    5s] clients 3000 | level 0 (0-0 in window: 30 Hz, dilation 1.0), pace 1.00, 0.0% clients bandwidth-degraded | tick p50 20.45 p99 23.09 max 23.14 ms, 0 overruns | out 157.4k pps 345 kbps/client, 896 Mbps | in 80.4k pps 14 kbps/client | stand-ins: repeated 0.00% frozen 0.00%, 0 late inputs | per client-tick: 1362 B (near 370 B, 97% deltas), near 64.0 mid 86.0 far 0.0, far skipped 0 starved 0 | input wait p50 51.1 p99 68.1 ms | 7515 joins deferred | kernel drops rcv 0 snd 0
         p50/p99 ms: ingress 1.16/1.84  events 0.35/2.19  movement 0.50/0.71  grid 0.09/0.13  history 0.00/0.02  serialize 0.39/0.57  assembly 10.20/11.57  transport 2.94/4.14  egress 4.66/5.59
[   10s] clients 3000 | level 0 (0-0 in window: 30 Hz, dilation 1.0), pace 1.00, 0.0% clients bandwidth-degraded | tick p50 21.24 p99 26.80 max 27.25 ms, 0 overruns | out 180.0k pps 340 kbps/client, 1021 Mbps | in 90.0k pps 12 kbps/client | stand-ins: repeated 0.00% frozen 0.00%, 0 late inputs | per client-tick: 1348 B (near 356 B, 99% deltas), near 64.0 mid 86.0 far 0.0, far skipped 0 starved 0 | input wait p50 49.7 p99 66.4 ms | 0 joins deferred | kernel drops rcv 0 snd 0
         p50/p99 ms: ingress 1.22/1.64  events 0.36/0.52  movement 0.54/0.75  grid 0.09/0.14  history 0.00/0.00  serialize 0.39/0.50  assembly 10.57/12.82  transport 3.11/6.43  egress 4.96/6.19
[   15s] clients 3000 | level 0 (0-0 in window: 30 Hz, dilation 1.0), pace 1.00, 0.0% clients bandwidth-degraded | tick p50 21.11 p99 23.52 max 24.08 ms, 0 overruns | out 180.0k pps 340 kbps/client, 1021 Mbps | in 90.0k pps 12 kbps/client | stand-ins: repeated 0.00% frozen 0.00%, 0 late inputs | per client-tick: 1348 B (near 356 B, 99% deltas), near 64.0 mid 86.0 far 0.0, far skipped 0 starved 0 | input wait p50 49.7 p99 66.4 ms | 0 joins deferred | kernel drops rcv 0 snd 0
         p50/p99 ms: ingress 1.24/1.60  events 0.35/0.53  movement 0.54/0.68  grid 0.09/0.12  history 0.00/0.00  serialize 0.39/0.55  assembly 10.55/12.00  transport 3.08/3.74  egress 4.96/5.57
[   20s] clients 3000 | level 0 (0-0 in window: 30 Hz, dilation 1.0), pace 1.00, 0.0% clients bandwidth-degraded | tick p50 20.96 p99 24.09 max 24.39 ms, 0 overruns | out 180.0k pps 341 kbps/client, 1022 Mbps | in 90.0k pps 12 kbps/client | stand-ins: repeated 0.00% frozen 0.00%, 0 late inputs | per client-tick: 1349 B (near 357 B, 99% deltas), near 64.0 mid 86.0 far 0.0, far skipped 0 starved 0 | input wait p50 49.7 p99 66.4 ms | 0 joins deferred | kernel drops rcv 0 snd 0
         p50/p99 ms: ingress 1.22/1.62  events 0.36/0.58  movement 0.55/0.72  grid 0.09/0.12  history 0.00/0.00  serialize 0.38/0.51  assembly 10.48/11.81  transport 3.04/4.33  egress 4.82/5.60
[   25s] clients 3000 | level 0 (0-0 in window: 30 Hz, dilation 1.0), pace 1.00, 0.0% clients bandwidth-degraded | tick p50 21.44 p99 26.02 max 31.78 ms, 0 overruns | out 180.0k pps 340 kbps/client, 1021 Mbps | in 90.0k pps 12 kbps/client | stand-ins: repeated 0.00% frozen 0.00%, 0 late inputs | per client-tick: 1348 B (near 356 B, 99% deltas), near 64.0 mid 86.0 far 0.0, far skipped 0 starved 0 | input wait p50 49.5 p99 66.4 ms | 0 joins deferred | kernel drops rcv 0 snd 0
         p50/p99 ms: ingress 1.27/1.83  events 0.38/0.61  movement 0.52/0.79  grid 0.09/0.12  history 0.00/0.00  serialize 0.38/0.52  assembly 10.72/12.75  transport 3.09/4.08  egress 5.00/7.29
[   30s] clients 3000 | level 0 (0-0 in window: 30 Hz, dilation 1.0), pace 1.00, 0.0% clients bandwidth-degraded | tick p50 21.19 p99 23.94 max 26.85 ms, 0 overruns | out 180.0k pps 340 kbps/client, 1021 Mbps | in 90.0k pps 12 kbps/client | stand-ins: repeated 0.00% frozen 0.00%, 0 late inputs | per client-tick: 1348 B (near 356 B, 99% deltas), near 64.0 mid 86.0 far 0.0, far skipped 0 starved 0 | input wait p50 49.6 p99 66.4 ms | 0 joins deferred | kernel drops rcv 0 snd 0
         p50/p99 ms: ingress 1.21/1.66  events 0.36/0.55  movement 0.53/0.81  grid 0.09/0.13  history 0.00/0.00  serialize 0.39/0.47  assembly 10.61/11.71  transport 3.09/3.83  egress 4.93/6.11
[   35s] clients 3000 | level 0 (0-0 in window: 30 Hz, dilation 1.0), pace 1.00, 0.0% clients bandwidth-degraded | tick p50 21.27 p99 27.74 max 29.73 ms, 0 overruns | out 180.0k pps 340 kbps/client, 1021 Mbps | in 90.0k pps 12 kbps/client | stand-ins: repeated 0.00% frozen 0.00%, 0 late inputs | per client-tick: 1348 B (near 356 B, 99% deltas), near 64.0 mid 86.0 far 0.0, far skipped 0 starved 0 | input wait p50 49.6 p99 66.3 ms | 0 joins deferred | kernel drops rcv 0 snd 0
         p50/p99 ms: ingress 1.25/1.69  events 0.36/0.59  movement 0.53/0.74  grid 0.09/0.14  history 0.00/0.00  serialize 0.38/0.49  assembly 10.63/12.38  transport 3.12/4.23  egress 4.97/5.79
[   40s] clients 3000 | level 0 (0-0 in window: 30 Hz, dilation 1.0), pace 1.00, 0.0% clients bandwidth-degraded | tick p50 21.34 p99 30.71 max 38.62 ms, 1 overruns | out 179.8k pps 340 kbps/client, 1020 Mbps | in 89.9k pps 12 kbps/client | stand-ins: repeated 0.00% frozen 0.00%, 0 late inputs | per client-tick: 1348 B (near 356 B, 99% deltas), near 64.0 mid 86.0 far 0.0, far skipped 0 starved 0 | input wait p50 50.6 p99 69.7 ms | 0 joins deferred | kernel drops rcv 0 snd 0
         p50/p99 ms: ingress 1.22/1.99  events 0.36/0.58  movement 0.54/0.73  grid 0.09/0.13  history 0.00/0.00  serialize 0.38/0.53  assembly 10.64/15.83  transport 3.11/4.66  egress 4.98/5.84
[   45s] clients 3000 | level 0 (0-0 in window: 30 Hz, dilation 1.0), pace 1.00, 0.0% clients bandwidth-degraded | tick p50 21.31 p99 26.05 max 26.89 ms, 0 overruns | out 179.9k pps 340 kbps/client, 1020 Mbps | in 90.0k pps 12 kbps/client | stand-ins: repeated 0.00% frozen 0.00%, 0 late inputs | per client-tick: 1348 B (near 356 B, 99% deltas), near 64.0 mid 86.0 far 0.0, far skipped 0 starved 0 | input wait p50 49.8 p99 66.5 ms | 0 joins deferred | kernel drops rcv 0 snd 0
         p50/p99 ms: ingress 1.26/1.65  events 0.38/0.59  movement 0.52/0.75  grid 0.09/0.13  history 0.00/0.00  serialize 0.39/0.49  assembly 10.61/13.09  transport 3.17/4.11  egress 5.00/6.01
[   50s] clients 3000 | level 2 (0-2 in window: 30 Hz, dilation 1.0), pace 1.00, 0.0% clients bandwidth-degraded | tick p50 22.28 p99 33.31 max 34.22 ms, 1 overruns | out 179.8k pps 340 kbps/client, 1020 Mbps | in 90.0k pps 12 kbps/client | stand-ins: repeated 0.00% frozen 0.00%, 0 late inputs | per client-tick: 1348 B (near 356 B, 99% deltas), near 64.0 mid 86.0 far 0.0, far skipped 0 starved 0 | input wait p50 49.8 p99 66.8 ms | 0 joins deferred | kernel drops rcv 0 snd 0
         p50/p99 ms: ingress 1.37/3.61  events 0.44/0.77  movement 0.53/1.01  grid 0.10/0.20  history 0.00/0.00  serialize 0.41/0.74  assembly 11.14/17.99  transport 3.32/5.52  egress 5.08/7.42
[   55s] clients 3000 | level 3 (2-3 in window: 30 Hz, dilation 1.0), pace 1.00, 0.0% clients bandwidth-degraded | tick p50 23.09 p99 29.00 max 31.56 ms, 0 overruns | out 180.2k pps 343 kbps/client, 1029 Mbps | in 89.9k pps 12 kbps/client | stand-ins: repeated 0.00% frozen 0.00%, 0 late inputs | per client-tick: 1357 B (near 356 B, 99% deltas), near 64.0 mid 86.0 far 0.8, far skipped 0 starved 0 | input wait p50 49.4 p99 66.7 ms | 0 joins deferred | kernel drops rcv 0 snd 0
         p50/p99 ms: ingress 1.51/2.21  events 0.48/0.80  movement 0.58/0.80  grid 0.10/0.14  history 0.00/0.00  serialize 0.41/0.93  assembly 11.30/15.79  transport 3.60/5.91  egress 5.18/7.07
[   60s] clients 3000 | level 3 (3-3 in window: 30 Hz, dilation 1.0), pace 1.00, 0.0% clients bandwidth-degraded | tick p50 21.75 p99 29.00 max 44.34 ms, 1 overruns | out 179.6k pps 350 kbps/client, 1050 Mbps | in 89.7k pps 12 kbps/client | stand-ins: repeated 0.00% frozen 0.00%, 0 late inputs | per client-tick: 1390 B (near 355 B, 99% deltas), near 64.0 mid 86.0 far 3.7, far skipped 0 starved 0 | input wait p50 51.4 p99 75.8 ms | 0 joins deferred | kernel drops rcv 0 snd 0
         p50/p99 ms: ingress 1.37/2.14  events 0.44/0.77  movement 0.53/0.74  grid 0.09/0.14  history 0.00/0.00  serialize 0.40/0.76  assembly 10.28/14.22  transport 3.44/10.60  egress 5.16/6.40
[   60s] clients 0 | level 3 (3-3 in window: 30 Hz, dilation 1.0), pace 1.00, 0.0% clients bandwidth-degraded | tick p50 18.51 p99 19.84 max 19.84 ms, 0 overruns | out 137.3k pps 394 kbps/client, 818 Mbps | in 115.6k pps 15 kbps/client | stand-ins: repeated 0.00% frozen 0.00%, 0 late inputs | per client-tick: 1419 B (near 387 B, 93% deltas), near 64.0 mid 86.0 far 3.4, far skipped 0 starved 0 | input wait p50 52.5 p99 66.3 ms | 0 joins deferred | kernel drops rcv 0 snd 0
         p50/p99 ms: ingress 1.27/1.53  events 0.40/5.03  movement 0.47/0.68  grid 0.09/0.10  history 0.00/0.00  serialize 0.39/0.56  assembly 9.09/9.41  transport 2.71/3.45  egress 3.61/4.65

== summary: 1708 steady-state ticks (after warmup, before clients drain), peak 3000 clients ==
  phase        p50 ms   p99 ms   max ms
  ingress        1.27     2.01     5.53
  events         0.37     0.69     0.83
  movement       0.54     0.77     3.66
  grid           0.09     0.14     0.22
  history        0.00     0.00     0.02
  serialize      0.39     0.56     2.29
  assembly      10.63    14.48    25.04
  transport      3.17     5.19    13.88
  egress         4.99     6.34     8.79
  tick          21.39    28.48    44.34
  overruns 3 | spawns 3000 despawns 3000 (7515 joins deferred) | stand-ins: repeated 0 frozen 0 | late inputs 0 discarded 0 | bad messages 0 | recv errors 0 send errors 0
  egress (whole run): 10741307 datagrams in 5373681 sends (2.00 per send), 115240 syscalls
  ticks per ladder level (whole run): L0: 1435, L1: 31, L2: 159, L3: 186
  input wait on the server (datagram arrival -> applied): p50 50.0 p99 67.0 max 80.8 mean 50.3 ms
  steady state: stand-ins repeated 0 frozen 0 | late inputs 0 discarded 0
