spawn=blob
egress=gso
ladder=on
threads=8
shards=64
peak_clients=3000
steady_ticks=1708
steady_secs=56.9
ingress_p50_ms=1.27
ingress_p99_ms=2.01
ingress_max_ms=5.53
events_p50_ms=0.37
events_p99_ms=0.69
events_max_ms=0.83
movement_p50_ms=0.54
movement_p99_ms=0.77
movement_max_ms=3.66
grid_p50_ms=0.09
grid_p99_ms=0.14
grid_max_ms=0.22
history_p50_ms=0.00
history_p99_ms=0.00
history_max_ms=0.02
serialize_p50_ms=0.39
serialize_p99_ms=0.56
serialize_max_ms=2.29
assembly_p50_ms=10.63
assembly_p99_ms=14.48
assembly_max_ms=25.04
transport_p50_ms=3.17
transport_p99_ms=5.19
transport_max_ms=13.88
egress_p50_ms=4.99
egress_p99_ms=6.34
egress_max_ms=8.79
tick_p50_ms=21.39
tick_p99_ms=28.48
tick_max_ms=44.34
steady_overruns=3
level_mode=0
tick_hz=30
dilation=1
levels=L0:1334,L1:31,L2:159,L3:184
clients_avg=3000
out_pps=179991
in_pps=90060
egress_mbps=1024.3
packets_per_client_tick=2.00
wire_bytes_per_client_tick=1423
down_kbps_per_client=341.4
up_kbps_per_client=12.0
kernel_rcvbuf_drops=0
kernel_sndbuf_drops=0
snapshot_bytes_per_client_tick=1353
near_bytes_per_client_tick=356
near_per_client_tick=64.0
mid_per_client_tick=86.0
far_per_client_tick=0.4
far_skipped=0
far_starved=0
repeated=0
frozen=0
late_inputs=0
discarded_inputs=0
input_wait_p50_ms=50.0
input_wait_p99_ms=67.0
spawns=3000
despawns=3000
joins_deferred=7515
bad_messages=0
recv_errors=0
send_errors=0
datagrams=10741307
sends=5373681
send_syscalls=115240
