10000 bots -> 172.16.8.2:40500 on 24 threads, ramp 0/s, 60s, 10000 full + 0 sink bots
[    5s] bots 10000/10000 connected, 10000 welcomed, 0 failed | 23.6 snaps/s/bot, entities/snap near 15.1 mid 39.9 far 56.4 | corrections 0.000/s/bot | down 238 up 9 kbps/bot | rtt 15.5 ms loss 0.00% | input->applied ~ p50 58 p99 75 ms, round trip p50 67 p99 100 ms | joins 10000 (p50 697 p99 1515 ms) | server pace 1.00 level 0, 0 bots bandwidth-degraded | swarm busy 16%, overruns 0
[   10s] bots 10000/10000 connected, 10000 welcomed, 0 failed | 31.2 snaps/s/bot, entities/snap near 15.7 mid 41.9 far 58.7 | corrections 0.000/s/bot | down 327 up 12 kbps/bot | rtt 15.7 ms loss 0.00% | input->applied ~ p50 58 p99 74 ms, round trip p50 67 p99 100 ms | joins 0 (p50 0 p99 0 ms) | server pace 1.00 level 0, 0 bots bandwidth-degraded | swarm busy 18%, overruns 0
[   15s] bots 10000/10000 connected, 10000 welcomed, 0 failed | 28.7 snaps/s/bot, entities/snap near 15.7 mid 41.9 far 58.7 | corrections 0.000/s/bot | down 301 up 11 kbps/bot | rtt 15.6 ms loss 0.00% | input->applied ~ p50 57 p99 74 ms, round trip p50 67 p99 100 ms | joins 0 (p50 0 p99 0 ms) | server pace 1.00 level 0, 0 bots bandwidth-degraded | swarm busy 18%, overruns 0
[   20s] bots 10000/10000 connected, 10000 welcomed, 0 failed | 30.7 snaps/s/bot, entities/snap near 15.7 mid 41.9 far 58.7 | corrections 0.000/s/bot | down 323 up 12 kbps/bot | rtt 15.8 ms loss 0.00% | input->applied ~ p50 58 p99 75 ms, round trip p50 67 p99 100 ms | joins 0 (p50 0 p99 0 ms) | server pace 1.00 level 0, 0 bots bandwidth-degraded | swarm busy 18%, overruns 0
[   25s] bots 10000/10000 connected, 10000 welcomed, 0 failed | 30.0 snaps/s/bot, entities/snap near 15.7 mid 41.9 far 58.7 | corrections 0.000/s/bot | down 315 up 12 kbps/bot | rtt 15.8 ms loss 0.00% | input->applied ~ p50 57 p99 75 ms, round trip p50 67 p99 100 ms | joins 0 (p50 0 p99 0 ms) | server pace 1.00 level 0, 0 bots bandwidth-degraded | swarm busy 18%, overruns 0
[   30s] bots 10000/10000 connected, 10000 welcomed, 0 failed | 29.7 snaps/s/bot, entities/snap near 15.7 mid 41.9 far 58.7 | corrections 0.000/s/bot | down 312 up 12 kbps/bot | rtt 15.8 ms loss 0.00% | input->applied ~ p50 58 p99 75 ms, round trip p50 67 p99 100 ms | joins 0 (p50 0 p99 0 ms) | server pace 1.00 level 0, 0 bots bandwidth-degraded | swarm busy 18%, overruns 0
[   35s] bots 10000/10000 connected, 10000 welcomed, 0 failed | 30.5 snaps/s/bot, entities/snap near 15.7 mid 41.9 far 58.7 | corrections 0.000/s/bot | down 320 up 12 kbps/bot | rtt 15.6 ms loss 0.00% | input->applied ~ p50 57 p99 75 ms, round trip p50 67 p99 100 ms | joins 0 (p50 0 p99 0 ms) | server pace 1.00 level 0, 0 bots bandwidth-degraded | swarm busy 18%, overruns 0
[   40s] bots 10000/10000 connected, 10000 welcomed, 0 failed | 29.6 snaps/s/bot, entities/snap near 15.7 mid 41.9 far 58.7 | corrections 0.000/s/bot | down 311 up 12 kbps/bot | rtt 15.6 ms loss 0.00% | input->applied ~ p50 58 p99 74 ms, round trip p50 67 p99 100 ms | joins 0 (p50 0 p99 0 ms) | server pace 1.00 level 0, 0 bots bandwidth-degraded | swarm busy 18%, overruns 0
[   45s] bots 10000/10000 connected, 10000 welcomed, 0 failed | 30.1 snaps/s/bot, entities/snap near 15.7 mid 41.9 far 58.7 | corrections 0.000/s/bot | down 316 up 12 kbps/bot | rtt 15.6 ms loss 0.00% | input->applied ~ p50 58 p99 75 ms, round trip p50 67 p99 100 ms | joins 0 (p50 0 p99 0 ms) | server pace 1.00 level 0, 0 bots bandwidth-degraded | swarm busy 18%, overruns 0
[   50s] bots 10000/10000 connected, 10000 welcomed, 0 failed | 30.4 snaps/s/bot, entities/snap near 15.7 mid 41.9 far 58.7 | corrections 0.000/s/bot | down 319 up 12 kbps/bot | rtt 15.5 ms loss 0.00% | input->applied ~ p50 57 p99 74 ms, round trip p50 67 p99 100 ms | joins 0 (p50 0 p99 0 ms) | server pace 1.00 level 0, 0 bots bandwidth-degraded | swarm busy 17%, overruns 0
[   55s] bots 10000/10000 connected, 10000 welcomed, 0 failed | 29.7 snaps/s/bot, entities/snap near 15.7 mid 41.9 far 58.7 | corrections 0.000/s/bot | down 311 up 12 kbps/bot | rtt 15.6 ms loss 0.00% | input->applied ~ p50 58 p99 74 ms, round trip p50 67 p99 100 ms | joins 0 (p50 0 p99 0 ms) | server pace 1.00 level 0, 0 bots bandwidth-degraded | swarm busy 17%, overruns 0
[   60s] bots 10000/10000 connected, 10000 welcomed, 0 failed | 30.2 snaps/s/bot, entities/snap near 15.7 mid 41.9 far 58.7 | corrections 0.000/s/bot | down 317 up 12 kbps/bot | rtt 15.5 ms loss 0.00% | input->applied ~ p50 57 p99 74 ms, round trip p50 67 p99 100 ms | joins 0 (p50 0 p99 0 ms) | server pace 1.00 level 0, 0 bots bandwidth-degraded | swarm busy 18%, overruns 0

== bots summary ==
  started 10000 welcomed 10000 failed 0
  join latency ms: p50 697 p99 1515 max 2013 (n=10000)
  corrections 0 (0.00/bot-minute), mean error 0.000 m, max 0.000 m
  snapshots 17778165 (entities per snapshot: near 15.6 mid 41.8 far 58.5), stale 0, unmatched acks 0, resyncs 0
  input -> applied on server (est. RTT/2 + server wait): p50 58.0 p99 75.0 max 83.0 mean 57.7 ms (n=17774862)
    of which server wait (arrival -> applied): p50 49.7 p99 65.3 max 73.2 mean 49.9 ms (n=17774862)
  input -> seen acked (round trip): p50 67.0 p99 100.0 max 101.0 mean 79.3 ms (n=17774862)
  near entity update interval (tracked bots): p50 33.0 p99 33.0 max 100.0 mean 33.0 ms (n=13960437)
  mid entity update interval (tracked bots): p50 100.0 p99 100.0 max 500.0 mean 100.2 ms (n=36956114)
  far entity update interval (tracked bots): p50 500.0 p99 500.0 max 59000.0 mean 516.6 ms (n=51279933)
  input clock: 10555 extra inputs, 538 skipped ticks, 0 backlog skips | near decode errors (tracked bots) 0
  bytes down 23258.5 MB up 889.4 MB | swarm busy 18% of its threads' time, tick overruns 0
