warning: use of deprecated method `std::sync::atomic::Atomic::<usize>::fetch_update`: renamed to `try_update` for consistency
   --> src/server.rs:140:14
    |
140 |             .fetch_update(Ordering::AcqRel, Ordering::Acquire, |n| (n < self.max_clients).then_some(n + 1))
    |              ^^^^^^^^^^^^
    |
    = note: `#[warn(deprecated)]` on by default
help: replace the use of the deprecated method
    |
140 -             .fetch_update(Ordering::AcqRel, Ordering::Acquire, |n| (n < self.max_clients).then_some(n + 1))
140 +             .try_update(Ordering::AcqRel, Ordering::Acquire, |n| (n < self.max_clients).then_some(n + 1))
    |

== uniform, 10000 bots, 60s -> baselines/2026-10-04-scaleway-128t/uniform-10k-1
== summary: 1708 steady-state ticks (after warmup, before clients drain), peak 10000 clients ==
  phase        p50 ms   p99 ms   max ms
  ingress        1.56     1.90     2.05
  events         2.63     3.27     3.77
  movement       0.47     0.57     0.84
  grid           0.47     0.55     0.60
  history        0.01     0.01     0.03
  serialize      0.21     0.28     0.38
  assembly       2.85     4.10     4.43
  transport      1.97     2.32     2.50
  egress         3.82     4.44     4.85
  tick          14.09    15.44    16.31
  overruns 0 | spawns 10000 despawns 10000 (52477 joins deferred) | stand-ins: repeated 0 frozen 0 | late inputs 0 discarded 0 | bad messages 0 | recv errors 0 send errors 0
  egress (whole run): 30982775 datagrams in 30982775 sends (1.00 per send), 200996 syscalls
  ticks per ladder level (whole run): L0: 1822
  input wait on the server (datagram arrival -> applied): p50 49.7 p99 65.3 max 73.2 mean 49.9 ms
  steady state: stand-ins repeated 0 frozen 0 | late inputs 0 discarded 0
== bots summary ==
  started 10000 welcomed 10000 failed 0
  join latency ms: p50 697 p99 1515 max 2013 (n=10000)
  corrections 0 (0.00/bot-minute), mean error 0.000 m, max 0.000 m
  snapshots 17778165 (entities per snapshot: near 15.6 mid 41.8 far 58.5), stale 0, unmatched acks 0, resyncs 0
  input -> applied on server (est. RTT/2 + server wait): p50 58.0 p99 75.0 max 83.0 mean 57.7 ms (n=17774862)
    of which server wait (arrival -> applied): p50 49.7 p99 65.3 max 73.2 mean 49.9 ms (n=17774862)
  input -> seen acked (round trip): p50 67.0 p99 100.0 max 101.0 mean 79.3 ms (n=17774862)
  near entity update interval (tracked bots): p50 33.0 p99 33.0 max 100.0 mean 33.0 ms (n=13960437)
  mid entity update interval (tracked bots): p50 100.0 p99 100.0 max 500.0 mean 100.2 ms (n=36956114)
  far entity update interval (tracked bots): p50 500.0 p99 500.0 max 59000.0 mean 516.6 ms (n=51279933)
  input clock: 10555 extra inputs, 538 skipped ticks, 0 backlog skips | near decode errors (tracked bots) 0
  bytes down 23258.5 MB up 889.4 MB | swarm busy 18% of its threads' time, tick overruns 0
