preallocated connections for 10000 clients in 219.557288ms
listening on 172.16.8.2:40500 | spawn Uniform | tiers near 64@150 m, mid 500 m, far 1500 m, budget 6250 B/tick, squads of 4 | 128 rayon threads, 64 shards, 256 accepts/tick, egress SendMmsg | socket buffers rcv 32768 KiB snd 32768 KiB
[    5s] clients 10000 | level 0 (0-0 in window: 30 Hz, dilation 1.0), pace 1.00, 0.0% clients bandwidth-degraded | tick p50 14.06 p99 16.35 max 16.40 ms, 0 overruns | out 373.6k pps 300 kbps/client, 2220 Mbps | in 235.2k pps 16 kbps/client | stand-ins: repeated 0.00% frozen 0.00%, 0 late inputs | per client-tick: 1189 B (near 92 B, 99% deltas), near 14.9 mid 39.4 far 55.7, far skipped 0 starved 0 | input wait p50 50.1 p99 66.4 ms | 52477 joins deferred | kernel drops rcv 0 snd 0
         p50/p99 ms: ingress 1.57/5.83  events 2.62/4.26  movement 0.44/0.56  grid 0.44/0.55  history 0.01/0.05  serialize 0.22/0.39  assembly 2.77/3.47  transport 1.91/2.24  egress 3.75/4.41
[   10s] clients 10000 | level 0 (0-0 in window: 30 Hz, dilation 1.0), pace 1.00, 0.0% clients bandwidth-degraded | tick p50 14.04 p99 14.95 max 15.32 ms, 0 overruns | out 523.5k pps 315 kbps/client, 3148 Mbps | in 300.0k pps 12 kbps/client | stand-ins: repeated 0.00% frozen 0.00%, 0 late inputs | per client-tick: 1252 B (near 95 B, 100% deltas), near 15.7 mid 41.9 far 58.7, far skipped 0 starved 0 | input wait p50 49.7 p99 65.3 ms | 0 joins deferred | kernel drops rcv 0 snd 0
         p50/p99 ms: ingress 1.54/1.88  events 2.57/3.01  movement 0.47/0.56  grid 0.47/0.55  history 0.01/0.01  serialize 0.21/0.28  assembly 2.82/3.31  transport 1.95/2.31  egress 3.94/4.49
[   15s] clients 10000 | level 0 (0-0 in window: 30 Hz, dilation 1.0), pace 1.00, 0.0% clients bandwidth-degraded | tick p50 14.16 p99 15.11 max 15.24 ms, 0 overruns | out 523.3k pps 315 kbps/client, 3147 Mbps | in 300.0k pps 12 kbps/client | stand-ins: repeated 0.00% frozen 0.00%, 0 late inputs | per client-tick: 1252 B (near 95 B, 100% deltas), near 15.7 mid 41.9 far 58.7, far skipped 0 starved 0 | input wait p50 49.6 p99 65.3 ms | 0 joins deferred | kernel drops rcv 0 snd 0
         p50/p99 ms: ingress 1.56/1.90  events 2.56/2.95  movement 0.47/0.55  grid 0.47/0.54  history 0.01/0.01  serialize 0.21/0.26  assembly 2.82/4.08  transport 1.96/2.29  egress 3.95/4.50
[   20s] clients 10000 | level 0 (0-0 in window: 30 Hz, dilation 1.0), pace 1.00, 0.0% clients bandwidth-degraded | tick p50 14.29 p99 15.37 max 16.31 ms, 0 overruns | out 523.4k pps 315 kbps/client, 3148 Mbps | in 300.0k pps 12 kbps/client | stand-ins: repeated 0.00% frozen 0.00%, 0 late inputs | per client-tick: 1252 B (near 95 B, 100% deltas), near 15.7 mid 41.9 far 58.7, far skipped 0 starved 0 | input wait p50 49.6 p99 65.3 ms | 0 joins deferred | kernel drops rcv 0 snd 0
         p50/p99 ms: ingress 1.58/1.89  events 2.69/3.32  movement 0.48/0.66  grid 0.47/0.56  history 0.01/0.01  serialize 0.21/0.32  assembly 2.87/4.08  transport 2.01/2.40  egress 3.88/4.40
[   25s] clients 10000 | level 0 (0-0 in window: 30 Hz, dilation 1.0), pace 1.00, 0.0% clients bandwidth-degraded | tick p50 14.22 p99 15.44 max 16.09 ms, 0 overruns | out 523.4k pps 315 kbps/client, 3148 Mbps | in 300.0k pps 12 kbps/client | stand-ins: repeated 0.00% frozen 0.00%, 0 late inputs | per client-tick: 1252 B (near 95 B, 100% deltas), near 15.7 mid 41.9 far 58.7, far skipped 0 starved 0 | input wait p50 49.6 p99 65.3 ms | 0 joins deferred | kernel drops rcv 0 snd 0
         p50/p99 ms: ingress 1.58/1.85  events 2.70/3.14  movement 0.47/0.56  grid 0.48/0.56  history 0.01/0.02  serialize 0.21/0.32  assembly 2.85/4.04  transport 2.03/2.33  egress 3.81/4.45
[   30s] clients 10000 | level 0 (0-0 in window: 30 Hz, dilation 1.0), pace 1.00, 0.0% clients bandwidth-degraded | tick p50 14.19 p99 15.44 max 15.46 ms, 0 overruns | out 523.4k pps 315 kbps/client, 3148 Mbps | in 300.0k pps 12 kbps/client | stand-ins: repeated 0.00% frozen 0.00%, 0 late inputs | per client-tick: 1252 B (near 95 B, 100% deltas), near 15.7 mid 41.9 far 58.7, far skipped 0 starved 0 | input wait p50 49.5 p99 65.3 ms | 0 joins deferred | kernel drops rcv 0 snd 0
         p50/p99 ms: ingress 1.57/1.96  events 2.68/3.22  movement 0.47/0.59  grid 0.47/0.55  history 0.01/0.02  serialize 0.21/0.31  assembly 2.88/4.20  transport 2.02/2.25  egress 3.79/4.21
[   35s] clients 10000 | level 0 (0-0 in window: 30 Hz, dilation 1.0), pace 1.00, 0.0% clients bandwidth-degraded | tick p50 14.09 p99 15.73 max 15.80 ms, 0 overruns | out 523.5k pps 315 kbps/client, 3148 Mbps | in 300.0k pps 12 kbps/client | stand-ins: repeated 0.00% frozen 0.00%, 0 late inputs | per client-tick: 1253 B (near 95 B, 100% deltas), near 15.7 mid 41.9 far 58.7, far skipped 0 starved 0 | input wait p50 49.5 p99 65.3 ms | 0 joins deferred | kernel drops rcv 0 snd 0
         p50/p99 ms: ingress 1.55/1.92  events 2.58/3.34  movement 0.47/0.58  grid 0.47/0.54  history 0.01/0.01  serialize 0.21/0.30  assembly 2.85/4.29  transport 1.97/2.23  egress 3.81/4.36
[   40s] clients 10000 | level 0 (0-0 in window: 30 Hz, dilation 1.0), pace 1.00, 0.0% clients bandwidth-degraded | tick p50 13.94 p99 15.50 max 15.69 ms, 0 overruns | out 523.5k pps 315 kbps/client, 3148 Mbps | in 300.0k pps 12 kbps/client | stand-ins: repeated 0.00% frozen 0.00%, 0 late inputs | per client-tick: 1252 B (near 95 B, 100% deltas), near 15.7 mid 41.9 far 58.7, far skipped 0 starved 0 | input wait p50 49.6 p99 65.3 ms | 0 joins deferred | kernel drops rcv 0 snd 0
         p50/p99 ms: ingress 1.55/1.85  events 2.60/3.31  movement 0.46/0.57  grid 0.47/0.55  history 0.01/0.01  serialize 0.21/0.25  assembly 2.84/4.10  transport 1.94/2.21  egress 3.81/4.38
[   45s] clients 10000 | level 0 (0-0 in window: 30 Hz, dilation 1.0), pace 1.00, 0.0% clients bandwidth-degraded | tick p50 14.05 p99 15.68 max 15.81 ms, 0 overruns | out 523.4k pps 315 kbps/client, 3148 Mbps | in 300.0k pps 12 kbps/client | stand-ins: repeated 0.00% frozen 0.00%, 0 late inputs | per client-tick: 1252 B (near 95 B, 100% deltas), near 15.7 mid 41.9 far 58.7, far skipped 0 starved 0 | input wait p50 49.7 p99 65.3 ms | 0 joins deferred | kernel drops rcv 0 snd 0
         p50/p99 ms: ingress 1.55/1.90  events 2.65/3.37  movement 0.47/0.57  grid 0.47/0.54  history 0.01/0.01  serialize 0.21/0.30  assembly 2.84/4.29  transport 1.94/2.38  egress 3.80/4.25
[   50s] clients 10000 | level 0 (0-0 in window: 30 Hz, dilation 1.0), pace 1.00, 0.0% clients bandwidth-degraded | tick p50 13.94 p99 15.13 max 15.62 ms, 0 overruns | out 523.4k pps 315 kbps/client, 3147 Mbps | in 299.9k pps 12 kbps/client | stand-ins: repeated 0.00% frozen 0.00%, 0 late inputs | per client-tick: 1252 B (near 95 B, 100% deltas), near 15.7 mid 41.9 far 58.7, far skipped 0 starved 0 | input wait p50 49.8 p99 65.3 ms | 0 joins deferred | kernel drops rcv 0 snd 0
         p50/p99 ms: ingress 1.55/1.92  events 2.63/3.25  movement 0.47/0.56  grid 0.46/0.54  history 0.01/0.01  serialize 0.21/0.27  assembly 2.83/3.91  transport 1.95/2.25  egress 3.75/4.30
[   55s] clients 10000 | level 0 (0-0 in window: 30 Hz, dilation 1.0), pace 1.00, 0.0% clients bandwidth-degraded | tick p50 13.98 p99 15.74 max 15.76 ms, 0 overruns | out 523.4k pps 315 kbps/client, 3148 Mbps | in 300.0k pps 12 kbps/client | stand-ins: repeated 0.00% frozen 0.00%, 0 late inputs | per client-tick: 1252 B (near 95 B, 100% deltas), near 15.7 mid 41.9 far 58.7, far skipped 0 starved 0 | input wait p50 49.8 p99 65.3 ms | 0 joins deferred | kernel drops rcv 0 snd 0
         p50/p99 ms: ingress 1.55/1.94  events 2.61/3.44  movement 0.46/0.55  grid 0.46/0.55  history 0.01/0.02  serialize 0.21/0.26  assembly 2.84/4.13  transport 1.95/2.28  egress 3.78/4.26
[   60s] clients 10000 | level 0 (0-0 in window: 30 Hz, dilation 1.0), pace 1.00, 0.0% clients bandwidth-degraded | tick p50 13.92 p99 15.23 max 15.56 ms, 0 overruns | out 523.4k pps 315 kbps/client, 3149 Mbps | in 299.9k pps 12 kbps/client | stand-ins: repeated 0.00% frozen 0.00%, 0 late inputs | per client-tick: 1252 B (near 95 B, 100% deltas), near 15.7 mid 41.9 far 58.7, far skipped 0 starved 0 | input wait p50 49.8 p99 65.3 ms | 0 joins deferred | kernel drops rcv 0 snd 0
         p50/p99 ms: ingress 1.54/1.89  events 2.60/3.07  movement 0.47/0.56  grid 0.47/0.55  history 0.01/0.01  serialize 0.21/0.27  assembly 2.85/4.07  transport 1.94/2.42  egress 3.76/4.21
[   61s] clients 0 | level 0 (0-0 in window: 30 Hz, dilation 1.0), pace 1.00, 0.0% clients bandwidth-degraded | tick p50 13.87 p99 24.12 max 24.12 ms, 0 overruns | out 436.8k pps 316 kbps/client, 2640 Mbps | in 310.2k pps 13 kbps/client | stand-ins: repeated 0.00% frozen 0.00%, 0 late inputs | per client-tick: 1230 B (near 93 B, 100% deltas), near 15.4 mid 41.1 far 57.6, far skipped 0 starved 0 | input wait p50 50.2 p99 65.3 ms | 0 joins deferred | kernel drops rcv 0 snd 0
         p50/p99 ms: ingress 1.55/7.37  events 2.75/14.71  movement 0.46/0.56  grid 0.43/0.53  history 0.01/0.01  serialize 0.20/0.26  assembly 2.70/3.01  transport 1.91/2.08  egress 3.55/4.05

== summary: 1708 steady-state ticks (after warmup, before clients drain), peak 10000 clients ==
  phase        p50 ms   p99 ms   max ms
  ingress        1.56     1.90     2.05
  events         2.63     3.27     3.77
  movement       0.47     0.57     0.84
  grid           0.47     0.55     0.60
  history        0.01     0.01     0.03
  serialize      0.21     0.28     0.38
  assembly       2.85     4.10     4.43
  transport      1.97     2.32     2.50
  egress         3.82     4.44     4.85
  tick          14.09    15.44    16.31
  overruns 0 | spawns 10000 despawns 10000 (52477 joins deferred) | stand-ins: repeated 0 frozen 0 | late inputs 0 discarded 0 | bad messages 0 | recv errors 0 send errors 0
  egress (whole run): 30982775 datagrams in 30982775 sends (1.00 per send), 200996 syscalls
  ticks per ladder level (whole run): L0: 1822
  input wait on the server (datagram arrival -> applied): p50 49.7 p99 65.3 max 73.2 mean 49.9 ms
  steady state: stand-ins repeated 0 frozen 0 | late inputs 0 discarded 0
