== uniform, 1000 bots, 60s -> baselines/2026-09-29-wsl2/uniform-1k-2
== summary: 1709 steady-state ticks (after warmup, before clients drain), peak 1000 clients ==
  phase        p50 ms   p99 ms   max ms
  ingress        0.38     0.76     1.32
  events         0.10     0.19     0.27
  movement       0.20     0.26     0.38
  grid           0.06     0.11     0.17
  history        0.00     0.00     0.01
  serialize      0.04     0.09     0.15
  assembly       0.87     1.25     1.68
  transport      0.41     0.84     1.11
  egress         1.57     2.02    10.73
  tick           3.65     4.82    13.97
  overruns 0 | spawns 1000 despawns 1000 (440 joins deferred) | stand-ins: repeated 0 frozen 0 | late inputs 0 discarded 0 | bad messages 0 | recv errors 0 send errors 0
  egress (whole run): 1799132 datagrams in 1799132 sends (1.00 per send), 115264 syscalls
  ticks per ladder level (whole run): L0: 1811
  input wait on the server (datagram arrival -> applied): p50 50.1 p99 66.5 max 68.5 mean 50.0 ms
  steady state: stand-ins repeated 0 frozen 0 | late inputs 0 discarded 0
== bots summary ==
  started 1000 welcomed 1000 failed 0
  join latency ms: p50 150 p99 362 max 462 (n=1000)
  corrections 0 (0.00/bot-minute), mean error 0.000 m, max 0.000 m
  snapshots 1795083 (entities per snapshot: near 4.4 mid 4.2 far 6.3), stale 0, unmatched acks 0, resyncs 0
  input -> applied on server (est. RTT/2 + server wait): p50 53.0 p99 69.0 max 71.0 mean 52.2 ms (n=1794908)
    of which server wait (arrival -> applied): p50 50.1 p99 66.5 max 68.5 mean 50.0 ms (n=1794908)
  input -> seen acked (round trip): p50 67.0 p99 100.0 max 101.0 mean 69.8 ms (n=1794908)
  near entity update interval (tracked bots): p50 33.0 p99 33.0 max 100.0 mean 33.0 ms (n=404833)
  mid entity update interval (tracked bots): p50 100.0 p99 100.0 max 500.0 mean 100.2 ms (n=392719)
  far entity update interval (tracked bots): p50 500.0 p99 500.0 max 54000.0 mean 509.1 ms (n=572765)
  input clock: 1342 extra inputs, 354 skipped ticks, 0 backlog skips | near decode errors (tracked bots) 0
  bytes down 404.8 MB up 89.8 MB | swarm busy 10% of its threads' time, tick overruns 0
