preallocated connections for 10000 clients in 223.872507ms
listening on 127.0.0.1:40500 | spawn Uniform | tiers near 64@150 m, mid 500 m, far 1500 m, budget 6250 B/tick, squads of 4 | 8 rayon threads, 64 shards, 256 accepts/tick, egress SendMmsg | socket buffers rcv 8192 KiB snd 8192 KiB
WARNING: token key is the public dev key; anyone can mint tokens for this server (--token-key)
[    5s] clients 1000 | level 0 (0-0 in window: 30 Hz, dilation 1.0), pace 1.00, 0.0% clients bandwidth-degraded | tick p50 3.62 p99 5.63 max 14.95 ms, 0 overruns | out 28.1k pps 54 kbps/client, 50 Mbps | in 28.0k pps 13 kbps/client | stand-ins: repeated 0.00% frozen 0.00%, 0 late inputs | per client-tick: 190 B (near 30 B, 99% deltas), near 4.3 mid 4.1 far 6.2, far skipped 0 starved 0 | input wait p50 50.1 p99 66.5 ms | 440 joins deferred | kernel drops rcv 0 snd 0
         p50/p99 ms: ingress 0.37/1.03  events 0.10/1.66  movement 0.20/0.25  grid 0.06/0.10  history 0.00/0.02  serialize 0.05/0.08  assembly 0.85/1.30  transport 0.40/0.88  egress 1.55/1.89
[   10s] clients 1000 | level 0 (0-0 in window: 30 Hz, dilation 1.0), pace 1.00, 0.0% clients bandwidth-degraded | tick p50 3.60 p99 4.52 max 4.52 ms, 0 overruns | out 30.0k pps 54 kbps/client, 54 Mbps | in 30.0k pps 12 kbps/client | stand-ins: repeated 0.00% frozen 0.00%, 0 late inputs | per client-tick: 190 B (near 29 B, 100% deltas), near 4.3 mid 4.2 far 6.3, far skipped 0 starved 0 | input wait p50 50.2 p99 66.5 ms | 0 joins deferred | kernel drops rcv 0 snd 0
         p50/p99 ms: ingress 0.37/0.55  events 0.10/0.16  movement 0.20/0.26  grid 0.06/0.09  history 0.00/0.00  serialize 0.04/0.07  assembly 0.85/1.15  transport 0.40/0.90  egress 1.55/1.81
[   15s] clients 1000 | level 0 (0-0 in window: 30 Hz, dilation 1.0), pace 1.00, 0.0% clients bandwidth-degraded | tick p50 3.64 p99 4.27 max 5.87 ms, 0 overruns | out 30.0k pps 54 kbps/client, 54 Mbps | in 30.0k pps 12 kbps/client | stand-ins: repeated 0.00% frozen 0.00%, 0 late inputs | per client-tick: 190 B (near 29 B, 100% deltas), near 4.4 mid 4.2 far 6.3, far skipped 0 starved 0 | input wait p50 50.4 p99 66.5 ms | 0 joins deferred | kernel drops rcv 0 snd 0
         p50/p99 ms: ingress 0.38/0.54  events 0.10/0.19  movement 0.20/0.28  grid 0.06/0.10  history 0.00/0.00  serialize 0.04/0.08  assembly 0.86/1.23  transport 0.42/0.79  egress 1.55/1.93
[   20s] clients 1000 | level 0 (0-0 in window: 30 Hz, dilation 1.0), pace 1.00, 0.0% clients bandwidth-degraded | tick p50 3.62 p99 4.35 max 5.76 ms, 0 overruns | out 30.0k pps 54 kbps/client, 54 Mbps | in 30.0k pps 12 kbps/client | stand-ins: repeated 0.00% frozen 0.00%, 0 late inputs | per client-tick: 190 B (near 29 B, 100% deltas), near 4.4 mid 4.2 far 6.3, far skipped 0 starved 0 | input wait p50 50.2 p99 66.5 ms | 0 joins deferred | kernel drops rcv 0 snd 0
         p50/p99 ms: ingress 0.39/0.76  events 0.10/0.17  movement 0.20/0.28  grid 0.06/0.13  history 0.00/0.00  serialize 0.04/0.10  assembly 0.88/1.21  transport 0.41/0.83  egress 1.55/2.03
[   25s] clients 1000 | level 0 (0-0 in window: 30 Hz, dilation 1.0), pace 1.00, 0.0% clients bandwidth-degraded | tick p50 3.62 p99 4.17 max 4.91 ms, 0 overruns | out 30.0k pps 54 kbps/client, 54 Mbps | in 30.0k pps 12 kbps/client | stand-ins: repeated 0.00% frozen 0.00%, 0 late inputs | per client-tick: 190 B (near 29 B, 100% deltas), near 4.4 mid 4.2 far 6.3, far skipped 0 starved 0 | input wait p50 50.2 p99 66.5 ms | 0 joins deferred | kernel drops rcv 0 snd 0
         p50/p99 ms: ingress 0.38/0.56  events 0.10/0.13  movement 0.20/0.26  grid 0.07/0.08  history 0.00/0.00  serialize 0.04/0.10  assembly 0.86/1.11  transport 0.41/0.78  egress 1.58/2.01
[   30s] clients 1000 | level 0 (0-0 in window: 30 Hz, dilation 1.0), pace 1.00, 0.0% clients bandwidth-degraded | tick p50 3.90 p99 5.34 max 5.34 ms, 0 overruns | out 30.0k pps 54 kbps/client, 54 Mbps | in 30.0k pps 12 kbps/client | stand-ins: repeated 0.00% frozen 0.00%, 0 late inputs | per client-tick: 190 B (near 30 B, 100% deltas), near 4.4 mid 4.2 far 6.3, far skipped 0 starved 0 | input wait p50 50.1 p99 66.5 ms | 0 joins deferred | kernel drops rcv 0 snd 0
         p50/p99 ms: ingress 0.43/0.87  events 0.11/0.22  movement 0.19/0.26  grid 0.06/0.11  history 0.00/0.00  serialize 0.04/0.10  assembly 0.96/1.31  transport 0.44/0.88  egress 1.65/2.34
[   35s] clients 1000 | level 0 (0-0 in window: 30 Hz, dilation 1.0), pace 1.00, 0.0% clients bandwidth-degraded | tick p50 3.64 p99 5.74 max 13.97 ms, 0 overruns | out 30.0k pps 54 kbps/client, 54 Mbps | in 30.0k pps 12 kbps/client | stand-ins: repeated 0.00% frozen 0.00%, 0 late inputs | per client-tick: 190 B (near 30 B, 100% deltas), near 4.4 mid 4.2 far 6.3, far skipped 0 starved 0 | input wait p50 50.1 p99 66.5 ms | 0 joins deferred | kernel drops rcv 0 snd 0
         p50/p99 ms: ingress 0.39/0.98  events 0.10/0.20  movement 0.19/0.26  grid 0.06/0.12  history 0.00/0.00  serialize 0.04/0.08  assembly 0.88/1.48  transport 0.41/0.94  egress 1.58/2.67
[   40s] clients 1000 | level 0 (0-0 in window: 30 Hz, dilation 1.0), pace 1.00, 0.0% clients bandwidth-degraded | tick p50 3.65 p99 4.40 max 4.92 ms, 0 overruns | out 30.0k pps 54 kbps/client, 54 Mbps | in 30.0k pps 12 kbps/client | stand-ins: repeated 0.00% frozen 0.00%, 0 late inputs | per client-tick: 190 B (near 30 B, 100% deltas), near 4.4 mid 4.2 far 6.3, far skipped 0 starved 0 | input wait p50 50.0 p99 66.5 ms | 0 joins deferred | kernel drops rcv 0 snd 0
         p50/p99 ms: ingress 0.38/0.73  events 0.10/0.17  movement 0.19/0.36  grid 0.06/0.10  history 0.00/0.00  serialize 0.04/0.09  assembly 0.87/1.22  transport 0.41/0.82  egress 1.55/1.97
[   45s] clients 1000 | level 0 (0-0 in window: 30 Hz, dilation 1.0), pace 1.00, 0.0% clients bandwidth-degraded | tick p50 3.65 p99 4.88 max 5.24 ms, 0 overruns | out 30.0k pps 54 kbps/client, 54 Mbps | in 30.0k pps 12 kbps/client | stand-ins: repeated 0.00% frozen 0.00%, 0 late inputs | per client-tick: 190 B (near 30 B, 100% deltas), near 4.4 mid 4.2 far 6.3, far skipped 0 starved 0 | input wait p50 50.3 p99 66.5 ms | 0 joins deferred | kernel drops rcv 0 snd 0
         p50/p99 ms: ingress 0.39/0.90  events 0.10/0.17  movement 0.20/0.26  grid 0.06/0.09  history 0.00/0.00  serialize 0.04/0.07  assembly 0.88/1.26  transport 0.41/0.78  egress 1.57/1.93
[   50s] clients 1000 | level 0 (0-0 in window: 30 Hz, dilation 1.0), pace 1.00, 0.0% clients bandwidth-degraded | tick p50 3.67 p99 4.57 max 4.76 ms, 0 overruns | out 30.0k pps 54 kbps/client, 54 Mbps | in 30.0k pps 12 kbps/client | stand-ins: repeated 0.00% frozen 0.00%, 0 late inputs | per client-tick: 190 B (near 30 B, 100% deltas), near 4.4 mid 4.1 far 6.3, far skipped 0 starved 0 | input wait p50 50.1 p99 66.5 ms | 0 joins deferred | kernel drops rcv 0 snd 0
         p50/p99 ms: ingress 0.39/0.76  events 0.10/0.17  movement 0.20/0.26  grid 0.06/0.12  history 0.00/0.00  serialize 0.04/0.10  assembly 0.87/1.28  transport 0.42/0.89  egress 1.57/1.98
[   55s] clients 1000 | level 0 (0-0 in window: 30 Hz, dilation 1.0), pace 1.00, 0.0% clients bandwidth-degraded | tick p50 3.61 p99 4.53 max 4.89 ms, 0 overruns | out 30.0k pps 54 kbps/client, 54 Mbps | in 30.0k pps 12 kbps/client | stand-ins: repeated 0.00% frozen 0.00%, 0 late inputs | per client-tick: 190 B (near 30 B, 100% deltas), near 4.4 mid 4.1 far 6.3, far skipped 0 starved 0 | input wait p50 50.1 p99 66.5 ms | 0 joins deferred | kernel drops rcv 0 snd 0
         p50/p99 ms: ingress 0.37/0.67  events 0.10/0.16  movement 0.19/0.23  grid 0.06/0.09  history 0.00/0.00  serialize 0.04/0.07  assembly 0.88/1.23  transport 0.41/0.79  egress 1.58/1.94
[   60s] clients 1000 | level 0 (0-0 in window: 30 Hz, dilation 1.0), pace 1.00, 0.0% clients bandwidth-degraded | tick p50 3.59 p99 4.37 max 4.38 ms, 0 overruns | out 30.0k pps 54 kbps/client, 54 Mbps | in 30.0k pps 12 kbps/client | stand-ins: repeated 0.00% frozen 0.00%, 0 late inputs | per client-tick: 190 B (near 30 B, 100% deltas), near 4.4 mid 4.1 far 6.3, far skipped 0 starved 0 | input wait p50 50.0 p99 66.5 ms | 0 joins deferred | kernel drops rcv 0 snd 0
         p50/p99 ms: ingress 0.38/0.93  events 0.10/0.17  movement 0.19/0.24  grid 0.06/0.09  history 0.00/0.00  serialize 0.04/0.08  assembly 0.86/1.19  transport 0.41/0.74  egress 1.53/1.88
[   60s] clients 0 | level 0 (0-0 in window: 30 Hz, dilation 1.0), pace 1.00, 0.0% clients bandwidth-degraded | tick p50 2.77 p99 3.68 max 3.68 ms, 0 overruns | out 19.0k pps 51 kbps/client, 32 Mbps | in 40.9k pps 17 kbps/client | stand-ins: repeated 0.00% frozen 0.00%, 0 late inputs | per client-tick: 177 B (near 29 B, 100% deltas), near 4.2 mid 3.7 far 5.6, far skipped 0 starved 0 | input wait p50 52.1 p99 66.3 ms | 0 joins deferred | kernel drops rcv 0 snd 0
         p50/p99 ms: ingress 0.37/0.41  events 0.10/0.45  movement 0.18/0.19  grid 0.06/0.07  history 0.00/0.00  serialize 0.02/0.04  assembly 0.39/0.96  transport 0.36/0.88  egress 0.81/1.91

== summary: 1709 steady-state ticks (after warmup, before clients drain), peak 1000 clients ==
  phase        p50 ms   p99 ms   max ms
  ingress        0.38     0.76     1.32
  events         0.10     0.19     0.27
  movement       0.20     0.26     0.38
  grid           0.06     0.11     0.17
  history        0.00     0.00     0.01
  serialize      0.04     0.09     0.15
  assembly       0.87     1.25     1.68
  transport      0.41     0.84     1.11
  egress         1.57     2.02    10.73
  tick           3.65     4.82    13.97
  overruns 0 | spawns 1000 despawns 1000 (440 joins deferred) | stand-ins: repeated 0 frozen 0 | late inputs 0 discarded 0 | bad messages 0 | recv errors 0 send errors 0
  egress (whole run): 1799132 datagrams in 1799132 sends (1.00 per send), 115264 syscalls
  ticks per ladder level (whole run): L0: 1811
  input wait on the server (datagram arrival -> applied): p50 50.1 p99 66.5 max 68.5 mean 50.0 ms
  steady state: stand-ins repeated 0 frozen 0 | late inputs 0 discarded 0
