started=5000
welcomed=5000
failed=0
join_p50_ms=541
join_p99_ms=1178
join_max_ms=2802
corrections=0
corrections_per_bot_minute=0.000
correction_max_m=0.000
push_corrections=1183
push_corrections_per_bot_minute=0.237
push_max_m=0.395
snapshots=6367450
near_per_snapshot=9.2
mid_per_snapshot=20.8
far_per_snapshot=32.7
stale_snapshots=0
resyncs=0
input_applied_p50_ms=105.0
input_applied_p99_ms=147.0
input_applied_mean_ms=100.3
server_wait_p50_ms=50.4
server_wait_p99_ms=67.1
server_wait_mean_ms=50.5
round_trip_p50_ms=167.0
round_trip_p99_ms=233.0
round_trip_mean_ms=166.5
slot_work_p50_ms=0.6
slot_work_p99_ms=1.6
slot_work_mean_ms=0.6
slot_late_p50_ms=0.0
slot_late_p99_ms=0.0
slot_late_mean_ms=0.0
near_interval_p50_ms=33.0
near_interval_p99_ms=166.0
near_interval_mean_ms=46.5
mid_interval_p50_ms=100.0
mid_interval_p99_ms=500.0
mid_interval_mean_ms=140.0
far_interval_p50_ms=500.0
far_interval_p99_ms=1500.0
far_interval_mean_ms=620.5
slot_late_max_ms=29.8
near_interpolated_pct=97.47
near_extrapolated_pct=2.32
near_held_pct=0.05
near_new_pct=0.16
near_pop_p50_mm=0
near_pop_p99_mm=6
mid_interpolated_pct=88.11
mid_extrapolated_pct=10.03
mid_held_pct=1.28
mid_new_pct=0.58
mid_pop_p50_mm=0
mid_pop_p99_mm=948
far_interpolated_pct=28.36
far_extrapolated_pct=54.91
far_held_pct=14.50
far_new_pct=2.24
far_pop_p50_mm=685
far_pop_p99_mm=8772
render_delay_ms=122.5
render_snaps=0
class0_fighters=167
class0_shots=37728
class0_hits=7053
class0_kills=1357
class0_hit_pct=18.7
class0_rtt_ms=30.6
class1_fighters=167
class1_shots=39675
class1_hits=6903
class1_kills=1336
class1_hit_pct=17.4
class1_rtt_ms=110.5
class2_fighters=166
class2_shots=39231
class2_hits=6480
class2_kills=1253
class2_hit_pct=16.5
class2_rtt_ms=161.1
shots_seen=303391
activity_cells=5293626
activity_shots=23430495
ambient=18437111
streak_frames_per_million=26042
clock_slewing_pct=6.22
delay_changes=1602
render_backwards=0
clock_extra=6894
clock_skipped=1853
backlog_skips=0
near_decode_errors=0
bytes_down_mb=5163.5
bytes_up_mb=573.9
swarm_busy_pct=15
swarm_overruns=172
