5000 bots -> 172.31.17.93:14500 on 28 threads x 8 slots, ramp 0/s, 60s, 5000 full + 0 sink bots
[    5s] bots 5000/5000 connected, 5000 welcomed, 0 failed | 17.5 snaps/s/bot, entities/snap near 9.4 mid 20.8 far 32.5 | corrections 0.000/s/bot | down 114 up 12 kbps/bot | rtt 100.3 ms loss 0.00% | input->applied ~ p50 104 p99 146 ms, round trip p50 167 p99 233 ms | joins 5000 (p50 541 p99 1178 ms) | server pace 1.00 level 0, 0 bots bandwidth-degraded | swarm busy 14%, overruns 171
[   10s] bots 5000/5000 connected, 5000 welcomed, 0 failed | 21.7 snaps/s/bot, entities/snap near 9.3 mid 21.0 far 32.7 | corrections 0.000/s/bot | down 141 up 16 kbps/bot | rtt 100.3 ms loss 0.00% | input->applied ~ p50 106 p99 147 ms, round trip p50 167 p99 233 ms | joins 0 (p50 0 p99 0 ms) | server pace 1.00 level 0, 0 bots bandwidth-degraded | swarm busy 15%, overruns 0
[   15s] bots 5000/5000 connected, 5000 welcomed, 0 failed | 21.5 snaps/s/bot, entities/snap near 9.3 mid 20.9 far 32.7 | corrections 0.000/s/bot | down 140 up 16 kbps/bot | rtt 100.4 ms loss 0.00% | input->applied ~ p50 106 p99 147 ms, round trip p50 167 p99 233 ms | joins 0 (p50 0 p99 0 ms) | server pace 1.00 level 0, 0 bots bandwidth-degraded | swarm busy 15%, overruns 0
[   20s] bots 5000/5000 connected, 5000 welcomed, 0 failed | 21.5 snaps/s/bot, entities/snap near 9.2 mid 20.9 far 32.7 | corrections 0.000/s/bot | down 140 up 16 kbps/bot | rtt 100.2 ms loss 0.00% | input->applied ~ p50 106 p99 146 ms, round trip p50 167 p99 233 ms | joins 0 (p50 0 p99 0 ms) | server pace 1.00 level 0, 0 bots bandwidth-degraded | swarm busy 15%, overruns 0
[   25s] bots 5000/5000 connected, 5000 welcomed, 0 failed | 21.6 snaps/s/bot, entities/snap near 9.2 mid 20.8 far 32.7 | corrections 0.000/s/bot | down 140 up 16 kbps/bot | rtt 100.3 ms loss 0.00% | input->applied ~ p50 106 p99 147 ms, round trip p50 167 p99 233 ms | joins 0 (p50 0 p99 0 ms) | server pace 1.00 level 0, 0 bots bandwidth-degraded | swarm busy 15%, overruns 0
[   30s] bots 5000/5000 connected, 5000 welcomed, 0 failed | 21.5 snaps/s/bot, entities/snap near 9.2 mid 20.8 far 32.6 | corrections 0.000/s/bot | down 139 up 16 kbps/bot | rtt 100.3 ms loss 0.00% | input->applied ~ p50 106 p99 147 ms, round trip p50 167 p99 233 ms | joins 0 (p50 0 p99 0 ms) | server pace 1.00 level 0, 0 bots bandwidth-degraded | swarm busy 15%, overruns 1
[   35s] bots 5000/5000 connected, 5000 welcomed, 0 failed | 21.5 snaps/s/bot, entities/snap near 9.2 mid 20.7 far 32.6 | corrections 0.000/s/bot | down 139 up 16 kbps/bot | rtt 100.1 ms loss 0.00% | input->applied ~ p50 106 p99 147 ms, round trip p50 167 p99 233 ms | joins 0 (p50 0 p99 0 ms) | server pace 1.00 level 0, 0 bots bandwidth-degraded | swarm busy 15%, overruns 0
[   40s] bots 5000/5000 connected, 5000 welcomed, 0 failed | 21.3 snaps/s/bot, entities/snap near 9.2 mid 20.7 far 32.7 | corrections 0.000/s/bot | down 138 up 16 kbps/bot | rtt 100.0 ms loss 0.00% | input->applied ~ p50 106 p99 147 ms, round trip p50 167 p99 233 ms | joins 0 (p50 0 p99 0 ms) | server pace 1.00 level 0, 0 bots bandwidth-degraded | swarm busy 15%, overruns 0
[   45s] bots 5000/5000 connected, 5000 welcomed, 0 failed | 21.5 snaps/s/bot, entities/snap near 9.2 mid 20.7 far 32.6 | corrections 0.000/s/bot | down 139 up 16 kbps/bot | rtt 100.0 ms loss 0.00% | input->applied ~ p50 106 p99 147 ms, round trip p50 167 p99 233 ms | joins 0 (p50 0 p99 0 ms) | server pace 1.00 level 0, 0 bots bandwidth-degraded | swarm busy 15%, overruns 0
[   50s] bots 5000/5000 connected, 5000 welcomed, 0 failed | 21.5 snaps/s/bot, entities/snap near 9.2 mid 20.7 far 32.6 | corrections 0.000/s/bot | down 139 up 16 kbps/bot | rtt 100.1 ms loss 0.00% | input->applied ~ p50 106 p99 147 ms, round trip p50 167 p99 233 ms | joins 0 (p50 0 p99 0 ms) | server pace 1.00 level 0, 0 bots bandwidth-degraded | swarm busy 15%, overruns 0
[   55s] bots 5000/5000 connected, 5000 welcomed, 0 failed | 21.4 snaps/s/bot, entities/snap near 9.3 mid 20.7 far 32.6 | corrections 0.000/s/bot | down 139 up 16 kbps/bot | rtt 100.2 ms loss 0.00% | input->applied ~ p50 106 p99 147 ms, round trip p50 167 p99 233 ms | joins 0 (p50 0 p99 0 ms) | server pace 1.00 level 0, 0 bots bandwidth-degraded | swarm busy 15%, overruns 0
[   60s] bots 5000/5000 connected, 5000 welcomed, 0 failed | 21.4 snaps/s/bot, entities/snap near 9.2 mid 20.8 far 32.6 | corrections 0.000/s/bot | down 138 up 16 kbps/bot | rtt 100.4 ms loss 0.00% | input->applied ~ p50 106 p99 147 ms, round trip p50 167 p99 233 ms | joins 0 (p50 0 p99 0 ms) | server pace 1.00 level 0, 0 bots bandwidth-degraded | swarm busy 15%, overruns 0

== bots summary ==
  started 5000 welcomed 5000 failed 0
  join latency ms: p50 541 p99 1178 max 2802 (n=5000)
  corrections 0 (0.00/bot-minute), mean error 0.000 m, max 0.000 m
  push corrections (the server pushed us apart from a crowd) 1183 (0.24/bot-minute), max 0.395 m
  snapshots 6367450 (entities per snapshot: near 9.2 mid 20.8 far 32.7), stale 0, unmatched acks 0, resyncs 0
  input -> applied on server (est. RTT/2 + server wait): p50 105.0 p99 147.0 max 151.0 mean 100.3 ms (n=6355212)
    of which server wait (arrival -> applied): p50 50.4 p99 67.1 max 75.0 mean 50.5 ms (n=6355212)
  input -> seen acked (round trip): p50 167.0 p99 233.0 max 255.0 mean 166.5 ms (n=6355212)
  near entity update interval (tracked bots): p50 33.0 p99 166.0 max 2033.0 mean 46.5 ms (n=5147488)
  mid entity update interval (tracked bots): p50 100.0 p99 500.0 max 2200.0 mean 140.0 ms (n=13413354)
  far entity update interval (tracked bots): p50 500.0 p99 1500.0 max 2200.0 mean 620.5 ms (n=18867023)
  near drawn (tracked bots): 97.47% interpolated, 2.32% extrapolated, 0.05% held, 0.16% new | pops p50 0 p99 6 max 8764 mm
  mid drawn (tracked bots): 88.11% interpolated, 10.03% extrapolated, 1.28% held, 0.58% new | pops p50 0 p99 948 max 23246 mm
  far drawn (tracked bots): 28.36% interpolated, 54.91% extrapolated, 14.50% held, 2.24% new | pops p50 685 p99 8772 max 65535 mm
  render delay (near) 122.5 ms behind the newest step, clock snaps 0 (backwards 0), slewing 6.22% of frames, near delay changes 1602 | streak entity-frames (drawn > 20 m/s) 12236616
  fighters, class 0: 167 at rtt 30.6 ms | 37728 shots, 7053 hits (18.7%), 1357 kills
  fighters, class 1: 167 at rtt 110.5 ms | 39675 shots, 6903 hits (17.4%), 1336 kills
  fighters, class 2: 166 at rtt 161.1 ms | 39231 shots, 6480 hits (16.5%), 1253 kills
  others' shots (tracked bots): 303391 as tracers | distant fights: 5293626 cell entries counting 23430495 shots, 18437111 ambient shots made
  input clock: 6894 extra inputs, 1853 skipped ticks, 0 backlog skips | near decode errors (tracked bots) 0
  bytes down 5163.5 MB up 573.9 MB | swarm busy 15% of its threads' time, tick overruns 172
