preallocated connections for 10000 clients in 258.444211ms
listening on 172.31.17.93:14500 | spawn Uniform | tiers near 64@150 m, mid 500 m, far 1500 m, budget 6250 B/tick, squads of 4 | 64 rayon threads, 64 shards, 1 socket(s), 256 accepts/tick, egress SendMmsg, ingress RecvMmsg | socket buffers rcv 32768 KiB snd 32768 KiB
[    5s] clients 5000 | level 0 (0-0 in window: 30 Hz, dilation 1.0), pace 1.00, 0.0% clients bandwidth-degraded | tick p50 9.90 p99 11.14 max 11.20 ms, 0 overruns | out 133.3k pps 193 kbps/client, 796 Mbps | in 123.8k pps 17 kbps/client, 48.9 per recv, receive thread busy 13% | stand-ins: repeated 0.00% frozen 0.00%, 0 late inputs | per client-tick: 760 B (near 74 B, 95% deltas), near 9.2 mid 20.3 far 31.8, far skipped 0 starved 0 | input wait p50 50.3 p99 67.1 ms | 7873 joins deferred | kernel drops rcv 0 snd 0
         p50/p99 ms: ingress 0.80/2.43  events 2.10/3.27  movement 0.61/0.74  grid 0.35/0.40  separate 0.33/0.65  history 0.01/0.07  shots 1.66/2.24  serialize 0.22/0.48  assembly 1.34/1.95  transport 0.90/1.24  egress 1.32/1.57
[   10s] clients 5000 | level 0 (0-0 in window: 30 Hz, dilation 1.0), pace 1.00, 0.0% clients bandwidth-degraded | tick p50 10.00 p99 10.80 max 10.88 ms, 0 overruns | out 158.0k pps 196 kbps/client, 979 Mbps | in 150.0k pps 15 kbps/client, 50.1 per recv, receive thread busy 15% | stand-ins: repeated 0.00% frozen 0.00%, 0 late inputs | per client-tick: 776 B (near 71 B, 99% deltas), near 9.3 mid 20.9 far 32.7, far skipped 0 starved 0 | input wait p50 50.4 p99 67.0 ms | 0 joins deferred | kernel drops rcv 0 snd 0
         p50/p99 ms: ingress 0.80/1.04  events 2.11/2.46  movement 0.64/0.75  grid 0.35/0.47  separate 0.34/0.61  history 0.01/0.02  shots 1.71/2.16  serialize 0.21/0.41  assembly 1.37/1.89  transport 0.93/1.16  egress 1.34/1.65
[   15s] clients 5000 | level 0 (0-0 in window: 30 Hz, dilation 1.0), pace 1.00, 0.0% clients bandwidth-degraded | tick p50 10.01 p99 10.91 max 11.04 ms, 0 overruns | out 158.0k pps 196 kbps/client, 978 Mbps | in 150.0k pps 15 kbps/client, 50.2 per recv, receive thread busy 15% | stand-ins: repeated 0.00% frozen 0.00%, 0 late inputs | per client-tick: 775 B (near 71 B, 99% deltas), near 9.2 mid 20.9 far 32.7, far skipped 0 starved 0 | input wait p50 50.4 p99 67.0 ms | 0 joins deferred | kernel drops rcv 0 snd 0
         p50/p99 ms: ingress 0.80/1.15  events 2.17/2.66  movement 0.64/0.91  grid 0.35/0.45  separate 0.34/0.64  history 0.01/0.02  shots 1.75/2.18  serialize 0.20/0.26  assembly 1.36/1.71  transport 0.93/1.30  egress 1.34/1.59
[   20s] clients 5000 | level 0 (0-0 in window: 30 Hz, dilation 1.0), pace 1.00, 0.0% clients bandwidth-degraded | tick p50 9.89 p99 10.65 max 10.84 ms, 0 overruns | out 158.1k pps 195 kbps/client, 976 Mbps | in 150.0k pps 15 kbps/client, 49.7 per recv, receive thread busy 15% | stand-ins: repeated 0.00% frozen 0.00%, 0 late inputs | per client-tick: 773 B (near 71 B, 99% deltas), near 9.2 mid 20.9 far 32.7, far skipped 0 starved 0 | input wait p50 50.4 p99 67.0 ms | 0 joins deferred | kernel drops rcv 0 snd 0
         p50/p99 ms: ingress 0.80/1.06  events 2.06/2.52  movement 0.62/0.90  grid 0.35/0.44  separate 0.33/0.63  history 0.01/0.03  shots 1.68/1.94  serialize 0.20/0.28  assembly 1.40/2.03  transport 0.93/1.21  egress 1.35/1.59
[   25s] clients 5000 | level 0 (0-0 in window: 30 Hz, dilation 1.0), pace 1.00, 0.0% clients bandwidth-degraded | tick p50 9.91 p99 10.88 max 11.05 ms, 0 overruns | out 157.9k pps 195 kbps/client, 973 Mbps | in 150.0k pps 15 kbps/client, 49.9 per recv, receive thread busy 15% | stand-ins: repeated 0.00% frozen 0.00%, 0 late inputs | per client-tick: 771 B (near 71 B, 99% deltas), near 9.1 mid 20.8 far 32.7, far skipped 0 starved 0 | input wait p50 50.4 p99 67.0 ms | 0 joins deferred | kernel drops rcv 0 snd 0
         p50/p99 ms: ingress 0.79/1.06  events 2.07/2.57  movement 0.63/0.92  grid 0.35/0.47  separate 0.34/0.64  history 0.01/0.02  shots 1.67/2.13  serialize 0.21/0.27  assembly 1.36/1.85  transport 0.91/1.24  egress 1.35/1.85
[   30s] clients 5000 | level 0 (0-0 in window: 30 Hz, dilation 1.0), pace 1.00, 0.0% clients bandwidth-degraded | tick p50 9.98 p99 10.95 max 11.06 ms, 0 overruns | out 157.9k pps 195 kbps/client, 973 Mbps | in 149.9k pps 15 kbps/client, 50.1 per recv, receive thread busy 15% | stand-ins: repeated 0.00% frozen 0.00%, 0 late inputs | per client-tick: 771 B (near 71 B, 99% deltas), near 9.2 mid 20.8 far 32.6, far skipped 0 starved 0 | input wait p50 50.4 p99 67.0 ms | 0 joins deferred | kernel drops rcv 0 snd 0
         p50/p99 ms: ingress 0.80/1.16  events 2.12/2.69  movement 0.63/0.90  grid 0.36/0.47  separate 0.35/0.65  history 0.01/0.04  shots 1.69/2.11  serialize 0.21/0.26  assembly 1.38/1.88  transport 0.92/1.22  egress 1.33/1.64
[   35s] clients 5000 | level 0 (0-0 in window: 30 Hz, dilation 1.0), pace 1.00, 0.0% clients bandwidth-degraded | tick p50 9.90 p99 10.71 max 11.13 ms, 0 overruns | out 157.9k pps 194 kbps/client, 972 Mbps | in 150.0k pps 15 kbps/client, 49.9 per recv, receive thread busy 15% | stand-ins: repeated 0.00% frozen 0.00%, 0 late inputs | per client-tick: 770 B (near 71 B, 99% deltas), near 9.2 mid 20.7 far 32.6, far skipped 0 starved 0 | input wait p50 50.4 p99 67.0 ms | 0 joins deferred | kernel drops rcv 0 snd 0
         p50/p99 ms: ingress 0.80/0.99  events 2.08/2.73  movement 0.63/0.82  grid 0.35/0.51  separate 0.36/0.64  history 0.01/0.02  shots 1.68/2.14  serialize 0.21/0.28  assembly 1.34/1.81  transport 0.91/1.19  egress 1.34/1.55
[   40s] clients 5000 | level 0 (0-0 in window: 30 Hz, dilation 1.0), pace 1.00, 0.0% clients bandwidth-degraded | tick p50 9.89 p99 10.72 max 10.77 ms, 0 overruns | out 157.9k pps 194 kbps/client, 972 Mbps | in 150.0k pps 15 kbps/client, 49.4 per recv, receive thread busy 15% | stand-ins: repeated 0.00% frozen 0.00%, 0 late inputs | per client-tick: 770 B (near 71 B, 99% deltas), near 9.2 mid 20.7 far 32.6, far skipped 0 starved 0 | input wait p50 50.4 p99 67.0 ms | 0 joins deferred | kernel drops rcv 0 snd 0
         p50/p99 ms: ingress 0.80/1.11  events 2.07/2.48  movement 0.62/0.89  grid 0.36/0.57  separate 0.34/0.64  history 0.01/0.02  shots 1.69/2.07  serialize 0.20/0.36  assembly 1.37/1.82  transport 0.93/1.15  egress 1.33/1.69
[   45s] clients 5000 | level 0 (0-0 in window: 30 Hz, dilation 1.0), pace 1.00, 0.0% clients bandwidth-degraded | tick p50 9.86 p99 10.91 max 10.99 ms, 0 overruns | out 157.9k pps 194 kbps/client, 971 Mbps | in 149.9k pps 15 kbps/client, 50.0 per recv, receive thread busy 15% | stand-ins: repeated 0.00% frozen 0.00%, 0 late inputs | per client-tick: 770 B (near 71 B, 99% deltas), near 9.2 mid 20.7 far 32.6, far skipped 0 starved 0 | input wait p50 50.4 p99 67.0 ms | 0 joins deferred | kernel drops rcv 0 snd 0
         p50/p99 ms: ingress 0.80/1.00  events 2.06/2.59  movement 0.62/0.71  grid 0.35/0.57  separate 0.35/0.77  history 0.01/0.02  shots 1.68/2.09  serialize 0.21/0.26  assembly 1.33/2.17  transport 0.92/1.25  egress 1.33/1.72
[   50s] clients 5000 | level 0 (0-0 in window: 30 Hz, dilation 1.0), pace 1.00, 0.0% clients bandwidth-degraded | tick p50 9.90 p99 10.70 max 10.73 ms, 0 overruns | out 157.8k pps 194 kbps/client, 971 Mbps | in 149.9k pps 15 kbps/client, 50.0 per recv, receive thread busy 15% | stand-ins: repeated 0.00% frozen 0.00%, 0 late inputs | per client-tick: 769 B (near 71 B, 100% deltas), near 9.2 mid 20.7 far 32.6, far skipped 0 starved 0 | input wait p50 50.4 p99 67.1 ms | 0 joins deferred | kernel drops rcv 0 snd 0
         p50/p99 ms: ingress 0.80/1.14  events 2.06/2.59  movement 0.62/0.69  grid 0.35/0.40  separate 0.36/0.70  history 0.01/0.03  shots 1.65/2.11  serialize 0.20/0.26  assembly 1.37/1.91  transport 0.92/1.27  egress 1.34/1.61
[   55s] clients 5000 | level 0 (0-0 in window: 30 Hz, dilation 1.0), pace 1.00, 0.0% clients bandwidth-degraded | tick p50 9.85 p99 10.72 max 10.77 ms, 0 overruns | out 157.8k pps 194 kbps/client, 971 Mbps | in 150.0k pps 15 kbps/client, 50.1 per recv, receive thread busy 15% | stand-ins: repeated 0.00% frozen 0.00%, 0 late inputs | per client-tick: 770 B (near 72 B, 100% deltas), near 9.2 mid 20.7 far 32.6, far skipped 0 starved 0 | input wait p50 50.4 p99 67.1 ms | 0 joins deferred | kernel drops rcv 0 snd 0
         p50/p99 ms: ingress 0.80/1.16  events 2.09/2.60  movement 0.63/0.92  grid 0.35/0.37  separate 0.33/0.61  history 0.01/0.02  shots 1.67/2.05  serialize 0.21/0.46  assembly 1.37/2.08  transport 0.92/1.29  egress 1.33/1.61
[   60s] clients 5000 | level 0 (0-0 in window: 30 Hz, dilation 1.0), pace 1.00, 0.0% clients bandwidth-degraded | tick p50 10.06 p99 10.95 max 11.03 ms, 0 overruns | out 157.8k pps 194 kbps/client, 972 Mbps | in 149.9k pps 15 kbps/client, 49.7 per recv, receive thread busy 15% | stand-ins: repeated 0.00% frozen 0.00%, 0 late inputs | per client-tick: 770 B (near 71 B, 100% deltas), near 9.2 mid 20.7 far 32.6, far skipped 0 starved 0 | input wait p50 50.4 p99 67.1 ms | 0 joins deferred | kernel drops rcv 0 snd 0
         p50/p99 ms: ingress 0.80/1.02  events 2.12/2.73  movement 0.64/0.93  grid 0.35/0.42  separate 0.46/0.63  history 0.01/0.02  shots 1.71/2.19  serialize 0.21/0.46  assembly 1.36/1.83  transport 0.93/1.17  egress 1.33/1.54
[   65s] clients 2609 | level 0 (0-0 in window: 30 Hz, dilation 1.0), pace 1.00, 0.0% clients bandwidth-degraded | tick p50 4.27 p99 10.60 max 10.69 ms, 0 overruns | out 83.0k pps 123 kbps/client, 339 Mbps | in 10.0k pps 2 kbps/client, 50.8 per recv, receive thread busy 1% | stand-ins: repeated 1.26% frozen 87.58%, 0 late inputs | per client-tick: 477 B (near 72 B, 33% deltas), near 5.2 mid 11.6 far 18.5, far skipped 0 starved 0 | input wait p50 50.6 p99 67.1 ms | 0 joins deferred | kernel drops rcv 0 snd 0
         p50/p99 ms: ingress 0.50/1.16  events 0.00/3.16  movement 0.33/0.65  grid 0.34/0.39  separate 0.34/0.62  history 0.02/0.04  shots 0.13/1.76  serialize 0.19/0.23  assembly 0.63/1.52  transport 0.41/0.97  egress 1.20/1.43
[   66s] clients 0 | level 0 (0-0 in window: 30 Hz, dilation 1.0), pace 1.00, 0.0% clients bandwidth-degraded | tick p50 4.24 p99 5.78 max 5.78 ms, 0 overruns | out 60.3k pps 109 kbps/client, 219 Mbps | in 0.0k pps 0 kbps/client, 0.0 per recv, receive thread busy 0% | stand-ins: repeated 0.00% frozen 100.00%, 0 late inputs | per client-tick: 418 B (near 73 B, 0% deltas), near 4.5 mid 9.9 far 15.8, far skipped 0 starved 0 | input wait p50 0.0 p99 0.0 ms | 0 joins deferred | kernel drops rcv 0 snd 0
         p50/p99 ms: ingress 0.55/1.22  events 0.00/2.12  movement 0.31/0.44  grid 0.34/0.35  separate 0.31/0.34  history 0.01/0.02  shots 0.07/0.08  serialize 0.18/0.21  assembly 0.64/0.74  transport 0.39/0.55  egress 1.16/1.29

== summary: 1709 steady-state ticks (after warmup, before clients drain), peak 5000 clients ==
  phase        p50 ms   p99 ms   max ms
  ingress        0.80     1.07     1.19
  events         2.09     2.64     2.92
  movement       0.63     0.89     0.97
  grid           0.35     0.47     0.69
  separate       0.35     0.64     0.90
  history        0.01     0.02     0.06
  shots          1.69     2.15     2.44
  serialize      0.21     0.28     0.50
  assembly       1.37     1.91     2.60
  transport      0.92     1.24     1.50
  egress         1.34     1.65     1.95
  tick           9.93    10.85    11.20
  overruns 0 | spawns 5000 despawns 5000 (7873 joins deferred) | deaths 3987 respawns 3855 | stand-ins: repeated 5218 frozen 380865 | late inputs 0 discarded 0 | bad messages 0 | recv errors 0 send errors 0
  egress (whole run): 9825704 datagrams in 9825704 sends (1.00 per send), 124916 syscalls
  ingress (whole run): 8953713 datagrams in 179623 receive calls (49.85 per call)
  ticks per ladder level (whole run): L0: 1968
  input wait on the server (datagram arrival -> applied): p50 50.4 p99 67.0 max 75.0 mean 50.4 ms
  steady state: stand-ins repeated 0 frozen 0 | late inputs 0 discarded 0
  rewind of near targets (applied step - the input's render step for that tier): p50 233 p99 367 max 367 mean 236.7 ms (n=8855906)
  rewind of mid/far targets (applied step - the input's render step for that tier): p50 367 p99 433 max 492 mean 364.4 ms (n=8855906)
  render times ahead of the server (bogus) 0
  shots 569594 (late 0, refused 1479, rewinds capped 380333) | hits head 1273 body 22194 (after cover 448, too late 2313), kills 3987 | ground 353212 cover 40598 expired 152317 | segments 24980125 candidates 529337
