started=5000
welcomed=5000
failed=0
join_p50_ms=431
join_p99_ms=958
join_max_ms=1095
corrections=0
corrections_per_bot_minute=0.000
correction_max_m=0.000
push_corrections=2149
push_corrections_per_bot_minute=0.430
push_max_m=0.101
snapshots=8929991
near_per_snapshot=9.8
mid_per_snapshot=22.3
far_per_snapshot=34.8
stale_snapshots=0
resyncs=0
input_applied_p50_ms=54.0
input_applied_p99_ms=70.0
input_applied_mean_ms=54.0
server_wait_p50_ms=50.3
server_wait_p99_ms=66.3
server_wait_mean_ms=50.0
round_trip_p50_ms=67.0
round_trip_p99_ms=100.0
round_trip_mean_ms=74.7
slot_work_p50_ms=0.2
slot_work_p99_ms=1.1
slot_work_mean_ms=0.3
slot_late_p50_ms=0.0
slot_late_p99_ms=0.0
slot_late_mean_ms=0.0
near_interval_p50_ms=33.0
near_interval_p99_ms=33.0
near_interval_mean_ms=33.0
mid_interval_p50_ms=100.0
mid_interval_p99_ms=100.0
mid_interval_mean_ms=100.2
far_interval_p50_ms=500.0
far_interval_p99_ms=500.0
far_interval_mean_ms=499.9
slot_late_max_ms=30.2
near_interpolated_pct=99.85
near_extrapolated_pct=0.02
near_held_pct=0.00
near_new_pct=0.13
near_pop_p50_mm=0
near_pop_p99_mm=0
mid_interpolated_pct=99.51
mid_extrapolated_pct=0.13
mid_held_pct=0.01
mid_new_pct=0.35
mid_pop_p50_mm=0
mid_pop_p99_mm=0
far_interpolated_pct=40.29
far_extrapolated_pct=59.02
far_held_pct=0.27
far_new_pct=0.42
far_pop_p50_mm=406
far_pop_p99_mm=3664
render_delay_ms=66.7
render_snaps=0
shots_seen=0
activity_cells=0
activity_shots=0
ambient=0
streak_frames_per_million=16084
clock_slewing_pct=2.53
delay_changes=0
render_backwards=0
clock_extra=5180
clock_skipped=179
backlog_skips=0
near_decode_errors=0
bytes_down_mb=7122.3
bytes_up_mb=562.8
swarm_busy_pct=9
swarm_overruns=167
