== joins, 5000 bots, 60s -> baselines/2026-10-07-aws-full/joins-5k-1
== summary: 1709 steady-state ticks (after warmup, before clients drain), peak 5500 clients ==
  phase        p50 ms   p99 ms   max ms
  ingress        0.82     1.15     1.69
  events         2.27     2.96     3.42
  movement       0.66     0.76     0.84
  grid           0.35     0.41     0.47
  separate       0.39     0.85     1.04
  history        0.01     0.03     0.05
  shots          0.04     0.09     0.18
  serialize      0.24     0.49     0.67
  assembly       1.35     1.84     3.99
  transport      0.90     1.17     1.34
  egress         1.32     1.61     1.86
  tick           8.50     9.49    11.83
  overruns 0 | spawns 5500 despawns 5500 (15130 joins deferred) | deaths 0 respawns 0 | stand-ins: repeated 0 frozen 0 | late inputs 0 discarded 0 | bad messages 0 | recv errors 0 send errors 0
  egress (whole run): 9597005 datagrams in 9597005 sends (1.00 per send), 115200 syscalls
  ingress (whole run): 9576527 datagrams in 190308 receive calls (50.32 per call)
  ticks per ladder level (whole run): L0: 1817
  input wait on the server (datagram arrival -> applied): p50 50.4 p99 66.3 max 97.2 mean 50.1 ms
  steady state: stand-ins repeated 0 frozen 0 | late inputs 0 discarded 0
  rewind of near targets (applied step - the input's render step for that tier): p50 133 p99 167 max 227 mean 140.1 ms (n=9468872)
  rewind of mid/far targets (applied step - the input's render step for that tier): p50 267 p99 300 max 360 mean 273.9 ms (n=9468872)
  render times ahead of the server (bogus) 0
  shots 0 (late 0, refused 0, rewinds capped 0) | hits head 0 body 0 (after cover 0, too late 0), kills 0 | ground 0 cover 0 expired 0 | segments 0 candidates 0
== bots summary ==
  started 5000 welcomed 5000 failed 0
  join latency ms: p50 431 p99 958 max 1095 (n=5000)
  corrections 0 (0.00/bot-minute), mean error 0.000 m, max 0.000 m
  push corrections (the server pushed us apart from a crowd) 2149 (0.43/bot-minute), max 0.101 m
  snapshots 8929991 (entities per snapshot: near 9.8 mid 22.3 far 34.8), stale 0, unmatched acks 0, resyncs 0
  input -> applied on server (est. RTT/2 + server wait): p50 54.0 p99 70.0 max 75.0 mean 54.0 ms (n=8929005)
    of which server wait (arrival -> applied): p50 50.3 p99 66.3 max 66.9 mean 50.0 ms (n=8929005)
  input -> seen acked (round trip): p50 67.0 p99 100.0 max 110.0 mean 74.7 ms (n=8929005)
  near entity update interval (tracked bots): p50 33.0 p99 33.0 max 100.0 mean 33.0 ms (n=4450128)
  mid entity update interval (tracked bots): p50 100.0 p99 100.0 max 500.0 mean 100.2 ms (n=10033102)
  far entity update interval (tracked bots): p50 500.0 p99 500.0 max 2000.0 mean 499.9 ms (n=15775458)
  near drawn (tracked bots): 99.85% interpolated, 0.02% extrapolated, 0.00% held, 0.13% new | pops p50 0 p99 0 max 97 mm
  mid drawn (tracked bots): 99.51% interpolated, 0.13% extrapolated, 0.01% held, 0.35% new | pops p50 0 p99 0 max 4909 mm
  far drawn (tracked bots): 40.29% interpolated, 59.02% extrapolated, 0.27% held, 0.42% new | pops p50 406 p99 3664 max 19473 mm
  render delay (near) 66.7 ms behind the newest step, clock snaps 0 (backwards 0), slewing 2.53% of frames, near delay changes 0 | streak entity-frames (drawn > 20 m/s) 4396776
  input clock: 5180 extra inputs, 179 skipped ticks, 0 backlog skips | near decode errors (tracked bots) 0
  bytes down 7122.3 MB up 562.8 MB | swarm busy 9% of its threads' time, tick overruns 167
== bots summary ==
  started 500 welcomed 500 failed 0
  join latency ms: p50 89 p99 164 max 166 (n=500)
  corrections 0 (0.00/bot-minute), mean error 0.000 m, max 0.000 m
  push corrections (the server pushed us apart from a crowd) 110 (0.29/bot-minute), max 0.100 m
  snapshots 598358 (entities per snapshot: near 10.1 mid 23.1 far 35.4), stale 0, unmatched acks 0, resyncs 0
  input -> applied on server (est. RTT/2 + server wait): p50 56.0 p99 70.0 max 101.0 mean 55.0 ms (n=598217)
    of which server wait (arrival -> applied): p50 51.9 p99 66.2 max 97.2 mean 51.0 ms (n=598217)
  input -> seen acked (round trip): p50 67.0 p99 100.0 max 166.0 mean 76.3 ms (n=598217)
  near entity update interval (tracked bots): p50 33.0 p99 33.0 max 100.0 mean 33.0 ms (n=293754)
  mid entity update interval (tracked bots): p50 100.0 p99 100.0 max 500.0 mean 100.2 ms (n=651786)
  far entity update interval (tracked bots): p50 500.0 p99 500.0 max 2000.0 mean 499.9 ms (n=972701)
  near drawn (tracked bots): 99.79% interpolated, 0.03% extrapolated, 0.00% held, 0.19% new | pops p50 0 p99 0 max 0 mm
  mid drawn (tracked bots): 99.37% interpolated, 0.12% extrapolated, 0.01% held, 0.50% new | pops p50 0 p99 0 max 3543 mm
  far drawn (tracked bots): 40.36% interpolated, 58.78% extrapolated, 0.29% held, 0.57% new | pops p50 409 p99 3655 max 10716 mm
  render delay (near) 66.7 ms behind the newest step, clock snaps 0 (backwards 0), slewing 2.89% of frames, near delay changes 0 | streak entity-frames (drawn > 20 m/s) 275765
  input clock: 500 extra inputs, 1 skipped ticks, 0 backlog skips | near decode errors (tracked bots) 0
  bytes down 487.5 MB up 37.7 MB | swarm busy 1% of its threads' time, tick overruns 21
