500 bots -> 172.31.17.93:40500 on 28 threads x 8 slots, ramp 50/s, 45s, 500 full + 0 sink bots
[    5s] bots 219/226 connected, 219 welcomed, 0 failed | 13.4 snaps/s/bot, entities/snap near 9.9 mid 22.3 far 34.7 | corrections 0.000/s/bot | down 86 up 7 kbps/bot | rtt 7.6 ms loss 0.00% | input->applied ~ p50 58 p99 68 ms, round trip p50 67 p99 100 ms | joins 219 (p50 87 p99 164 ms) | server pace 0.99 level 0, 0 bots bandwidth-degraded | swarm busy 0%, overruns 19
[   10s] bots 471/477 connected, 471 welcomed, 0 failed | 22.2 snaps/s/bot, entities/snap near 10.1 mid 23.0 far 35.9 | corrections 0.000/s/bot | down 146 up 11 kbps/bot | rtt 8.0 ms loss 0.00% | input->applied ~ p50 55 p99 70 ms, round trip p50 67 p99 100 ms | joins 252 (p50 90 p99 165 ms) | server pace 1.00 level 0, 0 bots bandwidth-degraded | swarm busy 1%, overruns 0
[   15s] bots 500/500 connected, 500 welcomed, 0 failed | 30.1 snaps/s/bot, entities/snap near 10.1 mid 23.1 far 35.4 | corrections 0.000/s/bot | down 196 up 15 kbps/bot | rtt 8.0 ms loss 0.00% | input->applied ~ p50 56 p99 70 ms, round trip p50 67 p99 100 ms | joins 29 (p50 98 p99 164 ms) | server pace 1.00 level 0, 0 bots bandwidth-degraded | swarm busy 1%, overruns 0
[   20s] bots 500/500 connected, 500 welcomed, 0 failed | 30.1 snaps/s/bot, entities/snap near 10.1 mid 23.1 far 35.4 | corrections 0.000/s/bot | down 196 up 15 kbps/bot | rtt 8.0 ms loss 0.00% | input->applied ~ p50 56 p99 70 ms, round trip p50 67 p99 100 ms | joins 0 (p50 0 p99 0 ms) | server pace 1.00 level 0, 0 bots bandwidth-degraded | swarm busy 1%, overruns 0
[   25s] bots 500/500 connected, 500 welcomed, 0 failed | 30.2 snaps/s/bot, entities/snap near 10.1 mid 23.1 far 35.4 | corrections 0.000/s/bot | down 196 up 15 kbps/bot | rtt 8.1 ms loss 0.00% | input->applied ~ p50 56 p99 70 ms, round trip p50 67 p99 100 ms | joins 0 (p50 0 p99 0 ms) | server pace 1.00 level 0, 0 bots bandwidth-degraded | swarm busy 1%, overruns 0
[   30s] bots 500/500 connected, 500 welcomed, 0 failed | 30.1 snaps/s/bot, entities/snap near 10.1 mid 23.1 far 35.3 | corrections 0.000/s/bot | down 196 up 15 kbps/bot | rtt 7.9 ms loss 0.00% | input->applied ~ p50 56 p99 70 ms, round trip p50 67 p99 100 ms | joins 0 (p50 0 p99 0 ms) | server pace 1.00 level 0, 0 bots bandwidth-degraded | swarm busy 1%, overruns 0
[   35s] bots 500/500 connected, 500 welcomed, 0 failed | 30.2 snaps/s/bot, entities/snap near 10.2 mid 23.1 far 35.3 | corrections 0.000/s/bot | down 196 up 15 kbps/bot | rtt 8.1 ms loss 0.00% | input->applied ~ p50 56 p99 70 ms, round trip p50 67 p99 100 ms | joins 0 (p50 0 p99 0 ms) | server pace 1.00 level 0, 0 bots bandwidth-degraded | swarm busy 1%, overruns 2
[   40s] bots 500/500 connected, 500 welcomed, 0 failed | 30.2 snaps/s/bot, entities/snap near 10.2 mid 23.1 far 35.4 | corrections 0.000/s/bot | down 196 up 15 kbps/bot | rtt 8.1 ms loss 0.00% | input->applied ~ p50 56 p99 70 ms, round trip p50 67 p99 100 ms | joins 0 (p50 0 p99 0 ms) | server pace 1.00 level 0, 0 bots bandwidth-degraded | swarm busy 1%, overruns 0
[   45s] bots 500/500 connected, 500 welcomed, 0 failed | 30.2 snaps/s/bot, entities/snap near 10.1 mid 23.0 far 35.4 | corrections 0.000/s/bot | down 197 up 15 kbps/bot | rtt 8.1 ms loss 0.00% | input->applied ~ p50 56 p99 70 ms, round trip p50 67 p99 100 ms | joins 0 (p50 0 p99 0 ms) | server pace 1.00 level 0, 0 bots bandwidth-degraded | swarm busy 1%, overruns 0

== bots summary ==
  started 500 welcomed 500 failed 0
  join latency ms: p50 89 p99 164 max 166 (n=500)
  corrections 0 (0.00/bot-minute), mean error 0.000 m, max 0.000 m
  push corrections (the server pushed us apart from a crowd) 110 (0.29/bot-minute), max 0.100 m
  snapshots 598358 (entities per snapshot: near 10.1 mid 23.1 far 35.4), stale 0, unmatched acks 0, resyncs 0
  input -> applied on server (est. RTT/2 + server wait): p50 56.0 p99 70.0 max 101.0 mean 55.0 ms (n=598217)
    of which server wait (arrival -> applied): p50 51.9 p99 66.2 max 97.2 mean 51.0 ms (n=598217)
  input -> seen acked (round trip): p50 67.0 p99 100.0 max 166.0 mean 76.3 ms (n=598217)
  near entity update interval (tracked bots): p50 33.0 p99 33.0 max 100.0 mean 33.0 ms (n=293754)
  mid entity update interval (tracked bots): p50 100.0 p99 100.0 max 500.0 mean 100.2 ms (n=651786)
  far entity update interval (tracked bots): p50 500.0 p99 500.0 max 2000.0 mean 499.9 ms (n=972701)
  near drawn (tracked bots): 99.79% interpolated, 0.03% extrapolated, 0.00% held, 0.19% new | pops p50 0 p99 0 max 0 mm
  mid drawn (tracked bots): 99.37% interpolated, 0.12% extrapolated, 0.01% held, 0.50% new | pops p50 0 p99 0 max 3543 mm
  far drawn (tracked bots): 40.36% interpolated, 58.78% extrapolated, 0.29% held, 0.57% new | pops p50 409 p99 3655 max 10716 mm
  render delay (near) 66.7 ms behind the newest step, clock snaps 0 (backwards 0), slewing 2.89% of frames, near delay changes 0 | streak entity-frames (drawn > 20 m/s) 275765
  input clock: 500 extra inputs, 1 skipped ticks, 0 backlog skips | near decode errors (tracked bots) 0
  bytes down 487.5 MB up 37.7 MB | swarm busy 1% of its threads' time, tick overruns 21
