started=500
welcomed=500
failed=0
join_p50_ms=89
join_p99_ms=164
join_max_ms=166
corrections=0
corrections_per_bot_minute=0.000
correction_max_m=0.000
push_corrections=110
push_corrections_per_bot_minute=0.293
push_max_m=0.100
snapshots=598358
near_per_snapshot=10.1
mid_per_snapshot=23.1
far_per_snapshot=35.4
stale_snapshots=0
resyncs=0
input_applied_p50_ms=56.0
input_applied_p99_ms=70.0
input_applied_mean_ms=55.0
server_wait_p50_ms=51.9
server_wait_p99_ms=66.2
server_wait_mean_ms=51.0
round_trip_p50_ms=67.0
round_trip_p99_ms=100.0
round_trip_mean_ms=76.3
slot_work_p50_ms=0.0
slot_work_p99_ms=0.2
slot_work_mean_ms=0.0
slot_late_p50_ms=0.0
slot_late_p99_ms=0.0
slot_late_mean_ms=0.0
near_interval_p50_ms=33.0
near_interval_p99_ms=33.0
near_interval_mean_ms=33.0
mid_interval_p50_ms=100.0
mid_interval_p99_ms=100.0
mid_interval_mean_ms=100.2
far_interval_p50_ms=500.0
far_interval_p99_ms=500.0
far_interval_mean_ms=499.9
slot_late_max_ms=32.8
near_interpolated_pct=99.79
near_extrapolated_pct=0.03
near_held_pct=0.00
near_new_pct=0.19
near_pop_p50_mm=0
near_pop_p99_mm=0
mid_interpolated_pct=99.37
mid_extrapolated_pct=0.12
mid_held_pct=0.01
mid_new_pct=0.50
mid_pop_p50_mm=0
mid_pop_p99_mm=0
far_interpolated_pct=40.36
far_extrapolated_pct=58.78
far_held_pct=0.29
far_new_pct=0.57
far_pop_p50_mm=409
far_pop_p99_mm=3655
render_delay_ms=66.7
render_snaps=0
shots_seen=0
activity_cells=0
activity_shots=0
ambient=0
streak_frames_per_million=16216
clock_slewing_pct=2.89
delay_changes=0
render_backwards=0
clock_extra=500
clock_skipped=1
backlog_skips=0
near_decode_errors=0
bytes_down_mb=487.5
bytes_up_mb=37.7
swarm_busy_pct=1
swarm_overruns=21
