preallocated connections for 10000 clients in 247.590928ms
listening on 172.31.17.93:40500 | spawn Uniform | tiers near 64@150 m, mid 500 m, far 1500 m, budget 6250 B/tick, squads of 4 | 64 rayon threads, 64 shards, 1 socket(s), 256 accepts/tick, egress SendMmsg, ingress RecvMmsg | socket buffers rcv 32768 KiB snd 32768 KiB
[    5s] clients 5000 | level 0 (0-0 in window: 30 Hz, dilation 1.0), pace 1.00, 0.0% clients bandwidth-degraded | tick p50 7.97 p99 9.81 max 10.65 ms, 0 overruns | out 125.0k pps 178 kbps/client, 725 Mbps | in 127.0k pps 18 kbps/client, 50.5 per recv, receive thread busy 13% | stand-ins: repeated 0.00% frozen 0.00%, 0 late inputs | per client-tick: 700 B (near 67 B, 99% deltas), near 9.2 mid 20.2 far 31.7, far skipped 0 starved 0 | input wait p50 50.7 p99 66.3 ms | 15130 joins deferred | kernel drops rcv 0 snd 0
         p50/p99 ms: ingress 0.80/4.63  events 2.04/3.43  movement 0.62/0.69  grid 0.34/0.38  separate 0.34/0.83  history 0.01/0.07  shots 0.03/0.13  serialize 0.23/0.48  assembly 1.22/1.81  transport 0.82/1.09  egress 1.19/1.55
[   10s] clients 5000 | level 0 (0-0 in window: 30 Hz, dilation 1.0), pace 1.00, 0.0% clients bandwidth-degraded | tick p50 8.06 p99 8.85 max 8.86 ms, 0 overruns | out 150.1k pps 181 kbps/client, 907 Mbps | in 150.0k pps 15 kbps/client, 51.8 per recv, receive thread busy 15% | stand-ins: repeated 0.00% frozen 0.00%, 0 late inputs | per client-tick: 719 B (near 67 B, 100% deltas), near 9.4 mid 20.9 far 32.7, far skipped 0 starved 0 | input wait p50 50.3 p99 66.4 ms | 0 joins deferred | kernel drops rcv 0 snd 0
         p50/p99 ms: ingress 0.80/1.11  events 2.14/2.74  movement 0.64/0.71  grid 0.34/0.37  separate 0.47/0.81  history 0.01/0.03  shots 0.03/0.14  serialize 0.23/0.49  assembly 1.22/1.55  transport 0.84/1.11  egress 1.23/1.54
[   15s] clients 5000 | level 0 (0-0 in window: 30 Hz, dilation 1.0), pace 1.00, 0.0% clients bandwidth-degraded | tick p50 8.02 p99 8.85 max 8.90 ms, 0 overruns | out 150.1k pps 181 kbps/client, 907 Mbps | in 150.0k pps 15 kbps/client, 51.4 per recv, receive thread busy 15% | stand-ins: repeated 0.00% frozen 0.00%, 0 late inputs | per client-tick: 719 B (near 67 B, 100% deltas), near 9.4 mid 20.9 far 32.7, far skipped 0 starved 0 | input wait p50 50.3 p99 66.4 ms | 0 joins deferred | kernel drops rcv 0 snd 0
         p50/p99 ms: ingress 0.80/1.16  events 2.12/2.72  movement 0.64/0.72  grid 0.34/0.40  separate 0.34/0.65  history 0.01/0.03  shots 0.03/0.13  serialize 0.23/0.41  assembly 1.23/1.56  transport 0.86/1.08  egress 1.22/1.56
[   20s] clients 5222 | level 0 (0-0 in window: 30 Hz, dilation 1.0), pace 1.00, 0.0% clients bandwidth-degraded | tick p50 8.24 p99 9.14 max 9.83 ms, 0 overruns | out 153.3k pps 185 kbps/client, 942 Mbps | in 153.1k pps 15 kbps/client, 50.5 per recv, receive thread busy 15% | stand-ins: repeated 0.00% frozen 0.00%, 0 late inputs | per client-tick: 733 B (near 68 B, 100% deltas), near 9.6 mid 21.4 far 33.4, far skipped 0 starved 0 | input wait p50 50.3 p99 66.3 ms | 0 joins deferred | kernel drops rcv 0 snd 0
         p50/p99 ms: ingress 0.81/1.25  events 2.17/2.73  movement 0.65/0.71  grid 0.35/0.42  separate 0.49/0.88  history 0.01/0.03  shots 0.03/0.14  serialize 0.23/0.49  assembly 1.28/2.15  transport 0.87/1.10  egress 1.25/1.55
[   25s] clients 5472 | level 0 (0-0 in window: 30 Hz, dilation 1.0), pace 1.00, 0.0% clients bandwidth-degraded | tick p50 8.53 p99 9.37 max 9.38 ms, 0 overruns | out 161.3k pps 193 kbps/client, 1030 Mbps | in 160.5k pps 15 kbps/client, 50.5 per recv, receive thread busy 16% | stand-ins: repeated 0.00% frozen 0.00%, 0 late inputs | per client-tick: 765 B (near 70 B, 100% deltas), near 9.9 mid 22.4 far 35.1, far skipped 0 starved 0 | input wait p50 50.3 p99 66.3 ms | 0 joins deferred | kernel drops rcv 0 snd 0
         p50/p99 ms: ingress 0.82/1.11  events 2.30/2.99  movement 0.67/0.75  grid 0.35/0.42  separate 0.37/0.87  history 0.01/0.02  shots 0.04/0.06  serialize 0.24/0.29  assembly 1.34/1.83  transport 0.91/1.13  egress 1.30/1.55
[   30s] clients 5500 | level 0 (0-0 in window: 30 Hz, dilation 1.0), pace 1.00, 0.0% clients bandwidth-degraded | tick p50 8.63 p99 9.62 max 9.62 ms, 0 overruns | out 166.1k pps 196 kbps/client, 1080 Mbps | in 165.0k pps 15 kbps/client, 49.8 per recv, receive thread busy 16% | stand-ins: repeated 0.00% frozen 0.00%, 0 late inputs | per client-tick: 781 B (near 71 B, 100% deltas), near 10.0 mid 23.0 far 35.9, far skipped 0 starved 0 | input wait p50 50.4 p99 66.3 ms | 0 joins deferred | kernel drops rcv 0 snd 0
         p50/p99 ms: ingress 0.84/1.14  events 2.30/3.12  movement 0.68/0.74  grid 0.36/0.42  separate 0.36/0.85  history 0.01/0.02  shots 0.04/0.06  serialize 0.24/0.54  assembly 1.39/1.91  transport 0.91/1.12  egress 1.34/1.55
[   35s] clients 5500 | level 0 (0-0 in window: 30 Hz, dilation 1.0), pace 1.00, 0.0% clients bandwidth-degraded | tick p50 8.71 p99 9.63 max 9.66 ms, 0 overruns | out 166.1k pps 196 kbps/client, 1080 Mbps | in 165.0k pps 15 kbps/client, 50.1 per recv, receive thread busy 16% | stand-ins: repeated 0.00% frozen 0.00%, 0 late inputs | per client-tick: 781 B (near 72 B, 100% deltas), near 10.1 mid 23.0 far 35.9, far skipped 0 starved 0 | input wait p50 50.4 p99 66.3 ms | 0 joins deferred | kernel drops rcv 0 snd 0
         p50/p99 ms: ingress 0.83/1.07  events 2.34/2.93  movement 0.67/0.78  grid 0.35/0.41  separate 0.48/0.85  history 0.01/0.04  shots 0.04/0.15  serialize 0.24/0.47  assembly 1.40/1.91  transport 0.91/1.22  egress 1.35/1.60
[   40s] clients 5500 | level 0 (0-0 in window: 30 Hz, dilation 1.0), pace 1.00, 0.0% clients bandwidth-degraded | tick p50 8.65 p99 9.52 max 9.63 ms, 0 overruns | out 166.2k pps 196 kbps/client, 1080 Mbps | in 165.0k pps 15 kbps/client, 50.0 per recv, receive thread busy 16% | stand-ins: repeated 0.00% frozen 0.00%, 0 late inputs | per client-tick: 781 B (near 71 B, 100% deltas), near 10.0 mid 23.0 far 35.9, far skipped 0 starved 0 | input wait p50 50.4 p99 66.3 ms | 0 joins deferred | kernel drops rcv 0 snd 0
         p50/p99 ms: ingress 0.83/1.22  events 2.31/3.39  movement 0.68/0.76  grid 0.35/0.41  separate 0.45/0.81  history 0.01/0.03  shots 0.04/0.06  serialize 0.23/0.34  assembly 1.37/1.85  transport 0.91/1.18  egress 1.35/1.66
[   45s] clients 5500 | level 0 (0-0 in window: 30 Hz, dilation 1.0), pace 1.00, 0.0% clients bandwidth-degraded | tick p50 8.70 p99 9.49 max 10.10 ms, 0 overruns | out 166.1k pps 196 kbps/client, 1081 Mbps | in 165.0k pps 15 kbps/client, 50.0 per recv, receive thread busy 16% | stand-ins: repeated 0.00% frozen 0.00%, 0 late inputs | per client-tick: 781 B (near 72 B, 100% deltas), near 10.0 mid 23.0 far 35.9, far skipped 0 starved 0 | input wait p50 50.4 p99 66.2 ms | 0 joins deferred | kernel drops rcv 0 snd 0
         p50/p99 ms: ingress 0.84/1.13  events 2.29/3.29  movement 0.67/0.77  grid 0.35/0.41  separate 0.49/0.87  history 0.01/0.04  shots 0.04/0.15  serialize 0.24/0.43  assembly 1.37/1.79  transport 0.91/1.20  egress 1.36/1.57
[   50s] clients 5500 | level 0 (0-0 in window: 30 Hz, dilation 1.0), pace 1.00, 0.0% clients bandwidth-degraded | tick p50 8.69 p99 9.65 max 9.75 ms, 0 overruns | out 166.1k pps 197 kbps/client, 1081 Mbps | in 165.0k pps 15 kbps/client, 50.0 per recv, receive thread busy 16% | stand-ins: repeated 0.00% frozen 0.00%, 0 late inputs | per client-tick: 782 B (near 72 B, 100% deltas), near 10.1 mid 23.0 far 35.9, far skipped 0 starved 0 | input wait p50 50.4 p99 66.3 ms | 0 joins deferred | kernel drops rcv 0 snd 0
         p50/p99 ms: ingress 0.83/1.35  events 2.33/2.96  movement 0.67/0.77  grid 0.35/0.43  separate 0.36/0.75  history 0.01/0.03  shots 0.04/0.07  serialize 0.24/0.49  assembly 1.39/1.82  transport 0.92/1.14  egress 1.35/1.60
[   55s] clients 5500 | level 0 (0-0 in window: 30 Hz, dilation 1.0), pace 1.00, 0.0% clients bandwidth-degraded | tick p50 8.62 p99 9.49 max 9.63 ms, 0 overruns | out 166.1k pps 197 kbps/client, 1081 Mbps | in 165.0k pps 15 kbps/client, 49.7 per recv, receive thread busy 16% | stand-ins: repeated 0.00% frozen 0.00%, 0 late inputs | per client-tick: 782 B (near 72 B, 100% deltas), near 10.1 mid 23.0 far 35.9, far skipped 0 starved 0 | input wait p50 50.4 p99 66.2 ms | 0 joins deferred | kernel drops rcv 0 snd 0
         p50/p99 ms: ingress 0.82/1.04  events 2.32/2.96  movement 0.66/0.75  grid 0.36/0.41  separate 0.37/0.81  history 0.01/0.02  shots 0.04/0.05  serialize 0.24/0.52  assembly 1.39/1.79  transport 0.92/1.19  egress 1.35/1.64
[   60s] clients 5500 | level 0 (0-0 in window: 30 Hz, dilation 1.0), pace 1.00, 0.0% clients bandwidth-degraded | tick p50 8.67 p99 9.54 max 9.66 ms, 0 overruns | out 166.1k pps 197 kbps/client, 1081 Mbps | in 165.0k pps 15 kbps/client, 49.7 per recv, receive thread busy 16% | stand-ins: repeated 0.00% frozen 0.00%, 0 late inputs | per client-tick: 782 B (near 72 B, 100% deltas), near 10.1 mid 23.0 far 35.9, far skipped 0 starved 0 | input wait p50 50.4 p99 66.2 ms | 0 joins deferred | kernel drops rcv 0 snd 0
         p50/p99 ms: ingress 0.83/1.12  events 2.31/2.91  movement 0.68/0.76  grid 0.35/0.42  separate 0.37/0.86  history 0.01/0.02  shots 0.04/0.07  serialize 0.24/0.52  assembly 1.39/1.84  transport 0.91/1.24  egress 1.35/1.74
[   61s] clients 0 | level 0 (0-0 in window: 30 Hz, dilation 1.0), pace 1.00, 0.0% clients bandwidth-degraded | tick p50 8.85 p99 17.82 max 17.82 ms, 0 overruns | out 143.3k pps 191 kbps/client, 932 Mbps | in 192.7k pps 16 kbps/client, 53.0 per recv, receive thread busy 18% | stand-ins: repeated 0.00% frozen 0.00%, 0 late inputs | per client-tick: 782 B (near 72 B, 100% deltas), near 10.1 mid 23.1 far 35.9, far skipped 0 starved 0 | input wait p50 50.4 p99 66.2 ms | 0 joins deferred | kernel drops rcv 0 snd 0
         p50/p99 ms: ingress 0.85/5.01  events 2.28/11.14  movement 0.68/0.71  grid 0.36/0.37  separate 0.52/0.58  history 0.01/0.01  shots 0.04/0.10  serialize 0.23/0.67  assembly 1.40/3.99  transport 0.91/1.17  egress 1.33/1.49

== summary: 1709 steady-state ticks (after warmup, before clients drain), peak 5500 clients ==
  phase        p50 ms   p99 ms   max ms
  ingress        0.82     1.15     1.69
  events         2.27     2.96     3.42
  movement       0.66     0.76     0.84
  grid           0.35     0.41     0.47
  separate       0.39     0.85     1.04
  history        0.01     0.03     0.05
  shots          0.04     0.09     0.18
  serialize      0.24     0.49     0.67
  assembly       1.35     1.84     3.99
  transport      0.90     1.17     1.34
  egress         1.32     1.61     1.86
  tick           8.50     9.49    11.83
  overruns 0 | spawns 5500 despawns 5500 (15130 joins deferred) | deaths 0 respawns 0 | stand-ins: repeated 0 frozen 0 | late inputs 0 discarded 0 | bad messages 0 | recv errors 0 send errors 0
  egress (whole run): 9597005 datagrams in 9597005 sends (1.00 per send), 115200 syscalls
  ingress (whole run): 9576527 datagrams in 190308 receive calls (50.32 per call)
  ticks per ladder level (whole run): L0: 1817
  input wait on the server (datagram arrival -> applied): p50 50.4 p99 66.3 max 97.2 mean 50.1 ms
  steady state: stand-ins repeated 0 frozen 0 | late inputs 0 discarded 0
  rewind of near targets (applied step - the input's render step for that tier): p50 133 p99 167 max 227 mean 140.1 ms (n=9468872)
  rewind of mid/far targets (applied step - the input's render step for that tier): p50 267 p99 300 max 360 mean 273.9 ms (n=9468872)
  render times ahead of the server (bogus) 0
  shots 0 (late 0, refused 0, rewinds capped 0) | hits head 0 body 0 (after cover 0, too late 0), kills 0 | ground 0 cover 0 expired 0 | segments 0 candidates 0
