started=1000
welcomed=1000
failed=0
join_p50_ms=350
join_p99_ms=624
join_max_ms=695
corrections=224
corrections_per_bot_minute=0.224
correction_max_m=0.165
push_corrections=32762
push_corrections_per_bot_minute=32.762
push_max_m=0.428
snapshots=1788939
near_per_snapshot=64.1
mid_per_snapshot=86.1
far_per_snapshot=0.0
stale_snapshots=0
resyncs=0
input_applied_p50_ms=100.0
input_applied_p99_ms=141.0
input_applied_mean_ms=95.4
server_wait_p50_ms=50.4
server_wait_p99_ms=67.2
server_wait_mean_ms=50.1
round_trip_p50_ms=167.0
round_trip_p99_ms=233.0
round_trip_mean_ms=160.8
slot_work_p50_ms=0.7
slot_work_p99_ms=4.3
slot_work_mean_ms=1.7
slot_late_p50_ms=0.0
slot_late_p99_ms=0.4
slot_late_mean_ms=0.0
near_interval_p50_ms=66.0
near_interval_p99_ms=66.0
near_interval_mean_ms=54.5
mid_interval_p50_ms=100.0
mid_interval_p99_ms=100.0
mid_interval_mean_ms=100.7
far_interval_p50_ms=0.0
far_interval_p99_ms=0.0
far_interval_mean_ms=0.0
slot_late_max_ms=29.1
near_interpolated_pct=96.77
near_extrapolated_pct=1.24
near_held_pct=1.22
near_new_pct=0.77
near_pop_p50_mm=0
near_pop_p99_mm=0
mid_interpolated_pct=91.02
mid_extrapolated_pct=3.20
mid_held_pct=3.36
mid_new_pct=2.42
mid_pop_p50_mm=0
mid_pop_p99_mm=0
far_interpolated_pct=0.00
far_extrapolated_pct=0.00
far_held_pct=0.00
far_new_pct=0.00
far_pop_p50_mm=0
far_pop_p99_mm=0
render_delay_ms=98.1
render_snaps=0
class0_fighters=167
class0_shots=33159
class0_hits=7390
class0_kills=1436
class0_hit_pct=22.3
class0_rtt_ms=21.5
class1_fighters=166
class1_shots=32981
class1_hits=6574
class1_kills=1342
class1_hit_pct=19.9
class1_rtt_ms=101.5
class2_fighters=167
class2_shots=33781
class2_hits=6300
class2_kills=1319
class2_hit_pct=18.6
class2_rtt_ms=151.6
shots_seen=8569736
activity_cells=909598
activity_shots=74244792
ambient=17788178
streak_frames_per_million=45
clock_slewing_pct=8.38
delay_changes=1883
render_backwards=0
clock_extra=2981
clock_skipped=1333
backlog_skips=0
near_decode_errors=0
bytes_down_mb=2756.5
bytes_up_mb=115.8
swarm_busy_pct=42
swarm_overruns=302
