spawn=blob
egress=sendmmsg
ingress=recvmmsg
rx_gather_us=1000
ladder=on
threads=8
keep_awake=on
send_during_assembly=on
worker_cpus=-
rx_cpus=-
shards=64
sockets=1
peak_clients=1000
steady_ticks=1708
steady_secs=56.9
ingress_p50_ms=0.69
ingress_p99_ms=1.00
ingress_max_ms=8.82
events_p50_ms=0.00
events_p99_ms=0.00
events_max_ms=0.03
movement_p50_ms=0.26
movement_p99_ms=0.33
movement_max_ms=2.00
grid_p50_ms=0.21
grid_p99_ms=0.28
grid_max_ms=0.64
separate_p50_ms=0.03
separate_p99_ms=0.06
separate_max_ms=0.14
history_p50_ms=0.00
history_p99_ms=0.00
history_max_ms=0.02
shots_p50_ms=0.31
shots_p99_ms=0.53
shots_max_ms=7.64
serialize_p50_ms=0.07
serialize_p99_ms=0.11
serialize_max_ms=0.34
assembly_p50_ms=4.51
assembly_p99_ms=5.20
assembly_max_ms=22.96
transport_p50_ms=0.00
transport_p99_ms=0.00
transport_max_ms=0.01
egress_p50_ms=0.03
egress_p99_ms=0.26
egress_max_ms=0.76
tick_p50_ms=6.41
tick_p99_ms=7.44
tick_max_ms=27.40
steady_overruns=0
level_mode=0
tick_hz=30
dilation=1
levels=L0:1708
clients_avg=1000
out_pps=60028
in_pps=29996
egress_mbps=369.1
packets_per_client_tick=2.00
wire_bytes_per_client_tick=1537
down_kbps_per_client=369.1
up_kbps_per_client=15.5
recv_per_call=29.80
ingress_thread_busy_max_pct=4.6
ingress_thread_busy_mean_pct=4.6
rx_runq_wait_max_pct=0.09
rx_runq_wait_mean_pct=0.09
ksoftirqd_cpu_pct=0.0
kernel_rcvbuf_drops=0
kernel_sndbuf_drops=0
snapshot_bytes_per_client_tick=1470
near_bytes_per_client_tick=384
activity_bytes_per_client_tick=5.2
near_per_client_tick=64.0
mid_per_client_tick=86.0
far_per_client_tick=0.0
near_scanned_per_query=194
mid_scanned_per_query=249
far_skipped=0
far_starved=0
repeated=645
frozen=248
late_inputs=893
discarded_inputs=0
input_wait_p10_ms=36.6
input_wait_p50_ms=50.4
input_wait_p90_ms=63.7
input_wait_p99_ms=67.2
spawns=1000
despawns=1000
deaths=4193
respawns=3896
shots=149556
shots_late=103
shots_refused=3038
rewinds_capped=98857
rewinds_trimmed=0
rewinds_trimmed_mid=0
renders_held=0
shot_dip_clients=643
shot_dip_flagged=0
shot_dip_windows=1131
shot_dip_windows_flagged=0
hits_head=2273
hits_body=28883
hits_ground=84948
hits_cover=8412
projectiles_expired=23898
kills=4193
hits_after_cover=1063
hits_too_late=10306
events=75231
tracer_bytes=129460135
activity_cells=1829
activity_sent=1822808
activity_bytes=9951415
activity_cut=0
projectile_segments=4733320
hit_candidates=2808590
trim_excess_p50_steps=0.0
trim_excess_p99_steps=0.0
trim_excess_max_steps=0.0
shot_dip_excess_p50_steps=0.0
shot_dip_excess_p99_steps=0.0
shot_dip_excess_max_steps=0.0
held_by_p50_steps=0.0
held_by_p99_steps=0.0
held_by_max_steps=0.0
joins_deferred=100
bad_messages=0
recv_errors=0
send_errors=0
datagrams=3593583
sends=3593583
send_syscalls=115314
rewind_near_p50_ms=242
rewind_near_p99_ms=342
rewind_near_mean_ms=240.5
rewind_mid_p50_ms=367
rewind_mid_p99_ms=433
rewind_mid_mean_ms=358.1
ingress_longest_p50_ms=0.12
ingress_work_p50_ms=4.35
assembly_longest_p50_ms=0.84
assembly_work_p50_ms=32.63
transport_longest_p50_ms=-
transport_work_p50_ms=-
egress_longest_p50_ms=-
egress_work_p50_ms=-
