preallocated connections for 10000 clients in 255.845491ms
listening on 127.0.0.1:14500 | spawn Blob | tiers near 64@150 m, mid 500 m, far 1500 m, budget 6250 B/tick, squads of 4 | 8 rayon threads (keep awake on), 64 shards (send during assembly on), 1 socket(s), 256 accepts/tick, egress SendMmsg, ingress RecvMmsg | socket buffers rcv 8192 KiB snd 8192 KiB
WARNING: token key is the public dev key; anyone can mint tokens for this server (--token-key)
[    5s] clients 1000 | level 0 (0-0 in window: 30 Hz, dilation 1.0), pace 1.00, 0.0% clients bandwidth-degraded | tick p50 5.86 p99 8.15 max 24.08 ms, 0 overruns | out 55.3k pps 363 kbps/client, 328 Mbps | in 26.9k pps 16 kbps/client, 28.1 per recv, receive thread busy 4% | stand-ins: repeated 0.00% frozen 0.00%, 0 late inputs | per client-tick: 1434 B (near 360 B, 95% deltas), near 64.0 mid 85.8 far 0.0, far skipped 0 starved 0 | input wait p50 50.0 p99 67.1 ms | 100 joins deferred | kernel drops rcv 0 snd 0
         p50/p99 ms: ingress 0.56/1.00  events 0.00/2.15  movement 0.23/0.35  grid 0.17/0.35  separate 0.02/0.04  history 0.00/0.02  shots 0.13/0.36  serialize 0.05/0.14  assembly 4.29/5.40  transport 0.00/0.00  egress 0.03/0.06
[   10s] clients 1000 | level 0 (0-0 in window: 30 Hz, dilation 1.0), pace 1.00, 0.0% clients bandwidth-degraded | tick p50 6.21 p99 6.89 max 7.01 ms, 0 overruns | out 60.0k pps 366 kbps/client, 366 Mbps | in 30.0k pps 15 kbps/client, 29.6 per recv, receive thread busy 4% | stand-ins: repeated 0.00% frozen 0.00%, 0 late inputs | per client-tick: 1459 B (near 377 B, 95% deltas), near 64.0 mid 86.0 far 0.0, far skipped 0 starved 0 | input wait p50 50.3 p99 67.3 ms | 0 joins deferred | kernel drops rcv 0 snd 0
         p50/p99 ms: ingress 0.66/0.94  events 0.00/0.00  movement 0.25/0.34  grid 0.17/0.26  separate 0.03/0.04  history 0.00/0.00  shots 0.22/0.55  serialize 0.05/0.10  assembly 4.43/5.03  transport 0.00/0.00  egress 0.03/0.07
[   15s] clients 1000 | level 0 (0-0 in window: 30 Hz, dilation 1.0), pace 1.00, 0.0% clients bandwidth-degraded | tick p50 6.51 p99 25.03 max 27.40 ms, 0 overruns | out 60.0k pps 372 kbps/client, 372 Mbps | in 29.9k pps 16 kbps/client, 29.7 per recv, receive thread busy 5% | stand-ins: repeated 0.43% frozen 0.16%, 893 late inputs | per client-tick: 1482 B (near 391 B, 98% deltas), near 64.0 mid 86.0 far 0.0, far skipped 0 starved 0 | input wait p50 48.7 p99 67.1 ms | 0 joins deferred | kernel drops rcv 0 snd 0
         p50/p99 ms: ingress 0.70/0.98  events 0.00/0.00  movement 0.26/0.42  grid 0.22/0.29  separate 0.04/0.08  history 0.00/0.00  shots 0.32/0.71  serialize 0.07/0.12  assembly 4.52/20.68  transport 0.00/0.00  egress 0.03/0.22
[   20s] clients 1000 | level 0 (0-0 in window: 30 Hz, dilation 1.0), pace 1.00, 0.0% clients bandwidth-degraded | tick p50 6.45 p99 7.71 max 8.15 ms, 0 overruns | out 60.0k pps 369 kbps/client, 369 Mbps | in 30.0k pps 16 kbps/client, 29.8 per recv, receive thread busy 5% | stand-ins: repeated 0.00% frozen 0.00%, 0 late inputs | per client-tick: 1468 B (near 382 B, 98% deltas), near 64.0 mid 86.0 far 0.0, far skipped 0 starved 0 | input wait p50 50.6 p99 67.2 ms | 0 joins deferred | kernel drops rcv 0 snd 0
         p50/p99 ms: ingress 0.69/1.01  events 0.00/0.00  movement 0.26/0.33  grid 0.22/0.27  separate 0.03/0.06  history 0.00/0.00  shots 0.32/0.54  serialize 0.07/0.10  assembly 4.51/5.12  transport 0.00/0.00  egress 0.03/0.28
[   25s] clients 1000 | level 0 (0-0 in window: 30 Hz, dilation 1.0), pace 1.00, 0.0% clients bandwidth-degraded | tick p50 6.46 p99 7.29 max 7.64 ms, 0 overruns | out 60.0k pps 370 kbps/client, 370 Mbps | in 30.0k pps 16 kbps/client, 29.8 per recv, receive thread busy 5% | stand-ins: repeated 0.00% frozen 0.00%, 0 late inputs | per client-tick: 1475 B (near 386 B, 98% deltas), near 64.0 mid 86.0 far 0.0, far skipped 0 starved 0 | input wait p50 50.5 p99 67.2 ms | 0 joins deferred | kernel drops rcv 0 snd 0
         p50/p99 ms: ingress 0.68/1.00  events 0.00/0.00  movement 0.27/0.34  grid 0.22/0.27  separate 0.04/0.07  history 0.00/0.00  shots 0.33/0.72  serialize 0.07/0.10  assembly 4.49/5.20  transport 0.00/0.00  egress 0.03/0.26
[   30s] clients 1000 | level 0 (0-0 in window: 30 Hz, dilation 1.0), pace 1.00, 0.0% clients bandwidth-degraded | tick p50 6.44 p99 7.32 max 7.44 ms, 0 overruns | out 60.0k pps 369 kbps/client, 369 Mbps | in 30.0k pps 16 kbps/client, 29.9 per recv, receive thread busy 5% | stand-ins: repeated 0.00% frozen 0.00%, 0 late inputs | per client-tick: 1472 B (near 384 B, 98% deltas), near 64.0 mid 86.0 far 0.0, far skipped 0 starved 0 | input wait p50 50.6 p99 67.2 ms | 0 joins deferred | kernel drops rcv 0 snd 0
         p50/p99 ms: ingress 0.67/0.96  events 0.00/0.00  movement 0.26/0.31  grid 0.22/0.26  separate 0.04/0.06  history 0.00/0.00  shots 0.34/0.54  serialize 0.07/0.11  assembly 4.51/5.13  transport 0.00/0.00  egress 0.03/0.34
[   35s] clients 1000 | level 0 (0-0 in window: 30 Hz, dilation 1.0), pace 1.00, 0.0% clients bandwidth-degraded | tick p50 6.40 p99 7.57 max 7.71 ms, 0 overruns | out 60.0k pps 370 kbps/client, 370 Mbps | in 30.0k pps 16 kbps/client, 29.9 per recv, receive thread busy 5% | stand-ins: repeated 0.00% frozen 0.00%, 0 late inputs | per client-tick: 1476 B (near 389 B, 98% deltas), near 64.0 mid 86.0 far 0.0, far skipped 0 starved 0 | input wait p50 50.6 p99 67.2 ms | 0 joins deferred | kernel drops rcv 0 snd 0
         p50/p99 ms: ingress 0.70/1.04  events 0.00/0.00  movement 0.26/0.32  grid 0.21/0.27  separate 0.04/0.06  history 0.00/0.00  shots 0.32/0.49  serialize 0.07/0.16  assembly 4.55/5.23  transport 0.00/0.00  egress 0.03/0.26
[   40s] clients 1000 | level 0 (0-0 in window: 30 Hz, dilation 1.0), pace 1.00, 0.0% clients bandwidth-degraded | tick p50 6.42 p99 7.02 max 7.09 ms, 0 overruns | out 60.0k pps 370 kbps/client, 370 Mbps | in 30.0k pps 16 kbps/client, 29.8 per recv, receive thread busy 5% | stand-ins: repeated 0.00% frozen 0.00%, 0 late inputs | per client-tick: 1476 B (near 389 B, 98% deltas), near 64.0 mid 86.0 far 0.0, far skipped 0 starved 0 | input wait p50 50.5 p99 67.2 ms | 0 joins deferred | kernel drops rcv 0 snd 0
         p50/p99 ms: ingress 0.69/0.93  events 0.00/0.00  movement 0.27/0.31  grid 0.22/0.27  separate 0.03/0.05  history 0.00/0.00  shots 0.32/0.51  serialize 0.07/0.10  assembly 4.51/4.95  transport 0.00/0.00  egress 0.04/0.25
[   45s] clients 1000 | level 0 (0-0 in window: 30 Hz, dilation 1.0), pace 1.00, 0.0% clients bandwidth-degraded | tick p50 6.46 p99 7.40 max 7.79 ms, 0 overruns | out 60.0k pps 371 kbps/client, 371 Mbps | in 30.0k pps 16 kbps/client, 29.7 per recv, receive thread busy 5% | stand-ins: repeated 0.00% frozen 0.00%, 0 late inputs | per client-tick: 1478 B (near 394 B, 98% deltas), near 64.0 mid 86.0 far 0.0, far skipped 0 starved 0 | input wait p50 50.5 p99 67.2 ms | 0 joins deferred | kernel drops rcv 0 snd 0
         p50/p99 ms: ingress 0.74/1.01  events 0.00/0.00  movement 0.26/0.33  grid 0.22/0.28  separate 0.04/0.05  history 0.00/0.00  shots 0.31/0.49  serialize 0.07/0.11  assembly 4.51/5.33  transport 0.00/0.00  egress 0.03/0.28
[   50s] clients 1000 | level 0 (0-0 in window: 30 Hz, dilation 1.0), pace 1.00, 0.0% clients bandwidth-degraded | tick p50 6.39 p99 7.05 max 7.14 ms, 0 overruns | out 60.0k pps 370 kbps/client, 370 Mbps | in 30.0k pps 16 kbps/client, 29.8 per recv, receive thread busy 5% | stand-ins: repeated 0.00% frozen 0.00%, 0 late inputs | per client-tick: 1473 B (near 389 B, 98% deltas), near 64.0 mid 86.0 far 0.0, far skipped 0 starved 0 | input wait p50 50.6 p99 67.2 ms | 0 joins deferred | kernel drops rcv 0 snd 0
         p50/p99 ms: ingress 0.69/0.98  events 0.00/0.00  movement 0.26/0.31  grid 0.20/0.27  separate 0.03/0.06  history 0.00/0.00  shots 0.29/0.51  serialize 0.07/0.11  assembly 4.52/5.04  transport 0.00/0.00  egress 0.03/0.30
[   55s] clients 1000 | level 0 (0-0 in window: 30 Hz, dilation 1.0), pace 1.00, 0.0% clients bandwidth-degraded | tick p50 6.45 p99 7.20 max 7.21 ms, 0 overruns | out 60.0k pps 372 kbps/client, 372 Mbps | in 30.0k pps 16 kbps/client, 29.8 per recv, receive thread busy 5% | stand-ins: repeated 0.00% frozen 0.00%, 0 late inputs | per client-tick: 1482 B (near 394 B, 98% deltas), near 64.0 mid 86.0 far 0.0, far skipped 0 starved 0 | input wait p50 50.6 p99 67.2 ms | 0 joins deferred | kernel drops rcv 0 snd 0
         p50/p99 ms: ingress 0.70/0.95  events 0.00/0.00  movement 0.26/0.32  grid 0.22/0.27  separate 0.04/0.07  history 0.00/0.00  shots 0.32/0.50  serialize 0.07/0.10  assembly 4.54/5.04  transport 0.00/0.00  egress 0.03/0.25
[   60s] clients 1000 | level 0 (0-0 in window: 30 Hz, dilation 1.0), pace 1.00, 0.0% clients bandwidth-degraded | tick p50 6.47 p99 7.61 max 7.70 ms, 0 overruns | out 60.0k pps 370 kbps/client, 370 Mbps | in 30.0k pps 16 kbps/client, 29.7 per recv, receive thread busy 5% | stand-ins: repeated 0.00% frozen 0.00%, 0 late inputs | per client-tick: 1475 B (near 391 B, 98% deltas), near 64.0 mid 86.0 far 0.0, far skipped 0 starved 0 | input wait p50 50.6 p99 67.2 ms | 0 joins deferred | kernel drops rcv 0 snd 0
         p50/p99 ms: ingress 0.69/1.13  events 0.00/0.00  movement 0.26/0.36  grid 0.21/0.28  separate 0.04/0.06  history 0.00/0.00  shots 0.31/0.65  serialize 0.07/0.10  assembly 4.58/5.13  transport 0.00/0.00  egress 0.04/0.26
[   60s] clients 0 | level 0 (0-0 in window: 30 Hz, dilation 1.0), pace 1.00, 0.0% clients bandwidth-degraded | tick p50 2.23 p99 5.96 max 5.96 ms, 0 overruns | out 22.9k pps 415 kbps/client, 153 Mbps | in 37.5k pps 29 kbps/client, 35.5 per recv, receive thread busy 7% | stand-ins: repeated 0.00% frozen 0.00%, 0 late inputs | per client-tick: 1587 B (near 509 B, 76% deltas), near 63.2 mid 84.9 far 0.0, far skipped 0 starved 0 | input wait p50 50.7 p99 66.7 ms | 0 joins deferred | kernel drops rcv 0 snd 0
         p50/p99 ms: ingress 0.28/0.58  events 0.32/1.02  movement 0.03/0.21  grid 0.13/0.27  separate 0.00/0.03  history 0.00/0.00  shots 0.12/0.29  serialize 0.00/0.05  assembly 0.08/3.20  transport 0.00/0.00  egress 0.03/0.05

== summary: 1708 steady-state ticks (after warmup, before clients drain), peak 1000 clients ==
  phase        p50 ms   p99 ms   max ms
  ingress        0.69     1.00     8.82
  events         0.00     0.00     0.03
  movement       0.26     0.33     2.00
  grid           0.21     0.28     0.64
  separate       0.03     0.06     0.14
  history        0.00     0.00     0.02
  shots          0.31     0.53     7.64
  serialize      0.07     0.11     0.34
  assembly       4.51     5.20    22.96
  transport      0.00     0.00     0.01
  egress         0.03     0.26     0.76
  tick           6.41     7.44    27.40
  overruns 0 | spawns 1000 despawns 1000 (100 joins deferred) | deaths 4193 respawns 3896 | stand-ins: repeated 645 frozen 248 | late inputs 893 discarded 0 | bad messages 0 | recv errors 0 send errors 0
  egress (whole run): 3593583 datagrams in 3593583 sends (1.00 per send), 115314 syscalls
  ingress (whole run): 1794650 datagrams in 60477 receive calls (29.67 per call)
  ticks per ladder level (whole run): L0: 1812
  input wait on the server (datagram arrival -> applied): p50 50.4 p99 67.2 max 72.9 mean 50.1 ms
  steady state: stand-ins repeated 645 frozen 248 | late inputs 893 discarded 0
  rewind of near targets (applied step - the input's render step for that tier): p50 242 p99 342 max 358 mean 240.5 ms (n=1783251)
  rewind of mid/far targets (applied step - the input's render step for that tier): p50 367 p99 433 max 435 mean 358.1 ms (n=1783251)
  render times ahead of the server (bogus) 0
  shots 149556 (late 103, refused 3038, rewinds capped 98857) | hits head 2273 body 28883 (after cover 1063, too late 10306), kills 4193 | ground 84948 cover 8412 expired 23898 | segments 4733320 candidates 2808590
