warning: use of deprecated method `std::sync::atomic::Atomic::<usize>::fetch_update`: renamed to `try_update` for consistency
   --> src/server.rs:140:14
    |
140 |             .fetch_update(Ordering::AcqRel, Ordering::Acquire, |n| (n < self.max_clients).then_some(n + 1))
    |              ^^^^^^^^^^^^
    |
    = note: `#[warn(deprecated)]` on by default
help: replace the use of the deprecated method
    |
140 -             .fetch_update(Ordering::AcqRel, Ordering::Acquire, |n| (n < self.max_clients).then_some(n + 1))
140 +             .try_update(Ordering::AcqRel, Ordering::Acquire, |n| (n < self.max_clients).then_some(n + 1))
    |

== uniform, 10000 bots, 60s -> baselines/2026-10-04-scaleway-128t/uniform-10k-noladder-1
== summary: 1708 steady-state ticks (after warmup, before clients drain), peak 10000 clients ==
  phase        p50 ms   p99 ms   max ms
  ingress        1.55     1.89     2.07
  events         2.63     3.20     3.81
  movement       0.46     0.56     0.61
  grid           0.47     0.56     0.58
  history        0.01     0.01     0.02
  serialize      0.21     0.28     0.52
  assembly       2.81     4.14     4.52
  transport      1.95     2.26     2.46
  egress         3.77     4.33     4.52
  tick          13.95    15.56    16.05
  overruns 0 | spawns 10000 despawns 10000 (51875 joins deferred) | stand-ins: repeated 0 frozen 0 | late inputs 0 discarded 0 | bad messages 0 | recv errors 0 send errors 0
  egress (whole run): 30979331 datagrams in 30979331 sends (1.00 per send), 197855 syscalls
  ticks per ladder level (whole run): L0: 1821
  input wait on the server (datagram arrival -> applied): p50 49.5 p99 65.4 max 72.0 mean 49.7 ms
  steady state: stand-ins repeated 0 frozen 0 | late inputs 0 discarded 0
== bots summary ==
  started 10000 welcomed 10000 failed 0
  join latency ms: p50 725 p99 1579 max 1845 (n=10000)
  corrections 0 (0.00/bot-minute), mean error 0.000 m, max 0.000 m
  snapshots 17776741 (entities per snapshot: near 15.6 mid 41.8 far 58.5), stale 0, unmatched acks 0, resyncs 0
  input -> applied on server (est. RTT/2 + server wait): p50 57.0 p99 75.0 max 80.0 mean 57.5 ms (n=17773254)
    of which server wait (arrival -> applied): p50 49.5 p99 65.4 max 72.0 mean 49.7 ms (n=17773254)
  input -> seen acked (round trip): p50 67.0 p99 100.0 max 101.0 mean 79.1 ms (n=17773254)
  near entity update interval (tracked bots): p50 33.0 p99 33.0 max 100.0 mean 33.0 ms (n=14024574)
  mid entity update interval (tracked bots): p50 100.0 p99 100.0 max 500.0 mean 100.2 ms (n=37742026)
  far entity update interval (tracked bots): p50 500.0 p99 500.0 max 59000.0 mean 516.2 ms (n=51241660)
  input clock: 10701 extra inputs, 904 skipped ticks, 0 backlog skips | near decode errors (tracked bots) 0
  bytes down 23260.8 MB up 889.3 MB | swarm busy 18% of its threads' time, tick overruns 0
