preallocated connections for 10000 clients in 216.800653ms
listening on 172.16.8.2:40500 | spawn Uniform | tiers near 64@150 m, mid 500 m, far 1500 m, budget 6250 B/tick, squads of 4 | 128 rayon threads, 64 shards, 256 accepts/tick, egress SendMmsg | socket buffers rcv 32768 KiB snd 32768 KiB
[    5s] clients 10000 | level 0 (0-0 in window: 30 Hz, dilation 1.0), pace 1.00, 0.0% clients bandwidth-degraded | tick p50 13.84 p99 16.05 max 16.10 ms, 0 overruns | out 372.9k pps 300 kbps/client, 2216 Mbps | in 234.8k pps 16 kbps/client | stand-ins: repeated 0.00% frozen 0.00%, 0 late inputs | per client-tick: 1188 B (near 92 B, 99% deltas), near 14.9 mid 39.4 far 55.7, far skipped 0 starved 0 | input wait p50 50.2 p99 66.7 ms | 51875 joins deferred | kernel drops rcv 0 snd 0
         p50/p99 ms: ingress 1.56/5.12  events 2.61/3.85  movement 0.45/0.55  grid 0.43/0.56  history 0.01/0.06  serialize 0.22/0.42  assembly 2.78/4.22  transport 1.91/2.28  egress 3.61/4.04
[   10s] clients 10000 | level 0 (0-0 in window: 30 Hz, dilation 1.0), pace 1.00, 0.0% clients bandwidth-degraded | tick p50 13.91 p99 15.33 max 15.48 ms, 0 overruns | out 523.4k pps 315 kbps/client, 3149 Mbps | in 300.0k pps 12 kbps/client | stand-ins: repeated 0.00% frozen 0.00%, 0 late inputs | per client-tick: 1253 B (near 95 B, 100% deltas), near 15.7 mid 42.0 far 58.7, far skipped 0 starved 0 | input wait p50 49.7 p99 65.4 ms | 0 joins deferred | kernel drops rcv 0 snd 0
         p50/p99 ms: ingress 1.55/1.86  events 2.63/3.76  movement 0.46/0.55  grid 0.49/0.55  history 0.01/0.01  serialize 0.21/0.27  assembly 2.81/3.96  transport 1.95/2.20  egress 3.71/4.07
[   15s] clients 10000 | level 0 (0-0 in window: 30 Hz, dilation 1.0), pace 1.00, 0.0% clients bandwidth-degraded | tick p50 13.89 p99 15.12 max 15.35 ms, 0 overruns | out 523.5k pps 315 kbps/client, 3149 Mbps | in 299.9k pps 12 kbps/client | stand-ins: repeated 0.00% frozen 0.00%, 0 late inputs | per client-tick: 1253 B (near 95 B, 100% deltas), near 15.7 mid 41.9 far 58.7, far skipped 0 starved 0 | input wait p50 49.7 p99 65.4 ms | 0 joins deferred | kernel drops rcv 0 snd 0
         p50/p99 ms: ingress 1.55/2.02  events 2.62/3.37  movement 0.46/0.54  grid 0.47/0.55  history 0.01/0.01  serialize 0.21/0.34  assembly 2.82/3.92  transport 1.94/2.40  egress 3.71/4.18
[   20s] clients 10000 | level 0 (0-0 in window: 30 Hz, dilation 1.0), pace 1.00, 0.0% clients bandwidth-degraded | tick p50 13.92 p99 15.63 max 15.64 ms, 0 overruns | out 523.5k pps 315 kbps/client, 3148 Mbps | in 300.0k pps 12 kbps/client | stand-ins: repeated 0.00% frozen 0.00%, 0 late inputs | per client-tick: 1253 B (near 95 B, 100% deltas), near 15.7 mid 41.9 far 58.7, far skipped 0 starved 0 | input wait p50 49.7 p99 65.4 ms | 0 joins deferred | kernel drops rcv 0 snd 0
         p50/p99 ms: ingress 1.54/1.94  events 2.61/3.17  movement 0.46/0.58  grid 0.47/0.55  history 0.01/0.01  serialize 0.21/0.29  assembly 2.83/4.04  transport 1.95/2.23  egress 3.71/4.22
[   25s] clients 10000 | level 0 (0-0 in window: 30 Hz, dilation 1.0), pace 1.00, 0.0% clients bandwidth-degraded | tick p50 13.93 p99 15.18 max 15.89 ms, 0 overruns | out 523.6k pps 315 kbps/client, 3149 Mbps | in 300.0k pps 12 kbps/client | stand-ins: repeated 0.00% frozen 0.00%, 0 late inputs | per client-tick: 1253 B (near 95 B, 100% deltas), near 15.7 mid 42.0 far 58.7, far skipped 0 starved 0 | input wait p50 49.6 p99 65.4 ms | 0 joins deferred | kernel drops rcv 0 snd 0
         p50/p99 ms: ingress 1.56/1.90  events 2.62/3.55  movement 0.46/0.55  grid 0.48/0.56  history 0.01/0.01  serialize 0.21/0.28  assembly 2.81/4.14  transport 1.95/2.22  egress 3.73/4.32
[   30s] clients 10000 | level 0 (0-0 in window: 30 Hz, dilation 1.0), pace 1.00, 0.0% clients bandwidth-degraded | tick p50 13.96 p99 15.40 max 15.72 ms, 0 overruns | out 523.6k pps 315 kbps/client, 3149 Mbps | in 300.0k pps 12 kbps/client | stand-ins: repeated 0.00% frozen 0.00%, 0 late inputs | per client-tick: 1253 B (near 95 B, 100% deltas), near 15.7 mid 42.0 far 58.7, far skipped 0 starved 0 | input wait p50 49.3 p99 65.4 ms | 0 joins deferred | kernel drops rcv 0 snd 0
         p50/p99 ms: ingress 1.54/1.84  events 2.61/2.95  movement 0.47/0.58  grid 0.48/0.54  history 0.01/0.02  serialize 0.21/0.28  assembly 2.81/3.90  transport 1.95/2.22  egress 3.79/4.38
[   35s] clients 10000 | level 0 (0-0 in window: 30 Hz, dilation 1.0), pace 1.00, 0.0% clients bandwidth-degraded | tick p50 13.99 p99 15.56 max 15.73 ms, 0 overruns | out 523.6k pps 315 kbps/client, 3149 Mbps | in 300.0k pps 12 kbps/client | stand-ins: repeated 0.00% frozen 0.00%, 0 late inputs | per client-tick: 1253 B (near 94 B, 100% deltas), near 15.6 mid 42.0 far 58.7, far skipped 0 starved 0 | input wait p50 49.1 p99 65.4 ms | 0 joins deferred | kernel drops rcv 0 snd 0
         p50/p99 ms: ingress 1.55/1.84  events 2.64/3.44  movement 0.46/0.58  grid 0.46/0.56  history 0.01/0.02  serialize 0.21/0.31  assembly 2.79/3.75  transport 1.94/2.24  egress 3.82/4.35
[   40s] clients 10000 | level 0 (0-0 in window: 30 Hz, dilation 1.0), pace 1.00, 0.0% clients bandwidth-degraded | tick p50 13.98 p99 15.77 max 15.97 ms, 0 overruns | out 523.4k pps 315 kbps/client, 3149 Mbps | in 300.0k pps 12 kbps/client | stand-ins: repeated 0.00% frozen 0.00%, 0 late inputs | per client-tick: 1253 B (near 94 B, 100% deltas), near 15.6 mid 42.0 far 58.7, far skipped 0 starved 0 | input wait p50 49.3 p99 65.3 ms | 0 joins deferred | kernel drops rcv 0 snd 0
         p50/p99 ms: ingress 1.55/1.84  events 2.64/3.22  movement 0.46/0.57  grid 0.46/0.55  history 0.01/0.01  serialize 0.21/0.28  assembly 2.80/4.21  transport 1.95/2.30  egress 3.83/4.25
[   45s] clients 10000 | level 0 (0-0 in window: 30 Hz, dilation 1.0), pace 1.00, 0.0% clients bandwidth-degraded | tick p50 13.91 p99 15.57 max 15.68 ms, 0 overruns | out 523.3k pps 315 kbps/client, 3149 Mbps | in 300.0k pps 12 kbps/client | stand-ins: repeated 0.00% frozen 0.00%, 0 late inputs | per client-tick: 1253 B (near 94 B, 100% deltas), near 15.7 mid 42.0 far 58.7, far skipped 0 starved 0 | input wait p50 49.4 p99 65.4 ms | 0 joins deferred | kernel drops rcv 0 snd 0
         p50/p99 ms: ingress 1.54/1.73  events 2.63/3.01  movement 0.46/0.56  grid 0.47/0.57  history 0.01/0.01  serialize 0.21/0.27  assembly 2.81/4.12  transport 1.94/2.25  egress 3.80/4.40
[   50s] clients 10000 | level 0 (0-0 in window: 30 Hz, dilation 1.0), pace 1.00, 0.0% clients bandwidth-degraded | tick p50 14.05 p99 15.60 max 15.98 ms, 0 overruns | out 523.3k pps 315 kbps/client, 3148 Mbps | in 300.0k pps 12 kbps/client | stand-ins: repeated 0.00% frozen 0.00%, 0 late inputs | per client-tick: 1253 B (near 94 B, 100% deltas), near 15.7 mid 42.0 far 58.7, far skipped 0 starved 0 | input wait p50 49.3 p99 65.3 ms | 0 joins deferred | kernel drops rcv 0 snd 0
         p50/p99 ms: ingress 1.55/1.90  events 2.64/3.03  movement 0.46/0.58  grid 0.48/0.55  history 0.01/0.01  serialize 0.21/0.27  assembly 2.79/4.17  transport 1.95/2.32  egress 3.93/4.38
[   55s] clients 10000 | level 0 (0-0 in window: 30 Hz, dilation 1.0), pace 1.00, 0.0% clients bandwidth-degraded | tick p50 13.98 p99 15.26 max 15.56 ms, 0 overruns | out 523.4k pps 315 kbps/client, 3149 Mbps | in 300.0k pps 12 kbps/client | stand-ins: repeated 0.00% frozen 0.00%, 0 late inputs | per client-tick: 1252 B (near 94 B, 100% deltas), near 15.7 mid 42.0 far 58.7, far skipped 0 starved 0 | input wait p50 49.4 p99 65.4 ms | 0 joins deferred | kernel drops rcv 0 snd 0
         p50/p99 ms: ingress 1.56/1.84  events 2.63/3.14  movement 0.47/0.59  grid 0.48/0.56  history 0.01/0.01  serialize 0.21/0.28  assembly 2.82/3.95  transport 1.95/2.19  egress 3.83/4.31
[   60s] clients 10000 | level 0 (0-0 in window: 30 Hz, dilation 1.0), pace 1.00, 0.0% clients bandwidth-degraded | tick p50 13.88 p99 15.71 max 15.75 ms, 0 overruns | out 523.1k pps 315 kbps/client, 3147 Mbps | in 300.0k pps 12 kbps/client | stand-ins: repeated 0.00% frozen 0.00%, 0 late inputs | per client-tick: 1252 B (near 94 B, 100% deltas), near 15.6 mid 42.0 far 58.7, far skipped 0 starved 0 | input wait p50 49.6 p99 65.4 ms | 0 joins deferred | kernel drops rcv 0 snd 0
         p50/p99 ms: ingress 1.55/1.92  events 2.62/3.05  movement 0.47/0.55  grid 0.47/0.56  history 0.01/0.01  serialize 0.21/0.27  assembly 2.80/4.51  transport 1.96/2.16  egress 3.72/4.11
[   61s] clients 0 | level 0 (0-0 in window: 30 Hz, dilation 1.0), pace 1.00, 0.0% clients bandwidth-degraded | tick p50 14.00 p99 22.72 max 22.72 ms, 0 overruns | out 461.7k pps 305 kbps/client, 2791 Mbps | in 315.2k pps 12 kbps/client | stand-ins: repeated 0.00% frozen 0.00%, 0 late inputs | per client-tick: 1236 B (near 93 B, 100% deltas), near 15.4 mid 41.3 far 58.0, far skipped 0 starved 0 | input wait p50 49.9 p99 65.3 ms | 0 joins deferred | kernel drops rcv 0 snd 0
         p50/p99 ms: ingress 1.56/6.82  events 2.52/14.38  movement 0.45/0.55  grid 0.49/0.53  history 0.01/0.02  serialize 0.20/0.23  assembly 2.80/3.24  transport 1.99/2.09  egress 3.73/4.13

== summary: 1708 steady-state ticks (after warmup, before clients drain), peak 10000 clients ==
  phase        p50 ms   p99 ms   max ms
  ingress        1.55     1.89     2.07
  events         2.63     3.20     3.81
  movement       0.46     0.56     0.61
  grid           0.47     0.56     0.58
  history        0.01     0.01     0.02
  serialize      0.21     0.28     0.52
  assembly       2.81     4.14     4.52
  transport      1.95     2.26     2.46
  egress         3.77     4.33     4.52
  tick          13.95    15.56    16.05
  overruns 0 | spawns 10000 despawns 10000 (51875 joins deferred) | stand-ins: repeated 0 frozen 0 | late inputs 0 discarded 0 | bad messages 0 | recv errors 0 send errors 0
  egress (whole run): 30979331 datagrams in 30979331 sends (1.00 per send), 197855 syscalls
  ticks per ladder level (whole run): L0: 1821
  input wait on the server (datagram arrival -> applied): p50 49.5 p99 65.4 max 72.0 mean 49.7 ms
  steady state: stand-ins repeated 0 frozen 0 | late inputs 0 discarded 0
