preallocated connections for 10000 clients in 217.837702ms
listening on 172.16.16.2:40500 | spawn Disk(200.0) | tiers near 64@150 m, mid 500 m, far 1500 m, budget 6250 B/tick, squads of 4 | 64 rayon threads, 64 shards, 256 accepts/tick, egress SendMmsg | socket buffers rcv 32768 KiB snd 32768 KiB
[    5s] clients 217 | level 0 (0-0 in window: 30 Hz, dilation 1.0), pace 1.00, 0.0% clients bandwidth-degraded | tick p50 1.09 p99 1.48 max 1.50 ms, 0 overruns | out 2.9k pps 160 kbps/client, 15 Mbps | in 2.9k pps 14 kbps/client | stand-ins: repeated 0.00% frozen 0.00%, 0 late inputs | per client-tick: 625 B (near 268 B, 97% deltas), near 50.0 mid 28.9 far 0.0, far skipped 0 starved 0 | input wait p50 49.7 p99 66.4 ms | 0 joins deferred | kernel drops rcv 0 snd 0
         p50/p99 ms: ingress 0.33/0.64  events 0.08/0.14  movement 0.01/0.03  grid 0.07/0.09  history 0.00/0.00  serialize 0.01/0.03  assembly 0.31/0.53  transport 0.10/0.24  egress 0.12/0.19
[   10s] clients 465 | level 0 (0-0 in window: 30 Hz, dilation 1.0), pace 1.00, 0.0% clients bandwidth-degraded | tick p50 1.74 p99 2.04 max 2.12 ms, 0 overruns | out 17.6k pps 307 kbps/client, 105 Mbps | in 10.3k pps 13 kbps/client | stand-ins: repeated 0.00% frozen 0.00%, 0 late inputs | per client-tick: 1223 B (near 338 B, 98% deltas), near 63.9 mid 76.5 far 0.0, far skipped 0 starved 0 | input wait p50 49.7 p99 66.3 ms | 0 joins deferred | kernel drops rcv 0 snd 0
         p50/p99 ms: ingress 0.35/0.46  events 0.18/0.23  movement 0.03/0.06  grid 0.07/0.08  history 0.00/0.00  serialize 0.02/0.04  assembly 0.50/0.71  transport 0.17/0.29  egress 0.36/0.49
[   15s] clients 717 | level 0 (0-0 in window: 30 Hz, dilation 1.0), pace 1.00, 0.0% clients bandwidth-degraded | tick p50 2.22 p99 2.69 max 2.73 ms, 0 overruns | out 35.7k pps 335 kbps/client, 199 Mbps | in 17.8k pps 12 kbps/client | stand-ins: repeated 0.00% frozen 0.00%, 0 late inputs | per client-tick: 1332 B (near 340 B, 99% deltas), near 64.0 mid 86.0 far 0.0, far skipped 0 starved 0 | input wait p50 49.7 p99 66.3 ms | 0 joins deferred | kernel drops rcv 0 snd 0
         p50/p99 ms: ingress 0.34/0.42  events 0.25/0.32  movement 0.09/0.12  grid 0.07/0.08  history 0.00/0.01  serialize 0.04/0.06  assembly 0.70/0.87  transport 0.21/0.32  egress 0.50/0.74
[   20s] clients 968 | level 0 (0-0 in window: 30 Hz, dilation 1.0), pace 1.00, 0.0% clients bandwidth-degraded | tick p50 2.90 p99 3.30 max 3.31 ms, 0 overruns | out 50.7k pps 336 kbps/client, 283 Mbps | in 25.3k pps 12 kbps/client | stand-ins: repeated 0.00% frozen 0.00%, 0 late inputs | per client-tick: 1334 B (near 342 B, 99% deltas), near 64.0 mid 86.0 far 0.0, far skipped 0 starved 0 | input wait p50 49.7 p99 66.3 ms | 0 joins deferred | kernel drops rcv 0 snd 0
         p50/p99 ms: ingress 0.36/0.49  events 0.33/0.39  movement 0.12/0.13  grid 0.07/0.08  history 0.00/0.01  serialize 0.05/0.08  assembly 0.89/1.02  transport 0.26/0.41  egress 0.80/0.93
[   25s] clients 1217 | level 0 (0-0 in window: 30 Hz, dilation 1.0), pace 1.00, 0.0% clients bandwidth-degraded | tick p50 3.35 p99 3.67 max 3.71 ms, 0 overruns | out 65.7k pps 337 kbps/client, 368 Mbps | in 32.8k pps 12 kbps/client | stand-ins: repeated 0.00% frozen 0.00%, 0 late inputs | per client-tick: 1338 B (near 346 B, 99% deltas), near 64.0 mid 86.0 far 0.0, far skipped 0 starved 0 | input wait p50 49.7 p99 66.2 ms | 0 joins deferred | kernel drops rcv 0 snd 0
         p50/p99 ms: ingress 0.38/0.56  events 0.40/0.47  movement 0.11/0.16  grid 0.08/0.09  history 0.00/0.01  serialize 0.07/0.12  assembly 1.04/1.28  transport 0.32/0.44  egress 0.92/1.06
[   30s] clients 1467 | level 0 (0-0 in window: 30 Hz, dilation 1.0), pace 1.00, 0.0% clients bandwidth-degraded | tick p50 3.78 p99 4.21 max 4.24 ms, 0 overruns | out 80.6k pps 337 kbps/client, 453 Mbps | in 40.3k pps 12 kbps/client | stand-ins: repeated 0.00% frozen 0.00%, 0 late inputs | per client-tick: 1340 B (near 348 B, 99% deltas), near 64.0 mid 86.0 far 0.0, far skipped 0 starved 0 | input wait p50 49.7 p99 66.2 ms | 0 joins deferred | kernel drops rcv 0 snd 0
         p50/p99 ms: ingress 0.42/0.58  events 0.47/0.53  movement 0.12/0.14  grid 0.09/0.10  history 0.00/0.01  serialize 0.07/0.12  assembly 1.26/1.54  transport 0.39/0.50  egress 0.95/1.12
[   35s] clients 1716 | level 0 (0-0 in window: 30 Hz, dilation 1.0), pace 1.00, 0.0% clients bandwidth-degraded | tick p50 4.16 p99 5.05 max 5.07 ms, 0 overruns | out 95.6k pps 338 kbps/client, 538 Mbps | in 47.8k pps 12 kbps/client | stand-ins: repeated 0.00% frozen 0.00%, 0 late inputs | per client-tick: 1342 B (near 350 B, 99% deltas), near 64.0 mid 86.0 far 0.0, far skipped 0 starved 0 | input wait p50 49.7 p99 66.2 ms | 0 joins deferred | kernel drops rcv 0 snd 0
         p50/p99 ms: ingress 0.45/0.65  events 0.52/0.60  movement 0.14/0.15  grid 0.09/0.10  history 0.00/0.00  serialize 0.11/0.16  assembly 1.40/1.71  transport 0.44/0.54  egress 1.03/1.35
[   40s] clients 1967 | level 0 (0-0 in window: 30 Hz, dilation 1.0), pace 1.00, 0.0% clients bandwidth-degraded | tick p50 4.79 p99 5.51 max 5.52 ms, 0 overruns | out 110.6k pps 338 kbps/client, 623 Mbps | in 55.3k pps 12 kbps/client | stand-ins: repeated 0.00% frozen 0.00%, 0 late inputs | per client-tick: 1343 B (near 351 B, 99% deltas), near 64.0 mid 86.0 far 0.0, far skipped 0 starved 0 | input wait p50 49.9 p99 66.2 ms | 0 joins deferred | kernel drops rcv 0 snd 0
         p50/p99 ms: ingress 0.47/0.63  events 0.60/0.67  movement 0.14/0.18  grid 0.10/0.10  history 0.00/0.01  serialize 0.13/0.16  assembly 1.55/1.98  transport 0.51/0.61  egress 1.29/1.58
[   45s] clients 2216 | level 0 (0-0 in window: 30 Hz, dilation 1.0), pace 1.00, 0.0% clients bandwidth-degraded | tick p50 5.42 p99 6.02 max 6.06 ms, 0 overruns | out 125.6k pps 338 kbps/client, 708 Mbps | in 62.8k pps 12 kbps/client | stand-ins: repeated 0.00% frozen 0.00%, 0 late inputs | per client-tick: 1344 B (near 352 B, 99% deltas), near 64.0 mid 86.0 far 0.0, far skipped 0 starved 0 | input wait p50 49.9 p99 66.2 ms | 0 joins deferred | kernel drops rcv 0 snd 0
         p50/p99 ms: ingress 0.51/0.69  events 0.66/0.72  movement 0.16/0.21  grid 0.12/0.15  history 0.00/0.01  serialize 0.10/0.17  assembly 1.74/2.22  transport 0.56/0.66  egress 1.53/1.81
[   50s] clients 2467 | level 0 (0-0 in window: 30 Hz, dilation 1.0), pace 1.00, 0.0% clients bandwidth-degraded | tick p50 5.91 p99 6.55 max 7.03 ms, 0 overruns | out 140.6k pps 339 kbps/client, 793 Mbps | in 70.3k pps 12 kbps/client | stand-ins: repeated 0.00% frozen 0.00%, 0 late inputs | per client-tick: 1346 B (near 354 B, 99% deltas), near 64.0 mid 86.0 far 0.0, far skipped 0 starved 0 | input wait p50 49.9 p99 66.2 ms | 0 joins deferred | kernel drops rcv 0 snd 0
         p50/p99 ms: ingress 0.54/0.64  events 0.73/0.80  movement 0.17/0.23  grid 0.13/0.14  history 0.00/0.01  serialize 0.11/0.15  assembly 1.91/2.45  transport 0.61/0.70  egress 1.70/1.91
[   55s] clients 2718 | level 0 (0-0 in window: 30 Hz, dilation 1.0), pace 1.00, 0.0% clients bandwidth-degraded | tick p50 6.45 p99 7.04 max 7.31 ms, 0 overruns | out 155.6k pps 339 kbps/client, 878 Mbps | in 77.8k pps 12 kbps/client | stand-ins: repeated 0.00% frozen 0.00%, 0 late inputs | per client-tick: 1346 B (near 354 B, 99% deltas), near 64.0 mid 86.0 far 0.0, far skipped 0 starved 0 | input wait p50 49.9 p99 66.1 ms | 0 joins deferred | kernel drops rcv 0 snd 0
         p50/p99 ms: ingress 0.58/0.74  events 0.79/0.87  movement 0.16/0.24  grid 0.14/0.15  history 0.00/0.01  serialize 0.11/0.16  assembly 2.05/2.78  transport 0.65/0.74  egress 1.84/2.19
[   60s] clients 2966 | level 0 (0-0 in window: 30 Hz, dilation 1.0), pace 1.00, 0.0% clients bandwidth-degraded | tick p50 6.81 p99 7.71 max 7.76 ms, 0 overruns | out 170.6k pps 339 kbps/client, 963 Mbps | in 85.3k pps 12 kbps/client | stand-ins: repeated 0.00% frozen 0.00%, 0 late inputs | per client-tick: 1347 B (near 355 B, 99% deltas), near 64.0 mid 86.0 far 0.0, far skipped 0 starved 0 | input wait p50 49.9 p99 66.1 ms | 0 joins deferred | kernel drops rcv 0 snd 0
         p50/p99 ms: ingress 0.61/0.84  events 0.86/0.98  movement 0.17/0.25  grid 0.13/0.15  history 0.00/0.01  serialize 0.11/0.16  assembly 2.29/2.96  transport 0.71/0.80  egress 1.94/2.23
[   65s] clients 3219 | level 0 (0-0 in window: 30 Hz, dilation 1.0), pace 1.00, 0.0% clients bandwidth-degraded | tick p50 7.34 p99 8.12 max 8.26 ms, 0 overruns | out 185.7k pps 339 kbps/client, 1049 Mbps | in 92.8k pps 12 kbps/client | stand-ins: repeated 0.00% frozen 0.00%, 0 late inputs | per client-tick: 1348 B (near 356 B, 99% deltas), near 64.0 mid 86.0 far 0.0, far skipped 0 starved 0 | input wait p50 49.9 p99 66.1 ms | 0 joins deferred | kernel drops rcv 0 snd 0
         p50/p99 ms: ingress 0.65/0.79  events 0.97/1.06  movement 0.18/0.24  grid 0.13/0.17  history 0.00/0.01  serialize 0.12/0.17  assembly 2.52/3.12  transport 0.76/0.85  egress 1.99/2.40
[   70s] clients 3466 | level 0 (0-0 in window: 30 Hz, dilation 1.0), pace 1.00, 0.0% clients bandwidth-degraded | tick p50 7.67 p99 8.55 max 8.60 ms, 0 overruns | out 200.7k pps 339 kbps/client, 1135 Mbps | in 100.4k pps 12 kbps/client | stand-ins: repeated 0.00% frozen 0.00%, 0 late inputs | per client-tick: 1349 B (near 357 B, 99% deltas), near 64.0 mid 86.0 far 0.0, far skipped 0 starved 0 | input wait p50 49.9 p99 66.0 ms | 0 joins deferred | kernel drops rcv 0 snd 0
         p50/p99 ms: ingress 0.67/0.86  events 1.07/1.14  movement 0.18/0.22  grid 0.14/0.16  history 0.00/0.01  serialize 0.12/0.19  assembly 2.72/3.25  transport 0.80/0.91  egress 1.70/2.56
[   75s] clients 3721 | level 0 (0-0 in window: 30 Hz, dilation 1.0), pace 1.00, 0.0% clients bandwidth-degraded | tick p50 8.24 p99 8.99 max 9.23 ms, 0 overruns | out 215.8k pps 340 kbps/client, 1221 Mbps | in 107.9k pps 12 kbps/client | stand-ins: repeated 0.00% frozen 0.00%, 0 late inputs | per client-tick: 1350 B (near 358 B, 99% deltas), near 64.0 mid 86.0 far 0.0, far skipped 0 starved 0 | input wait p50 49.9 p99 66.0 ms | 0 joins deferred | kernel drops rcv 0 snd 0
         p50/p99 ms: ingress 0.73/0.84  events 1.17/1.26  movement 0.19/0.22  grid 0.14/0.15  history 0.00/0.01  serialize 0.13/0.20  assembly 2.81/3.32  transport 0.86/0.97  egress 2.11/2.63
[   80s] clients 3969 | level 0 (0-0 in window: 30 Hz, dilation 1.0), pace 1.00, 0.0% clients bandwidth-degraded | tick p50 8.35 p99 9.12 max 9.20 ms, 0 overruns | out 230.9k pps 340 kbps/client, 1307 Mbps | in 115.4k pps 12 kbps/client | stand-ins: repeated 0.00% frozen 0.00%, 0 late inputs | per client-tick: 1351 B (near 359 B, 99% deltas), near 64.0 mid 86.0 far 0.0, far skipped 0 starved 0 | input wait p50 49.9 p99 66.0 ms | 0 joins deferred | kernel drops rcv 0 snd 0
         p50/p99 ms: ingress 0.75/0.84  events 1.25/1.34  movement 0.20/0.22  grid 0.15/0.17  history 0.00/0.02  serialize 0.14/0.20  assembly 2.81/3.28  transport 0.90/1.01  egress 2.03/2.68
[   85s] clients 4224 | level 0 (0-0 in window: 30 Hz, dilation 1.0), pace 1.00, 0.0% clients bandwidth-degraded | tick p50 8.41 p99 9.09 max 9.09 ms, 0 overruns | out 246.0k pps 340 kbps/client, 1393 Mbps | in 123.0k pps 12 kbps/client | stand-ins: repeated 0.00% frozen 0.00%, 0 late inputs | per client-tick: 1351 B (near 359 B, 99% deltas), near 64.0 mid 86.0 far 0.0, far skipped 0 starved 0 | input wait p50 49.9 p99 65.9 ms | 0 joins deferred | kernel drops rcv 0 snd 0
         p50/p99 ms: ingress 0.79/1.11  events 1.32/1.44  movement 0.21/0.27  grid 0.18/0.20  history 0.00/0.01  serialize 0.14/0.19  assembly 2.84/3.27  transport 0.96/1.05  egress 1.91/2.46
[   90s] clients 4473 | level 0 (0-0 in window: 30 Hz, dilation 1.0), pace 1.00, 0.0% clients bandwidth-degraded | tick p50 8.79 p99 9.45 max 9.58 ms, 0 overruns | out 261.1k pps 340 kbps/client, 1479 Mbps | in 130.5k pps 12 kbps/client | stand-ins: repeated 0.00% frozen 0.00%, 0 late inputs | per client-tick: 1351 B (near 359 B, 99% deltas), near 64.0 mid 86.0 far 0.0, far skipped 0 starved 0 | input wait p50 49.9 p99 65.9 ms | 0 joins deferred | kernel drops rcv 0 snd 0
         p50/p99 ms: ingress 0.85/1.17  events 1.40/1.49  movement 0.23/0.27  grid 0.18/0.22  history 0.00/0.01  serialize 0.14/0.20  assembly 2.82/3.17  transport 1.00/1.12  egress 2.08/2.77
[   95s] clients 4725 | level 0 (0-0 in window: 30 Hz, dilation 1.0), pace 1.00, 0.0% clients bandwidth-degraded | tick p50 8.97 p99 10.02 max 10.15 ms, 0 overruns | out 276.1k pps 340 kbps/client, 1565 Mbps | in 138.1k pps 12 kbps/client | stand-ins: repeated 0.00% frozen 0.00%, 0 late inputs | per client-tick: 1352 B (near 360 B, 99% deltas), near 64.0 mid 86.0 far 0.0, far skipped 0 starved 0 | input wait p50 49.7 p99 65.8 ms | 0 joins deferred | kernel drops rcv 0 snd 0
         p50/p99 ms: ingress 0.87/1.23  events 1.47/1.56  movement 0.23/0.27  grid 0.19/0.21  history 0.00/0.01  serialize 0.13/0.21  assembly 2.97/3.29  transport 1.05/1.16  egress 2.07/3.04
[  100s] clients 4975 | level 0 (0-0 in window: 30 Hz, dilation 1.0), pace 1.00, 0.0% clients bandwidth-degraded | tick p50 8.95 p99 10.62 max 10.63 ms, 0 overruns | out 291.2k pps 340 kbps/client, 1651 Mbps | in 145.6k pps 12 kbps/client | stand-ins: repeated 0.00% frozen 0.00%, 0 late inputs | per client-tick: 1353 B (near 361 B, 99% deltas), near 64.0 mid 86.0 far 0.0, far skipped 0 starved 0 | input wait p50 49.7 p99 65.8 ms | 0 joins deferred | kernel drops rcv 0 snd 0
         p50/p99 ms: ingress 0.91/1.30  events 1.55/1.66  movement 0.24/0.28  grid 0.18/0.21  history 0.00/0.01  serialize 0.14/0.21  assembly 3.09/3.35  transport 1.09/1.17  egress 1.70/3.17
[  105s] clients 5227 | level 0 (0-0 in window: 30 Hz, dilation 1.0), pace 1.00, 0.0% clients bandwidth-degraded | tick p50 9.87 p99 10.53 max 10.53 ms, 0 overruns | out 306.2k pps 340 kbps/client, 1737 Mbps | in 153.1k pps 12 kbps/client | stand-ins: repeated 0.00% frozen 0.00%, 0 late inputs | per client-tick: 1354 B (near 362 B, 99% deltas), near 64.0 mid 86.0 far 0.0, far skipped 0 starved 0 | input wait p50 49.7 p99 65.8 ms | 0 joins deferred | kernel drops rcv 0 snd 0
         p50/p99 ms: ingress 0.96/1.10  events 1.62/1.71  movement 0.24/0.28  grid 0.18/0.22  history 0.00/0.01  serialize 0.14/0.23  assembly 3.26/3.59  transport 1.14/1.25  egress 2.28/2.89
[  110s] clients 5479 | level 0 (0-0 in window: 30 Hz, dilation 1.0), pace 1.00, 0.0% clients bandwidth-degraded | tick p50 10.44 p99 11.37 max 11.43 ms, 0 overruns | out 321.3k pps 341 kbps/client, 1823 Mbps | in 160.6k pps 12 kbps/client | stand-ins: repeated 0.00% frozen 0.00%, 0 late inputs | per client-tick: 1354 B (near 362 B, 99% deltas), near 64.0 mid 86.0 far 0.0, far skipped 0 starved 0 | input wait p50 49.9 p99 65.8 ms | 0 joins deferred | kernel drops rcv 0 snd 0
         p50/p99 ms: ingress 0.98/1.12  events 1.70/1.81  movement 0.24/0.28  grid 0.18/0.22  history 0.00/0.01  serialize 0.14/0.22  assembly 3.46/3.91  transport 1.20/1.29  egress 2.50/3.25
[  115s] clients 5728 | level 0 (0-0 in window: 30 Hz, dilation 1.0), pace 1.00, 0.0% clients bandwidth-degraded | tick p50 10.59 p99 11.46 max 11.49 ms, 0 overruns | out 336.3k pps 341 kbps/client, 1909 Mbps | in 168.2k pps 12 kbps/client | stand-ins: repeated 0.00% frozen 0.00%, 0 late inputs | per client-tick: 1355 B (near 363 B, 99% deltas), near 64.0 mid 86.0 far 0.0, far skipped 0 starved 0 | input wait p50 50.0 p99 65.7 ms | 0 joins deferred | kernel drops rcv 0 snd 0
         p50/p99 ms: ingress 1.03/1.17  events 1.74/1.86  movement 0.25/0.28  grid 0.19/0.23  history 0.00/0.01  serialize 0.15/0.23  assembly 3.60/3.88  transport 1.24/1.35  egress 2.32/3.07
[  120s] clients 5979 | level 0 (0-0 in window: 30 Hz, dilation 1.0), pace 1.00, 0.0% clients bandwidth-degraded | tick p50 11.08 p99 11.82 max 11.84 ms, 0 overruns | out 351.3k pps 341 kbps/client, 1995 Mbps | in 175.7k pps 12 kbps/client | stand-ins: repeated 0.00% frozen 0.00%, 0 late inputs | per client-tick: 1355 B (near 363 B, 99% deltas), near 64.0 mid 86.0 far 0.0, far skipped 0 starved 0 | input wait p50 50.0 p99 65.7 ms | 0 joins deferred | kernel drops rcv 0 snd 0
         p50/p99 ms: ingress 1.06/1.21  events 1.89/2.04  movement 0.24/0.28  grid 0.22/0.24  history 0.01/0.01  serialize 0.15/0.21  assembly 3.77/4.13  transport 1.28/1.40  egress 2.34/3.22
[  125s] clients 6226 | level 0 (0-0 in window: 30 Hz, dilation 1.0), pace 1.00, 0.0% clients bandwidth-degraded | tick p50 11.41 p99 12.09 max 12.42 ms, 0 overruns | out 366.3k pps 341 kbps/client, 2081 Mbps | in 183.2k pps 12 kbps/client | stand-ins: repeated 0.00% frozen 0.00%, 0 late inputs | per client-tick: 1355 B (near 363 B, 99% deltas), near 64.0 mid 86.0 far 0.0, far skipped 0 starved 0 | input wait p50 50.0 p99 65.7 ms | 0 joins deferred | kernel drops rcv 0 snd 0
         p50/p99 ms: ingress 1.10/1.21  events 1.95/2.12  movement 0.26/0.29  grid 0.23/0.25  history 0.01/0.01  serialize 0.15/0.26  assembly 3.97/4.19  transport 1.33/1.46  egress 2.40/2.99
[  130s] clients 6481 | level 0 (0-0 in window: 30 Hz, dilation 1.0), pace 1.00, 0.0% clients bandwidth-degraded | tick p50 11.85 p99 12.55 max 13.93 ms, 0 overruns | out 381.4k pps 341 kbps/client, 2167 Mbps | in 190.7k pps 12 kbps/client | stand-ins: repeated 0.00% frozen 0.00%, 0 late inputs | per client-tick: 1356 B (near 364 B, 99% deltas), near 64.0 mid 86.0 far 0.0, far skipped 0 starved 0 | input wait p50 50.0 p99 65.6 ms | 0 joins deferred | kernel drops rcv 0 snd 0
         p50/p99 ms: ingress 1.16/1.28  events 2.01/2.16  movement 0.27/0.31  grid 0.23/0.25  history 0.01/0.01  serialize 0.15/0.24  assembly 4.15/4.40  transport 1.40/1.51  egress 2.41/3.09
[  135s] clients 6728 | level 0 (0-0 in window: 30 Hz, dilation 1.0), pace 1.00, 0.0% clients bandwidth-degraded | tick p50 12.46 p99 13.29 max 13.38 ms, 0 overruns | out 396.4k pps 341 kbps/client, 2254 Mbps | in 198.2k pps 12 kbps/client | stand-ins: repeated 0.00% frozen 0.00%, 0 late inputs | per client-tick: 1357 B (near 365 B, 99% deltas), near 64.0 mid 86.0 far 0.0, far skipped 0 starved 0 | input wait p50 49.9 p99 65.6 ms | 0 joins deferred | kernel drops rcv 0 snd 0
         p50/p99 ms: ingress 1.21/1.38  events 2.08/2.33  movement 0.27/0.30  grid 0.25/0.26  history 0.01/0.01  serialize 0.15/0.21  assembly 4.33/4.67  transport 1.44/1.55  egress 2.59/3.42
[  140s] clients 6980 | level 0 (0-0 in window: 30 Hz, dilation 1.0), pace 1.00, 0.0% clients bandwidth-degraded | tick p50 12.58 p99 13.59 max 14.03 ms, 0 overruns | out 411.4k pps 341 kbps/client, 2341 Mbps | in 205.7k pps 12 kbps/client | stand-ins: repeated 0.00% frozen 0.00%, 0 late inputs | per client-tick: 1358 B (near 366 B, 99% deltas), near 64.0 mid 86.0 far 0.0, far skipped 0 starved 0 | input wait p50 49.8 p99 65.5 ms | 0 joins deferred | kernel drops rcv 0 snd 0
         p50/p99 ms: ingress 1.23/1.40  events 2.13/2.31  movement 0.27/0.31  grid 0.25/0.27  history 0.01/0.01  serialize 0.16/0.19  assembly 4.51/4.79  transport 1.51/1.62  egress 2.48/3.35
[  145s] clients 7230 | level 0 (0-0 in window: 30 Hz, dilation 1.0), pace 1.00, 0.0% clients bandwidth-degraded | tick p50 12.89 p99 13.67 max 13.68 ms, 0 overruns | out 426.4k pps 342 kbps/client, 2427 Mbps | in 213.2k pps 12 kbps/client | stand-ins: repeated 0.00% frozen 0.00%, 0 late inputs | per client-tick: 1358 B (near 366 B, 99% deltas), near 64.0 mid 86.0 far 0.0, far skipped 0 starved 0 | input wait p50 49.6 p99 65.5 ms | 0 joins deferred | kernel drops rcv 0 snd 0
         p50/p99 ms: ingress 1.28/1.45  events 2.21/2.62  movement 0.27/0.30  grid 0.23/0.27  history 0.01/0.01  serialize 0.16/0.20  assembly 4.74/5.24  transport 1.57/1.66  egress 2.39/2.85
[  150s] clients 7480 | level 0 (0-0 in window: 30 Hz, dilation 1.0), pace 1.00, 0.0% clients bandwidth-degraded | tick p50 13.34 p99 14.43 max 14.45 ms, 0 overruns | out 441.3k pps 342 kbps/client, 2512 Mbps | in 220.7k pps 12 kbps/client | stand-ins: repeated 0.00% frozen 0.00%, 0 late inputs | per client-tick: 1358 B (near 366 B, 99% deltas), near 64.0 mid 86.0 far 0.0, far skipped 0 starved 0 | input wait p50 49.8 p99 65.5 ms | 0 joins deferred | kernel drops rcv 0 snd 0
         p50/p99 ms: ingress 1.32/1.48  events 2.37/2.63  movement 0.27/0.31  grid 0.23/0.28  history 0.01/0.01  serialize 0.16/0.20  assembly 4.91/5.11  transport 1.62/1.70  egress 2.38/3.31
[  155s] clients 7731 | level 0 (0-0 in window: 30 Hz, dilation 1.0), pace 1.00, 0.0% clients bandwidth-degraded | tick p50 14.02 p99 15.05 max 15.21 ms, 0 overruns | out 456.4k pps 342 kbps/client, 2598 Mbps | in 228.2k pps 12 kbps/client | stand-ins: repeated 0.00% frozen 0.00%, 0 late inputs | per client-tick: 1359 B (near 367 B, 99% deltas), near 64.0 mid 86.0 far 0.0, far skipped 0 starved 0 | input wait p50 49.8 p99 65.5 ms | 0 joins deferred | kernel drops rcv 0 snd 0
         p50/p99 ms: ingress 1.34/1.47  events 2.50/2.84  movement 0.28/0.32  grid 0.27/0.28  history 0.01/0.01  serialize 0.16/0.20  assembly 5.12/5.42  transport 1.68/1.78  egress 2.61/3.49
[  160s] clients 7978 | level 0 (0-0 in window: 30 Hz, dilation 1.0), pace 1.00, 0.0% clients bandwidth-degraded | tick p50 14.39 p99 15.29 max 15.40 ms, 0 overruns | out 471.4k pps 342 kbps/client, 2685 Mbps | in 235.7k pps 12 kbps/client | stand-ins: repeated 0.00% frozen 0.00%, 0 late inputs | per client-tick: 1360 B (near 368 B, 99% deltas), near 64.0 mid 86.0 far 0.0, far skipped 0 starved 0 | input wait p50 49.8 p99 65.4 ms | 0 joins deferred | kernel drops rcv 0 snd 0
         p50/p99 ms: ingress 1.37/1.54  events 2.62/2.90  movement 0.27/0.31  grid 0.26/0.29  history 0.01/0.01  serialize 0.15/0.21  assembly 5.32/5.63  transport 1.73/1.84  egress 2.57/3.42
[  165s] clients 8230 | level 0 (0-0 in window: 30 Hz, dilation 1.0), pace 1.00, 0.0% clients bandwidth-degraded | tick p50 14.73 p99 15.27 max 15.42 ms, 0 overruns | out 486.4k pps 342 kbps/client, 2772 Mbps | in 243.2k pps 12 kbps/client | stand-ins: repeated 0.00% frozen 0.00%, 0 late inputs | per client-tick: 1360 B (near 368 B, 99% deltas), near 64.0 mid 86.0 far 0.0, far skipped 0 starved 0 | input wait p50 49.8 p99 65.4 ms | 0 joins deferred | kernel drops rcv 0 snd 0
         p50/p99 ms: ingress 1.43/1.60  events 2.76/2.96  movement 0.28/0.33  grid 0.27/0.29  history 0.01/0.01  serialize 0.16/0.21  assembly 5.57/5.95  transport 1.79/1.88  egress 2.46/2.58
[  170s] clients 8478 | level 0 (0-0 in window: 30 Hz, dilation 1.0), pace 1.00, 0.0% clients bandwidth-degraded | tick p50 15.09 p99 15.51 max 15.54 ms, 0 overruns | out 501.4k pps 342 kbps/client, 2858 Mbps | in 250.7k pps 12 kbps/client | stand-ins: repeated 0.00% frozen 0.00%, 0 late inputs | per client-tick: 1360 B (near 368 B, 99% deltas), near 64.0 mid 86.0 far 0.0, far skipped 0 starved 0 | input wait p50 49.7 p99 65.3 ms | 0 joins deferred | kernel drops rcv 0 snd 0
         p50/p99 ms: ingress 1.47/2.14  events 2.70/2.91  movement 0.30/0.36  grid 0.28/0.30  history 0.01/0.01  serialize 0.18/0.22  assembly 5.72/6.09  transport 1.85/1.95  egress 2.51/2.75
[  175s] clients 8730 | level 0 (0-0 in window: 30 Hz, dilation 1.0), pace 1.00, 0.0% clients bandwidth-degraded | tick p50 15.53 p99 16.22 max 16.46 ms, 0 overruns | out 516.4k pps 342 kbps/client, 2944 Mbps | in 258.2k pps 12 kbps/client | stand-ins: repeated 0.00% frozen 0.00%, 0 late inputs | per client-tick: 1361 B (near 369 B, 99% deltas), near 64.0 mid 86.0 far 0.0, far skipped 0 starved 0 | input wait p50 49.7 p99 65.3 ms | 0 joins deferred | kernel drops rcv 0 snd 0
         p50/p99 ms: ingress 1.50/2.12  events 2.76/3.01  movement 0.30/0.35  grid 0.29/0.31  history 0.01/0.01  serialize 0.19/0.24  assembly 5.93/6.38  transport 1.88/1.99  egress 2.64/3.34
[  180s] clients 8980 | level 0 (0-0 in window: 30 Hz, dilation 1.0), pace 1.00, 0.0% clients bandwidth-degraded | tick p50 16.11 p99 16.91 max 17.23 ms, 0 overruns | out 531.3k pps 342 kbps/client, 3031 Mbps | in 265.7k pps 12 kbps/client | stand-ins: repeated 0.00% frozen 0.00%, 0 late inputs | per client-tick: 1361 B (near 369 B, 99% deltas), near 64.0 mid 86.0 far 0.0, far skipped 0 starved 0 | input wait p50 49.7 p99 65.2 ms | 0 joins deferred | kernel drops rcv 0 snd 0
         p50/p99 ms: ingress 1.53/2.27  events 2.86/3.14  movement 0.31/0.39  grid 0.30/0.32  history 0.01/0.01  serialize 0.18/0.22  assembly 6.18/6.60  transport 1.94/2.03  egress 2.74/3.39
[  185s] clients 9228 | level 0 (0-0 in window: 30 Hz, dilation 1.0), pace 1.00, 0.0% clients bandwidth-degraded | tick p50 16.47 p99 17.33 max 17.37 ms, 0 overruns | out 546.4k pps 342 kbps/client, 3118 Mbps | in 273.2k pps 12 kbps/client | stand-ins: repeated 0.00% frozen 0.00%, 0 late inputs | per client-tick: 1362 B (near 370 B, 98% deltas), near 64.0 mid 86.0 far 0.0, far skipped 0 starved 0 | input wait p50 49.8 p99 65.2 ms | 0 joins deferred | kernel drops rcv 0 snd 0
         p50/p99 ms: ingress 1.58/1.76  events 2.87/3.43  movement 0.31/0.36  grid 0.28/0.32  history 0.01/0.01  serialize 0.19/0.23  assembly 6.42/6.80  transport 1.98/2.09  egress 2.81/3.26
[  190s] clients 9481 | level 0 (0-0 in window: 30 Hz, dilation 1.0), pace 1.00, 0.0% clients bandwidth-degraded | tick p50 16.75 p99 17.85 max 17.85 ms, 0 overruns | out 561.3k pps 343 kbps/client, 3205 Mbps | in 280.6k pps 12 kbps/client | stand-ins: repeated 0.00% frozen 0.00%, 0 late inputs | per client-tick: 1362 B (near 370 B, 98% deltas), near 64.0 mid 86.0 far 0.0, far skipped 0 starved 0 | input wait p50 49.8 p99 65.2 ms | 0 joins deferred | kernel drops rcv 0 snd 0
         p50/p99 ms: ingress 1.61/1.74  events 2.68/3.49  movement 0.31/0.37  grid 0.28/0.32  history 0.01/0.01  serialize 0.20/0.23  assembly 6.75/7.17  transport 2.04/2.16  egress 2.81/3.12
[  195s] clients 9728 | level 0 (0-0 in window: 30 Hz, dilation 1.0), pace 1.00, 0.0% clients bandwidth-degraded | tick p50 17.23 p99 18.90 max 19.04 ms, 0 overruns | out 576.4k pps 343 kbps/client, 3292 Mbps | in 288.2k pps 12 kbps/client | stand-ins: repeated 0.00% frozen 0.00%, 0 late inputs | per client-tick: 1363 B (near 371 B, 98% deltas), near 64.0 mid 86.0 far 0.0, far skipped 0 starved 0 | input wait p50 49.9 p99 65.2 ms | 0 joins deferred | kernel drops rcv 0 snd 0
         p50/p99 ms: ingress 1.65/1.79  events 2.72/3.59  movement 0.31/0.36  grid 0.28/0.34  history 0.01/0.01  serialize 0.19/0.24  assembly 7.02/7.57  transport 2.09/2.23  egress 2.91/3.69
[  200s] clients 9980 | level 0 (0-0 in window: 30 Hz, dilation 1.0), pace 1.00, 0.0% clients bandwidth-degraded | tick p50 18.26 p99 18.99 max 19.14 ms, 0 overruns | out 591.2k pps 343 kbps/client, 3377 Mbps | in 295.7k pps 12 kbps/client | stand-ins: repeated 0.00% frozen 0.00%, 0 late inputs | per client-tick: 1363 B (near 371 B, 98% deltas), near 64.0 mid 86.0 far 0.0, far skipped 0 starved 0 | input wait p50 49.6 p99 65.1 ms | 0 joins deferred | kernel drops rcv 0 snd 0
         p50/p99 ms: ingress 1.68/1.86  events 3.28/3.59  movement 0.32/0.37  grid 0.31/0.34  history 0.01/0.01  serialize 0.20/0.24  assembly 7.28/7.76  transport 2.13/2.25  egress 3.00/3.51
[  205s] clients 10000 | level 0 (0-0 in window: 30 Hz, dilation 1.0), pace 1.00, 0.0% clients bandwidth-degraded | tick p50 18.53 p99 19.08 max 19.58 ms, 0 overruns | out 600.0k pps 343 kbps/client, 3428 Mbps | in 299.9k pps 12 kbps/client | stand-ins: repeated 0.00% frozen 0.00%, 0 late inputs | per client-tick: 1363 B (near 371 B, 98% deltas), near 64.0 mid 86.0 far 0.0, far skipped 0 starved 0 | input wait p50 49.6 p99 65.1 ms | 0 joins deferred | kernel drops rcv 0 snd 0
         p50/p99 ms: ingress 1.70/1.80  events 3.25/3.56  movement 0.33/0.37  grid 0.31/0.33  history 0.01/0.01  serialize 0.20/0.23  assembly 7.45/7.71  transport 2.17/2.28  egress 3.06/3.56
[  210s] clients 10000 | level 0 (0-0 in window: 30 Hz, dilation 1.0), pace 1.00, 0.0% clients bandwidth-degraded | tick p50 18.51 p99 20.19 max 20.23 ms, 0 overruns | out 600.0k pps 343 kbps/client, 3428 Mbps | in 300.0k pps 12 kbps/client | stand-ins: repeated 0.00% frozen 0.00%, 0 late inputs | per client-tick: 1363 B (near 371 B, 98% deltas), near 64.0 mid 86.0 far 0.0, far skipped 0 starved 0 | input wait p50 49.6 p99 65.1 ms | 0 joins deferred | kernel drops rcv 0 snd 0
         p50/p99 ms: ingress 1.68/1.79  events 3.25/3.55  movement 0.33/0.37  grid 0.32/0.34  history 0.01/0.01  serialize 0.20/0.24  assembly 7.46/8.12  transport 2.17/2.28  egress 3.07/3.87
[  215s] clients 10000 | level 0 (0-0 in window: 30 Hz, dilation 1.0), pace 1.00, 0.0% clients bandwidth-degraded | tick p50 18.46 p99 19.19 max 19.24 ms, 0 overruns | out 600.0k pps 343 kbps/client, 3428 Mbps | in 300.0k pps 12 kbps/client | stand-ins: repeated 0.00% frozen 0.00%, 0 late inputs | per client-tick: 1363 B (near 371 B, 98% deltas), near 64.0 mid 86.0 far 0.0, far skipped 0 starved 0 | input wait p50 49.5 p99 65.1 ms | 0 joins deferred | kernel drops rcv 0 snd 0
         p50/p99 ms: ingress 1.71/1.79  events 3.23/3.55  movement 0.32/0.38  grid 0.31/0.34  history 0.01/0.01  serialize 0.20/0.23  assembly 7.44/7.65  transport 2.16/2.29  egress 2.98/3.46
[  220s] clients 10000 | level 0 (0-0 in window: 30 Hz, dilation 1.0), pace 1.00, 0.0% clients bandwidth-degraded | tick p50 18.52 p99 19.21 max 19.27 ms, 0 overruns | out 600.0k pps 343 kbps/client, 3428 Mbps | in 299.9k pps 12 kbps/client | stand-ins: repeated 0.00% frozen 0.00%, 0 late inputs | per client-tick: 1363 B (near 371 B, 98% deltas), near 64.0 mid 86.0 far 0.0, far skipped 0 starved 0 | input wait p50 49.6 p99 65.1 ms | 0 joins deferred | kernel drops rcv 0 snd 0
         p50/p99 ms: ingress 1.70/1.78  events 3.24/3.51  movement 0.32/0.36  grid 0.32/0.34  history 0.01/0.01  serialize 0.20/0.22  assembly 7.46/7.67  transport 2.16/2.28  egress 3.03/3.34
[  225s] clients 10000 | level 0 (0-0 in window: 30 Hz, dilation 1.0), pace 1.00, 0.0% clients bandwidth-degraded | tick p50 18.64 p99 19.35 max 19.66 ms, 0 overruns | out 600.0k pps 343 kbps/client, 3428 Mbps | in 300.0k pps 12 kbps/client | stand-ins: repeated 0.00% frozen 0.00%, 0 late inputs | per client-tick: 1363 B (near 371 B, 98% deltas), near 64.0 mid 86.0 far 0.0, far skipped 0 starved 0 | input wait p50 49.6 p99 65.0 ms | 0 joins deferred | kernel drops rcv 0 snd 0
         p50/p99 ms: ingress 1.70/1.78  events 3.27/3.68  movement 0.33/0.38  grid 0.33/0.35  history 0.01/0.01  serialize 0.20/0.24  assembly 7.44/7.71  transport 2.16/2.24  egress 3.15/3.54
[  230s] clients 10000 | level 0 (0-0 in window: 30 Hz, dilation 1.0), pace 1.00, 0.0% clients bandwidth-degraded | tick p50 18.54 p99 19.05 max 19.16 ms, 0 overruns | out 600.0k pps 343 kbps/client, 3428 Mbps | in 300.0k pps 12 kbps/client | stand-ins: repeated 0.00% frozen 0.00%, 0 late inputs | per client-tick: 1364 B (near 372 B, 98% deltas), near 64.0 mid 86.0 far 0.0, far skipped 0 starved 0 | input wait p50 49.6 p99 65.1 ms | 0 joins deferred | kernel drops rcv 0 snd 0
         p50/p99 ms: ingress 1.68/1.78  events 3.22/3.70  movement 0.33/0.38  grid 0.31/0.34  history 0.01/0.01  serialize 0.21/0.24  assembly 7.42/7.66  transport 2.16/2.33  egress 3.05/3.50
[  235s] clients 10000 | level 0 (0-0 in window: 30 Hz, dilation 1.0), pace 1.00, 0.0% clients bandwidth-degraded | tick p50 18.59 p99 19.09 max 19.14 ms, 0 overruns | out 600.0k pps 343 kbps/client, 3428 Mbps | in 300.0k pps 12 kbps/client | stand-ins: repeated 0.00% frozen 0.00%, 0 late inputs | per client-tick: 1363 B (near 371 B, 98% deltas), near 64.0 mid 86.0 far 0.0, far skipped 0 starved 0 | input wait p50 49.6 p99 65.0 ms | 0 joins deferred | kernel drops rcv 0 snd 0
         p50/p99 ms: ingress 1.72/1.80  events 3.26/3.57  movement 0.33/0.36  grid 0.31/0.34  history 0.01/0.01  serialize 0.20/0.24  assembly 7.43/7.75  transport 2.16/2.27  egress 3.10/3.50
[  240s] clients 10000 | level 0 (0-0 in window: 30 Hz, dilation 1.0), pace 1.00, 0.0% clients bandwidth-degraded | tick p50 18.66 p99 19.34 max 19.34 ms, 0 overruns | out 600.0k pps 343 kbps/client, 3429 Mbps | in 300.0k pps 12 kbps/client | stand-ins: repeated 0.00% frozen 0.00%, 0 late inputs | per client-tick: 1364 B (near 372 B, 98% deltas), near 64.0 mid 86.0 far 0.0, far skipped 0 starved 0 | input wait p50 49.6 p99 65.1 ms | 0 joins deferred | kernel drops rcv 0 snd 0
         p50/p99 ms: ingress 1.67/1.78  events 3.26/3.70  movement 0.33/0.37  grid 0.32/0.34  history 0.01/0.01  serialize 0.20/0.25  assembly 7.46/7.67  transport 2.15/2.27  egress 3.23/3.56
[  241s] clients 0 | level 0 (0-0 in window: 30 Hz, dilation 1.0), pace 1.00, 0.0% clients bandwidth-degraded | tick p50 18.63 p99 31.59 max 31.59 ms, 0 overruns | out 457.7k pps 358 kbps/client, 2668 Mbps | in 313.0k pps 13 kbps/client | stand-ins: repeated 0.00% frozen 0.00%, 0 late inputs | per client-tick: 1393 B (near 401 B, 93% deltas), near 64.0 mid 86.0 far 0.0, far skipped 0 starved 0 | input wait p50 49.9 p99 65.1 ms | 0 joins deferred | kernel drops rcv 0 snd 0
         p50/p99 ms: ingress 1.74/5.40  events 3.50/22.94  movement 0.32/0.36  grid 0.29/0.32  history 0.01/0.01  serialize 0.20/0.22  assembly 7.28/7.61  transport 2.11/2.17  egress 2.97/3.05

== summary: 7108 steady-state ticks (after warmup, before clients drain), peak 10000 clients ==
  phase        p50 ms   p99 ms   max ms
  ingress        1.11     1.77     2.32
  events         1.94     3.53     3.81
  movement       0.26     0.36     0.44
  grid           0.22     0.34     0.35
  history        0.01     0.01     0.06
  serialize      0.15     0.23     0.28
  assembly       3.94     7.61     8.47
  transport      1.33     2.24     2.35
  egress         2.42     3.40     4.42
  tick          11.41    18.95    20.23
  overruns 0 | spawns 10000 despawns 10000 (0 joins deferred) | stand-ins: repeated 0 frozen 0 | late inputs 0 discarded 0 | bad messages 0 | recv errors 0 send errors 0
  egress (whole run): 83976562 datagrams in 83976562 sends (1.00 per send), 601397 syscalls
  ticks per ladder level (whole run): L0: 7222
  input wait on the server (datagram arrival -> applied): p50 49.7 p99 65.8 max 67.0 mean 49.8 ms
  steady state: stand-ins repeated 0 frozen 0 | late inputs 0 discarded 0
