spawn=disk(200.0)
egress=sendmmsg
ladder=off
threads=64
shards=64
peak_clients=10000
steady_ticks=7108
steady_secs=236.9
ingress_p50_ms=1.11
ingress_p99_ms=1.77
ingress_max_ms=2.32
events_p50_ms=1.94
events_p99_ms=3.53
events_max_ms=3.81
movement_p50_ms=0.26
movement_p99_ms=0.36
movement_max_ms=0.44
grid_p50_ms=0.22
grid_p99_ms=0.34
grid_max_ms=0.35
history_p50_ms=0.01
history_p99_ms=0.01
history_max_ms=0.06
serialize_p50_ms=0.15
serialize_p99_ms=0.23
serialize_max_ms=0.28
assembly_p50_ms=3.94
assembly_p99_ms=7.61
assembly_max_ms=8.47
transport_p50_ms=1.33
transport_p99_ms=2.24
transport_max_ms=2.35
egress_p50_ms=2.42
egress_p99_ms=3.40
egress_max_ms=4.42
tick_p50_ms=11.41
tick_p99_ms=18.95
tick_max_ms=20.23
steady_overruns=0
level_mode=0
tick_hz=30
dilation=1
levels=L0:7108
clients_avg=5906
out_pps=354342
in_pps=177321
egress_mbps=2017.3
packets_per_client_tick=2.00
wire_bytes_per_client_tick=1423
down_kbps_per_client=341.6
up_kbps_per_client=12.0
kernel_rcvbuf_drops=0
kernel_sndbuf_drops=0
snapshot_bytes_per_client_tick=1358
near_bytes_per_client_tick=366
near_per_client_tick=64.0
mid_per_client_tick=86.0
far_per_client_tick=0.0
far_skipped=0
far_starved=0
repeated=0
frozen=0
late_inputs=0
discarded_inputs=0
input_wait_p50_ms=49.7
input_wait_p99_ms=65.8
spawns=10000
despawns=10000
joins_deferred=0
bad_messages=0
recv_errors=0
send_errors=0
datagrams=83976562
sends=83976562
send_syscalls=601397
