started=1000
welcomed=1000
failed=0
join_p50_ms=363
join_p99_ms=654
join_max_ms=693
corrections=10
corrections_per_bot_minute=0.010
correction_max_m=0.137
push_corrections=27036
push_corrections_per_bot_minute=27.036
push_max_m=0.586
snapshots=1788900
near_per_snapshot=64.1
mid_per_snapshot=86.1
far_per_snapshot=0.0
stale_snapshots=0
resyncs=0
input_applied_p50_ms=100.0
input_applied_p99_ms=141.0
input_applied_mean_ms=95.4
server_wait_p50_ms=50.4
server_wait_p99_ms=67.4
server_wait_mean_ms=50.2
round_trip_p50_ms=167.0
round_trip_p99_ms=233.0
round_trip_mean_ms=160.9
slot_work_p50_ms=1.1
slot_work_p99_ms=3.5
slot_work_mean_ms=1.5
slot_late_p50_ms=0.0
slot_late_p99_ms=0.1
slot_late_mean_ms=0.0
near_interval_p50_ms=66.0
near_interval_p99_ms=66.0
near_interval_mean_ms=53.2
mid_interval_p50_ms=100.0
mid_interval_p99_ms=100.0
mid_interval_mean_ms=100.3
far_interval_p50_ms=0.0
far_interval_p99_ms=0.0
far_interval_mean_ms=0.0
slot_late_max_ms=31.9
near_interpolated_pct=99.79
near_extrapolated_pct=0.03
near_held_pct=0.00
near_new_pct=0.18
near_pop_p50_mm=0
near_pop_p99_mm=0
mid_interpolated_pct=96.80
mid_extrapolated_pct=0.96
mid_held_pct=1.33
mid_new_pct=0.91
mid_pop_p50_mm=0
mid_pop_p99_mm=0
far_interpolated_pct=0.00
far_extrapolated_pct=0.00
far_held_pct=0.00
far_new_pct=0.00
far_pop_p50_mm=0
far_pop_p99_mm=0
render_delay_ms=88.4
render_snaps=0
class0_fighters=167
class0_shots=68001
class0_hits=67597
class0_kills=0
class0_hit_pct=99.4
class0_rtt_ms=21.3
class1_fighters=166
class1_shots=66756
class1_hits=66270
class1_kills=0
class1_hit_pct=99.3
class1_rtt_ms=101.4
class2_fighters=167
class2_shots=66960
class2_hits=65199
class2_kills=0
class2_hit_pct=97.4
class2_rtt_ms=151.3
shots_seen=14795375
activity_cells=2465063
activity_shots=140482042
ambient=17783126
streak_frames_per_million=41
clock_slewing_pct=7.37
delay_changes=1224
render_backwards=0
clock_extra=2531
clock_skipped=1153
backlog_skips=0
near_decode_errors=0
bytes_down_mb=2943.5
bytes_up_mb=118.6
swarm_busy_pct=38
swarm_overruns=97
