minting tokens with the public dev key (--token-key to change)
1000 bots -> 127.0.0.1:14500 on 8 threads x 8 slots, ramp 0/s, 60s, 1000 full + 0 sink bots
[    5s] bots 1000/1000 connected, 1000 welcomed, 0 failed | 24.9 snaps/s/bot, entities/snap near 65.2 mid 87.4 far 0.0 | corrections 0.000/s/bot | down 336 up 13 kbps/bot | rtt 90.6 ms loss 0.00% | input->applied ~ p50 99 p99 141 ms, round trip p50 167 p99 233 ms | joins 1000 (p50 363 p99 654 ms) | server pace 1.00 level 0, 0 bots bandwidth-degraded | swarm busy 35%, overruns 39
[   10s] bots 1000/1000 connected, 1000 welcomed, 0 failed | 30.1 snaps/s/bot, entities/snap near 64.0 mid 86.0 far 0.0 | corrections 0.000/s/bot | down 395 up 16 kbps/bot | rtt 90.7 ms loss 0.00% | input->applied ~ p50 101 p99 142 ms, round trip p50 167 p99 233 ms | joins 0 (p50 0 p99 0 ms) | server pace 1.00 level 0, 0 bots bandwidth-degraded | swarm busy 38%, overruns 0
[   15s] bots 1000/1000 connected, 1000 welcomed, 0 failed | 30.1 snaps/s/bot, entities/snap near 64.0 mid 86.0 far 0.0 | corrections 0.000/s/bot | down 396 up 16 kbps/bot | rtt 90.6 ms loss 0.00% | input->applied ~ p50 101 p99 142 ms, round trip p50 167 p99 233 ms | joins 0 (p50 0 p99 0 ms) | server pace 1.00 level 0, 0 bots bandwidth-degraded | swarm busy 38%, overruns 0
[   20s] bots 1000/1000 connected, 1000 welcomed, 0 failed | 30.1 snaps/s/bot, entities/snap near 64.0 mid 86.0 far 0.0 | corrections 0.000/s/bot | down 395 up 16 kbps/bot | rtt 90.6 ms loss 0.00% | input->applied ~ p50 101 p99 142 ms, round trip p50 167 p99 233 ms | joins 0 (p50 0 p99 0 ms) | server pace 1.00 level 0, 0 bots bandwidth-degraded | swarm busy 38%, overruns 0
[   25s] bots 1000/1000 connected, 1000 welcomed, 0 failed | 30.2 snaps/s/bot, entities/snap near 64.0 mid 86.0 far 0.0 | corrections 0.000/s/bot | down 395 up 16 kbps/bot | rtt 90.6 ms loss 0.00% | input->applied ~ p50 101 p99 142 ms, round trip p50 167 p99 233 ms | joins 0 (p50 0 p99 0 ms) | server pace 1.00 level 0, 0 bots bandwidth-degraded | swarm busy 38%, overruns 0
[   30s] bots 1000/1000 connected, 1000 welcomed, 0 failed | 30.1 snaps/s/bot, entities/snap near 64.0 mid 86.0 far 0.0 | corrections 0.000/s/bot | down 395 up 16 kbps/bot | rtt 90.6 ms loss 0.00% | input->applied ~ p50 101 p99 141 ms, round trip p50 167 p99 233 ms | joins 0 (p50 0 p99 0 ms) | server pace 1.00 level 0, 0 bots bandwidth-degraded | swarm busy 38%, overruns 0
[   35s] bots 1000/1000 connected, 1000 welcomed, 0 failed | 30.1 snaps/s/bot, entities/snap near 64.0 mid 86.0 far 0.0 | corrections 0.000/s/bot | down 395 up 16 kbps/bot | rtt 90.6 ms loss 0.00% | input->applied ~ p50 101 p99 142 ms, round trip p50 167 p99 233 ms | joins 0 (p50 0 p99 0 ms) | server pace 1.00 level 0, 0 bots bandwidth-degraded | swarm busy 38%, overruns 0
[   40s] bots 1000/1000 connected, 1000 welcomed, 0 failed | 30.1 snaps/s/bot, entities/snap near 64.0 mid 86.0 far 0.0 | corrections 0.002/s/bot | down 396 up 16 kbps/bot | rtt 90.6 ms loss 0.00% | input->applied ~ p50 98 p99 142 ms, round trip p50 167 p99 233 ms | joins 0 (p50 0 p99 0 ms) | server pace 1.00 level 0, 0 bots bandwidth-degraded | swarm busy 39%, overruns 58
[   45s] bots 1000/1000 connected, 1000 welcomed, 0 failed | 30.1 snaps/s/bot, entities/snap near 64.0 mid 86.0 far 0.0 | corrections 0.000/s/bot | down 397 up 16 kbps/bot | rtt 90.6 ms loss 0.00% | input->applied ~ p50 101 p99 141 ms, round trip p50 167 p99 233 ms | joins 0 (p50 0 p99 0 ms) | server pace 1.00 level 0, 0 bots bandwidth-degraded | swarm busy 39%, overruns 0
[   50s] bots 1000/1000 connected, 1000 welcomed, 0 failed | 30.1 snaps/s/bot, entities/snap near 64.0 mid 86.0 far 0.0 | corrections 0.000/s/bot | down 397 up 16 kbps/bot | rtt 90.6 ms loss 0.00% | input->applied ~ p50 101 p99 141 ms, round trip p50 167 p99 233 ms | joins 0 (p50 0 p99 0 ms) | server pace 1.00 level 0, 0 bots bandwidth-degraded | swarm busy 38%, overruns 0
[   55s] bots 1000/1000 connected, 1000 welcomed, 0 failed | 30.1 snaps/s/bot, entities/snap near 64.0 mid 86.0 far 0.0 | corrections 0.000/s/bot | down 397 up 16 kbps/bot | rtt 90.6 ms loss 0.00% | input->applied ~ p50 101 p99 141 ms, round trip p50 167 p99 233 ms | joins 0 (p50 0 p99 0 ms) | server pace 1.00 level 0, 0 bots bandwidth-degraded | swarm busy 38%, overruns 0
[   60s] bots 1000/1000 connected, 1000 welcomed, 0 failed | 30.2 snaps/s/bot, entities/snap near 64.0 mid 86.0 far 0.0 | corrections 0.000/s/bot | down 398 up 16 kbps/bot | rtt 90.6 ms loss 0.00% | input->applied ~ p50 101 p99 141 ms, round trip p50 167 p99 233 ms | joins 0 (p50 0 p99 0 ms) | server pace 1.00 level 0, 0 bots bandwidth-degraded | swarm busy 39%, overruns 0

== bots summary ==
  started 1000 welcomed 1000 failed 0
  join latency ms: p50 363 p99 654 max 693 (n=1000)
  corrections 10 (0.01/bot-minute), mean error 0.074 m, max 0.137 m
  push corrections (the server pushed us apart from a crowd) 27036 (27.04/bot-minute), max 0.586 m
  snapshots 1788900 (entities per snapshot: near 64.1 mid 86.1 far 0.0), stale 0, unmatched acks 0, resyncs 0
  input -> applied on server (est. RTT/2 + server wait): p50 100.0 p99 141.0 max 150.0 mean 95.4 ms (n=1785927)
    of which server wait (arrival -> applied): p50 50.4 p99 67.4 max 89.0 mean 50.2 ms (n=1785927)
  input -> seen acked (round trip): p50 167.0 p99 233.0 max 282.0 mean 160.9 ms (n=1786062)
  near entity update interval (tracked bots): p50 66.0 p99 66.0 max 1766.0 mean 53.2 ms (n=57180497)
  mid entity update interval (tracked bots): p50 100.0 p99 100.0 max 2200.0 mean 100.3 ms (n=76551235)
  far entity update interval (tracked bots): p50 0.0 p99 0.0 max 0.0 mean 0.0 ms (n=0)
  near drawn (tracked bots): 99.79% interpolated, 0.03% extrapolated, 0.00% held, 0.18% new | pops p50 0 p99 0 max 3885 mm
  mid drawn (tracked bots): 96.80% interpolated, 0.96% extrapolated, 1.33% held, 0.91% new | pops p50 0 p99 0 max 18119 mm
  far drawn (tracked bots): 0.00% interpolated, 0.00% extrapolated, 0.00% held, 0.00% new | pops p50 0 p99 0 max 0 mm
  render delay (near) 88.4 ms behind the newest step, clock snaps 0 (backwards 0), slewing 7.37% of frames, near delay changes 1224 | streak entity-frames (drawn > 20 m/s) 13424
  fighters, class 0: 167 at rtt 21.3 ms | 68001 shots, 67597 hits (99.4%), 0 kills
  fighters, class 1: 166 at rtt 101.4 ms | 66756 shots, 66270 hits (99.3%), 0 kills
  fighters, class 2: 167 at rtt 151.3 ms | 66960 shots, 65199 hits (97.4%), 0 kills
  others' shots (tracked bots): 14795375 as tracers | distant fights: 2465063 cell entries counting 140482042 shots, 17783126 ambient shots made
  input clock: 2531 extra inputs, 1153 skipped ticks, 0 backlog skips | near decode errors (tracked bots) 0
  bytes down 2943.5 MB up 118.6 MB | swarm busy 38% of its threads' time, tick overruns 97
