== blob, 1000 bots, 60s -> baselines/2026-10-09-wsl2-allowance-flags/fight-blob-1k-immortal-1
== summary: 1709 steady-state ticks (after warmup, before clients drain), peak 1000 clients ==
  phase        p50 ms   p99 ms   max ms
  ingress        0.66     0.99     1.91
  events         0.00     0.00     0.02
  movement       0.29     0.38     0.57
  grid           0.23     0.29     0.37
  separate       0.04     0.06     0.12
  history        0.00     0.00     0.02
  shots          0.35     0.54     2.98
  serialize      0.07     0.10     0.15
  assembly       4.47     5.11    36.02
  transport      0.00     0.00     0.00
  egress         0.03     0.06     0.38
  tick           6.41     7.38    38.21
  overruns 1 | spawns 1000 despawns 1000 (136 joins deferred) | deaths 0 respawns 0 | stand-ins: repeated 130 frozen 5 | late inputs 135 discarded 0 | bad messages 0 | recv errors 0 send errors 0
  egress (whole run): 3620978 datagrams in 3620978 sends (1.00 per send), 115265 syscalls
  ingress (whole run): 1795306 datagrams in 60268 receive calls (29.79 per call)
  ticks per ladder level (whole run): L0: 1812
  input wait on the server (datagram arrival -> applied): p50 50.4 p99 67.4 max 89.0 mean 50.2 ms
  steady state: stand-ins repeated 130 frozen 5 | late inputs 135 discarded 0
  rewind of near targets (applied step - the input's render step for that tier): p50 242 p99 342 max 361 mean 236.0 ms (n=1783047)
  rewind of mid/far targets (applied step - the input's render step for that tier): p50 367 p99 433 max 435 mean 358.5 ms (n=1783047)
  render times ahead of the server (bogus) 0
  shots 282880 (late 29, refused 0, rewinds capped 186995) | hits head 1639 body 205608 (after cover 142, too late 0), kills 0 | ground 43496 cover 5401 expired 25802 | segments 4073792 candidates 1646342
== bots summary ==
  started 1000 welcomed 1000 failed 0
  join latency ms: p50 363 p99 654 max 693 (n=1000)
  corrections 10 (0.01/bot-minute), mean error 0.074 m, max 0.137 m
  push corrections (the server pushed us apart from a crowd) 27036 (27.04/bot-minute), max 0.586 m
  snapshots 1788900 (entities per snapshot: near 64.1 mid 86.1 far 0.0), stale 0, unmatched acks 0, resyncs 0
  input -> applied on server (est. RTT/2 + server wait): p50 100.0 p99 141.0 max 150.0 mean 95.4 ms (n=1785927)
    of which server wait (arrival -> applied): p50 50.4 p99 67.4 max 89.0 mean 50.2 ms (n=1785927)
  input -> seen acked (round trip): p50 167.0 p99 233.0 max 282.0 mean 160.9 ms (n=1786062)
  near entity update interval (tracked bots): p50 66.0 p99 66.0 max 1766.0 mean 53.2 ms (n=57180497)
  mid entity update interval (tracked bots): p50 100.0 p99 100.0 max 2200.0 mean 100.3 ms (n=76551235)
  far entity update interval (tracked bots): p50 0.0 p99 0.0 max 0.0 mean 0.0 ms (n=0)
  near drawn (tracked bots): 99.79% interpolated, 0.03% extrapolated, 0.00% held, 0.18% new | pops p50 0 p99 0 max 3885 mm
  mid drawn (tracked bots): 96.80% interpolated, 0.96% extrapolated, 1.33% held, 0.91% new | pops p50 0 p99 0 max 18119 mm
  far drawn (tracked bots): 0.00% interpolated, 0.00% extrapolated, 0.00% held, 0.00% new | pops p50 0 p99 0 max 0 mm
  render delay (near) 88.4 ms behind the newest step, clock snaps 0 (backwards 0), slewing 7.37% of frames, near delay changes 1224 | streak entity-frames (drawn > 20 m/s) 13424
  fighters, class 0: 167 at rtt 21.3 ms | 68001 shots, 67597 hits (99.4%), 0 kills
  fighters, class 1: 166 at rtt 101.4 ms | 66756 shots, 66270 hits (99.3%), 0 kills
  fighters, class 2: 167 at rtt 151.3 ms | 66960 shots, 65199 hits (97.4%), 0 kills
  others' shots (tracked bots): 14795375 as tracers | distant fights: 2465063 cell entries counting 140482042 shots, 17783126 ambient shots made
  input clock: 2531 extra inputs, 1153 skipped ticks, 0 backlog skips | near decode errors (tracked bots) 0
  bytes down 2943.5 MB up 118.6 MB | swarm busy 38% of its threads' time, tick overruns 97
