spawn=blob
egress=sendmmsg
ingress=recvmmsg
rx_gather_us=1000
ladder=on
threads=8
keep_awake=on
send_during_assembly=on
worker_cpus=-
rx_cpus=-
shards=64
sockets=1
peak_clients=1000
steady_ticks=1709
steady_secs=56.9
ingress_p50_ms=0.66
ingress_p99_ms=0.99
ingress_max_ms=1.91
events_p50_ms=0.00
events_p99_ms=0.00
events_max_ms=0.02
movement_p50_ms=0.29
movement_p99_ms=0.38
movement_max_ms=0.57
grid_p50_ms=0.23
grid_p99_ms=0.29
grid_max_ms=0.37
separate_p50_ms=0.04
separate_p99_ms=0.06
separate_max_ms=0.12
history_p50_ms=0.00
history_p99_ms=0.00
history_max_ms=0.02
shots_p50_ms=0.35
shots_p99_ms=0.54
shots_max_ms=2.98
serialize_p50_ms=0.07
serialize_p99_ms=0.10
serialize_max_ms=0.15
assembly_p50_ms=4.47
assembly_p99_ms=5.11
assembly_max_ms=36.02
transport_p50_ms=0.00
transport_p99_ms=0.00
transport_max_ms=0.00
egress_p50_ms=0.03
egress_p99_ms=0.06
egress_max_ms=0.38
tick_p50_ms=6.41
tick_p99_ms=7.38
tick_max_ms=38.21
steady_overruns=1
level_mode=0
tick_hz=30
dilation=1
levels=L0:1709
clients_avg=1000
out_pps=60494
in_pps=30000
egress_mbps=394.3
packets_per_client_tick=2.02
wire_bytes_per_client_tick=1642
down_kbps_per_client=394.3
up_kbps_per_client=15.9
recv_per_call=29.87
ingress_thread_busy_max_pct=4.5
ingress_thread_busy_mean_pct=4.5
rx_runq_wait_max_pct=0.05
rx_runq_wait_mean_pct=0.05
ksoftirqd_cpu_pct=0.0
kernel_rcvbuf_drops=0
kernel_sndbuf_drops=0
snapshot_bytes_per_client_tick=1571
near_bytes_per_client_tick=427
activity_bytes_per_client_tick=14.3
near_per_client_tick=64.0
mid_per_client_tick=86.0
far_per_client_tick=0.0
near_scanned_per_query=176
mid_scanned_per_query=191
far_skipped=0
far_starved=0
repeated=130
frozen=5
late_inputs=135
discarded_inputs=0
input_wait_p10_ms=36.7
input_wait_p50_ms=50.4
input_wait_p90_ms=63.7
input_wait_p99_ms=67.4
spawns=1000
despawns=1000
deaths=0
respawns=0
shots=282880
shots_late=29
shots_refused=0
rewinds_capped=186995
rewinds_trimmed=1
rewinds_trimmed_mid=1
renders_held=10
shot_dip_clients=650
shot_dip_flagged=0
shot_dip_windows=2307
shot_dip_windows_flagged=0
hits_head=1639
hits_body=205608
hits_ground=43496
hits_cover=5401
projectiles_expired=25802
kills=0
hits_after_cover=142
hits_too_late=0
events=414482
tracer_bytes=217759559
activity_cells=4956
activity_sent=4940761
activity_bytes=25540984
activity_cut=0
projectile_segments=4073792
hit_candidates=1646342
trim_excess_p50_steps=0.1
trim_excess_p99_steps=0.1
trim_excess_max_steps=0.1
shot_dip_excess_p50_steps=0.0
shot_dip_excess_p99_steps=0.0
shot_dip_excess_max_steps=0.0
held_by_p50_steps=0.2
held_by_p99_steps=0.5
held_by_max_steps=0.5
joins_deferred=136
bad_messages=0
recv_errors=0
send_errors=0
datagrams=3620978
sends=3620978
send_syscalls=115265
rewind_near_p50_ms=242
rewind_near_p99_ms=342
rewind_near_mean_ms=236.0
rewind_mid_p50_ms=367
rewind_mid_p99_ms=433
rewind_mid_mean_ms=358.5
ingress_longest_p50_ms=0.12
ingress_work_p50_ms=4.25
assembly_longest_p50_ms=0.88
assembly_work_p50_ms=32.45
transport_longest_p50_ms=-
transport_work_p50_ms=-
egress_longest_p50_ms=-
egress_work_p50_ms=-
