preallocated connections for 10000 clients in 252.139745ms
listening on 127.0.0.1:14500 | spawn Blob | tiers near 64@150 m, mid 500 m, far 1500 m, budget 6250 B/tick, squads of 4 | 8 rayon threads (keep awake on), 64 shards (send during assembly on), 1 socket(s), 256 accepts/tick, egress SendMmsg, ingress RecvMmsg | socket buffers rcv 8192 KiB snd 8192 KiB
WARNING: token key is the public dev key; anyone can mint tokens for this server (--token-key)
[    5s] clients 1000 | level 0 (0-0 in window: 30 Hz, dilation 1.0), pace 1.00, 0.0% clients bandwidth-degraded | tick p50 6.30 p99 8.97 max 18.40 ms, 0 overruns | out 55.6k pps 399 kbps/client, 361 Mbps | in 27.0k pps 17 kbps/client, 28.8 per recv, receive thread busy 4% | stand-ins: repeated 0.00% frozen 0.00%, 0 late inputs | per client-tick: 1584 B (near 449 B, 95% deltas), near 64.0 mid 85.8 far 0.0, far skipped 0 starved 0 | input wait p50 50.4 p99 67.8 ms | 136 joins deferred | kernel drops rcv 0 snd 0
         p50/p99 ms: ingress 0.59/1.00  events 0.00/2.35  movement 0.29/0.39  grid 0.22/0.30  separate 0.04/0.06  history 0.00/0.04  shots 0.27/0.48  serialize 0.07/0.10  assembly 4.45/5.26  transport 0.00/0.00  egress 0.03/0.05
[   10s] clients 1000 | level 0 (0-0 in window: 30 Hz, dilation 1.0), pace 1.00, 0.0% clients bandwidth-degraded | tick p50 6.45 p99 7.38 max 7.42 ms, 0 overruns | out 60.5k pps 394 kbps/client, 394 Mbps | in 30.0k pps 16 kbps/client, 29.9 per recv, receive thread busy 5% | stand-ins: repeated 0.00% frozen 0.00%, 0 late inputs | per client-tick: 1569 B (near 427 B, 99% deltas), near 64.0 mid 86.0 far 0.0, far skipped 0 starved 0 | input wait p50 50.5 p99 67.2 ms | 0 joins deferred | kernel drops rcv 0 snd 0
         p50/p99 ms: ingress 0.68/1.07  events 0.00/0.00  movement 0.29/0.40  grid 0.23/0.28  separate 0.04/0.06  history 0.00/0.00  shots 0.35/0.59  serialize 0.07/0.10  assembly 4.49/5.03  transport 0.00/0.00  egress 0.03/0.06
[   15s] clients 1000 | level 0 (0-0 in window: 30 Hz, dilation 1.0), pace 1.00, 0.0% clients bandwidth-degraded | tick p50 6.41 p99 7.14 max 7.24 ms, 0 overruns | out 60.5k pps 394 kbps/client, 394 Mbps | in 30.0k pps 16 kbps/client, 30.1 per recv, receive thread busy 5% | stand-ins: repeated 0.00% frozen 0.00%, 0 late inputs | per client-tick: 1569 B (near 428 B, 99% deltas), near 64.0 mid 86.0 far 0.0, far skipped 0 starved 0 | input wait p50 50.6 p99 67.2 ms | 0 joins deferred | kernel drops rcv 0 snd 0
         p50/p99 ms: ingress 0.65/0.99  events 0.00/0.00  movement 0.29/0.35  grid 0.22/0.28  separate 0.04/0.06  history 0.00/0.00  shots 0.35/0.53  serialize 0.07/0.09  assembly 4.44/4.92  transport 0.00/0.00  egress 0.03/0.06
[   20s] clients 1000 | level 0 (0-0 in window: 30 Hz, dilation 1.0), pace 1.00, 0.0% clients bandwidth-degraded | tick p50 6.39 p99 6.95 max 7.26 ms, 0 overruns | out 60.4k pps 393 kbps/client, 393 Mbps | in 30.0k pps 16 kbps/client, 30.0 per recv, receive thread busy 5% | stand-ins: repeated 0.00% frozen 0.00%, 0 late inputs | per client-tick: 1568 B (near 427 B, 99% deltas), near 64.0 mid 86.0 far 0.0, far skipped 0 starved 0 | input wait p50 50.6 p99 67.2 ms | 0 joins deferred | kernel drops rcv 0 snd 0
         p50/p99 ms: ingress 0.66/0.97  events 0.00/0.00  movement 0.29/0.36  grid 0.23/0.29  separate 0.04/0.06  history 0.00/0.00  shots 0.35/0.55  serialize 0.07/0.09  assembly 4.44/4.89  transport 0.00/0.00  egress 0.03/0.12
[   25s] clients 1000 | level 0 (0-0 in window: 30 Hz, dilation 1.0), pace 1.00, 0.0% clients bandwidth-degraded | tick p50 6.42 p99 7.29 max 10.26 ms, 0 overruns | out 60.5k pps 393 kbps/client, 393 Mbps | in 30.0k pps 16 kbps/client, 29.9 per recv, receive thread busy 5% | stand-ins: repeated 0.00% frozen 0.00%, 0 late inputs | per client-tick: 1568 B (near 427 B, 99% deltas), near 64.0 mid 86.0 far 0.0, far skipped 0 starved 0 | input wait p50 50.5 p99 67.2 ms | 0 joins deferred | kernel drops rcv 0 snd 0
         p50/p99 ms: ingress 0.69/0.95  events 0.00/0.00  movement 0.30/0.42  grid 0.23/0.29  separate 0.04/0.06  history 0.00/0.00  shots 0.34/0.51  serialize 0.07/0.09  assembly 4.47/5.04  transport 0.00/0.00  egress 0.03/0.07
[   30s] clients 1000 | level 0 (0-0 in window: 30 Hz, dilation 1.0), pace 1.00, 0.0% clients bandwidth-degraded | tick p50 6.38 p99 7.30 max 11.21 ms, 0 overruns | out 60.4k pps 393 kbps/client, 393 Mbps | in 30.0k pps 16 kbps/client, 29.9 per recv, receive thread busy 5% | stand-ins: repeated 0.00% frozen 0.00%, 0 late inputs | per client-tick: 1568 B (near 427 B, 99% deltas), near 64.0 mid 86.0 far 0.0, far skipped 0 starved 0 | input wait p50 50.5 p99 67.2 ms | 0 joins deferred | kernel drops rcv 0 snd 0
         p50/p99 ms: ingress 0.66/0.90  events 0.00/0.00  movement 0.30/0.42  grid 0.23/0.28  separate 0.04/0.06  history 0.00/0.00  shots 0.34/0.58  serialize 0.07/0.10  assembly 4.40/5.24  transport 0.00/0.00  egress 0.03/0.06
[   35s] clients 1000 | level 0 (0-0 in window: 30 Hz, dilation 1.0), pace 1.00, 0.0% clients bandwidth-degraded | tick p50 6.35 p99 7.06 max 8.02 ms, 0 overruns | out 60.5k pps 394 kbps/client, 394 Mbps | in 30.0k pps 16 kbps/client, 29.7 per recv, receive thread busy 5% | stand-ins: repeated 0.00% frozen 0.00%, 0 late inputs | per client-tick: 1569 B (near 426 B, 99% deltas), near 64.0 mid 86.0 far 0.0, far skipped 0 starved 0 | input wait p50 50.5 p99 67.2 ms | 0 joins deferred | kernel drops rcv 0 snd 0
         p50/p99 ms: ingress 0.67/1.05  events 0.00/0.00  movement 0.29/0.41  grid 0.22/0.29  separate 0.04/0.06  history 0.00/0.01  shots 0.33/0.54  serialize 0.07/0.09  assembly 4.42/5.04  transport 0.00/0.00  egress 0.03/0.06
[   40s] clients 1000 | level 0 (0-0 in window: 30 Hz, dilation 1.0), pace 1.00, 0.0% clients bandwidth-degraded | tick p50 6.48 p99 16.09 max 38.21 ms, 1 overruns | out 60.5k pps 394 kbps/client, 394 Mbps | in 29.9k pps 16 kbps/client, 30.0 per recv, receive thread busy 5% | stand-ins: repeated 0.09% frozen 0.00%, 135 late inputs | per client-tick: 1572 B (near 427 B, 99% deltas), near 64.0 mid 86.0 far 0.0, far skipped 0 starved 0 | input wait p50 49.2 p99 68.7 ms | 0 joins deferred | kernel drops rcv 0 snd 0
         p50/p99 ms: ingress 0.67/1.03  events 0.00/0.00  movement 0.29/0.36  grid 0.24/0.30  separate 0.04/0.07  history 0.00/0.01  shots 0.36/0.61  serialize 0.07/0.10  assembly 4.50/8.81  transport 0.00/0.00  egress 0.03/0.09
[   45s] clients 1000 | level 0 (0-0 in window: 30 Hz, dilation 1.0), pace 1.00, 0.0% clients bandwidth-degraded | tick p50 6.38 p99 7.39 max 7.82 ms, 0 overruns | out 60.6k pps 395 kbps/client, 395 Mbps | in 30.0k pps 16 kbps/client, 29.8 per recv, receive thread busy 5% | stand-ins: repeated 0.00% frozen 0.00%, 0 late inputs | per client-tick: 1576 B (near 427 B, 99% deltas), near 64.0 mid 86.0 far 0.0, far skipped 0 starved 0 | input wait p50 50.5 p99 67.3 ms | 0 joins deferred | kernel drops rcv 0 snd 0
         p50/p99 ms: ingress 0.64/1.01  events 0.00/0.00  movement 0.28/0.38  grid 0.22/0.30  separate 0.04/0.07  history 0.00/0.00  shots 0.35/0.48  serialize 0.07/0.09  assembly 4.49/5.00  transport 0.00/0.00  egress 0.03/0.06
[   50s] clients 1000 | level 0 (0-0 in window: 30 Hz, dilation 1.0), pace 1.00, 0.0% clients bandwidth-degraded | tick p50 6.39 p99 7.23 max 9.21 ms, 0 overruns | out 60.3k pps 395 kbps/client, 395 Mbps | in 30.0k pps 16 kbps/client, 29.8 per recv, receive thread busy 5% | stand-ins: repeated 0.00% frozen 0.00%, 0 late inputs | per client-tick: 1576 B (near 428 B, 99% deltas), near 64.0 mid 86.0 far 0.0, far skipped 0 starved 0 | input wait p50 50.4 p99 67.2 ms | 0 joins deferred | kernel drops rcv 0 snd 0
         p50/p99 ms: ingress 0.63/0.95  events 0.00/0.00  movement 0.28/0.34  grid 0.23/0.29  separate 0.04/0.08  history 0.00/0.00  shots 0.35/0.64  serialize 0.07/0.09  assembly 4.48/5.02  transport 0.00/0.00  egress 0.03/0.05
[   55s] clients 1000 | level 0 (0-0 in window: 30 Hz, dilation 1.0), pace 1.00, 0.0% clients bandwidth-degraded | tick p50 6.44 p99 7.14 max 7.14 ms, 0 overruns | out 60.3k pps 395 kbps/client, 395 Mbps | in 30.0k pps 16 kbps/client, 29.7 per recv, receive thread busy 4% | stand-ins: repeated 0.00% frozen 0.00%, 0 late inputs | per client-tick: 1575 B (near 427 B, 99% deltas), near 64.0 mid 86.0 far 0.0, far skipped 0 starved 0 | input wait p50 50.5 p99 67.3 ms | 0 joins deferred | kernel drops rcv 0 snd 0
         p50/p99 ms: ingress 0.64/0.93  events 0.00/0.00  movement 0.28/0.36  grid 0.23/0.29  separate 0.04/0.06  history 0.00/0.00  shots 0.35/0.51  serialize 0.07/0.10  assembly 4.51/4.94  transport 0.00/0.00  egress 0.03/0.06
[   60s] clients 1000 | level 0 (0-0 in window: 30 Hz, dilation 1.0), pace 1.00, 0.0% clients bandwidth-degraded | tick p50 6.44 p99 7.49 max 8.79 ms, 0 overruns | out 60.5k pps 395 kbps/client, 395 Mbps | in 30.0k pps 16 kbps/client, 29.7 per recv, receive thread busy 5% | stand-ins: repeated 0.00% frozen 0.00%, 0 late inputs | per client-tick: 1575 B (near 427 B, 99% deltas), near 64.0 mid 86.0 far 0.0, far skipped 0 starved 0 | input wait p50 50.5 p99 67.3 ms | 0 joins deferred | kernel drops rcv 0 snd 0
         p50/p99 ms: ingress 0.64/0.99  events 0.00/0.00  movement 0.28/0.36  grid 0.24/0.30  separate 0.04/0.07  history 0.00/0.00  shots 0.36/0.56  serialize 0.07/0.10  assembly 4.50/5.17  transport 0.00/0.00  egress 0.03/0.06
[   60s] clients 0 | level 0 (0-0 in window: 30 Hz, dilation 1.0), pace 1.00, 0.0% clients bandwidth-degraded | tick p50 4.52 p99 6.31 max 6.31 ms, 0 overruns | out 29.5k pps 428 kbps/client, 201 Mbps | in 35.5k pps 25 kbps/client, 34.3 per recv, receive thread busy 5% | stand-ins: repeated 0.00% frozen 0.00%, 0 late inputs | per client-tick: 1647 B (near 504 B, 85% deltas), near 64.0 mid 86.0 far 0.0, far skipped 0 starved 0 | input wait p50 50.3 p99 67.2 ms | 0 joins deferred | kernel drops rcv 0 snd 0
         p50/p99 ms: ingress 0.26/0.70  events 0.05/1.06  movement 0.23/0.28  grid 0.15/0.17  separate 0.03/0.06  history 0.00/0.00  shots 0.22/0.49  serialize 0.04/0.09  assembly 2.83/4.44  transport 0.00/0.00  egress 0.03/0.04

== summary: 1709 steady-state ticks (after warmup, before clients drain), peak 1000 clients ==
  phase        p50 ms   p99 ms   max ms
  ingress        0.66     0.99     1.91
  events         0.00     0.00     0.02
  movement       0.29     0.38     0.57
  grid           0.23     0.29     0.37
  separate       0.04     0.06     0.12
  history        0.00     0.00     0.02
  shots          0.35     0.54     2.98
  serialize      0.07     0.10     0.15
  assembly       4.47     5.11    36.02
  transport      0.00     0.00     0.00
  egress         0.03     0.06     0.38
  tick           6.41     7.38    38.21
  overruns 1 | spawns 1000 despawns 1000 (136 joins deferred) | deaths 0 respawns 0 | stand-ins: repeated 130 frozen 5 | late inputs 135 discarded 0 | bad messages 0 | recv errors 0 send errors 0
  egress (whole run): 3620978 datagrams in 3620978 sends (1.00 per send), 115265 syscalls
  ingress (whole run): 1795306 datagrams in 60268 receive calls (29.79 per call)
  ticks per ladder level (whole run): L0: 1812
  input wait on the server (datagram arrival -> applied): p50 50.4 p99 67.4 max 89.0 mean 50.2 ms
  steady state: stand-ins repeated 130 frozen 5 | late inputs 135 discarded 0
  rewind of near targets (applied step - the input's render step for that tier): p50 242 p99 342 max 361 mean 236.0 ms (n=1783047)
  rewind of mid/far targets (applied step - the input's render step for that tier): p50 367 p99 433 max 435 mean 358.5 ms (n=1783047)
  render times ahead of the server (bogus) 0
  shots 282880 (late 29, refused 0, rewinds capped 186995) | hits head 1639 body 205608 (after cover 142, too late 0), kills 0 | ground 43496 cover 5401 expired 25802 | segments 4073792 candidates 1646342
