10000 bots -> 172.16.16.2:40500 on 24 threads, ramp 0/s, 60s, 10000 full + 0 sink bots
[    5s] bots 10000/10000 connected, 10000 welcomed, 0 failed | 14.4 snaps/s/bot, entities/snap near 32.3 mid 45.1 far 19.7 | corrections 0.001/s/bot | down 119 up 6 kbps/bot | rtt 105.8 ms loss 0.00% | input->applied ~ p50 195 p99 383 ms, round trip p50 267 p99 467 ms | joins 10000 (p50 877 p99 1913 ms) | server pace 0.65 level 3, 0 bots bandwidth-degraded | swarm busy 14%, overruns 0
[   10s] bots 10000/10000 connected, 10000 welcomed, 0 failed | 20.1 snaps/s/bot, entities/snap near 22.9 mid 33.9 far 7.4 | corrections 1.976/s/bot | down 111 up 9 kbps/bot | rtt 102.4 ms loss 0.00% | input->applied ~ p50 111 p99 173 ms, round trip p50 167 p99 267 ms | joins 0 (p50 0 p99 0 ms) | server pace 0.98 level 7, 0 bots bandwidth-degraded | swarm busy 16%, overruns 0
[   15s] bots 10000/10000 connected, 10000 welcomed, 0 failed | 15.7 snaps/s/bot, entities/snap near 20.9 mid 32.8 far 6.6 | corrections 0.032/s/bot | down 83 up 10 kbps/bot | rtt 103.6 ms loss 0.00% | input->applied ~ p50 130 p99 194 ms, round trip p50 200 p99 267 ms | joins 0 (p50 0 p99 0 ms) | server pace 0.80 level 8, 0 bots bandwidth-degraded | swarm busy 16%, overruns 0
[   20s] bots 10000/10000 connected, 10000 welcomed, 0 failed | 16.1 snaps/s/bot, entities/snap near 20.8 mid 32.7 far 6.6 | corrections 0.000/s/bot | down 85 up 10 kbps/bot | rtt 103.4 ms loss 0.00% | input->applied ~ p50 121 p99 177 ms, round trip p50 200 p99 267 ms | joins 0 (p50 0 p99 0 ms) | server pace 0.80 level 8, 0 bots bandwidth-degraded | swarm busy 16%, overruns 0
[   25s] bots 10000/10000 connected, 10000 welcomed, 0 failed | 16.2 snaps/s/bot, entities/snap near 20.8 mid 32.7 far 6.6 | corrections 0.000/s/bot | down 85 up 10 kbps/bot | rtt 103.0 ms loss 0.00% | input->applied ~ p50 120 p99 176 ms, round trip p50 200 p99 267 ms | joins 0 (p50 0 p99 0 ms) | server pace 0.80 level 8, 0 bots bandwidth-degraded | swarm busy 16%, overruns 0
[   30s] bots 10000/10000 connected, 10000 welcomed, 0 failed | 15.2 snaps/s/bot, entities/snap near 20.9 mid 32.7 far 6.6 | corrections 0.000/s/bot | down 80 up 9 kbps/bot | rtt 103.3 ms loss 0.00% | input->applied ~ p50 120 p99 176 ms, round trip p50 200 p99 267 ms | joins 0 (p50 0 p99 0 ms) | server pace 0.80 level 8, 0 bots bandwidth-degraded | swarm busy 16%, overruns 0
[   35s] bots 10000/10000 connected, 10000 welcomed, 0 failed | 16.2 snaps/s/bot, entities/snap near 20.8 mid 32.6 far 6.6 | corrections 0.000/s/bot | down 85 up 10 kbps/bot | rtt 102.7 ms loss 0.00% | input->applied ~ p50 120 p99 176 ms, round trip p50 200 p99 267 ms | joins 0 (p50 0 p99 0 ms) | server pace 0.80 level 8, 0 bots bandwidth-degraded | swarm busy 16%, overruns 0
[   40s] bots 10000/10000 connected, 10000 welcomed, 0 failed | 15.8 snaps/s/bot, entities/snap near 20.9 mid 32.7 far 6.6 | corrections 0.000/s/bot | down 83 up 10 kbps/bot | rtt 103.4 ms loss 0.00% | input->applied ~ p50 120 p99 176 ms, round trip p50 200 p99 267 ms | joins 0 (p50 0 p99 0 ms) | server pace 0.80 level 8, 0 bots bandwidth-degraded | swarm busy 16%, overruns 0
[   45s] bots 10000/10000 connected, 10000 welcomed, 0 failed | 15.6 snaps/s/bot, entities/snap near 20.8 mid 32.6 far 6.6 | corrections 0.000/s/bot | down 82 up 9 kbps/bot | rtt 102.7 ms loss 0.00% | input->applied ~ p50 120 p99 176 ms, round trip p50 200 p99 267 ms | joins 0 (p50 0 p99 0 ms) | server pace 0.80 level 8, 0 bots bandwidth-degraded | swarm busy 15%, overruns 0
[   50s] bots 10000/10000 connected, 10000 welcomed, 0 failed | 16.2 snaps/s/bot, entities/snap near 20.8 mid 32.7 far 6.6 | corrections 0.000/s/bot | down 85 up 10 kbps/bot | rtt 102.8 ms loss 0.00% | input->applied ~ p50 120 p99 176 ms, round trip p50 200 p99 267 ms | joins 0 (p50 0 p99 0 ms) | server pace 0.80 level 8, 0 bots bandwidth-degraded | swarm busy 16%, overruns 0
[   55s] bots 10000/10000 connected, 10000 welcomed, 0 failed | 15.5 snaps/s/bot, entities/snap near 20.9 mid 32.7 far 6.6 | corrections 0.000/s/bot | down 82 up 9 kbps/bot | rtt 103.3 ms loss 0.00% | input->applied ~ p50 120 p99 176 ms, round trip p50 200 p99 267 ms | joins 0 (p50 0 p99 0 ms) | server pace 0.80 level 8, 0 bots bandwidth-degraded | swarm busy 16%, overruns 0
[   60s] bots 10000/10000 connected, 10000 welcomed, 0 failed | 15.9 snaps/s/bot, entities/snap near 20.8 mid 32.6 far 6.6 | corrections 0.000/s/bot | down 84 up 10 kbps/bot | rtt 103.4 ms loss 0.00% | input->applied ~ p50 120 p99 176 ms, round trip p50 200 p99 267 ms | joins 0 (p50 0 p99 0 ms) | server pace 0.80 level 8, 0 bots bandwidth-degraded | swarm busy 16%, overruns 0

== bots summary ==
  started 10000 welcomed 10000 failed 0
  join latency ms: p50 877 p99 1913 max 2282 (n=10000)
  corrections 100590 (10.06/bot-minute), mean error 0.146 m, max 0.727 m
  snapshots 9685258 (entities per snapshot: near 21.9 mid 33.7 far 7.7), stale 160450, unmatched acks 0, resyncs 9242
  input -> applied on server (est. RTT/2 + server wait): p50 122.0 p99 313.0 max 477.0 mean 126.9 ms (n=9473857)
    of which server wait (arrival -> applied): p50 70.1 p99 260.7 max 416.7 mean 75.1 ms (n=9473857)
  input -> seen acked (round trip): p50 200.0 p99 400.0 max 533.0 mean 200.3 ms (n=9652115)
  near entity update interval (tracked bots): p50 50.0 p99 100.0 max 300.0 mean 68.0 ms (n=10942783)
  mid entity update interval (tracked bots): p50 250.0 p99 500.0 max 50200.0 mean 283.3 ms (n=16941158)
  far entity update interval (tracked bots): p50 1500.0 p99 7500.0 max 49950.0 mean 1485.2 ms (n=3102798)
  input clock: 61727 extra inputs, 3760379 skipped ticks, 40508 backlog skips | near decode errors (tracked bots) 0
  bytes down 6680.2 MB up 698.6 MB | swarm busy 16% of its threads' time, tick overruns 0
