preallocated connections for 10000 clients in 219.190952ms
listening on 172.16.16.2:40500 | spawn Blob | tiers near 64@150 m, mid 500 m, far 1500 m, budget 6250 B/tick, squads of 4 | 64 rayon threads, 64 shards, 256 accepts/tick, egress SendMmsg | socket buffers rcv 32768 KiB snd 32768 KiB
[    5s] clients 10000 | level 2 (0-2 in window: 30 Hz, dilation 1.0), pace 0.65, 0.0% clients bandwidth-degraded | tick p50 28.81 p99 54.74 max 55.80 ms, 57 overruns | out 160.9k pps 204 kbps/client, 915 Mbps | in 122.6k pps 17 kbps/client | stand-ins: repeated 0.16% frozen 0.01%, 886 late inputs | per client-tick: 982 B (near 214 B, 90% deltas), near 31.2 mid 44.6 far 20.8, far skipped 0 starved 0 | input wait p50 179.1 p99 336.1 ms | 49356 joins deferred | kernel drops rcv 0 snd 0
         p50/p99 ms: ingress 1.61/5.36  events 2.38/4.88  movement 0.17/0.48  grid 0.22/0.41  history 0.01/0.05  serialize 0.13/0.39  assembly 3.54/7.90  transport 1.21/3.27  egress 18.23/37.35
[   10s] clients 10000 | level 6 (2-6 in window: 20 Hz, dilation 1.0), pace 0.72, 0.0% clients bandwidth-degraded | tick p50 49.90 p99 53.25 max 53.60 ms, 96 overruns | out 262.4k pps 112 kbps/client, 1118 Mbps | in 198.1k pps 8 kbps/client | stand-ins: repeated 1.93% frozen 0.14%, 12837 late inputs | per client-tick: 654 B (near 144 B, 99% deltas), near 23.8 mid 33.6 far 8.4, far skipped 0 starved 0 | input wait p50 69.2 p99 156.8 ms | 0 joins deferred | kernel drops rcv 0 snd 0
         p50/p99 ms: ingress 1.63/2.01  events 2.74/3.23  movement 0.34/0.56  grid 0.41/0.46  history 0.01/0.02  serialize 0.21/0.35  assembly 5.02/7.30  transport 2.48/3.09  egress 37.06/37.46
[   15s] clients 10000 | level 8 (6-8 in window: 20 Hz, dilation 0.8), pace 0.80, 0.0% clients bandwidth-degraded | tick p50 50.23 p99 52.39 max 52.39 ms, 10 overruns | out 232.3k pps 92 kbps/client, 923 Mbps | in 257.3k pps 10 kbps/client | stand-ins: repeated 5.01% frozen 12.19%, 229082 late inputs | per client-tick: 607 B (near 132 B, 98% deltas), near 20.6 mid 32.3 far 6.5, far skipped 0 starved 0 | input wait p50 74.8 p99 140.9 ms | 0 joins deferred | kernel drops rcv 0 snd 0
         p50/p99 ms: ingress 2.10/2.98  events 4.10/5.00  movement 0.36/0.64  grid 0.40/0.45  history 0.01/0.01  serialize 0.21/0.30  assembly 4.53/5.56  transport 2.25/2.91  egress 36.55/37.03
[   20s] clients 10000 | level 8 (8-8 in window: 20 Hz, dilation 0.8), pace 0.80, 0.0% clients bandwidth-degraded | tick p50 49.99 p99 52.05 max 52.05 ms, 0 overruns | out 210.2k pps 83 kbps/client, 834 Mbps | in 239.7k pps 10 kbps/client | stand-ins: repeated 0.04% frozen 0.00%, 488 late inputs | per client-tick: 606 B (near 131 B, 98% deltas), near 20.6 mid 32.3 far 6.6, far skipped 0 starved 0 | input wait p50 69.7 p99 125.1 ms | 0 joins deferred | kernel drops rcv 0 snd 0
         p50/p99 ms: ingress 2.13/2.91  events 4.00/4.75  movement 0.36/0.54  grid 0.38/0.43  history 0.01/0.01  serialize 0.20/0.36  assembly 4.14/5.86  transport 2.19/2.94  egress 36.53/36.95
[   25s] clients 10000 | level 8 (8-8 in window: 20 Hz, dilation 0.8), pace 0.80, 0.0% clients bandwidth-degraded | tick p50 49.82 p99 51.88 max 51.88 ms, 0 overruns | out 210.3k pps 83 kbps/client, 833 Mbps | in 239.9k pps 10 kbps/client | stand-ins: repeated 0.04% frozen 0.00%, 506 late inputs | per client-tick: 605 B (near 131 B, 98% deltas), near 20.6 mid 32.3 far 6.5, far skipped 0 starved 0 | input wait p50 68.8 p99 123.2 ms | 0 joins deferred | kernel drops rcv 0 snd 0
         p50/p99 ms: ingress 2.09/2.55  events 4.00/5.03  movement 0.36/0.59  grid 0.40/0.45  history 0.01/0.02  serialize 0.20/0.29  assembly 4.00/5.91  transport 2.08/2.72  egress 36.61/36.90
[   30s] clients 10000 | level 8 (8-8 in window: 20 Hz, dilation 0.8), pace 0.80, 0.0% clients bandwidth-degraded | tick p50 49.70 p99 51.51 max 51.51 ms, 0 overruns | out 210.2k pps 83 kbps/client, 833 Mbps | in 239.9k pps 10 kbps/client | stand-ins: repeated 0.04% frozen 0.00%, 489 late inputs | per client-tick: 606 B (near 131 B, 98% deltas), near 20.6 mid 32.3 far 6.5, far skipped 0 starved 0 | input wait p50 68.4 p99 123.1 ms | 0 joins deferred | kernel drops rcv 0 snd 0
         p50/p99 ms: ingress 2.08/2.56  events 3.96/5.08  movement 0.35/0.63  grid 0.36/0.45  history 0.01/0.01  serialize 0.19/0.32  assembly 3.98/5.45  transport 2.11/2.60  egress 36.60/36.88
[   35s] clients 10000 | level 8 (8-8 in window: 20 Hz, dilation 0.8), pace 0.80, 0.0% clients bandwidth-degraded | tick p50 49.98 p99 51.92 max 51.92 ms, 0 overruns | out 210.1k pps 83 kbps/client, 833 Mbps | in 239.9k pps 10 kbps/client | stand-ins: repeated 0.05% frozen 0.00%, 559 late inputs | per client-tick: 606 B (near 131 B, 98% deltas), near 20.6 mid 32.3 far 6.6, far skipped 0 starved 0 | input wait p50 68.2 p99 123.2 ms | 0 joins deferred | kernel drops rcv 0 snd 0
         p50/p99 ms: ingress 2.13/2.69  events 3.75/4.70  movement 0.35/0.53  grid 0.35/0.42  history 0.01/0.01  serialize 0.20/0.33  assembly 4.07/5.40  transport 2.22/2.87  egress 36.67/37.00
[   40s] clients 10000 | level 8 (8-8 in window: 20 Hz, dilation 0.8), pace 0.80, 0.0% clients bandwidth-degraded | tick p50 49.48 p99 52.22 max 52.22 ms, 0 overruns | out 210.1k pps 83 kbps/client, 831 Mbps | in 239.9k pps 10 kbps/client | stand-ins: repeated 0.04% frozen 0.00%, 525 late inputs | per client-tick: 605 B (near 131 B, 98% deltas), near 20.6 mid 32.3 far 6.4, far skipped 0 starved 0 | input wait p50 68.0 p99 123.0 ms | 0 joins deferred | kernel drops rcv 0 snd 0
         p50/p99 ms: ingress 2.05/2.83  events 3.77/4.48  movement 0.35/0.57  grid 0.37/0.41  history 0.01/0.01  serialize 0.20/0.30  assembly 3.95/5.78  transport 2.07/2.68  egress 36.71/37.14
[   45s] clients 10000 | level 8 (8-8 in window: 20 Hz, dilation 0.8), pace 0.80, 0.0% clients bandwidth-degraded | tick p50 49.86 p99 52.79 max 52.79 ms, 0 overruns | out 210.2k pps 83 kbps/client, 833 Mbps | in 239.9k pps 10 kbps/client | stand-ins: repeated 0.05% frozen 0.00%, 530 late inputs | per client-tick: 606 B (near 131 B, 98% deltas), near 20.6 mid 32.3 far 6.5, far skipped 0 starved 0 | input wait p50 67.8 p99 122.9 ms | 0 joins deferred | kernel drops rcv 0 snd 0
         p50/p99 ms: ingress 2.12/2.77  events 3.80/4.98  movement 0.35/0.59  grid 0.37/0.50  history 0.01/0.01  serialize 0.19/0.33  assembly 4.16/5.49  transport 2.14/2.88  egress 36.76/37.19
[   50s] clients 10000 | level 8 (8-8 in window: 20 Hz, dilation 0.8), pace 0.80, 0.0% clients bandwidth-degraded | tick p50 49.54 p99 51.97 max 51.97 ms, 0 overruns | out 210.1k pps 83 kbps/client, 833 Mbps | in 239.9k pps 10 kbps/client | stand-ins: repeated 0.04% frozen 0.00%, 561 late inputs | per client-tick: 606 B (near 131 B, 98% deltas), near 20.6 mid 32.3 far 6.6, far skipped 0 starved 0 | input wait p50 68.0 p99 123.0 ms | 0 joins deferred | kernel drops rcv 0 snd 0
         p50/p99 ms: ingress 2.12/2.68  events 3.67/3.87  movement 0.35/0.65  grid 0.36/0.41  history 0.01/0.01  serialize 0.20/0.30  assembly 3.97/5.54  transport 2.14/2.80  egress 36.71/37.20
[   55s] clients 10000 | level 8 (8-8 in window: 20 Hz, dilation 0.8), pace 0.80, 0.0% clients bandwidth-degraded | tick p50 49.51 p99 52.02 max 52.02 ms, 0 overruns | out 210.1k pps 83 kbps/client, 832 Mbps | in 239.9k pps 10 kbps/client | stand-ins: repeated 0.05% frozen 0.00%, 545 late inputs | per client-tick: 605 B (near 131 B, 98% deltas), near 20.6 mid 32.3 far 6.5, far skipped 0 starved 0 | input wait p50 67.7 p99 122.9 ms | 0 joins deferred | kernel drops rcv 0 snd 0
         p50/p99 ms: ingress 2.08/2.88  events 3.69/3.85  movement 0.35/0.49  grid 0.35/0.41  history 0.01/0.01  serialize 0.20/0.29  assembly 4.01/5.39  transport 2.13/2.88  egress 36.72/37.12
[   60s] clients 10000 | level 8 (8-8 in window: 20 Hz, dilation 0.8), pace 0.80, 0.0% clients bandwidth-degraded | tick p50 49.69 p99 51.86 max 51.86 ms, 0 overruns | out 210.2k pps 83 kbps/client, 834 Mbps | in 239.9k pps 10 kbps/client | stand-ins: repeated 0.04% frozen 0.00%, 526 late inputs | per client-tick: 606 B (near 131 B, 98% deltas), near 20.6 mid 32.3 far 6.6, far skipped 0 starved 0 | input wait p50 68.0 p99 122.9 ms | 0 joins deferred | kernel drops rcv 0 snd 0
         p50/p99 ms: ingress 2.11/2.56  events 3.73/4.53  movement 0.35/0.55  grid 0.36/0.41  history 0.01/0.01  serialize 0.20/0.36  assembly 4.13/5.46  transport 2.13/2.75  egress 36.69/37.04
[   62s] clients 0 | level 8 (8-8 in window: 20 Hz, dilation 0.8), pace 0.80, 0.0% clients bandwidth-degraded | tick p50 49.68 p99 51.63 max 51.63 ms, 0 overruns | out 193.4k pps 86 kbps/client, 766 Mbps | in 236.7k pps 10 kbps/client | stand-ins: repeated 0.05% frozen 0.00%, 132 late inputs | per client-tick: 605 B (near 132 B, 98% deltas), near 20.5 mid 32.2 far 6.5, far skipped 0 starved 0 | input wait p50 67.6 p99 122.9 ms | 0 joins deferred | kernel drops rcv 0 snd 0
         p50/p99 ms: ingress 2.11/5.31  events 3.74/16.27  movement 0.35/0.48  grid 0.37/0.42  history 0.01/0.01  serialize 0.20/0.23  assembly 4.10/5.36  transport 2.20/2.81  egress 36.61/36.93

== summary: 941 steady-state ticks (after warmup, before clients drain), peak 10000 clients ==
  phase        p50 ms   p99 ms   max ms
  ingress        2.07     2.67     2.98
  events         3.78     4.53     5.08
  movement       0.35     0.57     0.65
  grid           0.38     0.45     0.50
  history        0.01     0.01     0.02
  serialize      0.20     0.33     0.43
  assembly       4.14     6.77     7.68
  transport      2.17     2.94     3.23
  egress        36.68    37.29    37.47
  tick          49.79    52.39    53.60
  overruns 114 | spawns 10000 despawns 10000 (49356 joins deferred) | stand-ins: repeated 92541 frozen 164773 | late inputs 247666 discarded 0 | bad messages 0 | recv errors 0 send errors 0
  egress (whole run): 13072654 datagrams in 13072654 sends (1.00 per send), 64750 syscalls
  ticks per ladder level (whole run): L0: 64, L1: 31, L2: 31, L3: 31, L4: 31, L5: 31, L6: 31, L7: 31, L8: 779
  input wait on the server (datagram arrival -> applied): p50 70.2 p99 262.5 max 416.7 mean 75.3 ms
  steady state: stand-ins repeated 91679 frozen 164724 | late inputs 246780 discarded 0
