spawn=blob
egress=sendmmsg
ladder=on
threads=64
shards=64
peak_clients=10000
steady_ticks=941
steady_secs=57.0
ingress_p50_ms=2.07
ingress_p99_ms=2.67
ingress_max_ms=2.98
events_p50_ms=3.78
events_p99_ms=4.53
events_max_ms=5.08
movement_p50_ms=0.35
movement_p99_ms=0.57
movement_max_ms=0.65
grid_p50_ms=0.38
grid_p99_ms=0.45
grid_max_ms=0.50
history_p50_ms=0.01
history_p99_ms=0.01
history_max_ms=0.02
serialize_p50_ms=0.20
serialize_p99_ms=0.33
serialize_max_ms=0.43
assembly_p50_ms=4.14
assembly_p99_ms=6.77
assembly_max_ms=7.68
transport_p50_ms=2.17
transport_p99_ms=2.94
transport_max_ms=3.23
egress_p50_ms=36.68
egress_p99_ms=37.29
egress_max_ms=37.47
tick_p50_ms=49.79
tick_p99_ms=52.39
tick_max_ms=53.60
steady_overruns=114
level_mode=8
tick_hz=20
dilation=0.8
levels=L2:10,L3:31,L4:31,L5:31,L6:31,L7:31,L8:776
clients_avg=10000
out_pps=217023
in_pps=237569
egress_mbps=870.1
packets_per_client_tick=1.31
wire_bytes_per_client_tick=658
down_kbps_per_client=87.0
up_kbps_per_client=9.5
kernel_rcvbuf_drops=0
kernel_sndbuf_drops=0
snapshot_bytes_per_client_tick=613
near_bytes_per_client_tick=133
near_per_client_tick=21.0
mid_per_client_tick=32.5
far_per_client_tick=6.8
far_skipped=0
far_starved=0
repeated=91679
frozen=164724
late_inputs=246780
discarded_inputs=0
input_wait_p50_ms=70.2
input_wait_p99_ms=262.5
spawns=10000
despawns=10000
joins_deferred=49356
bad_messages=0
recv_errors=0
send_errors=0
datagrams=13072654
sends=13072654
send_syscalls=64750
