preallocated connections for 10000 clients in 265.871373ms
listening on 127.0.0.1:40500 | spawn Uniform | tiers near 64@150 m, mid 500 m, far 1500 m, budget 6250 B/tick, squads of 4 | 8 rayon threads, 64 shards, 1 socket(s), 256 accepts/tick, egress SendMmsg | socket buffers rcv 8192 KiB snd 8192 KiB
WARNING: token key is the public dev key; anyone can mint tokens for this server (--token-key)
[    5s] clients 1000 | level 0 (0-0 in window: 30 Hz, dilation 1.0), pace 1.00, 0.0% clients bandwidth-degraded | tick p50 4.08 p99 6.29 max 19.27 ms, 0 overruns | out 27.8k pps 60 kbps/client, 54 Mbps | in 25.4k pps 15 kbps/client | stand-ins: repeated 0.24% frozen 0.00%, 294 late inputs | per client-tick: 211 B (near 37 B, 96% deltas), near 4.3 mid 4.2 far 6.2, far skipped 0 starved 0 | input wait p50 53.5 p99 93.3 ms | 270 joins deferred | kernel drops rcv 0 snd 0
         p50/p99 ms: ingress 0.38/1.25  events 0.10/1.68  movement 0.28/0.47  grid 0.17/0.27  separate 0.17/0.30  history 0.00/0.01  serialize 0.04/0.08  assembly 0.80/1.48  transport 0.41/1.01  egress 1.64/2.15
[   10s] clients 1000 | level 0 (0-0 in window: 30 Hz, dilation 1.0), pace 1.00, 0.0% clients bandwidth-degraded | tick p50 4.02 p99 4.92 max 5.04 ms, 0 overruns | out 30.0k pps 59 kbps/client, 59 Mbps | in 28.4k pps 14 kbps/client | stand-ins: repeated 0.23% frozen 0.00%, 336 late inputs | per client-tick: 211 B (near 36 B, 100% deltas), near 4.3 mid 4.2 far 6.3, far skipped 0 starved 0 | input wait p50 53.2 p99 92.3 ms | 0 joins deferred | kernel drops rcv 0 snd 0
         p50/p99 ms: ingress 0.37/0.69  events 0.10/0.17  movement 0.28/0.36  grid 0.17/0.26  separate 0.17/0.26  history 0.00/0.00  serialize 0.04/0.08  assembly 0.81/1.07  transport 0.40/0.87  egress 1.66/2.08
[   15s] clients 1000 | level 0 (0-0 in window: 30 Hz, dilation 1.0), pace 1.00, 0.0% clients bandwidth-degraded | tick p50 4.11 p99 5.22 max 21.69 ms, 0 overruns | out 30.0k pps 59 kbps/client, 59 Mbps | in 28.4k pps 14 kbps/client | stand-ins: repeated 0.25% frozen 0.00%, 349 late inputs | per client-tick: 211 B (near 36 B, 100% deltas), near 4.3 mid 4.2 far 6.3, far skipped 0 starved 0 | input wait p50 53.2 p99 92.4 ms | 0 joins deferred | kernel drops rcv 0 snd 0
         p50/p99 ms: ingress 0.38/0.84  events 0.10/0.17  movement 0.28/0.42  grid 0.17/0.23  separate 0.17/0.23  history 0.00/0.00  serialize 0.04/0.09  assembly 0.79/1.19  transport 0.41/0.87  egress 1.66/2.76
[   20s] clients 1000 | level 0 (0-0 in window: 30 Hz, dilation 1.0), pace 1.00, 0.0% clients bandwidth-degraded | tick p50 4.04 p99 4.77 max 4.79 ms, 0 overruns | out 30.0k pps 59 kbps/client, 59 Mbps | in 28.4k pps 14 kbps/client | stand-ins: repeated 0.24% frozen 0.00%, 337 late inputs | per client-tick: 211 B (near 36 B, 100% deltas), near 4.3 mid 4.2 far 6.3, far skipped 0 starved 0 | input wait p50 53.2 p99 92.5 ms | 0 joins deferred | kernel drops rcv 0 snd 0
         p50/p99 ms: ingress 0.37/0.60  events 0.10/0.15  movement 0.29/0.42  grid 0.17/0.22  separate 0.18/0.31  history 0.00/0.00  serialize 0.04/0.07  assembly 0.79/1.20  transport 0.40/0.80  egress 1.66/2.05
[   25s] clients 1000 | level 0 (0-0 in window: 30 Hz, dilation 1.0), pace 1.00, 0.0% clients bandwidth-degraded | tick p50 4.14 p99 4.96 max 5.05 ms, 0 overruns | out 30.0k pps 59 kbps/client, 59 Mbps | in 28.4k pps 14 kbps/client | stand-ins: repeated 0.24% frozen 0.00%, 340 late inputs | per client-tick: 211 B (near 36 B, 100% deltas), near 4.3 mid 4.2 far 6.3, far skipped 0 starved 0 | input wait p50 53.3 p99 92.5 ms | 0 joins deferred | kernel drops rcv 0 snd 0
         p50/p99 ms: ingress 0.38/0.79  events 0.10/0.18  movement 0.29/0.43  grid 0.17/0.29  separate 0.18/0.28  history 0.00/0.00  serialize 0.04/0.08  assembly 0.80/1.13  transport 0.42/0.88  egress 1.66/2.11
[   30s] clients 1000 | level 0 (0-0 in window: 30 Hz, dilation 1.0), pace 1.00, 0.0% clients bandwidth-degraded | tick p50 4.06 p99 5.11 max 5.28 ms, 0 overruns | out 30.0k pps 59 kbps/client, 59 Mbps | in 28.4k pps 14 kbps/client | stand-ins: repeated 0.23% frozen 0.00%, 322 late inputs | per client-tick: 211 B (near 36 B, 100% deltas), near 4.3 mid 4.2 far 6.3, far skipped 0 starved 0 | input wait p50 53.3 p99 92.4 ms | 0 joins deferred | kernel drops rcv 0 snd 0
         p50/p99 ms: ingress 0.37/0.71  events 0.11/0.19  movement 0.29/0.37  grid 0.17/0.22  separate 0.17/0.35  history 0.00/0.00  serialize 0.04/0.09  assembly 0.81/1.13  transport 0.40/0.85  egress 1.66/2.11
[   35s] clients 1000 | level 0 (0-0 in window: 30 Hz, dilation 1.0), pace 1.00, 0.0% clients bandwidth-degraded | tick p50 4.10 p99 4.75 max 4.77 ms, 0 overruns | out 30.0k pps 59 kbps/client, 59 Mbps | in 28.4k pps 14 kbps/client | stand-ins: repeated 0.25% frozen 0.00%, 356 late inputs | per client-tick: 210 B (near 36 B, 100% deltas), near 4.3 mid 4.2 far 6.3, far skipped 0 starved 0 | input wait p50 53.3 p99 92.6 ms | 0 joins deferred | kernel drops rcv 0 snd 0
         p50/p99 ms: ingress 0.37/0.82  events 0.11/0.22  movement 0.29/0.38  grid 0.18/0.27  separate 0.18/0.26  history 0.00/0.00  serialize 0.04/0.10  assembly 0.80/1.10  transport 0.40/0.87  egress 1.64/2.10
[   40s] clients 1000 | level 0 (0-0 in window: 30 Hz, dilation 1.0), pace 1.00, 0.0% clients bandwidth-degraded | tick p50 4.10 p99 5.11 max 5.13 ms, 0 overruns | out 30.0k pps 59 kbps/client, 59 Mbps | in 28.4k pps 14 kbps/client | stand-ins: repeated 0.24% frozen 0.00%, 342 late inputs | per client-tick: 211 B (near 36 B, 100% deltas), near 4.3 mid 4.2 far 6.3, far skipped 0 starved 0 | input wait p50 53.3 p99 92.6 ms | 0 joins deferred | kernel drops rcv 0 snd 0
         p50/p99 ms: ingress 0.37/0.74  events 0.10/0.16  movement 0.29/0.43  grid 0.18/0.24  separate 0.18/0.32  history 0.00/0.00  serialize 0.04/0.08  assembly 0.80/1.25  transport 0.40/0.85  egress 1.67/2.06
[   45s] clients 1000 | level 0 (0-0 in window: 30 Hz, dilation 1.0), pace 1.00, 0.0% clients bandwidth-degraded | tick p50 4.06 p99 5.11 max 5.17 ms, 0 overruns | out 30.0k pps 59 kbps/client, 59 Mbps | in 28.5k pps 14 kbps/client | stand-ins: repeated 0.23% frozen 0.00%, 323 late inputs | per client-tick: 211 B (near 36 B, 100% deltas), near 4.3 mid 4.2 far 6.3, far skipped 0 starved 0 | input wait p50 53.3 p99 92.6 ms | 0 joins deferred | kernel drops rcv 0 snd 0
         p50/p99 ms: ingress 0.37/0.53  events 0.10/0.18  movement 0.28/0.36  grid 0.18/0.28  separate 0.18/0.43  history 0.00/0.01  serialize 0.04/0.10  assembly 0.81/1.15  transport 0.41/0.95  egress 1.66/2.06
[   50s] clients 1000 | level 0 (0-0 in window: 30 Hz, dilation 1.0), pace 1.00, 0.0% clients bandwidth-degraded | tick p50 4.08 p99 10.23 max 26.32 ms, 0 overruns | out 30.0k pps 59 kbps/client, 59 Mbps | in 28.4k pps 14 kbps/client | stand-ins: repeated 0.24% frozen 0.00%, 353 late inputs | per client-tick: 211 B (near 36 B, 100% deltas), near 4.3 mid 4.2 far 6.3, far skipped 0 starved 0 | input wait p50 53.2 p99 92.6 ms | 0 joins deferred | kernel drops rcv 0 snd 0
         p50/p99 ms: ingress 0.37/0.85  events 0.11/0.20  movement 0.29/0.39  grid 0.18/0.30  separate 0.18/0.36  history 0.00/0.01  serialize 0.04/0.11  assembly 0.81/1.20  transport 0.41/0.86  egress 1.65/7.19
[   55s] clients 1000 | level 0 (0-0 in window: 30 Hz, dilation 1.0), pace 1.00, 0.0% clients bandwidth-degraded | tick p50 4.10 p99 4.88 max 5.07 ms, 0 overruns | out 30.0k pps 59 kbps/client, 59 Mbps | in 28.4k pps 14 kbps/client | stand-ins: repeated 0.22% frozen 0.00%, 303 late inputs | per client-tick: 211 B (near 35 B, 100% deltas), near 4.2 mid 4.2 far 6.3, far skipped 0 starved 0 | input wait p50 53.2 p99 92.3 ms | 0 joins deferred | kernel drops rcv 0 snd 0
         p50/p99 ms: ingress 0.37/0.60  events 0.10/0.23  movement 0.29/0.42  grid 0.17/0.22  separate 0.18/0.30  history 0.00/0.00  serialize 0.04/0.07  assembly 0.81/1.14  transport 0.40/0.78  egress 1.67/2.05
[   60s] clients 1000 | level 0 (0-0 in window: 30 Hz, dilation 1.0), pace 1.00, 0.0% clients bandwidth-degraded | tick p50 4.03 p99 4.85 max 4.95 ms, 0 overruns | out 30.0k pps 59 kbps/client, 59 Mbps | in 28.5k pps 14 kbps/client | stand-ins: repeated 0.23% frozen 0.00%, 328 late inputs | per client-tick: 211 B (near 36 B, 100% deltas), near 4.3 mid 4.2 far 6.3, far skipped 0 starved 0 | input wait p50 53.2 p99 92.4 ms | 0 joins deferred | kernel drops rcv 0 snd 0
         p50/p99 ms: ingress 0.37/0.58  events 0.10/0.16  movement 0.28/0.35  grid 0.17/0.22  separate 0.17/0.31  history 0.00/0.00  serialize 0.04/0.07  assembly 0.81/1.13  transport 0.40/0.98  egress 1.64/2.19
[   60s] clients 0 | level 0 (0-0 in window: 30 Hz, dilation 1.0), pace 1.00, 0.0% clients bandwidth-degraded | tick p50 2.70 p99 14.22 max 14.22 ms, 0 overruns | out 15.2k pps 61 kbps/client, 30 Mbps | in 57.7k pps 27 kbps/client | stand-ins: repeated 0.20% frozen 0.00%, 1 late inputs | per client-tick: 213 B (near 36 B, 100% deltas), near 4.2 mid 4.2 far 6.5, far skipped 0 starved 0 | input wait p50 53.4 p99 92.9 ms | 0 joins deferred | kernel drops rcv 0 snd 0
         p50/p99 ms: ingress 0.42/0.82  events 0.10/0.60  movement 0.15/0.30  grid 0.15/0.17  separate 0.14/0.16  history 0.00/0.00  serialize 0.00/0.04  assembly 0.21/1.07  transport 0.04/1.24  egress 0.60/10.71

== summary: 1708 steady-state ticks (after warmup, before clients drain), peak 1000 clients ==
  phase        p50 ms   p99 ms   max ms
  ingress        0.37     0.69     1.24
  events         0.10     0.18     0.28
  movement       0.29     0.40     0.45
  grid           0.17     0.26     0.32
  separate       0.18     0.31     0.43
  history        0.00     0.00     0.03
  serialize      0.04     0.09     0.14
  assembly       0.81     1.15     1.33
  transport      0.40     0.87     1.24
  egress         1.66     2.10    22.87
  tick           4.08     5.00    26.32
  overruns 0 | spawns 1000 despawns 1000 (270 joins deferred) | stand-ins: repeated 4235 frozen 5 | late inputs 3984 discarded 1 | bad messages 0 | recv errors 0 send errors 0
  egress (whole run): 1798088 datagrams in 1798088 sends (1.00 per send), 115201 syscalls
  ticks per ladder level (whole run): L0: 1811
  input wait on the server (datagram arrival -> applied): p50 53.3 p99 92.5 max 532.3 mean 54.5 ms
  steady state: stand-ins repeated 4047 frozen 5 | late inputs 3810 discarded 0
  rewind (applied step - the input's render step, what lag compensation would rewind): p50 234 p99 270 max 708 mean 237.8 ms (n=1780746), render times ahead of the server 0
