spawn=uniform
egress=sendmmsg
ladder=on
threads=8
shards=64
sockets=1
peak_clients=1000
steady_ticks=1708
steady_secs=56.9
ingress_p50_ms=0.37
ingress_p99_ms=0.69
ingress_max_ms=1.24
events_p50_ms=0.10
events_p99_ms=0.18
events_max_ms=0.28
movement_p50_ms=0.29
movement_p99_ms=0.40
movement_max_ms=0.45
grid_p50_ms=0.17
grid_p99_ms=0.26
grid_max_ms=0.32
separate_p50_ms=0.18
separate_p99_ms=0.31
separate_max_ms=0.43
history_p50_ms=0.00
history_p99_ms=0.00
history_max_ms=0.03
serialize_p50_ms=0.04
serialize_p99_ms=0.09
serialize_max_ms=0.14
assembly_p50_ms=0.81
assembly_p99_ms=1.15
assembly_max_ms=1.33
transport_p50_ms=0.40
transport_p99_ms=0.87
transport_max_ms=1.24
egress_p50_ms=1.66
egress_p99_ms=2.10
egress_max_ms=22.87
tick_p50_ms=4.08
tick_p99_ms=5.00
tick_max_ms=26.32
steady_overruns=0
level_mode=0
tick_hz=30
dilation=1
levels=L0:1708
clients_avg=1000
out_pps=30010
in_pps=28476
egress_mbps=59.0
packets_per_client_tick=1.00
wire_bytes_per_client_tick=246
down_kbps_per_client=59.0
up_kbps_per_client=14.1
kernel_rcvbuf_drops=0
kernel_sndbuf_drops=0
snapshot_bytes_per_client_tick=211
near_bytes_per_client_tick=36
near_per_client_tick=4.3
mid_per_client_tick=4.2
far_per_client_tick=6.3
near_scanned_per_query=3
mid_scanned_per_query=6
far_skipped=0
far_starved=0
repeated=4047
frozen=5
late_inputs=3810
discarded_inputs=0
input_wait_p50_ms=53.3
input_wait_p99_ms=92.5
spawns=1000
despawns=1000
joins_deferred=270
bad_messages=0
recv_errors=0
send_errors=0
datagrams=1798088
sends=1798088
send_syscalls=115201
rewind_p50_ms=234
rewind_p99_ms=270
rewind_mean_ms=237.8
ingress_longest_p50_ms=0.03
ingress_work_p50_ms=0.76
assembly_longest_p50_ms=0.09
assembly_work_p50_ms=2.72
transport_longest_p50_ms=0.06
transport_work_p50_ms=1.40
egress_longest_p50_ms=0.25
egress_work_p50_ms=8.87
