started=1000
welcomed=1000
failed=0
join_p50_ms=382
join_p99_ms=653
join_max_ms=687
corrections=0
corrections_per_bot_minute=0.000
correction_max_m=0.000
push_corrections=27150
push_corrections_per_bot_minute=27.150
push_max_m=0.335
snapshots=1788850
near_per_snapshot=64.1
mid_per_snapshot=86.1
far_per_snapshot=0.0
stale_snapshots=0
resyncs=0
input_applied_p50_ms=100.0
input_applied_p99_ms=141.0
input_applied_mean_ms=95.4
server_wait_p50_ms=50.2
server_wait_p99_ms=67.2
server_wait_mean_ms=50.1
round_trip_p50_ms=167.0
round_trip_p99_ms=233.0
round_trip_mean_ms=161.1
slot_work_p50_ms=0.8
slot_work_p99_ms=3.9
slot_work_mean_ms=1.5
slot_late_p50_ms=0.0
slot_late_p99_ms=0.1
slot_late_mean_ms=0.0
near_interval_p50_ms=66.0
near_interval_p99_ms=66.0
near_interval_mean_ms=53.2
mid_interval_p50_ms=100.0
mid_interval_p99_ms=100.0
mid_interval_mean_ms=100.3
far_interval_p50_ms=0.0
far_interval_p99_ms=0.0
far_interval_mean_ms=0.0
slot_late_max_ms=8.0
near_interpolated_pct=99.79
near_extrapolated_pct=0.03
near_held_pct=0.00
near_new_pct=0.18
near_pop_p50_mm=0
near_pop_p99_mm=0
mid_interpolated_pct=96.93
mid_extrapolated_pct=0.93
mid_held_pct=1.26
mid_new_pct=0.89
mid_pop_p50_mm=0
mid_pop_p99_mm=0
far_interpolated_pct=0.00
far_extrapolated_pct=0.00
far_held_pct=0.00
far_new_pct=0.00
far_pop_p50_mm=0
far_pop_p99_mm=0
render_delay_ms=86.4
render_snaps=0
class0_fighters=167
class0_shots=65589
class0_hits=65149
class0_kills=0
class0_hit_pct=99.3
class0_rtt_ms=21.3
class1_fighters=166
class1_shots=64646
class1_hits=64173
class1_kills=0
class1_hit_pct=99.3
class1_rtt_ms=101.3
class2_fighters=167
class2_shots=64999
class2_hits=63237
class2_kills=0
class2_hit_pct=97.3
class2_rtt_ms=151.3
shots_seen=14382304
activity_cells=2500734
activity_shots=136964936
ambient=17847672
streak_frames_per_million=45
clock_slewing_pct=7.84
delay_changes=842
render_backwards=0
clock_extra=2334
clock_skipped=1313
backlog_skips=0
near_decode_errors=0
bytes_down_mb=2938.4
bytes_up_mb=118.4
swarm_busy_pct=37
swarm_overruns=9
