minting tokens with the public dev key (--token-key to change)
1000 bots -> 127.0.0.1:14500 on 8 threads x 8 slots, ramp 0/s, 60s, 1000 full + 0 sink bots
[    5s] bots 1000/1000 connected, 1000 welcomed, 0 failed | 24.9 snaps/s/bot, entities/snap near 65.2 mid 87.4 far 0.0 | corrections 0.000/s/bot | down 336 up 13 kbps/bot | rtt 90.6 ms loss 0.00% | input->applied ~ p50 98 p99 140 ms, round trip p50 167 p99 233 ms | joins 1000 (p50 382 p99 653 ms) | server pace 1.00 level 0, 0 bots bandwidth-degraded | swarm busy 36%, overruns 6
[   10s] bots 1000/1000 connected, 1000 welcomed, 0 failed | 30.1 snaps/s/bot, entities/snap near 64.0 mid 86.0 far 0.0 | corrections 0.000/s/bot | down 395 up 16 kbps/bot | rtt 90.6 ms loss 0.00% | input->applied ~ p50 100 p99 141 ms, round trip p50 167 p99 233 ms | joins 0 (p50 0 p99 0 ms) | server pace 1.00 level 0, 0 bots bandwidth-degraded | swarm busy 38%, overruns 0
[   15s] bots 1000/1000 connected, 1000 welcomed, 0 failed | 30.2 snaps/s/bot, entities/snap near 64.0 mid 86.0 far 0.0 | corrections 0.000/s/bot | down 396 up 16 kbps/bot | rtt 90.6 ms loss 0.00% | input->applied ~ p50 100 p99 141 ms, round trip p50 167 p99 233 ms | joins 0 (p50 0 p99 0 ms) | server pace 1.00 level 0, 0 bots bandwidth-degraded | swarm busy 38%, overruns 1
[   20s] bots 1000/1000 connected, 1000 welcomed, 0 failed | 30.1 snaps/s/bot, entities/snap near 64.0 mid 86.0 far 0.0 | corrections 0.000/s/bot | down 395 up 16 kbps/bot | rtt 90.6 ms loss 0.00% | input->applied ~ p50 100 p99 141 ms, round trip p50 167 p99 233 ms | joins 0 (p50 0 p99 0 ms) | server pace 1.00 level 0, 0 bots bandwidth-degraded | swarm busy 38%, overruns 0
[   25s] bots 1000/1000 connected, 1000 welcomed, 0 failed | 30.1 snaps/s/bot, entities/snap near 64.0 mid 86.0 far 0.0 | corrections 0.000/s/bot | down 395 up 16 kbps/bot | rtt 90.6 ms loss 0.00% | input->applied ~ p50 100 p99 141 ms, round trip p50 167 p99 233 ms | joins 0 (p50 0 p99 0 ms) | server pace 1.00 level 0, 0 bots bandwidth-degraded | swarm busy 38%, overruns 0
[   30s] bots 1000/1000 connected, 1000 welcomed, 0 failed | 30.2 snaps/s/bot, entities/snap near 64.0 mid 86.0 far 0.0 | corrections 0.000/s/bot | down 396 up 16 kbps/bot | rtt 90.6 ms loss 0.00% | input->applied ~ p50 100 p99 141 ms, round trip p50 167 p99 233 ms | joins 0 (p50 0 p99 0 ms) | server pace 1.00 level 0, 0 bots bandwidth-degraded | swarm busy 37%, overruns 0
[   35s] bots 1000/1000 connected, 1000 welcomed, 0 failed | 30.1 snaps/s/bot, entities/snap near 64.0 mid 86.0 far 0.0 | corrections 0.000/s/bot | down 395 up 16 kbps/bot | rtt 90.6 ms loss 0.00% | input->applied ~ p50 100 p99 141 ms, round trip p50 167 p99 233 ms | joins 0 (p50 0 p99 0 ms) | server pace 1.00 level 0, 0 bots bandwidth-degraded | swarm busy 38%, overruns 2
[   40s] bots 1000/1000 connected, 1000 welcomed, 0 failed | 30.1 snaps/s/bot, entities/snap near 64.0 mid 86.0 far 0.0 | corrections 0.000/s/bot | down 395 up 16 kbps/bot | rtt 90.6 ms loss 0.00% | input->applied ~ p50 100 p99 141 ms, round trip p50 167 p99 233 ms | joins 0 (p50 0 p99 0 ms) | server pace 1.00 level 0, 0 bots bandwidth-degraded | swarm busy 38%, overruns 0
[   45s] bots 1000/1000 connected, 1000 welcomed, 0 failed | 30.1 snaps/s/bot, entities/snap near 64.0 mid 86.0 far 0.0 | corrections 0.000/s/bot | down 395 up 16 kbps/bot | rtt 90.6 ms loss 0.00% | input->applied ~ p50 100 p99 141 ms, round trip p50 167 p99 233 ms | joins 0 (p50 0 p99 0 ms) | server pace 1.00 level 0, 0 bots bandwidth-degraded | swarm busy 38%, overruns 0
[   50s] bots 1000/1000 connected, 1000 welcomed, 0 failed | 30.2 snaps/s/bot, entities/snap near 64.0 mid 86.0 far 0.0 | corrections 0.000/s/bot | down 395 up 16 kbps/bot | rtt 90.6 ms loss 0.00% | input->applied ~ p50 100 p99 141 ms, round trip p50 167 p99 233 ms | joins 0 (p50 0 p99 0 ms) | server pace 1.00 level 0, 0 bots bandwidth-degraded | swarm busy 38%, overruns 0
[   55s] bots 1000/1000 connected, 1000 welcomed, 0 failed | 30.1 snaps/s/bot, entities/snap near 64.0 mid 86.0 far 0.0 | corrections 0.000/s/bot | down 395 up 16 kbps/bot | rtt 90.6 ms loss 0.00% | input->applied ~ p50 100 p99 141 ms, round trip p50 167 p99 233 ms | joins 0 (p50 0 p99 0 ms) | server pace 1.00 level 0, 0 bots bandwidth-degraded | swarm busy 38%, overruns 0
[   60s] bots 1000/1000 connected, 1000 welcomed, 0 failed | 30.2 snaps/s/bot, entities/snap near 64.0 mid 86.0 far 0.0 | corrections 0.000/s/bot | down 396 up 16 kbps/bot | rtt 90.6 ms loss 0.00% | input->applied ~ p50 100 p99 141 ms, round trip p50 167 p99 233 ms | joins 0 (p50 0 p99 0 ms) | server pace 1.00 level 0, 0 bots bandwidth-degraded | swarm busy 38%, overruns 0

== bots summary ==
  started 1000 welcomed 1000 failed 0
  join latency ms: p50 382 p99 653 max 687 (n=1000)
  corrections 0 (0.00/bot-minute), mean error 0.000 m, max 0.000 m
  push corrections (the server pushed us apart from a crowd) 27150 (27.15/bot-minute), max 0.335 m
  snapshots 1788850 (entities per snapshot: near 64.1 mid 86.1 far 0.0), stale 0, unmatched acks 0, resyncs 0
  input -> applied on server (est. RTT/2 + server wait): p50 100.0 p99 141.0 max 146.0 mean 95.4 ms (n=1785889)
    of which server wait (arrival -> applied): p50 50.2 p99 67.2 max 71.4 mean 50.1 ms (n=1785889)
  input -> seen acked (round trip): p50 167.0 p99 233.0 max 239.0 mean 161.1 ms (n=1785889)
  near entity update interval (tracked bots): p50 66.0 p99 66.0 max 566.0 mean 53.2 ms (n=57176751)
  mid entity update interval (tracked bots): p50 100.0 p99 100.0 max 2200.0 mean 100.3 ms (n=76554071)
  far entity update interval (tracked bots): p50 0.0 p99 0.0 max 0.0 mean 0.0 ms (n=0)
  near drawn (tracked bots): 99.79% interpolated, 0.03% extrapolated, 0.00% held, 0.18% new | pops p50 0 p99 0 max 1930 mm
  mid drawn (tracked bots): 96.93% interpolated, 0.93% extrapolated, 1.26% held, 0.89% new | pops p50 0 p99 0 max 17921 mm
  far drawn (tracked bots): 0.00% interpolated, 0.00% extrapolated, 0.00% held, 0.00% new | pops p50 0 p99 0 max 0 mm
  render delay (near) 86.4 ms behind the newest step, clock snaps 0 (backwards 0), slewing 7.84% of frames, near delay changes 842 | streak entity-frames (drawn > 20 m/s) 14681
  fighters, class 0: 167 at rtt 21.3 ms | 65589 shots, 65149 hits (99.3%), 0 kills
  fighters, class 1: 166 at rtt 101.3 ms | 64646 shots, 64173 hits (99.3%), 0 kills
  fighters, class 2: 167 at rtt 151.3 ms | 64999 shots, 63237 hits (97.3%), 0 kills
  others' shots (tracked bots): 14382304 as tracers | distant fights: 2500734 cell entries counting 136964936 shots, 17847672 ambient shots made
  input clock: 2334 extra inputs, 1313 skipped ticks, 0 backlog skips | near decode errors (tracked bots) 0
  bytes down 2938.4 MB up 118.4 MB | swarm busy 37% of its threads' time, tick overruns 9
