== blob, 1000 bots, 60s -> baselines/2026-10-09-wsl2-input-clock/fight-blob-1k-immortal-1
== summary: 1709 steady-state ticks (after warmup, before clients drain), peak 1000 clients ==
  phase        p50 ms   p99 ms   max ms
  ingress        0.70     0.99     1.52
  events         0.00     0.00     0.02
  movement       0.25     0.32     0.43
  grid           0.16     0.28     0.44
  separate       0.04     0.06     0.14
  history        0.00     0.00     0.01
  shots          0.30     0.53     1.39
  serialize      0.07     0.10     0.18
  assembly       4.45     5.11    10.45
  transport      0.00     0.00     0.00
  egress         0.03     0.07     2.44
  tick           6.33     7.19    14.38
  overruns 0 | spawns 1000 despawns 1000 (120 joins deferred) | deaths 0 respawns 0 | stand-ins: repeated 60 frozen 4377 | late inputs 0 discarded 0 | bad messages 0 | recv errors 0 send errors 0
  egress (whole run): 3627152 datagrams in 3627152 sends (1.00 per send), 118864 syscalls
  ingress (whole run): 1794909 datagrams in 60420 receive calls (29.71 per call)
  ticks per ladder level (whole run): L0: 1954
  input wait on the server (datagram arrival -> applied): p50 50.2 p99 67.2 max 71.4 mean 50.1 ms
  steady state: stand-ins repeated 0 frozen 0 | late inputs 0 discarded 0
  rewind of near targets (applied step - the input's render step for that tier): p50 242 p99 342 max 363 mean 235.1 ms (n=1639730)
  rewind of mid/far targets (applied step - the input's render step for that tier): p50 367 p99 433 max 435 mean 358.7 ms (n=1639730)
  render times ahead of the server (bogus) 0
  shots 275465 (late 0, refused 0, rewinds capped 182986) | hits head 1555 body 199107 (after cover 173, too late 0), kills 0 | ground 43238 cover 5215 expired 26350 | segments 4073206 candidates 1654843
== bots summary ==
  started 1000 welcomed 1000 failed 0
  join latency ms: p50 382 p99 653 max 687 (n=1000)
  corrections 0 (0.00/bot-minute), mean error 0.000 m, max 0.000 m
  push corrections (the server pushed us apart from a crowd) 27150 (27.15/bot-minute), max 0.335 m
  snapshots 1788850 (entities per snapshot: near 64.1 mid 86.1 far 0.0), stale 0, unmatched acks 0, resyncs 0
  input -> applied on server (est. RTT/2 + server wait): p50 100.0 p99 141.0 max 146.0 mean 95.4 ms (n=1785889)
    of which server wait (arrival -> applied): p50 50.2 p99 67.2 max 71.4 mean 50.1 ms (n=1785889)
  input -> seen acked (round trip): p50 167.0 p99 233.0 max 239.0 mean 161.1 ms (n=1785889)
  near entity update interval (tracked bots): p50 66.0 p99 66.0 max 566.0 mean 53.2 ms (n=57176751)
  mid entity update interval (tracked bots): p50 100.0 p99 100.0 max 2200.0 mean 100.3 ms (n=76554071)
  far entity update interval (tracked bots): p50 0.0 p99 0.0 max 0.0 mean 0.0 ms (n=0)
  near drawn (tracked bots): 99.79% interpolated, 0.03% extrapolated, 0.00% held, 0.18% new | pops p50 0 p99 0 max 1930 mm
  mid drawn (tracked bots): 96.93% interpolated, 0.93% extrapolated, 1.26% held, 0.89% new | pops p50 0 p99 0 max 17921 mm
  far drawn (tracked bots): 0.00% interpolated, 0.00% extrapolated, 0.00% held, 0.00% new | pops p50 0 p99 0 max 0 mm
  render delay (near) 86.4 ms behind the newest step, clock snaps 0 (backwards 0), slewing 7.84% of frames, near delay changes 842 | streak entity-frames (drawn > 20 m/s) 14681
  fighters, class 0: 167 at rtt 21.3 ms | 65589 shots, 65149 hits (99.3%), 0 kills
  fighters, class 1: 166 at rtt 101.3 ms | 64646 shots, 64173 hits (99.3%), 0 kills
  fighters, class 2: 167 at rtt 151.3 ms | 64999 shots, 63237 hits (97.3%), 0 kills
  others' shots (tracked bots): 14382304 as tracers | distant fights: 2500734 cell entries counting 136964936 shots, 17847672 ambient shots made
  input clock: 2334 extra inputs, 1313 skipped ticks, 0 backlog skips | near decode errors (tracked bots) 0
  bytes down 2938.4 MB up 118.4 MB | swarm busy 37% of its threads' time, tick overruns 9
