spawn=blob
egress=sendmmsg
ingress=recvmmsg
rx_gather_us=1000
ladder=on
threads=8
keep_awake=on
send_during_assembly=on
worker_cpus=-
rx_cpus=-
shards=64
sockets=1
peak_clients=1000
steady_ticks=1709
steady_secs=56.9
ingress_p50_ms=0.70
ingress_p99_ms=0.99
ingress_max_ms=1.52
events_p50_ms=0.00
events_p99_ms=0.00
events_max_ms=0.02
movement_p50_ms=0.25
movement_p99_ms=0.32
movement_max_ms=0.43
grid_p50_ms=0.16
grid_p99_ms=0.28
grid_max_ms=0.44
separate_p50_ms=0.04
separate_p99_ms=0.06
separate_max_ms=0.14
history_p50_ms=0.00
history_p99_ms=0.00
history_max_ms=0.01
shots_p50_ms=0.30
shots_p99_ms=0.53
shots_max_ms=1.39
serialize_p50_ms=0.07
serialize_p99_ms=0.10
serialize_max_ms=0.18
assembly_p50_ms=4.45
assembly_p99_ms=5.11
assembly_max_ms=10.45
transport_p50_ms=0.00
transport_p99_ms=0.00
transport_max_ms=0.00
egress_p50_ms=0.03
egress_p99_ms=0.07
egress_max_ms=2.44
tick_p50_ms=6.33
tick_p99_ms=7.19
tick_max_ms=14.38
steady_overruns=0
level_mode=0
tick_hz=30
dilation=1
levels=L0:1709
clients_avg=1000
out_pps=60525
in_pps=29998
egress_mbps=393.6
packets_per_client_tick=2.02
wire_bytes_per_client_tick=1639
down_kbps_per_client=393.6
up_kbps_per_client=15.9
recv_per_call=29.82
ingress_thread_busy_max_pct=4.4
ingress_thread_busy_mean_pct=4.4
rx_runq_wait_max_pct=0.03
rx_runq_wait_mean_pct=0.03
ksoftirqd_cpu_pct=0.0
kernel_rcvbuf_drops=0
kernel_sndbuf_drops=0
snapshot_bytes_per_client_tick=1568
near_bytes_per_client_tick=428
activity_bytes_per_client_tick=14.4
near_per_client_tick=64.0
mid_per_client_tick=86.0
far_per_client_tick=0.0
near_scanned_per_query=175
mid_scanned_per_query=188
far_skipped=0
far_starved=0
repeated=0
frozen=0
late_inputs=0
discarded_inputs=0
input_wait_p10_ms=36.8
input_wait_p50_ms=50.2
input_wait_p90_ms=63.5
input_wait_p99_ms=67.2
spawns=1000
despawns=1000
deaths=0
respawns=0
shots=275465
shots_late=0
shots_refused=0
rewinds_capped=182986
rewinds_trimmed=0
rewinds_trimmed_mid=0
renders_held=0
shot_dip_clients=650
shot_dip_flagged=0
hits_head=1555
hits_body=199107
hits_ground=43238
hits_cover=5215
projectiles_expired=26350
kills=0
hits_after_cover=173
hits_too_late=0
events=401315
tracer_bytes=211583320
activity_cells=5080
activity_sent=5012980
activity_bytes=25900567
activity_cut=0
projectile_segments=4073206
hit_candidates=1654843
trim_excess_p50_steps=0.0
trim_excess_p99_steps=0.0
trim_excess_max_steps=0.0
shot_dip_excess_p50_steps=0.0
shot_dip_excess_p99_steps=0.0
shot_dip_excess_max_steps=0.0
held_by_p50_steps=0.0
held_by_p99_steps=0.0
held_by_max_steps=0.0
joins_deferred=120
bad_messages=0
recv_errors=0
send_errors=0
datagrams=3627152
sends=3627152
send_syscalls=118864
rewind_near_p50_ms=242
rewind_near_p99_ms=342
rewind_near_mean_ms=235.1
rewind_mid_p50_ms=367
rewind_mid_p99_ms=433
rewind_mid_mean_ms=358.7
ingress_longest_p50_ms=0.12
ingress_work_p50_ms=4.53
assembly_longest_p50_ms=0.83
assembly_work_p50_ms=32.28
transport_longest_p50_ms=-
transport_work_p50_ms=-
egress_longest_p50_ms=-
egress_work_p50_ms=-
