preallocated connections for 10000 clients in 439.716617ms
listening on 127.0.0.1:14500 | spawn Blob | tiers near 64@150 m, mid 500 m, far 1500 m, budget 6250 B/tick, squads of 4 | 8 rayon threads (keep awake on), 64 shards (send during assembly on), 1 socket(s), 256 accepts/tick, egress SendMmsg, ingress RecvMmsg | socket buffers rcv 8192 KiB snd 8192 KiB
WARNING: token key is the public dev key; anyone can mint tokens for this server (--token-key)
[    5s] clients 1000 | level 0 (0-0 in window: 30 Hz, dilation 1.0), pace 1.00, 0.0% clients bandwidth-degraded | tick p50 6.23 p99 10.37 max 16.07 ms, 0 overruns | out 57.8k pps 399 kbps/client, 376 Mbps | in 28.0k pps 17 kbps/client, 28.3 per recv, receive thread busy 4% | stand-ins: repeated 0.00% frozen 0.00%, 0 late inputs | per client-tick: 1584 B (near 449 B, 95% deltas), near 64.0 mid 85.8 far 0.0, far skipped 0 starved 0 | input wait p50 49.8 p99 66.9 ms | 120 joins deferred | kernel drops rcv 0 snd 0
         p50/p99 ms: ingress 0.64/0.95  events 0.00/3.75  movement 0.24/0.33  grid 0.17/0.28  separate 0.04/0.06  history 0.00/0.06  shots 0.26/0.63  serialize 0.07/0.13  assembly 4.45/5.21  transport 0.00/0.00  egress 0.03/0.07
[   10s] clients 1000 | level 0 (0-0 in window: 30 Hz, dilation 1.0), pace 1.00, 0.0% clients bandwidth-degraded | tick p50 6.35 p99 7.36 max 8.70 ms, 0 overruns | out 60.5k pps 393 kbps/client, 393 Mbps | in 30.0k pps 16 kbps/client, 29.9 per recv, receive thread busy 4% | stand-ins: repeated 0.00% frozen 0.00%, 0 late inputs | per client-tick: 1568 B (near 426 B, 99% deltas), near 64.0 mid 86.0 far 0.0, far skipped 0 starved 0 | input wait p50 50.2 p99 67.2 ms | 0 joins deferred | kernel drops rcv 0 snd 0
         p50/p99 ms: ingress 0.69/1.03  events 0.00/0.00  movement 0.24/0.32  grid 0.16/0.27  separate 0.04/0.06  history 0.00/0.00  shots 0.30/0.51  serialize 0.07/0.12  assembly 4.44/5.13  transport 0.00/0.00  egress 0.03/0.07
[   15s] clients 1000 | level 0 (0-0 in window: 30 Hz, dilation 1.0), pace 1.00, 0.0% clients bandwidth-degraded | tick p50 6.39 p99 7.60 max 7.82 ms, 0 overruns | out 60.3k pps 393 kbps/client, 393 Mbps | in 30.0k pps 16 kbps/client, 29.8 per recv, receive thread busy 4% | stand-ins: repeated 0.00% frozen 0.00%, 0 late inputs | per client-tick: 1568 B (near 428 B, 99% deltas), near 64.0 mid 86.0 far 0.0, far skipped 0 starved 0 | input wait p50 50.3 p99 67.2 ms | 0 joins deferred | kernel drops rcv 0 snd 0
         p50/p99 ms: ingress 0.70/0.95  events 0.00/0.00  movement 0.25/0.31  grid 0.17/0.28  separate 0.04/0.06  history 0.00/0.00  shots 0.31/0.63  serialize 0.07/0.10  assembly 4.49/5.14  transport 0.00/0.00  egress 0.03/0.06
[   20s] clients 1000 | level 0 (0-0 in window: 30 Hz, dilation 1.0), pace 1.00, 0.0% clients bandwidth-degraded | tick p50 6.36 p99 7.16 max 7.16 ms, 0 overruns | out 60.5k pps 393 kbps/client, 393 Mbps | in 30.0k pps 16 kbps/client, 29.8 per recv, receive thread busy 4% | stand-ins: repeated 0.00% frozen 0.00%, 0 late inputs | per client-tick: 1568 B (near 427 B, 99% deltas), near 64.0 mid 86.0 far 0.0, far skipped 0 starved 0 | input wait p50 50.3 p99 67.2 ms | 0 joins deferred | kernel drops rcv 0 snd 0
         p50/p99 ms: ingress 0.71/1.02  events 0.00/0.00  movement 0.25/0.33  grid 0.16/0.28  separate 0.04/0.07  history 0.00/0.01  shots 0.31/0.50  serialize 0.08/0.10  assembly 4.48/5.20  transport 0.00/0.00  egress 0.03/0.08
[   25s] clients 1000 | level 0 (0-0 in window: 30 Hz, dilation 1.0), pace 1.00, 0.0% clients bandwidth-degraded | tick p50 6.31 p99 7.24 max 8.34 ms, 0 overruns | out 60.5k pps 393 kbps/client, 393 Mbps | in 30.0k pps 16 kbps/client, 29.8 per recv, receive thread busy 4% | stand-ins: repeated 0.00% frozen 0.00%, 0 late inputs | per client-tick: 1568 B (near 428 B, 99% deltas), near 64.0 mid 86.0 far 0.0, far skipped 0 starved 0 | input wait p50 50.3 p99 67.2 ms | 0 joins deferred | kernel drops rcv 0 snd 0
         p50/p99 ms: ingress 0.69/1.00  events 0.00/0.00  movement 0.24/0.33  grid 0.16/0.28  separate 0.03/0.06  history 0.00/0.00  shots 0.32/0.55  serialize 0.07/0.09  assembly 4.43/5.22  transport 0.00/0.00  egress 0.03/0.05
[   30s] clients 1000 | level 0 (0-0 in window: 30 Hz, dilation 1.0), pace 1.00, 0.0% clients bandwidth-degraded | tick p50 6.29 p99 7.20 max 7.34 ms, 0 overruns | out 60.5k pps 394 kbps/client, 394 Mbps | in 30.0k pps 16 kbps/client, 29.9 per recv, receive thread busy 4% | stand-ins: repeated 0.00% frozen 0.00%, 0 late inputs | per client-tick: 1570 B (near 428 B, 99% deltas), near 64.0 mid 86.0 far 0.0, far skipped 0 starved 0 | input wait p50 50.2 p99 67.2 ms | 0 joins deferred | kernel drops rcv 0 snd 0
         p50/p99 ms: ingress 0.72/0.96  events 0.00/0.00  movement 0.23/0.33  grid 0.16/0.27  separate 0.03/0.07  history 0.00/0.00  shots 0.30/0.47  serialize 0.07/0.10  assembly 4.41/5.09  transport 0.00/0.00  egress 0.03/0.07
[   35s] clients 1000 | level 0 (0-0 in window: 30 Hz, dilation 1.0), pace 1.00, 0.0% clients bandwidth-degraded | tick p50 6.30 p99 7.01 max 14.38 ms, 0 overruns | out 60.5k pps 393 kbps/client, 393 Mbps | in 30.0k pps 16 kbps/client, 29.7 per recv, receive thread busy 4% | stand-ins: repeated 0.00% frozen 0.00%, 0 late inputs | per client-tick: 1568 B (near 427 B, 99% deltas), near 64.0 mid 86.0 far 0.0, far skipped 0 starved 0 | input wait p50 50.3 p99 67.3 ms | 0 joins deferred | kernel drops rcv 0 snd 0
         p50/p99 ms: ingress 0.69/1.00  events 0.00/0.00  movement 0.24/0.39  grid 0.16/0.28  separate 0.03/0.06  history 0.00/0.00  shots 0.29/0.50  serialize 0.07/0.10  assembly 4.43/4.94  transport 0.00/0.00  egress 0.03/0.07
[   40s] clients 1000 | level 0 (0-0 in window: 30 Hz, dilation 1.0), pace 1.00, 0.0% clients bandwidth-degraded | tick p50 6.35 p99 7.43 max 8.37 ms, 0 overruns | out 60.5k pps 393 kbps/client, 393 Mbps | in 30.0k pps 16 kbps/client, 29.8 per recv, receive thread busy 4% | stand-ins: repeated 0.00% frozen 0.00%, 0 late inputs | per client-tick: 1568 B (near 428 B, 99% deltas), near 64.0 mid 86.0 far 0.0, far skipped 0 starved 0 | input wait p50 50.2 p99 67.2 ms | 0 joins deferred | kernel drops rcv 0 snd 0
         p50/p99 ms: ingress 0.70/0.97  events 0.00/0.00  movement 0.25/0.32  grid 0.16/0.28  separate 0.03/0.07  history 0.00/0.00  shots 0.30/0.55  serialize 0.07/0.10  assembly 4.45/5.26  transport 0.00/0.00  egress 0.03/0.06
[   45s] clients 1000 | level 0 (0-0 in window: 30 Hz, dilation 1.0), pace 1.00, 0.0% clients bandwidth-degraded | tick p50 6.31 p99 6.89 max 7.04 ms, 0 overruns | out 60.5k pps 393 kbps/client, 393 Mbps | in 30.0k pps 16 kbps/client, 29.8 per recv, receive thread busy 4% | stand-ins: repeated 0.00% frozen 0.00%, 0 late inputs | per client-tick: 1568 B (near 428 B, 99% deltas), near 64.0 mid 86.0 far 0.0, far skipped 0 starved 0 | input wait p50 50.3 p99 67.2 ms | 0 joins deferred | kernel drops rcv 0 snd 0
         p50/p99 ms: ingress 0.71/0.99  events 0.00/0.00  movement 0.24/0.31  grid 0.16/0.26  separate 0.04/0.06  history 0.00/0.00  shots 0.30/0.51  serialize 0.07/0.10  assembly 4.47/4.89  transport 0.00/0.00  egress 0.03/0.06
[   50s] clients 1000 | level 0 (0-0 in window: 30 Hz, dilation 1.0), pace 1.00, 0.0% clients bandwidth-degraded | tick p50 6.36 p99 7.17 max 7.83 ms, 0 overruns | out 60.5k pps 393 kbps/client, 393 Mbps | in 30.0k pps 16 kbps/client, 29.7 per recv, receive thread busy 4% | stand-ins: repeated 0.00% frozen 0.00%, 0 late inputs | per client-tick: 1568 B (near 429 B, 99% deltas), near 64.0 mid 86.0 far 0.0, far skipped 0 starved 0 | input wait p50 50.2 p99 67.2 ms | 0 joins deferred | kernel drops rcv 0 snd 0
         p50/p99 ms: ingress 0.70/1.03  events 0.00/0.00  movement 0.25/0.31  grid 0.17/0.28  separate 0.04/0.07  history 0.00/0.00  shots 0.30/0.54  serialize 0.07/0.10  assembly 4.47/4.93  transport 0.00/0.00  egress 0.03/0.07
[   55s] clients 1000 | level 0 (0-0 in window: 30 Hz, dilation 1.0), pace 1.00, 0.0% clients bandwidth-degraded | tick p50 6.29 p99 6.99 max 7.21 ms, 0 overruns | out 60.5k pps 393 kbps/client, 393 Mbps | in 30.0k pps 16 kbps/client, 29.8 per recv, receive thread busy 4% | stand-ins: repeated 0.00% frozen 0.00%, 0 late inputs | per client-tick: 1568 B (near 427 B, 99% deltas), near 64.0 mid 86.0 far 0.0, far skipped 0 starved 0 | input wait p50 50.2 p99 67.2 ms | 0 joins deferred | kernel drops rcv 0 snd 0
         p50/p99 ms: ingress 0.69/0.99  events 0.00/0.00  movement 0.25/0.39  grid 0.16/0.29  separate 0.03/0.06  history 0.00/0.00  shots 0.29/0.56  serialize 0.07/0.10  assembly 4.40/4.88  transport 0.00/0.00  egress 0.03/0.07
[   60s] clients 30 | level 0 (0-0 in window: 30 Hz, dilation 1.0), pace 1.00, 0.0% clients bandwidth-degraded | tick p50 6.30 p99 7.06 max 7.24 ms, 0 overruns | out 58.6k pps 394 kbps/client, 381 Mbps | in 29.6k pps 16 kbps/client, 30.0 per recv, receive thread busy 4% | stand-ins: repeated 0.04% frozen 0.05%, 0 late inputs | per client-tick: 1569 B (near 429 B, 99% deltas), near 64.0 mid 85.9 far 0.0, far skipped 0 starved 0 | input wait p50 50.2 p99 67.2 ms | 0 joins deferred | kernel drops rcv 0 snd 0
         p50/p99 ms: ingress 0.70/1.00  events 0.00/0.54  movement 0.24/0.31  grid 0.17/0.30  separate 0.03/0.07  history 0.00/0.00  shots 0.28/0.50  serialize 0.07/0.10  assembly 4.43/5.01  transport 0.00/0.00  egress 0.03/0.06
[   65s] clients 0 | level 0 (0-0 in window: 30 Hz, dilation 1.0), pace 1.00, 0.0% clients bandwidth-degraded | tick p50 0.63 p99 0.85 max 0.97 ms, 0 overruns | out 0.9k pps 79 kbps/client, 2 Mbps | in 0.0k pps 0 kbps/client, 0.0 per recv, receive thread busy 0% | stand-ins: repeated 0.00% frozen 100.00%, 0 late inputs | per client-tick: 288 B (near 166 B, 5% deltas), near 11.3 mid 5.9 far 0.0, far skipped 0 starved 0 | input wait p50 0.0 p99 0.0 ms | 0 joins deferred | kernel drops rcv 0 snd 0
         p50/p99 ms: ingress 0.01/0.02  events 0.00/0.04  movement 0.02/0.04  grid 0.14/0.28  separate 0.00/0.01  history 0.00/0.00  shots 0.00/0.08  serialize 0.00/0.01  assembly 0.09/0.25  transport 0.00/0.00  egress 0.04/0.05

== summary: 1709 steady-state ticks (after warmup, before clients drain), peak 1000 clients ==
  phase        p50 ms   p99 ms   max ms
  ingress        0.70     0.99     1.52
  events         0.00     0.00     0.02
  movement       0.25     0.32     0.43
  grid           0.16     0.28     0.44
  separate       0.04     0.06     0.14
  history        0.00     0.00     0.01
  shots          0.30     0.53     1.39
  serialize      0.07     0.10     0.18
  assembly       4.45     5.11    10.45
  transport      0.00     0.00     0.00
  egress         0.03     0.07     2.44
  tick           6.33     7.19    14.38
  overruns 0 | spawns 1000 despawns 1000 (120 joins deferred) | deaths 0 respawns 0 | stand-ins: repeated 60 frozen 4377 | late inputs 0 discarded 0 | bad messages 0 | recv errors 0 send errors 0
  egress (whole run): 3627152 datagrams in 3627152 sends (1.00 per send), 118864 syscalls
  ingress (whole run): 1794909 datagrams in 60420 receive calls (29.71 per call)
  ticks per ladder level (whole run): L0: 1954
  input wait on the server (datagram arrival -> applied): p50 50.2 p99 67.2 max 71.4 mean 50.1 ms
  steady state: stand-ins repeated 0 frozen 0 | late inputs 0 discarded 0
  rewind of near targets (applied step - the input's render step for that tier): p50 242 p99 342 max 363 mean 235.1 ms (n=1639730)
  rewind of mid/far targets (applied step - the input's render step for that tier): p50 367 p99 433 max 435 mean 358.7 ms (n=1639730)
  render times ahead of the server (bogus) 0
  shots 275465 (late 0, refused 0, rewinds capped 182986) | hits head 1555 body 199107 (after cover 173, too late 0), kills 0 | ground 43238 cover 5215 expired 26350 | segments 4073206 candidates 1654843
