warning: use of deprecated method `std::sync::atomic::Atomic::<usize>::fetch_update`: renamed to `try_update` for consistency
   --> src/server.rs:140:14
    |
140 |             .fetch_update(Ordering::AcqRel, Ordering::Acquire, |n| (n < self.max_clients).then_some(n + 1))
    |              ^^^^^^^^^^^^
    |
    = note: `#[warn(deprecated)]` on by default
help: replace the use of the deprecated method
    |
140 -             .fetch_update(Ordering::AcqRel, Ordering::Acquire, |n| (n < self.max_clients).then_some(n + 1))
140 +             .try_update(Ordering::AcqRel, Ordering::Acquire, |n| (n < self.max_clients).then_some(n + 1))
    |

== blob, 3000 bots, 60s -> baselines/2026-10-04-scaleway-8t/blob-3k-gso-2
== summary: 1709 steady-state ticks (after warmup, before clients drain), peak 3000 clients ==
  phase        p50 ms   p99 ms   max ms
  ingress        0.91     0.97     1.03
  events         0.68     0.72     0.75
  movement       0.12     0.15     0.17
  grid           0.12     0.14     0.17
  history        0.00     0.00     0.01
  serialize      0.09     0.12     0.16
  assembly       9.09     9.64    10.33
  transport      3.88     4.50     4.72
  egress         3.69     3.86     3.95
  tick          18.58    19.49    20.30
  overruns 0 | spawns 3000 despawns 3000 (7217 joins deferred) | stand-ins: repeated 0 frozen 0 | late inputs 0 discarded 0 | bad messages 0 | recv errors 0 send errors 0
  egress (whole run): 10750042 datagrams in 5378021 sends (2.00 per send), 115264 syscalls
  ticks per ladder level (whole run): L0: 1820
  input wait on the server (datagram arrival -> applied): p50 49.8 p99 66.1 max 69.3 mean 50.0 ms
  steady state: stand-ins repeated 0 frozen 0 | late inputs 0 discarded 0
== bots summary ==
  started 3000 welcomed 3000 failed 0
  join latency ms: p50 338 p99 761 max 813 (n=3000)
  corrections 0 (0.00/bot-minute), mean error 0.000 m, max 0.000 m
  snapshots 5364553 (entities per snapshot: near 64.0 mid 86.0 far 0.0), stale 0, unmatched acks 0, resyncs 0
  input -> applied on server (est. RTT/2 + server wait): p50 58.0 p99 75.0 max 78.0 mean 58.8 ms (n=5363502)
    of which server wait (arrival -> applied): p50 49.8 p99 66.1 max 69.3 mean 50.0 ms (n=5363502)
  input -> seen acked (round trip): p50 67.0 p99 100.0 max 100.0 mean 83.4 ms (n=5363502)
  near entity update interval (tracked bots): p50 66.0 p99 66.0 max 133.0 mean 53.3 ms (n=17140194)
  mid entity update interval (tracked bots): p50 100.0 p99 100.0 max 59800.0 mean 154.7 ms (n=22936816)
  far entity update interval (tracked bots): p50 0.0 p99 0.0 max 0.0 mean 0.0 ms (n=0)
  input clock: 3074 extra inputs, 110 skipped ticks, 0 backlog skips | near decode errors (tracked bots) 0
  bytes down 7616.0 MB up 268.4 MB | swarm busy 5% of its threads' time, tick overruns 0
