spawn=blob
egress=gso
ladder=on
threads=8
shards=64
peak_clients=3000
steady_ticks=1709
steady_secs=57.0
ingress_p50_ms=0.91
ingress_p99_ms=0.97
ingress_max_ms=1.03
events_p50_ms=0.68
events_p99_ms=0.72
events_max_ms=0.75
movement_p50_ms=0.12
movement_p99_ms=0.15
movement_max_ms=0.17
grid_p50_ms=0.12
grid_p99_ms=0.14
grid_max_ms=0.17
history_p50_ms=0.00
history_p99_ms=0.00
history_max_ms=0.01
serialize_p50_ms=0.09
serialize_p99_ms=0.12
serialize_max_ms=0.16
assembly_p50_ms=9.09
assembly_p99_ms=9.64
assembly_max_ms=10.33
transport_p50_ms=3.88
transport_p99_ms=4.50
transport_max_ms=4.72
egress_p50_ms=3.69
egress_p99_ms=3.86
egress_max_ms=3.95
tick_p50_ms=18.58
tick_p99_ms=19.49
tick_max_ms=20.30
steady_overruns=0
level_mode=0
tick_hz=30
dilation=1
levels=L0:1709
clients_avg=3000
out_pps=180047
in_pps=90106
egress_mbps=1021.0
packets_per_client_tick=2.00
wire_bytes_per_client_tick=1418
down_kbps_per_client=340.3
up_kbps_per_client=12.0
kernel_rcvbuf_drops=0
kernel_sndbuf_drops=0
snapshot_bytes_per_client_tick=1348
near_bytes_per_client_tick=356
near_per_client_tick=64.0
mid_per_client_tick=86.0
far_per_client_tick=0.0
far_skipped=0
far_starved=0
repeated=0
frozen=0
late_inputs=0
discarded_inputs=0
input_wait_p50_ms=49.8
input_wait_p99_ms=66.1
spawns=3000
despawns=3000
joins_deferred=7217
bad_messages=0
recv_errors=0
send_errors=0
datagrams=10750042
sends=5378021
send_syscalls=115264
