preallocated connections for 10000 clients in 220.8394ms
listening on 172.16.8.2:40500 | spawn Blob | tiers near 64@150 m, mid 500 m, far 1500 m, budget 6250 B/tick, squads of 4 | 8 rayon threads, 64 shards, 256 accepts/tick, egress Gso | socket buffers rcv 32768 KiB snd 32768 KiB
[    5s] clients 3000 | level 0 (0-0 in window: 30 Hz, dilation 1.0), pace 1.00, 0.0% clients bandwidth-degraded | tick p50 18.38 p99 19.32 max 19.37 ms, 0 overruns | out 148.9k pps 345 kbps/client, 847 Mbps | in 76.0k pps 14 kbps/client | stand-ins: repeated 0.00% frozen 0.00%, 0 late inputs | per client-tick: 1362 B (near 371 B, 97% deltas), near 64.0 mid 86.0 far 0.0, far skipped 0 starved 0 | input wait p50 50.7 p99 66.5 ms | 7217 joins deferred | kernel drops rcv 0 snd 0
         p50/p99 ms: ingress 0.89/2.84  events 0.72/2.27  movement 0.12/0.14  grid 0.12/0.13  history 0.00/0.02  serialize 0.09/0.16  assembly 8.91/9.32  transport 3.73/4.42  egress 3.71/3.89
[   10s] clients 3000 | level 0 (0-0 in window: 30 Hz, dilation 1.0), pace 1.00, 0.0% clients bandwidth-degraded | tick p50 18.60 p99 20.05 max 20.30 ms, 0 overruns | out 180.0k pps 340 kbps/client, 1021 Mbps | in 90.0k pps 12 kbps/client | stand-ins: repeated 0.00% frozen 0.00%, 0 late inputs | per client-tick: 1348 B (near 356 B, 99% deltas), near 64.0 mid 86.0 far 0.0, far skipped 0 starved 0 | input wait p50 49.6 p99 66.1 ms | 0 joins deferred | kernel drops rcv 0 snd 0
         p50/p99 ms: ingress 0.92/0.98  events 0.68/0.73  movement 0.13/0.15  grid 0.12/0.13  history 0.00/0.00  serialize 0.09/0.15  assembly 9.07/10.16  transport 3.88/4.51  egress 3.69/3.94
[   15s] clients 3000 | level 0 (0-0 in window: 30 Hz, dilation 1.0), pace 1.00, 0.0% clients bandwidth-degraded | tick p50 18.71 p99 19.32 max 19.42 ms, 0 overruns | out 180.0k pps 340 kbps/client, 1021 Mbps | in 90.0k pps 12 kbps/client | stand-ins: repeated 0.00% frozen 0.00%, 0 late inputs | per client-tick: 1348 B (near 356 B, 99% deltas), near 64.0 mid 86.0 far 0.0, far skipped 0 starved 0 | input wait p50 49.6 p99 66.1 ms | 0 joins deferred | kernel drops rcv 0 snd 0
         p50/p99 ms: ingress 0.92/0.97  events 0.68/0.71  movement 0.12/0.15  grid 0.12/0.13  history 0.00/0.00  serialize 0.09/0.15  assembly 9.13/9.53  transport 3.97/4.51  egress 3.69/3.86
[   20s] clients 3000 | level 0 (0-0 in window: 30 Hz, dilation 1.0), pace 1.00, 0.0% clients bandwidth-degraded | tick p50 18.57 p99 19.60 max 20.01 ms, 0 overruns | out 180.0k pps 340 kbps/client, 1021 Mbps | in 90.0k pps 12 kbps/client | stand-ins: repeated 0.00% frozen 0.00%, 0 late inputs | per client-tick: 1348 B (near 356 B, 99% deltas), near 64.0 mid 86.0 far 0.0, far skipped 0 starved 0 | input wait p50 49.6 p99 66.1 ms | 0 joins deferred | kernel drops rcv 0 snd 0
         p50/p99 ms: ingress 0.91/0.98  events 0.68/0.70  movement 0.13/0.15  grid 0.12/0.13  history 0.00/0.00  serialize 0.09/0.13  assembly 9.08/9.91  transport 3.88/4.54  egress 3.67/3.82
[   25s] clients 3000 | level 0 (0-0 in window: 30 Hz, dilation 1.0), pace 1.00, 0.0% clients bandwidth-degraded | tick p50 18.63 p99 19.36 max 19.48 ms, 0 overruns | out 180.0k pps 340 kbps/client, 1021 Mbps | in 90.0k pps 12 kbps/client | stand-ins: repeated 0.00% frozen 0.00%, 0 late inputs | per client-tick: 1347 B (near 355 B, 99% deltas), near 64.0 mid 86.0 far 0.0, far skipped 0 starved 0 | input wait p50 49.6 p99 66.1 ms | 0 joins deferred | kernel drops rcv 0 snd 0
         p50/p99 ms: ingress 0.92/0.97  events 0.68/0.70  movement 0.12/0.14  grid 0.12/0.13  history 0.00/0.00  serialize 0.09/0.11  assembly 9.08/9.34  transport 3.93/4.52  egress 3.70/3.85
[   30s] clients 3000 | level 0 (0-0 in window: 30 Hz, dilation 1.0), pace 1.00, 0.0% clients bandwidth-degraded | tick p50 18.67 p99 19.37 max 19.44 ms, 0 overruns | out 180.0k pps 340 kbps/client, 1021 Mbps | in 90.0k pps 12 kbps/client | stand-ins: repeated 0.00% frozen 0.00%, 0 late inputs | per client-tick: 1348 B (near 356 B, 99% deltas), near 64.0 mid 86.0 far 0.0, far skipped 0 starved 0 | input wait p50 49.6 p99 66.1 ms | 0 joins deferred | kernel drops rcv 0 snd 0
         p50/p99 ms: ingress 0.92/0.97  events 0.68/0.70  movement 0.12/0.15  grid 0.12/0.13  history 0.00/0.00  serialize 0.09/0.12  assembly 9.11/9.42  transport 3.96/4.51  egress 3.72/3.88
[   35s] clients 3000 | level 0 (0-0 in window: 30 Hz, dilation 1.0), pace 1.00, 0.0% clients bandwidth-degraded | tick p50 18.61 p99 19.50 max 19.52 ms, 0 overruns | out 180.0k pps 340 kbps/client, 1021 Mbps | in 90.0k pps 12 kbps/client | stand-ins: repeated 0.00% frozen 0.00%, 0 late inputs | per client-tick: 1347 B (near 355 B, 99% deltas), near 64.0 mid 86.0 far 0.0, far skipped 0 starved 0 | input wait p50 49.7 p99 66.1 ms | 0 joins deferred | kernel drops rcv 0 snd 0
         p50/p99 ms: ingress 0.92/0.96  events 0.68/0.73  movement 0.12/0.14  grid 0.12/0.13  history 0.00/0.00  serialize 0.09/0.11  assembly 9.11/9.37  transport 3.89/4.50  egress 3.71/3.85
[   40s] clients 3000 | level 0 (0-0 in window: 30 Hz, dilation 1.0), pace 1.00, 0.0% clients bandwidth-degraded | tick p50 18.57 p99 19.25 max 19.36 ms, 0 overruns | out 180.0k pps 340 kbps/client, 1021 Mbps | in 90.0k pps 12 kbps/client | stand-ins: repeated 0.00% frozen 0.00%, 0 late inputs | per client-tick: 1348 B (near 356 B, 99% deltas), near 64.0 mid 86.0 far 0.0, far skipped 0 starved 0 | input wait p50 49.7 p99 66.1 ms | 0 joins deferred | kernel drops rcv 0 snd 0
         p50/p99 ms: ingress 0.92/0.98  events 0.68/0.70  movement 0.12/0.14  grid 0.12/0.13  history 0.00/0.00  serialize 0.09/0.10  assembly 9.04/9.46  transport 3.89/4.49  egress 3.66/3.82
[   45s] clients 3000 | level 0 (0-0 in window: 30 Hz, dilation 1.0), pace 1.00, 0.0% clients bandwidth-degraded | tick p50 18.60 p99 19.40 max 19.43 ms, 0 overruns | out 180.0k pps 340 kbps/client, 1021 Mbps | in 90.0k pps 12 kbps/client | stand-ins: repeated 0.00% frozen 0.00%, 0 late inputs | per client-tick: 1348 B (near 356 B, 99% deltas), near 64.0 mid 86.0 far 0.0, far skipped 0 starved 0 | input wait p50 49.7 p99 66.1 ms | 0 joins deferred | kernel drops rcv 0 snd 0
         p50/p99 ms: ingress 0.92/0.98  events 0.68/0.70  movement 0.13/0.14  grid 0.12/0.13  history 0.00/0.00  serialize 0.09/0.10  assembly 9.12/9.64  transport 3.92/4.50  egress 3.63/3.79
[   50s] clients 3000 | level 0 (0-0 in window: 30 Hz, dilation 1.0), pace 1.00, 0.0% clients bandwidth-degraded | tick p50 18.51 p99 19.21 max 19.30 ms, 0 overruns | out 180.0k pps 340 kbps/client, 1021 Mbps | in 90.0k pps 12 kbps/client | stand-ins: repeated 0.00% frozen 0.00%, 0 late inputs | per client-tick: 1348 B (near 356 B, 99% deltas), near 64.0 mid 86.0 far 0.0, far skipped 0 starved 0 | input wait p50 49.7 p99 66.1 ms | 0 joins deferred | kernel drops rcv 0 snd 0
         p50/p99 ms: ingress 0.90/0.97  events 0.68/0.71  movement 0.11/0.14  grid 0.13/0.14  history 0.00/0.01  serialize 0.09/0.10  assembly 9.12/9.33  transport 3.80/4.48  egress 3.65/3.76
[   55s] clients 3000 | level 0 (0-0 in window: 30 Hz, dilation 1.0), pace 1.00, 0.0% clients bandwidth-degraded | tick p50 18.56 p99 19.27 max 19.38 ms, 0 overruns | out 180.0k pps 340 kbps/client, 1021 Mbps | in 90.0k pps 12 kbps/client | stand-ins: repeated 0.00% frozen 0.00%, 0 late inputs | per client-tick: 1348 B (near 356 B, 99% deltas), near 64.0 mid 86.0 far 0.0, far skipped 0 starved 0 | input wait p50 49.8 p99 66.1 ms | 0 joins deferred | kernel drops rcv 0 snd 0
         p50/p99 ms: ingress 0.90/0.95  events 0.68/0.70  movement 0.11/0.14  grid 0.12/0.14  history 0.00/0.00  serialize 0.09/0.15  assembly 9.09/9.39  transport 3.84/4.48  egress 3.73/3.86
[   60s] clients 3000 | level 0 (0-0 in window: 30 Hz, dilation 1.0), pace 1.00, 0.0% clients bandwidth-degraded | tick p50 18.40 p99 19.12 max 19.15 ms, 0 overruns | out 180.0k pps 340 kbps/client, 1021 Mbps | in 90.0k pps 12 kbps/client | stand-ins: repeated 0.00% frozen 0.00%, 0 late inputs | per client-tick: 1348 B (near 356 B, 99% deltas), near 64.0 mid 86.0 far 0.0, far skipped 0 starved 0 | input wait p50 49.8 p99 66.1 ms | 0 joins deferred | kernel drops rcv 0 snd 0
         p50/p99 ms: ingress 0.89/0.94  events 0.68/0.70  movement 0.11/0.14  grid 0.12/0.13  history 0.00/0.00  serialize 0.09/0.11  assembly 9.01/9.38  transport 3.81/4.38  egress 3.68/3.80
[   61s] clients 0 | level 0 (0-0 in window: 30 Hz, dilation 1.0), pace 1.00, 0.0% clients bandwidth-degraded | tick p50 18.39 p99 18.68 max 18.68 ms, 0 overruns | out 161.8k pps 353 kbps/client, 920 Mbps | in 97.1k pps 13 kbps/client | stand-ins: repeated 0.00% frozen 0.00%, 0 late inputs | per client-tick: 1352 B (near 360 B, 98% deltas), near 64.0 mid 86.0 far 0.0, far skipped 0 starved 0 | input wait p50 50.2 p99 66.1 ms | 0 joins deferred | kernel drops rcv 0 snd 0
         p50/p99 ms: ingress 0.90/2.32  events 0.68/7.91  movement 0.11/0.12  grid 0.12/0.14  history 0.00/0.00  serialize 0.08/0.09  assembly 9.05/9.29  transport 3.65/4.15  egress 3.66/3.73

== summary: 1709 steady-state ticks (after warmup, before clients drain), peak 3000 clients ==
  phase        p50 ms   p99 ms   max ms
  ingress        0.91     0.97     1.03
  events         0.68     0.72     0.75
  movement       0.12     0.15     0.17
  grid           0.12     0.14     0.17
  history        0.00     0.00     0.01
  serialize      0.09     0.12     0.16
  assembly       9.09     9.64    10.33
  transport      3.88     4.50     4.72
  egress         3.69     3.86     3.95
  tick          18.58    19.49    20.30
  overruns 0 | spawns 3000 despawns 3000 (7217 joins deferred) | stand-ins: repeated 0 frozen 0 | late inputs 0 discarded 0 | bad messages 0 | recv errors 0 send errors 0
  egress (whole run): 10750042 datagrams in 5378021 sends (2.00 per send), 115264 syscalls
  ticks per ladder level (whole run): L0: 1820
  input wait on the server (datagram arrival -> applied): p50 49.8 p99 66.1 max 69.3 mean 50.0 ms
  steady state: stand-ins repeated 0 frozen 0 | late inputs 0 discarded 0
