== blob, 1000 bots, 60s -> baselines/2026-10-05-wsl2-adaptive-near-netem/lan-blob-1k-1
== summary: 1709 steady-state ticks (after warmup, before clients drain), peak 1000 clients ==
  phase        p50 ms   p99 ms   max ms
  ingress        0.40     0.56     0.82
  events         0.11     0.20     0.27
  movement       0.26     0.34     0.39
  grid           0.15     0.20     0.28
  separate       0.30     0.38     0.87
  history        0.00     0.00     0.02
  serialize      0.04     0.08     0.12
  assembly       2.31     2.76     3.13
  transport      0.98     1.30     1.50
  egress         3.01     3.80    48.73
  tick           7.59     8.76    54.48
  overruns 1 | spawns 1000 despawns 1000 (818 joins deferred) | stand-ins: repeated 0 frozen 0 | late inputs 0 discarded 0 | bad messages 0 | recv errors 0 send errors 0
  egress (whole run): 3590291 datagrams in 3590291 sends (1.00 per send), 115177 syscalls
  ticks per ladder level (whole run): L0: 1810
  input wait on the server (datagram arrival -> applied): p50 49.5 p99 66.4 max 94.7 mean 49.5 ms
  steady state: stand-ins repeated 0 frozen 0 | late inputs 0 discarded 0
  rewind of near targets (applied step - the input's render step for that tier): p50 167 p99 192 max 244 mean 167.5 ms (n=1636383)
  rewind of mid/far targets (applied step - the input's render step for that tier): p50 300 p99 301 max 333 mean 299.5 ms (n=1636383)
  render times ahead of the server (bogus) 0
== bots summary ==
  started 1000 welcomed 1000 failed 0
  join latency ms: p50 283 p99 620 max 750 (n=1000)
  corrections 0 (0.00/bot-minute), mean error 0.000 m, max 0.000 m
  push corrections (the server pushed us apart from a crowd) 27196 (27.20/bot-minute), max 0.242 m
  snapshots 1789567 (entities per snapshot: near 64.1 mid 86.1 far 0.0), stale 0, unmatched acks 0, resyncs 0
  input -> applied on server (est. RTT/2 + server wait): p50 67.0 p99 85.0 max 114.0 mean 67.7 ms (n=1788439)
    of which server wait (arrival -> applied): p50 49.5 p99 66.0 max 94.7 mean 49.5 ms (n=1788439)
  input -> seen acked (round trip): p50 100.0 p99 133.0 max 169.0 mean 100.5 ms (n=1788439)
  near entity update interval (tracked bots): p50 66.0 p99 66.0 max 166.0 mean 53.2 ms (n=5719409)
  mid entity update interval (tracked bots): p50 100.0 p99 100.0 max 2200.0 mean 100.4 ms (n=7648394)
  far entity update interval (tracked bots): p50 0.0 p99 0.0 max 0.0 mean 0.0 ms (n=0)
  near drawn (tracked bots): 99.77% interpolated, 0.04% extrapolated, 0.00% held, 0.18% new | pops p50 0 p99 0 max 252 mm
  mid drawn (tracked bots): 96.05% interpolated, 1.28% extrapolated, 1.56% held, 1.11% new | pops p50 0 p99 0 max 15893 mm
  far drawn (tracked bots): 0.00% interpolated, 0.00% extrapolated, 0.00% held, 0.00% new | pops p50 0 p99 0 max 0 mm
  render delay (near) 86.7 ms behind the newest step, clock snaps 0 (backwards 0)
  input clock: 1694 extra inputs, 1187 skipped ticks, 0 backlog skips | near decode errors (tracked bots) 0
  bytes down 2657.8 MB up 112.7 MB | swarm busy 9% of its threads' time, tick overruns 5
