preallocated connections for 10000 clients in 255.896164ms
listening on 127.0.0.1:40500 | spawn Blob | tiers near 64@150 m, mid 500 m, far 1500 m, budget 6250 B/tick, squads of 4 | 8 rayon threads, 64 shards, 1 socket(s), 256 accepts/tick, egress SendMmsg | socket buffers rcv 8192 KiB snd 8192 KiB
WARNING: token key is the public dev key; anyone can mint tokens for this server (--token-key)
[    5s] clients 1000 | level 0 (0-0 in window: 30 Hz, dilation 1.0), pace 1.00, 0.0% clients bandwidth-degraded | tick p50 8.04 p99 10.26 max 10.55 ms, 0 overruns | out 55.0k pps 362 kbps/client, 328 Mbps | in 27.3k pps 16 kbps/client | stand-ins: repeated 0.00% frozen 0.00%, 0 late inputs | per client-tick: 1433 B (near 428 B, 97% deltas), near 64.0 mid 85.9 far 0.0, far skipped 0 starved 0 | input wait p50 48.6 p99 69.0 ms | 818 joins deferred | kernel drops rcv 0 snd 0
         p50/p99 ms: ingress 0.40/1.04  events 0.12/1.53  movement 0.26/0.34  grid 0.15/0.20  separate 0.30/0.41  history 0.00/0.02  serialize 0.04/0.08  assembly 2.24/2.98  transport 0.96/1.82  egress 3.51/4.22
[   10s] clients 1000 | level 0 (0-0 in window: 30 Hz, dilation 1.0), pace 1.00, 0.0% clients bandwidth-degraded | tick p50 7.76 p99 9.33 max 54.48 ms, 1 overruns | out 59.7k pps 354 kbps/client, 354 Mbps | in 29.7k pps 15 kbps/client | stand-ins: repeated 0.00% frozen 0.00%, 0 late inputs | per client-tick: 1417 B (near 411 B, 100% deltas), near 64.0 mid 86.0 far 0.0, far skipped 0 starved 0 | input wait p50 49.8 p99 81.8 ms | 0 joins deferred | kernel drops rcv 0 snd 0
         p50/p99 ms: ingress 0.40/0.53  events 0.12/0.17  movement 0.26/0.34  grid 0.16/0.28  separate 0.30/0.47  history 0.00/0.00  serialize 0.04/0.09  assembly 2.30/2.97  transport 0.98/1.46  egress 3.14/4.04
[   15s] clients 1000 | level 0 (0-0 in window: 30 Hz, dilation 1.0), pace 1.00, 0.0% clients bandwidth-degraded | tick p50 7.58 p99 8.76 max 9.13 ms, 0 overruns | out 60.0k pps 356 kbps/client, 356 Mbps | in 30.0k pps 15 kbps/client | stand-ins: repeated 0.00% frozen 0.00%, 0 late inputs | per client-tick: 1417 B (near 411 B, 100% deltas), near 64.0 mid 86.0 far 0.0, far skipped 0 starved 0 | input wait p50 49.5 p99 63.2 ms | 0 joins deferred | kernel drops rcv 0 snd 0
         p50/p99 ms: ingress 0.40/0.65  events 0.11/0.19  movement 0.25/0.37  grid 0.15/0.19  separate 0.30/0.36  history 0.00/0.00  serialize 0.04/0.08  assembly 2.32/2.79  transport 0.96/1.30  egress 3.00/3.77
[   20s] clients 1000 | level 0 (0-0 in window: 30 Hz, dilation 1.0), pace 1.00, 0.0% clients bandwidth-degraded | tick p50 7.54 p99 8.44 max 8.59 ms, 0 overruns | out 60.0k pps 356 kbps/client, 356 Mbps | in 30.0k pps 15 kbps/client | stand-ins: repeated 0.00% frozen 0.00%, 0 late inputs | per client-tick: 1418 B (near 412 B, 100% deltas), near 64.0 mid 86.0 far 0.0, far skipped 0 starved 0 | input wait p50 49.4 p99 63.3 ms | 0 joins deferred | kernel drops rcv 0 snd 0
         p50/p99 ms: ingress 0.40/0.49  events 0.11/0.17  movement 0.25/0.34  grid 0.15/0.20  separate 0.29/0.36  history 0.00/0.00  serialize 0.04/0.07  assembly 2.31/2.67  transport 0.98/1.31  egress 3.01/3.44
[   25s] clients 1000 | level 0 (0-0 in window: 30 Hz, dilation 1.0), pace 1.00, 0.0% clients bandwidth-degraded | tick p50 7.56 p99 8.51 max 8.79 ms, 0 overruns | out 60.0k pps 356 kbps/client, 356 Mbps | in 30.0k pps 15 kbps/client | stand-ins: repeated 0.00% frozen 0.00%, 0 late inputs | per client-tick: 1417 B (near 411 B, 100% deltas), near 64.0 mid 86.0 far 0.0, far skipped 0 starved 0 | input wait p50 49.5 p99 63.4 ms | 0 joins deferred | kernel drops rcv 0 snd 0
         p50/p99 ms: ingress 0.40/0.60  events 0.11/0.20  movement 0.25/0.33  grid 0.15/0.21  separate 0.30/0.37  history 0.00/0.00  serialize 0.04/0.09  assembly 2.31/2.76  transport 0.99/1.33  egress 2.97/3.36
[   30s] clients 1000 | level 0 (0-0 in window: 30 Hz, dilation 1.0), pace 1.00, 0.0% clients bandwidth-degraded | tick p50 7.54 p99 8.45 max 8.53 ms, 0 overruns | out 60.0k pps 356 kbps/client, 356 Mbps | in 30.0k pps 15 kbps/client | stand-ins: repeated 0.00% frozen 0.00%, 0 late inputs | per client-tick: 1418 B (near 412 B, 100% deltas), near 64.0 mid 86.0 far 0.0, far skipped 0 starved 0 | input wait p50 49.5 p99 63.3 ms | 0 joins deferred | kernel drops rcv 0 snd 0
         p50/p99 ms: ingress 0.40/0.52  events 0.11/0.18  movement 0.26/0.34  grid 0.16/0.20  separate 0.30/0.40  history 0.00/0.00  serialize 0.04/0.09  assembly 2.29/2.72  transport 0.98/1.27  egress 2.98/3.52
[   35s] clients 1000 | level 0 (0-0 in window: 30 Hz, dilation 1.0), pace 1.00, 0.0% clients bandwidth-degraded | tick p50 7.55 p99 8.56 max 9.02 ms, 0 overruns | out 60.0k pps 356 kbps/client, 356 Mbps | in 30.0k pps 15 kbps/client | stand-ins: repeated 0.00% frozen 0.00%, 0 late inputs | per client-tick: 1416 B (near 410 B, 100% deltas), near 64.0 mid 86.0 far 0.0, far skipped 0 starved 0 | input wait p50 49.5 p99 63.4 ms | 0 joins deferred | kernel drops rcv 0 snd 0
         p50/p99 ms: ingress 0.40/0.59  events 0.11/0.22  movement 0.26/0.34  grid 0.15/0.20  separate 0.30/0.38  history 0.00/0.00  serialize 0.04/0.08  assembly 2.29/2.68  transport 0.98/1.31  egress 3.02/3.69
[   40s] clients 1000 | level 0 (0-0 in window: 30 Hz, dilation 1.0), pace 1.00, 0.0% clients bandwidth-degraded | tick p50 7.62 p99 8.29 max 9.04 ms, 0 overruns | out 60.0k pps 356 kbps/client, 356 Mbps | in 30.0k pps 15 kbps/client | stand-ins: repeated 0.00% frozen 0.00%, 0 late inputs | per client-tick: 1417 B (near 411 B, 100% deltas), near 64.0 mid 86.0 far 0.0, far skipped 0 starved 0 | input wait p50 49.4 p99 63.3 ms | 0 joins deferred | kernel drops rcv 0 snd 0
         p50/p99 ms: ingress 0.40/0.58  events 0.11/0.22  movement 0.26/0.33  grid 0.16/0.21  separate 0.30/0.45  history 0.00/0.00  serialize 0.04/0.08  assembly 2.32/2.64  transport 0.99/1.27  egress 3.02/3.61
[   45s] clients 1000 | level 0 (0-0 in window: 30 Hz, dilation 1.0), pace 1.00, 0.0% clients bandwidth-degraded | tick p50 7.62 p99 8.63 max 9.13 ms, 0 overruns | out 60.0k pps 356 kbps/client, 356 Mbps | in 30.0k pps 15 kbps/client | stand-ins: repeated 0.00% frozen 0.00%, 0 late inputs | per client-tick: 1418 B (near 412 B, 100% deltas), near 64.0 mid 86.0 far 0.0, far skipped 0 starved 0 | input wait p50 49.5 p99 63.3 ms | 0 joins deferred | kernel drops rcv 0 snd 0
         p50/p99 ms: ingress 0.40/0.52  events 0.11/0.18  movement 0.25/0.32  grid 0.16/0.24  separate 0.30/0.39  history 0.00/0.00  serialize 0.04/0.07  assembly 2.31/2.69  transport 1.00/1.29  egress 3.01/3.50
[   50s] clients 1000 | level 0 (0-0 in window: 30 Hz, dilation 1.0), pace 1.00, 0.0% clients bandwidth-degraded | tick p50 7.58 p99 8.65 max 8.81 ms, 0 overruns | out 60.0k pps 356 kbps/client, 356 Mbps | in 30.0k pps 15 kbps/client | stand-ins: repeated 0.00% frozen 0.00%, 0 late inputs | per client-tick: 1418 B (near 412 B, 100% deltas), near 64.0 mid 86.0 far 0.0, far skipped 0 starved 0 | input wait p50 49.4 p99 63.3 ms | 0 joins deferred | kernel drops rcv 0 snd 0
         p50/p99 ms: ingress 0.40/0.54  events 0.12/0.20  movement 0.26/0.33  grid 0.15/0.19  separate 0.29/0.38  history 0.00/0.00  serialize 0.04/0.11  assembly 2.33/2.81  transport 0.98/1.36  egress 3.00/3.57
[   55s] clients 1000 | level 0 (0-0 in window: 30 Hz, dilation 1.0), pace 1.00, 0.0% clients bandwidth-degraded | tick p50 7.56 p99 8.53 max 8.94 ms, 0 overruns | out 60.0k pps 356 kbps/client, 356 Mbps | in 30.0k pps 15 kbps/client | stand-ins: repeated 0.00% frozen 0.00%, 0 late inputs | per client-tick: 1417 B (near 411 B, 100% deltas), near 64.0 mid 86.0 far 0.0, far skipped 0 starved 0 | input wait p50 49.4 p99 63.3 ms | 0 joins deferred | kernel drops rcv 0 snd 0
         p50/p99 ms: ingress 0.40/0.57  events 0.11/0.17  movement 0.26/0.38  grid 0.15/0.26  separate 0.30/0.38  history 0.00/0.00  serialize 0.04/0.09  assembly 2.31/2.73  transport 0.97/1.27  egress 3.01/3.59
[   60s] clients 374 | level 0 (0-0 in window: 30 Hz, dilation 1.0), pace 1.00, 0.0% clients bandwidth-degraded | tick p50 7.60 p99 8.84 max 9.10 ms, 0 overruns | out 59.8k pps 356 kbps/client, 354 Mbps | in 30.3k pps 15 kbps/client | stand-ins: repeated 0.00% frozen 0.00%, 0 late inputs | per client-tick: 1418 B (near 412 B, 99% deltas), near 64.0 mid 86.0 far 0.0, far skipped 0 starved 0 | input wait p50 49.5 p99 63.4 ms | 0 joins deferred | kernel drops rcv 0 snd 0
         p50/p99 ms: ingress 0.40/0.63  events 0.11/0.23  movement 0.26/0.34  grid 0.15/0.19  separate 0.29/0.38  history 0.00/0.00  serialize 0.04/0.08  assembly 2.34/2.75  transport 1.00/1.28  egress 2.99/3.68

== summary: 1709 steady-state ticks (after warmup, before clients drain), peak 1000 clients ==
  phase        p50 ms   p99 ms   max ms
  ingress        0.40     0.56     0.82
  events         0.11     0.20     0.27
  movement       0.26     0.34     0.39
  grid           0.15     0.20     0.28
  separate       0.30     0.38     0.87
  history        0.00     0.00     0.02
  serialize      0.04     0.08     0.12
  assembly       2.31     2.76     3.13
  transport      0.98     1.30     1.50
  egress         3.01     3.80    48.73
  tick           7.59     8.76    54.48
  overruns 1 | spawns 1000 despawns 1000 (818 joins deferred) | stand-ins: repeated 0 frozen 0 | late inputs 0 discarded 0 | bad messages 0 | recv errors 0 send errors 0
  egress (whole run): 3590291 datagrams in 3590291 sends (1.00 per send), 115177 syscalls
  ticks per ladder level (whole run): L0: 1810
  input wait on the server (datagram arrival -> applied): p50 49.5 p99 66.4 max 94.7 mean 49.5 ms
  steady state: stand-ins repeated 0 frozen 0 | late inputs 0 discarded 0
  rewind of near targets (applied step - the input's render step for that tier): p50 167 p99 192 max 244 mean 167.5 ms (n=1636383)
  rewind of mid/far targets (applied step - the input's render step for that tier): p50 300 p99 301 max 333 mean 299.5 ms (n=1636383)
  render times ahead of the server (bogus) 0
