spawn=blob
egress=sendmmsg
ladder=on
threads=8
shards=64
sockets=1
peak_clients=1000
steady_ticks=1709
steady_secs=57.0
ingress_p50_ms=0.40
ingress_p99_ms=0.56
ingress_max_ms=0.82
events_p50_ms=0.11
events_p99_ms=0.20
events_max_ms=0.27
movement_p50_ms=0.26
movement_p99_ms=0.34
movement_max_ms=0.39
grid_p50_ms=0.15
grid_p99_ms=0.20
grid_max_ms=0.28
separate_p50_ms=0.30
separate_p99_ms=0.38
separate_max_ms=0.87
history_p50_ms=0.00
history_p99_ms=0.00
history_max_ms=0.02
serialize_p50_ms=0.04
serialize_p99_ms=0.08
serialize_max_ms=0.12
assembly_p50_ms=2.31
assembly_p99_ms=2.76
assembly_max_ms=3.13
transport_p50_ms=0.98
transport_p99_ms=1.30
transport_max_ms=1.50
egress_p50_ms=3.01
egress_p99_ms=3.80
egress_max_ms=48.73
tick_p50_ms=7.59
tick_p99_ms=8.76
tick_max_ms=54.48
steady_overruns=1
level_mode=0
tick_hz=30
dilation=1
levels=L0:1709
clients_avg=1000
out_pps=60005
in_pps=30012
egress_mbps=355.8
packets_per_client_tick=2.00
wire_bytes_per_client_tick=1482
down_kbps_per_client=355.8
up_kbps_per_client=15.1
kernel_rcvbuf_drops=0
kernel_sndbuf_drops=0
snapshot_bytes_per_client_tick=1417
near_bytes_per_client_tick=411
near_per_client_tick=64.0
mid_per_client_tick=86.0
far_per_client_tick=0.0
near_scanned_per_query=177
mid_scanned_per_query=190
far_skipped=0
far_starved=0
repeated=0
frozen=0
late_inputs=0
discarded_inputs=0
input_wait_p50_ms=49.5
input_wait_p99_ms=66.4
spawns=1000
despawns=1000
joins_deferred=818
bad_messages=0
recv_errors=0
send_errors=0
datagrams=3590291
sends=3590291
send_syscalls=115177
rewind_near_p50_ms=167
rewind_near_p99_ms=192
rewind_near_mean_ms=167.5
rewind_mid_p50_ms=300
rewind_mid_p99_ms=301
rewind_mid_mean_ms=299.5
ingress_longest_p50_ms=0.03
ingress_work_p50_ms=0.92
assembly_longest_p50_ms=0.41
assembly_work_p50_ms=13.23
transport_longest_p50_ms=0.17
transport_work_p50_ms=3.88
egress_longest_p50_ms=0.57
egress_work_p50_ms=19.39
