minting tokens with the public dev key (--token-key to change)
1000 bots -> 127.0.0.1:40500 on 8 threads, ramp 0/s, 60s, 1000 full + 0 sink bots
[    5s] bots 1000/1000 connected, 1000 welcomed, 0 failed | 24.4 snaps/s/bot, entities/snap near 65.9 mid 88.6 far 0.0 | corrections 0.000/s/bot | down 317 up 12 kbps/bot | rtt 151.6 ms loss 0.01% | input->applied ~ p50 131 p99 168 ms, round trip p50 233 p99 267 ms | joins 1000 (p50 500 p99 700 ms) | server pace 1.00 level 0, 0 bots bandwidth-degraded | swarm busy 11%, overruns 2
[   10s] bots 1000/1000 connected, 1000 welcomed, 0 failed | 30.6 snaps/s/bot, entities/snap near 64.6 mid 86.8 far 0.0 | corrections 0.001/s/bot | down 382 up 15 kbps/bot | rtt 151.7 ms loss 0.93% | input->applied ~ p50 132 p99 163 ms, round trip p50 233 p99 267 ms | joins 0 (p50 0 p99 0 ms) | server pace 1.00 level 0, 0 bots bandwidth-degraded | swarm busy 12%, overruns 0
[   15s] bots 1000/1000 connected, 1000 welcomed, 0 failed | 27.9 snaps/s/bot, entities/snap near 64.6 mid 86.8 far 0.0 | corrections 0.001/s/bot | down 348 up 14 kbps/bot | rtt 151.7 ms loss 0.96% | input->applied ~ p50 132 p99 163 ms, round trip p50 233 p99 267 ms | joins 0 (p50 0 p99 0 ms) | server pace 1.00 level 0, 0 bots bandwidth-degraded | swarm busy 12%, overruns 0
[   20s] bots 1000/1000 connected, 1000 welcomed, 0 failed | 30.2 snaps/s/bot, entities/snap near 64.6 mid 86.8 far 0.0 | corrections 0.001/s/bot | down 377 up 15 kbps/bot | rtt 151.7 ms loss 0.96% | input->applied ~ p50 132 p99 164 ms, round trip p50 233 p99 267 ms | joins 0 (p50 0 p99 0 ms) | server pace 1.00 level 0, 0 bots bandwidth-degraded | swarm busy 12%, overruns 0
[   25s] bots 1000/1000 connected, 1000 welcomed, 0 failed | 30.6 snaps/s/bot, entities/snap near 64.6 mid 86.8 far 0.0 | corrections 0.000/s/bot | down 382 up 15 kbps/bot | rtt 151.5 ms loss 1.16% | input->applied ~ p50 132 p99 163 ms, round trip p50 233 p99 267 ms | joins 0 (p50 0 p99 0 ms) | server pace 1.00 level 0, 0 bots bandwidth-degraded | swarm busy 12%, overruns 0
[   30s] bots 1000/1000 connected, 1000 welcomed, 0 failed | 27.5 snaps/s/bot, entities/snap near 64.6 mid 86.8 far 0.0 | corrections 0.001/s/bot | down 343 up 14 kbps/bot | rtt 151.8 ms loss 0.93% | input->applied ~ p50 132 p99 163 ms, round trip p50 233 p99 267 ms | joins 0 (p50 0 p99 0 ms) | server pace 1.00 level 0, 0 bots bandwidth-degraded | swarm busy 12%, overruns 0
[   35s] bots 1000/1000 connected, 1000 welcomed, 0 failed | 30.4 snaps/s/bot, entities/snap near 64.6 mid 86.8 far 0.0 | corrections 0.001/s/bot | down 380 up 15 kbps/bot | rtt 151.7 ms loss 1.00% | input->applied ~ p50 132 p99 164 ms, round trip p50 233 p99 267 ms | joins 0 (p50 0 p99 0 ms) | server pace 1.00 level 0, 0 bots bandwidth-degraded | swarm busy 12%, overruns 0
[   40s] bots 1000/1000 connected, 1000 welcomed, 0 failed | 29.6 snaps/s/bot, entities/snap near 64.6 mid 86.8 far 0.0 | corrections 0.001/s/bot | down 369 up 15 kbps/bot | rtt 151.6 ms loss 1.11% | input->applied ~ p50 132 p99 163 ms, round trip p50 233 p99 267 ms | joins 0 (p50 0 p99 0 ms) | server pace 1.00 level 0, 0 bots bandwidth-degraded | swarm busy 12%, overruns 0
[   45s] bots 1000/1000 connected, 1000 welcomed, 0 failed | 28.7 snaps/s/bot, entities/snap near 64.6 mid 86.8 far 0.0 | corrections 0.000/s/bot | down 358 up 14 kbps/bot | rtt 151.7 ms loss 1.05% | input->applied ~ p50 132 p99 164 ms, round trip p50 233 p99 267 ms | joins 0 (p50 0 p99 0 ms) | server pace 1.00 level 0, 0 bots bandwidth-degraded | swarm busy 12%, overruns 0
[   50s] bots 1000/1000 connected, 1000 welcomed, 0 failed | 30.4 snaps/s/bot, entities/snap near 64.6 mid 86.8 far 0.0 | corrections 0.001/s/bot | down 380 up 15 kbps/bot | rtt 151.7 ms loss 0.98% | input->applied ~ p50 132 p99 163 ms, round trip p50 233 p99 267 ms | joins 0 (p50 0 p99 0 ms) | server pace 1.00 level 0, 0 bots bandwidth-degraded | swarm busy 12%, overruns 0
[   55s] bots 1000/1000 connected, 1000 welcomed, 0 failed | 29.0 snaps/s/bot, entities/snap near 64.6 mid 86.8 far 0.0 | corrections 0.000/s/bot | down 362 up 15 kbps/bot | rtt 151.8 ms loss 0.97% | input->applied ~ p50 132 p99 163 ms, round trip p50 233 p99 267 ms | joins 0 (p50 0 p99 0 ms) | server pace 1.00 level 0, 0 bots bandwidth-degraded | swarm busy 12%, overruns 0
[   60s] bots 1000/1000 connected, 1000 welcomed, 0 failed | 29.2 snaps/s/bot, entities/snap near 64.6 mid 86.8 far 0.0 | corrections 0.001/s/bot | down 364 up 15 kbps/bot | rtt 151.7 ms loss 1.03% | input->applied ~ p50 132 p99 164 ms, round trip p50 233 p99 267 ms | joins 0 (p50 0 p99 0 ms) | server pace 1.00 level 0, 0 bots bandwidth-degraded | swarm busy 12%, overruns 0

== bots summary ==
  started 1000 welcomed 1000 failed 0
  join latency ms: p50 500 p99 700 max 826 (n=1000)
  corrections 42 (0.04/bot-minute), mean error 0.075 m, max 0.151 m
  push corrections (the server pushed us apart from a crowd) 26706 (26.71/bot-minute), max 0.288 m
  snapshots 1750378 (entities per snapshot: near 64.7 mid 86.9 far 0.0), stale 16580, unmatched acks 0, resyncs 0
  input -> applied on server (est. RTT/2 + server wait): p50 132.0 p99 164.0 max 225.0 mean 131.3 ms (n=1744555)
    of which server wait (arrival -> applied): p50 55.8 p99 88.0 max 148.2 mean 55.4 ms (n=1744555)
  input -> seen acked (round trip): p50 233.0 p99 267.0 max 315.0 mean 229.3 ms (n=1745693)
  near entity update interval (tracked bots): p50 66.0 p99 66.0 max 300.0 mean 53.9 ms (n=5627081)
  mid entity update interval (tracked bots): p50 100.0 p99 200.0 max 2100.0 mean 101.3 ms (n=7553663)
  far entity update interval (tracked bots): p50 0.0 p99 0.0 max 0.0 mean 0.0 ms (n=0)
  near drawn (tracked bots): 99.36% interpolated, 0.44% extrapolated, 0.00% held, 0.20% new | pops p50 0 p99 13 max 1257 mm
  mid drawn (tracked bots): 91.58% interpolated, 6.26% extrapolated, 1.57% held, 0.58% new | pops p50 5 p99 201 max 17298 mm
  far drawn (tracked bots): 0.00% interpolated, 0.00% extrapolated, 0.00% held, 0.00% new | pops p50 0 p99 0 max 0 mm
  render delay 100.8 ms behind the newest step, clock snaps 0 (backwards 0)
  input clock: 6654 extra inputs, 5605 skipped ticks, 7 backlog skips | near decode errors (tracked bots) 0
  bytes down 2739.7 MB up 110.4 MB | swarm busy 12% of its threads' time, tick overruns 2
