spawn=blob
egress=sendmmsg
ladder=on
threads=8
shards=64
sockets=1
peak_clients=1000
steady_ticks=1706
steady_secs=56.8
ingress_p50_ms=0.41
ingress_p99_ms=0.87
ingress_max_ms=1.19
events_p50_ms=0.11
events_p99_ms=0.21
events_max_ms=0.29
movement_p50_ms=0.26
movement_p99_ms=0.34
movement_max_ms=1.97
grid_p50_ms=0.16
grid_p99_ms=0.29
grid_max_ms=0.51
separate_p50_ms=0.31
separate_p99_ms=0.40
separate_max_ms=0.48
history_p50_ms=0.00
history_p99_ms=0.00
history_max_ms=0.02
serialize_p50_ms=0.04
serialize_p99_ms=0.08
serialize_max_ms=0.13
assembly_p50_ms=2.50
assembly_p99_ms=2.92
assembly_max_ms=3.19
transport_p50_ms=0.97
transport_p99_ms=1.31
transport_max_ms=2.22
egress_p50_ms=4.50
egress_p99_ms=5.24
egress_max_ms=17.86
tick_p50_ms=9.29
tick_p99_ms=10.65
tick_max_ms=23.70
steady_overruns=0
level_mode=0
tick_hz=30
dilation=1
levels=L0:1706
clients_avg=1000
out_pps=60025
in_pps=29635
egress_mbps=371.3
packets_per_client_tick=2.00
wire_bytes_per_client_tick=1546
down_kbps_per_client=371.3
up_kbps_per_client=14.7
kernel_rcvbuf_drops=0
kernel_sndbuf_drops=0
snapshot_bytes_per_client_tick=1481
near_bytes_per_client_tick=475
near_per_client_tick=64.0
mid_per_client_tick=86.0
far_per_client_tick=0.0
near_scanned_per_query=178
mid_scanned_per_query=193
far_skipped=0
far_starved=0
repeated=1060
frozen=0
late_inputs=1050
discarded_inputs=0
input_wait_p50_ms=55.8
input_wait_p99_ms=88.0
spawns=1000
despawns=1000
joins_deferred=281
bad_messages=0
recv_errors=0
send_errors=0
datagrams=3590392
sends=3590392
send_syscalls=115197
rewind_p50_ms=304
rewind_p99_ms=334
rewind_mean_ms=308.4
ingress_longest_p50_ms=0.04
ingress_work_p50_ms=0.97
assembly_longest_p50_ms=0.43
assembly_work_p50_ms=14.66
transport_longest_p50_ms=0.16
transport_work_p50_ms=3.90
egress_longest_p50_ms=0.84
egress_work_p50_ms=30.45
