preallocated connections for 10000 clients in 265.016482ms
listening on 127.0.0.1:40500 | spawn Blob | tiers near 64@150 m, mid 500 m, far 1500 m, budget 6250 B/tick, squads of 4 | 8 rayon threads, 64 shards, 1 socket(s), 256 accepts/tick, egress SendMmsg | socket buffers rcv 8192 KiB snd 8192 KiB
WARNING: token key is the public dev key; anyone can mint tokens for this server (--token-key)
[    5s] clients 1000 | level 0 (0-0 in window: 30 Hz, dilation 1.0), pace 1.00, 0.0% clients bandwidth-degraded | tick p50 9.30 p99 11.12 max 34.69 ms, 1 overruns | out 54.2k pps 380 kbps/client, 337 Mbps | in 25.9k pps 16 kbps/client | stand-ins: repeated 0.10% frozen 0.00%, 127 late inputs | per client-tick: 1510 B (near 504 B, 93% deltas), near 64.0 mid 85.9 far 0.0, far skipped 0 starved 0 | input wait p50 55.2 p99 91.0 ms | 281 joins deferred | kernel drops rcv 0 snd 0
         p50/p99 ms: ingress 0.41/1.11  events 0.10/1.93  movement 0.25/0.33  grid 0.16/0.29  separate 0.31/0.41  history 0.00/0.03  serialize 0.04/0.10  assembly 2.49/3.47  transport 0.96/1.72  egress 4.42/5.43
[   10s] clients 1000 | level 0 (0-0 in window: 30 Hz, dilation 1.0), pace 1.00, 0.0% clients bandwidth-degraded | tick p50 9.22 p99 18.45 max 23.70 ms, 0 overruns | out 60.0k pps 371 kbps/client, 371 Mbps | in 29.6k pps 15 kbps/client | stand-ins: repeated 0.06% frozen 0.00%, 85 late inputs | per client-tick: 1481 B (near 475 B, 99% deltas), near 64.0 mid 86.0 far 0.0, far skipped 0 starved 0 | input wait p50 55.9 p99 86.9 ms | 0 joins deferred | kernel drops rcv 0 snd 0
         p50/p99 ms: ingress 0.41/0.94  events 0.11/0.23  movement 0.26/0.41  grid 0.16/0.29  separate 0.31/0.40  history 0.00/0.00  serialize 0.04/0.09  assembly 2.51/3.11  transport 0.98/1.40  egress 4.45/12.77
[   15s] clients 1000 | level 0 (0-0 in window: 30 Hz, dilation 1.0), pace 1.00, 0.0% clients bandwidth-degraded | tick p50 9.31 p99 10.90 max 11.43 ms, 0 overruns | out 60.0k pps 371 kbps/client, 371 Mbps | in 29.6k pps 15 kbps/client | stand-ins: repeated 0.06% frozen 0.00%, 96 late inputs | per client-tick: 1482 B (near 476 B, 99% deltas), near 64.0 mid 86.0 far 0.0, far skipped 0 starved 0 | input wait p50 55.9 p99 87.5 ms | 0 joins deferred | kernel drops rcv 0 snd 0
         p50/p99 ms: ingress 0.41/0.99  events 0.10/0.21  movement 0.27/0.33  grid 0.16/0.29  separate 0.30/0.38  history 0.00/0.00  serialize 0.04/0.08  assembly 2.51/2.95  transport 0.96/1.34  egress 4.50/5.24
[   20s] clients 1000 | level 0 (0-0 in window: 30 Hz, dilation 1.0), pace 1.00, 0.0% clients bandwidth-degraded | tick p50 9.31 p99 10.20 max 11.05 ms, 0 overruns | out 60.0k pps 371 kbps/client, 371 Mbps | in 29.6k pps 15 kbps/client | stand-ins: repeated 0.07% frozen 0.00%, 107 late inputs | per client-tick: 1481 B (near 475 B, 99% deltas), near 64.0 mid 86.0 far 0.0, far skipped 0 starved 0 | input wait p50 56.0 p99 88.8 ms | 0 joins deferred | kernel drops rcv 0 snd 0
         p50/p99 ms: ingress 0.41/0.83  events 0.11/0.19  movement 0.26/0.40  grid 0.16/0.33  separate 0.31/0.42  history 0.00/0.00  serialize 0.04/0.08  assembly 2.49/2.89  transport 0.97/1.29  egress 4.50/5.19
[   25s] clients 1000 | level 0 (0-0 in window: 30 Hz, dilation 1.0), pace 1.00, 0.0% clients bandwidth-degraded | tick p50 9.29 p99 10.28 max 10.66 ms, 0 overruns | out 60.0k pps 371 kbps/client, 371 Mbps | in 29.6k pps 15 kbps/client | stand-ins: repeated 0.06% frozen 0.00%, 96 late inputs | per client-tick: 1482 B (near 476 B, 99% deltas), near 64.0 mid 86.0 far 0.0, far skipped 0 starved 0 | input wait p50 55.9 p99 87.5 ms | 0 joins deferred | kernel drops rcv 0 snd 0
         p50/p99 ms: ingress 0.41/1.01  events 0.11/0.24  movement 0.26/0.34  grid 0.17/0.29  separate 0.31/0.40  history 0.00/0.00  serialize 0.04/0.07  assembly 2.49/2.98  transport 0.94/1.28  egress 4.50/5.06
[   30s] clients 1000 | level 0 (0-0 in window: 30 Hz, dilation 1.0), pace 1.00, 0.0% clients bandwidth-degraded | tick p50 9.24 p99 10.39 max 10.42 ms, 0 overruns | out 60.0k pps 371 kbps/client, 371 Mbps | in 29.6k pps 15 kbps/client | stand-ins: repeated 0.06% frozen 0.00%, 90 late inputs | per client-tick: 1482 B (near 476 B, 99% deltas), near 64.0 mid 86.0 far 0.0, far skipped 0 starved 0 | input wait p50 55.9 p99 87.6 ms | 0 joins deferred | kernel drops rcv 0 snd 0
         p50/p99 ms: ingress 0.41/1.00  events 0.10/0.18  movement 0.26/0.32  grid 0.16/0.29  separate 0.31/0.40  history 0.00/0.00  serialize 0.04/0.08  assembly 2.48/2.94  transport 0.95/1.29  egress 4.51/5.12
[   35s] clients 1000 | level 0 (0-0 in window: 30 Hz, dilation 1.0), pace 1.00, 0.0% clients bandwidth-degraded | tick p50 9.18 p99 10.02 max 10.69 ms, 0 overruns | out 60.0k pps 371 kbps/client, 371 Mbps | in 29.6k pps 15 kbps/client | stand-ins: repeated 0.06% frozen 0.00%, 88 late inputs | per client-tick: 1480 B (near 474 B, 99% deltas), near 64.0 mid 86.0 far 0.0, far skipped 0 starved 0 | input wait p50 55.9 p99 88.0 ms | 0 joins deferred | kernel drops rcv 0 snd 0
         p50/p99 ms: ingress 0.42/0.77  events 0.11/0.22  movement 0.26/0.34  grid 0.16/0.32  separate 0.31/0.38  history 0.00/0.00  serialize 0.04/0.08  assembly 2.47/2.82  transport 0.91/1.29  egress 4.46/5.21
[   40s] clients 1000 | level 0 (0-0 in window: 30 Hz, dilation 1.0), pace 1.00, 0.0% clients bandwidth-degraded | tick p50 9.27 p99 10.31 max 10.59 ms, 0 overruns | out 60.0k pps 371 kbps/client, 371 Mbps | in 29.6k pps 15 kbps/client | stand-ins: repeated 0.06% frozen 0.00%, 86 late inputs | per client-tick: 1481 B (near 475 B, 99% deltas), near 64.0 mid 86.0 far 0.0, far skipped 0 starved 0 | input wait p50 55.8 p99 87.5 ms | 0 joins deferred | kernel drops rcv 0 snd 0
         p50/p99 ms: ingress 0.40/0.74  events 0.11/0.19  movement 0.26/0.33  grid 0.16/0.27  separate 0.31/0.40  history 0.00/0.00  serialize 0.04/0.07  assembly 2.51/2.92  transport 0.98/1.28  egress 4.51/5.09
[   45s] clients 1000 | level 0 (0-0 in window: 30 Hz, dilation 1.0), pace 1.00, 0.0% clients bandwidth-degraded | tick p50 9.36 p99 10.87 max 11.14 ms, 0 overruns | out 60.0k pps 371 kbps/client, 371 Mbps | in 29.6k pps 15 kbps/client | stand-ins: repeated 0.07% frozen 0.00%, 100 late inputs | per client-tick: 1481 B (near 475 B, 99% deltas), near 64.0 mid 86.0 far 0.0, far skipped 0 starved 0 | input wait p50 55.9 p99 88.1 ms | 0 joins deferred | kernel drops rcv 0 snd 0
         p50/p99 ms: ingress 0.42/0.88  events 0.10/0.19  movement 0.26/0.33  grid 0.17/0.28  separate 0.31/0.37  history 0.00/0.00  serialize 0.04/0.09  assembly 2.52/2.88  transport 0.96/1.29  egress 4.54/5.44
[   50s] clients 1000 | level 0 (0-0 in window: 30 Hz, dilation 1.0), pace 1.00, 0.0% clients bandwidth-degraded | tick p50 9.29 p99 10.30 max 10.67 ms, 0 overruns | out 60.0k pps 371 kbps/client, 371 Mbps | in 29.6k pps 15 kbps/client | stand-ins: repeated 0.06% frozen 0.00%, 96 late inputs | per client-tick: 1483 B (near 477 B, 99% deltas), near 64.0 mid 86.0 far 0.0, far skipped 0 starved 0 | input wait p50 55.9 p99 87.7 ms | 0 joins deferred | kernel drops rcv 0 snd 0
         p50/p99 ms: ingress 0.41/0.84  events 0.10/0.18  movement 0.26/0.34  grid 0.16/0.27  separate 0.30/0.39  history 0.00/0.00  serialize 0.04/0.10  assembly 2.52/2.90  transport 0.99/1.31  egress 4.45/5.10
[   55s] clients 1000 | level 0 (0-0 in window: 30 Hz, dilation 1.0), pace 1.00, 0.0% clients bandwidth-degraded | tick p50 9.40 p99 11.01 max 11.28 ms, 0 overruns | out 60.0k pps 371 kbps/client, 371 Mbps | in 29.6k pps 15 kbps/client | stand-ins: repeated 0.06% frozen 0.00%, 87 late inputs | per client-tick: 1481 B (near 475 B, 99% deltas), near 64.0 mid 86.0 far 0.0, far skipped 0 starved 0 | input wait p50 55.9 p99 87.5 ms | 0 joins deferred | kernel drops rcv 0 snd 0
         p50/p99 ms: ingress 0.44/0.89  events 0.11/0.19  movement 0.26/0.53  grid 0.16/0.28  separate 0.30/0.41  history 0.00/0.00  serialize 0.04/0.09  assembly 2.49/2.85  transport 1.00/1.31  egress 4.52/5.23
[   60s] clients 1000 | level 0 (0-0 in window: 30 Hz, dilation 1.0), pace 1.00, 0.0% clients bandwidth-degraded | tick p50 9.26 p99 10.40 max 10.71 ms, 0 overruns | out 60.0k pps 371 kbps/client, 371 Mbps | in 29.6k pps 15 kbps/client | stand-ins: repeated 0.07% frozen 0.00%, 100 late inputs | per client-tick: 1481 B (near 475 B, 99% deltas), near 64.0 mid 86.0 far 0.0, far skipped 0 starved 0 | input wait p50 55.9 p99 88.6 ms | 0 joins deferred | kernel drops rcv 0 snd 0
         p50/p99 ms: ingress 0.40/0.84  events 0.10/0.16  movement 0.27/0.36  grid 0.16/0.29  separate 0.31/0.42  history 0.00/0.00  serialize 0.04/0.08  assembly 2.50/2.97  transport 0.99/1.37  egress 4.48/5.13
[   60s] clients 0 | level 0 (0-0 in window: 30 Hz, dilation 1.0), pace 1.00, 0.0% clients bandwidth-degraded | tick p50 7.28 p99 9.74 max 9.74 ms, 0 overruns | out 38.6k pps 407 kbps/client, 245 Mbps | in 42.0k pps 21 kbps/client | stand-ins: repeated 0.04% frozen 0.00%, 0 late inputs | per client-tick: 1524 B (near 518 B, 89% deltas), near 64.0 mid 86.0 far 0.0, far skipped 0 starved 0 | input wait p50 55.8 p99 87.8 ms | 0 joins deferred | kernel drops rcv 0 snd 0
         p50/p99 ms: ingress 0.43/1.23  events 0.15/0.97  movement 0.20/0.30  grid 0.15/0.19  separate 0.28/0.29  history 0.00/0.00  serialize 0.02/0.04  assembly 1.35/2.39  transport 0.44/0.90  egress 2.61/5.16

== summary: 1706 steady-state ticks (after warmup, before clients drain), peak 1000 clients ==
  phase        p50 ms   p99 ms   max ms
  ingress        0.41     0.87     1.19
  events         0.11     0.21     0.29
  movement       0.26     0.34     1.97
  grid           0.16     0.29     0.51
  separate       0.31     0.40     0.48
  history        0.00     0.00     0.02
  serialize      0.04     0.08     0.13
  assembly       2.50     2.92     3.19
  transport      0.97     1.31     2.22
  egress         4.50     5.24    17.86
  tick           9.29    10.65    23.70
  overruns 0 | spawns 1000 despawns 1000 (281 joins deferred) | stand-ins: repeated 1168 frozen 0 | late inputs 1158 discarded 0 | bad messages 0 | recv errors 0 send errors 0
  egress (whole run): 3590392 datagrams in 3590392 sends (1.00 per send), 115197 syscalls
  ticks per ladder level (whole run): L0: 1812
  input wait on the server (datagram arrival -> applied): p50 55.8 p99 88.0 max 148.2 mean 55.4 ms
  steady state: stand-ins repeated 1060 frozen 0 | late inputs 1050 discarded 0
  rewind (applied step - the input's render step, what lag compensation would rewind): p50 304 p99 334 max 370 mean 308.4 ms (n=1778080), render times ahead of the server 0
