minting tokens with the public dev key (--token-key to change)
1000 bots -> 127.0.0.1:40540 on 8 threads, ramp 0/s, 60s, 1000 full + 0 sink bots
[    5s] bots 1000/1000 connected, 1000 welcomed, 0 failed | 25.9 snaps/s/bot, entities/snap near 65.0 mid 87.4 far 0.0 | corrections 0.000/s/bot | down 299 up 10 kbps/bot | rtt 35.7 ms loss 0.00% | input->applied ~ p50 69 p99 84 ms, round trip p50 100 p99 133 ms | joins 1000 (p50 291 p99 662 ms) | server pace 1.00 level 0, 0 bots bandwidth-degraded | swarm busy 8%, overruns 0
[   10s] bots 1000/1000 connected, 1000 welcomed, 0 failed | 31.1 snaps/s/bot, entities/snap near 64.0 mid 86.0 far 0.0 | corrections 0.000/s/bot | down 349 up 12 kbps/bot | rtt 35.9 ms loss 0.00% | input->applied ~ p50 69 p99 84 ms, round trip p50 100 p99 133 ms | joins 0 (p50 0 p99 0 ms) | server pace 1.00 level 0, 0 bots bandwidth-degraded | swarm busy 8%, overruns 0
[   15s] bots 1000/1000 connected, 1000 welcomed, 0 failed | 28.9 snaps/s/bot, entities/snap near 64.0 mid 86.0 far 0.0 | corrections 0.000/s/bot | down 324 up 12 kbps/bot | rtt 35.8 ms loss 0.00% | input->applied ~ p50 68 p99 85 ms, round trip p50 100 p99 133 ms | joins 0 (p50 0 p99 0 ms) | server pace 1.00 level 0, 0 bots bandwidth-degraded | swarm busy 8%, overruns 0
[   20s] bots 1000/1000 connected, 1000 welcomed, 0 failed | 30.3 snaps/s/bot, entities/snap near 64.0 mid 86.0 far 0.0 | corrections 0.000/s/bot | down 340 up 12 kbps/bot | rtt 35.8 ms loss 0.00% | input->applied ~ p50 69 p99 85 ms, round trip p50 100 p99 133 ms | joins 0 (p50 0 p99 0 ms) | server pace 1.00 level 0, 0 bots bandwidth-degraded | swarm busy 8%, overruns 0
[   25s] bots 1000/1000 connected, 1000 welcomed, 0 failed | 31.1 snaps/s/bot, entities/snap near 64.0 mid 86.0 far 0.0 | corrections 0.000/s/bot | down 348 up 12 kbps/bot | rtt 35.9 ms loss 0.00% | input->applied ~ p50 69 p99 85 ms, round trip p50 100 p99 133 ms | joins 0 (p50 0 p99 0 ms) | server pace 1.00 level 0, 0 bots bandwidth-degraded | swarm busy 8%, overruns 0
[   30s] bots 1000/1000 connected, 1000 welcomed, 0 failed | 28.5 snaps/s/bot, entities/snap near 64.0 mid 86.0 far 0.0 | corrections 0.000/s/bot | down 320 up 11 kbps/bot | rtt 35.9 ms loss 0.00% | input->applied ~ p50 69 p99 85 ms, round trip p50 100 p99 133 ms | joins 0 (p50 0 p99 0 ms) | server pace 1.00 level 0, 0 bots bandwidth-degraded | swarm busy 8%, overruns 0
[   35s] bots 1000/1000 connected, 1000 welcomed, 0 failed | 30.8 snaps/s/bot, entities/snap near 64.0 mid 86.0 far 0.0 | corrections 0.000/s/bot | down 345 up 12 kbps/bot | rtt 35.9 ms loss 0.00% | input->applied ~ p50 69 p99 85 ms, round trip p50 100 p99 133 ms | joins 0 (p50 0 p99 0 ms) | server pace 1.00 level 0, 0 bots bandwidth-degraded | swarm busy 8%, overruns 0
[   40s] bots 1000/1000 connected, 1000 welcomed, 0 failed | 30.2 snaps/s/bot, entities/snap near 64.0 mid 86.0 far 0.0 | corrections 0.000/s/bot | down 338 up 12 kbps/bot | rtt 35.7 ms loss 0.00% | input->applied ~ p50 69 p99 85 ms, round trip p50 100 p99 133 ms | joins 0 (p50 0 p99 0 ms) | server pace 1.00 level 0, 0 bots bandwidth-degraded | swarm busy 8%, overruns 0
[   45s] bots 1000/1000 connected, 1000 welcomed, 0 failed | 29.2 snaps/s/bot, entities/snap near 64.0 mid 86.0 far 0.0 | corrections 0.000/s/bot | down 327 up 12 kbps/bot | rtt 35.8 ms loss 0.00% | input->applied ~ p50 69 p99 85 ms, round trip p50 100 p99 133 ms | joins 0 (p50 0 p99 0 ms) | server pace 1.00 level 0, 0 bots bandwidth-degraded | swarm busy 8%, overruns 0
[   50s] bots 1000/1000 connected, 1000 welcomed, 0 failed | 30.7 snaps/s/bot, entities/snap near 64.0 mid 86.0 far 0.0 | corrections 0.000/s/bot | down 344 up 12 kbps/bot | rtt 36.4 ms loss 0.00% | input->applied ~ p50 69 p99 85 ms, round trip p50 100 p99 133 ms | joins 0 (p50 0 p99 0 ms) | server pace 1.00 level 0, 0 bots bandwidth-degraded | swarm busy 8%, overruns 0
[   55s] bots 1000/1000 connected, 1000 welcomed, 0 failed | 29.9 snaps/s/bot, entities/snap near 64.0 mid 86.0 far 0.0 | corrections 0.000/s/bot | down 336 up 12 kbps/bot | rtt 35.8 ms loss 0.00% | input->applied ~ p50 69 p99 85 ms, round trip p50 100 p99 133 ms | joins 0 (p50 0 p99 0 ms) | server pace 1.00 level 0, 0 bots bandwidth-degraded | swarm busy 8%, overruns 0
[   60s] bots 1000/1000 connected, 1000 welcomed, 0 failed | 30.0 snaps/s/bot, entities/snap near 64.0 mid 86.0 far 0.0 | corrections 0.000/s/bot | down 336 up 12 kbps/bot | rtt 35.8 ms loss 0.00% | input->applied ~ p50 68 p99 85 ms, round trip p50 100 p99 133 ms | joins 0 (p50 0 p99 0 ms) | server pace 1.00 level 0, 0 bots bandwidth-degraded | swarm busy 8%, overruns 0

== bots summary ==
  started 1000 welcomed 1000 failed 0
  join latency ms: p50 291 p99 662 max 691 (n=1000)
  corrections 0 (0.00/bot-minute), mean error 0.000 m, max 0.000 m
  snapshots 1789718 (entities per snapshot: near 64.1 mid 86.1 far 0.0), stale 0, unmatched acks 0, resyncs 0
  input -> applied on server (est. RTT/2 + server wait): p50 69.0 p99 85.0 max 97.0 mean 68.3 ms (n=1788639)
    of which server wait (arrival -> applied): p50 51.0 p99 66.8 max 79.1 mean 50.4 ms (n=1788639)
  input -> seen acked (round trip): p50 100.0 p99 133.0 max 135.0 mean 100.9 ms (n=1788639)
  near entity update interval (tracked bots): p50 66.0 p99 66.0 max 166.0 mean 53.2 ms (n=5729651)
  mid entity update interval (tracked bots): p50 100.0 p99 100.0 max 59800.0 mean 132.0 ms (n=7683799)
  far entity update interval (tracked bots): p50 0.0 p99 0.0 max 0.0 mean 0.0 ms (n=0)
  input clock: 2095 extra inputs, 1089 skipped ticks, 0 backlog skips | near decode errors (tracked bots) 0
  bytes down 2513.7 MB up 89.5 MB | swarm busy 8% of its threads' time, tick overruns 0
