== blob, 1000 bots, 60s -> baselines/2026-10-04-wsl2-netem/lan-blob-1k-1
== summary: 1710 steady-state ticks (after warmup, before clients drain), peak 1000 clients ==
  phase        p50 ms   p99 ms   max ms
  ingress        0.35     0.73     0.89
  events         0.09     0.20     0.31
  movement       0.16     0.27     0.34
  grid           0.06     0.12     0.17
  history        0.00     0.00     0.02
  serialize      0.04     0.09     0.17
  assembly       2.23     2.75     4.83
  transport      0.93     1.27     2.33
  egress         3.43     4.05    12.50
  tick           7.33     8.62    19.14
  overruns 0 | spawns 1000 despawns 1000 (969 joins deferred) | stand-ins: repeated 0 frozen 0 | late inputs 0 discarded 0 | bad messages 0 | recv errors 0 send errors 0
  egress (whole run): 3590725 datagrams in 3590725 sends (1.00 per send), 115246 syscalls
  ticks per ladder level (whole run): L0: 1813
  input wait on the server (datagram arrival -> applied): p50 51.0 p99 66.8 max 79.1 mean 50.4 ms
  steady state: stand-ins repeated 0 frozen 0 | late inputs 0 discarded 0
== bots summary ==
  started 1000 welcomed 1000 failed 0
  join latency ms: p50 291 p99 662 max 691 (n=1000)
  corrections 0 (0.00/bot-minute), mean error 0.000 m, max 0.000 m
  snapshots 1789718 (entities per snapshot: near 64.1 mid 86.1 far 0.0), stale 0, unmatched acks 0, resyncs 0
  input -> applied on server (est. RTT/2 + server wait): p50 69.0 p99 85.0 max 97.0 mean 68.3 ms (n=1788639)
    of which server wait (arrival -> applied): p50 51.0 p99 66.8 max 79.1 mean 50.4 ms (n=1788639)
  input -> seen acked (round trip): p50 100.0 p99 133.0 max 135.0 mean 100.9 ms (n=1788639)
  near entity update interval (tracked bots): p50 66.0 p99 66.0 max 166.0 mean 53.2 ms (n=5729651)
  mid entity update interval (tracked bots): p50 100.0 p99 100.0 max 59800.0 mean 132.0 ms (n=7683799)
  far entity update interval (tracked bots): p50 0.0 p99 0.0 max 0.0 mean 0.0 ms (n=0)
  input clock: 2095 extra inputs, 1089 skipped ticks, 0 backlog skips | near decode errors (tracked bots) 0
  bytes down 2513.7 MB up 89.5 MB | swarm busy 8% of its threads' time, tick overruns 0
