preallocated connections for 10000 clients in 189.41859ms
listening on 127.0.0.1:40540 | spawn Blob | tiers near 64@150 m, mid 500 m, far 1500 m, budget 6250 B/tick, squads of 4 | 8 rayon threads, 64 shards, 256 accepts/tick, egress SendMmsg | socket buffers rcv 8192 KiB snd 8192 KiB
WARNING: token key is the public dev key; anyone can mint tokens for this server (--token-key)
[    5s] clients 1000 | level 0 (0-0 in window: 30 Hz, dilation 1.0), pace 1.00, 0.0% clients bandwidth-degraded | tick p50 7.20 p99 9.61 max 10.54 ms, 0 overruns | out 54.0k pps 342 kbps/client, 305 Mbps | in 26.9k pps 13 kbps/client | stand-ins: repeated 0.00% frozen 0.00%, 0 late inputs | per client-tick: 1354 B (near 363 B, 96% deltas), near 64.0 mid 85.9 far 0.0, far skipped 0 starved 0 | input wait p50 51.0 p99 66.4 ms | 969 joins deferred | kernel drops rcv 0 snd 0
         p50/p99 ms: ingress 0.34/0.93  events 0.09/1.51  movement 0.16/0.21  grid 0.05/0.08  history 0.00/0.01  serialize 0.04/0.08  assembly 2.19/3.07  transport 0.89/1.52  egress 3.33/3.87
[   10s] clients 1000 | level 0 (0-0 in window: 30 Hz, dilation 1.0), pace 1.00, 0.0% clients bandwidth-degraded | tick p50 7.24 p99 8.34 max 8.42 ms, 0 overruns | out 60.0k pps 337 kbps/client, 337 Mbps | in 30.0k pps 12 kbps/client | stand-ins: repeated 0.00% frozen 0.00%, 0 late inputs | per client-tick: 1337 B (near 345 B, 100% deltas), near 64.0 mid 86.0 far 0.0, far skipped 0 starved 0 | input wait p50 50.9 p99 66.4 ms | 0 joins deferred | kernel drops rcv 0 snd 0
         p50/p99 ms: ingress 0.34/0.63  events 0.10/0.16  movement 0.17/0.29  grid 0.06/0.16  history 0.00/0.00  serialize 0.05/0.07  assembly 2.20/2.80  transport 0.91/1.27  egress 3.42/3.97
[   15s] clients 1000 | level 0 (0-0 in window: 30 Hz, dilation 1.0), pace 1.00, 0.0% clients bandwidth-degraded | tick p50 7.24 p99 8.69 max 10.42 ms, 0 overruns | out 60.0k pps 336 kbps/client, 336 Mbps | in 30.0k pps 12 kbps/client | stand-ins: repeated 0.00% frozen 0.00%, 0 late inputs | per client-tick: 1336 B (near 344 B, 100% deltas), near 64.0 mid 86.0 far 0.0, far skipped 0 starved 0 | input wait p50 51.0 p99 66.7 ms | 0 joins deferred | kernel drops rcv 0 snd 0
         p50/p99 ms: ingress 0.34/0.69  events 0.09/0.15  movement 0.16/0.22  grid 0.05/0.09  history 0.00/0.00  serialize 0.04/0.07  assembly 2.21/2.74  transport 0.94/1.30  egress 3.39/4.58
[   20s] clients 1000 | level 0 (0-0 in window: 30 Hz, dilation 1.0), pace 1.00, 0.0% clients bandwidth-degraded | tick p50 7.35 p99 8.64 max 8.69 ms, 0 overruns | out 60.0k pps 336 kbps/client, 336 Mbps | in 30.0k pps 12 kbps/client | stand-ins: repeated 0.00% frozen 0.00%, 0 late inputs | per client-tick: 1336 B (near 344 B, 100% deltas), near 64.0 mid 86.0 far 0.0, far skipped 0 starved 0 | input wait p50 51.0 p99 66.8 ms | 0 joins deferred | kernel drops rcv 0 snd 0
         p50/p99 ms: ingress 0.35/0.69  events 0.09/0.20  movement 0.16/0.27  grid 0.06/0.12  history 0.00/0.00  serialize 0.04/0.11  assembly 2.22/2.75  transport 0.95/1.18  egress 3.45/3.92
[   25s] clients 1000 | level 0 (0-0 in window: 30 Hz, dilation 1.0), pace 1.00, 0.0% clients bandwidth-degraded | tick p50 7.32 p99 8.23 max 8.44 ms, 0 overruns | out 60.0k pps 336 kbps/client, 336 Mbps | in 30.0k pps 12 kbps/client | stand-ins: repeated 0.00% frozen 0.00%, 0 late inputs | per client-tick: 1337 B (near 345 B, 100% deltas), near 64.0 mid 86.0 far 0.0, far skipped 0 starved 0 | input wait p50 51.0 p99 66.8 ms | 0 joins deferred | kernel drops rcv 0 snd 0
         p50/p99 ms: ingress 0.35/0.83  events 0.09/0.17  movement 0.16/0.28  grid 0.05/0.07  history 0.00/0.00  serialize 0.04/0.06  assembly 2.23/2.62  transport 0.93/1.22  egress 3.43/3.91
[   30s] clients 1000 | level 0 (0-0 in window: 30 Hz, dilation 1.0), pace 1.00, 0.0% clients bandwidth-degraded | tick p50 7.43 p99 9.22 max 9.72 ms, 0 overruns | out 60.0k pps 336 kbps/client, 336 Mbps | in 30.0k pps 12 kbps/client | stand-ins: repeated 0.00% frozen 0.00%, 0 late inputs | per client-tick: 1337 B (near 345 B, 100% deltas), near 64.0 mid 86.0 far 0.0, far skipped 0 starved 0 | input wait p50 51.0 p99 66.7 ms | 0 joins deferred | kernel drops rcv 0 snd 0
         p50/p99 ms: ingress 0.35/0.74  events 0.09/0.26  movement 0.16/0.27  grid 0.06/0.13  history 0.00/0.00  serialize 0.05/0.12  assembly 2.29/3.00  transport 0.96/1.27  egress 3.45/4.08
[   35s] clients 1000 | level 0 (0-0 in window: 30 Hz, dilation 1.0), pace 1.00, 0.0% clients bandwidth-degraded | tick p50 7.36 p99 9.32 max 9.50 ms, 0 overruns | out 60.0k pps 337 kbps/client, 337 Mbps | in 30.0k pps 12 kbps/client | stand-ins: repeated 0.00% frozen 0.00%, 0 late inputs | per client-tick: 1337 B (near 345 B, 100% deltas), near 64.0 mid 86.0 far 0.0, far skipped 0 starved 0 | input wait p50 51.0 p99 66.8 ms | 0 joins deferred | kernel drops rcv 0 snd 0
         p50/p99 ms: ingress 0.34/0.74  events 0.09/0.22  movement 0.16/0.25  grid 0.06/0.12  history 0.00/0.01  serialize 0.04/0.11  assembly 2.25/2.88  transport 0.93/1.28  egress 3.43/4.25
[   40s] clients 1000 | level 0 (0-0 in window: 30 Hz, dilation 1.0), pace 1.00, 0.0% clients bandwidth-degraded | tick p50 7.34 p99 8.09 max 8.23 ms, 0 overruns | out 60.0k pps 336 kbps/client, 336 Mbps | in 30.0k pps 12 kbps/client | stand-ins: repeated 0.00% frozen 0.00%, 0 late inputs | per client-tick: 1337 B (near 345 B, 100% deltas), near 64.0 mid 86.0 far 0.0, far skipped 0 starved 0 | input wait p50 51.0 p99 66.7 ms | 0 joins deferred | kernel drops rcv 0 snd 0
         p50/p99 ms: ingress 0.35/0.85  events 0.09/0.17  movement 0.17/0.26  grid 0.06/0.08  history 0.00/0.00  serialize 0.04/0.06  assembly 2.23/2.70  transport 0.91/1.19  egress 3.40/3.89
[   45s] clients 1000 | level 0 (0-0 in window: 30 Hz, dilation 1.0), pace 1.00, 0.0% clients bandwidth-degraded | tick p50 7.38 p99 8.67 max 19.14 ms, 0 overruns | out 60.0k pps 336 kbps/client, 336 Mbps | in 30.0k pps 12 kbps/client | stand-ins: repeated 0.00% frozen 0.00%, 0 late inputs | per client-tick: 1337 B (near 345 B, 100% deltas), near 64.0 mid 86.0 far 0.0, far skipped 0 starved 0 | input wait p50 50.9 p99 67.1 ms | 0 joins deferred | kernel drops rcv 0 snd 0
         p50/p99 ms: ingress 0.35/0.72  events 0.09/0.21  movement 0.17/0.29  grid 0.06/0.10  history 0.00/0.00  serialize 0.04/0.11  assembly 2.26/2.89  transport 0.93/1.32  egress 3.44/4.16
[   50s] clients 1000 | level 0 (0-0 in window: 30 Hz, dilation 1.0), pace 1.00, 0.0% clients bandwidth-degraded | tick p50 7.33 p99 9.42 max 17.15 ms, 0 overruns | out 60.0k pps 336 kbps/client, 336 Mbps | in 30.0k pps 12 kbps/client | stand-ins: repeated 0.00% frozen 0.00%, 0 late inputs | per client-tick: 1337 B (near 345 B, 100% deltas), near 64.0 mid 86.0 far 0.0, far skipped 0 starved 0 | input wait p50 51.0 p99 67.1 ms | 0 joins deferred | kernel drops rcv 0 snd 0
         p50/p99 ms: ingress 0.35/0.73  events 0.09/0.18  movement 0.17/0.27  grid 0.05/0.07  history 0.00/0.00  serialize 0.04/0.06  assembly 2.23/2.84  transport 0.93/1.31  egress 3.46/4.37
[   55s] clients 1000 | level 0 (0-0 in window: 30 Hz, dilation 1.0), pace 1.00, 0.0% clients bandwidth-degraded | tick p50 7.37 p99 8.63 max 8.73 ms, 0 overruns | out 60.0k pps 336 kbps/client, 336 Mbps | in 30.0k pps 12 kbps/client | stand-ins: repeated 0.00% frozen 0.00%, 0 late inputs | per client-tick: 1337 B (near 345 B, 100% deltas), near 64.0 mid 86.0 far 0.0, far skipped 0 starved 0 | input wait p50 51.1 p99 66.9 ms | 0 joins deferred | kernel drops rcv 0 snd 0
         p50/p99 ms: ingress 0.35/0.69  events 0.09/0.14  movement 0.16/0.27  grid 0.06/0.10  history 0.00/0.00  serialize 0.04/0.10  assembly 2.22/2.73  transport 0.93/1.37  egress 3.46/4.16
[   60s] clients 1000 | level 0 (0-0 in window: 30 Hz, dilation 1.0), pace 1.00, 0.0% clients bandwidth-degraded | tick p50 7.29 p99 8.34 max 8.41 ms, 0 overruns | out 60.0k pps 336 kbps/client, 336 Mbps | in 30.0k pps 12 kbps/client | stand-ins: repeated 0.00% frozen 0.00%, 0 late inputs | per client-tick: 1336 B (near 344 B, 100% deltas), near 64.0 mid 86.0 far 0.0, far skipped 0 starved 0 | input wait p50 51.0 p99 67.0 ms | 0 joins deferred | kernel drops rcv 0 snd 0
         p50/p99 ms: ingress 0.34/0.75  events 0.09/0.16  movement 0.16/0.23  grid 0.05/0.10  history 0.00/0.00  serialize 0.04/0.07  assembly 2.23/2.67  transport 0.92/1.19  egress 3.43/3.90
[   60s] clients 0 | level 0 (0-0 in window: 30 Hz, dilation 1.0), pace 1.00, 0.0% clients bandwidth-degraded | tick p50 7.44 p99 7.97 max 7.97 ms, 0 overruns | out 44.2k pps 341 kbps/client, 247 Mbps | in 34.0k pps 14 kbps/client | stand-ins: repeated 0.00% frozen 0.00%, 0 late inputs | per client-tick: 1323 B (near 345 B, 99% deltas), near 63.5 mid 84.8 far 0.0, far skipped 0 starved 0 | input wait p50 50.6 p99 67.7 ms | 0 joins deferred | kernel drops rcv 0 snd 0
         p50/p99 ms: ingress 0.41/0.51  events 0.13/1.16  movement 0.16/0.20  grid 0.06/0.07  history 0.00/0.00  serialize 0.04/0.05  assembly 2.14/2.44  transport 0.89/1.13  egress 3.33/4.34

== summary: 1710 steady-state ticks (after warmup, before clients drain), peak 1000 clients ==
  phase        p50 ms   p99 ms   max ms
  ingress        0.35     0.73     0.89
  events         0.09     0.20     0.31
  movement       0.16     0.27     0.34
  grid           0.06     0.12     0.17
  history        0.00     0.00     0.02
  serialize      0.04     0.09     0.17
  assembly       2.23     2.75     4.83
  transport      0.93     1.27     2.33
  egress         3.43     4.05    12.50
  tick           7.33     8.62    19.14
  overruns 0 | spawns 1000 despawns 1000 (969 joins deferred) | stand-ins: repeated 0 frozen 0 | late inputs 0 discarded 0 | bad messages 0 | recv errors 0 send errors 0
  egress (whole run): 3590725 datagrams in 3590725 sends (1.00 per send), 115246 syscalls
  ticks per ladder level (whole run): L0: 1813
  input wait on the server (datagram arrival -> applied): p50 51.0 p99 66.8 max 79.1 mean 50.4 ms
  steady state: stand-ins repeated 0 frozen 0 | late inputs 0 discarded 0
