started=1000
welcomed=1000
failed=0
join_p50_ms=396
join_p99_ms=687
join_max_ms=895
corrections=183
corrections_per_bot_minute=0.183
correction_max_m=0.333
push_corrections=25549
push_corrections_per_bot_minute=25.549
push_max_m=0.301
snapshots=1698716
near_per_snapshot=64.1
mid_per_snapshot=86.1
far_per_snapshot=0.0
stale_snapshots=13
resyncs=0
input_applied_p50_ms=96.0
input_applied_p99_ms=137.0
input_applied_mean_ms=97.1
server_wait_p50_ms=53.3
server_wait_p99_ms=94.1
server_wait_mean_ms=54.4
round_trip_p50_ms=167.0
round_trip_p99_ms=200.0
round_trip_mean_ms=162.7
near_interval_p50_ms=66.0
near_interval_p99_ms=133.0
near_interval_mean_ms=56.0
mid_interval_p50_ms=100.0
mid_interval_p99_ms=200.0
mid_interval_mean_ms=105.6
far_interval_p50_ms=0.0
far_interval_p99_ms=0.0
far_interval_mean_ms=0.0
near_interpolated_pct=97.96
near_extrapolated_pct=1.84
near_held_pct=0.00
near_new_pct=0.21
near_pop_p50_mm=0
near_pop_p99_mm=30
mid_interpolated_pct=90.12
mid_extrapolated_pct=7.64
mid_held_pct=1.64
mid_new_pct=0.60
mid_pop_p50_mm=0
mid_pop_p99_mm=320
far_interpolated_pct=0.00
far_extrapolated_pct=0.00
far_held_pct=0.00
far_new_pct=0.00
far_pop_p50_mm=0
far_pop_p99_mm=0
render_delay_ms=100.2
render_snaps=0
render_backwards=0
clock_extra=5287
clock_skipped=4398
backlog_skips=8
near_decode_errors=0
bytes_down_mb=2574.0
bytes_up_mb=110.6
swarm_busy_pct=10
swarm_overruns=4
