preallocated connections for 10000 clients in 262.861491ms
listening on 127.0.0.1:40500 | spawn Blob | tiers near 64@150 m, mid 500 m, far 1500 m, budget 6250 B/tick, squads of 4 | 8 rayon threads, 64 shards, 1 socket(s), 256 accepts/tick, egress SendMmsg | socket buffers rcv 8192 KiB snd 8192 KiB
WARNING: token key is the public dev key; anyone can mint tokens for this server (--token-key)
[    5s] clients 1000 | level 0 (0-0 in window: 30 Hz, dilation 1.0), pace 1.00, 0.0% clients bandwidth-degraded | tick p50 8.49 p99 11.02 max 27.62 ms, 0 overruns | out 54.9k pps 370 kbps/client, 334 Mbps | in 25.4k pps 15 kbps/client | stand-ins: repeated 0.24% frozen 0.00%, 289 late inputs | per client-tick: 1469 B (near 464 B, 94% deltas), near 64.0 mid 85.9 far 0.0, far skipped 0 starved 0 | input wait p50 53.4 p99 93.9 ms | 271 joins deferred | kernel drops rcv 0 snd 0
         p50/p99 ms: ingress 0.39/1.09  events 0.11/1.36  movement 0.25/0.32  grid 0.15/0.32  separate 0.29/0.37  history 0.00/0.01  serialize 0.04/0.09  assembly 2.26/2.74  transport 0.97/1.83  egress 4.00/5.12
[   10s] clients 1000 | level 0 (0-0 in window: 30 Hz, dilation 1.0), pace 1.00, 0.0% clients bandwidth-degraded | tick p50 8.54 p99 10.08 max 10.42 ms, 0 overruns | out 60.0k pps 363 kbps/client, 363 Mbps | in 28.4k pps 14 kbps/client | stand-ins: repeated 0.26% frozen 0.00%, 373 late inputs | per client-tick: 1446 B (near 440 B, 99% deltas), near 64.0 mid 86.0 far 0.0, far skipped 0 starved 0 | input wait p50 53.2 p99 94.0 ms | 0 joins deferred | kernel drops rcv 0 snd 0
         p50/p99 ms: ingress 0.39/0.47  events 0.11/0.17  movement 0.26/0.34  grid 0.16/0.21  separate 0.31/0.41  history 0.00/0.00  serialize 0.04/0.07  assembly 2.29/2.58  transport 0.96/1.32  egress 4.06/4.97
[   15s] clients 1000 | level 0 (0-0 in window: 30 Hz, dilation 1.0), pace 1.00, 0.0% clients bandwidth-degraded | tick p50 8.59 p99 10.16 max 10.32 ms, 0 overruns | out 60.0k pps 363 kbps/client, 363 Mbps | in 28.4k pps 14 kbps/client | stand-ins: repeated 0.26% frozen 0.00%, 371 late inputs | per client-tick: 1447 B (near 441 B, 99% deltas), near 64.0 mid 86.0 far 0.0, far skipped 0 starved 0 | input wait p50 53.2 p99 94.3 ms | 0 joins deferred | kernel drops rcv 0 snd 0
         p50/p99 ms: ingress 0.39/0.50  events 0.12/0.19  movement 0.26/0.34  grid 0.16/0.28  separate 0.30/0.38  history 0.00/0.01  serialize 0.04/0.07  assembly 2.27/2.64  transport 0.95/1.34  egress 4.04/5.16
[   20s] clients 1000 | level 0 (0-0 in window: 30 Hz, dilation 1.0), pace 1.00, 0.0% clients bandwidth-degraded | tick p50 8.42 p99 9.51 max 10.08 ms, 0 overruns | out 60.0k pps 363 kbps/client, 363 Mbps | in 28.4k pps 14 kbps/client | stand-ins: repeated 0.25% frozen 0.00%, 357 late inputs | per client-tick: 1446 B (near 440 B, 99% deltas), near 64.0 mid 86.0 far 0.0, far skipped 0 starved 0 | input wait p50 53.2 p99 94.4 ms | 0 joins deferred | kernel drops rcv 0 snd 0
         p50/p99 ms: ingress 0.38/0.56  events 0.12/0.17  movement 0.26/0.34  grid 0.16/0.22  separate 0.30/0.39  history 0.00/0.00  serialize 0.04/0.07  assembly 2.27/2.59  transport 0.94/1.33  egress 3.95/4.83
[   25s] clients 1000 | level 0 (0-0 in window: 30 Hz, dilation 1.0), pace 1.00, 0.0% clients bandwidth-degraded | tick p50 8.46 p99 10.37 max 10.56 ms, 0 overruns | out 60.0k pps 363 kbps/client, 363 Mbps | in 28.4k pps 14 kbps/client | stand-ins: repeated 0.25% frozen 0.00%, 362 late inputs | per client-tick: 1447 B (near 441 B, 99% deltas), near 64.0 mid 86.0 far 0.0, far skipped 0 starved 0 | input wait p50 53.3 p99 94.3 ms | 0 joins deferred | kernel drops rcv 0 snd 0
         p50/p99 ms: ingress 0.39/0.67  events 0.11/0.18  movement 0.26/0.34  grid 0.17/0.28  separate 0.30/0.39  history 0.00/0.00  serialize 0.04/0.07  assembly 2.26/2.71  transport 0.94/1.30  egress 4.01/5.18
[   30s] clients 1000 | level 0 (0-0 in window: 30 Hz, dilation 1.0), pace 1.00, 0.0% clients bandwidth-degraded | tick p50 8.64 p99 10.46 max 11.46 ms, 0 overruns | out 60.0k pps 363 kbps/client, 363 Mbps | in 28.5k pps 14 kbps/client | stand-ins: repeated 0.23% frozen 0.00%, 323 late inputs | per client-tick: 1447 B (near 441 B, 99% deltas), near 64.0 mid 86.0 far 0.0, far skipped 0 starved 0 | input wait p50 53.2 p99 93.6 ms | 0 joins deferred | kernel drops rcv 0 snd 0
         p50/p99 ms: ingress 0.40/0.49  events 0.11/0.20  movement 0.26/0.32  grid 0.15/0.28  separate 0.30/0.40  history 0.00/0.00  serialize 0.04/0.07  assembly 2.31/2.69  transport 0.97/1.21  egress 4.09/5.33
[   35s] clients 1000 | level 0 (0-0 in window: 30 Hz, dilation 1.0), pace 1.00, 0.0% clients bandwidth-degraded | tick p50 8.47 p99 9.87 max 10.14 ms, 0 overruns | out 60.0k pps 362 kbps/client, 362 Mbps | in 28.5k pps 14 kbps/client | stand-ins: repeated 0.23% frozen 0.00%, 334 late inputs | per client-tick: 1444 B (near 438 B, 99% deltas), near 64.0 mid 86.0 far 0.0, far skipped 0 starved 0 | input wait p50 53.2 p99 94.0 ms | 0 joins deferred | kernel drops rcv 0 snd 0
         p50/p99 ms: ingress 0.39/0.50  events 0.11/0.17  movement 0.25/0.33  grid 0.16/0.21  separate 0.30/0.38  history 0.00/0.00  serialize 0.04/0.07  assembly 2.27/2.69  transport 0.95/1.24  egress 4.02/5.07
[   40s] clients 1000 | level 0 (0-0 in window: 30 Hz, dilation 1.0), pace 1.00, 0.0% clients bandwidth-degraded | tick p50 8.56 p99 10.23 max 10.72 ms, 0 overruns | out 60.0k pps 363 kbps/client, 363 Mbps | in 28.4k pps 14 kbps/client | stand-ins: repeated 0.23% frozen 0.00%, 330 late inputs | per client-tick: 1446 B (near 440 B, 99% deltas), near 64.0 mid 86.0 far 0.0, far skipped 0 starved 0 | input wait p50 53.3 p99 93.9 ms | 0 joins deferred | kernel drops rcv 0 snd 0
         p50/p99 ms: ingress 0.39/0.55  events 0.12/0.16  movement 0.25/0.31  grid 0.16/0.22  separate 0.30/0.38  history 0.00/0.00  serialize 0.04/0.08  assembly 2.28/2.59  transport 0.97/1.38  egress 4.04/5.45
[   45s] clients 1000 | level 0 (0-0 in window: 30 Hz, dilation 1.0), pace 1.00, 0.0% clients bandwidth-degraded | tick p50 8.57 p99 9.84 max 10.05 ms, 0 overruns | out 60.0k pps 363 kbps/client, 363 Mbps | in 28.4k pps 14 kbps/client | stand-ins: repeated 0.24% frozen 0.00%, 336 late inputs | per client-tick: 1447 B (near 441 B, 99% deltas), near 64.0 mid 86.0 far 0.0, far skipped 0 starved 0 | input wait p50 53.3 p99 94.6 ms | 0 joins deferred | kernel drops rcv 0 snd 0
         p50/p99 ms: ingress 0.39/0.52  events 0.11/0.18  movement 0.25/0.33  grid 0.15/0.22  separate 0.31/0.39  history 0.00/0.00  serialize 0.04/0.08  assembly 2.29/2.61  transport 0.98/1.22  egress 4.05/4.82
[   50s] clients 1000 | level 0 (0-0 in window: 30 Hz, dilation 1.0), pace 1.00, 0.0% clients bandwidth-degraded | tick p50 8.54 p99 10.46 max 11.70 ms, 0 overruns | out 60.0k pps 363 kbps/client, 363 Mbps | in 28.4k pps 14 kbps/client | stand-ins: repeated 0.26% frozen 0.00%, 365 late inputs | per client-tick: 1449 B (near 443 B, 99% deltas), near 64.0 mid 86.0 far 0.0, far skipped 0 starved 0 | input wait p50 53.3 p99 94.5 ms | 0 joins deferred | kernel drops rcv 0 snd 0
         p50/p99 ms: ingress 0.39/0.48  events 0.11/0.17  movement 0.25/0.32  grid 0.16/0.21  separate 0.31/0.38  history 0.00/0.00  serialize 0.04/0.07  assembly 2.29/2.71  transport 0.95/1.33  egress 4.04/5.16
[   55s] clients 1000 | level 0 (0-0 in window: 30 Hz, dilation 1.0), pace 1.00, 0.0% clients bandwidth-degraded | tick p50 8.55 p99 10.21 max 12.11 ms, 0 overruns | out 60.0k pps 363 kbps/client, 363 Mbps | in 28.4k pps 14 kbps/client | stand-ins: repeated 0.24% frozen 0.00%, 350 late inputs | per client-tick: 1446 B (near 440 B, 99% deltas), near 64.0 mid 86.0 far 0.0, far skipped 0 starved 0 | input wait p50 53.3 p99 94.4 ms | 0 joins deferred | kernel drops rcv 0 snd 0
         p50/p99 ms: ingress 0.38/0.60  events 0.12/0.17  movement 0.26/0.32  grid 0.16/0.28  separate 0.30/0.37  history 0.00/0.00  serialize 0.04/0.07  assembly 2.29/2.61  transport 0.97/1.30  egress 4.04/5.21
[   60s] clients 1000 | level 0 (0-0 in window: 30 Hz, dilation 1.0), pace 1.00, 0.0% clients bandwidth-degraded | tick p50 8.52 p99 11.01 max 23.13 ms, 0 overruns | out 60.0k pps 363 kbps/client, 363 Mbps | in 28.5k pps 14 kbps/client | stand-ins: repeated 0.23% frozen 0.00%, 328 late inputs | per client-tick: 1447 B (near 441 B, 99% deltas), near 64.0 mid 86.0 far 0.0, far skipped 0 starved 0 | input wait p50 53.2 p99 93.3 ms | 0 joins deferred | kernel drops rcv 0 snd 0
         p50/p99 ms: ingress 0.40/0.64  events 0.12/0.19  movement 0.26/0.32  grid 0.16/0.29  separate 0.30/0.50  history 0.00/0.00  serialize 0.04/0.07  assembly 2.30/2.77  transport 0.94/1.28  egress 4.08/5.99
[   65s] clients 2 | level 0 (0-0 in window: 30 Hz, dilation 1.0), pace 1.00, 0.0% clients bandwidth-degraded | tick p50 1.79 p99 9.29 max 24.65 ms, 0 overruns | out 0.8k pps 322 kbps/client, 5 Mbps | in 0.9k pps 17 kbps/client | stand-ins: repeated 0.64% frozen 13.27%, 6 late inputs | per client-tick: 1280 B (near 405 B, 94% deltas), near 55.4 mid 74.3 far 0.0, far skipped 0 starved 0 | input wait p50 52.8 p99 92.3 ms | 0 joins deferred | kernel drops rcv 0 snd 0
         p50/p99 ms: ingress 0.30/1.16  events 0.00/0.26  movement 0.13/0.29  grid 0.15/0.22  separate 0.16/0.35  history 0.00/0.00  serialize 0.00/0.04  assembly 0.28/2.23  transport 0.24/0.97  egress 0.23/4.75

== summary: 1706 steady-state ticks (after warmup, before clients drain), peak 1000 clients ==
  phase        p50 ms   p99 ms   max ms
  ingress        0.39     0.53     0.85
  events         0.12     0.17     0.21
  movement       0.26     0.32     0.45
  grid           0.16     0.25     0.32
  separate       0.30     0.39     0.51
  history        0.00     0.00     0.10
  serialize      0.04     0.07     0.15
  assembly       2.29     2.65     4.38
  transport      0.96     1.30     1.43
  egress         4.04     5.18    17.55
  tick           8.53    10.26    23.13
  overruns 0 | spawns 1000 despawns 1000 (271 joins deferred) | stand-ins: repeated 4366 frozen 307 | late inputs 4124 discarded 1 | bad messages 0 | recv errors 0 send errors 0
  egress (whole run): 3593000 datagrams in 3593000 sends (1.00 per send), 115498 syscalls
  ticks per ladder level (whole run): L0: 1960
  input wait on the server (datagram arrival -> applied): p50 53.3 p99 94.1 max 524.8 mean 54.4 ms
  steady state: stand-ins repeated 4162 frozen 16 | late inputs 3931 discarded 0
  rewind (applied step - the input's render step, what lag compensation would rewind): p50 236 p99 299 max 686 mean 245.9 ms (n=1778999), render times ahead of the server 0
