== uniform, 1000 bots, 60s -> baselines/2026-10-04-wsl2-netem/lossy-uniform-1k-1
== summary: 1706 steady-state ticks (after warmup, before clients drain), peak 1000 clients ==
  phase        p50 ms   p99 ms   max ms
  ingress        0.33     0.52     0.86
  events         0.09     0.18     0.25
  movement       0.17     0.27     0.66
  grid           0.06     0.09     0.13
  history        0.00     0.00     0.01
  serialize      0.04     0.07     0.19
  assembly       0.76     1.08     1.25
  transport      0.36     0.73     0.95
  egress         1.86     2.29     7.70
  tick           3.71     4.42    10.14
  overruns 0 | spawns 1000 despawns 1000 (315 joins deferred) | stand-ins: repeated 6098 frozen 18 | late inputs 5824 discarded 4 | bad messages 0 | recv errors 0 send errors 0
  egress (whole run): 1797454 datagrams in 1797454 sends (1.00 per send), 115189 syscalls
  ticks per ladder level (whole run): L0: 1813
  input wait on the server (datagram arrival -> applied): p50 53.8 p99 96.6 max 520.4 mean 54.2 ms
  steady state: stand-ins repeated 5769 frozen 17 | late inputs 5504 discarded 0
== bots summary ==
  started 1000 welcomed 1000 failed 0
  join latency ms: p50 379 p99 650 max 862 (n=1000)
  corrections 195 (0.19/bot-minute), mean error 0.072 m, max 0.531 m
  snapshots 1698961 (entities per snapshot: near 4.4 mid 4.2 far 6.3), stale 3, unmatched acks 0, resyncs 0
  input -> applied on server (est. RTT/2 + server wait): p50 96.0 p99 138.0 max 562.0 mean 95.8 ms (n=1690660)
    of which server wait (arrival -> applied): p50 53.8 p99 96.6 max 520.4 mean 54.2 ms (n=1690660)
  input -> seen acked (round trip): p50 167.0 p99 200.0 max 633.0 mean 155.1 ms (n=1696444)
  near entity update interval (tracked bots): p50 33.0 p99 66.0 max 233.0 mean 34.7 ms (n=351977)
  mid entity update interval (tracked bots): p50 100.0 p99 200.0 max 1200.0 mean 105.4 ms (n=340864)
  far entity update interval (tracked bots): p50 500.0 p99 1000.0 max 52500.0 mean 535.5 ms (n=559618)
  input clock: 9198 extra inputs, 8229 skipped ticks, 25 backlog skips | near decode errors (tracked bots) 0
  bytes down 385.9 MB up 89.1 MB | swarm busy 6% of its threads' time, tick overruns 0
