preallocated connections for 10000 clients in 187.40664ms
listening on 127.0.0.1:40540 | spawn Uniform | tiers near 64@150 m, mid 500 m, far 1500 m, budget 6250 B/tick, squads of 4 | 8 rayon threads, 64 shards, 256 accepts/tick, egress SendMmsg | socket buffers rcv 8192 KiB snd 8192 KiB
WARNING: token key is the public dev key; anyone can mint tokens for this server (--token-key)
[    5s] clients 1000 | level 0 (0-0 in window: 30 Hz, dilation 1.0), pace 1.00, 0.0% clients bandwidth-degraded | tick p50 3.71 p99 5.33 max 6.13 ms, 0 overruns | out 27.3k pps 55 kbps/client, 49 Mbps | in 25.1k pps 12 kbps/client | stand-ins: repeated 0.38% frozen 0.00%, 465 late inputs | per client-tick: 192 B (near 32 B, 96% deltas), near 4.3 mid 4.1 far 6.2, far skipped 0 starved 0 | input wait p50 52.7 p99 96.8 ms | 315 joins deferred | kernel drops rcv 0 snd 0
         p50/p99 ms: ingress 0.32/0.91  events 0.09/1.33  movement 0.17/0.28  grid 0.06/0.10  history 0.00/0.01  serialize 0.04/0.08  assembly 0.75/1.15  transport 0.36/0.70  egress 1.84/2.24
[   10s] clients 1000 | level 0 (0-0 in window: 30 Hz, dilation 1.0), pace 1.00, 0.0% clients bandwidth-degraded | tick p50 3.71 p99 4.64 max 6.44 ms, 0 overruns | out 30.0k pps 54 kbps/client, 54 Mbps | in 28.4k pps 11 kbps/client | stand-ins: repeated 0.34% frozen 0.00%, 488 late inputs | per client-tick: 192 B (near 31 B, 100% deltas), near 4.4 mid 4.1 far 6.3, far skipped 0 starved 0 | input wait p50 53.7 p99 95.5 ms | 0 joins deferred | kernel drops rcv 0 snd 0
         p50/p99 ms: ingress 0.33/0.69  events 0.09/0.19  movement 0.18/0.26  grid 0.06/0.09  history 0.00/0.00  serialize 0.04/0.06  assembly 0.77/1.04  transport 0.37/0.66  egress 1.83/2.36
[   15s] clients 1000 | level 0 (0-0 in window: 30 Hz, dilation 1.0), pace 1.00, 0.0% clients bandwidth-degraded | tick p50 3.60 p99 4.35 max 4.38 ms, 0 overruns | out 30.0k pps 54 kbps/client, 54 Mbps | in 28.4k pps 11 kbps/client | stand-ins: repeated 0.33% frozen 0.00%, 476 late inputs | per client-tick: 192 B (near 31 B, 100% deltas), near 4.4 mid 4.1 far 6.3, far skipped 0 starved 0 | input wait p50 53.7 p99 96.1 ms | 0 joins deferred | kernel drops rcv 0 snd 0
         p50/p99 ms: ingress 0.34/0.50  events 0.09/0.14  movement 0.17/0.26  grid 0.06/0.09  history 0.00/0.00  serialize 0.04/0.07  assembly 0.73/1.02  transport 0.36/0.74  egress 1.81/2.23
[   20s] clients 1000 | level 0 (0-0 in window: 30 Hz, dilation 1.0), pace 1.00, 0.0% clients bandwidth-degraded | tick p50 3.73 p99 4.38 max 4.52 ms, 0 overruns | out 30.0k pps 54 kbps/client, 54 Mbps | in 28.4k pps 11 kbps/client | stand-ins: repeated 0.33% frozen 0.00%, 475 late inputs | per client-tick: 192 B (near 31 B, 100% deltas), near 4.4 mid 4.2 far 6.3, far skipped 0 starved 0 | input wait p50 53.7 p99 97.5 ms | 0 joins deferred | kernel drops rcv 0 snd 0
         p50/p99 ms: ingress 0.33/0.57  events 0.09/0.14  movement 0.17/0.27  grid 0.06/0.08  history 0.00/0.00  serialize 0.04/0.07  assembly 0.76/1.14  transport 0.36/0.70  egress 1.89/2.17
[   25s] clients 1000 | level 0 (0-0 in window: 30 Hz, dilation 1.0), pace 1.00, 0.0% clients bandwidth-degraded | tick p50 3.72 p99 4.34 max 6.20 ms, 0 overruns | out 30.0k pps 54 kbps/client, 54 Mbps | in 28.4k pps 11 kbps/client | stand-ins: repeated 0.33% frozen 0.00%, 469 late inputs | per client-tick: 192 B (near 31 B, 100% deltas), near 4.4 mid 4.1 far 6.3, far skipped 0 starved 0 | input wait p50 53.7 p99 96.1 ms | 0 joins deferred | kernel drops rcv 0 snd 0
         p50/p99 ms: ingress 0.34/0.43  events 0.09/0.14  movement 0.18/0.26  grid 0.06/0.08  history 0.00/0.00  serialize 0.04/0.06  assembly 0.76/1.09  transport 0.36/0.71  egress 1.87/2.36
[   30s] clients 1000 | level 0 (0-0 in window: 30 Hz, dilation 1.0), pace 1.00, 0.0% clients bandwidth-degraded | tick p50 3.68 p99 4.48 max 10.14 ms, 0 overruns | out 30.0k pps 54 kbps/client, 54 Mbps | in 28.4k pps 11 kbps/client | stand-ins: repeated 0.32% frozen 0.00%, 458 late inputs | per client-tick: 192 B (near 31 B, 100% deltas), near 4.4 mid 4.1 far 6.3, far skipped 0 starved 0 | input wait p50 53.9 p99 96.0 ms | 0 joins deferred | kernel drops rcv 0 snd 0
         p50/p99 ms: ingress 0.33/0.52  events 0.09/0.21  movement 0.17/0.31  grid 0.06/0.09  history 0.00/0.00  serialize 0.04/0.07  assembly 0.77/1.08  transport 0.37/0.73  egress 1.83/2.33
[   35s] clients 1000 | level 0 (0-0 in window: 30 Hz, dilation 1.0), pace 1.00, 0.0% clients bandwidth-degraded | tick p50 3.73 p99 4.37 max 4.42 ms, 0 overruns | out 30.0k pps 54 kbps/client, 54 Mbps | in 28.4k pps 11 kbps/client | stand-ins: repeated 0.34% frozen 0.00%, 491 late inputs | per client-tick: 192 B (near 31 B, 100% deltas), near 4.4 mid 4.1 far 6.3, far skipped 0 starved 0 | input wait p50 54.0 p99 96.8 ms | 0 joins deferred | kernel drops rcv 0 snd 0
         p50/p99 ms: ingress 0.33/0.49  events 0.09/0.20  movement 0.17/0.28  grid 0.06/0.09  history 0.00/0.00  serialize 0.04/0.07  assembly 0.74/1.06  transport 0.37/0.82  egress 1.86/2.29
[   40s] clients 1000 | level 0 (0-0 in window: 30 Hz, dilation 1.0), pace 1.00, 0.0% clients bandwidth-degraded | tick p50 3.75 p99 4.46 max 4.66 ms, 0 overruns | out 30.0k pps 54 kbps/client, 54 Mbps | in 28.4k pps 11 kbps/client | stand-ins: repeated 0.34% frozen 0.00%, 493 late inputs | per client-tick: 192 B (near 31 B, 100% deltas), near 4.4 mid 4.1 far 6.3, far skipped 0 starved 0 | input wait p50 54.1 p99 96.4 ms | 0 joins deferred | kernel drops rcv 0 snd 0
         p50/p99 ms: ingress 0.33/0.47  events 0.09/0.18  movement 0.17/0.25  grid 0.06/0.08  history 0.00/0.00  serialize 0.04/0.06  assembly 0.79/1.06  transport 0.37/0.73  egress 1.89/2.32
[   45s] clients 1000 | level 0 (0-0 in window: 30 Hz, dilation 1.0), pace 1.00, 0.0% clients bandwidth-degraded | tick p50 3.76 p99 4.53 max 4.56 ms, 0 overruns | out 30.0k pps 54 kbps/client, 54 Mbps | in 28.3k pps 11 kbps/client | stand-ins: repeated 0.35% frozen 0.00%, 495 late inputs | per client-tick: 192 B (near 31 B, 100% deltas), near 4.4 mid 4.2 far 6.3, far skipped 0 starved 0 | input wait p50 54.1 p99 96.5 ms | 0 joins deferred | kernel drops rcv 0 snd 0
         p50/p99 ms: ingress 0.34/0.56  events 0.09/0.19  movement 0.17/0.32  grid 0.06/0.10  history 0.00/0.00  serialize 0.04/0.06  assembly 0.75/1.09  transport 0.36/0.81  egress 1.87/2.29
[   50s] clients 1000 | level 0 (0-0 in window: 30 Hz, dilation 1.0), pace 1.00, 0.0% clients bandwidth-degraded | tick p50 3.72 p99 4.40 max 4.62 ms, 0 overruns | out 30.0k pps 54 kbps/client, 54 Mbps | in 28.4k pps 11 kbps/client | stand-ins: repeated 0.35% frozen 0.00%, 511 late inputs | per client-tick: 192 B (near 31 B, 100% deltas), near 4.4 mid 4.1 far 6.3, far skipped 0 starved 0 | input wait p50 54.1 p99 96.6 ms | 0 joins deferred | kernel drops rcv 0 snd 0
         p50/p99 ms: ingress 0.33/0.61  events 0.09/0.19  movement 0.17/0.25  grid 0.06/0.09  history 0.00/0.00  serialize 0.04/0.06  assembly 0.77/1.09  transport 0.37/0.75  egress 1.85/2.19
[   55s] clients 1000 | level 0 (0-0 in window: 30 Hz, dilation 1.0), pace 1.00, 0.0% clients bandwidth-degraded | tick p50 3.74 p99 4.21 max 4.24 ms, 0 overruns | out 30.0k pps 55 kbps/client, 55 Mbps | in 28.3k pps 11 kbps/client | stand-ins: repeated 0.34% frozen 0.00%, 489 late inputs | per client-tick: 192 B (near 31 B, 100% deltas), near 4.4 mid 4.1 far 6.3, far skipped 0 starved 0 | input wait p50 54.1 p99 97.1 ms | 0 joins deferred | kernel drops rcv 0 snd 0
         p50/p99 ms: ingress 0.33/0.50  events 0.09/0.19  movement 0.18/0.27  grid 0.06/0.08  history 0.00/0.00  serialize 0.04/0.07  assembly 0.74/1.12  transport 0.37/0.72  egress 1.86/2.22
[   60s] clients 1000 | level 0 (0-0 in window: 30 Hz, dilation 1.0), pace 1.00, 0.0% clients bandwidth-degraded | tick p50 3.72 p99 4.92 max 5.86 ms, 0 overruns | out 30.0k pps 54 kbps/client, 54 Mbps | in 28.4k pps 11 kbps/client | stand-ins: repeated 0.34% frozen 0.00%, 499 late inputs | per client-tick: 192 B (near 31 B, 100% deltas), near 4.4 mid 4.2 far 6.3, far skipped 0 starved 0 | input wait p50 54.2 p99 97.6 ms | 0 joins deferred | kernel drops rcv 0 snd 0
         p50/p99 ms: ingress 0.33/0.64  events 0.09/0.16  movement 0.17/0.26  grid 0.06/0.08  history 0.00/0.00  serialize 0.04/0.06  assembly 0.75/1.03  transport 0.37/0.71  egress 1.87/2.95
[   60s] clients 0 | level 0 (0-0 in window: 30 Hz, dilation 1.0), pace 1.00, 0.0% clients bandwidth-degraded | tick p50 3.82 p99 4.40 max 4.40 ms, 0 overruns | out 23.5k pps 53 kbps/client, 41 Mbps | in 36.5k pps 14 kbps/client | stand-ins: repeated 0.32% frozen 0.00%, 15 late inputs | per client-tick: 186 B (near 30 B, 100% deltas), near 4.2 mid 4.0 far 6.1, far skipped 0 starved 0 | input wait p50 53.6 p99 96.3 ms | 0 joins deferred | kernel drops rcv 0 snd 0
         p50/p99 ms: ingress 0.34/1.09  events 0.10/0.30  movement 0.15/0.21  grid 0.05/0.07  history 0.00/0.00  serialize 0.04/0.05  assembly 0.55/0.86  transport 0.34/0.56  egress 1.92/2.38

== summary: 1706 steady-state ticks (after warmup, before clients drain), peak 1000 clients ==
  phase        p50 ms   p99 ms   max ms
  ingress        0.33     0.52     0.86
  events         0.09     0.18     0.25
  movement       0.17     0.27     0.66
  grid           0.06     0.09     0.13
  history        0.00     0.00     0.01
  serialize      0.04     0.07     0.19
  assembly       0.76     1.08     1.25
  transport      0.36     0.73     0.95
  egress         1.86     2.29     7.70
  tick           3.71     4.42    10.14
  overruns 0 | spawns 1000 despawns 1000 (315 joins deferred) | stand-ins: repeated 6098 frozen 18 | late inputs 5824 discarded 4 | bad messages 0 | recv errors 0 send errors 0
  egress (whole run): 1797454 datagrams in 1797454 sends (1.00 per send), 115189 syscalls
  ticks per ladder level (whole run): L0: 1813
  input wait on the server (datagram arrival -> applied): p50 53.8 p99 96.6 max 520.4 mean 54.2 ms
  steady state: stand-ins repeated 5769 frozen 17 | late inputs 5504 discarded 0
