minting tokens with the public dev key (--token-key to change)
1000 bots -> 127.0.0.1:40540 on 8 threads, ramp 0/s, 60s, 1000 full + 0 sink bots
[    5s] bots 1000/1000 connected, 1000 welcomed, 0 failed | 25.7 snaps/s/bot, entities/snap near 4.4 mid 4.2 far 6.4 | corrections 0.000/s/bot | down 48 up 10 kbps/bot | rtt 83.2 ms loss 0.11% | input->applied ~ p50 92 p99 117 ms, round trip p50 133 p99 167 ms | joins 1000 (p50 362 p99 625 ms) | server pace 1.00 level 0, 0 bots bandwidth-degraded | swarm busy 6%, overruns 0
[   10s] bots 1000/1000 connected, 1000 welcomed, 0 failed | 31.2 snaps/s/bot, entities/snap near 4.3 mid 4.2 far 6.3 | corrections 0.000/s/bot | down 57 up 12 kbps/bot | rtt 83.2 ms loss 0.52% | input->applied ~ p50 93 p99 116 ms, round trip p50 167 p99 167 ms | joins 0 (p50 0 p99 0 ms) | server pace 1.00 level 0, 0 bots bandwidth-degraded | swarm busy 6%, overruns 0
[   15s] bots 1000/1000 connected, 1000 welcomed, 0 failed | 28.0 snaps/s/bot, entities/snap near 4.3 mid 4.2 far 6.3 | corrections 0.001/s/bot | down 51 up 11 kbps/bot | rtt 80.5 ms loss 0.49% | input->applied ~ p50 93 p99 116 ms, round trip p50 167 p99 167 ms | joins 0 (p50 0 p99 0 ms) | server pace 1.00 level 0, 0 bots bandwidth-degraded | swarm busy 6%, overruns 0
[   20s] bots 1000/1000 connected, 1000 welcomed, 0 failed | 31.0 snaps/s/bot, entities/snap near 4.3 mid 4.2 far 6.3 | corrections 0.000/s/bot | down 56 up 12 kbps/bot | rtt 83.1 ms loss 0.44% | input->applied ~ p50 93 p99 116 ms, round trip p50 167 p99 167 ms | joins 0 (p50 0 p99 0 ms) | server pace 1.00 level 0, 0 bots bandwidth-degraded | swarm busy 6%, overruns 0
[   25s] bots 1000/1000 connected, 1000 welcomed, 0 failed | 30.2 snaps/s/bot, entities/snap near 4.3 mid 4.2 far 6.3 | corrections 0.000/s/bot | down 55 up 12 kbps/bot | rtt 83.2 ms loss 0.46% | input->applied ~ p50 93 p99 116 ms, round trip p50 167 p99 167 ms | joins 0 (p50 0 p99 0 ms) | server pace 1.00 level 0, 0 bots bandwidth-degraded | swarm busy 6%, overruns 0
[   30s] bots 1000/1000 connected, 1000 welcomed, 0 failed | 28.6 snaps/s/bot, entities/snap near 4.3 mid 4.2 far 6.3 | corrections 0.000/s/bot | down 52 up 11 kbps/bot | rtt 83.2 ms loss 0.48% | input->applied ~ p50 93 p99 117 ms, round trip p50 167 p99 167 ms | joins 0 (p50 0 p99 0 ms) | server pace 1.00 level 0, 0 bots bandwidth-degraded | swarm busy 6%, overruns 0
[   35s] bots 1000/1000 connected, 1000 welcomed, 0 failed | 30.9 snaps/s/bot, entities/snap near 4.3 mid 4.2 far 6.3 | corrections 0.000/s/bot | down 56 up 12 kbps/bot | rtt 83.2 ms loss 0.47% | input->applied ~ p50 93 p99 117 ms, round trip p50 167 p99 167 ms | joins 0 (p50 0 p99 0 ms) | server pace 1.00 level 0, 0 bots bandwidth-degraded | swarm busy 6%, overruns 0
[   40s] bots 1000/1000 connected, 1000 welcomed, 0 failed | 30.1 snaps/s/bot, entities/snap near 4.3 mid 4.2 far 6.3 | corrections 0.001/s/bot | down 55 up 12 kbps/bot | rtt 83.1 ms loss 0.48% | input->applied ~ p50 93 p99 117 ms, round trip p50 167 p99 167 ms | joins 0 (p50 0 p99 0 ms) | server pace 1.00 level 0, 0 bots bandwidth-degraded | swarm busy 6%, overruns 0
[   45s] bots 1000/1000 connected, 1000 welcomed, 0 failed | 29.0 snaps/s/bot, entities/snap near 4.3 mid 4.2 far 6.3 | corrections 0.000/s/bot | down 53 up 12 kbps/bot | rtt 83.1 ms loss 0.47% | input->applied ~ p50 93 p99 117 ms, round trip p50 167 p99 167 ms | joins 0 (p50 0 p99 0 ms) | server pace 1.00 level 0, 0 bots bandwidth-degraded | swarm busy 6%, overruns 0
[   50s] bots 1000/1000 connected, 1000 welcomed, 0 failed | 30.5 snaps/s/bot, entities/snap near 4.3 mid 4.2 far 6.3 | corrections 0.001/s/bot | down 55 up 12 kbps/bot | rtt 83.2 ms loss 0.51% | input->applied ~ p50 93 p99 116 ms, round trip p50 167 p99 167 ms | joins 0 (p50 0 p99 0 ms) | server pace 1.00 level 0, 0 bots bandwidth-degraded | swarm busy 6%, overruns 0
[   55s] bots 1000/1000 connected, 1000 welcomed, 0 failed | 29.1 snaps/s/bot, entities/snap near 4.3 mid 4.2 far 6.3 | corrections 0.000/s/bot | down 53 up 12 kbps/bot | rtt 83.2 ms loss 0.53% | input->applied ~ p50 93 p99 117 ms, round trip p50 167 p99 167 ms | joins 0 (p50 0 p99 0 ms) | server pace 1.00 level 0, 0 bots bandwidth-degraded | swarm busy 6%, overruns 0
[   60s] bots 1000/1000 connected, 1000 welcomed, 0 failed | 29.9 snaps/s/bot, entities/snap near 4.3 mid 4.2 far 6.3 | corrections 0.000/s/bot | down 54 up 12 kbps/bot | rtt 83.3 ms loss 0.42% | input->applied ~ p50 93 p99 116 ms, round trip p50 167 p99 167 ms | joins 0 (p50 0 p99 0 ms) | server pace 1.00 level 0, 0 bots bandwidth-degraded | swarm busy 6%, overruns 0

== bots summary ==
  started 1000 welcomed 1000 failed 0
  join latency ms: p50 362 p99 625 max 758 (n=1000)
  corrections 14 (0.01/bot-minute), mean error 0.062 m, max 0.112 m
  snapshots 1779810 (entities per snapshot: near 4.3 mid 4.2 far 6.3), stale 2, unmatched acks 0, resyncs 0
  input -> applied on server (est. RTT/2 + server wait): p50 93.0 p99 117.0 max 163.0 mean 92.9 ms (n=1776828)
    of which server wait (arrival -> applied): p50 51.1 p99 75.5 max 122.9 mean 51.3 ms (n=1776828)
  input -> seen acked (round trip): p50 167.0 p99 167.0 max 233.0 mean 150.7 ms (n=1777282)
  near entity update interval (tracked bots): p50 33.0 p99 33.0 max 100.0 mean 33.2 ms (n=412843)
  mid entity update interval (tracked bots): p50 100.0 p99 100.0 max 800.0 mean 100.7 ms (n=389637)
  far entity update interval (tracked bots): p50 500.0 p99 500.0 max 44500.0 mean 511.0 ms (n=525469)
  input clock: 6522 extra inputs, 5484 skipped ticks, 0 backlog skips | near decode errors (tracked bots) 0
  bytes down 403.9 MB up 89.2 MB | swarm busy 6% of its threads' time, tick overruns 0
