== uniform, 1000 bots, 60s -> baselines/2026-10-04-wsl2-netem/typical-uniform-1k-1
== summary: 1706 steady-state ticks (after warmup, before clients drain), peak 1000 clients ==
  phase        p50 ms   p99 ms   max ms
  ingress        0.33     0.53     1.10
  events         0.09     0.16     0.40
  movement       0.17     0.24     0.30
  grid           0.05     0.09     0.15
  history        0.00     0.00     0.02
  serialize      0.04     0.07     0.17
  assembly       0.72     1.10     1.47
  transport      0.36     0.70     0.85
  egress         1.93     2.39     3.03
  tick           3.74     4.57     5.24
  overruns 0 | spawns 1000 despawns 1000 (359 joins deferred) | stand-ins: repeated 457 frozen 0 | late inputs 454 discarded 0 | bad messages 0 | recv errors 0 send errors 0
  egress (whole run): 1797657 datagrams in 1797657 sends (1.00 per send), 115201 syscalls
  ticks per ladder level (whole run): L0: 1813
  input wait on the server (datagram arrival -> applied): p50 51.1 p99 75.5 max 122.9 mean 51.3 ms
  steady state: stand-ins repeated 425 frozen 0 | late inputs 422 discarded 0
== bots summary ==
  started 1000 welcomed 1000 failed 0
  join latency ms: p50 362 p99 625 max 758 (n=1000)
  corrections 14 (0.01/bot-minute), mean error 0.062 m, max 0.112 m
  snapshots 1779810 (entities per snapshot: near 4.3 mid 4.2 far 6.3), stale 2, unmatched acks 0, resyncs 0
  input -> applied on server (est. RTT/2 + server wait): p50 93.0 p99 117.0 max 163.0 mean 92.9 ms (n=1776828)
    of which server wait (arrival -> applied): p50 51.1 p99 75.5 max 122.9 mean 51.3 ms (n=1776828)
  input -> seen acked (round trip): p50 167.0 p99 167.0 max 233.0 mean 150.7 ms (n=1777282)
  near entity update interval (tracked bots): p50 33.0 p99 33.0 max 100.0 mean 33.2 ms (n=412843)
  mid entity update interval (tracked bots): p50 100.0 p99 100.0 max 800.0 mean 100.7 ms (n=389637)
  far entity update interval (tracked bots): p50 500.0 p99 500.0 max 44500.0 mean 511.0 ms (n=525469)
  input clock: 6522 extra inputs, 5484 skipped ticks, 0 backlog skips | near decode errors (tracked bots) 0
  bytes down 403.9 MB up 89.2 MB | swarm busy 6% of its threads' time, tick overruns 0
