spawn=uniform
egress=sendmmsg
ladder=on
threads=8
shards=64
peak_clients=1000
steady_ticks=1706
steady_secs=56.8
ingress_p50_ms=0.33
ingress_p99_ms=0.53
ingress_max_ms=1.10
events_p50_ms=0.09
events_p99_ms=0.16
events_max_ms=0.40
movement_p50_ms=0.17
movement_p99_ms=0.24
movement_max_ms=0.30
grid_p50_ms=0.05
grid_p99_ms=0.09
grid_max_ms=0.15
history_p50_ms=0.00
history_p99_ms=0.00
history_max_ms=0.02
serialize_p50_ms=0.04
serialize_p99_ms=0.07
serialize_max_ms=0.17
assembly_p50_ms=0.72
assembly_p99_ms=1.10
assembly_max_ms=1.47
transport_p50_ms=0.36
transport_p99_ms=0.70
transport_max_ms=0.85
egress_p50_ms=1.93
egress_p99_ms=2.39
egress_max_ms=3.03
tick_p50_ms=3.74
tick_p99_ms=4.57
tick_max_ms=5.24
steady_overruns=0
level_mode=0
tick_hz=30
dilation=1
levels=L0:1706
clients_avg=1000
out_pps=30015
in_pps=29795
egress_mbps=54.4
packets_per_client_tick=1.00
wire_bytes_per_client_tick=227
down_kbps_per_client=54.4
up_kbps_per_client=11.9
kernel_rcvbuf_drops=0
kernel_sndbuf_drops=0
snapshot_bytes_per_client_tick=192
near_bytes_per_client_tick=31
near_per_client_tick=4.3
mid_per_client_tick=4.2
far_per_client_tick=6.3
far_skipped=0
far_starved=0
repeated=425
frozen=0
late_inputs=422
discarded_inputs=0
input_wait_p50_ms=51.1
input_wait_p99_ms=75.5
spawns=1000
despawns=1000
joins_deferred=359
bad_messages=0
recv_errors=0
send_errors=0
datagrams=1797657
sends=1797657
send_syscalls=115201
