preallocated connections for 10000 clients in 188.6175ms
listening on 127.0.0.1:40540 | spawn Uniform | tiers near 64@150 m, mid 500 m, far 1500 m, budget 6250 B/tick, squads of 4 | 8 rayon threads, 64 shards, 256 accepts/tick, egress SendMmsg | socket buffers rcv 8192 KiB snd 8192 KiB
WARNING: token key is the public dev key; anyone can mint tokens for this server (--token-key)
[    5s] clients 1000 | level 0 (0-0 in window: 30 Hz, dilation 1.0), pace 1.00, 0.0% clients bandwidth-degraded | tick p50 3.77 p99 6.07 max 23.02 ms, 0 overruns | out 27.4k pps 55 kbps/client, 49 Mbps | in 26.4k pps 13 kbps/client | stand-ins: repeated 0.03% frozen 0.00%, 39 late inputs | per client-tick: 192 B (near 32 B, 96% deltas), near 4.3 mid 4.2 far 6.2, far skipped 0 starved 0 | input wait p50 50.3 p99 75.5 ms | 359 joins deferred | kernel drops rcv 0 snd 0
         p50/p99 ms: ingress 0.33/0.77  events 0.09/1.39  movement 0.16/0.28  grid 0.06/0.16  history 0.00/0.01  serialize 0.04/0.08  assembly 0.74/1.19  transport 0.36/0.83  egress 1.92/4.01
[   10s] clients 1000 | level 0 (0-0 in window: 30 Hz, dilation 1.0), pace 1.00, 0.0% clients bandwidth-degraded | tick p50 3.75 p99 4.79 max 5.24 ms, 0 overruns | out 30.0k pps 54 kbps/client, 54 Mbps | in 29.8k pps 12 kbps/client | stand-ins: repeated 0.02% frozen 0.00%, 36 late inputs | per client-tick: 192 B (near 31 B, 100% deltas), near 4.3 mid 4.2 far 6.3, far skipped 0 starved 0 | input wait p50 51.3 p99 75.4 ms | 0 joins deferred | kernel drops rcv 0 snd 0
         p50/p99 ms: ingress 0.33/0.58  events 0.09/0.17  movement 0.16/0.29  grid 0.05/0.08  history 0.00/0.00  serialize 0.04/0.08  assembly 0.73/1.19  transport 0.36/0.72  egress 1.91/2.39
[   15s] clients 1000 | level 0 (0-0 in window: 30 Hz, dilation 1.0), pace 1.00, 0.0% clients bandwidth-degraded | tick p50 3.69 p99 4.71 max 4.92 ms, 0 overruns | out 30.0k pps 54 kbps/client, 54 Mbps | in 29.8k pps 12 kbps/client | stand-ins: repeated 0.02% frozen 0.00%, 37 late inputs | per client-tick: 192 B (near 31 B, 100% deltas), near 4.3 mid 4.2 far 6.3, far skipped 0 starved 0 | input wait p50 51.2 p99 75.3 ms | 0 joins deferred | kernel drops rcv 0 snd 0
         p50/p99 ms: ingress 0.33/0.43  events 0.09/0.13  movement 0.17/0.22  grid 0.05/0.07  history 0.00/0.00  serialize 0.04/0.06  assembly 0.72/1.05  transport 0.36/0.73  egress 1.92/2.68
[   20s] clients 1000 | level 0 (0-0 in window: 30 Hz, dilation 1.0), pace 1.00, 0.0% clients bandwidth-degraded | tick p50 3.74 p99 4.57 max 4.91 ms, 0 overruns | out 30.0k pps 54 kbps/client, 54 Mbps | in 29.8k pps 12 kbps/client | stand-ins: repeated 0.02% frozen 0.00%, 34 late inputs | per client-tick: 192 B (near 30 B, 100% deltas), near 4.3 mid 4.2 far 6.3, far skipped 0 starved 0 | input wait p50 51.0 p99 75.1 ms | 0 joins deferred | kernel drops rcv 0 snd 0
         p50/p99 ms: ingress 0.34/0.43  events 0.09/0.16  movement 0.17/0.28  grid 0.05/0.08  history 0.00/0.01  serialize 0.04/0.06  assembly 0.76/1.03  transport 0.36/0.69  egress 1.92/2.69
[   25s] clients 1000 | level 0 (0-0 in window: 30 Hz, dilation 1.0), pace 1.00, 0.0% clients bandwidth-degraded | tick p50 3.75 p99 4.54 max 4.54 ms, 0 overruns | out 30.0k pps 54 kbps/client, 54 Mbps | in 29.8k pps 12 kbps/client | stand-ins: repeated 0.02% frozen 0.00%, 36 late inputs | per client-tick: 192 B (near 31 B, 100% deltas), near 4.3 mid 4.2 far 6.3, far skipped 0 starved 0 | input wait p50 51.2 p99 75.5 ms | 0 joins deferred | kernel drops rcv 0 snd 0
         p50/p99 ms: ingress 0.33/0.47  events 0.09/0.24  movement 0.17/0.24  grid 0.05/0.10  history 0.00/0.00  serialize 0.04/0.10  assembly 0.75/1.10  transport 0.36/0.63  egress 1.95/2.47
[   30s] clients 1000 | level 0 (0-0 in window: 30 Hz, dilation 1.0), pace 1.00, 0.0% clients bandwidth-degraded | tick p50 3.72 p99 4.41 max 4.74 ms, 0 overruns | out 30.0k pps 54 kbps/client, 54 Mbps | in 29.8k pps 12 kbps/client | stand-ins: repeated 0.03% frozen 0.00%, 41 late inputs | per client-tick: 192 B (near 31 B, 100% deltas), near 4.3 mid 4.2 far 6.3, far skipped 0 starved 0 | input wait p50 51.1 p99 75.4 ms | 0 joins deferred | kernel drops rcv 0 snd 0
         p50/p99 ms: ingress 0.33/0.50  events 0.09/0.13  movement 0.17/0.22  grid 0.05/0.13  history 0.00/0.00  serialize 0.04/0.06  assembly 0.67/1.11  transport 0.36/0.74  egress 1.94/2.27
[   35s] clients 1000 | level 0 (0-0 in window: 30 Hz, dilation 1.0), pace 1.00, 0.0% clients bandwidth-degraded | tick p50 3.78 p99 4.43 max 4.50 ms, 0 overruns | out 30.0k pps 54 kbps/client, 54 Mbps | in 29.7k pps 12 kbps/client | stand-ins: repeated 0.03% frozen 0.00%, 42 late inputs | per client-tick: 192 B (near 31 B, 100% deltas), near 4.3 mid 4.2 far 6.3, far skipped 0 starved 0 | input wait p50 51.2 p99 75.7 ms | 0 joins deferred | kernel drops rcv 0 snd 0
         p50/p99 ms: ingress 0.34/0.56  events 0.09/0.16  movement 0.17/0.28  grid 0.05/0.07  history 0.00/0.00  serialize 0.04/0.07  assembly 0.73/1.15  transport 0.36/0.69  egress 1.96/2.34
[   40s] clients 1000 | level 0 (0-0 in window: 30 Hz, dilation 1.0), pace 1.00, 0.0% clients bandwidth-degraded | tick p50 3.76 p99 4.43 max 4.73 ms, 0 overruns | out 30.0k pps 54 kbps/client, 54 Mbps | in 29.7k pps 12 kbps/client | stand-ins: repeated 0.03% frozen 0.00%, 47 late inputs | per client-tick: 191 B (near 31 B, 100% deltas), near 4.3 mid 4.2 far 6.3, far skipped 0 starved 0 | input wait p50 51.4 p99 75.9 ms | 0 joins deferred | kernel drops rcv 0 snd 0
         p50/p99 ms: ingress 0.34/0.48  events 0.09/0.14  movement 0.17/0.22  grid 0.06/0.08  history 0.00/0.00  serialize 0.04/0.06  assembly 0.73/1.06  transport 0.36/0.69  egress 1.95/2.30
[   45s] clients 1000 | level 0 (0-0 in window: 30 Hz, dilation 1.0), pace 1.00, 0.0% clients bandwidth-degraded | tick p50 3.78 p99 4.57 max 4.59 ms, 0 overruns | out 30.0k pps 54 kbps/client, 54 Mbps | in 29.8k pps 12 kbps/client | stand-ins: repeated 0.03% frozen 0.00%, 41 late inputs | per client-tick: 191 B (near 31 B, 100% deltas), near 4.3 mid 4.2 far 6.3, far skipped 0 starved 0 | input wait p50 51.3 p99 75.7 ms | 0 joins deferred | kernel drops rcv 0 snd 0
         p50/p99 ms: ingress 0.34/0.54  events 0.09/0.16  movement 0.17/0.22  grid 0.05/0.10  history 0.00/0.00  serialize 0.04/0.06  assembly 0.74/1.10  transport 0.36/0.66  egress 1.93/2.42
[   50s] clients 1000 | level 0 (0-0 in window: 30 Hz, dilation 1.0), pace 1.00, 0.0% clients bandwidth-degraded | tick p50 3.71 p99 4.39 max 4.76 ms, 0 overruns | out 30.0k pps 54 kbps/client, 54 Mbps | in 29.7k pps 12 kbps/client | stand-ins: repeated 0.03% frozen 0.00%, 36 late inputs | per client-tick: 191 B (near 31 B, 100% deltas), near 4.3 mid 4.2 far 6.3, far skipped 0 starved 0 | input wait p50 51.2 p99 75.5 ms | 0 joins deferred | kernel drops rcv 0 snd 0
         p50/p99 ms: ingress 0.33/0.77  events 0.09/0.14  movement 0.17/0.24  grid 0.06/0.13  history 0.00/0.02  serialize 0.04/0.06  assembly 0.69/1.06  transport 0.36/0.71  egress 1.91/2.38
[   55s] clients 1000 | level 0 (0-0 in window: 30 Hz, dilation 1.0), pace 1.00, 0.0% clients bandwidth-degraded | tick p50 3.73 p99 4.44 max 4.47 ms, 0 overruns | out 30.0k pps 54 kbps/client, 54 Mbps | in 29.8k pps 12 kbps/client | stand-ins: repeated 0.02% frozen 0.00%, 29 late inputs | per client-tick: 192 B (near 31 B, 100% deltas), near 4.3 mid 4.2 far 6.3, far skipped 0 starved 0 | input wait p50 51.2 p99 75.4 ms | 0 joins deferred | kernel drops rcv 0 snd 0
         p50/p99 ms: ingress 0.34/0.67  events 0.09/0.19  movement 0.17/0.22  grid 0.06/0.09  history 0.00/0.00  serialize 0.04/0.06  assembly 0.74/1.08  transport 0.36/0.71  egress 1.93/2.31
[   60s] clients 1000 | level 0 (0-0 in window: 30 Hz, dilation 1.0), pace 1.00, 0.0% clients bandwidth-degraded | tick p50 3.67 p99 4.77 max 4.79 ms, 0 overruns | out 30.0k pps 54 kbps/client, 54 Mbps | in 29.8k pps 12 kbps/client | stand-ins: repeated 0.02% frozen 0.00%, 34 late inputs | per client-tick: 191 B (near 31 B, 100% deltas), near 4.3 mid 4.2 far 6.3, far skipped 0 starved 0 | input wait p50 51.2 p99 75.6 ms | 0 joins deferred | kernel drops rcv 0 snd 0
         p50/p99 ms: ingress 0.33/0.46  events 0.09/0.28  movement 0.17/0.29  grid 0.05/0.08  history 0.00/0.00  serialize 0.04/0.08  assembly 0.67/1.10  transport 0.36/0.67  egress 1.90/2.36
[   60s] clients 0 | level 0 (0-0 in window: 30 Hz, dilation 1.0), pace 1.00, 0.0% clients bandwidth-degraded | tick p50 3.68 p99 10.80 max 10.80 ms, 0 overruns | out 23.3k pps 53 kbps/client, 41 Mbps | in 38.3k pps 15 kbps/client | stand-ins: repeated 0.04% frozen 0.00%, 2 late inputs | per client-tick: 184 B (near 30 B, 100% deltas), near 4.2 mid 3.9 far 6.0, far skipped 0 starved 0 | input wait p50 51.2 p99 74.3 ms | 0 joins deferred | kernel drops rcv 0 snd 0
         p50/p99 ms: ingress 0.33/0.54  events 0.11/2.57  movement 0.17/0.49  grid 0.05/0.51  history 0.00/0.00  serialize 0.04/0.11  assembly 0.62/1.00  transport 0.34/0.92  egress 1.98/5.04

== summary: 1706 steady-state ticks (after warmup, before clients drain), peak 1000 clients ==
  phase        p50 ms   p99 ms   max ms
  ingress        0.33     0.53     1.10
  events         0.09     0.16     0.40
  movement       0.17     0.24     0.30
  grid           0.05     0.09     0.15
  history        0.00     0.00     0.02
  serialize      0.04     0.07     0.17
  assembly       0.72     1.10     1.47
  transport      0.36     0.70     0.85
  egress         1.93     2.39     3.03
  tick           3.74     4.57     5.24
  overruns 0 | spawns 1000 despawns 1000 (359 joins deferred) | stand-ins: repeated 457 frozen 0 | late inputs 454 discarded 0 | bad messages 0 | recv errors 0 send errors 0
  egress (whole run): 1797657 datagrams in 1797657 sends (1.00 per send), 115201 syscalls
  ticks per ladder level (whole run): L0: 1813
  input wait on the server (datagram arrival -> applied): p50 51.1 p99 75.5 max 122.9 mean 51.3 ms
  steady state: stand-ins repeated 425 frozen 0 | late inputs 422 discarded 0
