minting tokens with the public dev key (--token-key to change)
1000 bots -> 127.0.0.1:40500 on 8 threads, ramp 0/s, 60s, 1000 full + 0 sink bots
[    5s] bots 1000/1000 connected, 1000 welcomed, 0 failed | 24.5 snaps/s/bot, entities/snap near 4.4 mid 4.3 far 6.4 | corrections 0.002/s/bot | down 50 up 13 kbps/bot | rtt 151.7 ms loss 0.01% | input->applied ~ p50 125 p99 168 ms, round trip p50 233 p99 267 ms | joins 1000 (p50 499 p99 732 ms) | server pace 1.00 level 0, 0 bots bandwidth-degraded | swarm busy 6%, overruns 5
[   10s] bots 1000/1000 connected, 1000 welcomed, 0 failed | 30.4 snaps/s/bot, entities/snap near 4.4 mid 4.2 far 6.4 | corrections 0.001/s/bot | down 61 up 16 kbps/bot | rtt 151.4 ms loss 0.93% | input->applied ~ p50 127 p99 168 ms, round trip p50 233 p99 267 ms | joins 0 (p50 0 p99 0 ms) | server pace 1.00 level 0, 0 bots bandwidth-degraded | swarm busy 6%, overruns 0
[   15s] bots 1000/1000 connected, 1000 welcomed, 0 failed | 28.6 snaps/s/bot, entities/snap near 4.4 mid 4.2 far 6.4 | corrections 0.001/s/bot | down 57 up 15 kbps/bot | rtt 151.6 ms loss 0.99% | input->applied ~ p50 128 p99 168 ms, round trip p50 233 p99 267 ms | joins 0 (p50 0 p99 0 ms) | server pace 1.00 level 0, 0 bots bandwidth-degraded | swarm busy 6%, overruns 0
[   20s] bots 1000/1000 connected, 1000 welcomed, 0 failed | 29.4 snaps/s/bot, entities/snap near 4.4 mid 4.2 far 6.4 | corrections 0.001/s/bot | down 59 up 15 kbps/bot | rtt 151.6 ms loss 1.09% | input->applied ~ p50 127 p99 169 ms, round trip p50 233 p99 267 ms | joins 0 (p50 0 p99 0 ms) | server pace 1.00 level 0, 0 bots bandwidth-degraded | swarm busy 6%, overruns 0
[   25s] bots 1000/1000 connected, 1000 welcomed, 0 failed | 30.2 snaps/s/bot, entities/snap near 4.3 mid 4.2 far 6.4 | corrections 0.001/s/bot | down 60 up 15 kbps/bot | rtt 151.4 ms loss 0.96% | input->applied ~ p50 128 p99 170 ms, round trip p50 233 p99 267 ms | joins 0 (p50 0 p99 0 ms) | server pace 1.00 level 0, 0 bots bandwidth-degraded | swarm busy 6%, overruns 0
[   30s] bots 1000/1000 connected, 1000 welcomed, 0 failed | 28.6 snaps/s/bot, entities/snap near 4.3 mid 4.2 far 6.4 | corrections 0.002/s/bot | down 57 up 15 kbps/bot | rtt 151.3 ms loss 1.03% | input->applied ~ p50 128 p99 168 ms, round trip p50 233 p99 267 ms | joins 0 (p50 0 p99 0 ms) | server pace 1.00 level 0, 0 bots bandwidth-degraded | swarm busy 6%, overruns 0
[   35s] bots 1000/1000 connected, 1000 welcomed, 0 failed | 29.8 snaps/s/bot, entities/snap near 4.3 mid 4.2 far 6.4 | corrections 0.001/s/bot | down 60 up 15 kbps/bot | rtt 151.7 ms loss 1.02% | input->applied ~ p50 127 p99 168 ms, round trip p50 233 p99 267 ms | joins 0 (p50 0 p99 0 ms) | server pace 1.00 level 0, 0 bots bandwidth-degraded | swarm busy 6%, overruns 0
[   40s] bots 1000/1000 connected, 1000 welcomed, 0 failed | 29.9 snaps/s/bot, entities/snap near 4.3 mid 4.2 far 6.4 | corrections 0.001/s/bot | down 60 up 15 kbps/bot | rtt 151.5 ms loss 0.99% | input->applied ~ p50 128 p99 168 ms, round trip p50 233 p99 267 ms | joins 0 (p50 0 p99 0 ms) | server pace 1.00 level 0, 0 bots bandwidth-degraded | swarm busy 6%, overruns 0
[   45s] bots 1000/1000 connected, 1000 welcomed, 0 failed | 28.4 snaps/s/bot, entities/snap near 4.3 mid 4.2 far 6.4 | corrections 0.001/s/bot | down 57 up 14 kbps/bot | rtt 151.7 ms loss 0.91% | input->applied ~ p50 127 p99 170 ms, round trip p50 233 p99 267 ms | joins 0 (p50 0 p99 0 ms) | server pace 1.00 level 0, 0 bots bandwidth-degraded | swarm busy 6%, overruns 0
[   50s] bots 1000/1000 connected, 1000 welcomed, 0 failed | 30.6 snaps/s/bot, entities/snap near 4.3 mid 4.2 far 6.4 | corrections 0.002/s/bot | down 61 up 16 kbps/bot | rtt 151.6 ms loss 1.02% | input->applied ~ p50 127 p99 169 ms, round trip p50 233 p99 267 ms | joins 0 (p50 0 p99 0 ms) | server pace 1.00 level 0, 0 bots bandwidth-degraded | swarm busy 6%, overruns 0
[   55s] bots 1000/1000 connected, 1000 welcomed, 0 failed | 29.0 snaps/s/bot, entities/snap near 4.4 mid 4.2 far 6.4 | corrections 0.002/s/bot | down 58 up 15 kbps/bot | rtt 151.5 ms loss 0.97% | input->applied ~ p50 128 p99 169 ms, round trip p50 233 p99 267 ms | joins 0 (p50 0 p99 0 ms) | server pace 1.00 level 0, 0 bots bandwidth-degraded | swarm busy 6%, overruns 0
[   60s] bots 1000/1000 connected, 1000 welcomed, 0 failed | 28.9 snaps/s/bot, entities/snap near 4.4 mid 4.2 far 6.4 | corrections 0.002/s/bot | down 58 up 15 kbps/bot | rtt 151.5 ms loss 0.98% | input->applied ~ p50 127 p99 170 ms, round trip p50 233 p99 267 ms | joins 0 (p50 0 p99 0 ms) | server pace 1.00 level 0, 0 bots bandwidth-degraded | swarm busy 6%, overruns 0

== bots summary ==
  started 1000 welcomed 1000 failed 0
  join latency ms: p50 499 p99 732 max 799 (n=1000)
  corrections 81 (0.08/bot-minute), mean error 0.077 m, max 0.152 m
  push corrections (the server pushed us apart from a crowd) 74 (0.07/bot-minute), max 0.100 m
  snapshots 1750461 (entities per snapshot: near 4.4 mid 4.2 far 6.4), stale 16341, unmatched acks 0, resyncs 0
  input -> applied on server (est. RTT/2 + server wait): p50 127.0 p99 169.0 max 219.0 mean 128.6 ms (n=1743402)
    of which server wait (arrival -> applied): p50 51.4 p99 93.4 max 141.3 mean 52.7 ms (n=1743402)
  input -> seen acked (round trip): p50 233.0 p99 267.0 max 329.0 mean 221.9 ms (n=1745858)
  near entity update interval (tracked bots): p50 33.0 p99 66.0 max 200.0 mean 33.7 ms (n=399171)
  mid entity update interval (tracked bots): p50 100.0 p99 200.0 max 1000.0 mean 101.3 ms (n=422291)
  far entity update interval (tracked bots): p50 500.0 p99 1000.0 max 2000.0 mean 505.0 ms (n=554050)
  near drawn (tracked bots): 99.87% interpolated, 0.01% extrapolated, 0.00% held, 0.13% new | pops p50 0 p99 0 max 203 mm
  mid drawn (tracked bots): 99.44% interpolated, 0.20% extrapolated, 0.01% held, 0.36% new | pops p50 0 p99 0 max 3765 mm
  far drawn (tracked bots): 39.58% interpolated, 59.11% extrapolated, 0.90% held, 0.41% new | pops p50 449 p99 3913 max 10708 mm
  render delay (near) 95.3 ms behind the newest step, clock snaps 0 (backwards 0)
  input clock: 16430 extra inputs, 15478 skipped ticks, 14 backlog skips | near decode errors (tracked bots) 0
  bytes down 438.9 MB up 111.5 MB | swarm busy 6% of its threads' time, tick overruns 5
