started=1000
welcomed=1000
failed=0
join_p50_ms=499
join_p99_ms=732
join_max_ms=799
corrections=81
corrections_per_bot_minute=0.081
correction_max_m=0.152
push_corrections=74
push_corrections_per_bot_minute=0.074
push_max_m=0.100
snapshots=1750461
near_per_snapshot=4.4
mid_per_snapshot=4.2
far_per_snapshot=6.4
stale_snapshots=16341
resyncs=0
input_applied_p50_ms=127.0
input_applied_p99_ms=169.0
input_applied_mean_ms=128.6
server_wait_p50_ms=51.4
server_wait_p99_ms=93.4
server_wait_mean_ms=52.7
round_trip_p50_ms=233.0
round_trip_p99_ms=267.0
round_trip_mean_ms=221.9
near_interval_p50_ms=33.0
near_interval_p99_ms=66.0
near_interval_mean_ms=33.7
mid_interval_p50_ms=100.0
mid_interval_p99_ms=200.0
mid_interval_mean_ms=101.3
far_interval_p50_ms=500.0
far_interval_p99_ms=1000.0
far_interval_mean_ms=505.0
near_interpolated_pct=99.87
near_extrapolated_pct=0.01
near_held_pct=0.00
near_new_pct=0.13
near_pop_p50_mm=0
near_pop_p99_mm=0
mid_interpolated_pct=99.44
mid_extrapolated_pct=0.20
mid_held_pct=0.01
mid_new_pct=0.36
mid_pop_p50_mm=0
mid_pop_p99_mm=0
far_interpolated_pct=39.58
far_extrapolated_pct=59.11
far_held_pct=0.90
far_new_pct=0.41
far_pop_p50_mm=449
far_pop_p99_mm=3913
render_delay_ms=95.3
render_snaps=0
render_backwards=0
clock_extra=16430
clock_skipped=15478
backlog_skips=14
near_decode_errors=0
bytes_down_mb=438.9
bytes_up_mb=111.5
swarm_busy_pct=6
swarm_overruns=5
