preallocated connections for 10000 clients in 256.588083ms
listening on 127.0.0.1:40500 | spawn Uniform | tiers near 64@150 m, mid 500 m, far 1500 m, budget 6250 B/tick, squads of 4 | 8 rayon threads, 64 shards, 1 socket(s), 256 accepts/tick, egress SendMmsg | socket buffers rcv 8192 KiB snd 8192 KiB
WARNING: token key is the public dev key; anyone can mint tokens for this server (--token-key)
[    5s] clients 1000 | level 0 (0-0 in window: 30 Hz, dilation 1.0), pace 1.00, 0.0% clients bandwidth-degraded | tick p50 4.58 p99 7.37 max 26.39 ms, 0 overruns | out 27.4k pps 60 kbps/client, 53 Mbps | in 25.8k pps 16 kbps/client | stand-ins: repeated 0.15% frozen 0.00%, 189 late inputs | per client-tick: 214 B (near 40 B, 95% deltas), near 4.3 mid 4.1 far 6.2, far skipped 0 starved 0 | input wait p50 49.3 p99 91.6 ms | 321 joins deferred | kernel drops rcv 0 snd 0
         p50/p99 ms: ingress 0.38/1.01  events 0.10/2.59  movement 0.28/0.38  grid 0.16/0.32  separate 0.17/0.34  history 0.00/0.02  serialize 0.04/0.09  assembly 0.83/1.36  transport 0.41/1.00  egress 2.05/2.70
[   10s] clients 1000 | level 0 (0-0 in window: 30 Hz, dilation 1.0), pace 1.00, 0.0% clients bandwidth-degraded | tick p50 4.64 p99 5.97 max 6.28 ms, 0 overruns | out 30.0k pps 60 kbps/client, 60 Mbps | in 29.5k pps 15 kbps/client | stand-ins: repeated 0.13% frozen 0.00%, 186 late inputs | per client-tick: 213 B (near 38 B, 100% deltas), near 4.4 mid 4.2 far 6.3, far skipped 0 starved 0 | input wait p50 51.3 p99 93.0 ms | 0 joins deferred | kernel drops rcv 0 snd 0
         p50/p99 ms: ingress 0.38/0.58  events 0.11/0.25  movement 0.29/0.45  grid 0.16/0.43  separate 0.18/0.24  history 0.00/0.00  serialize 0.04/0.14  assembly 0.86/1.43  transport 0.42/0.87  egress 2.16/2.71
[   15s] clients 1000 | level 0 (0-0 in window: 30 Hz, dilation 1.0), pace 1.00, 0.0% clients bandwidth-degraded | tick p50 4.65 p99 5.25 max 5.34 ms, 0 overruns | out 30.0k pps 60 kbps/client, 60 Mbps | in 29.4k pps 15 kbps/client | stand-ins: repeated 0.14% frozen 0.00%, 208 late inputs | per client-tick: 213 B (near 38 B, 100% deltas), near 4.3 mid 4.2 far 6.3, far skipped 0 starved 0 | input wait p50 51.6 p99 93.6 ms | 0 joins deferred | kernel drops rcv 0 snd 0
         p50/p99 ms: ingress 0.38/0.55  events 0.10/0.15  movement 0.29/0.38  grid 0.16/0.26  separate 0.18/0.24  history 0.00/0.00  serialize 0.04/0.07  assembly 0.88/1.19  transport 0.41/0.89  egress 2.18/2.59
[   20s] clients 1000 | level 0 (0-0 in window: 30 Hz, dilation 1.0), pace 1.00, 0.0% clients bandwidth-degraded | tick p50 4.66 p99 5.60 max 5.69 ms, 0 overruns | out 30.0k pps 60 kbps/client, 60 Mbps | in 29.4k pps 15 kbps/client | stand-ins: repeated 0.16% frozen 0.00%, 234 late inputs | per client-tick: 213 B (near 38 B, 100% deltas), near 4.3 mid 4.2 far 6.3, far skipped 0 starved 0 | input wait p50 51.5 p99 93.5 ms | 0 joins deferred | kernel drops rcv 0 snd 0
         p50/p99 ms: ingress 0.38/0.62  events 0.10/0.27  movement 0.29/0.47  grid 0.16/0.45  separate 0.18/0.30  history 0.00/0.00  serialize 0.04/0.10  assembly 0.87/1.23  transport 0.42/0.89  egress 2.15/2.61
[   25s] clients 1000 | level 0 (0-0 in window: 30 Hz, dilation 1.0), pace 1.00, 0.0% clients bandwidth-degraded | tick p50 4.69 p99 5.43 max 5.59 ms, 0 overruns | out 30.0k pps 60 kbps/client, 60 Mbps | in 29.4k pps 15 kbps/client | stand-ins: repeated 0.16% frozen 0.00%, 238 late inputs | per client-tick: 213 B (near 38 B, 100% deltas), near 4.3 mid 4.2 far 6.3, far skipped 0 starved 0 | input wait p50 51.7 p99 94.8 ms | 0 joins deferred | kernel drops rcv 0 snd 0
         p50/p99 ms: ingress 0.38/0.51  events 0.10/0.16  movement 0.29/0.41  grid 0.17/0.24  separate 0.18/0.33  history 0.00/0.00  serialize 0.04/0.11  assembly 0.88/1.15  transport 0.42/0.83  egress 2.16/2.76
[   30s] clients 1000 | level 0 (0-0 in window: 30 Hz, dilation 1.0), pace 1.00, 0.0% clients bandwidth-degraded | tick p50 4.67 p99 5.36 max 5.51 ms, 0 overruns | out 30.0k pps 59 kbps/client, 59 Mbps | in 29.4k pps 15 kbps/client | stand-ins: repeated 0.13% frozen 0.00%, 195 late inputs | per client-tick: 213 B (near 38 B, 100% deltas), near 4.3 mid 4.2 far 6.3, far skipped 0 starved 0 | input wait p50 51.7 p99 93.0 ms | 0 joins deferred | kernel drops rcv 0 snd 0
         p50/p99 ms: ingress 0.38/0.72  events 0.10/0.17  movement 0.29/0.51  grid 0.16/0.28  separate 0.18/0.23  history 0.00/0.00  serialize 0.04/0.07  assembly 0.87/1.21  transport 0.41/0.90  egress 2.16/2.70
[   35s] clients 1000 | level 0 (0-0 in window: 30 Hz, dilation 1.0), pace 1.00, 0.0% clients bandwidth-degraded | tick p50 4.61 p99 5.42 max 5.67 ms, 0 overruns | out 30.0k pps 59 kbps/client, 59 Mbps | in 29.5k pps 15 kbps/client | stand-ins: repeated 0.12% frozen 0.00%, 188 late inputs | per client-tick: 213 B (near 38 B, 100% deltas), near 4.3 mid 4.2 far 6.3, far skipped 0 starved 0 | input wait p50 51.2 p99 92.9 ms | 0 joins deferred | kernel drops rcv 0 snd 0
         p50/p99 ms: ingress 0.38/0.47  events 0.10/0.15  movement 0.29/0.39  grid 0.16/0.24  separate 0.18/0.33  history 0.00/0.00  serialize 0.04/0.07  assembly 0.88/1.24  transport 0.42/0.82  egress 2.16/2.62
[   40s] clients 1000 | level 0 (0-0 in window: 30 Hz, dilation 1.0), pace 1.00, 0.0% clients bandwidth-degraded | tick p50 4.60 p99 5.43 max 5.54 ms, 0 overruns | out 30.0k pps 60 kbps/client, 60 Mbps | in 29.4k pps 15 kbps/client | stand-ins: repeated 0.15% frozen 0.00%, 224 late inputs | per client-tick: 213 B (near 38 B, 100% deltas), near 4.3 mid 4.2 far 6.3, far skipped 0 starved 0 | input wait p50 51.9 p99 93.1 ms | 0 joins deferred | kernel drops rcv 0 snd 0
         p50/p99 ms: ingress 0.38/0.70  events 0.10/0.20  movement 0.30/0.42  grid 0.17/0.23  separate 0.18/0.27  history 0.00/0.00  serialize 0.04/0.07  assembly 0.87/1.16  transport 0.41/0.96  egress 2.16/2.54
[   45s] clients 1000 | level 0 (0-0 in window: 30 Hz, dilation 1.0), pace 1.00, 0.0% clients bandwidth-degraded | tick p50 4.60 p99 5.72 max 5.96 ms, 0 overruns | out 30.0k pps 59 kbps/client, 59 Mbps | in 29.4k pps 15 kbps/client | stand-ins: repeated 0.14% frozen 0.00%, 206 late inputs | per client-tick: 213 B (near 38 B, 100% deltas), near 4.3 mid 4.2 far 6.3, far skipped 0 starved 0 | input wait p50 51.6 p99 94.4 ms | 0 joins deferred | kernel drops rcv 0 snd 0
         p50/p99 ms: ingress 0.38/0.54  events 0.10/0.17  movement 0.29/0.38  grid 0.15/0.23  separate 0.18/0.27  history 0.00/0.00  serialize 0.04/0.08  assembly 0.87/1.22  transport 0.42/0.81  egress 2.12/2.80
[   50s] clients 1000 | level 0 (0-0 in window: 30 Hz, dilation 1.0), pace 1.00, 0.0% clients bandwidth-degraded | tick p50 4.59 p99 5.43 max 5.82 ms, 0 overruns | out 30.0k pps 59 kbps/client, 59 Mbps | in 29.4k pps 15 kbps/client | stand-ins: repeated 0.14% frozen 0.00%, 212 late inputs | per client-tick: 213 B (near 38 B, 100% deltas), near 4.3 mid 4.2 far 6.3, far skipped 0 starved 0 | input wait p50 51.2 p99 93.9 ms | 0 joins deferred | kernel drops rcv 0 snd 0
         p50/p99 ms: ingress 0.38/0.73  events 0.10/0.15  movement 0.29/0.36  grid 0.16/0.25  separate 0.18/0.28  history 0.00/0.00  serialize 0.04/0.07  assembly 0.87/1.18  transport 0.41/0.84  egress 2.13/2.76
[   55s] clients 1000 | level 0 (0-0 in window: 30 Hz, dilation 1.0), pace 1.00, 0.0% clients bandwidth-degraded | tick p50 4.61 p99 5.37 max 5.81 ms, 0 overruns | out 30.0k pps 60 kbps/client, 60 Mbps | in 29.4k pps 15 kbps/client | stand-ins: repeated 0.14% frozen 0.00%, 213 late inputs | per client-tick: 213 B (near 38 B, 100% deltas), near 4.3 mid 4.2 far 6.3, far skipped 0 starved 0 | input wait p50 51.6 p99 93.3 ms | 0 joins deferred | kernel drops rcv 0 snd 0
         p50/p99 ms: ingress 0.37/0.56  events 0.10/0.15  movement 0.29/0.39  grid 0.16/0.24  separate 0.18/0.23  history 0.00/0.00  serialize 0.04/0.07  assembly 0.89/1.27  transport 0.42/0.86  egress 2.17/2.66
[   60s] clients 1000 | level 0 (0-0 in window: 30 Hz, dilation 1.0), pace 1.00, 0.0% clients bandwidth-degraded | tick p50 4.66 p99 5.82 max 8.71 ms, 0 overruns | out 30.0k pps 60 kbps/client, 60 Mbps | in 29.4k pps 15 kbps/client | stand-ins: repeated 0.13% frozen 0.00%, 199 late inputs | per client-tick: 213 B (near 38 B, 100% deltas), near 4.3 mid 4.2 far 6.3, far skipped 0 starved 0 | input wait p50 51.4 p99 94.2 ms | 0 joins deferred | kernel drops rcv 0 snd 0
         p50/p99 ms: ingress 0.38/0.55  events 0.10/0.23  movement 0.29/0.54  grid 0.16/0.27  separate 0.18/0.28  history 0.00/0.00  serialize 0.04/0.10  assembly 0.86/1.19  transport 0.42/0.96  egress 2.16/2.64
[   60s] clients 0 | level 0 (0-0 in window: 30 Hz, dilation 1.0), pace 1.00, 0.0% clients bandwidth-degraded | tick p50 4.57 p99 5.27 max 5.27 ms, 0 overruns | out 18.9k pps 58 kbps/client, 36 Mbps | in 34.0k pps 19 kbps/client | stand-ins: repeated 0.24% frozen 0.00%, 11 late inputs | per client-tick: 204 B (near 36 B, 100% deltas), near 4.1 mid 4.0 far 5.9, far skipped 0 starved 0 | input wait p50 51.7 p99 93.9 ms | 0 joins deferred | kernel drops rcv 0 snd 0
         p50/p99 ms: ingress 0.36/1.01  events 0.10/0.41  movement 0.29/0.54  grid 0.15/0.23  separate 0.17/0.51  history 0.00/0.00  serialize 0.04/0.06  assembly 0.91/1.39  transport 0.40/1.00  egress 2.09/2.46

== summary: 1705 steady-state ticks (after warmup, before clients drain), peak 1000 clients ==
  phase        p50 ms   p99 ms   max ms
  ingress        0.38     0.60     1.02
  events         0.10     0.19     0.37
  movement       0.29     0.42     0.77
  grid           0.16     0.26     0.45
  separate       0.18     0.30     0.36
  history        0.00     0.00     0.01
  serialize      0.04     0.08     0.19
  assembly       0.87     1.23     1.44
  transport      0.42     0.87     1.09
  egress         2.15     2.66     5.25
  tick           4.64     5.51     8.71
  overruns 0 | spawns 1000 despawns 1000 (321 joins deferred) | stand-ins: repeated 2514 frozen 1 | late inputs 2503 discarded 0 | bad messages 0 | recv errors 0 send errors 0
  egress (whole run): 1797079 datagrams in 1797079 sends (1.00 per send), 115229 syscalls
  ticks per ladder level (whole run): L0: 1813
  input wait on the server (datagram arrival -> applied): p50 51.4 p99 93.4 max 141.3 mean 52.7 ms
  steady state: stand-ins repeated 2375 frozen 0 | late inputs 2363 discarded 0
  rewind of near targets (applied step - the input's render step for that tier): p50 267 p99 333 max 385 mean 274.9 ms (n=1775832)
  rewind of mid/far targets (applied step - the input's render step for that tier): p50 400 p99 435 max 497 mean 406.7 ms (n=1775832)
  render times ahead of the server (bogus) 0
