1000 bots -> 172.31.17.93:40500 on 28 threads x 8 slots, ramp 0/s, 60s, 1000 full + 0 sink bots
[    5s] bots 1000/1000 connected, 1000 welcomed, 0 failed | 26.2 snaps/s/bot, entities/snap near 4.4 mid 4.2 far 6.3 | corrections 0.000/s/bot | down 52 up 13 kbps/bot | rtt 2.7 ms loss 0.00% | input->applied ~ p50 52 p99 80 ms, round trip p50 67 p99 100 ms | joins 1000 (p50 146 p99 331 ms) | server pace 1.00 level 0, 0 bots bandwidth-degraded | swarm busy 2%, overruns 236
[   10s] bots 1000/1000 connected, 1000 welcomed, 0 failed | 30.1 snaps/s/bot, entities/snap near 4.3 mid 4.2 far 6.3 | corrections 0.000/s/bot | down 59 up 15 kbps/bot | rtt 2.6 ms loss 0.00% | input->applied ~ p50 50 p99 68 ms, round trip p50 67 p99 100 ms | joins 0 (p50 0 p99 0 ms) | server pace 1.00 level 0, 0 bots bandwidth-degraded | swarm busy 1%, overruns 0
[   15s] bots 1000/1000 connected, 1000 welcomed, 0 failed | 30.2 snaps/s/bot, entities/snap near 4.3 mid 4.2 far 6.3 | corrections 0.000/s/bot | down 59 up 15 kbps/bot | rtt 2.6 ms loss 0.00% | input->applied ~ p50 50 p99 68 ms, round trip p50 67 p99 100 ms | joins 0 (p50 0 p99 0 ms) | server pace 1.00 level 0, 0 bots bandwidth-degraded | swarm busy 1%, overruns 0
[   20s] bots 1000/1000 connected, 1000 welcomed, 0 failed | 30.2 snaps/s/bot, entities/snap near 4.3 mid 4.2 far 6.3 | corrections 0.000/s/bot | down 59 up 15 kbps/bot | rtt 2.6 ms loss 0.00% | input->applied ~ p50 50 p99 68 ms, round trip p50 67 p99 100 ms | joins 0 (p50 0 p99 0 ms) | server pace 1.00 level 0, 0 bots bandwidth-degraded | swarm busy 1%, overruns 0
[   25s] bots 1000/1000 connected, 1000 welcomed, 0 failed | 30.2 snaps/s/bot, entities/snap near 4.3 mid 4.2 far 6.3 | corrections 0.000/s/bot | down 59 up 15 kbps/bot | rtt 2.7 ms loss 0.00% | input->applied ~ p50 50 p99 68 ms, round trip p50 67 p99 100 ms | joins 0 (p50 0 p99 0 ms) | server pace 1.00 level 0, 0 bots bandwidth-degraded | swarm busy 1%, overruns 0
[   30s] bots 1000/1000 connected, 1000 welcomed, 0 failed | 30.2 snaps/s/bot, entities/snap near 4.4 mid 4.2 far 6.3 | corrections 0.000/s/bot | down 59 up 15 kbps/bot | rtt 2.6 ms loss 0.00% | input->applied ~ p50 50 p99 68 ms, round trip p50 67 p99 100 ms | joins 0 (p50 0 p99 0 ms) | server pace 1.00 level 0, 0 bots bandwidth-degraded | swarm busy 1%, overruns 0
[   35s] bots 1000/1000 connected, 1000 welcomed, 0 failed | 30.2 snaps/s/bot, entities/snap near 4.4 mid 4.2 far 6.3 | corrections 0.000/s/bot | down 59 up 15 kbps/bot | rtt 2.7 ms loss 0.00% | input->applied ~ p50 50 p99 68 ms, round trip p50 67 p99 100 ms | joins 0 (p50 0 p99 0 ms) | server pace 1.00 level 0, 0 bots bandwidth-degraded | swarm busy 1%, overruns 0
[   40s] bots 1000/1000 connected, 1000 welcomed, 0 failed | 30.2 snaps/s/bot, entities/snap near 4.4 mid 4.2 far 6.3 | corrections 0.000/s/bot | down 59 up 15 kbps/bot | rtt 2.6 ms loss 0.00% | input->applied ~ p50 50 p99 68 ms, round trip p50 67 p99 100 ms | joins 0 (p50 0 p99 0 ms) | server pace 1.00 level 0, 0 bots bandwidth-degraded | swarm busy 1%, overruns 0
[   45s] bots 1000/1000 connected, 1000 welcomed, 0 failed | 30.1 snaps/s/bot, entities/snap near 4.4 mid 4.2 far 6.3 | corrections 0.000/s/bot | down 59 up 15 kbps/bot | rtt 2.7 ms loss 0.00% | input->applied ~ p50 50 p99 68 ms, round trip p50 67 p99 100 ms | joins 0 (p50 0 p99 0 ms) | server pace 1.00 level 0, 0 bots bandwidth-degraded | swarm busy 1%, overruns 5
[   50s] bots 1000/1000 connected, 1000 welcomed, 0 failed | 30.2 snaps/s/bot, entities/snap near 4.4 mid 4.2 far 6.3 | corrections 0.000/s/bot | down 59 up 15 kbps/bot | rtt 2.6 ms loss 0.00% | input->applied ~ p50 50 p99 68 ms, round trip p50 67 p99 100 ms | joins 0 (p50 0 p99 0 ms) | server pace 1.00 level 0, 0 bots bandwidth-degraded | swarm busy 1%, overruns 0
[   55s] bots 1000/1000 connected, 1000 welcomed, 0 failed | 30.2 snaps/s/bot, entities/snap near 4.4 mid 4.2 far 6.3 | corrections 0.000/s/bot | down 59 up 15 kbps/bot | rtt 2.6 ms loss 0.00% | input->applied ~ p50 50 p99 68 ms, round trip p50 67 p99 100 ms | joins 0 (p50 0 p99 0 ms) | server pace 1.00 level 0, 0 bots bandwidth-degraded | swarm busy 1%, overruns 0
[   60s] bots 1000/1000 connected, 1000 welcomed, 0 failed | 30.2 snaps/s/bot, entities/snap near 4.4 mid 4.2 far 6.3 | corrections 0.000/s/bot | down 59 up 15 kbps/bot | rtt 2.6 ms loss 0.00% | input->applied ~ p50 50 p99 68 ms, round trip p50 67 p99 100 ms | joins 0 (p50 0 p99 0 ms) | server pace 1.00 level 0, 0 bots bandwidth-degraded | swarm busy 1%, overruns 0

== bots summary ==
  started 1000 welcomed 1000 failed 0
  join latency ms: p50 146 p99 331 max 445 (n=1000)
  corrections 0 (0.00/bot-minute), mean error 0.000 m, max 0.000 m
  push corrections (the server pushed us apart from a crowd) 62 (0.06/bot-minute), max 0.101 m
  snapshots 1795352 (entities per snapshot: near 4.4 mid 4.2 far 6.3), stale 0, unmatched acks 0, resyncs 0
  input -> applied on server (est. RTT/2 + server wait): p50 50.0 p99 68.0 max 82.0 mean 50.7 ms (n=1794983)
    of which server wait (arrival -> applied): p50 48.7 p99 66.4 max 80.0 mean 49.4 ms (n=1794983)
  input -> seen acked (round trip): p50 67.0 p99 100.0 max 108.0 mean 69.9 ms (n=1794983)
  near entity update interval (tracked bots): p50 33.0 p99 33.0 max 100.0 mean 33.0 ms (n=404220)
  mid entity update interval (tracked bots): p50 100.0 p99 100.0 max 500.0 mean 100.2 ms (n=367623)
  far entity update interval (tracked bots): p50 500.0 p99 500.0 max 2000.0 mean 499.9 ms (n=557179)
  near drawn (tracked bots): 99.85% interpolated, 0.01% extrapolated, 0.00% held, 0.14% new | pops p50 0 p99 0 max 3 mm
  mid drawn (tracked bots): 99.51% interpolated, 0.14% extrapolated, 0.01% held, 0.34% new | pops p50 0 p99 0 max 2971 mm
  far drawn (tracked bots): 40.57% interpolated, 58.75% extrapolated, 0.28% held, 0.40% new | pops p50 399 p99 3652 max 10765 mm
  render delay (near) 66.8 ms behind the newest step, clock snaps 0 (backwards 0), slewing 0.87% of frames, near delay changes 1 | streak entity-frames (drawn > 20 m/s) 153184
  input clock: 1000 extra inputs, 247 skipped ticks, 0 backlog skips | near decode errors (tracked bots) 0
  bytes down 440.1 MB up 113.1 MB | swarm busy 1% of its threads' time, tick overruns 241
