== uniform, 1000 bots, 60s -> baselines/2026-10-07-aws-full/uniform-1k-2
== summary: 1708 steady-state ticks (after warmup, before clients drain), peak 1000 clients ==
  phase        p50 ms   p99 ms   max ms
  ingress        0.55     0.65     0.73
  events         0.37     0.52     0.53
  movement       0.37     0.45     0.64
  grid           0.22     0.27     0.29
  separate       0.11     0.15     0.35
  history        0.00     0.01     0.01
  shots          0.01     0.01     0.02
  serialize      0.08     0.10     0.11
  assembly       0.52     0.70     0.86
  transport      0.16     0.24     0.43
  egress         0.34     0.42     0.47
  tick           2.75     3.04     3.35
  overruns 0 | spawns 1000 despawns 1000 (462 joins deferred) | deaths 0 respawns 0 | stand-ins: repeated 0 frozen 0 | late inputs 0 discarded 0 | bad messages 0 | recv errors 0 send errors 0
  egress (whole run): 1798885 datagrams in 1798885 sends (1.00 per send), 115200 syscalls
  ingress (whole run): 1801528 datagrams in 63502 receive calls (28.37 per call)
  ticks per ladder level (whole run): L0: 1816
  input wait on the server (datagram arrival -> applied): p50 48.7 p99 66.4 max 80.0 mean 49.4 ms
  steady state: stand-ins repeated 0 frozen 0 | late inputs 0 discarded 0
  rewind of near targets (applied step - the input's render step for that tier): p50 133 p99 167 max 167 mean 135.7 ms (n=1785436)
  rewind of mid/far targets (applied step - the input's render step for that tier): p50 267 p99 300 max 300 mean 269.6 ms (n=1785436)
  render times ahead of the server (bogus) 0
  shots 0 (late 0, refused 0, rewinds capped 0) | hits head 0 body 0 (after cover 0, too late 0), kills 0 | ground 0 cover 0 expired 0 | segments 0 candidates 0
== bots summary ==
  started 1000 welcomed 1000 failed 0
  join latency ms: p50 146 p99 331 max 445 (n=1000)
  corrections 0 (0.00/bot-minute), mean error 0.000 m, max 0.000 m
  push corrections (the server pushed us apart from a crowd) 62 (0.06/bot-minute), max 0.101 m
  snapshots 1795352 (entities per snapshot: near 4.4 mid 4.2 far 6.3), stale 0, unmatched acks 0, resyncs 0
  input -> applied on server (est. RTT/2 + server wait): p50 50.0 p99 68.0 max 82.0 mean 50.7 ms (n=1794983)
    of which server wait (arrival -> applied): p50 48.7 p99 66.4 max 80.0 mean 49.4 ms (n=1794983)
  input -> seen acked (round trip): p50 67.0 p99 100.0 max 108.0 mean 69.9 ms (n=1794983)
  near entity update interval (tracked bots): p50 33.0 p99 33.0 max 100.0 mean 33.0 ms (n=404220)
  mid entity update interval (tracked bots): p50 100.0 p99 100.0 max 500.0 mean 100.2 ms (n=367623)
  far entity update interval (tracked bots): p50 500.0 p99 500.0 max 2000.0 mean 499.9 ms (n=557179)
  near drawn (tracked bots): 99.85% interpolated, 0.01% extrapolated, 0.00% held, 0.14% new | pops p50 0 p99 0 max 3 mm
  mid drawn (tracked bots): 99.51% interpolated, 0.14% extrapolated, 0.01% held, 0.34% new | pops p50 0 p99 0 max 2971 mm
  far drawn (tracked bots): 40.57% interpolated, 58.75% extrapolated, 0.28% held, 0.40% new | pops p50 399 p99 3652 max 10765 mm
  render delay (near) 66.8 ms behind the newest step, clock snaps 0 (backwards 0), slewing 0.87% of frames, near delay changes 1 | streak entity-frames (drawn > 20 m/s) 153184
  input clock: 1000 extra inputs, 247 skipped ticks, 0 backlog skips | near decode errors (tracked bots) 0
  bytes down 440.1 MB up 113.1 MB | swarm busy 1% of its threads' time, tick overruns 241
