preallocated connections for 10000 clients in 249.35836ms
listening on 172.31.17.93:40500 | spawn Uniform | tiers near 64@150 m, mid 500 m, far 1500 m, budget 6250 B/tick, squads of 4 | 64 rayon threads, 64 shards, 1 socket(s), 256 accepts/tick, egress SendMmsg, ingress RecvMmsg | socket buffers rcv 32768 KiB snd 32768 KiB
[    5s] clients 1000 | level 0 (0-0 in window: 30 Hz, dilation 1.0), pace 1.00, 0.0% clients bandwidth-degraded | tick p50 2.75 p99 4.39 max 4.41 ms, 0 overruns | out 27.0k pps 59 kbps/client, 52 Mbps | in 26.8k pps 16 kbps/client, 28.2 per recv, receive thread busy 3% | stand-ins: repeated 0.00% frozen 0.00%, 0 late inputs | per client-tick: 209 B (near 34 B, 99% deltas), near 4.3 mid 4.2 far 6.3, far skipped 0 starved 0 | input wait p50 50.3 p99 78.5 ms | 462 joins deferred | kernel drops rcv 0 snd 0
         p50/p99 ms: ingress 0.54/0.99  events 0.36/2.00  movement 0.37/0.43  grid 0.21/0.27  separate 0.11/0.16  history 0.00/0.03  shots 0.01/0.01  serialize 0.08/0.10  assembly 0.53/0.82  transport 0.16/0.30  egress 0.33/0.41
[   10s] clients 1000 | level 0 (0-0 in window: 30 Hz, dilation 1.0), pace 1.00, 0.0% clients bandwidth-degraded | tick p50 2.73 p99 3.11 max 3.15 ms, 0 overruns | out 30.0k pps 59 kbps/client, 59 Mbps | in 30.0k pps 15 kbps/client, 28.3 per recv, receive thread busy 4% | stand-ins: repeated 0.00% frozen 0.00%, 0 late inputs | per client-tick: 210 B (near 33 B, 100% deltas), near 4.3 mid 4.2 far 6.3, far skipped 0 starved 0 | input wait p50 48.6 p99 66.3 ms | 0 joins deferred | kernel drops rcv 0 snd 0
         p50/p99 ms: ingress 0.55/0.65  events 0.37/0.52  movement 0.36/0.45  grid 0.21/0.26  separate 0.10/0.34  history 0.00/0.01  shots 0.01/0.02  serialize 0.08/0.10  assembly 0.52/0.67  transport 0.16/0.23  egress 0.34/0.41
[   15s] clients 1000 | level 0 (0-0 in window: 30 Hz, dilation 1.0), pace 1.00, 0.0% clients bandwidth-degraded | tick p50 2.74 p99 3.05 max 3.05 ms, 0 overruns | out 30.0k pps 59 kbps/client, 59 Mbps | in 30.0k pps 15 kbps/client, 28.4 per recv, receive thread busy 4% | stand-ins: repeated 0.00% frozen 0.00%, 0 late inputs | per client-tick: 210 B (near 33 B, 100% deltas), near 4.3 mid 4.2 far 6.3, far skipped 0 starved 0 | input wait p50 48.6 p99 66.3 ms | 0 joins deferred | kernel drops rcv 0 snd 0
         p50/p99 ms: ingress 0.55/0.66  events 0.36/0.52  movement 0.37/0.47  grid 0.22/0.28  separate 0.10/0.16  history 0.00/0.01  shots 0.01/0.01  serialize 0.08/0.10  assembly 0.53/0.71  transport 0.16/0.24  egress 0.34/0.44
[   20s] clients 1000 | level 0 (0-0 in window: 30 Hz, dilation 1.0), pace 1.00, 0.0% clients bandwidth-degraded | tick p50 2.75 p99 3.01 max 3.03 ms, 0 overruns | out 30.0k pps 59 kbps/client, 59 Mbps | in 30.0k pps 15 kbps/client, 28.3 per recv, receive thread busy 4% | stand-ins: repeated 0.00% frozen 0.00%, 0 late inputs | per client-tick: 210 B (near 33 B, 100% deltas), near 4.3 mid 4.2 far 6.3, far skipped 0 starved 0 | input wait p50 48.6 p99 66.3 ms | 0 joins deferred | kernel drops rcv 0 snd 0
         p50/p99 ms: ingress 0.55/0.63  events 0.37/0.53  movement 0.37/0.46  grid 0.22/0.27  separate 0.10/0.15  history 0.00/0.01  shots 0.01/0.01  serialize 0.08/0.10  assembly 0.53/0.64  transport 0.16/0.21  egress 0.33/0.41
[   25s] clients 1000 | level 0 (0-0 in window: 30 Hz, dilation 1.0), pace 1.00, 0.0% clients bandwidth-degraded | tick p50 2.78 p99 3.03 max 3.20 ms, 0 overruns | out 30.0k pps 59 kbps/client, 59 Mbps | in 30.0k pps 15 kbps/client, 28.6 per recv, receive thread busy 4% | stand-ins: repeated 0.00% frozen 0.00%, 0 late inputs | per client-tick: 210 B (near 33 B, 100% deltas), near 4.3 mid 4.2 far 6.3, far skipped 0 starved 0 | input wait p50 48.6 p99 66.3 ms | 0 joins deferred | kernel drops rcv 0 snd 0
         p50/p99 ms: ingress 0.54/0.67  events 0.39/0.52  movement 0.36/0.43  grid 0.21/0.27  separate 0.11/0.15  history 0.00/0.01  shots 0.01/0.01  serialize 0.08/0.10  assembly 0.53/0.80  transport 0.16/0.27  egress 0.33/0.42
[   30s] clients 1000 | level 0 (0-0 in window: 30 Hz, dilation 1.0), pace 1.00, 0.0% clients bandwidth-degraded | tick p50 2.75 p99 3.05 max 3.06 ms, 0 overruns | out 30.0k pps 59 kbps/client, 59 Mbps | in 30.0k pps 15 kbps/client, 28.4 per recv, receive thread busy 4% | stand-ins: repeated 0.00% frozen 0.00%, 0 late inputs | per client-tick: 210 B (near 33 B, 100% deltas), near 4.4 mid 4.2 far 6.3, far skipped 0 starved 0 | input wait p50 48.6 p99 66.3 ms | 0 joins deferred | kernel drops rcv 0 snd 0
         p50/p99 ms: ingress 0.55/0.66  events 0.36/0.51  movement 0.38/0.47  grid 0.22/0.27  separate 0.11/0.12  history 0.00/0.01  shots 0.01/0.01  serialize 0.09/0.10  assembly 0.52/0.72  transport 0.16/0.23  egress 0.34/0.46
[   35s] clients 1000 | level 0 (0-0 in window: 30 Hz, dilation 1.0), pace 1.00, 0.0% clients bandwidth-degraded | tick p50 2.78 p99 3.06 max 3.06 ms, 0 overruns | out 30.0k pps 59 kbps/client, 59 Mbps | in 30.0k pps 15 kbps/client, 28.3 per recv, receive thread busy 4% | stand-ins: repeated 0.00% frozen 0.00%, 0 late inputs | per client-tick: 210 B (near 34 B, 100% deltas), near 4.4 mid 4.2 far 6.3, far skipped 0 starved 0 | input wait p50 48.6 p99 66.3 ms | 0 joins deferred | kernel drops rcv 0 snd 0
         p50/p99 ms: ingress 0.56/0.67  events 0.37/0.52  movement 0.36/0.44  grid 0.22/0.27  separate 0.11/0.12  history 0.00/0.01  shots 0.01/0.02  serialize 0.08/0.10  assembly 0.53/0.72  transport 0.16/0.26  egress 0.33/0.41
[   40s] clients 1000 | level 0 (0-0 in window: 30 Hz, dilation 1.0), pace 1.00, 0.0% clients bandwidth-degraded | tick p50 2.76 p99 3.03 max 3.35 ms, 0 overruns | out 30.0k pps 59 kbps/client, 59 Mbps | in 30.0k pps 15 kbps/client, 28.4 per recv, receive thread busy 4% | stand-ins: repeated 0.00% frozen 0.00%, 0 late inputs | per client-tick: 210 B (near 34 B, 100% deltas), near 4.4 mid 4.2 far 6.3, far skipped 0 starved 0 | input wait p50 48.6 p99 66.3 ms | 0 joins deferred | kernel drops rcv 0 snd 0
         p50/p99 ms: ingress 0.55/0.66  events 0.38/0.51  movement 0.37/0.45  grid 0.22/0.28  separate 0.11/0.16  history 0.00/0.01  shots 0.01/0.01  serialize 0.08/0.10  assembly 0.52/0.68  transport 0.16/0.24  egress 0.33/0.42
[   45s] clients 1000 | level 0 (0-0 in window: 30 Hz, dilation 1.0), pace 1.00, 0.0% clients bandwidth-degraded | tick p50 2.76 p99 3.02 max 3.05 ms, 0 overruns | out 30.0k pps 59 kbps/client, 59 Mbps | in 30.0k pps 15 kbps/client, 28.4 per recv, receive thread busy 4% | stand-ins: repeated 0.00% frozen 0.00%, 0 late inputs | per client-tick: 210 B (near 34 B, 100% deltas), near 4.4 mid 4.2 far 6.3, far skipped 0 starved 0 | input wait p50 48.6 p99 66.3 ms | 0 joins deferred | kernel drops rcv 0 snd 0
         p50/p99 ms: ingress 0.54/0.64  events 0.38/0.51  movement 0.37/0.45  grid 0.21/0.27  separate 0.11/0.13  history 0.00/0.01  shots 0.01/0.01  serialize 0.09/0.10  assembly 0.52/0.70  transport 0.16/0.32  egress 0.34/0.43
[   50s] clients 1000 | level 0 (0-0 in window: 30 Hz, dilation 1.0), pace 1.00, 0.0% clients bandwidth-degraded | tick p50 2.72 p99 2.97 max 3.02 ms, 0 overruns | out 30.0k pps 59 kbps/client, 59 Mbps | in 30.0k pps 15 kbps/client, 28.2 per recv, receive thread busy 4% | stand-ins: repeated 0.00% frozen 0.00%, 0 late inputs | per client-tick: 210 B (near 34 B, 100% deltas), near 4.4 mid 4.2 far 6.3, far skipped 0 starved 0 | input wait p50 48.6 p99 66.3 ms | 0 joins deferred | kernel drops rcv 0 snd 0
         p50/p99 ms: ingress 0.54/0.65  events 0.36/0.51  movement 0.36/0.46  grid 0.21/0.27  separate 0.10/0.13  history 0.00/0.01  shots 0.01/0.01  serialize 0.09/0.09  assembly 0.52/0.65  transport 0.16/0.23  egress 0.34/0.41
[   55s] clients 1000 | level 0 (0-0 in window: 30 Hz, dilation 1.0), pace 1.00, 0.0% clients bandwidth-degraded | tick p50 2.71 p99 2.96 max 2.97 ms, 0 overruns | out 30.0k pps 59 kbps/client, 59 Mbps | in 30.0k pps 15 kbps/client, 28.3 per recv, receive thread busy 4% | stand-ins: repeated 0.00% frozen 0.00%, 0 late inputs | per client-tick: 210 B (near 34 B, 100% deltas), near 4.4 mid 4.2 far 6.3, far skipped 0 starved 0 | input wait p50 48.6 p99 66.3 ms | 0 joins deferred | kernel drops rcv 0 snd 0
         p50/p99 ms: ingress 0.54/0.63  events 0.36/0.52  movement 0.36/0.44  grid 0.21/0.28  separate 0.11/0.14  history 0.00/0.01  shots 0.01/0.01  serialize 0.08/0.10  assembly 0.52/0.68  transport 0.16/0.25  egress 0.33/0.43
[   60s] clients 1000 | level 0 (0-0 in window: 30 Hz, dilation 1.0), pace 1.00, 0.0% clients bandwidth-degraded | tick p50 2.74 p99 3.04 max 3.11 ms, 0 overruns | out 30.0k pps 59 kbps/client, 59 Mbps | in 30.0k pps 15 kbps/client, 28.4 per recv, receive thread busy 4% | stand-ins: repeated 0.00% frozen 0.00%, 0 late inputs | per client-tick: 210 B (near 34 B, 100% deltas), near 4.4 mid 4.2 far 6.3, far skipped 0 starved 0 | input wait p50 48.6 p99 66.3 ms | 0 joins deferred | kernel drops rcv 0 snd 0
         p50/p99 ms: ingress 0.54/0.64  events 0.38/0.50  movement 0.37/0.45  grid 0.22/0.27  separate 0.11/0.15  history 0.00/0.01  shots 0.01/0.01  serialize 0.09/0.10  assembly 0.52/0.71  transport 0.15/0.21  egress 0.33/0.43
[   61s] clients 0 | level 0 (0-0 in window: 30 Hz, dilation 1.0), pace 1.00, 0.0% clients bandwidth-degraded | tick p50 2.71 p99 3.94 max 3.94 ms, 0 overruns | out 26.1k pps 58 kbps/client, 51 Mbps | in 39.0k pps 18 kbps/client, 34.0 per recv, receive thread busy 4% | stand-ins: repeated 0.00% frozen 0.00%, 0 late inputs | per client-tick: 210 B (near 34 B, 100% deltas), near 4.4 mid 4.2 far 6.2, far skipped 0 starved 0 | input wait p50 48.6 p99 66.3 ms | 0 joins deferred | kernel drops rcv 0 snd 0
         p50/p99 ms: ingress 0.56/1.17  events 0.35/1.84  movement 0.38/0.43  grid 0.21/0.26  separate 0.09/0.11  history 0.00/0.00  shots 0.01/0.02  serialize 0.08/0.09  assembly 0.51/0.56  transport 0.15/0.17  egress 0.30/0.37

== summary: 1708 steady-state ticks (after warmup, before clients drain), peak 1000 clients ==
  phase        p50 ms   p99 ms   max ms
  ingress        0.55     0.65     0.73
  events         0.37     0.52     0.53
  movement       0.37     0.45     0.64
  grid           0.22     0.27     0.29
  separate       0.11     0.15     0.35
  history        0.00     0.01     0.01
  shots          0.01     0.01     0.02
  serialize      0.08     0.10     0.11
  assembly       0.52     0.70     0.86
  transport      0.16     0.24     0.43
  egress         0.34     0.42     0.47
  tick           2.75     3.04     3.35
  overruns 0 | spawns 1000 despawns 1000 (462 joins deferred) | deaths 0 respawns 0 | stand-ins: repeated 0 frozen 0 | late inputs 0 discarded 0 | bad messages 0 | recv errors 0 send errors 0
  egress (whole run): 1798885 datagrams in 1798885 sends (1.00 per send), 115200 syscalls
  ingress (whole run): 1801528 datagrams in 63502 receive calls (28.37 per call)
  ticks per ladder level (whole run): L0: 1816
  input wait on the server (datagram arrival -> applied): p50 48.7 p99 66.4 max 80.0 mean 49.4 ms
  steady state: stand-ins repeated 0 frozen 0 | late inputs 0 discarded 0
  rewind of near targets (applied step - the input's render step for that tier): p50 133 p99 167 max 167 mean 135.7 ms (n=1785436)
  rewind of mid/far targets (applied step - the input's render step for that tier): p50 267 p99 300 max 300 mean 269.6 ms (n=1785436)
  render times ahead of the server (bogus) 0
  shots 0 (late 0, refused 0, rewinds capped 0) | hits head 0 body 0 (after cover 0, too late 0), kills 0 | ground 0 cover 0 expired 0 | segments 0 candidates 0
