spawn=uniform
egress=sendmmsg
ingress=recvmmsg
rx_gather_us=1000
ladder=on
threads=8
keep_awake=on
send_during_assembly=on
worker_cpus=-
rx_cpus=-
shards=64
sockets=1
peak_clients=5000
steady_ticks=1498
steady_secs=57.0
ingress_p50_ms=2.41
ingress_p99_ms=3.80
ingress_max_ms=7.02
events_p50_ms=0.00
events_p99_ms=0.00
events_max_ms=0.01
movement_p50_ms=0.54
movement_p99_ms=0.90
movement_max_ms=3.32
grid_p50_ms=0.36
grid_p99_ms=0.43
grid_max_ms=0.55
separate_p50_ms=0.04
separate_p99_ms=0.08
separate_max_ms=1.09
history_p50_ms=0.01
history_p99_ms=0.02
history_max_ms=0.04
shots_p50_ms=1.03
shots_p99_ms=2.11
shots_max_ms=2.53
serialize_p50_ms=0.05
serialize_p99_ms=0.10
serialize_max_ms=0.20
assembly_p50_ms=20.26
assembly_p99_ms=28.81
assembly_max_ms=65.06
transport_p50_ms=0.00
transport_p99_ms=0.00
transport_max_ms=0.01
egress_p50_ms=0.03
egress_p99_ms=0.32
egress_max_ms=1.80
tick_p50_ms=25.18
tick_p99_ms=34.77
tick_max_ms=69.40
steady_overruns=11
level_mode=5
tick_hz=30
dilation=1
levels=L2:19,L3:447,L4:39,L5:577,L6:416
clients_avg=5000
out_pps=131493
in_pps=149366
egress_mbps=322.2
packets_per_client_tick=1.00
wire_bytes_per_client_tick=306
down_kbps_per_client=64.4
up_kbps_per_client=15.4
recv_per_call=53.85
ingress_thread_busy_max_pct=16.7
ingress_thread_busy_mean_pct=16.7
rx_runq_wait_max_pct=8.28
rx_runq_wait_mean_pct=8.28
ksoftirqd_cpu_pct=0.0
kernel_rcvbuf_drops=0
kernel_sndbuf_drops=0
snapshot_bytes_per_client_tick=270
near_bytes_per_client_tick=71
activity_bytes_per_client_tick=11.4
near_per_client_tick=9.2
mid_per_client_tick=6.7
far_per_client_tick=4.0
near_scanned_per_query=10
mid_scanned_per_query=11
far_skipped=0
far_starved=0
repeated=1433
frozen=0
late_inputs=1433
discarded_inputs=0
input_wait_p10_ms=35.9
input_wait_p50_ms=51.3
input_wait_p90_ms=65.6
input_wait_p99_ms=82.0
spawns=5000
despawns=5000
deaths=4159
respawns=3862
shots=588888
shots_late=96
shots_refused=1431
rewinds_capped=382879
rewinds_trimmed=0
rewinds_trimmed_mid=0
renders_held=1
shot_dip_clients=1386
shot_dip_flagged=0
hits_head=1428
hits_body=22924
hits_ground=362968
hits_cover=40910
projectiles_expired=160658
kills=4159
hits_after_cover=401
hits_too_late=2537
events=76879
tracer_bytes=67295485
activity_cells=113737
activity_sent=18737092
activity_bytes=97436550
activity_cut=0
projectile_segments=26281980
hit_candidates=548806
trim_excess_p50_steps=0.0
trim_excess_p99_steps=0.0
trim_excess_max_steps=0.0
shot_dip_excess_p50_steps=0.0
shot_dip_excess_p99_steps=0.0
shot_dip_excess_max_steps=0.0
held_by_p50_steps=0.8
held_by_p99_steps=0.8
held_by_max_steps=0.8
joins_deferred=7634
bad_messages=0
recv_errors=0
send_errors=0
datagrams=7945436
sends=7945436
send_syscalls=110505
rewind_near_p50_ms=233
rewind_near_p99_ms=320
rewind_near_mean_ms=232.1
rewind_mid_p50_ms=367
rewind_mid_p99_ms=435
rewind_mid_mean_ms=363.4
ingress_longest_p50_ms=0.38
ingress_work_p50_ms=16.97
assembly_longest_p50_ms=3.40
assembly_work_p50_ms=154.46
transport_longest_p50_ms=-
transport_work_p50_ms=-
egress_longest_p50_ms=-
egress_work_p50_ms=-
