preallocated connections for 10000 clients in 251.803471ms
listening on 127.0.0.1:14500 | spawn Uniform | tiers near 64@150 m, mid 500 m, far 1500 m, budget 6250 B/tick, squads of 4 | 8 rayon threads (keep awake on), 64 shards (send during assembly on), 1 socket(s), 256 accepts/tick, egress SendMmsg, ingress RecvMmsg | socket buffers rcv 8192 KiB snd 8192 KiB
WARNING: token key is the public dev key; anyone can mint tokens for this server (--token-key)
[    5s] clients 5000 | level 3 (0-3 in window: 30 Hz, dilation 1.0), pace 1.00, 0.0% clients bandwidth-degraded | tick p50 25.97 p99 31.43 max 33.15 ms, 0 overruns | out 134.9k pps 135 kbps/client, 583 Mbps | in 129.8k pps 17 kbps/client, 53.3 per recv, receive thread busy 15% | stand-ins: repeated 0.00% frozen 0.00%, 0 late inputs | per client-tick: 523 B (near 74 B, 96% deltas), near 9.2 mid 14.6 far 17.6, far skipped 0 starved 0 | input wait p50 49.9 p99 75.7 ms | 7634 joins deferred | kernel drops rcv 0 snd 0
         p50/p99 ms: ingress 2.40/4.49  events 0.00/3.31  movement 0.55/0.87  grid 0.36/0.42  separate 0.04/0.09  history 0.01/0.09  shots 0.92/2.80  serialize 0.06/0.22  assembly 20.97/24.72  transport 0.00/0.00  egress 0.03/1.38
[   10s] clients 5000 | level 3 (3-3 in window: 30 Hz, dilation 1.0), pace 1.00, 0.0% clients bandwidth-degraded | tick p50 24.99 p99 29.67 max 31.67 ms, 0 overruns | out 150.0k pps 85 kbps/client, 427 Mbps | in 149.9k pps 15 kbps/client, 54.1 per recv, receive thread busy 17% | stand-ins: repeated 0.00% frozen 0.00%, 0 late inputs | per client-tick: 319 B (near 70 B, 99% deltas), near 9.3 mid 9.3 far 6.0, far skipped 0 starved 0 | input wait p50 50.6 p99 67.4 ms | 0 joins deferred | kernel drops rcv 0 snd 0
         p50/p99 ms: ingress 2.27/3.43  events 0.00/0.00  movement 0.51/1.09  grid 0.38/0.45  separate 0.04/0.07  history 0.01/0.02  shots 0.97/1.27  serialize 0.05/0.10  assembly 20.42/24.85  transport 0.00/0.00  egress 0.03/0.07
[   15s] clients 5000 | level 3 (3-3 in window: 30 Hz, dilation 1.0), pace 1.00, 0.0% clients bandwidth-degraded | tick p50 25.01 p99 28.07 max 28.24 ms, 0 overruns | out 150.0k pps 85 kbps/client, 427 Mbps | in 149.9k pps 15 kbps/client, 54.3 per recv, receive thread busy 17% | stand-ins: repeated 0.00% frozen 0.00%, 0 late inputs | per client-tick: 319 B (near 71 B, 99% deltas), near 9.3 mid 9.2 far 6.0, far skipped 0 starved 0 | input wait p50 50.6 p99 67.4 ms | 0 joins deferred | kernel drops rcv 0 snd 0
         p50/p99 ms: ingress 2.29/3.71  events 0.00/0.00  movement 0.51/2.90  grid 0.37/0.45  separate 0.04/0.07  history 0.01/0.01  shots 0.96/1.44  serialize 0.05/0.12  assembly 20.48/23.19  transport 0.00/0.00  egress 0.03/0.42
[   20s] clients 5000 | level 4 (3-4 in window: 30 Hz, dilation 1.0), pace 1.00, 0.0% clients bandwidth-degraded | tick p50 25.23 p99 32.88 max 38.86 ms, 1 overruns | out 149.9k pps 81 kbps/client, 405 Mbps | in 149.7k pps 15 kbps/client, 54.2 per recv, receive thread busy 17% | stand-ins: repeated 0.00% frozen 0.00%, 0 late inputs | per client-tick: 301 B (near 70 B, 99% deltas), near 9.2 mid 8.4 far 5.2, far skipped 0 starved 0 | input wait p50 51.7 p99 70.3 ms | 0 joins deferred | kernel drops rcv 0 snd 0
         p50/p99 ms: ingress 2.33/3.52  events 0.00/0.00  movement 0.53/1.25  grid 0.36/0.43  separate 0.04/0.08  history 0.01/0.03  shots 1.00/1.34  serialize 0.05/0.10  assembly 20.50/28.37  transport 0.00/0.00  egress 0.03/0.40
[   25s] clients 5000 | level 6 (4-6 in window: 20 Hz, dilation 1.0), pace 1.00, 0.0% clients bandwidth-degraded | tick p50 26.10 p99 52.21 max 69.40 ms, 6 overruns | out 109.7k pps 50 kbps/client, 248 Mbps | in 146.3k pps 15 kbps/client, 50.6 per recv, receive thread busy 17% | stand-ins: repeated 0.19% frozen 0.00%, 1433 late inputs | per client-tick: 247 B (near 71 B, 99% deltas), near 9.2 mid 5.5 far 3.0, far skipped 0 starved 0 | input wait p50 49.9 p99 117.7 ms | 0 joins deferred | kernel drops rcv 0 snd 0
         p50/p99 ms: ingress 3.17/4.29  events 0.00/0.00  movement 0.61/0.89  grid 0.36/0.41  separate 0.04/0.07  history 0.01/0.02  shots 1.13/2.50  serialize 0.05/0.09  assembly 20.08/44.16  transport 0.00/0.00  egress 0.03/1.64
[   30s] clients 5000 | level 6 (6-6 in window: 20 Hz, dilation 1.0), pace 1.00, 0.0% clients bandwidth-degraded | tick p50 26.29 p99 32.94 max 33.45 ms, 0 overruns | out 100.0k pps 46 kbps/client, 228 Mbps | in 149.1k pps 15 kbps/client, 54.4 per recv, receive thread busy 17% | stand-ins: repeated 0.00% frozen 0.00%, 0 late inputs | per client-tick: 248 B (near 71 B, 99% deltas), near 9.2 mid 5.5 far 3.0, far skipped 0 starved 0 | input wait p50 53.7 p99 82.2 ms | 0 joins deferred | kernel drops rcv 0 snd 0
         p50/p99 ms: ingress 3.21/3.96  events 0.00/0.00  movement 0.64/0.87  grid 0.36/0.41  separate 0.04/0.13  history 0.01/0.01  shots 1.65/2.29  serialize 0.04/0.09  assembly 20.11/26.11  transport 0.00/0.00  egress 0.04/0.25
[   35s] clients 5000 | level 5 (5-6 in window: 30 Hz, dilation 1.0), pace 1.00, 0.0% clients bandwidth-degraded | tick p50 25.24 p99 32.01 max 32.39 ms, 0 overruns | out 133.6k pps 60 kbps/client, 301 Mbps | in 149.2k pps 15 kbps/client, 54.3 per recv, receive thread busy 17% | stand-ins: repeated 0.00% frozen 0.00%, 0 late inputs | per client-tick: 245 B (near 70 B, 100% deltas), near 9.2 mid 5.5 far 3.0, far skipped 0 starved 0 | input wait p50 52.5 p99 80.6 ms | 0 joins deferred | kernel drops rcv 0 snd 0
         p50/p99 ms: ingress 2.43/3.50  events 0.00/0.00  movement 0.53/0.81  grid 0.36/0.43  separate 0.04/0.06  history 0.01/0.02  shots 1.01/1.90  serialize 0.04/0.08  assembly 20.24/27.36  transport 0.00/0.00  egress 0.03/0.07
[   40s] clients 5000 | level 5 (5-5 in window: 30 Hz, dilation 1.0), pace 1.00, 0.0% clients bandwidth-degraded | tick p50 24.67 p99 32.10 max 33.97 ms, 1 overruns | out 150.0k pps 67 kbps/client, 336 Mbps | in 149.9k pps 15 kbps/client, 54.6 per recv, receive thread busy 17% | stand-ins: repeated 0.00% frozen 0.00%, 0 late inputs | per client-tick: 244 B (near 70 B, 100% deltas), near 9.1 mid 5.6 far 3.0, far skipped 0 starved 0 | input wait p50 50.9 p99 67.6 ms | 0 joins deferred | kernel drops rcv 0 snd 0
         p50/p99 ms: ingress 2.32/2.89  events 0.00/0.00  movement 0.52/0.67  grid 0.36/0.42  separate 0.04/0.07  history 0.01/0.03  shots 1.03/1.56  serialize 0.05/0.07  assembly 19.99/26.90  transport 0.00/0.00  egress 0.03/0.11
[   45s] clients 5000 | level 5 (5-5 in window: 30 Hz, dilation 1.0), pace 1.00, 0.0% clients bandwidth-degraded | tick p50 24.44 p99 31.34 max 31.83 ms, 0 overruns | out 150.0k pps 67 kbps/client, 336 Mbps | in 149.9k pps 15 kbps/client, 54.3 per recv, receive thread busy 17% | stand-ins: repeated 0.00% frozen 0.00%, 0 late inputs | per client-tick: 244 B (near 70 B, 100% deltas), near 9.2 mid 5.6 far 3.0, far skipped 0 starved 0 | input wait p50 50.7 p99 67.5 ms | 0 joins deferred | kernel drops rcv 0 snd 0
         p50/p99 ms: ingress 2.34/2.91  events 0.00/0.00  movement 0.52/0.70  grid 0.36/0.41  separate 0.04/0.07  history 0.01/0.01  shots 1.02/1.45  serialize 0.05/0.12  assembly 19.77/26.51  transport 0.00/0.00  egress 0.03/0.06
[   50s] clients 5000 | level 6 (5-6 in window: 20 Hz, dilation 1.0), pace 1.00, 0.0% clients bandwidth-degraded | tick p50 24.99 p99 37.69 max 39.88 ms, 3 overruns | out 138.8k pps 62 kbps/client, 312 Mbps | in 149.6k pps 15 kbps/client, 52.8 per recv, receive thread busy 17% | stand-ins: repeated 0.00% frozen 0.00%, 0 late inputs | per client-tick: 245 B (near 71 B, 100% deltas), near 9.2 mid 5.5 far 3.0, far skipped 0 starved 0 | input wait p50 50.3 p99 69.3 ms | 0 joins deferred | kernel drops rcv 0 snd 0
         p50/p99 ms: ingress 2.39/3.85  events 0.00/0.00  movement 0.53/0.74  grid 0.36/0.42  separate 0.04/0.07  history 0.01/0.02  shots 1.00/1.93  serialize 0.04/0.08  assembly 20.25/31.88  transport 0.00/0.00  egress 0.03/0.11
[   55s] clients 5000 | level 6 (6-6 in window: 20 Hz, dilation 1.0), pace 1.00, 0.0% clients bandwidth-degraded | tick p50 26.43 p99 34.77 max 35.79 ms, 0 overruns | out 100.0k pps 46 kbps/client, 228 Mbps | in 149.3k pps 15 kbps/client, 54.4 per recv, receive thread busy 17% | stand-ins: repeated 0.00% frozen 0.00%, 0 late inputs | per client-tick: 248 B (near 71 B, 100% deltas), near 9.3 mid 5.5 far 3.0, far skipped 0 starved 0 | input wait p50 53.5 p99 81.9 ms | 0 joins deferred | kernel drops rcv 0 snd 0
         p50/p99 ms: ingress 2.96/3.56  events 0.00/0.00  movement 0.66/0.83  grid 0.38/0.45  separate 0.04/0.08  history 0.01/0.02  shots 1.55/2.14  serialize 0.04/0.09  assembly 20.48/28.88  transport 0.00/0.00  egress 0.04/0.22
[   60s] clients 5000 | level 5 (5-6 in window: 30 Hz, dilation 1.0), pace 1.00, 0.0% clients bandwidth-degraded | tick p50 25.73 p99 29.03 max 29.74 ms, 0 overruns | out 108.3k pps 49 kbps/client, 246 Mbps | in 149.2k pps 15 kbps/client, 54.4 per recv, receive thread busy 17% | stand-ins: repeated 0.00% frozen 0.00%, 0 late inputs | per client-tick: 247 B (near 71 B, 100% deltas), near 9.3 mid 5.5 far 3.0, far skipped 0 starved 0 | input wait p50 52.3 p99 81.7 ms | 0 joins deferred | kernel drops rcv 0 snd 0
         p50/p99 ms: ingress 2.89/3.50  events 0.00/0.00  movement 0.59/0.85  grid 0.37/0.41  separate 0.05/0.08  history 0.01/0.02  shots 1.18/2.02  serialize 0.05/0.13  assembly 20.20/22.48  transport 0.00/0.00  egress 0.03/0.32
[   65s] clients 136 | level 4 (4-5 in window: 30 Hz, dilation 1.0), pace 1.00, 0.0% clients bandwidth-degraded | tick p50 0.87 p99 32.85 max 33.14 ms, 0 overruns | out 6.4k pps 36 kbps/client, 8 Mbps | in 4.1k pps 5 kbps/client, 54.4 per recv, receive thread busy 0% | stand-ins: repeated 1.06% frozen 61.36%, 0 late inputs | per client-tick: 116 B (near 25 B, 96% deltas), near 2.9 mid 1.7 far 0.9, far skipped 0 starved 0 | input wait p50 50.5 p99 67.4 ms | 0 joins deferred | kernel drops rcv 0 snd 0
         p50/p99 ms: ingress 0.01/2.11  events 0.00/2.47  movement 0.04/0.72  grid 0.18/0.37  separate 0.01/0.04  history 0.01/0.01  shots 0.00/1.00  serialize 0.01/0.04  assembly 0.22/25.04  transport 0.00/0.00  egress 0.04/0.06
[   65s] clients 0 | level 4 (4-4 in window: 30 Hz, dilation 1.0), pace 1.00, 0.0% clients bandwidth-degraded | tick p50 0.77 p99 0.90 max 0.90 ms, 0 overruns | out 0.8k pps 20 kbps/client, 1 Mbps | in 0.0k pps 0 kbps/client, 0.0 per recv, receive thread busy 0% | stand-ins: repeated 0.00% frozen 100.00%, 0 late inputs | per client-tick: 54 B (near 3 B, 0% deltas), near 0.2 mid 0.1 far 0.1, far skipped 0 starved 0 | input wait p50 0.0 p99 0.0 ms | 0 joins deferred | kernel drops rcv 0 snd 0
         p50/p99 ms: ingress 0.05/0.05  events 0.12/0.17  movement 0.04/0.04  grid 0.17/0.18  separate 0.01/0.01  history 0.01/0.01  shots 0.00/0.00  serialize 0.01/0.01  assembly 0.04/0.18  transport 0.00/0.00  egress 0.04/0.04

== summary: 1498 steady-state ticks (after warmup, before clients drain), peak 5000 clients ==
  phase        p50 ms   p99 ms   max ms
  ingress        2.41     3.80     7.02
  events         0.00     0.00     0.01
  movement       0.54     0.90     3.32
  grid           0.36     0.43     0.55
  separate       0.04     0.08     1.09
  history        0.01     0.02     0.04
  shots          1.03     2.11     2.53
  serialize      0.05     0.10     0.20
  assembly      20.26    28.81    65.06
  transport      0.00     0.00     0.01
  egress         0.03     0.32     1.80
  tick          25.18    34.77    69.40
  overruns 11 | spawns 5000 despawns 5000 (7634 joins deferred) | deaths 4159 respawns 3862 | stand-ins: repeated 1776 frozen 19856 | late inputs 1433 discarded 0 | bad messages 0 | recv errors 0 send errors 0
  egress (whole run): 7945436 datagrams in 7945436 sends (1.00 per send), 110505 syscalls
  ingress (whole run): 8923228 datagrams in 165876 receive calls (53.79 per call)
  ticks per ladder level (whole run): L0: 58, L1: 31, L2: 31, L3: 447, L4: 101, L5: 668, L6: 416
  input wait on the server (datagram arrival -> applied): p50 51.3 p99 82.0 max 147.5 mean 51.2 ms
  steady state: stand-ins repeated 1433 frozen 0 | late inputs 1433 discarded 0
  rewind of near targets (applied step - the input's render step for that tier): p50 233 p99 320 max 383 mean 232.1 ms (n=7837955)
  rewind of mid/far targets (applied step - the input's render step for that tier): p50 367 p99 435 max 468 mean 363.4 ms (n=7837955)
  render times ahead of the server (bogus) 0
  shots 588888 (late 96, refused 1431, rewinds capped 382879) | hits head 1428 body 22924 (after cover 401, too late 2537), kills 4159 | ground 362968 cover 40910 expired 160658 | segments 26281980 candidates 548806
