started=1000
welcomed=1000
failed=0
join_p50_ms=358
join_p99_ms=695
join_max_ms=829
corrections=144
corrections_per_bot_minute=0.144
correction_max_m=0.189
push_corrections=31717
push_corrections_per_bot_minute=31.717
push_max_m=0.310
snapshots=1788707
near_per_snapshot=64.1
mid_per_snapshot=86.1
far_per_snapshot=0.0
stale_snapshots=0
resyncs=0
input_applied_p50_ms=104.0
input_applied_p99_ms=149.0
input_applied_mean_ms=101.7
server_wait_p50_ms=48.9
server_wait_p99_ms=67.8
server_wait_mean_ms=48.9
round_trip_p50_ms=167.0
round_trip_p99_ms=233.0
round_trip_mean_ms=166.2
near_interval_p50_ms=66.0
near_interval_p99_ms=66.0
near_interval_mean_ms=54.5
mid_interval_p50_ms=100.0
mid_interval_p99_ms=100.0
mid_interval_mean_ms=100.7
far_interval_p50_ms=0.0
far_interval_p99_ms=0.0
far_interval_mean_ms=0.0
near_interpolated_pct=96.99
near_extrapolated_pct=1.14
near_held_pct=1.12
near_new_pct=0.76
near_pop_p50_mm=0
near_pop_p99_mm=0
mid_interpolated_pct=90.24
mid_extrapolated_pct=3.47
mid_held_pct=3.72
mid_new_pct=2.57
mid_pop_p50_mm=0
mid_pop_p99_mm=0
far_interpolated_pct=0.00
far_extrapolated_pct=0.00
far_held_pct=0.00
far_new_pct=0.00
far_pop_p50_mm=0
far_pop_p99_mm=0
render_delay_ms=102.0
render_snaps=0
class0_fighters=167
class0_shots=31405
class0_hits=7477
class0_kills=1405
class0_hit_pct=23.8
class0_rtt_ms=39.0
class1_fighters=166
class1_shots=29361
class1_hits=6183
class1_kills=1324
class1_hit_pct=21.1
class1_rtt_ms=118.9
class2_fighters=167
class2_shots=31735
class2_hits=5940
class2_kills=1184
class2_hit_pct=18.7
class2_rtt_ms=169.6
streak_frames_per_million=79
clock_slewing_pct=11.47
delay_changes=2058
render_backwards=0
clock_extra=3435
clock_skipped=1218
backlog_skips=0
near_decode_errors=0
bytes_down_mb=2753.8
bytes_up_mb=115.7
swarm_busy_pct=46
swarm_overruns=67
