spawn=blob
egress=sendmmsg
ladder=on
threads=8
shards=64
sockets=1
peak_clients=1000
steady_ticks=1709
steady_secs=57.0
ingress_p50_ms=0.64
ingress_p99_ms=1.13
ingress_max_ms=2.84
events_p50_ms=0.30
events_p99_ms=0.45
events_max_ms=0.66
movement_p50_ms=0.30
movement_p99_ms=0.40
movement_max_ms=3.35
grid_p50_ms=0.20
grid_p99_ms=0.28
grid_max_ms=0.43
separate_p50_ms=0.30
separate_p99_ms=0.38
separate_max_ms=0.94
history_p50_ms=0.00
history_p99_ms=0.00
history_max_ms=0.03
shots_p50_ms=1.06
shots_p99_ms=1.47
shots_max_ms=3.20
serialize_p50_ms=0.05
serialize_p99_ms=0.10
serialize_max_ms=0.14
assembly_p50_ms=2.98
assembly_p99_ms=3.49
assembly_max_ms=7.40
transport_p50_ms=1.16
transport_p99_ms=1.57
transport_max_ms=5.03
egress_p50_ms=5.73
egress_p99_ms=7.22
egress_max_ms=40.09
tick_p50_ms=12.80
tick_p99_ms=15.23
tick_max_ms=49.59
steady_overruns=2
level_mode=0
tick_hz=30
dilation=1
levels=L0:1709
clients_avg=1000
out_pps=59996
in_pps=29971
egress_mbps=368.6
packets_per_client_tick=2.00
wire_bytes_per_client_tick=1536
down_kbps_per_client=368.6
up_kbps_per_client=15.5
kernel_rcvbuf_drops=0
kernel_sndbuf_drops=0
snapshot_bytes_per_client_tick=1469
near_bytes_per_client_tick=392
near_per_client_tick=64.0
mid_per_client_tick=86.0
far_per_client_tick=0.0
near_scanned_per_query=191
mid_scanned_per_query=244
far_skipped=0
far_starved=0
repeated=442
frozen=226
late_inputs=668
discarded_inputs=0
input_wait_p50_ms=48.9
input_wait_p99_ms=67.8
spawns=1000
despawns=1000
deaths=4028
respawns=3767
shots=143506
shots_late=51
shots_refused=3119
rewinds_capped=92460
hits_head=1908
hits_body=31347
hits_ground=84169
hits_cover=11165
projectiles_expired=13926
kills=4028
hits_after_cover=1464
hits_too_late=12973
events=72781
tracer_bytes=123434616
projectile_segments=3822063
hit_candidates=2385590
joins_deferred=159
bad_messages=0
recv_errors=0
send_errors=0
datagrams=3592947
sends=3592947
send_syscalls=115346
rewind_near_p50_ms=245
rewind_near_p99_ms=363
rewind_near_mean_ms=246.3
rewind_mid_p50_ms=367
rewind_mid_p99_ms=433
rewind_mid_mean_ms=362.0
ingress_longest_p50_ms=0.08
ingress_work_p50_ms=2.67
assembly_longest_p50_ms=0.51
assembly_work_p50_ms=18.20
transport_longest_p50_ms=0.18
transport_work_p50_ms=5.03
egress_longest_p50_ms=1.25
egress_work_p50_ms=40.47
