preallocated connections for 10000 clients in 256.199473ms
listening on 127.0.0.1:14500 | spawn Blob | tiers near 64@150 m, mid 500 m, far 1500 m, budget 6250 B/tick, squads of 4 | 8 rayon threads, 64 shards, 1 socket(s), 256 accepts/tick, egress SendMmsg | socket buffers rcv 8192 KiB snd 8192 KiB
WARNING: token key is the public dev key; anyone can mint tokens for this server (--token-key)
[    5s] clients 1000 | level 0 (0-0 in window: 30 Hz, dilation 1.0), pace 1.00, 0.0% clients bandwidth-degraded | tick p50 11.87 p99 13.70 max 13.81 ms, 0 overruns | out 55.1k pps 362 kbps/client, 327 Mbps | in 27.0k pps 16 kbps/client | stand-ins: repeated 0.00% frozen 0.00%, 0 late inputs | per client-tick: 1432 B (near 368 B, 95% deltas), near 64.0 mid 85.8 far 0.0, far skipped 0 starved 0 | input wait p50 46.5 p99 67.3 ms | 159 joins deferred | kernel drops rcv 0 snd 0
         p50/p99 ms: ingress 0.61/1.19  events 0.28/1.57  movement 0.29/0.43  grid 0.17/0.31  separate 0.28/0.37  history 0.00/0.06  shots 0.76/1.21  serialize 0.05/0.10  assembly 2.76/3.31  transport 1.12/1.95  egress 5.40/6.34
[   10s] clients 1000 | level 0 (0-0 in window: 30 Hz, dilation 1.0), pace 1.00, 0.0% clients bandwidth-degraded | tick p50 12.49 p99 13.81 max 13.97 ms, 0 overruns | out 60.0k pps 364 kbps/client, 364 Mbps | in 29.9k pps 15 kbps/client | stand-ins: repeated 0.00% frozen 0.00%, 0 late inputs | per client-tick: 1451 B (near 378 B, 95% deltas), near 64.0 mid 86.0 far 0.0, far skipped 0 starved 0 | input wait p50 46.0 p99 66.8 ms | 0 joins deferred | kernel drops rcv 0 snd 0
         p50/p99 ms: ingress 0.64/1.17  events 0.30/0.51  movement 0.30/0.37  grid 0.19/0.27  separate 0.29/0.37  history 0.00/0.00  shots 0.99/1.56  serialize 0.05/0.09  assembly 2.91/3.31  transport 1.14/1.49  egress 5.63/6.49
[   15s] clients 1000 | level 0 (0-0 in window: 30 Hz, dilation 1.0), pace 1.00, 0.0% clients bandwidth-degraded | tick p50 12.79 p99 13.76 max 14.75 ms, 0 overruns | out 60.0k pps 374 kbps/client, 374 Mbps | in 30.0k pps 16 kbps/client | stand-ins: repeated 0.00% frozen 0.00%, 0 late inputs | per client-tick: 1492 B (near 400 B, 98% deltas), near 64.0 mid 86.0 far 0.0, far skipped 0 starved 0 | input wait p50 47.1 p99 66.8 ms | 0 joins deferred | kernel drops rcv 0 snd 0
         p50/p99 ms: ingress 0.66/1.11  events 0.31/0.45  movement 0.30/0.37  grid 0.22/0.27  separate 0.30/0.37  history 0.00/0.00  shots 1.21/1.50  serialize 0.05/0.09  assembly 2.95/3.45  transport 1.17/1.57  egress 5.60/6.15
[   20s] clients 1000 | level 0 (0-0 in window: 30 Hz, dilation 1.0), pace 1.00, 0.0% clients bandwidth-degraded | tick p50 12.70 p99 16.16 max 16.99 ms, 0 overruns | out 60.0k pps 368 kbps/client, 368 Mbps | in 30.0k pps 16 kbps/client | stand-ins: repeated 0.00% frozen 0.00%, 0 late inputs | per client-tick: 1465 B (near 385 B, 98% deltas), near 64.0 mid 86.0 far 0.0, far skipped 0 starved 0 | input wait p50 46.8 p99 66.8 ms | 0 joins deferred | kernel drops rcv 0 snd 0
         p50/p99 ms: ingress 0.64/1.24  events 0.30/0.48  movement 0.30/0.40  grid 0.22/0.33  separate 0.30/0.45  history 0.00/0.02  shots 1.14/1.41  serialize 0.05/0.10  assembly 2.93/3.37  transport 1.13/1.54  egress 5.59/9.26
[   25s] clients 1000 | level 0 (0-0 in window: 30 Hz, dilation 1.0), pace 1.00, 0.0% clients bandwidth-degraded | tick p50 12.60 p99 13.70 max 14.37 ms, 0 overruns | out 60.0k pps 370 kbps/client, 370 Mbps | in 30.0k pps 16 kbps/client | stand-ins: repeated 0.00% frozen 0.00%, 0 late inputs | per client-tick: 1475 B (near 392 B, 98% deltas), near 64.0 mid 86.0 far 0.0, far skipped 0 starved 0 | input wait p50 46.9 p99 67.1 ms | 0 joins deferred | kernel drops rcv 0 snd 0
         p50/p99 ms: ingress 0.66/1.07  events 0.31/0.51  movement 0.29/0.37  grid 0.22/0.28  separate 0.30/0.37  history 0.00/0.01  shots 1.11/1.48  serialize 0.05/0.09  assembly 2.98/3.35  transport 1.17/1.52  egress 5.51/6.37
[   30s] clients 1000 | level 0 (0-0 in window: 30 Hz, dilation 1.0), pace 1.00, 0.0% clients bandwidth-degraded | tick p50 12.81 p99 21.84 max 41.15 ms, 1 overruns | out 59.9k pps 370 kbps/client, 370 Mbps | in 29.9k pps 15 kbps/client | stand-ins: repeated 0.03% frozen 0.00%, 46 late inputs | per client-tick: 1477 B (near 399 B, 98% deltas), near 64.0 mid 86.0 far 0.0, far skipped 0 starved 0 | input wait p50 47.1 p99 68.0 ms | 0 joins deferred | kernel drops rcv 0 snd 0
         p50/p99 ms: ingress 0.64/1.12  events 0.31/0.43  movement 0.30/0.42  grid 0.19/0.27  separate 0.30/0.38  history 0.00/0.02  shots 1.07/1.66  serialize 0.05/0.09  assembly 2.98/3.53  transport 1.18/1.70  egress 5.74/10.63
[   35s] clients 1000 | level 0 (0-0 in window: 30 Hz, dilation 1.0), pace 1.00, 0.0% clients bandwidth-degraded | tick p50 13.40 p99 15.51 max 17.47 ms, 0 overruns | out 60.0k pps 368 kbps/client, 368 Mbps | in 30.0k pps 16 kbps/client | stand-ins: repeated 0.00% frozen 0.00%, 0 late inputs | per client-tick: 1467 B (near 393 B, 98% deltas), near 64.0 mid 86.0 far 0.0, far skipped 0 starved 0 | input wait p50 51.0 p99 67.2 ms | 0 joins deferred | kernel drops rcv 0 snd 0
         p50/p99 ms: ingress 0.63/1.13  events 0.31/0.45  movement 0.30/0.40  grid 0.22/0.27  separate 0.30/0.38  history 0.00/0.00  shots 1.04/1.40  serialize 0.05/0.10  assembly 3.03/3.50  transport 1.18/1.61  egress 6.29/7.76
[   40s] clients 1000 | level 0 (0-0 in window: 30 Hz, dilation 1.0), pace 1.00, 0.0% clients bandwidth-degraded | tick p50 13.37 p99 16.86 max 17.09 ms, 0 overruns | out 60.0k pps 370 kbps/client, 370 Mbps | in 30.0k pps 16 kbps/client | stand-ins: repeated 0.00% frozen 0.00%, 0 late inputs | per client-tick: 1476 B (near 401 B, 98% deltas), near 64.0 mid 86.0 far 0.0, far skipped 0 starved 0 | input wait p50 51.0 p99 67.4 ms | 0 joins deferred | kernel drops rcv 0 snd 0
         p50/p99 ms: ingress 0.64/1.05  events 0.30/0.42  movement 0.30/0.49  grid 0.22/0.28  separate 0.30/0.37  history 0.00/0.01  shots 1.09/1.42  serialize 0.05/0.09  assembly 3.02/3.43  transport 1.19/1.64  egress 6.21/7.23
[   45s] clients 1000 | level 0 (0-0 in window: 30 Hz, dilation 1.0), pace 1.00, 0.0% clients bandwidth-degraded | tick p50 13.27 p99 15.23 max 16.80 ms, 0 overruns | out 60.0k pps 369 kbps/client, 369 Mbps | in 30.0k pps 15 kbps/client | stand-ins: repeated 0.00% frozen 0.00%, 0 late inputs | per client-tick: 1472 B (near 400 B, 98% deltas), near 64.0 mid 86.0 far 0.0, far skipped 0 starved 0 | input wait p50 51.0 p99 67.4 ms | 0 joins deferred | kernel drops rcv 0 snd 0
         p50/p99 ms: ingress 0.63/1.12  events 0.31/0.58  movement 0.30/0.41  grid 0.22/0.29  separate 0.30/0.42  history 0.00/0.02  shots 0.98/1.35  serialize 0.05/0.11  assembly 3.04/3.56  transport 1.17/1.67  egress 6.16/7.05
[   50s] clients 1000 | level 0 (0-0 in window: 30 Hz, dilation 1.0), pace 1.00, 0.0% clients bandwidth-degraded | tick p50 13.16 p99 23.17 max 49.59 ms, 1 overruns | out 59.8k pps 370 kbps/client, 370 Mbps | in 29.8k pps 15 kbps/client | stand-ins: repeated 0.26% frozen 0.15%, 622 late inputs | per client-tick: 1478 B (near 402 B, 98% deltas), near 64.0 mid 86.0 far 0.0, far skipped 0 starved 0 | input wait p50 50.9 p99 80.3 ms | 0 joins deferred | kernel drops rcv 0 snd 0
         p50/p99 ms: ingress 0.62/1.03  events 0.30/0.43  movement 0.30/0.43  grid 0.18/0.27  separate 0.30/0.41  history 0.00/0.01  shots 1.03/1.40  serialize 0.05/0.10  assembly 3.04/3.62  transport 1.18/2.77  egress 6.09/11.75
[   55s] clients 1000 | level 0 (0-0 in window: 30 Hz, dilation 1.0), pace 1.00, 0.0% clients bandwidth-degraded | tick p50 12.36 p99 15.15 max 17.49 ms, 0 overruns | out 60.0k pps 372 kbps/client, 372 Mbps | in 30.0k pps 16 kbps/client | stand-ins: repeated 0.00% frozen 0.00%, 0 late inputs | per client-tick: 1481 B (near 402 B, 98% deltas), near 64.0 mid 86.0 far 0.0, far skipped 0 starved 0 | input wait p50 50.1 p99 67.7 ms | 0 joins deferred | kernel drops rcv 0 snd 0
         p50/p99 ms: ingress 0.63/1.25  events 0.30/0.46  movement 0.29/0.38  grid 0.18/0.28  separate 0.30/0.39  history 0.00/0.00  shots 1.07/1.37  serialize 0.05/0.10  assembly 2.96/3.59  transport 1.14/1.44  egress 5.41/6.35
[   60s] clients 1000 | level 0 (0-0 in window: 30 Hz, dilation 1.0), pace 1.00, 0.0% clients bandwidth-degraded | tick p50 12.39 p99 14.01 max 16.26 ms, 0 overruns | out 60.0k pps 370 kbps/client, 370 Mbps | in 30.0k pps 15 kbps/client | stand-ins: repeated 0.00% frozen 0.00%, 0 late inputs | per client-tick: 1475 B (near 402 B, 98% deltas), near 64.0 mid 86.0 far 0.0, far skipped 0 starved 0 | input wait p50 49.4 p99 67.6 ms | 0 joins deferred | kernel drops rcv 0 snd 0
         p50/p99 ms: ingress 0.63/1.12  events 0.30/0.45  movement 0.30/0.37  grid 0.18/0.29  separate 0.30/0.38  history 0.00/0.00  shots 1.01/1.47  serialize 0.05/0.10  assembly 2.89/3.59  transport 1.13/1.56  egress 5.57/6.75
[   60s] clients 0 | level 0 (0-0 in window: 30 Hz, dilation 1.0), pace 1.00, 0.0% clients bandwidth-degraded | tick p50 10.64 p99 13.22 max 13.22 ms, 0 overruns | out 39.0k pps 396 kbps/client, 249 Mbps | in 32.2k pps 19 kbps/client | stand-ins: repeated 0.00% frozen 0.00%, 0 late inputs | per client-tick: 1513 B (near 447 B, 90% deltas), near 63.4 mid 84.8 far 0.0, far skipped 0 starved 0 | input wait p50 50.6 p99 67.6 ms | 0 joins deferred | kernel drops rcv 0 snd 0
         p50/p99 ms: ingress 0.56/0.92  events 0.41/0.93  movement 0.29/0.35  grid 0.16/0.24  separate 0.32/0.43  history 0.00/0.00  shots 0.82/1.25  serialize 0.04/0.06  assembly 2.49/3.04  transport 0.96/1.16  egress 3.84/6.41

== summary: 1709 steady-state ticks (after warmup, before clients drain), peak 1000 clients ==
  phase        p50 ms   p99 ms   max ms
  ingress        0.64     1.13     2.84
  events         0.30     0.45     0.66
  movement       0.30     0.40     3.35
  grid           0.20     0.28     0.43
  separate       0.30     0.38     0.94
  history        0.00     0.00     0.03
  shots          1.06     1.47     3.20
  serialize      0.05     0.10     0.14
  assembly       2.98     3.49     7.40
  transport      1.16     1.57     5.03
  egress         5.73     7.22    40.09
  tick          12.80    15.23    49.59
  overruns 2 | spawns 1000 despawns 1000 (159 joins deferred) | deaths 4028 respawns 3767 | stand-ins: repeated 442 frozen 226 | late inputs 668 discarded 0 | bad messages 0 | recv errors 0 send errors 0
  egress (whole run): 3592947 datagrams in 3592947 sends (1.00 per send), 115346 syscalls
  ticks per ladder level (whole run): L0: 1812
  input wait on the server (datagram arrival -> applied): p50 48.9 p99 67.8 max 87.7 mean 48.9 ms
  steady state: stand-ins repeated 442 frozen 226 | late inputs 668 discarded 0
  rewind of near targets (applied step - the input's render step for that tier): p50 245 p99 363 max 368 mean 246.3 ms (n=1780587)
  rewind of mid/far targets (applied step - the input's render step for that tier): p50 367 p99 433 max 475 mean 362.0 ms (n=1780587)
  render times ahead of the server (bogus) 0
  shots 143506 (late 51, refused 3119, rewinds capped 92460) | hits head 1908 body 31347 (after cover 1464, too late 12973), kills 4028 | ground 84169 cover 11165 expired 13926 | segments 3822063 candidates 2385590
