minting tokens with the public dev key (--token-key to change)
1000 bots -> 127.0.0.1:40500 on 8 threads, ramp 0/s, 60s, 1000 full + 0 sink bots
[    5s] bots 1000/1000 connected, 1000 welcomed, 0 failed | 22.9 snaps/s/bot, entities/snap near 74.0 mid 99.4 far 0.0 | corrections 0.007/s/bot | down 323 up 13 kbps/bot | rtt 67.7 ms loss 0.00% | input->applied ~ p50 86 p99 140 ms, round trip p50 167 p99 200 ms | joins 1000 (p50 350 p99 560 ms) | server pace 1.00 level 0, 0 bots bandwidth-degraded | swarm busy 11%, overruns 3
[   10s] bots 1000/1000 connected, 1000 welcomed, 0 failed | 27.5 snaps/s/bot, entities/snap near 72.7 mid 97.7 far 0.0 | corrections 0.002/s/bot | down 377 up 16 kbps/bot | rtt 67.7 ms loss 0.00% | input->applied ~ p50 86 p99 139 ms, round trip p50 167 p99 200 ms | joins 0 (p50 0 p99 0 ms) | server pace 1.00 level 0, 0 bots bandwidth-degraded | swarm busy 10%, overruns 0
[   15s] bots 1000/1000 connected, 1000 welcomed, 0 failed | 25.0 snaps/s/bot, entities/snap near 72.7 mid 97.7 far 0.0 | corrections 0.003/s/bot | down 343 up 14 kbps/bot | rtt 68.1 ms loss 0.00% | input->applied ~ p50 86 p99 141 ms, round trip p50 167 p99 200 ms | joins 0 (p50 0 p99 0 ms) | server pace 1.00 level 0, 0 bots bandwidth-degraded | swarm busy 10%, overruns 0
[   20s] bots 1000/1000 connected, 1000 welcomed, 0 failed | 27.1 snaps/s/bot, entities/snap near 72.7 mid 97.7 far 0.0 | corrections 0.002/s/bot | down 372 up 15 kbps/bot | rtt 67.8 ms loss 0.00% | input->applied ~ p50 87 p99 142 ms, round trip p50 167 p99 200 ms | joins 0 (p50 0 p99 0 ms) | server pace 1.00 level 0, 0 bots bandwidth-degraded | swarm busy 11%, overruns 0
[   25s] bots 1000/1000 connected, 1000 welcomed, 0 failed | 26.4 snaps/s/bot, entities/snap near 72.7 mid 97.6 far 0.0 | corrections 0.001/s/bot | down 362 up 15 kbps/bot | rtt 67.6 ms loss 0.00% | input->applied ~ p50 87 p99 141 ms, round trip p50 167 p99 200 ms | joins 0 (p50 0 p99 0 ms) | server pace 1.00 level 0, 0 bots bandwidth-degraded | swarm busy 11%, overruns 0
[   30s] bots 1000/1000 connected, 1000 welcomed, 0 failed | 25.8 snaps/s/bot, entities/snap near 72.7 mid 97.6 far 0.0 | corrections 0.002/s/bot | down 353 up 15 kbps/bot | rtt 67.5 ms loss 0.00% | input->applied ~ p50 86 p99 141 ms, round trip p50 167 p99 200 ms | joins 0 (p50 0 p99 0 ms) | server pace 1.00 level 0, 0 bots bandwidth-degraded | swarm busy 10%, overruns 0
[   35s] bots 1000/1000 connected, 1000 welcomed, 0 failed | 27.4 snaps/s/bot, entities/snap near 72.7 mid 97.7 far 0.0 | corrections 0.002/s/bot | down 375 up 16 kbps/bot | rtt 67.8 ms loss 0.00% | input->applied ~ p50 87 p99 141 ms, round trip p50 167 p99 200 ms | joins 0 (p50 0 p99 0 ms) | server pace 1.00 level 0, 0 bots bandwidth-degraded | swarm busy 11%, overruns 0
[   40s] bots 1000/1000 connected, 1000 welcomed, 0 failed | 26.2 snaps/s/bot, entities/snap near 72.7 mid 97.7 far 0.0 | corrections 0.002/s/bot | down 360 up 15 kbps/bot | rtt 67.7 ms loss 0.00% | input->applied ~ p50 87 p99 141 ms, round trip p50 167 p99 200 ms | joins 0 (p50 0 p99 0 ms) | server pace 1.00 level 0, 0 bots bandwidth-degraded | swarm busy 11%, overruns 0
[   45s] bots 1000/1000 connected, 1000 welcomed, 0 failed | 26.0 snaps/s/bot, entities/snap near 72.5 mid 97.5 far 0.0 | corrections 0.002/s/bot | down 355 up 15 kbps/bot | rtt 68.2 ms loss 0.00% | input->applied ~ p50 87 p99 142 ms, round trip p50 167 p99 200 ms | joins 0 (p50 0 p99 0 ms) | server pace 1.00 level 0, 0 bots bandwidth-degraded | swarm busy 10%, overruns 0
[   50s] bots 1000/1000 connected, 1000 welcomed, 0 failed | 27.1 snaps/s/bot, entities/snap near 72.8 mid 97.8 far 0.0 | corrections 0.005/s/bot | down 372 up 15 kbps/bot | rtt 68.0 ms loss 0.00% | input->applied ~ p50 87 p99 143 ms, round trip p50 167 p99 200 ms | joins 0 (p50 0 p99 0 ms) | server pace 1.00 level 0, 0 bots bandwidth-degraded | swarm busy 11%, overruns 3
[   55s] bots 1000/1000 connected, 1000 welcomed, 0 failed | 26.0 snaps/s/bot, entities/snap near 72.7 mid 97.6 far 0.0 | corrections 0.004/s/bot | down 356 up 15 kbps/bot | rtt 67.1 ms loss 0.00% | input->applied ~ p50 88 p99 144 ms, round trip p50 167 p99 200 ms | joins 0 (p50 0 p99 0 ms) | server pace 1.00 level 0, 0 bots bandwidth-degraded | swarm busy 10%, overruns 0
[   60s] bots 1000/1000 connected, 1000 welcomed, 0 failed | 26.6 snaps/s/bot, entities/snap near 72.7 mid 97.7 far 0.0 | corrections 0.004/s/bot | down 364 up 15 kbps/bot | rtt 67.4 ms loss 0.00% | input->applied ~ p50 88 p99 144 ms, round trip p50 167 p99 200 ms | joins 0 (p50 0 p99 0 ms) | server pace 1.00 level 0, 0 bots bandwidth-degraded | swarm busy 10%, overruns 0

== bots summary ==
  started 1000 welcomed 1000 failed 0
  join latency ms: p50 350 p99 560 max 593 (n=1000)
  corrections 184 (0.18/bot-minute), mean error 0.086 m, max 0.324 m
  push corrections (the server pushed us apart from a crowd) 23799 (23.80/bot-minute), max 0.324 m
  snapshots 1575581 (entities per snapshot: near 72.8 mid 97.8 far 0.0), stale 213576, unmatched acks 0, resyncs 0
  input -> applied on server (est. RTT/2 + server wait): p50 87.0 p99 142.0 max 192.0 mean 88.0 ms (n=1569035)
    of which server wait (arrival -> applied): p50 52.8 p99 108.4 max 154.8 mean 53.9 ms (n=1569035)
  input -> seen acked (round trip): p50 167.0 p99 200.0 max 267.0 mean 152.8 ms (n=1573195)
  near entity update interval (tracked bots): p50 66.0 p99 100.0 max 200.0 mean 56.1 ms (n=5421604)
  mid entity update interval (tracked bots): p50 100.0 p99 100.0 max 2200.0 mean 100.4 ms (n=7643607)
  far entity update interval (tracked bots): p50 0.0 p99 0.0 max 0.0 mean 0.0 ms (n=0)
  near drawn (tracked bots): 83.02% interpolated, 16.84% extrapolated, 0.00% held, 0.13% new | pops p50 2 p99 176 max 810 mm
  mid drawn (tracked bots): 96.25% interpolated, 1.30% extrapolated, 1.37% held, 1.08% new | pops p50 0 p99 0 max 15133 mm
  far drawn (tracked bots): 0.00% interpolated, 0.00% extrapolated, 0.00% held, 0.00% new | pops p50 0 p99 0 max 0 mm
  render delay (near) 67.9 ms behind the newest step, clock snaps 0 (backwards 0)
  input clock: 11216 extra inputs, 10094 skipped ticks, 230 backlog skips | near decode errors (tracked bots) 0
  bytes down 2705.3 MB up 112.1 MB | swarm busy 10% of its threads' time, tick overruns 6
