preallocated connections for 10000 clients in 257.012307ms
listening on 127.0.0.1:40500 | spawn Blob | tiers near 64@150 m, mid 500 m, far 1500 m, budget 6250 B/tick, squads of 4 | 8 rayon threads, 64 shards, 1 socket(s), 256 accepts/tick, egress SendMmsg | socket buffers rcv 8192 KiB snd 8192 KiB
WARNING: token key is the public dev key; anyone can mint tokens for this server (--token-key)
[    5s] clients 1000 | level 0 (0-0 in window: 30 Hz, dilation 1.0), pace 1.00, 0.0% clients bandwidth-degraded | tick p50 9.27 p99 10.27 max 28.18 ms, 0 overruns | out 55.3k pps 369 kbps/client, 335 Mbps | in 27.0k pps 16 kbps/client | stand-ins: repeated 0.40% frozen 0.01%, 545 late inputs | per client-tick: 1464 B (near 459 B, 95% deltas), near 64.0 mid 85.9 far 0.0, far skipped 0 starved 0 | input wait p50 52.1 p99 106.9 ms | 154 joins deferred | kernel drops rcv 0 snd 0
         p50/p99 ms: ingress 0.42/1.27  events 0.12/1.39  movement 0.26/0.49  grid 0.15/0.48  separate 0.30/0.51  history 0.00/0.02  serialize 0.04/0.09  assembly 2.36/3.14  transport 0.96/1.88  egress 4.43/5.05
[   10s] clients 1000 | level 0 (0-0 in window: 30 Hz, dilation 1.0), pace 1.00, 0.0% clients bandwidth-degraded | tick p50 9.16 p99 10.23 max 12.17 ms, 0 overruns | out 60.0k pps 362 kbps/client, 362 Mbps | in 29.9k pps 15 kbps/client | stand-ins: repeated 0.21% frozen 0.00%, 310 late inputs | per client-tick: 1442 B (near 436 B, 99% deltas), near 64.0 mid 86.0 far 0.0, far skipped 0 starved 0 | input wait p50 52.1 p99 105.2 ms | 0 joins deferred | kernel drops rcv 0 snd 0
         p50/p99 ms: ingress 0.41/0.96  events 0.12/0.41  movement 0.26/0.63  grid 0.15/0.46  separate 0.30/0.50  history 0.00/0.01  serialize 0.04/0.07  assembly 2.31/2.75  transport 0.96/1.24  egress 4.49/5.22
[   15s] clients 1000 | level 0 (0-0 in window: 30 Hz, dilation 1.0), pace 1.00, 0.0% clients bandwidth-degraded | tick p50 9.10 p99 10.42 max 10.49 ms, 0 overruns | out 60.0k pps 362 kbps/client, 362 Mbps | in 29.9k pps 15 kbps/client | stand-ins: repeated 0.21% frozen 0.00%, 317 late inputs | per client-tick: 1444 B (near 438 B, 99% deltas), near 64.0 mid 86.0 far 0.0, far skipped 0 starved 0 | input wait p50 52.5 p99 107.3 ms | 0 joins deferred | kernel drops rcv 0 snd 0
         p50/p99 ms: ingress 0.41/0.84  events 0.12/0.34  movement 0.26/0.63  grid 0.15/0.46  separate 0.30/0.65  history 0.00/0.01  serialize 0.04/0.07  assembly 2.38/2.91  transport 0.90/1.30  egress 4.45/5.32
[   20s] clients 1000 | level 0 (0-0 in window: 30 Hz, dilation 1.0), pace 1.00, 0.0% clients bandwidth-degraded | tick p50 9.09 p99 10.80 max 11.03 ms, 0 overruns | out 60.0k pps 362 kbps/client, 362 Mbps | in 29.8k pps 15 kbps/client | stand-ins: repeated 0.22% frozen 0.00%, 341 late inputs | per client-tick: 1443 B (near 437 B, 99% deltas), near 64.0 mid 86.0 far 0.0, far skipped 0 starved 0 | input wait p50 52.7 p99 107.8 ms | 0 joins deferred | kernel drops rcv 0 snd 0
         p50/p99 ms: ingress 0.40/0.79  events 0.12/0.59  movement 0.27/0.52  grid 0.15/0.54  separate 0.31/0.41  history 0.00/0.00  serialize 0.04/0.07  assembly 2.37/2.74  transport 0.91/1.25  egress 4.43/5.19
[   25s] clients 1000 | level 0 (0-0 in window: 30 Hz, dilation 1.0), pace 1.00, 0.0% clients bandwidth-degraded | tick p50 9.06 p99 10.60 max 11.72 ms, 0 overruns | out 60.0k pps 362 kbps/client, 362 Mbps | in 29.9k pps 15 kbps/client | stand-ins: repeated 0.19% frozen 0.00%, 281 late inputs | per client-tick: 1444 B (near 438 B, 99% deltas), near 64.0 mid 86.0 far 0.0, far skipped 0 starved 0 | input wait p50 52.8 p99 107.2 ms | 0 joins deferred | kernel drops rcv 0 snd 0
         p50/p99 ms: ingress 0.40/0.79  events 0.12/0.52  movement 0.26/0.54  grid 0.14/0.47  separate 0.30/0.41  history 0.00/0.01  serialize 0.04/0.07  assembly 2.33/2.67  transport 0.94/1.39  egress 4.49/5.37
[   30s] clients 1000 | level 0 (0-0 in window: 30 Hz, dilation 1.0), pace 1.00, 0.0% clients bandwidth-degraded | tick p50 9.10 p99 10.40 max 11.27 ms, 0 overruns | out 60.0k pps 362 kbps/client, 362 Mbps | in 29.9k pps 15 kbps/client | stand-ins: repeated 0.21% frozen 0.00%, 307 late inputs | per client-tick: 1444 B (near 438 B, 99% deltas), near 64.0 mid 86.0 far 0.0, far skipped 0 starved 0 | input wait p50 52.6 p99 107.6 ms | 0 joins deferred | kernel drops rcv 0 snd 0
         p50/p99 ms: ingress 0.42/1.21  events 0.12/0.41  movement 0.27/0.72  grid 0.14/0.43  separate 0.30/0.69  history 0.00/0.00  serialize 0.04/0.08  assembly 2.33/2.80  transport 0.91/1.29  egress 4.43/5.33
[   35s] clients 1000 | level 0 (0-0 in window: 30 Hz, dilation 1.0), pace 1.00, 0.0% clients bandwidth-degraded | tick p50 9.19 p99 16.67 max 17.73 ms, 0 overruns | out 60.0k pps 362 kbps/client, 362 Mbps | in 29.9k pps 15 kbps/client | stand-ins: repeated 0.22% frozen 0.00%, 338 late inputs | per client-tick: 1442 B (near 436 B, 99% deltas), near 64.0 mid 86.0 far 0.0, far skipped 0 starved 0 | input wait p50 52.7 p99 107.3 ms | 0 joins deferred | kernel drops rcv 0 snd 0
         p50/p99 ms: ingress 0.41/1.38  events 0.12/0.44  movement 0.26/0.54  grid 0.15/0.49  separate 0.30/0.73  history 0.00/0.00  serialize 0.04/0.07  assembly 2.34/2.92  transport 0.93/1.25  egress 4.52/10.61
[   40s] clients 1000 | level 0 (0-0 in window: 30 Hz, dilation 1.0), pace 1.00, 0.0% clients bandwidth-degraded | tick p50 9.21 p99 10.32 max 10.75 ms, 0 overruns | out 60.0k pps 362 kbps/client, 362 Mbps | in 29.9k pps 15 kbps/client | stand-ins: repeated 0.21% frozen 0.00%, 319 late inputs | per client-tick: 1443 B (near 437 B, 99% deltas), near 64.0 mid 86.0 far 0.0, far skipped 0 starved 0 | input wait p50 52.7 p99 107.6 ms | 0 joins deferred | kernel drops rcv 0 snd 0
         p50/p99 ms: ingress 0.41/1.15  events 0.12/0.41  movement 0.26/0.73  grid 0.15/0.39  separate 0.30/0.52  history 0.00/0.00  serialize 0.04/0.08  assembly 2.35/2.77  transport 0.92/1.25  egress 4.47/5.26
[   45s] clients 1000 | level 0 (0-0 in window: 30 Hz, dilation 1.0), pace 1.00, 0.0% clients bandwidth-degraded | tick p50 9.23 p99 10.46 max 10.59 ms, 0 overruns | out 60.0k pps 362 kbps/client, 362 Mbps | in 29.8k pps 15 kbps/client | stand-ins: repeated 0.19% frozen 0.00%, 291 late inputs | per client-tick: 1444 B (near 438 B, 99% deltas), near 64.0 mid 86.0 far 0.0, far skipped 0 starved 0 | input wait p50 52.7 p99 108.0 ms | 0 joins deferred | kernel drops rcv 0 snd 0
         p50/p99 ms: ingress 0.42/0.97  events 0.12/0.67  movement 0.28/0.57  grid 0.15/0.57  separate 0.30/0.42  history 0.00/0.00  serialize 0.04/0.08  assembly 2.35/2.81  transport 0.92/1.23  egress 4.44/5.14
[   50s] clients 1000 | level 0 (0-0 in window: 30 Hz, dilation 1.0), pace 1.00, 0.0% clients bandwidth-degraded | tick p50 8.99 p99 22.04 max 29.21 ms, 0 overruns | out 60.0k pps 363 kbps/client, 363 Mbps | in 29.8k pps 15 kbps/client | stand-ins: repeated 0.36% frozen 0.00%, 546 late inputs | per client-tick: 1446 B (near 440 B, 99% deltas), near 64.0 mid 86.0 far 0.0, far skipped 0 starved 0 | input wait p50 52.9 p99 109.4 ms | 0 joins deferred | kernel drops rcv 0 snd 0
         p50/p99 ms: ingress 0.43/1.03  events 0.13/0.60  movement 0.27/0.61  grid 0.16/0.72  separate 0.30/0.84  history 0.00/0.00  serialize 0.04/0.23  assembly 2.36/3.00  transport 0.95/1.64  egress 4.27/16.58
[   55s] clients 1000 | level 0 (0-0 in window: 30 Hz, dilation 1.0), pace 1.00, 0.0% clients bandwidth-degraded | tick p50 8.82 p99 10.96 max 11.10 ms, 0 overruns | out 60.0k pps 362 kbps/client, 362 Mbps | in 29.7k pps 15 kbps/client | stand-ins: repeated 0.38% frozen 0.00%, 565 late inputs | per client-tick: 1443 B (near 437 B, 99% deltas), near 64.0 mid 86.0 far 0.0, far skipped 0 starved 0 | input wait p50 54.3 p99 110.2 ms | 0 joins deferred | kernel drops rcv 0 snd 0
         p50/p99 ms: ingress 0.41/1.04  events 0.12/0.56  movement 0.27/0.62  grid 0.15/0.44  separate 0.30/0.68  history 0.00/0.00  serialize 0.04/0.16  assembly 2.35/3.18  transport 0.95/1.34  egress 4.19/5.24
[   60s] clients 1000 | level 0 (0-0 in window: 30 Hz, dilation 1.0), pace 1.00, 0.0% clients bandwidth-degraded | tick p50 8.72 p99 10.64 max 10.97 ms, 0 overruns | out 60.0k pps 362 kbps/client, 362 Mbps | in 29.7k pps 15 kbps/client | stand-ins: repeated 0.37% frozen 0.00%, 563 late inputs | per client-tick: 1444 B (near 438 B, 99% deltas), near 64.0 mid 86.0 far 0.0, far skipped 0 starved 0 | input wait p50 54.2 p99 110.2 ms | 0 joins deferred | kernel drops rcv 0 snd 0
         p50/p99 ms: ingress 0.41/1.00  events 0.12/0.19  movement 0.26/0.67  grid 0.15/0.20  separate 0.30/0.41  history 0.00/0.00  serialize 0.04/0.08  assembly 2.33/3.25  transport 0.96/1.33  egress 4.11/4.98
[   60s] clients 0 | level 0 (0-0 in window: 30 Hz, dilation 1.0), pace 1.00, 0.0% clients bandwidth-degraded | tick p50 5.92 p99 11.13 max 11.13 ms, 0 overruns | out 19.5k pps 393 kbps/client, 122 Mbps | in 35.5k pps 31 kbps/client | stand-ins: repeated 0.32% frozen 0.00%, 4 late inputs | per client-tick: 1488 B (near 538 B, 77% deltas), near 63.4 mid 80.9 far 0.0, far skipped 0 starved 0 | input wait p50 52.7 p99 110.8 ms | 0 joins deferred | kernel drops rcv 0 snd 0
         p50/p99 ms: ingress 0.43/0.73  events 0.27/0.86  movement 0.20/1.12  grid 0.14/0.14  separate 0.29/0.88  history 0.00/0.00  serialize 0.00/0.04  assembly 1.09/2.96  transport 0.40/0.95  egress 0.94/4.45

== summary: 1708 steady-state ticks (after warmup, before clients drain), peak 1000 clients ==
  phase        p50 ms   p99 ms   max ms
  ingress        0.41     1.03     1.52
  events         0.12     0.55     0.91
  movement       0.27     0.65     1.12
  grid           0.15     0.48     0.82
  separate       0.30     0.60     3.26
  history        0.00     0.00     0.02
  serialize      0.04     0.10     0.26
  assembly       2.35     2.96     3.29
  transport      0.94     1.33     4.25
  egress         4.40     5.28    19.68
  tick           9.07    10.96    29.21
  overruns 0 | spawns 1000 despawns 1000 (154 joins deferred) | stand-ins: repeated 4712 frozen 17 | late inputs 4727 discarded 0 | bad messages 0 | recv errors 0 send errors 0
  egress (whole run): 3593362 datagrams in 3593362 sends (1.00 per send), 115288 syscalls
  ticks per ladder level (whole run): L0: 1812
  input wait on the server (datagram arrival -> applied): p50 52.8 p99 108.4 max 154.8 mean 53.9 ms
  steady state: stand-ins repeated 4281 frozen 1 | late inputs 4279 discarded 0
  rewind of near targets (applied step - the input's render step for that tier): p50 186 p99 233 max 293 mean 188.0 ms (n=1780462)
  rewind of mid/far targets (applied step - the input's render step for that tier): p50 319 p99 367 max 427 mean 321.3 ms (n=1780462)
  render times ahead of the server (bogus) 0
