1000 bots -> 172.31.27.101:40500 on 4 threads, ramp 0/s, 20s, 1000 full + 0 sink bots
[    5s] bots 1000/1000 connected, 1000 welcomed, 0 failed | 26.8 snaps/s/bot, entities/snap near 64.5 mid 86.5 far 0.0 | corrections 0.000/s/bot | down 323 up 14 kbps/bot | rtt 5.9 ms loss 0.00% | input->applied ~ p50 64 p99 98 ms, round trip p50 67 p99 113 ms | joins 1000 (p50 230 p99 499 ms) | server pace 1.00 level 0, 0 bots bandwidth-degraded | swarm busy 13%, overruns 3
[   10s] bots 1000/1000 connected, 1000 welcomed, 0 failed | 31.3 snaps/s/bot, entities/snap near 64.0 mid 86.0 far 0.0 | corrections 0.000/s/bot | down 372 up 16 kbps/bot | rtt 5.9 ms loss 0.00% | input->applied ~ p50 52 p99 68 ms, round trip p50 67 p99 100 ms | joins 0 (p50 0 p99 0 ms) | server pace 1.00 level 0, 0 bots bandwidth-degraded | swarm busy 13%, overruns 0
[   15s] bots 1000/1000 connected, 1000 welcomed, 0 failed | 28.2 snaps/s/bot, entities/snap near 64.0 mid 86.0 far 0.0 | corrections 0.000/s/bot | down 334 up 14 kbps/bot | rtt 5.9 ms loss 0.00% | input->applied ~ p50 52 p99 68 ms, round trip p50 67 p99 100 ms | joins 0 (p50 0 p99 0 ms) | server pace 1.00 level 0, 0 bots bandwidth-degraded | swarm busy 13%, overruns 0
[   20s] bots 1000/1000 connected, 1000 welcomed, 0 failed | 31.2 snaps/s/bot, entities/snap near 64.0 mid 86.0 far 0.0 | corrections 0.000/s/bot | down 370 up 16 kbps/bot | rtt 5.9 ms loss 0.00% | input->applied ~ p50 52 p99 68 ms, round trip p50 67 p99 100 ms | joins 0 (p50 0 p99 0 ms) | server pace 1.00 level 0, 0 bots bandwidth-degraded | swarm busy 13%, overruns 0

== bots summary ==
  started 1000 welcomed 1000 failed 0
  join latency ms: p50 230 p99 499 max 632 (n=1000)
  corrections 0 (0.00/bot-minute), mean error 0.000 m, max 0.000 m
  push corrections (the server pushed us apart from a crowd) 8214 (24.64/bot-minute), max 0.212 m
  snapshots 593095 (entities per snapshot: near 64.1 mid 86.1 far 0.0), stale 0, unmatched acks 0, resyncs 0
  input -> applied on server (est. RTT/2 + server wait): p50 64.0 p99 82.0 max 102.0 mean 55.9 ms (n=592117)
    of which server wait (arrival -> applied): p50 61.5 p99 76.8 max 99.6 mean 52.9 ms (n=592117)
  input -> seen acked (round trip): p50 67.0 p99 100.0 max 157.0 mean 80.1 ms (n=592117)
  near entity update interval (tracked bots): p50 66.0 p99 66.0 max 166.0 mean 53.1 ms (n=1898951)
  mid entity update interval (tracked bots): p50 100.0 p99 100.0 max 2200.0 mean 100.5 ms (n=2532883)
  far entity update interval (tracked bots): p50 0.0 p99 0.0 max 0.0 mean 0.0 ms (n=0)
  near drawn (tracked bots): 99.23% interpolated, 0.11% extrapolated, 0.00% held, 0.65% new | pops p50 0 p99 0 max 254 mm
  mid drawn (tracked bots): 90.32% interpolated, 2.10% extrapolated, 5.67% held, 1.92% new | pops p50 0 p99 0 max 15979 mm
  far drawn (tracked bots): 0.00% interpolated, 0.00% extrapolated, 0.00% held, 0.00% new | pops p50 0 p99 0 max 0 mm
  render delay (near) 97.6 ms behind the newest step, clock snaps 0 (backwards 0), slewing 6.31% of frames, near delay changes 122 | streak entity-frames (drawn > 20 m/s) 1490
  input clock: 1000 extra inputs, 296 skipped ticks, 0 backlog skips | near decode errors (tracked bots) 0
  bytes down 883.4 MB up 37.4 MB | swarm busy 13% of its threads' time, tick overruns 3
