started=1000
welcomed=1000
failed=0
join_p50_ms=230
join_p99_ms=499
join_max_ms=632
corrections=0
corrections_per_bot_minute=0.000
correction_max_m=0.000
push_corrections=8214
push_corrections_per_bot_minute=24.642
push_max_m=0.212
snapshots=593095
near_per_snapshot=64.1
mid_per_snapshot=86.1
far_per_snapshot=0.0
stale_snapshots=0
resyncs=0
input_applied_p50_ms=64.0
input_applied_p99_ms=82.0
input_applied_mean_ms=55.9
server_wait_p50_ms=61.5
server_wait_p99_ms=76.8
server_wait_mean_ms=52.9
round_trip_p50_ms=67.0
round_trip_p99_ms=100.0
round_trip_mean_ms=80.1
near_interval_p50_ms=66.0
near_interval_p99_ms=66.0
near_interval_mean_ms=53.1
mid_interval_p50_ms=100.0
mid_interval_p99_ms=100.0
mid_interval_mean_ms=100.5
far_interval_p50_ms=0.0
far_interval_p99_ms=0.0
far_interval_mean_ms=0.0
near_interpolated_pct=99.23
near_extrapolated_pct=0.11
near_held_pct=0.00
near_new_pct=0.65
near_pop_p50_mm=0
near_pop_p99_mm=0
mid_interpolated_pct=90.32
mid_extrapolated_pct=2.10
mid_held_pct=5.67
mid_new_pct=1.92
mid_pop_p50_mm=0
mid_pop_p99_mm=0
far_interpolated_pct=0.00
far_extrapolated_pct=0.00
far_held_pct=0.00
far_new_pct=0.00
far_pop_p50_mm=0
far_pop_p99_mm=0
render_delay_ms=97.6
render_snaps=0
shots_seen=0
activity_cells=0
activity_shots=0
ambient=0
streak_frames_per_million=130
clock_slewing_pct=6.31
delay_changes=122
render_backwards=0
clock_extra=1000
clock_skipped=296
backlog_skips=0
near_decode_errors=0
bytes_down_mb=883.4
bytes_up_mb=37.4
swarm_busy_pct=13
swarm_overruns=3
