== blob, 1000 bots, 20s -> baselines/2026-10-07-aws-small-recvfrom/blob-1k-gso-1
== summary: 508 steady-state ticks (after warmup, before clients drain), peak 1000 clients ==
  phase        p50 ms   p99 ms   max ms
  ingress        0.22     0.25     0.51
  events         0.20     0.22     0.23
  movement       0.16     0.19     0.22
  grid           0.16     0.19     0.20
  separate       0.09     0.11     0.17
  history        0.00     0.01     0.01
  shots          0.01     0.01     0.02
  serialize      0.05     0.06     0.07
  assembly       1.90     2.14     2.38
  transport      0.61     0.69     0.73
  egress         0.89     1.01     1.04
  tick           4.28     4.60     4.81
  overruns 0 | spawns 1000 despawns 1000 (1073 joins deferred) | deaths 0 respawns 0 | stand-ins: repeated 0 frozen 0 | late inputs 0 discarded 0 | bad messages 0 | recv errors 0 send errors 0
  egress (whole run): 1193023 datagrams in 597515 sends (2.00 per send), 38464 syscalls
  ingress (whole run): 599611 datagrams in 599611 receive calls (1.00 per call)
  ticks per ladder level (whole run): L0: 617
  input wait on the server (datagram arrival -> applied): p50 61.5 p99 77.1 max 99.6 mean 52.9 ms
  steady state: stand-ins repeated 0 frozen 0 | late inputs 0 discarded 0
  rewind of near targets (applied step - the input's render step for that tier): p50 133 p99 183 max 206 mean 145.5 ms (n=578213)
  rewind of mid/far targets (applied step - the input's render step for that tier): p50 267 p99 300 max 308 mean 277.5 ms (n=578213)
  render times ahead of the server (bogus) 0
  shots 0 (late 0, refused 0, rewinds capped 0) | hits head 0 body 0 (after cover 0, too late 0), kills 0 | ground 0 cover 0 expired 0 | segments 0 candidates 0
== bots summary ==
  started 1000 welcomed 1000 failed 0
  join latency ms: p50 230 p99 499 max 632 (n=1000)
  corrections 0 (0.00/bot-minute), mean error 0.000 m, max 0.000 m
  push corrections (the server pushed us apart from a crowd) 8214 (24.64/bot-minute), max 0.212 m
  snapshots 593095 (entities per snapshot: near 64.1 mid 86.1 far 0.0), stale 0, unmatched acks 0, resyncs 0
  input -> applied on server (est. RTT/2 + server wait): p50 64.0 p99 82.0 max 102.0 mean 55.9 ms (n=592117)
    of which server wait (arrival -> applied): p50 61.5 p99 76.8 max 99.6 mean 52.9 ms (n=592117)
  input -> seen acked (round trip): p50 67.0 p99 100.0 max 157.0 mean 80.1 ms (n=592117)
  near entity update interval (tracked bots): p50 66.0 p99 66.0 max 166.0 mean 53.1 ms (n=1898951)
  mid entity update interval (tracked bots): p50 100.0 p99 100.0 max 2200.0 mean 100.5 ms (n=2532883)
  far entity update interval (tracked bots): p50 0.0 p99 0.0 max 0.0 mean 0.0 ms (n=0)
  near drawn (tracked bots): 99.23% interpolated, 0.11% extrapolated, 0.00% held, 0.65% new | pops p50 0 p99 0 max 254 mm
  mid drawn (tracked bots): 90.32% interpolated, 2.10% extrapolated, 5.67% held, 1.92% new | pops p50 0 p99 0 max 15979 mm
  far drawn (tracked bots): 0.00% interpolated, 0.00% extrapolated, 0.00% held, 0.00% new | pops p50 0 p99 0 max 0 mm
  render delay (near) 97.6 ms behind the newest step, clock snaps 0 (backwards 0), slewing 6.31% of frames, near delay changes 122 | streak entity-frames (drawn > 20 m/s) 1490
  input clock: 1000 extra inputs, 296 skipped ticks, 0 backlog skips | near decode errors (tracked bots) 0
  bytes down 883.4 MB up 37.4 MB | swarm busy 13% of its threads' time, tick overruns 3
