preallocated connections for 10000 clients in 263.334862ms
listening on 172.31.27.101:40500 | spawn Blob | tiers near 64@150 m, mid 500 m, far 1500 m, budget 6250 B/tick, squads of 4 | 8 rayon threads, 64 shards, 1 socket(s), 256 accepts/tick, egress Gso, ingress RecvFrom | socket buffers rcv 32768 KiB snd 32768 KiB
[    5s] clients 1000 | level 0 (0-0 in window: 30 Hz, dilation 1.0), pace 1.00, 0.0% clients bandwidth-degraded | tick p50 4.23 p99 5.63 max 5.86 ms, 0 overruns | out 52.8k pps 361 kbps/client, 314 Mbps | in 26.5k pps 16 kbps/client, 1.0 per recv, receive thread busy 9% | stand-ins: repeated 0.00% frozen 0.00%, 0 late inputs | per client-tick: 1425 B (near 419 B, 97% deltas), near 64.0 mid 85.8 far 0.0, far skipped 0 starved 0 | input wait p50 61.8 p99 95.6 ms | 1073 joins deferred | kernel drops rcv 0 snd 0
         p50/p99 ms: ingress 0.21/0.51  events 0.19/1.84  movement 0.16/0.19  grid 0.16/0.19  separate 0.09/0.11  history 0.00/0.02  shots 0.01/0.01  serialize 0.05/0.07  assembly 1.85/2.09  transport 0.60/0.73  egress 0.86/1.01
[   10s] clients 1000 | level 0 (0-0 in window: 30 Hz, dilation 1.0), pace 1.00, 0.0% clients bandwidth-degraded | tick p50 4.28 p99 4.73 max 4.81 ms, 0 overruns | out 60.0k pps 356 kbps/client, 356 Mbps | in 30.0k pps 15 kbps/client, 1.0 per recv, receive thread busy 10% | stand-ins: repeated 0.00% frozen 0.00%, 0 late inputs | per client-tick: 1414 B (near 406 B, 100% deltas), near 64.0 mid 86.0 far 0.0, far skipped 0 starved 0 | input wait p50 50.1 p99 66.2 ms | 0 joins deferred | kernel drops rcv 0 snd 0
         p50/p99 ms: ingress 0.22/0.25  events 0.20/0.22  movement 0.16/0.19  grid 0.16/0.19  separate 0.09/0.11  history 0.00/0.01  shots 0.01/0.01  serialize 0.05/0.06  assembly 1.90/2.31  transport 0.61/0.71  egress 0.89/0.99
[   15s] clients 1000 | level 0 (0-0 in window: 30 Hz, dilation 1.0), pace 1.00, 0.0% clients bandwidth-degraded | tick p50 4.27 p99 4.53 max 4.61 ms, 0 overruns | out 60.0k pps 356 kbps/client, 356 Mbps | in 30.0k pps 15 kbps/client, 1.0 per recv, receive thread busy 10% | stand-ins: repeated 0.00% frozen 0.00%, 0 late inputs | per client-tick: 1415 B (near 407 B, 100% deltas), near 64.0 mid 86.0 far 0.0, far skipped 0 starved 0 | input wait p50 50.1 p99 66.2 ms | 0 joins deferred | kernel drops rcv 0 snd 0
         p50/p99 ms: ingress 0.22/0.24  events 0.20/0.22  movement 0.16/0.19  grid 0.16/0.19  separate 0.09/0.11  history 0.00/0.01  shots 0.01/0.01  serialize 0.05/0.06  assembly 1.89/2.09  transport 0.60/0.68  egress 0.89/1.03
[   20s] clients 1000 | level 0 (0-0 in window: 30 Hz, dilation 1.0), pace 1.00, 0.0% clients bandwidth-degraded | tick p50 4.28 p99 4.51 max 4.58 ms, 0 overruns | out 60.0k pps 356 kbps/client, 356 Mbps | in 30.0k pps 15 kbps/client, 1.0 per recv, receive thread busy 10% | stand-ins: repeated 0.00% frozen 0.00%, 0 late inputs | per client-tick: 1414 B (near 406 B, 100% deltas), near 64.0 mid 86.0 far 0.0, far skipped 0 starved 0 | input wait p50 50.1 p99 66.2 ms | 0 joins deferred | kernel drops rcv 0 snd 0
         p50/p99 ms: ingress 0.22/0.25  events 0.20/0.22  movement 0.16/0.19  grid 0.16/0.19  separate 0.09/0.12  history 0.00/0.01  shots 0.01/0.01  serialize 0.04/0.06  assembly 1.91/2.14  transport 0.61/0.69  egress 0.87/1.01
[   21s] clients 0 | level 0 (0-0 in window: 30 Hz, dilation 1.0), pace 1.00, 0.0% clients bandwidth-degraded | tick p50 4.23 p99 4.59 max 4.59 ms, 0 overruns | out 54.3k pps 360 kbps/client, 324 Mbps | in 32.3k pps 16 kbps/client, 1.0 per recv, receive thread busy 10% | stand-ins: repeated 0.00% frozen 0.00%, 0 late inputs | per client-tick: 1422 B (near 414 B, 98% deltas), near 64.0 mid 86.0 far 0.0, far skipped 0 starved 0 | input wait p50 61.6 p99 66.2 ms | 0 joins deferred | kernel drops rcv 0 snd 0
         p50/p99 ms: ingress 0.22/0.24  events 0.20/1.39  movement 0.16/0.19  grid 0.16/0.19  separate 0.09/0.12  history 0.00/0.00  shots 0.01/0.01  serialize 0.05/0.05  assembly 1.89/2.04  transport 0.59/0.66  egress 0.88/1.04

== summary: 508 steady-state ticks (after warmup, before clients drain), peak 1000 clients ==
  phase        p50 ms   p99 ms   max ms
  ingress        0.22     0.25     0.51
  events         0.20     0.22     0.23
  movement       0.16     0.19     0.22
  grid           0.16     0.19     0.20
  separate       0.09     0.11     0.17
  history        0.00     0.01     0.01
  shots          0.01     0.01     0.02
  serialize      0.05     0.06     0.07
  assembly       1.90     2.14     2.38
  transport      0.61     0.69     0.73
  egress         0.89     1.01     1.04
  tick           4.28     4.60     4.81
  overruns 0 | spawns 1000 despawns 1000 (1073 joins deferred) | deaths 0 respawns 0 | stand-ins: repeated 0 frozen 0 | late inputs 0 discarded 0 | bad messages 0 | recv errors 0 send errors 0
  egress (whole run): 1193023 datagrams in 597515 sends (2.00 per send), 38464 syscalls
  ingress (whole run): 599611 datagrams in 599611 receive calls (1.00 per call)
  ticks per ladder level (whole run): L0: 617
  input wait on the server (datagram arrival -> applied): p50 61.5 p99 77.1 max 99.6 mean 52.9 ms
  steady state: stand-ins repeated 0 frozen 0 | late inputs 0 discarded 0
  rewind of near targets (applied step - the input's render step for that tier): p50 133 p99 183 max 206 mean 145.5 ms (n=578213)
  rewind of mid/far targets (applied step - the input's render step for that tier): p50 267 p99 300 max 308 mean 277.5 ms (n=578213)
  render times ahead of the server (bogus) 0
  shots 0 (late 0, refused 0, rewinds capped 0) | hits head 0 body 0 (after cover 0, too late 0), kills 0 | ground 0 cover 0 expired 0 | segments 0 candidates 0
