spawn=blob
egress=gso
ingress=recvfrom
rx_gather_us=1000
ladder=on
threads=8
shards=64
sockets=1
peak_clients=1000
steady_ticks=508
steady_secs=16.9
ingress_p50_ms=0.22
ingress_p99_ms=0.25
ingress_max_ms=0.51
events_p50_ms=0.20
events_p99_ms=0.22
events_max_ms=0.23
movement_p50_ms=0.16
movement_p99_ms=0.19
movement_max_ms=0.22
grid_p50_ms=0.16
grid_p99_ms=0.19
grid_max_ms=0.20
separate_p50_ms=0.09
separate_p99_ms=0.11
separate_max_ms=0.17
history_p50_ms=0.00
history_p99_ms=0.01
history_max_ms=0.01
shots_p50_ms=0.01
shots_p99_ms=0.01
shots_max_ms=0.02
serialize_p50_ms=0.05
serialize_p99_ms=0.06
serialize_max_ms=0.07
assembly_p50_ms=1.90
assembly_p99_ms=2.14
assembly_max_ms=2.38
transport_p50_ms=0.61
transport_p99_ms=0.69
transport_max_ms=0.73
egress_p50_ms=0.89
egress_p99_ms=1.01
egress_max_ms=1.04
tick_p50_ms=4.28
tick_p99_ms=4.60
tick_max_ms=4.81
steady_overruns=0
level_mode=0
tick_hz=30
dilation=1
levels=L0:508
clients_avg=1000
out_pps=60102
in_pps=30165
egress_mbps=356.8
packets_per_client_tick=2.00
wire_bytes_per_client_tick=1484
down_kbps_per_client=356.8
up_kbps_per_client=15.1
recv_per_call=1.00
ingress_thread_busy_max_pct=10.1
ingress_thread_busy_mean_pct=10.1
kernel_rcvbuf_drops=0
kernel_sndbuf_drops=0
snapshot_bytes_per_client_tick=1414
near_bytes_per_client_tick=406
activity_bytes_per_client_tick=0.0
near_per_client_tick=64.0
mid_per_client_tick=86.0
far_per_client_tick=0.0
near_scanned_per_query=174
mid_scanned_per_query=190
far_skipped=0
far_starved=0
repeated=0
frozen=0
late_inputs=0
discarded_inputs=0
input_wait_p50_ms=61.5
input_wait_p99_ms=77.1
spawns=1000
despawns=1000
deaths=0
respawns=0
shots=0
shots_late=0
shots_refused=0
rewinds_capped=0
rewinds_trimmed=0
hits_head=0
hits_body=0
hits_ground=0
hits_cover=0
projectiles_expired=0
kills=0
hits_after_cover=0
hits_too_late=0
events=0
tracer_bytes=0
activity_cells=0
activity_sent=0
activity_bytes=0
activity_cut=0
projectile_segments=0
hit_candidates=0
joins_deferred=1073
bad_messages=0
recv_errors=0
send_errors=0
datagrams=1193023
sends=597515
send_syscalls=38464
rewind_near_p50_ms=133
rewind_near_p99_ms=183
rewind_near_mean_ms=145.5
rewind_mid_p50_ms=267
rewind_mid_p99_ms=300
rewind_mid_mean_ms=277.5
ingress_longest_p50_ms=0.03
ingress_work_p50_ms=1.23
assembly_longest_p50_ms=0.33
assembly_work_p50_ms=12.43
transport_longest_p50_ms=0.19
transport_work_p50_ms=4.25
egress_longest_p50_ms=0.18
egress_work_p50_ms=5.98
