minting tokens with the public dev key (--token-key to change)
1000 bots -> 127.0.0.1:40540 on 8 threads, ramp 0/s, 60s, 1000 full + 0 sink bots
[    5s] bots 1000/1000 connected, 1000 welcomed, 0 failed | 22.8 snaps/s/bot, entities/snap near 5.0 mid 4.8 far 7.2 | corrections 0.007/s/bot | down 48 up 10 kbps/bot | rtt 72.0 ms loss 0.00% | input->applied ~ p50 91 p99 144 ms, round trip p50 133 p99 200 ms | joins 1000 (p50 337 p99 558 ms) | server pace 1.00 level 0, 0 bots bandwidth-degraded | swarm busy 6%, overruns 0
[   10s] bots 1000/1000 connected, 1000 welcomed, 0 failed | 27.3 snaps/s/bot, entities/snap near 4.9 mid 4.8 far 7.1 | corrections 0.001/s/bot | down 56 up 12 kbps/bot | rtt 72.0 ms loss 0.00% | input->applied ~ p50 92 p99 143 ms, round trip p50 167 p99 200 ms | joins 0 (p50 0 p99 0 ms) | server pace 1.00 level 0, 0 bots bandwidth-degraded | swarm busy 6%, overruns 0
[   15s] bots 1000/1000 connected, 1000 welcomed, 0 failed | 26.1 snaps/s/bot, entities/snap near 4.9 mid 4.7 far 7.1 | corrections 0.003/s/bot | down 54 up 12 kbps/bot | rtt 71.7 ms loss 0.00% | input->applied ~ p50 92 p99 143 ms, round trip p50 167 p99 200 ms | joins 0 (p50 0 p99 0 ms) | server pace 1.00 level 0, 0 bots bandwidth-degraded | swarm busy 6%, overruns 0
[   20s] bots 1000/1000 connected, 1000 welcomed, 0 failed | 26.0 snaps/s/bot, entities/snap near 4.9 mid 4.8 far 7.1 | corrections 0.002/s/bot | down 54 up 12 kbps/bot | rtt 71.7 ms loss 0.00% | input->applied ~ p50 92 p99 144 ms, round trip p50 167 p99 200 ms | joins 0 (p50 0 p99 0 ms) | server pace 1.00 level 0, 0 bots bandwidth-degraded | swarm busy 6%, overruns 0
[   25s] bots 1000/1000 connected, 1000 welcomed, 0 failed | 27.2 snaps/s/bot, entities/snap near 4.9 mid 4.8 far 7.2 | corrections 0.002/s/bot | down 56 up 12 kbps/bot | rtt 72.1 ms loss 0.00% | input->applied ~ p50 92 p99 144 ms, round trip p50 167 p99 200 ms | joins 0 (p50 0 p99 0 ms) | server pace 1.00 level 0, 0 bots bandwidth-degraded | swarm busy 6%, overruns 0
[   30s] bots 1000/1000 connected, 1000 welcomed, 0 failed | 25.8 snaps/s/bot, entities/snap near 4.9 mid 4.7 far 7.1 | corrections 0.003/s/bot | down 53 up 12 kbps/bot | rtt 71.9 ms loss 0.00% | input->applied ~ p50 92 p99 144 ms, round trip p50 167 p99 200 ms | joins 0 (p50 0 p99 0 ms) | server pace 1.00 level 0, 0 bots bandwidth-degraded | swarm busy 6%, overruns 0
[   35s] bots 1000/1000 connected, 1000 welcomed, 0 failed | 26.8 snaps/s/bot, entities/snap near 4.9 mid 4.7 far 7.1 | corrections 0.003/s/bot | down 55 up 12 kbps/bot | rtt 72.3 ms loss 0.00% | input->applied ~ p50 92 p99 144 ms, round trip p50 167 p99 200 ms | joins 0 (p50 0 p99 0 ms) | server pace 1.00 level 0, 0 bots bandwidth-degraded | swarm busy 7%, overruns 0
[   40s] bots 1000/1000 connected, 1000 welcomed, 0 failed | 26.5 snaps/s/bot, entities/snap near 4.9 mid 4.7 far 7.2 | corrections 0.003/s/bot | down 54 up 12 kbps/bot | rtt 71.6 ms loss 0.00% | input->applied ~ p50 93 p99 145 ms, round trip p50 167 p99 200 ms | joins 0 (p50 0 p99 0 ms) | server pace 1.00 level 0, 0 bots bandwidth-degraded | swarm busy 7%, overruns 0
[   45s] bots 1000/1000 connected, 1000 welcomed, 0 failed | 26.2 snaps/s/bot, entities/snap near 4.9 mid 4.7 far 7.1 | corrections 0.001/s/bot | down 54 up 12 kbps/bot | rtt 72.0 ms loss 0.00% | input->applied ~ p50 92 p99 143 ms, round trip p50 167 p99 200 ms | joins 0 (p50 0 p99 0 ms) | server pace 1.00 level 0, 0 bots bandwidth-degraded | swarm busy 6%, overruns 0
[   50s] bots 1000/1000 connected, 1000 welcomed, 0 failed | 26.4 snaps/s/bot, entities/snap near 4.9 mid 4.7 far 7.2 | corrections 0.003/s/bot | down 54 up 12 kbps/bot | rtt 72.0 ms loss 0.00% | input->applied ~ p50 92 p99 144 ms, round trip p50 167 p99 200 ms | joins 0 (p50 0 p99 0 ms) | server pace 1.00 level 0, 0 bots bandwidth-degraded | swarm busy 6%, overruns 0
[   55s] bots 1000/1000 connected, 1000 welcomed, 0 failed | 26.7 snaps/s/bot, entities/snap near 4.9 mid 4.7 far 7.2 | corrections 0.003/s/bot | down 55 up 12 kbps/bot | rtt 71.6 ms loss 0.00% | input->applied ~ p50 92 p99 144 ms, round trip p50 167 p99 200 ms | joins 0 (p50 0 p99 0 ms) | server pace 1.00 level 0, 0 bots bandwidth-degraded | swarm busy 6%, overruns 0
[   60s] bots 1000/1000 connected, 1000 welcomed, 0 failed | 26.5 snaps/s/bot, entities/snap near 4.9 mid 4.7 far 7.2 | corrections 0.002/s/bot | down 54 up 12 kbps/bot | rtt 71.9 ms loss 0.00% | input->applied ~ p50 92 p99 143 ms, round trip p50 167 p99 200 ms | joins 0 (p50 0 p99 0 ms) | server pace 1.00 level 0, 0 bots bandwidth-degraded | swarm busy 6%, overruns 0

== bots summary ==
  started 1000 welcomed 1000 failed 0
  join latency ms: p50 337 p99 558 max 616 (n=1000)
  corrections 175 (0.18/bot-minute), mean error 0.072 m, max 0.236 m
  snapshots 1576855 (entities per snapshot: near 4.9 mid 4.7 far 7.2), stale 212493, unmatched acks 0, resyncs 0
  input -> applied on server (est. RTT/2 + server wait): p50 92.0 p99 144.0 max 193.0 mean 92.5 ms (n=1569307)
    of which server wait (arrival -> applied): p50 55.9 p99 107.7 max 153.2 mean 56.4 ms (n=1569307)
  input -> seen acked (round trip): p50 167.0 p99 200.0 max 267.0 mean 151.2 ms (n=1574680)
  near entity update interval (tracked bots): p50 33.0 p99 100.0 max 166.0 mean 42.0 ms (n=325916)
  mid entity update interval (tracked bots): p50 100.0 p99 100.0 max 500.0 mean 100.2 ms (n=385227)
  far entity update interval (tracked bots): p50 500.0 p99 500.0 max 55000.0 mean 509.3 ms (n=597245)
  input clock: 13531 extra inputs, 12548 skipped ticks, 300 backlog skips | near decode errors (tracked bots) 0
  bytes down 406.0 MB up 88.9 MB | swarm busy 6% of its threads' time, tick overruns 0
