preallocated connections for 10000 clients in 187.05204ms
listening on 127.0.0.1:40540 | spawn Uniform | tiers near 64@150 m, mid 500 m, far 1500 m, budget 6250 B/tick, squads of 4 | 8 rayon threads, 64 shards, 256 accepts/tick, egress SendMmsg | socket buffers rcv 8192 KiB snd 8192 KiB
WARNING: token key is the public dev key; anyone can mint tokens for this server (--token-key)
[    5s] clients 1000 | level 0 (0-0 in window: 30 Hz, dilation 1.0), pace 1.00, 0.0% clients bandwidth-degraded | tick p50 3.85 p99 5.30 max 5.73 ms, 0 overruns | out 27.5k pps 55 kbps/client, 49 Mbps | in 26.5k pps 13 kbps/client | stand-ins: repeated 0.55% frozen 0.02%, 735 late inputs | per client-tick: 192 B (near 32 B, 96% deltas), near 4.3 mid 4.2 far 6.2, far skipped 0 starved 0 | input wait p50 54.5 p99 107.4 ms | 183 joins deferred | kernel drops rcv 0 snd 0
         p50/p99 ms: ingress 0.33/1.05  events 0.10/1.20  movement 0.16/0.22  grid 0.06/0.11  history 0.00/0.02  serialize 0.05/0.08  assembly 0.80/1.18  transport 0.36/0.73  egress 1.92/2.46
[   10s] clients 1000 | level 0 (0-0 in window: 30 Hz, dilation 1.0), pace 1.00, 0.0% clients bandwidth-degraded | tick p50 3.82 p99 4.68 max 4.76 ms, 0 overruns | out 30.0k pps 54 kbps/client, 54 Mbps | in 29.8k pps 12 kbps/client | stand-ins: repeated 0.32% frozen 0.00%, 483 late inputs | per client-tick: 192 B (near 31 B, 100% deltas), near 4.3 mid 4.2 far 6.3, far skipped 0 starved 0 | input wait p50 55.7 p99 106.9 ms | 0 joins deferred | kernel drops rcv 0 snd 0
         p50/p99 ms: ingress 0.34/0.47  events 0.11/0.16  movement 0.17/0.24  grid 0.06/0.09  history 0.00/0.00  serialize 0.04/0.07  assembly 0.79/1.12  transport 0.36/0.80  egress 1.97/2.41
[   15s] clients 1000 | level 0 (0-0 in window: 30 Hz, dilation 1.0), pace 1.00, 0.0% clients bandwidth-degraded | tick p50 3.79 p99 4.59 max 5.24 ms, 0 overruns | out 30.0k pps 54 kbps/client, 54 Mbps | in 29.8k pps 12 kbps/client | stand-ins: repeated 0.31% frozen 0.00%, 463 late inputs | per client-tick: 192 B (near 30 B, 100% deltas), near 4.3 mid 4.2 far 6.3, far skipped 0 starved 0 | input wait p50 55.9 p99 107.3 ms | 0 joins deferred | kernel drops rcv 0 snd 0
         p50/p99 ms: ingress 0.34/0.55  events 0.10/0.20  movement 0.17/0.23  grid 0.06/0.08  history 0.00/0.00  serialize 0.04/0.07  assembly 0.75/1.13  transport 0.36/0.74  egress 1.93/2.49
[   20s] clients 1000 | level 0 (0-0 in window: 30 Hz, dilation 1.0), pace 1.00, 0.0% clients bandwidth-degraded | tick p50 3.83 p99 4.58 max 4.77 ms, 0 overruns | out 30.0k pps 54 kbps/client, 54 Mbps | in 29.8k pps 12 kbps/client | stand-ins: repeated 0.33% frozen 0.00%, 495 late inputs | per client-tick: 192 B (near 31 B, 100% deltas), near 4.3 mid 4.2 far 6.3, far skipped 0 starved 0 | input wait p50 56.1 p99 107.9 ms | 0 joins deferred | kernel drops rcv 0 snd 0
         p50/p99 ms: ingress 0.34/0.63  events 0.10/0.17  movement 0.17/0.24  grid 0.06/0.09  history 0.00/0.00  serialize 0.04/0.06  assembly 0.77/1.05  transport 0.36/0.79  egress 1.97/2.46
[   25s] clients 1000 | level 0 (0-0 in window: 30 Hz, dilation 1.0), pace 1.00, 0.0% clients bandwidth-degraded | tick p50 3.85 p99 4.88 max 5.95 ms, 0 overruns | out 30.0k pps 54 kbps/client, 54 Mbps | in 29.8k pps 12 kbps/client | stand-ins: repeated 0.32% frozen 0.00%, 480 late inputs | per client-tick: 192 B (near 31 B, 100% deltas), near 4.3 mid 4.2 far 6.3, far skipped 0 starved 0 | input wait p50 55.9 p99 107.7 ms | 0 joins deferred | kernel drops rcv 0 snd 0
         p50/p99 ms: ingress 0.34/0.56  events 0.10/0.20  movement 0.17/0.21  grid 0.06/0.09  history 0.00/0.00  serialize 0.04/0.06  assembly 0.77/1.10  transport 0.36/0.73  egress 1.97/2.43
[   30s] clients 1000 | level 0 (0-0 in window: 30 Hz, dilation 1.0), pace 1.00, 0.0% clients bandwidth-degraded | tick p50 3.84 p99 4.54 max 4.66 ms, 0 overruns | out 30.0k pps 54 kbps/client, 54 Mbps | in 29.8k pps 12 kbps/client | stand-ins: repeated 0.32% frozen 0.00%, 483 late inputs | per client-tick: 192 B (near 31 B, 100% deltas), near 4.3 mid 4.2 far 6.3, far skipped 0 starved 0 | input wait p50 56.1 p99 107.9 ms | 0 joins deferred | kernel drops rcv 0 snd 0
         p50/p99 ms: ingress 0.34/0.62  events 0.10/0.17  movement 0.17/0.21  grid 0.06/0.08  history 0.00/0.00  serialize 0.04/0.06  assembly 0.77/1.20  transport 0.37/0.76  egress 1.97/2.44
[   35s] clients 1000 | level 0 (0-0 in window: 30 Hz, dilation 1.0), pace 1.00, 0.0% clients bandwidth-degraded | tick p50 3.84 p99 7.13 max 18.80 ms, 0 overruns | out 30.0k pps 54 kbps/client, 54 Mbps | in 29.8k pps 12 kbps/client | stand-ins: repeated 0.33% frozen 0.00%, 492 late inputs | per client-tick: 191 B (near 31 B, 100% deltas), near 4.3 mid 4.2 far 6.3, far skipped 0 starved 0 | input wait p50 56.1 p99 107.7 ms | 0 joins deferred | kernel drops rcv 0 snd 0
         p50/p99 ms: ingress 0.34/0.60  events 0.10/0.18  movement 0.17/0.22  grid 0.06/0.09  history 0.00/0.00  serialize 0.04/0.06  assembly 0.81/1.18  transport 0.37/0.66  egress 1.95/4.92
[   40s] clients 1000 | level 0 (0-0 in window: 30 Hz, dilation 1.0), pace 1.00, 0.0% clients bandwidth-degraded | tick p50 3.85 p99 4.69 max 7.58 ms, 0 overruns | out 30.0k pps 54 kbps/client, 54 Mbps | in 29.8k pps 12 kbps/client | stand-ins: repeated 0.34% frozen 0.00%, 515 late inputs | per client-tick: 191 B (near 31 B, 100% deltas), near 4.3 mid 4.2 far 6.3, far skipped 0 starved 0 | input wait p50 56.4 p99 108.2 ms | 0 joins deferred | kernel drops rcv 0 snd 0
         p50/p99 ms: ingress 0.33/0.49  events 0.10/0.17  movement 0.17/0.21  grid 0.06/0.09  history 0.00/0.00  serialize 0.04/0.07  assembly 0.78/1.11  transport 0.37/0.81  egress 2.00/2.54
[   45s] clients 1000 | level 0 (0-0 in window: 30 Hz, dilation 1.0), pace 1.00, 0.0% clients bandwidth-degraded | tick p50 3.88 p99 4.54 max 4.68 ms, 0 overruns | out 30.0k pps 54 kbps/client, 54 Mbps | in 29.8k pps 12 kbps/client | stand-ins: repeated 0.30% frozen 0.00%, 453 late inputs | per client-tick: 191 B (near 30 B, 100% deltas), near 4.3 mid 4.2 far 6.3, far skipped 0 starved 0 | input wait p50 55.8 p99 107.3 ms | 0 joins deferred | kernel drops rcv 0 snd 0
         p50/p99 ms: ingress 0.34/0.51  events 0.10/0.17  movement 0.17/0.25  grid 0.05/0.08  history 0.00/0.00  serialize 0.04/0.07  assembly 0.76/1.11  transport 0.37/0.74  egress 2.00/2.42
[   50s] clients 1000 | level 0 (0-0 in window: 30 Hz, dilation 1.0), pace 1.00, 0.0% clients bandwidth-degraded | tick p50 3.84 p99 4.34 max 4.39 ms, 0 overruns | out 30.0k pps 54 kbps/client, 54 Mbps | in 29.8k pps 12 kbps/client | stand-ins: repeated 0.33% frozen 0.00%, 496 late inputs | per client-tick: 191 B (near 31 B, 100% deltas), near 4.3 mid 4.2 far 6.3, far skipped 0 starved 0 | input wait p50 55.9 p99 108.0 ms | 0 joins deferred | kernel drops rcv 0 snd 0
         p50/p99 ms: ingress 0.34/0.62  events 0.10/0.18  movement 0.17/0.24  grid 0.06/0.10  history 0.00/0.00  serialize 0.04/0.06  assembly 0.80/1.07  transport 0.36/0.74  egress 1.94/2.36
[   55s] clients 1000 | level 0 (0-0 in window: 30 Hz, dilation 1.0), pace 1.00, 0.0% clients bandwidth-degraded | tick p50 3.85 p99 4.51 max 4.65 ms, 0 overruns | out 30.0k pps 54 kbps/client, 54 Mbps | in 29.8k pps 12 kbps/client | stand-ins: repeated 0.34% frozen 0.00%, 505 late inputs | per client-tick: 191 B (near 31 B, 100% deltas), near 4.3 mid 4.1 far 6.3, far skipped 0 starved 0 | input wait p50 56.2 p99 108.0 ms | 0 joins deferred | kernel drops rcv 0 snd 0
         p50/p99 ms: ingress 0.33/0.52  events 0.10/0.16  movement 0.17/0.23  grid 0.05/0.08  history 0.00/0.00  serialize 0.04/0.07  assembly 0.75/1.15  transport 0.36/0.73  egress 2.00/2.42
[   60s] clients 1000 | level 0 (0-0 in window: 30 Hz, dilation 1.0), pace 1.00, 0.0% clients bandwidth-degraded | tick p50 3.74 p99 4.47 max 4.61 ms, 0 overruns | out 30.0k pps 54 kbps/client, 54 Mbps | in 29.8k pps 12 kbps/client | stand-ins: repeated 0.32% frozen 0.00%, 492 late inputs | per client-tick: 191 B (near 31 B, 100% deltas), near 4.4 mid 4.1 far 6.3, far skipped 0 starved 0 | input wait p50 55.7 p99 107.6 ms | 0 joins deferred | kernel drops rcv 0 snd 0
         p50/p99 ms: ingress 0.34/0.48  events 0.10/0.17  movement 0.17/0.27  grid 0.06/0.08  history 0.00/0.00  serialize 0.04/0.06  assembly 0.74/1.12  transport 0.36/0.66  egress 1.95/2.32
[   60s] clients 0 | level 0 (0-0 in window: 30 Hz, dilation 1.0), pace 1.00, 0.0% clients bandwidth-degraded | tick p50 3.67 p99 4.14 max 4.14 ms, 0 overruns | out 18.8k pps 52 kbps/client, 32 Mbps | in 33.0k pps 16 kbps/client | stand-ins: repeated 0.32% frozen 0.00%, 16 late inputs | per client-tick: 181 B (near 29 B, 100% deltas), near 4.1 mid 3.8 far 5.8, far skipped 0 starved 0 | input wait p50 55.7 p99 110.3 ms | 0 joins deferred | kernel drops rcv 0 snd 0
         p50/p99 ms: ingress 0.38/0.50  events 0.15/0.47  movement 0.16/0.17  grid 0.06/0.07  history 0.00/0.00  serialize 0.04/0.04  assembly 0.55/1.00  transport 0.39/0.42  egress 1.86/2.02

== summary: 1710 steady-state ticks (after warmup, before clients drain), peak 1000 clients ==
  phase        p50 ms   p99 ms   max ms
  ingress        0.34     0.52     0.71
  events         0.10     0.18     0.22
  movement       0.17     0.23     0.31
  grid           0.06     0.08     0.11
  history        0.00     0.00     0.01
  serialize      0.04     0.07     0.14
  assembly       0.78     1.12     1.29
  transport      0.36     0.74     0.93
  egress         1.97     2.45    16.81
  tick           3.83     4.64    18.80
  overruns 0 | spawns 1000 despawns 1000 (183 joins deferred) | stand-ins: repeated 6080 frozen 28 | late inputs 6108 discarded 0 | bad messages 0 | recv errors 0 send errors 0
  egress (whole run): 1798021 datagrams in 1798021 sends (1.00 per send), 115289 syscalls
  ticks per ladder level (whole run): L0: 1814
  input wait on the server (datagram arrival -> applied): p50 55.9 p99 107.7 max 153.3 mean 56.4 ms
  steady state: stand-ins repeated 5504 frozen 6 | late inputs 5510 discarded 0
