10000 bots -> 172.16.8.2:40500 on 24 threads, ramp 0/s, 60s, 10000 full + 0 sink bots
[    5s] bots 10000/10000 connected, 10000 welcomed, 0 failed | 18.7 snaps/s/bot, entities/snap near 14.9 mid 39.2 far 55.7 | corrections 0.000/s/bot | down 187 up 8 kbps/bot | rtt 39.1 ms loss 0.00% | input->applied ~ p50 110 p99 204 ms, round trip p50 133 p99 233 ms | joins 10000 (p50 720 p99 1676 ms) | server pace 0.78 level 0, 0 bots bandwidth-degraded | swarm busy 13%, overruns 0
[   10s] bots 10000/10000 connected, 10000 welcomed, 0 failed | 24.0 snaps/s/bot, entities/snap near 15.7 mid 41.9 far 58.7 | corrections 0.000/s/bot | down 252 up 10 kbps/bot | rtt 39.4 ms loss 0.00% | input->applied ~ p50 100 p99 123 ms, round trip p50 133 p99 167 ms | joins 0 (p50 0 p99 0 ms) | server pace 0.78 level 0, 0 bots bandwidth-degraded | swarm busy 14%, overruns 0
[   15s] bots 10000/10000 connected, 10000 welcomed, 0 failed | 22.9 snaps/s/bot, entities/snap near 15.7 mid 41.9 far 58.7 | corrections 0.000/s/bot | down 241 up 9 kbps/bot | rtt 39.1 ms loss 0.00% | input->applied ~ p50 100 p99 123 ms, round trip p50 133 p99 167 ms | joins 0 (p50 0 p99 0 ms) | server pace 0.78 level 0, 0 bots bandwidth-degraded | swarm busy 14%, overruns 0
[   20s] bots 10000/10000 connected, 10000 welcomed, 0 failed | 22.9 snaps/s/bot, entities/snap near 15.7 mid 41.9 far 58.7 | corrections 0.000/s/bot | down 240 up 9 kbps/bot | rtt 39.7 ms loss 0.00% | input->applied ~ p50 96 p99 119 ms, round trip p50 133 p99 167 ms | joins 0 (p50 0 p99 0 ms) | server pace 0.78 level 0, 0 bots bandwidth-degraded | swarm busy 14%, overruns 0
[   25s] bots 10000/10000 connected, 10000 welcomed, 0 failed | 23.9 snaps/s/bot, entities/snap near 15.7 mid 41.9 far 58.7 | corrections 0.000/s/bot | down 251 up 10 kbps/bot | rtt 39.2 ms loss 0.00% | input->applied ~ p50 100 p99 121 ms, round trip p50 133 p99 167 ms | joins 0 (p50 0 p99 0 ms) | server pace 0.77 level 0, 0 bots bandwidth-degraded | swarm busy 14%, overruns 0
[   30s] bots 10000/10000 connected, 10000 welcomed, 0 failed | 22.5 snaps/s/bot, entities/snap near 15.7 mid 41.9 far 58.7 | corrections 0.000/s/bot | down 236 up 9 kbps/bot | rtt 39.4 ms loss 0.00% | input->applied ~ p50 99 p99 120 ms, round trip p50 133 p99 167 ms | joins 0 (p50 0 p99 0 ms) | server pace 0.77 level 0, 0 bots bandwidth-degraded | swarm busy 14%, overruns 0
[   35s] bots 10000/10000 connected, 10000 welcomed, 0 failed | 23.4 snaps/s/bot, entities/snap near 15.7 mid 41.9 far 58.7 | corrections 0.000/s/bot | down 246 up 9 kbps/bot | rtt 39.5 ms loss 0.00% | input->applied ~ p50 98 p99 121 ms, round trip p50 133 p99 167 ms | joins 0 (p50 0 p99 0 ms) | server pace 0.78 level 0, 0 bots bandwidth-degraded | swarm busy 14%, overruns 0
[   40s] bots 10000/10000 connected, 10000 welcomed, 0 failed | 23.7 snaps/s/bot, entities/snap near 15.7 mid 41.9 far 58.7 | corrections 0.000/s/bot | down 249 up 9 kbps/bot | rtt 39.1 ms loss 0.00% | input->applied ~ p50 99 p99 120 ms, round trip p50 133 p99 167 ms | joins 0 (p50 0 p99 0 ms) | server pace 0.77 level 0, 0 bots bandwidth-degraded | swarm busy 14%, overruns 0
[   45s] bots 10000/10000 connected, 10000 welcomed, 0 failed | 22.8 snaps/s/bot, entities/snap near 15.6 mid 41.9 far 58.7 | corrections 0.000/s/bot | down 240 up 9 kbps/bot | rtt 39.4 ms loss 0.00% | input->applied ~ p50 97 p99 118 ms, round trip p50 133 p99 167 ms | joins 0 (p50 0 p99 0 ms) | server pace 0.77 level 0, 0 bots bandwidth-degraded | swarm busy 14%, overruns 0
[   50s] bots 10000/10000 connected, 10000 welcomed, 0 failed | 23.7 snaps/s/bot, entities/snap near 15.7 mid 41.9 far 58.7 | corrections 0.000/s/bot | down 248 up 9 kbps/bot | rtt 39.3 ms loss 0.00% | input->applied ~ p50 94 p99 118 ms, round trip p50 133 p99 167 ms | joins 0 (p50 0 p99 0 ms) | server pace 0.78 level 0, 0 bots bandwidth-degraded | swarm busy 14%, overruns 0
[   55s] bots 10000/10000 connected, 10000 welcomed, 0 failed | 23.2 snaps/s/bot, entities/snap near 15.7 mid 41.9 far 58.7 | corrections 0.000/s/bot | down 243 up 9 kbps/bot | rtt 39.3 ms loss 0.00% | input->applied ~ p50 95 p99 118 ms, round trip p50 133 p99 167 ms | joins 0 (p50 0 p99 0 ms) | server pace 0.77 level 0, 0 bots bandwidth-degraded | swarm busy 14%, overruns 0
[   60s] bots 10000/10000 connected, 10000 welcomed, 0 failed | 22.9 snaps/s/bot, entities/snap near 15.7 mid 41.9 far 58.7 | corrections 0.000/s/bot | down 240 up 9 kbps/bot | rtt 39.3 ms loss 0.00% | input->applied ~ p50 99 p99 121 ms, round trip p50 133 p99 167 ms | joins 0 (p50 0 p99 0 ms) | server pace 0.77 level 0, 0 bots bandwidth-degraded | swarm busy 14%, overruns 0

== bots summary ==
  started 10000 welcomed 10000 failed 0
  join latency ms: p50 720 p99 1676 max 1809 (n=10000)
  corrections 0 (0.00/bot-minute), mean error 0.000 m, max 0.000 m
  snapshots 13800496 (entities per snapshot: near 15.6 mid 41.7 far 58.5), stale 0, unmatched acks 0, resyncs 0
  input -> applied on server (est. RTT/2 + server wait): p50 98.0 p99 161.0 max 222.0 mean 99.2 ms (n=13793441)
    of which server wait (arrival -> applied): p50 78.5 p99 141.5 max 201.3 mean 79.7 ms (n=13793441)
  input -> seen acked (round trip): p50 133.0 p99 200.0 max 267.0 mean 133.6 ms (n=13793441)
  near entity update interval (tracked bots): p50 33.0 p99 33.0 max 100.0 mean 33.0 ms (n=10929846)
  mid entity update interval (tracked bots): p50 100.0 p99 100.0 max 500.0 mean 100.2 ms (n=29086450)
  far entity update interval (tracked bots): p50 500.0 p99 500.0 max 46000.0 mean 514.5 ms (n=40241323)
  input clock: 10000 extra inputs, 3964896 skipped ticks, 17873 backlog skips | near decode errors (tracked bots) 0
  bytes down 18056.2 MB up 690.6 MB | swarm busy 14% of its threads' time, tick overruns 0
