warning: use of deprecated method `std::sync::atomic::Atomic::<usize>::fetch_update`: renamed to `try_update` for consistency
   --> src/server.rs:140:14
    |
140 |             .fetch_update(Ordering::AcqRel, Ordering::Acquire, |n| (n < self.max_clients).then_some(n + 1))
    |              ^^^^^^^^^^^^
    |
    = note: `#[warn(deprecated)]` on by default
help: replace the use of the deprecated method
    |
140 -             .fetch_update(Ordering::AcqRel, Ordering::Acquire, |n| (n < self.max_clients).then_some(n + 1))
140 +             .try_update(Ordering::AcqRel, Ordering::Acquire, |n| (n < self.max_clients).then_some(n + 1))
    |

== uniform, 10000 bots, 60s -> baselines/2026-10-04-scaleway-8t/uniform-10k-noladder-2
== summary: 1324 steady-state ticks (after warmup, before clients drain), peak 10000 clients ==
  phase        p50 ms   p99 ms   max ms
  ingress        2.74     2.99     3.38
  events         2.52     2.74     3.02
  movement       0.33     0.36     0.44
  grid           0.38     0.42     0.43
  history        0.01     0.01     0.01
  serialize      0.12     0.15     0.35
  assembly      13.53    13.92    14.14
  transport     11.63    13.80    14.49
  egress        11.73    12.15    12.43
  tick          42.98    45.36    45.96
  overruns 1324 | spawns 10000 despawns 10000 (53572 joins deferred) | stand-ins: repeated 0 frozen 0 | late inputs 0 discarded 0 | bad messages 0 | recv errors 0 send errors 0
  egress (whole run): 24044988 datagrams in 24044988 sends (1.00 per send), 159302 syscalls
  ticks per ladder level (whole run): L0: 1424
  input wait on the server (datagram arrival -> applied): p50 78.5 p99 141.6 max 201.3 mean 79.7 ms
  steady state: stand-ins repeated 0 frozen 0 | late inputs 0 discarded 0
== bots summary ==
  started 10000 welcomed 10000 failed 0
  join latency ms: p50 720 p99 1676 max 1809 (n=10000)
  corrections 0 (0.00/bot-minute), mean error 0.000 m, max 0.000 m
  snapshots 13800496 (entities per snapshot: near 15.6 mid 41.7 far 58.5), stale 0, unmatched acks 0, resyncs 0
  input -> applied on server (est. RTT/2 + server wait): p50 98.0 p99 161.0 max 222.0 mean 99.2 ms (n=13793441)
    of which server wait (arrival -> applied): p50 78.5 p99 141.5 max 201.3 mean 79.7 ms (n=13793441)
  input -> seen acked (round trip): p50 133.0 p99 200.0 max 267.0 mean 133.6 ms (n=13793441)
  near entity update interval (tracked bots): p50 33.0 p99 33.0 max 100.0 mean 33.0 ms (n=10929846)
  mid entity update interval (tracked bots): p50 100.0 p99 100.0 max 500.0 mean 100.2 ms (n=29086450)
  far entity update interval (tracked bots): p50 500.0 p99 500.0 max 46000.0 mean 514.5 ms (n=40241323)
  input clock: 10000 extra inputs, 3964896 skipped ticks, 17873 backlog skips | near decode errors (tracked bots) 0
  bytes down 18056.2 MB up 690.6 MB | swarm busy 14% of its threads' time, tick overruns 0
