preallocated connections for 10000 clients in 220.540875ms
listening on 172.16.8.2:40500 | spawn Uniform | tiers near 64@150 m, mid 500 m, far 1500 m, budget 6250 B/tick, squads of 4 | 8 rayon threads, 64 shards, 256 accepts/tick, egress SendMmsg | socket buffers rcv 32768 KiB snd 32768 KiB
[    5s] clients 10000 | level 0 (0-0 in window: 30 Hz, dilation 1.0), pace 0.78, 0.0% clients bandwidth-degraded | tick p50 40.78 p99 46.09 max 46.65 ms, 76 overruns | out 295.0k pps 253 kbps/client, 1749 Mbps | in 191.8k pps 15 kbps/client | stand-ins: repeated 0.00% frozen 0.00%, 0 late inputs | per client-tick: 1172 B (near 93 B, 98% deltas), near 14.7 mid 38.6 far 54.9, far skipped 0 starved 0 | input wait p50 92.9 p99 185.8 ms | 53572 joins deferred | kernel drops rcv 0 snd 0
         p50/p99 ms: ingress 2.64/4.39  events 2.55/4.33  movement 0.31/0.36  grid 0.35/0.42  history 0.01/0.05  serialize 0.13/0.27  assembly 13.12/14.78  transport 10.75/13.65  egress 10.96/11.80
[   10s] clients 10000 | level 0 (0-0 in window: 30 Hz, dilation 1.0), pace 0.78, 0.0% clients bandwidth-degraded | tick p50 43.04 p99 44.89 max 45.55 ms, 117 overruns | out 405.1k pps 244 kbps/client, 2438 Mbps | in 232.0k pps 9 kbps/client | stand-ins: repeated 0.00% frozen 0.00%, 0 late inputs | per client-tick: 1254 B (near 96 B, 100% deltas), near 15.7 mid 41.9 far 58.7, far skipped 0 starved 0 | input wait p50 80.4 p99 102.6 ms | 0 joins deferred | kernel drops rcv 0 snd 0
         p50/p99 ms: ingress 2.74/2.92  events 2.50/2.66  movement 0.34/0.35  grid 0.38/0.42  history 0.01/0.01  serialize 0.12/0.15  assembly 13.59/13.92  transport 11.74/13.43  egress 11.72/12.05
[   15s] clients 10000 | level 0 (0-0 in window: 30 Hz, dilation 1.0), pace 0.78, 0.0% clients bandwidth-degraded | tick p50 43.03 p99 45.87 max 45.96 ms, 116 overruns | out 404.7k pps 244 kbps/client, 2436 Mbps | in 231.7k pps 9 kbps/client | stand-ins: repeated 0.00% frozen 0.00%, 0 late inputs | per client-tick: 1254 B (near 96 B, 100% deltas), near 15.7 mid 41.9 far 58.7, far skipped 0 starved 0 | input wait p50 80.5 p99 102.4 ms | 0 joins deferred | kernel drops rcv 0 snd 0
         p50/p99 ms: ingress 2.72/2.99  events 2.49/2.69  movement 0.33/0.35  grid 0.38/0.42  history 0.01/0.01  serialize 0.12/0.15  assembly 13.53/13.80  transport 11.64/14.20  egress 11.77/12.15
[   20s] clients 10000 | level 0 (0-0 in window: 30 Hz, dilation 1.0), pace 0.78, 0.0% clients bandwidth-degraded | tick p50 42.88 p99 45.36 max 45.38 ms, 117 overruns | out 406.5k pps 245 kbps/client, 2447 Mbps | in 233.1k pps 9 kbps/client | stand-ins: repeated 0.00% frozen 0.00%, 0 late inputs | per client-tick: 1254 B (near 96 B, 100% deltas), near 15.7 mid 41.9 far 58.7, far skipped 0 starved 0 | input wait p50 75.6 p99 98.9 ms | 0 joins deferred | kernel drops rcv 0 snd 0
         p50/p99 ms: ingress 2.78/2.95  events 2.55/2.69  movement 0.33/0.36  grid 0.38/0.41  history 0.01/0.01  serialize 0.12/0.14  assembly 13.50/13.88  transport 11.58/13.70  egress 11.66/11.98
[   25s] clients 10000 | level 0 (0-0 in window: 30 Hz, dilation 1.0), pace 0.77, 0.0% clients bandwidth-degraded | tick p50 43.12 p99 45.42 max 45.53 ms, 116 overruns | out 404.1k pps 243 kbps/client, 2433 Mbps | in 231.8k pps 9 kbps/client | stand-ins: repeated 0.00% frozen 0.00%, 0 late inputs | per client-tick: 1254 B (near 96 B, 100% deltas), near 15.7 mid 41.9 far 58.7, far skipped 0 starved 0 | input wait p50 80.4 p99 100.9 ms | 0 joins deferred | kernel drops rcv 0 snd 0
         p50/p99 ms: ingress 2.72/2.90  events 2.50/2.64  movement 0.34/0.36  grid 0.38/0.42  history 0.01/0.01  serialize 0.12/0.14  assembly 13.59/14.01  transport 11.68/13.61  egress 11.84/12.17
[   30s] clients 10000 | level 0 (0-0 in window: 30 Hz, dilation 1.0), pace 0.77, 0.0% clients bandwidth-degraded | tick p50 43.15 p99 44.75 max 44.88 ms, 117 overruns | out 404.9k pps 244 kbps/client, 2438 Mbps | in 232.0k pps 9 kbps/client | stand-ins: repeated 0.00% frozen 0.00%, 0 late inputs | per client-tick: 1254 B (near 96 B, 100% deltas), near 15.7 mid 41.9 far 58.7, far skipped 0 starved 0 | input wait p50 79.3 p99 99.9 ms | 0 joins deferred | kernel drops rcv 0 snd 0
         p50/p99 ms: ingress 2.74/2.91  events 2.51/2.68  movement 0.34/0.36  grid 0.38/0.42  history 0.01/0.01  serialize 0.12/0.17  assembly 13.60/13.90  transport 11.56/13.04  egress 11.79/12.11
[   35s] clients 10000 | level 0 (0-0 in window: 30 Hz, dilation 1.0), pace 0.78, 0.0% clients bandwidth-degraded | tick p50 42.94 p99 45.38 max 45.64 ms, 117 overruns | out 405.2k pps 244 kbps/client, 2439 Mbps | in 232.3k pps 9 kbps/client | stand-ins: repeated 0.00% frozen 0.00%, 0 late inputs | per client-tick: 1253 B (near 96 B, 100% deltas), near 15.7 mid 41.9 far 58.7, far skipped 0 starved 0 | input wait p50 78.5 p99 100.2 ms | 0 joins deferred | kernel drops rcv 0 snd 0
         p50/p99 ms: ingress 2.74/2.97  events 2.52/2.69  movement 0.33/0.36  grid 0.38/0.42  history 0.01/0.01  serialize 0.12/0.17  assembly 13.56/13.93  transport 11.51/13.60  egress 11.76/12.22
[   40s] clients 10000 | level 0 (0-0 in window: 30 Hz, dilation 1.0), pace 0.77, 0.0% clients bandwidth-degraded | tick p50 43.08 p99 45.52 max 45.65 ms, 117 overruns | out 405.0k pps 244 kbps/client, 2439 Mbps | in 232.3k pps 9 kbps/client | stand-ins: repeated 0.00% frozen 0.00%, 0 late inputs | per client-tick: 1254 B (near 96 B, 100% deltas), near 15.7 mid 41.9 far 58.7, far skipped 0 starved 0 | input wait p50 79.0 p99 99.6 ms | 0 joins deferred | kernel drops rcv 0 snd 0
         p50/p99 ms: ingress 2.72/2.95  events 2.50/2.67  movement 0.34/0.36  grid 0.38/0.42  history 0.01/0.01  serialize 0.12/0.14  assembly 13.53/13.95  transport 11.57/13.80  egress 11.83/12.23
[   45s] clients 10000 | level 0 (0-0 in window: 30 Hz, dilation 1.0), pace 0.77, 0.0% clients bandwidth-degraded | tick p50 42.90 p99 44.83 max 45.50 ms, 117 overruns | out 406.1k pps 244 kbps/client, 2445 Mbps | in 232.7k pps 9 kbps/client | stand-ins: repeated 0.00% frozen 0.00%, 0 late inputs | per client-tick: 1253 B (near 96 B, 100% deltas), near 15.6 mid 41.9 far 58.7, far skipped 0 starved 0 | input wait p50 77.0 p99 97.7 ms | 0 joins deferred | kernel drops rcv 0 snd 0
         p50/p99 ms: ingress 2.75/2.96  events 2.53/2.71  movement 0.34/0.36  grid 0.38/0.42  history 0.01/0.01  serialize 0.12/0.15  assembly 13.49/13.86  transport 11.55/13.60  egress 11.72/12.01
[   50s] clients 10000 | level 0 (0-0 in window: 30 Hz, dilation 1.0), pace 0.78, 0.0% clients bandwidth-degraded | tick p50 42.81 p99 44.99 max 45.27 ms, 117 overruns | out 407.7k pps 245 kbps/client, 2455 Mbps | in 233.5k pps 9 kbps/client | stand-ins: repeated 0.00% frozen 0.00%, 0 late inputs | per client-tick: 1253 B (near 96 B, 100% deltas), near 15.7 mid 41.9 far 58.7, far skipped 0 starved 0 | input wait p50 74.4 p99 97.8 ms | 0 joins deferred | kernel drops rcv 0 snd 0
         p50/p99 ms: ingress 2.79/2.97  events 2.57/2.71  movement 0.33/0.36  grid 0.38/0.42  history 0.01/0.01  serialize 0.12/0.14  assembly 13.36/13.83  transport 11.68/14.04  egress 11.43/11.96
[   55s] clients 10000 | level 0 (0-0 in window: 30 Hz, dilation 1.0), pace 0.77, 0.0% clients bandwidth-degraded | tick p50 42.94 p99 44.81 max 44.97 ms, 117 overruns | out 406.7k pps 245 kbps/client, 2447 Mbps | in 233.3k pps 9 kbps/client | stand-ins: repeated 0.00% frozen 0.00%, 0 late inputs | per client-tick: 1253 B (near 96 B, 100% deltas), near 15.7 mid 41.9 far 58.7, far skipped 0 starved 0 | input wait p50 75.3 p99 97.7 ms | 0 joins deferred | kernel drops rcv 0 snd 0
         p50/p99 ms: ingress 2.78/2.98  events 2.56/2.72  movement 0.33/0.36  grid 0.38/0.42  history 0.01/0.01  serialize 0.12/0.14  assembly 13.44/14.01  transport 11.71/13.43  egress 11.57/12.08
[   60s] clients 10000 | level 0 (0-0 in window: 30 Hz, dilation 1.0), pace 0.77, 0.0% clients bandwidth-degraded | tick p50 43.08 p99 45.33 max 45.41 ms, 116 overruns | out 404.8k pps 244 kbps/client, 2436 Mbps | in 231.8k pps 9 kbps/client | stand-ins: repeated 0.00% frozen 0.00%, 0 late inputs | per client-tick: 1253 B (near 96 B, 100% deltas), near 15.7 mid 41.9 far 58.7, far skipped 0 starved 0 | input wait p50 79.7 p99 100.8 ms | 0 joins deferred | kernel drops rcv 0 snd 0
         p50/p99 ms: ingress 2.71/3.02  events 2.52/2.74  movement 0.34/0.36  grid 0.38/0.42  history 0.01/0.01  serialize 0.12/0.14  assembly 13.56/13.88  transport 11.64/13.66  egress 11.76/12.08
[   61s] clients 0 | level 0 (0-0 in window: 30 Hz, dilation 1.0), pace 0.78, 0.0% clients bandwidth-degraded | tick p50 42.73 p99 44.20 max 44.20 ms, 10 overruns | out 363.3k pps 249 kbps/client, 2203 Mbps | in 255.9k pps 10 kbps/client | stand-ins: repeated 0.00% frozen 0.00%, 0 late inputs | per client-tick: 1235 B (near 94 B, 100% deltas), near 15.4 mid 41.1 far 58.0, far skipped 0 starved 0 | input wait p50 80.4 p99 99.5 ms | 0 joins deferred | kernel drops rcv 0 snd 0
         p50/p99 ms: ingress 2.78/6.76  events 2.51/23.51  movement 0.34/0.36  grid 0.34/0.39  history 0.01/0.01  serialize 0.13/0.14  assembly 13.45/13.72  transport 11.41/12.48  egress 11.97/12.17

== summary: 1324 steady-state ticks (after warmup, before clients drain), peak 10000 clients ==
  phase        p50 ms   p99 ms   max ms
  ingress        2.74     2.99     3.38
  events         2.52     2.74     3.02
  movement       0.33     0.36     0.44
  grid           0.38     0.42     0.43
  history        0.01     0.01     0.01
  serialize      0.12     0.15     0.35
  assembly      13.53    13.92    14.14
  transport     11.63    13.80    14.49
  egress        11.73    12.15    12.43
  tick          42.98    45.36    45.96
  overruns 1324 | spawns 10000 despawns 10000 (53572 joins deferred) | stand-ins: repeated 0 frozen 0 | late inputs 0 discarded 0 | bad messages 0 | recv errors 0 send errors 0
  egress (whole run): 24044988 datagrams in 24044988 sends (1.00 per send), 159302 syscalls
  ticks per ladder level (whole run): L0: 1424
  input wait on the server (datagram arrival -> applied): p50 78.5 p99 141.6 max 201.3 mean 79.7 ms
  steady state: stand-ins repeated 0 frozen 0 | late inputs 0 discarded 0
