spawn=uniform
egress=sendmmsg
ladder=off
threads=8
shards=64
peak_clients=10000
steady_ticks=1324
steady_secs=57.0
ingress_p50_ms=2.74
ingress_p99_ms=2.99
ingress_max_ms=3.38
events_p50_ms=2.52
events_p99_ms=2.74
events_max_ms=3.02
movement_p50_ms=0.33
movement_p99_ms=0.36
movement_max_ms=0.44
grid_p50_ms=0.38
grid_p99_ms=0.42
grid_max_ms=0.43
history_p50_ms=0.01
history_p99_ms=0.01
history_max_ms=0.01
serialize_p50_ms=0.12
serialize_p99_ms=0.15
serialize_max_ms=0.35
assembly_p50_ms=13.53
assembly_p99_ms=13.92
assembly_max_ms=14.14
transport_p50_ms=11.63
transport_p99_ms=13.80
transport_max_ms=14.49
egress_p50_ms=11.73
egress_p99_ms=12.15
egress_max_ms=12.43
tick_p50_ms=42.98
tick_p99_ms=45.36
tick_max_ms=45.96
steady_overruns=1324
level_mode=0
tick_hz=30
dilation=1
levels=L0:1324
clients_avg=10000
out_pps=405605
in_pps=232680
egress_mbps=2441.7
packets_per_client_tick=1.74
wire_bytes_per_client_tick=1313
down_kbps_per_client=244.2
up_kbps_per_client=9.3
kernel_rcvbuf_drops=0
kernel_sndbuf_drops=0
snapshot_bytes_per_client_tick=1253
near_bytes_per_client_tick=96
near_per_client_tick=15.7
mid_per_client_tick=41.9
far_per_client_tick=58.7
far_skipped=0
far_starved=0
repeated=0
frozen=0
late_inputs=0
discarded_inputs=0
input_wait_p50_ms=78.5
input_wait_p99_ms=141.6
spawns=10000
despawns=10000
joins_deferred=53572
bad_messages=0
recv_errors=0
send_errors=0
datagrams=24044988
sends=24044988
send_syscalls=159302
