1000 bots -> 172.31.24.165:40500 on 4 threads, ramp 0/s, 20s, 1000 full + 0 sink bots
[    5s] bots 1000/1000 connected, 1000 welcomed, 0 failed | 26.9 snaps/s/bot, entities/snap near 4.3 mid 4.2 far 6.3 | corrections 0.000/s/bot | down 53 up 14 kbps/bot | rtt 3.2 ms loss 0.00% | input->applied ~ p50 41 p99 94 ms, round trip p50 67 p99 100 ms | joins 1000 (p50 225 p99 458 ms) | server pace 1.00 level 0, 0 bots bandwidth-degraded | swarm busy 7%, overruns 3
[   10s] bots 1000/1000 connected, 1000 welcomed, 0 failed | 31.1 snaps/s/bot, entities/snap near 4.4 mid 4.2 far 6.3 | corrections 0.000/s/bot | down 61 up 16 kbps/bot | rtt 3.2 ms loss 0.00% | input->applied ~ p50 41 p99 68 ms, round trip p50 67 p99 100 ms | joins 0 (p50 0 p99 0 ms) | server pace 1.00 level 0, 0 bots bandwidth-degraded | swarm busy 7%, overruns 0
[   15s] bots 1000/1000 connected, 1000 welcomed, 0 failed | 28.8 snaps/s/bot, entities/snap near 4.4 mid 4.2 far 6.3 | corrections 0.000/s/bot | down 56 up 15 kbps/bot | rtt 3.2 ms loss 0.00% | input->applied ~ p50 41 p99 68 ms, round trip p50 67 p99 100 ms | joins 0 (p50 0 p99 0 ms) | server pace 1.00 level 0, 0 bots bandwidth-degraded | swarm busy 7%, overruns 0
[   20s] bots 1000/1000 connected, 1000 welcomed, 0 failed | 30.3 snaps/s/bot, entities/snap near 4.4 mid 4.2 far 6.3 | corrections 0.000/s/bot | down 59 up 15 kbps/bot | rtt 3.2 ms loss 0.00% | input->applied ~ p50 41 p99 68 ms, round trip p50 67 p99 100 ms | joins 0 (p50 0 p99 0 ms) | server pace 1.00 level 0, 0 bots bandwidth-degraded | swarm busy 7%, overruns 0

== bots summary ==
  started 1000 welcomed 1000 failed 0
  join latency ms: p50 225 p99 458 max 591 (n=1000)
  corrections 0 (0.00/bot-minute), mean error 0.000 m, max 0.000 m
  push corrections (the server pushed us apart from a crowd) 28 (0.08/bot-minute), max 0.100 m
  snapshots 593323 (entities per snapshot: near 4.4 mid 4.2 far 6.3), stale 0, unmatched acks 0, resyncs 0
  input -> applied on server (est. RTT/2 + server wait): p50 41.0 p99 69.0 max 95.0 mean 49.3 ms (n=592604)
    of which server wait (arrival -> applied): p50 40.0 p99 67.4 max 93.4 mean 47.7 ms (n=592604)
  input -> seen acked (round trip): p50 67.0 p99 100.0 max 123.0 mean 73.2 ms (n=592604)
  near entity update interval (tracked bots): p50 33.0 p99 33.0 max 100.0 mean 33.0 ms (n=135466)
  mid entity update interval (tracked bots): p50 100.0 p99 100.0 max 500.0 mean 100.2 ms (n=135457)
  far entity update interval (tracked bots): p50 500.0 p99 500.0 max 2000.0 mean 499.9 ms (n=186314)
  near drawn (tracked bots): 99.66% interpolated, 0.01% extrapolated, 0.00% held, 0.34% new | pops p50 0 p99 0 max 0 mm
  mid drawn (tracked bots): 98.89% interpolated, 0.10% extrapolated, 0.01% held, 1.00% new | pops p50 0 p99 0 max 3677 mm
  far drawn (tracked bots): 39.40% interpolated, 59.11% extrapolated, 0.42% held, 1.07% new | pops p50 421 p99 3663 max 14789 mm
  render delay (near) 70.2 ms behind the newest step, clock snaps 0 (backwards 0), slewing 1.92% of frames, near delay changes 21 | streak entity-frames (drawn > 20 m/s) 53965
  input clock: 1037 extra inputs, 381 skipped ticks, 0 backlog skips | near decode errors (tracked bots) 0
  bytes down 145.4 MB up 37.4 MB | swarm busy 7% of its threads' time, tick overruns 3
