== uniform, 1000 bots, 20s -> baselines/2026-10-07-aws-rehearsal/uniform-1k-1
== summary: 508 steady-state ticks (after warmup, before clients drain), peak 1000 clients ==
  phase        p50 ms   p99 ms   max ms
  ingress        0.27     0.32     0.36
  events         0.24     0.27     0.28
  movement       0.24     0.27     0.32
  grid           0.17     0.20     0.21
  separate       0.04     0.07     0.07
  history        0.00     0.01     0.01
  shots          0.01     0.01     0.01
  serialize      0.05     0.07     0.09
  assembly       0.46     0.56     0.67
  transport      0.22     0.27     0.28
  egress         0.53     0.61     0.63
  tick           2.24     2.42     2.54
  overruns 0 | spawns 1000 despawns 1000 (1052 joins deferred) | deaths 0 respawns 0 | stand-ins: repeated 0 frozen 0 | late inputs 0 discarded 0 | bad messages 0 | recv errors 0 send errors 0
  egress (whole run): 597568 datagrams in 597568 sends (1.00 per send), 38462 syscalls
  ticks per ladder level (whole run): L0: 617
  input wait on the server (datagram arrival -> applied): p50 40.0 p99 67.5 max 93.4 mean 47.7 ms
  steady state: stand-ins repeated 0 frozen 0 | late inputs 0 discarded 0
  rewind of near targets (applied step - the input's render step for that tier): p50 133 p99 167 max 167 mean 138.6 ms (n=577976)
  rewind of mid/far targets (applied step - the input's render step for that tier): p50 267 p99 300 max 300 mean 272.2 ms (n=577976)
  render times ahead of the server (bogus) 0
  shots 0 (late 0, refused 0, rewinds capped 0) | hits head 0 body 0 (after cover 0, too late 0), kills 0 | ground 0 cover 0 expired 0 | segments 0 candidates 0
== bots summary ==
  started 1000 welcomed 1000 failed 0
  join latency ms: p50 225 p99 458 max 591 (n=1000)
  corrections 0 (0.00/bot-minute), mean error 0.000 m, max 0.000 m
  push corrections (the server pushed us apart from a crowd) 28 (0.08/bot-minute), max 0.100 m
  snapshots 593323 (entities per snapshot: near 4.4 mid 4.2 far 6.3), stale 0, unmatched acks 0, resyncs 0
  input -> applied on server (est. RTT/2 + server wait): p50 41.0 p99 69.0 max 95.0 mean 49.3 ms (n=592604)
    of which server wait (arrival -> applied): p50 40.0 p99 67.4 max 93.4 mean 47.7 ms (n=592604)
  input -> seen acked (round trip): p50 67.0 p99 100.0 max 123.0 mean 73.2 ms (n=592604)
  near entity update interval (tracked bots): p50 33.0 p99 33.0 max 100.0 mean 33.0 ms (n=135466)
  mid entity update interval (tracked bots): p50 100.0 p99 100.0 max 500.0 mean 100.2 ms (n=135457)
  far entity update interval (tracked bots): p50 500.0 p99 500.0 max 2000.0 mean 499.9 ms (n=186314)
  near drawn (tracked bots): 99.66% interpolated, 0.01% extrapolated, 0.00% held, 0.34% new | pops p50 0 p99 0 max 0 mm
  mid drawn (tracked bots): 98.89% interpolated, 0.10% extrapolated, 0.01% held, 1.00% new | pops p50 0 p99 0 max 3677 mm
  far drawn (tracked bots): 39.40% interpolated, 59.11% extrapolated, 0.42% held, 1.07% new | pops p50 421 p99 3663 max 14789 mm
  render delay (near) 70.2 ms behind the newest step, clock snaps 0 (backwards 0), slewing 1.92% of frames, near delay changes 21 | streak entity-frames (drawn > 20 m/s) 53965
  input clock: 1037 extra inputs, 381 skipped ticks, 0 backlog skips | near decode errors (tracked bots) 0
  bytes down 145.4 MB up 37.4 MB | swarm busy 7% of its threads' time, tick overruns 3
