preallocated connections for 10000 clients in 273.307858ms
listening on 172.31.24.165:40500 | spawn Uniform | tiers near 64@150 m, mid 500 m, far 1500 m, budget 6250 B/tick, squads of 4 | 8 rayon threads, 64 shards, 1 socket(s), 256 accepts/tick, egress SendMmsg | socket buffers rcv 32768 KiB snd 32768 KiB
[    5s] clients 1000 | level 0 (0-0 in window: 30 Hz, dilation 1.0), pace 1.00, 0.0% clients bandwidth-degraded | tick p50 2.24 p99 3.41 max 4.10 ms, 0 overruns | out 26.7k pps 59 kbps/client, 51 Mbps | in 26.6k pps 16 kbps/client | stand-ins: repeated 0.00% frozen 0.00%, 0 late inputs | per client-tick: 209 B (near 34 B, 99% deltas), near 4.3 mid 4.1 far 6.2, far skipped 0 starved 0 | input wait p50 40.2 p99 92.7 ms | 1052 joins deferred | kernel drops rcv 0 snd 0
         p50/p99 ms: ingress 0.25/0.49  events 0.24/1.97  movement 0.23/0.28  grid 0.17/0.20  separate 0.04/0.07  history 0.00/0.03  shots 0.01/0.01  serialize 0.05/0.08  assembly 0.46/0.64  transport 0.21/0.26  egress 0.53/0.61
[   10s] clients 1000 | level 0 (0-0 in window: 30 Hz, dilation 1.0), pace 1.00, 0.0% clients bandwidth-degraded | tick p50 2.24 p99 2.42 max 2.42 ms, 0 overruns | out 30.0k pps 59 kbps/client, 59 Mbps | in 30.0k pps 15 kbps/client | stand-ins: repeated 0.00% frozen 0.00%, 0 late inputs | per client-tick: 210 B (near 34 B, 100% deltas), near 4.4 mid 4.2 far 6.3, far skipped 0 starved 0 | input wait p50 39.9 p99 66.5 ms | 0 joins deferred | kernel drops rcv 0 snd 0
         p50/p99 ms: ingress 0.27/0.34  events 0.24/0.28  movement 0.24/0.27  grid 0.17/0.20  separate 0.04/0.06  history 0.00/0.00  shots 0.01/0.01  serialize 0.05/0.07  assembly 0.46/0.54  transport 0.22/0.26  egress 0.53/0.60
[   15s] clients 1000 | level 0 (0-0 in window: 30 Hz, dilation 1.0), pace 1.00, 0.0% clients bandwidth-degraded | tick p50 2.25 p99 2.40 max 2.54 ms, 0 overruns | out 30.0k pps 59 kbps/client, 59 Mbps | in 30.0k pps 15 kbps/client | stand-ins: repeated 0.00% frozen 0.00%, 0 late inputs | per client-tick: 210 B (near 34 B, 100% deltas), near 4.4 mid 4.2 far 6.3, far skipped 0 starved 0 | input wait p50 39.9 p99 66.5 ms | 0 joins deferred | kernel drops rcv 0 snd 0
         p50/p99 ms: ingress 0.27/0.32  events 0.24/0.27  movement 0.24/0.27  grid 0.18/0.20  separate 0.04/0.07  history 0.00/0.01  shots 0.01/0.01  serialize 0.05/0.07  assembly 0.46/0.51  transport 0.23/0.27  egress 0.53/0.62
[   20s] clients 1000 | level 0 (0-0 in window: 30 Hz, dilation 1.0), pace 1.00, 0.0% clients bandwidth-degraded | tick p50 2.24 p99 2.45 max 2.47 ms, 0 overruns | out 30.0k pps 59 kbps/client, 59 Mbps | in 30.0k pps 15 kbps/client | stand-ins: repeated 0.00% frozen 0.00%, 0 late inputs | per client-tick: 210 B (near 34 B, 100% deltas), near 4.4 mid 4.2 far 6.3, far skipped 0 starved 0 | input wait p50 39.9 p99 66.5 ms | 0 joins deferred | kernel drops rcv 0 snd 0
         p50/p99 ms: ingress 0.26/0.32  events 0.24/0.27  movement 0.24/0.29  grid 0.17/0.20  separate 0.04/0.07  history 0.00/0.01  shots 0.01/0.01  serialize 0.05/0.06  assembly 0.46/0.58  transport 0.22/0.27  egress 0.54/0.61
[   21s] clients 0 | level 0 (0-0 in window: 30 Hz, dilation 1.0), pace 1.00, 0.0% clients bandwidth-degraded | tick p50 2.25 p99 2.48 max 2.48 ms, 0 overruns | out 26.6k pps 59 kbps/client, 52 Mbps | in 32.1k pps 16 kbps/client | stand-ins: repeated 0.00% frozen 0.00%, 0 late inputs | per client-tick: 208 B (near 34 B, 100% deltas), near 4.3 mid 4.1 far 6.2, far skipped 0 starved 0 | input wait p50 39.9 p99 66.5 ms | 0 joins deferred | kernel drops rcv 0 snd 0
         p50/p99 ms: ingress 0.28/0.37  events 0.25/1.06  movement 0.24/0.26  grid 0.17/0.18  separate 0.05/0.07  history 0.00/0.00  shots 0.01/0.01  serialize 0.05/0.06  assembly 0.47/0.64  transport 0.22/0.26  egress 0.54/0.59

== summary: 508 steady-state ticks (after warmup, before clients drain), peak 1000 clients ==
  phase        p50 ms   p99 ms   max ms
  ingress        0.27     0.32     0.36
  events         0.24     0.27     0.28
  movement       0.24     0.27     0.32
  grid           0.17     0.20     0.21
  separate       0.04     0.07     0.07
  history        0.00     0.01     0.01
  shots          0.01     0.01     0.01
  serialize      0.05     0.07     0.09
  assembly       0.46     0.56     0.67
  transport      0.22     0.27     0.28
  egress         0.53     0.61     0.63
  tick           2.24     2.42     2.54
  overruns 0 | spawns 1000 despawns 1000 (1052 joins deferred) | deaths 0 respawns 0 | stand-ins: repeated 0 frozen 0 | late inputs 0 discarded 0 | bad messages 0 | recv errors 0 send errors 0
  egress (whole run): 597568 datagrams in 597568 sends (1.00 per send), 38462 syscalls
  ticks per ladder level (whole run): L0: 617
  input wait on the server (datagram arrival -> applied): p50 40.0 p99 67.5 max 93.4 mean 47.7 ms
  steady state: stand-ins repeated 0 frozen 0 | late inputs 0 discarded 0
  rewind of near targets (applied step - the input's render step for that tier): p50 133 p99 167 max 167 mean 138.6 ms (n=577976)
  rewind of mid/far targets (applied step - the input's render step for that tier): p50 267 p99 300 max 300 mean 272.2 ms (n=577976)
  render times ahead of the server (bogus) 0
  shots 0 (late 0, refused 0, rewinds capped 0) | hits head 0 body 0 (after cover 0, too late 0), kills 0 | ground 0 cover 0 expired 0 | segments 0 candidates 0
