spawn=blob
egress=sendmmsg
ladder=on
threads=8
shards=64
peak_clients=3000
steady_ticks=1709
steady_secs=57.0
ingress_p50_ms=0.92
ingress_p99_ms=0.96
ingress_max_ms=1.01
events_p50_ms=0.67
events_p99_ms=0.71
events_max_ms=0.73
movement_p50_ms=0.12
movement_p99_ms=0.15
movement_max_ms=0.17
grid_p50_ms=0.12
grid_p99_ms=0.13
grid_max_ms=0.14
history_p50_ms=0.00
history_p99_ms=0.00
history_max_ms=0.00
serialize_p50_ms=0.09
serialize_p99_ms=0.12
serialize_max_ms=0.13
assembly_p50_ms=8.98
assembly_p99_ms=9.33
assembly_max_ms=10.08
transport_p50_ms=3.83
transport_p99_ms=4.54
transport_max_ms=4.95
egress_p50_ms=3.86
egress_p99_ms=4.01
egress_max_ms=4.15
tick_p50_ms=18.59
tick_p99_ms=19.40
tick_max_ms=19.74
steady_overruns=0
level_mode=0
tick_hz=30
dilation=1
levels=L0:1709
clients_avg=3000
out_pps=180046
in_pps=90109
egress_mbps=1017.4
packets_per_client_tick=2.00
wire_bytes_per_client_tick=1413
down_kbps_per_client=339.1
up_kbps_per_client=12.0
kernel_rcvbuf_drops=0
kernel_sndbuf_drops=0
snapshot_bytes_per_client_tick=1348
near_bytes_per_client_tick=356
near_per_client_tick=64.0
mid_per_client_tick=86.0
far_per_client_tick=0.0
far_skipped=0
far_starved=0
repeated=0
frozen=0
late_inputs=0
discarded_inputs=0
input_wait_p50_ms=50.0
input_wait_p99_ms=66.1
spawns=3000
despawns=3000
joins_deferred=6430
bad_messages=0
recv_errors=0
send_errors=0
datagrams=10754082
sends=10754082
send_syscalls=115264
