preallocated connections for 10000 clients in 219.948879ms
listening on 172.16.8.2:40500 | spawn Blob | tiers near 64@150 m, mid 500 m, far 1500 m, budget 6250 B/tick, squads of 4 | 8 rayon threads, 64 shards, 256 accepts/tick, egress SendMmsg | socket buffers rcv 32768 KiB snd 32768 KiB
[    5s] clients 3000 | level 0 (0-0 in window: 30 Hz, dilation 1.0), pace 1.00, 0.0% clients bandwidth-degraded | tick p50 18.09 p99 18.90 max 19.41 ms, 0 overruns | out 149.7k pps 344 kbps/client, 848 Mbps | in 76.3k pps 14 kbps/client | stand-ins: repeated 0.00% frozen 0.00%, 0 late inputs | per client-tick: 1362 B (near 370 B, 97% deltas), near 64.0 mid 86.0 far 0.0, far skipped 0 starved 0 | input wait p50 50.5 p99 66.4 ms | 6430 joins deferred | kernel drops rcv 0 snd 0
         p50/p99 ms: ingress 0.87/2.60  events 0.71/2.26  movement 0.11/0.14  grid 0.12/0.14  history 0.00/0.02  serialize 0.09/0.15  assembly 8.78/9.13  transport 3.52/4.18  egress 3.77/3.94
[   10s] clients 3000 | level 0 (0-0 in window: 30 Hz, dilation 1.0), pace 1.00, 0.0% clients bandwidth-degraded | tick p50 18.42 p99 19.21 max 19.41 ms, 0 overruns | out 180.0k pps 339 kbps/client, 1017 Mbps | in 90.0k pps 12 kbps/client | stand-ins: repeated 0.00% frozen 0.00%, 0 late inputs | per client-tick: 1348 B (near 356 B, 99% deltas), near 64.0 mid 86.0 far 0.0, far skipped 0 starved 0 | input wait p50 49.9 p99 66.1 ms | 0 joins deferred | kernel drops rcv 0 snd 0
         p50/p99 ms: ingress 0.90/0.95  events 0.67/0.71  movement 0.12/0.14  grid 0.12/0.13  history 0.00/0.00  serialize 0.09/0.11  assembly 8.90/9.31  transport 3.77/4.54  egress 3.84/3.99
[   15s] clients 3000 | level 0 (0-0 in window: 30 Hz, dilation 1.0), pace 1.00, 0.0% clients bandwidth-degraded | tick p50 18.39 p99 19.20 max 19.34 ms, 0 overruns | out 180.0k pps 339 kbps/client, 1017 Mbps | in 90.0k pps 12 kbps/client | stand-ins: repeated 0.00% frozen 0.00%, 0 late inputs | per client-tick: 1348 B (near 356 B, 99% deltas), near 64.0 mid 86.0 far 0.0, far skipped 0 starved 0 | input wait p50 49.9 p99 66.1 ms | 0 joins deferred | kernel drops rcv 0 snd 0
         p50/p99 ms: ingress 0.91/0.95  events 0.67/0.69  movement 0.12/0.14  grid 0.12/0.13  history 0.00/0.00  serialize 0.09/0.12  assembly 8.93/9.37  transport 3.75/4.44  egress 3.80/3.92
[   20s] clients 3000 | level 0 (0-0 in window: 30 Hz, dilation 1.0), pace 1.00, 0.0% clients bandwidth-degraded | tick p50 18.56 p99 19.31 max 19.33 ms, 0 overruns | out 180.0k pps 339 kbps/client, 1017 Mbps | in 90.0k pps 12 kbps/client | stand-ins: repeated 0.00% frozen 0.00%, 0 late inputs | per client-tick: 1348 B (near 356 B, 99% deltas), near 64.0 mid 86.0 far 0.0, far skipped 0 starved 0 | input wait p50 49.9 p99 66.1 ms | 0 joins deferred | kernel drops rcv 0 snd 0
         p50/p99 ms: ingress 0.91/0.96  events 0.67/0.69  movement 0.12/0.14  grid 0.12/0.13  history 0.00/0.00  serialize 0.09/0.13  assembly 8.98/9.23  transport 3.84/4.43  egress 3.82/3.98
[   25s] clients 3000 | level 0 (0-0 in window: 30 Hz, dilation 1.0), pace 1.00, 0.0% clients bandwidth-degraded | tick p50 18.61 p99 19.22 max 19.28 ms, 0 overruns | out 180.0k pps 339 kbps/client, 1017 Mbps | in 90.0k pps 12 kbps/client | stand-ins: repeated 0.00% frozen 0.00%, 0 late inputs | per client-tick: 1347 B (near 355 B, 99% deltas), near 64.0 mid 86.0 far 0.0, far skipped 0 starved 0 | input wait p50 49.9 p99 66.1 ms | 0 joins deferred | kernel drops rcv 0 snd 0
         p50/p99 ms: ingress 0.92/0.96  events 0.67/0.69  movement 0.12/0.14  grid 0.12/0.13  history 0.00/0.00  serialize 0.09/0.12  assembly 8.97/9.31  transport 3.85/4.43  egress 3.86/4.00
[   30s] clients 3000 | level 0 (0-0 in window: 30 Hz, dilation 1.0), pace 1.00, 0.0% clients bandwidth-degraded | tick p50 18.57 p99 19.19 max 19.20 ms, 0 overruns | out 180.0k pps 339 kbps/client, 1017 Mbps | in 90.0k pps 12 kbps/client | stand-ins: repeated 0.00% frozen 0.00%, 0 late inputs | per client-tick: 1348 B (near 356 B, 99% deltas), near 64.0 mid 86.0 far 0.0, far skipped 0 starved 0 | input wait p50 50.0 p99 66.1 ms | 0 joins deferred | kernel drops rcv 0 snd 0
         p50/p99 ms: ingress 0.92/0.96  events 0.67/0.69  movement 0.12/0.14  grid 0.12/0.13  history 0.00/0.00  serialize 0.09/0.12  assembly 8.97/9.33  transport 3.83/4.40  egress 3.85/3.95
[   35s] clients 3000 | level 0 (0-0 in window: 30 Hz, dilation 1.0), pace 1.00, 0.0% clients bandwidth-degraded | tick p50 18.62 p99 19.40 max 19.74 ms, 0 overruns | out 180.0k pps 339 kbps/client, 1017 Mbps | in 90.0k pps 12 kbps/client | stand-ins: repeated 0.00% frozen 0.00%, 0 late inputs | per client-tick: 1348 B (near 356 B, 99% deltas), near 64.0 mid 86.0 far 0.0, far skipped 0 starved 0 | input wait p50 50.0 p99 66.1 ms | 0 joins deferred | kernel drops rcv 0 snd 0
         p50/p99 ms: ingress 0.92/0.96  events 0.67/0.69  movement 0.12/0.15  grid 0.12/0.13  history 0.00/0.00  serialize 0.09/0.12  assembly 8.99/9.25  transport 3.84/4.64  egress 3.88/4.01
[   40s] clients 3000 | level 0 (0-0 in window: 30 Hz, dilation 1.0), pace 1.00, 0.0% clients bandwidth-degraded | tick p50 18.66 p99 19.36 max 19.37 ms, 0 overruns | out 180.0k pps 339 kbps/client, 1017 Mbps | in 90.0k pps 12 kbps/client | stand-ins: repeated 0.00% frozen 0.00%, 0 late inputs | per client-tick: 1348 B (near 356 B, 99% deltas), near 64.0 mid 86.0 far 0.0, far skipped 0 starved 0 | input wait p50 50.0 p99 66.0 ms | 0 joins deferred | kernel drops rcv 0 snd 0
         p50/p99 ms: ingress 0.92/0.97  events 0.67/0.69  movement 0.12/0.15  grid 0.12/0.13  history 0.00/0.00  serialize 0.09/0.10  assembly 9.00/9.28  transport 3.86/4.54  egress 3.88/4.04
[   45s] clients 3000 | level 0 (0-0 in window: 30 Hz, dilation 1.0), pace 1.00, 0.0% clients bandwidth-degraded | tick p50 18.67 p99 19.38 max 19.51 ms, 0 overruns | out 180.0k pps 339 kbps/client, 1017 Mbps | in 90.0k pps 12 kbps/client | stand-ins: repeated 0.00% frozen 0.00%, 0 late inputs | per client-tick: 1348 B (near 356 B, 99% deltas), near 64.0 mid 86.0 far 0.0, far skipped 0 starved 0 | input wait p50 50.0 p99 66.1 ms | 0 joins deferred | kernel drops rcv 0 snd 0
         p50/p99 ms: ingress 0.92/0.97  events 0.67/0.69  movement 0.12/0.14  grid 0.12/0.13  history 0.00/0.00  serialize 0.09/0.12  assembly 9.02/9.34  transport 3.85/4.64  egress 3.88/4.01
[   50s] clients 3000 | level 0 (0-0 in window: 30 Hz, dilation 1.0), pace 1.00, 0.0% clients bandwidth-degraded | tick p50 18.66 p99 19.45 max 19.72 ms, 0 overruns | out 180.0k pps 339 kbps/client, 1017 Mbps | in 90.0k pps 12 kbps/client | stand-ins: repeated 0.00% frozen 0.00%, 0 late inputs | per client-tick: 1348 B (near 356 B, 99% deltas), near 64.0 mid 86.0 far 0.0, far skipped 0 starved 0 | input wait p50 49.9 p99 66.0 ms | 0 joins deferred | kernel drops rcv 0 snd 0
         p50/p99 ms: ingress 0.92/0.97  events 0.67/0.69  movement 0.12/0.15  grid 0.12/0.13  history 0.00/0.00  serialize 0.09/0.12  assembly 8.99/9.32  transport 3.83/4.60  egress 3.88/4.00
[   55s] clients 3000 | level 0 (0-0 in window: 30 Hz, dilation 1.0), pace 1.00, 0.0% clients bandwidth-degraded | tick p50 18.66 p99 19.44 max 19.54 ms, 0 overruns | out 180.0k pps 339 kbps/client, 1017 Mbps | in 90.0k pps 12 kbps/client | stand-ins: repeated 0.00% frozen 0.00%, 0 late inputs | per client-tick: 1348 B (near 356 B, 99% deltas), near 64.0 mid 86.0 far 0.0, far skipped 0 starved 0 | input wait p50 50.0 p99 66.1 ms | 0 joins deferred | kernel drops rcv 0 snd 0
         p50/p99 ms: ingress 0.92/0.97  events 0.67/0.69  movement 0.12/0.15  grid 0.12/0.13  history 0.00/0.00  serialize 0.09/0.11  assembly 9.02/9.42  transport 3.81/4.38  egress 3.90/4.03
[   60s] clients 3000 | level 0 (0-0 in window: 30 Hz, dilation 1.0), pace 1.00, 0.0% clients bandwidth-degraded | tick p50 18.68 p99 19.49 max 19.72 ms, 0 overruns | out 180.0k pps 339 kbps/client, 1017 Mbps | in 90.0k pps 12 kbps/client | stand-ins: repeated 0.00% frozen 0.00%, 0 late inputs | per client-tick: 1348 B (near 356 B, 99% deltas), near 64.0 mid 86.0 far 0.0, far skipped 0 starved 0 | input wait p50 50.0 p99 66.1 ms | 0 joins deferred | kernel drops rcv 0 snd 0
         p50/p99 ms: ingress 0.92/0.99  events 0.67/0.69  movement 0.12/0.14  grid 0.12/0.13  history 0.00/0.00  serialize 0.09/0.12  assembly 9.01/9.62  transport 3.84/4.54  egress 3.89/4.02
[   61s] clients 0 | level 0 (0-0 in window: 30 Hz, dilation 1.0), pace 1.00, 0.0% clients bandwidth-degraded | tick p50 18.72 p99 19.41 max 19.41 ms, 0 overruns | out 163.0k pps 352 kbps/client, 924 Mbps | in 96.6k pps 13 kbps/client | stand-ins: repeated 0.00% frozen 0.00%, 0 late inputs | per client-tick: 1352 B (near 360 B, 98% deltas), near 64.0 mid 86.0 far 0.0, far skipped 0 starved 0 | input wait p50 50.3 p99 66.1 ms | 0 joins deferred | kernel drops rcv 0 snd 0
         p50/p99 ms: ingress 0.92/2.39  events 0.67/7.64  movement 0.12/0.16  grid 0.12/0.13  history 0.00/0.00  serialize 0.08/0.09  assembly 9.04/9.62  transport 3.87/4.19  egress 3.88/4.06

== summary: 1709 steady-state ticks (after warmup, before clients drain), peak 3000 clients ==
  phase        p50 ms   p99 ms   max ms
  ingress        0.92     0.96     1.01
  events         0.67     0.71     0.73
  movement       0.12     0.15     0.17
  grid           0.12     0.13     0.14
  history        0.00     0.00     0.00
  serialize      0.09     0.12     0.13
  assembly       8.98     9.33    10.08
  transport      3.83     4.54     4.95
  egress         3.86     4.01     4.15
  tick          18.59    19.40    19.74
  overruns 0 | spawns 3000 despawns 3000 (6430 joins deferred) | stand-ins: repeated 0 frozen 0 | late inputs 0 discarded 0 | bad messages 0 | recv errors 0 send errors 0
  egress (whole run): 10754082 datagrams in 10754082 sends (1.00 per send), 115264 syscalls
  ticks per ladder level (whole run): L0: 1820
  input wait on the server (datagram arrival -> applied): p50 50.0 p99 66.1 max 68.8 mean 50.0 ms
  steady state: stand-ins repeated 0 frozen 0 | late inputs 0 discarded 0
