minting tokens with the public dev key (--token-key to change)
1000 bots -> 127.0.0.1:40500 on 8 threads, ramp 0/s, 60s, 1000 full + 0 sink bots
[    5s] bots 1000/1000 connected, 1000 welcomed, 0 failed | 25.7 snaps/s/bot, entities/snap near 65.2 mid 87.6 far 0.0 | corrections 0.000/s/bot | down 321 up 13 kbps/bot | rtt 85.2 ms loss 0.11% | input->applied ~ p50 94 p99 128 ms, round trip p50 167 p99 200 ms | joins 1000 (p50 383 p99 629 ms) | server pace 1.00 level 0, 0 bots bandwidth-degraded | swarm busy 11%, overruns 4
[   10s] bots 1000/1000 connected, 1000 welcomed, 0 failed | 30.6 snaps/s/bot, entities/snap near 64.0 mid 86.0 far 0.0 | corrections 0.000/s/bot | down 370 up 15 kbps/bot | rtt 85.0 ms loss 0.44% | input->applied ~ p50 94 p99 114 ms, round trip p50 167 p99 167 ms | joins 0 (p50 0 p99 0 ms) | server pace 1.00 level 0, 0 bots bandwidth-degraded | swarm busy 11%, overruns 0
[   15s] bots 1000/1000 connected, 1000 welcomed, 0 failed | 29.3 snaps/s/bot, entities/snap near 64.0 mid 86.0 far 0.0 | corrections 0.000/s/bot | down 353 up 15 kbps/bot | rtt 85.0 ms loss 0.53% | input->applied ~ p50 94 p99 113 ms, round trip p50 167 p99 167 ms | joins 0 (p50 0 p99 0 ms) | server pace 1.00 level 0, 0 bots bandwidth-degraded | swarm busy 11%, overruns 0
[   20s] bots 1000/1000 connected, 1000 welcomed, 0 failed | 29.8 snaps/s/bot, entities/snap near 64.0 mid 86.0 far 0.0 | corrections 0.000/s/bot | down 360 up 15 kbps/bot | rtt 85.2 ms loss 0.47% | input->applied ~ p50 100 p99 119 ms, round trip p50 167 p99 169 ms | joins 0 (p50 0 p99 0 ms) | server pace 1.00 level 0, 0 bots bandwidth-degraded | swarm busy 9%, overruns 5
[   25s] bots 1000/1000 connected, 1000 welcomed, 0 failed | 29.8 snaps/s/bot, entities/snap near 64.0 mid 86.0 far 0.0 | corrections 0.000/s/bot | down 360 up 15 kbps/bot | rtt 85.1 ms loss 0.48% | input->applied ~ p50 100 p99 118 ms, round trip p50 167 p99 167 ms | joins 0 (p50 0 p99 0 ms) | server pace 1.00 level 0, 0 bots bandwidth-degraded | swarm busy 8%, overruns 0
[   30s] bots 1000/1000 connected, 1000 welcomed, 0 failed | 30.3 snaps/s/bot, entities/snap near 64.0 mid 86.0 far 0.0 | corrections 0.000/s/bot | down 366 up 15 kbps/bot | rtt 85.2 ms loss 0.48% | input->applied ~ p50 100 p99 118 ms, round trip p50 167 p99 167 ms | joins 0 (p50 0 p99 0 ms) | server pace 1.00 level 0, 0 bots bandwidth-degraded | swarm busy 8%, overruns 0
[   35s] bots 1000/1000 connected, 1000 welcomed, 0 failed | 29.5 snaps/s/bot, entities/snap near 64.0 mid 86.0 far 0.0 | corrections 0.001/s/bot | down 355 up 15 kbps/bot | rtt 85.5 ms loss 0.52% | input->applied ~ p50 100 p99 118 ms, round trip p50 167 p99 167 ms | joins 0 (p50 0 p99 0 ms) | server pace 1.00 level 0, 0 bots bandwidth-degraded | swarm busy 8%, overruns 0
[   40s] bots 1000/1000 connected, 1000 welcomed, 0 failed | 30.1 snaps/s/bot, entities/snap near 64.0 mid 86.0 far 0.0 | corrections 0.000/s/bot | down 364 up 15 kbps/bot | rtt 85.1 ms loss 0.49% | input->applied ~ p50 100 p99 118 ms, round trip p50 167 p99 167 ms | joins 0 (p50 0 p99 0 ms) | server pace 1.00 level 0, 0 bots bandwidth-degraded | swarm busy 8%, overruns 0
[   45s] bots 1000/1000 connected, 1000 welcomed, 0 failed | 30.2 snaps/s/bot, entities/snap near 64.0 mid 86.0 far 0.0 | corrections 0.000/s/bot | down 365 up 15 kbps/bot | rtt 85.1 ms loss 0.52% | input->applied ~ p50 100 p99 117 ms, round trip p50 167 p99 167 ms | joins 0 (p50 0 p99 0 ms) | server pace 1.00 level 0, 0 bots bandwidth-degraded | swarm busy 8%, overruns 0
[   50s] bots 1000/1000 connected, 1000 welcomed, 0 failed | 29.5 snaps/s/bot, entities/snap near 64.0 mid 86.0 far 0.0 | corrections 0.000/s/bot | down 357 up 15 kbps/bot | rtt 85.2 ms loss 0.49% | input->applied ~ p50 100 p99 118 ms, round trip p50 167 p99 167 ms | joins 0 (p50 0 p99 0 ms) | server pace 1.00 level 0, 0 bots bandwidth-degraded | swarm busy 8%, overruns 0
[   55s] bots 1000/1000 connected, 1000 welcomed, 0 failed | 29.4 snaps/s/bot, entities/snap near 64.0 mid 86.0 far 0.0 | corrections 0.000/s/bot | down 355 up 15 kbps/bot | rtt 85.2 ms loss 0.50% | input->applied ~ p50 100 p99 118 ms, round trip p50 167 p99 167 ms | joins 0 (p50 0 p99 0 ms) | server pace 1.00 level 0, 0 bots bandwidth-degraded | swarm busy 8%, overruns 0
[   60s] bots 1000/1000 connected, 1000 welcomed, 0 failed | 30.2 snaps/s/bot, entities/snap near 64.0 mid 86.0 far 0.0 | corrections 0.000/s/bot | down 365 up 15 kbps/bot | rtt 85.0 ms loss 0.54% | input->applied ~ p50 100 p99 118 ms, round trip p50 167 p99 167 ms | joins 0 (p50 0 p99 0 ms) | server pace 1.00 level 0, 0 bots bandwidth-degraded | swarm busy 8%, overruns 0

== bots summary ==
  started 1000 welcomed 1000 failed 0
  join latency ms: p50 383 p99 629 max 695 (n=1000)
  corrections 12 (0.01/bot-minute), mean error 0.076 m, max 0.138 m
  push corrections (the server pushed us apart from a crowd) 25773 (25.77/bot-minute), max 0.296 m
  snapshots 1779494 (entities per snapshot: near 64.1 mid 86.1 far 0.0), stale 34, unmatched acks 0, resyncs 0
  input -> applied on server (est. RTT/2 + server wait): p50 99.0 p99 118.0 max 163.0 mean 97.4 ms (n=1776149)
    of which server wait (arrival -> applied): p50 56.1 p99 76.0 max 121.0 mean 54.7 ms (n=1776149)
  input -> seen acked (round trip): p50 167.0 p99 167.0 max 233.0 mean 161.0 ms (n=1776528)
  near entity update interval (tracked bots): p50 66.0 p99 66.0 max 200.0 mean 53.4 ms (n=5694584)
  mid entity update interval (tracked bots): p50 100.0 p99 100.0 max 2100.0 mean 100.8 ms (n=7611540)
  far entity update interval (tracked bots): p50 0.0 p99 0.0 max 0.0 mean 0.0 ms (n=0)
  near drawn (tracked bots): 99.59% interpolated, 0.21% extrapolated, 0.00% held, 0.20% new | pops p50 0 p99 0 max 918 mm
  mid drawn (tracked bots): 94.53% interpolated, 3.11% extrapolated, 1.75% held, 0.61% new | pops p50 0 p99 168 max 17930 mm
  far drawn (tracked bots): 0.00% interpolated, 0.00% extrapolated, 0.00% held, 0.00% new | pops p50 0 p99 0 max 0 mm
  render delay 100.4 ms behind the newest step, clock snaps 0 (backwards 0)
  input clock: 5958 extra inputs, 5271 skipped ticks, 0 backlog skips | near decode errors (tracked bots) 0
  bytes down 2692.3 MB up 110.6 MB | swarm busy 9% of its threads' time, tick overruns 9
