preallocated connections for 10000 clients in 262.216897ms
listening on 127.0.0.1:40500 | spawn Blob | tiers near 64@150 m, mid 500 m, far 1500 m, budget 6250 B/tick, squads of 4 | 8 rayon threads, 64 shards, 1 socket(s), 256 accepts/tick, egress SendMmsg | socket buffers rcv 8192 KiB snd 8192 KiB
WARNING: token key is the public dev key; anyone can mint tokens for this server (--token-key)
[    5s] clients 1000 | level 0 (0-0 in window: 30 Hz, dilation 1.0), pace 1.00, 0.0% clients bandwidth-degraded | tick p50 8.83 p99 13.02 max 26.35 ms, 0 overruns | out 55.0k pps 369 kbps/client, 334 Mbps | in 26.7k pps 16 kbps/client | stand-ins: repeated 0.01% frozen 0.00%, 8 late inputs | per client-tick: 1466 B (near 461 B, 95% deltas), near 64.0 mid 85.9 far 0.0, far skipped 0 starved 0 | input wait p50 51.7 p99 85.1 ms | 352 joins deferred | kernel drops rcv 0 snd 0
         p50/p99 ms: ingress 0.40/1.19  events 0.11/1.44  movement 0.24/0.35  grid 0.16/0.31  separate 0.29/0.42  history 0.00/0.01  serialize 0.04/0.09  assembly 2.24/4.04  transport 0.98/1.76  egress 4.22/5.16
[   10s] clients 1000 | level 0 (0-0 in window: 30 Hz, dilation 1.0), pace 1.00, 0.0% clients bandwidth-degraded | tick p50 8.77 p99 9.54 max 9.58 ms, 0 overruns | out 60.0k pps 362 kbps/client, 362 Mbps | in 29.8k pps 15 kbps/client | stand-ins: repeated 0.01% frozen 0.00%, 16 late inputs | per client-tick: 1443 B (near 437 B, 99% deltas), near 64.0 mid 86.0 far 0.0, far skipped 0 starved 0 | input wait p50 51.5 p99 70.8 ms | 0 joins deferred | kernel drops rcv 0 snd 0
         p50/p99 ms: ingress 0.39/0.61  events 0.11/0.17  movement 0.25/0.41  grid 0.16/0.24  separate 0.30/0.39  history 0.00/0.00  serialize 0.04/0.07  assembly 2.28/2.69  transport 0.95/1.30  egress 4.22/4.95
[   15s] clients 1000 | level 0 (0-0 in window: 30 Hz, dilation 1.0), pace 1.00, 0.0% clients bandwidth-degraded | tick p50 8.79 p99 9.51 max 10.01 ms, 0 overruns | out 60.0k pps 362 kbps/client, 362 Mbps | in 29.8k pps 15 kbps/client | stand-ins: repeated 0.01% frozen 0.00%, 10 late inputs | per client-tick: 1445 B (near 439 B, 99% deltas), near 64.0 mid 86.0 far 0.0, far skipped 0 starved 0 | input wait p50 51.5 p99 70.8 ms | 0 joins deferred | kernel drops rcv 0 snd 0
         p50/p99 ms: ingress 0.39/0.52  events 0.11/0.20  movement 0.24/0.32  grid 0.16/0.25  separate 0.30/0.38  history 0.00/0.00  serialize 0.04/0.08  assembly 2.29/2.63  transport 0.94/1.24  egress 4.28/4.82
[   20s] clients 1000 | level 0 (0-0 in window: 30 Hz, dilation 1.0), pace 1.00, 0.0% clients bandwidth-degraded | tick p50 9.80 p99 16.21 max 42.52 ms, 1 overruns | out 59.8k pps 361 kbps/client, 361 Mbps | in 29.8k pps 15 kbps/client | stand-ins: repeated 0.02% frozen 0.00%, 23 late inputs | per client-tick: 1445 B (near 439 B, 99% deltas), near 64.0 mid 86.0 far 0.0, far skipped 0 starved 0 | input wait p50 57.3 p99 76.5 ms | 0 joins deferred | kernel drops rcv 0 snd 0
         p50/p99 ms: ingress 0.40/0.77  events 0.11/0.20  movement 0.26/0.34  grid 0.16/0.28  separate 0.33/0.50  history 0.00/0.00  serialize 0.04/0.08  assembly 2.51/2.96  transport 0.95/1.31  egress 5.03/11.24
[   25s] clients 1000 | level 0 (0-0 in window: 30 Hz, dilation 1.0), pace 1.00, 0.0% clients bandwidth-degraded | tick p50 9.76 p99 11.32 max 11.71 ms, 0 overruns | out 60.0k pps 362 kbps/client, 362 Mbps | in 29.7k pps 15 kbps/client | stand-ins: repeated 0.03% frozen 0.00%, 47 late inputs | per client-tick: 1445 B (near 439 B, 99% deltas), near 64.0 mid 86.0 far 0.0, far skipped 0 starved 0 | input wait p50 57.4 p99 75.9 ms | 0 joins deferred | kernel drops rcv 0 snd 0
         p50/p99 ms: ingress 0.40/0.60  events 0.11/0.17  movement 0.26/0.35  grid 0.16/0.27  separate 0.32/0.41  history 0.00/0.00  serialize 0.04/0.09  assembly 2.49/2.92  transport 0.97/1.27  egress 4.98/6.08
[   30s] clients 1000 | level 0 (0-0 in window: 30 Hz, dilation 1.0), pace 1.00, 0.0% clients bandwidth-degraded | tick p50 9.73 p99 11.17 max 12.72 ms, 0 overruns | out 60.0k pps 362 kbps/client, 362 Mbps | in 29.7k pps 15 kbps/client | stand-ins: repeated 0.02% frozen 0.00%, 33 late inputs | per client-tick: 1444 B (near 438 B, 99% deltas), near 64.0 mid 86.0 far 0.0, far skipped 0 starved 0 | input wait p50 57.4 p99 75.5 ms | 0 joins deferred | kernel drops rcv 0 snd 0
         p50/p99 ms: ingress 0.40/0.65  events 0.11/0.18  movement 0.26/0.35  grid 0.16/0.29  separate 0.32/0.42  history 0.00/0.00  serialize 0.04/0.08  assembly 2.48/2.87  transport 0.97/1.26  egress 4.98/6.24
[   35s] clients 1000 | level 0 (0-0 in window: 30 Hz, dilation 1.0), pace 1.00, 0.0% clients bandwidth-degraded | tick p50 9.76 p99 12.06 max 14.36 ms, 0 overruns | out 60.0k pps 362 kbps/client, 362 Mbps | in 29.7k pps 15 kbps/client | stand-ins: repeated 0.03% frozen 0.00%, 48 late inputs | per client-tick: 1443 B (near 437 B, 99% deltas), near 64.0 mid 86.0 far 0.0, far skipped 0 starved 0 | input wait p50 57.3 p99 75.8 ms | 0 joins deferred | kernel drops rcv 0 snd 0
         p50/p99 ms: ingress 0.40/0.88  events 0.11/0.22  movement 0.26/0.35  grid 0.16/0.29  separate 0.32/0.40  history 0.00/0.01  serialize 0.04/0.09  assembly 2.48/3.28  transport 1.00/1.27  egress 5.04/6.19
[   40s] clients 1000 | level 0 (0-0 in window: 30 Hz, dilation 1.0), pace 1.00, 0.0% clients bandwidth-degraded | tick p50 9.84 p99 11.60 max 12.16 ms, 0 overruns | out 60.0k pps 362 kbps/client, 362 Mbps | in 29.7k pps 15 kbps/client | stand-ins: repeated 0.03% frozen 0.00%, 45 late inputs | per client-tick: 1444 B (near 438 B, 99% deltas), near 64.0 mid 86.0 far 0.0, far skipped 0 starved 0 | input wait p50 57.4 p99 76.2 ms | 0 joins deferred | kernel drops rcv 0 snd 0
         p50/p99 ms: ingress 0.40/0.83  events 0.11/0.19  movement 0.25/0.37  grid 0.16/0.21  separate 0.32/0.40  history 0.00/0.00  serialize 0.04/0.08  assembly 2.49/2.88  transport 0.98/1.26  egress 5.07/5.95
[   45s] clients 1000 | level 0 (0-0 in window: 30 Hz, dilation 1.0), pace 1.00, 0.0% clients bandwidth-degraded | tick p50 9.78 p99 10.89 max 11.82 ms, 0 overruns | out 60.0k pps 362 kbps/client, 362 Mbps | in 29.7k pps 15 kbps/client | stand-ins: repeated 0.02% frozen 0.00%, 33 late inputs | per client-tick: 1445 B (near 439 B, 99% deltas), near 64.0 mid 86.0 far 0.0, far skipped 0 starved 0 | input wait p50 57.4 p99 75.3 ms | 0 joins deferred | kernel drops rcv 0 snd 0
         p50/p99 ms: ingress 0.40/0.61  events 0.11/0.20  movement 0.25/0.32  grid 0.16/0.27  separate 0.32/0.40  history 0.00/0.00  serialize 0.04/0.08  assembly 2.48/2.86  transport 0.95/1.29  egress 5.03/6.08
[   50s] clients 1000 | level 0 (0-0 in window: 30 Hz, dilation 1.0), pace 1.00, 0.0% clients bandwidth-degraded | tick p50 9.76 p99 11.61 max 12.48 ms, 0 overruns | out 60.0k pps 363 kbps/client, 363 Mbps | in 29.7k pps 15 kbps/client | stand-ins: repeated 0.03% frozen 0.00%, 42 late inputs | per client-tick: 1446 B (near 440 B, 99% deltas), near 64.0 mid 86.0 far 0.0, far skipped 0 starved 0 | input wait p50 57.3 p99 75.6 ms | 0 joins deferred | kernel drops rcv 0 snd 0
         p50/p99 ms: ingress 0.40/0.75  events 0.11/0.18  movement 0.26/0.36  grid 0.17/0.29  separate 0.32/0.44  history 0.00/0.00  serialize 0.04/0.08  assembly 2.47/2.87  transport 0.98/1.26  egress 4.97/6.41
[   55s] clients 1000 | level 0 (0-0 in window: 30 Hz, dilation 1.0), pace 1.00, 0.0% clients bandwidth-degraded | tick p50 9.79 p99 11.00 max 11.88 ms, 0 overruns | out 60.0k pps 362 kbps/client, 362 Mbps | in 29.7k pps 15 kbps/client | stand-ins: repeated 0.02% frozen 0.00%, 37 late inputs | per client-tick: 1444 B (near 438 B, 99% deltas), near 64.0 mid 86.0 far 0.0, far skipped 0 starved 0 | input wait p50 57.3 p99 76.0 ms | 0 joins deferred | kernel drops rcv 0 snd 0
         p50/p99 ms: ingress 0.40/0.65  events 0.11/0.17  movement 0.25/0.33  grid 0.16/0.27  separate 0.32/0.42  history 0.00/0.01  serialize 0.04/0.08  assembly 2.50/2.93  transport 0.92/1.28  egress 5.03/6.07
[   60s] clients 1000 | level 0 (0-0 in window: 30 Hz, dilation 1.0), pace 1.00, 0.0% clients bandwidth-degraded | tick p50 9.75 p99 10.86 max 11.54 ms, 0 overruns | out 60.0k pps 362 kbps/client, 362 Mbps | in 29.7k pps 15 kbps/client | stand-ins: repeated 0.02% frozen 0.00%, 36 late inputs | per client-tick: 1444 B (near 438 B, 99% deltas), near 64.0 mid 86.0 far 0.0, far skipped 0 starved 0 | input wait p50 57.3 p99 75.6 ms | 0 joins deferred | kernel drops rcv 0 snd 0
         p50/p99 ms: ingress 0.40/0.78  events 0.11/0.18  movement 0.25/0.34  grid 0.16/0.28  separate 0.31/0.42  history 0.00/0.00  serialize 0.04/0.08  assembly 2.49/2.92  transport 0.94/1.26  egress 4.99/5.92
[   60s] clients 0 | level 0 (0-0 in window: 30 Hz, dilation 1.0), pace 1.00, 0.0% clients bandwidth-degraded | tick p50 9.65 p99 19.34 max 19.34 ms, 0 overruns | out 48.1k pps 381 kbps/client, 295 Mbps | in 37.3k pps 17 kbps/client | stand-ins: repeated 0.04% frozen 0.00%, 2 late inputs | per client-tick: 1468 B (near 462 B, 95% deltas), near 64.0 mid 86.0 far 0.0, far skipped 0 starved 0 | input wait p50 57.5 p99 75.5 ms | 0 joins deferred | kernel drops rcv 0 snd 0
         p50/p99 ms: ingress 0.41/0.51  events 0.13/0.91  movement 0.26/0.28  grid 0.16/0.27  separate 0.29/0.32  history 0.00/0.00  serialize 0.04/0.06  assembly 2.43/2.63  transport 0.88/1.21  egress 4.87/14.14

== summary: 1706 steady-state ticks (after warmup, before clients drain), peak 1000 clients ==
  phase        p50 ms   p99 ms   max ms
  ingress        0.40     0.71     1.05
  events         0.11     0.20     0.27
  movement       0.25     0.35     1.94
  grid           0.16     0.28     0.37
  separate       0.32     0.41     2.11
  history        0.00     0.00     0.02
  serialize      0.04     0.08     0.13
  assembly       2.46     2.90     6.58
  transport      0.96     1.27     1.37
  egress         4.88     6.14    36.48
  tick           9.62    11.54    42.52
  overruns 1 | spawns 1000 despawns 1000 (352 joins deferred) | stand-ins: repeated 381 frozen 0 | late inputs 380 discarded 0 | bad messages 0 | recv errors 0 send errors 0
  egress (whole run): 3592763 datagrams in 3592763 sends (1.00 per send), 115200 syscalls
  ticks per ladder level (whole run): L0: 1811
  input wait on the server (datagram arrival -> applied): p50 56.1 p99 76.0 max 121.0 mean 54.7 ms
  steady state: stand-ins repeated 374 frozen 0 | late inputs 373 discarded 0
  rewind (applied step - the input's render step, what lag compensation would rewind): p50 249 p99 267 max 301 mean 249.8 ms (n=1780953), render times ahead of the server 0
