started=5000
welcomed=5000
failed=0
join_p50_ms=540
join_p99_ms=1006
join_max_ms=1164
corrections=2881
corrections_per_bot_minute=0.576
correction_max_m=0.193
push_corrections=1371
push_corrections_per_bot_minute=0.274
push_max_m=0.101
snapshots=7409025
near_per_snapshot=9.2
mid_per_snapshot=6.5
far_per_snapshot=4.3
stale_snapshots=0
resyncs=0
input_applied_p50_ms=102.0
input_applied_p99_ms=154.0
input_applied_mean_ms=97.9
server_wait_p50_ms=52.2
server_wait_p99_ms=81.8
server_wait_mean_ms=51.7
round_trip_p50_ms=198.0
round_trip_p99_ms=267.0
round_trip_mean_ms=173.9
slot_work_p50_ms=2.3
slot_work_p99_ms=4.9
slot_work_mean_ms=2.4
slot_late_p50_ms=0.0
slot_late_p99_ms=14.9
slot_late_mean_ms=0.4
near_interval_p50_ms=33.0
near_interval_p99_ms=50.0
near_interval_mean_ms=39.8
mid_interval_p50_ms=166.0
mid_interval_p99_ms=250.0
mid_interval_mean_ms=177.9
far_interval_p50_ms=1000.0
far_interval_p99_ms=1500.0
far_interval_mean_ms=953.2
slot_late_max_ms=35.8
near_interpolated_pct=99.50
near_extrapolated_pct=0.26
near_held_pct=0.09
near_new_pct=0.15
near_pop_p50_mm=0
near_pop_p99_mm=0
mid_interpolated_pct=89.52
mid_extrapolated_pct=9.40
mid_held_pct=0.33
mid_new_pct=0.75
mid_pop_p50_mm=0
mid_pop_p99_mm=586
far_interpolated_pct=18.64
far_extrapolated_pct=71.94
far_held_pct=7.63
far_new_pct=1.79
far_pop_p50_mm=1587
far_pop_p99_mm=14696
render_delay_ms=90.4
render_snaps=0
class0_fighters=167
class0_shots=38340
class0_hits=7013
class0_kills=1362
class0_hit_pct=18.3
class0_rtt_ms=22.7
class1_fighters=167
class1_shots=39381
class1_hits=7109
class1_kills=1397
class1_hit_pct=18.1
class1_rtt_ms=102.6
class2_fighters=166
class2_shots=38729
class2_hits=6449
class2_kills=1260
class2_hit_pct=16.7
class2_rtt_ms=152.7
shots_seen=577095
activity_cells=1776432
activity_shots=9494815
ambient=8799053
streak_frames_per_million=27651
clock_slewing_pct=33.37
delay_changes=1857
render_backwards=0
clock_extra=35722
clock_skipped=32191
backlog_skips=0
near_decode_errors=0
bytes_down_mb=2298.2
bytes_up_mb=572.0
swarm_busy_pct=58
swarm_overruns=2622
