preallocated connections for 10000 clients in 254.995326ms
listening on 127.0.0.1:14500 | spawn Uniform | tiers near 64@150 m, mid 500 m, far 1500 m, budget 6250 B/tick, squads of 4 | 8 rayon threads (keep awake on), 64 shards (send during assembly on), 1 socket(s), 256 accepts/tick, egress SendMmsg, ingress RecvMmsg | socket buffers rcv 8192 KiB snd 8192 KiB
WARNING: token key is the public dev key; anyone can mint tokens for this server (--token-key)
[    5s] clients 5000 | level 3 (0-3 in window: 30 Hz, dilation 1.0), pace 1.00, 0.0% clients bandwidth-degraded | tick p50 26.38 p99 32.25 max 36.22 ms, 1 overruns | out 134.8k pps 128 kbps/client, 556 Mbps | in 129.2k pps 17 kbps/client, 53.3 per recv, receive thread busy 14% | stand-ins: repeated 0.53% frozen 0.45%, 6118 late inputs | per client-tick: 495 B (near 74 B, 96% deltas), near 9.2 mid 13.9 far 16.0, far skipped 0 starved 0 | input wait p50 48.3 p99 80.5 ms | 7094 joins deferred | kernel drops rcv 0 snd 0
         p50/p99 ms: ingress 2.54/5.20  events 0.00/2.90  movement 0.64/2.01  grid 0.37/0.58  separate 0.05/0.29  history 0.01/0.14  shots 1.03/1.73  serialize 0.07/0.24  assembly 21.17/25.20  transport 0.00/0.00  egress 0.03/1.06
[   10s] clients 5000 | level 4 (3-4 in window: 30 Hz, dilation 1.0), pace 1.00, 0.0% clients bandwidth-degraded | tick p50 25.27 p99 32.22 max 41.33 ms, 1 overruns | out 149.8k pps 81 kbps/client, 404 Mbps | in 149.7k pps 15 kbps/client, 54.4 per recv, receive thread busy 17% | stand-ins: repeated 0.00% frozen 0.00%, 0 late inputs | per client-tick: 301 B (near 70 B, 99% deltas), near 9.3 mid 8.3 far 5.2, far skipped 0 starved 0 | input wait p50 52.6 p99 72.9 ms | 0 joins deferred | kernel drops rcv 0 snd 0
         p50/p99 ms: ingress 2.55/3.15  events 0.00/0.00  movement 0.59/0.86  grid 0.38/0.43  separate 0.05/0.08  history 0.01/0.01  shots 1.10/1.64  serialize 0.05/0.14  assembly 20.28/26.48  transport 0.00/0.00  egress 0.03/1.22
[   15s] clients 5000 | level 4 (4-4 in window: 30 Hz, dilation 1.0), pace 1.00, 0.0% clients bandwidth-degraded | tick p50 24.89 p99 27.63 max 27.94 ms, 0 overruns | out 150.0k pps 68 kbps/client, 338 Mbps | in 149.8k pps 15 kbps/client, 54.6 per recv, receive thread busy 17% | stand-ins: repeated 0.00% frozen 0.00%, 0 late inputs | per client-tick: 246 B (near 71 B, 99% deltas), near 9.3 mid 5.5 far 3.0, far skipped 0 starved 0 | input wait p50 50.9 p99 67.6 ms | 0 joins deferred | kernel drops rcv 0 snd 0
         p50/p99 ms: ingress 2.52/3.06  events 0.00/0.00  movement 0.59/0.75  grid 0.38/0.47  separate 0.04/0.08  history 0.01/0.02  shots 1.07/1.46  serialize 0.05/0.09  assembly 19.88/22.23  transport 0.00/0.00  egress 0.03/0.30
[   20s] clients 5000 | level 4 (4-4 in window: 30 Hz, dilation 1.0), pace 1.00, 0.0% clients bandwidth-degraded | tick p50 25.27 p99 35.78 max 35.78 ms, 3 overruns | out 149.8k pps 67 kbps/client, 337 Mbps | in 149.7k pps 15 kbps/client, 54.0 per recv, receive thread busy 16% | stand-ins: repeated 0.00% frozen 0.00%, 0 late inputs | per client-tick: 245 B (near 71 B, 99% deltas), near 9.2 mid 5.5 far 3.0, far skipped 0 starved 0 | input wait p50 52.2 p99 69.6 ms | 0 joins deferred | kernel drops rcv 0 snd 0
         p50/p99 ms: ingress 2.57/4.09  events 0.00/0.00  movement 0.59/1.03  grid 0.36/0.41  separate 0.04/0.07  history 0.01/0.02  shots 1.02/1.59  serialize 0.05/0.09  assembly 20.35/29.54  transport 0.00/0.00  egress 0.03/0.94
[   25s] clients 5000 | level 4 (4-4 in window: 30 Hz, dilation 1.0), pace 1.00, 0.0% clients bandwidth-degraded | tick p50 24.89 p99 27.52 max 39.01 ms, 1 overruns | out 149.8k pps 67 kbps/client, 336 Mbps | in 149.7k pps 15 kbps/client, 53.4 per recv, receive thread busy 16% | stand-ins: repeated 0.00% frozen 0.00%, 0 late inputs | per client-tick: 244 B (near 71 B, 99% deltas), near 9.2 mid 5.5 far 3.0, far skipped 0 starved 0 | input wait p50 52.3 p99 71.2 ms | 0 joins deferred | kernel drops rcv 0 snd 0
         p50/p99 ms: ingress 2.47/5.28  events 0.00/0.00  movement 0.59/1.41  grid 0.38/0.46  separate 0.05/0.07  history 0.01/0.02  shots 1.05/1.62  serialize 0.05/0.09  assembly 19.95/22.51  transport 0.00/0.00  egress 0.03/0.43
[   30s] clients 5000 | level 5 (4-5 in window: 30 Hz, dilation 1.0), pace 1.00, 0.0% clients bandwidth-degraded | tick p50 24.94 p99 35.80 max 38.05 ms, 2 overruns | out 149.8k pps 67 kbps/client, 335 Mbps | in 149.8k pps 15 kbps/client, 54.1 per recv, receive thread busy 17% | stand-ins: repeated 0.00% frozen 0.00%, 0 late inputs | per client-tick: 244 B (near 70 B, 100% deltas), near 9.2 mid 5.5 far 3.0, far skipped 0 starved 0 | input wait p50 52.4 p99 72.1 ms | 0 joins deferred | kernel drops rcv 0 snd 0
         p50/p99 ms: ingress 2.52/3.51  events 0.00/0.00  movement 0.58/0.86  grid 0.38/0.43  separate 0.05/0.07  history 0.01/0.02  shots 1.10/1.53  serialize 0.05/0.14  assembly 19.97/31.32  transport 0.00/0.00  egress 0.03/0.59
[   35s] clients 5000 | level 6 (5-6 in window: 20 Hz, dilation 1.0), pace 1.00, 0.0% clients bandwidth-degraded | tick p50 26.99 p99 44.40 max 45.63 ms, 3 overruns | out 100.5k pps 46 kbps/client, 228 Mbps | in 148.7k pps 15 kbps/client, 53.3 per recv, receive thread busy 17% | stand-ins: repeated 0.00% frozen 0.00%, 0 late inputs | per client-tick: 247 B (near 71 B, 99% deltas), near 9.2 mid 5.5 far 3.0, far skipped 0 starved 0 | input wait p50 53.9 p99 99.4 ms | 0 joins deferred | kernel drops rcv 0 snd 0
         p50/p99 ms: ingress 3.61/7.84  events 0.00/0.00  movement 0.71/0.97  grid 0.38/0.46  separate 0.04/0.08  history 0.01/0.01  shots 1.54/3.13  serialize 0.04/0.07  assembly 20.37/37.35  transport 0.00/0.00  egress 0.04/0.34
[   40s] clients 5000 | level 6 (6-6 in window: 20 Hz, dilation 1.0), pace 1.00, 0.0% clients bandwidth-degraded | tick p50 27.02 p99 31.37 max 32.11 ms, 0 overruns | out 100.0k pps 45 kbps/client, 227 Mbps | in 149.1k pps 15 kbps/client, 54.3 per recv, receive thread busy 17% | stand-ins: repeated 0.00% frozen 0.00%, 0 late inputs | per client-tick: 247 B (near 71 B, 100% deltas), near 9.2 mid 5.5 far 3.0, far skipped 0 starved 0 | input wait p50 53.4 p99 82.2 ms | 0 joins deferred | kernel drops rcv 0 snd 0
         p50/p99 ms: ingress 3.59/7.66  events 0.00/0.00  movement 0.71/0.95  grid 0.38/0.45  separate 0.04/0.07  history 0.01/0.01  shots 1.63/2.19  serialize 0.05/0.07  assembly 20.19/22.88  transport 0.00/0.00  egress 0.04/0.07
[   45s] clients 5000 | level 6 (6-6 in window: 20 Hz, dilation 1.0), pace 1.00, 0.0% clients bandwidth-degraded | tick p50 26.96 p99 38.50 max 60.16 ms, 1 overruns | out 99.8k pps 45 kbps/client, 226 Mbps | in 148.5k pps 15 kbps/client, 53.8 per recv, receive thread busy 17% | stand-ins: repeated 0.22% frozen 0.00%, 1663 late inputs | per client-tick: 247 B (near 71 B, 100% deltas), near 9.2 mid 5.5 far 3.0, far skipped 0 starved 0 | input wait p50 47.7 p99 82.4 ms | 0 joins deferred | kernel drops rcv 0 snd 0
         p50/p99 ms: ingress 3.62/4.17  events 0.00/0.00  movement 0.72/1.01  grid 0.36/0.43  separate 0.04/0.10  history 0.01/0.01  shots 1.53/2.15  serialize 0.05/0.11  assembly 20.54/31.80  transport 0.00/0.00  egress 0.04/2.13
[   50s] clients 5000 | level 6 (6-6 in window: 20 Hz, dilation 1.0), pace 1.00, 0.0% clients bandwidth-degraded | tick p50 26.93 p99 30.28 max 36.65 ms, 0 overruns | out 100.0k pps 45 kbps/client, 227 Mbps | in 149.3k pps 15 kbps/client, 54.5 per recv, receive thread busy 17% | stand-ins: repeated 0.00% frozen 0.00%, 0 late inputs | per client-tick: 247 B (near 71 B, 100% deltas), near 9.2 mid 5.5 far 3.0, far skipped 0 starved 0 | input wait p50 54.6 p99 82.1 ms | 0 joins deferred | kernel drops rcv 0 snd 0
         p50/p99 ms: ingress 3.53/4.10  events 0.00/0.00  movement 0.69/0.91  grid 0.36/0.42  separate 0.04/0.07  history 0.01/0.02  shots 1.42/2.15  serialize 0.05/0.09  assembly 20.44/24.11  transport 0.00/0.00  egress 0.04/0.06
[   55s] clients 5000 | level 6 (6-6 in window: 20 Hz, dilation 1.0), pace 1.00, 0.0% clients bandwidth-degraded | tick p50 26.72 p99 30.66 max 32.77 ms, 0 overruns | out 100.0k pps 45 kbps/client, 226 Mbps | in 149.2k pps 15 kbps/client, 54.5 per recv, receive thread busy 17% | stand-ins: repeated 0.00% frozen 0.00%, 0 late inputs | per client-tick: 246 B (near 70 B, 100% deltas), near 9.1 mid 5.5 far 3.0, far skipped 0 starved 0 | input wait p50 53.4 p99 82.1 ms | 0 joins deferred | kernel drops rcv 0 snd 0
         p50/p99 ms: ingress 3.56/4.22  events 0.00/0.00  movement 0.70/0.91  grid 0.36/0.43  separate 0.05/0.14  history 0.01/0.02  shots 1.55/2.16  serialize 0.05/0.13  assembly 20.36/23.16  transport 0.00/0.00  egress 0.04/0.06
[   60s] clients 5000 | level 6 (6-6 in window: 20 Hz, dilation 1.0), pace 1.00, 0.0% clients bandwidth-degraded | tick p50 26.90 p99 35.88 max 39.87 ms, 0 overruns | out 100.0k pps 45 kbps/client, 226 Mbps | in 149.2k pps 15 kbps/client, 54.3 per recv, receive thread busy 17% | stand-ins: repeated 0.00% frozen 0.00%, 0 late inputs | per client-tick: 246 B (near 70 B, 100% deltas), near 9.1 mid 5.5 far 3.0, far skipped 0 starved 0 | input wait p50 54.1 p99 82.2 ms | 0 joins deferred | kernel drops rcv 0 snd 0
         p50/p99 ms: ingress 3.61/4.81  events 0.00/0.00  movement 0.69/0.88  grid 0.36/0.46  separate 0.04/0.07  history 0.01/0.02  shots 1.38/2.29  serialize 0.05/0.08  assembly 20.34/29.27  transport 0.00/0.00  egress 0.04/0.41
[   65s] clients 137 | level 5 (5-6 in window: 30 Hz, dilation 1.0), pace 1.00, 0.0% clients bandwidth-degraded | tick p50 1.19 p99 18.18 max 35.45 ms, 0 overruns | out 4.7k pps 25 kbps/client, 6 Mbps | in 4.4k pps 6 kbps/client, 54.3 per recv, receive thread busy 1% | stand-ins: repeated 1.08% frozen 61.38%, 0 late inputs | per client-tick: 116 B (near 26 B, 94% deltas), near 2.9 mid 1.7 far 0.9, far skipped 0 starved 0 | input wait p50 51.1 p99 82.0 ms | 0 joins deferred | kernel drops rcv 0 snd 0
         p50/p99 ms: ingress 0.01/2.70  events 0.00/3.82  movement 0.07/0.63  grid 0.20/0.69  separate 0.01/0.04  history 0.01/0.05  shots 0.00/1.44  serialize 0.01/0.09  assembly 0.32/10.55  transport 0.00/0.00  egress 0.03/0.08
[   65s] clients 0 | level 5 (5-5 in window: 30 Hz, dilation 1.0), pace 1.00, 0.0% clients bandwidth-degraded | tick p50 0.68 p99 1.03 max 1.03 ms, 0 overruns | out 0.3k pps 19 kbps/client, 0 Mbps | in 0.0k pps 0 kbps/client, 0.0 per recv, receive thread busy 0% | stand-ins: repeated 0.00% frozen 100.00%, 0 late inputs | per client-tick: 48 B (near 0 B, 0% deltas), near 0.0 mid 0.0 far 0.0, far skipped 0 starved 0 | input wait p50 0.0 p99 0.0 ms | 0 joins deferred | kernel drops rcv 0 snd 0
         p50/p99 ms: ingress 0.01/0.06  events 0.06/0.32  movement 0.05/0.05  grid 0.19/0.20  separate 0.01/0.01  history 0.01/0.01  shots 0.00/0.00  serialize 0.01/0.02  assembly 0.01/0.08  transport 0.00/0.00  egress 0.04/0.04

== summary: 1407 steady-state ticks (after warmup, before clients drain), peak 5000 clients ==
  phase        p50 ms   p99 ms   max ms
  ingress        2.74     4.91    10.47
  events         0.00     0.00     0.38
  movement       0.62     0.96     2.12
  grid           0.37     0.45     0.67
  separate       0.04     0.08     2.97
  history        0.01     0.02     0.04
  shots          1.12     2.22     3.49
  serialize      0.05     0.10     0.24
  assembly      20.22    29.23    48.62
  transport      0.00     0.00     0.01
  egress         0.04     0.59     2.77
  tick          25.91    35.80    60.16
  overruns 11 | spawns 5000 despawns 5000 (7094 joins deferred) | deaths 4054 respawns 3788 | stand-ins: repeated 5373 frozen 24421 | late inputs 7781 discarded 0 | bad messages 0 | recv errors 0 send errors 0
  egress (whole run): 7476589 datagrams in 7476589 sends (1.00 per send), 102498 syscalls
  ingress (whole run): 8922844 datagrams in 165069 receive calls (54.06 per call)
  ticks per ladder level (whole run): L0: 50, L1: 31, L2: 31, L3: 150, L4: 602, L5: 58, L6: 692
  input wait on the server (datagram arrival -> applied): p50 52.2 p99 81.8 max 111.5 mean 51.7 ms
  steady state: stand-ins repeated 1677 frozen 0 | late inputs 1663 discarded 0
  rewind of near targets (applied step - the input's render step for that tier): p50 234 p99 322 max 382 mean 232.4 ms (n=7373674)
  rewind of mid/far targets (applied step - the input's render step for that tier): p50 367 p99 437 max 480 mean 363.6 ms (n=7373674)
  render times ahead of the server (bogus) 0
  shots 589661 (late 699, refused 1456, rewinds capped 385058) | hits head 1412 body 22292 (after cover 425, too late 2384), kills 4054 | ground 362425 cover 41291 expired 162241 | segments 26348955 candidates 550959
