spawn=uniform
egress=sendmmsg
ingress=recvmmsg
rx_gather_us=1000
ladder=on
threads=8
keep_awake=on
send_during_assembly=on
worker_cpus=-
rx_cpus=-
shards=64
sockets=1
peak_clients=5000
steady_ticks=1407
steady_secs=57.0
ingress_p50_ms=2.74
ingress_p99_ms=4.91
ingress_max_ms=10.47
events_p50_ms=0.00
events_p99_ms=0.00
events_max_ms=0.38
movement_p50_ms=0.62
movement_p99_ms=0.96
movement_max_ms=2.12
grid_p50_ms=0.37
grid_p99_ms=0.45
grid_max_ms=0.67
separate_p50_ms=0.04
separate_p99_ms=0.08
separate_max_ms=2.97
history_p50_ms=0.01
history_p99_ms=0.02
history_max_ms=0.04
shots_p50_ms=1.12
shots_p99_ms=2.22
shots_max_ms=3.49
serialize_p50_ms=0.05
serialize_p99_ms=0.10
serialize_max_ms=0.24
assembly_p50_ms=20.22
assembly_p99_ms=29.23
assembly_max_ms=48.62
transport_p50_ms=0.00
transport_p99_ms=0.00
transport_max_ms=0.01
egress_p50_ms=0.04
egress_p99_ms=0.59
egress_max_ms=2.77
tick_p50_ms=25.91
tick_p99_ms=35.80
tick_max_ms=60.16
steady_overruns=11
level_mode=6
tick_hz=20
dilation=1
levels=L2:12,L3:150,L4:602,L5:41,L6:602
clients_avg=5000
out_pps=123430
in_pps=149423
egress_mbps=287.9
packets_per_client_tick=1.00
wire_bytes_per_client_tick=292
down_kbps_per_client=57.6
up_kbps_per_client=15.4
recv_per_call=54.14
ingress_thread_busy_max_pct=16.6
ingress_thread_busy_mean_pct=16.6
rx_runq_wait_max_pct=7.69
rx_runq_wait_mean_pct=7.69
ksoftirqd_cpu_pct=0.0
kernel_rcvbuf_drops=0
kernel_sndbuf_drops=0
snapshot_bytes_per_client_tick=255
near_bytes_per_client_tick=71
activity_bytes_per_client_tick=11.4
near_per_client_tick=9.2
mid_per_client_tick=6.0
far_per_client_tick=3.4
near_scanned_per_query=10
mid_scanned_per_query=10
far_skipped=0
far_starved=0
repeated=1677
frozen=0
late_inputs=1663
discarded_inputs=0
input_wait_p10_ms=35.7
input_wait_p50_ms=52.2
input_wait_p90_ms=67.1
input_wait_p99_ms=81.8
spawns=5000
despawns=5000
deaths=4054
respawns=3788
shots=589661
shots_late=699
shots_refused=1456
rewinds_capped=385058
rewinds_trimmed=0
rewinds_trimmed_mid=0
renders_held=0
shot_dip_clients=1383
shot_dip_flagged=0
shot_dip_windows=5025
shot_dip_windows_flagged=0
hits_head=1412
hits_body=22292
hits_ground=362425
hits_cover=41291
projectiles_expired=162241
kills=4054
hits_after_cover=425
hits_too_late=2384
events=75067
tracer_bytes=66524014
activity_cells=107763
activity_sent=17535338
activity_bytes=91206251
activity_cut=0
projectile_segments=26348955
hit_candidates=550959
trim_excess_p50_steps=0.0
trim_excess_p99_steps=0.0
trim_excess_max_steps=0.0
shot_dip_excess_p50_steps=0.0
shot_dip_excess_p99_steps=0.0
shot_dip_excess_max_steps=0.0
held_by_p50_steps=0.0
held_by_p99_steps=0.0
held_by_max_steps=0.0
joins_deferred=7094
bad_messages=0
recv_errors=0
send_errors=0
datagrams=7476589
sends=7476589
send_syscalls=102498
rewind_near_p50_ms=234
rewind_near_p99_ms=322
rewind_near_mean_ms=232.4
rewind_mid_p50_ms=367
rewind_mid_p99_ms=437
rewind_mid_mean_ms=363.6
ingress_longest_p50_ms=0.44
ingress_work_p50_ms=19.40
assembly_longest_p50_ms=3.42
assembly_work_p50_ms=154.10
transport_longest_p50_ms=-
transport_work_p50_ms=-
egress_longest_p50_ms=-
egress_work_p50_ms=-
