== uniform, 5000 bots, 60s -> baselines/2026-09-29-wsl2/uniform-5k-2
== summary: 1709 steady-state ticks (after warmup, before clients drain), peak 5000 clients ==
  phase        p50 ms   p99 ms   max ms
  ingress        1.95     2.73     4.75
  events         0.77     1.26     1.93
  movement       0.42     0.95     1.46
  grid           0.14     0.21     0.34
  history        0.00     0.00     0.02
  serialize      0.55     0.77     0.93
  assembly       4.64     5.58     9.71
  transport      3.22     4.79    12.21
  egress         5.69     8.07    18.12
  tick          17.45    23.41    36.22
  overruns 3 | spawns 5000 despawns 5000 (12957 joins deferred) | stand-ins: repeated 0 frozen 0 | late inputs 0 discarded 0 | bad messages 0 | recv errors 0 send errors 0
  egress (whole run): 8956930 datagrams in 8956930 sends (1.00 per send), 115264 syscalls
  ticks per ladder level (whole run): L0: 1812
  input wait on the server (datagram arrival -> applied): p50 49.4 p99 66.5 max 76.6 mean 49.6 ms
  steady state: stand-ins repeated 0 frozen 0 | late inputs 0 discarded 0
== bots summary ==
  started 5000 welcomed 5000 failed 0
  join latency ms: p50 375 p99 941 max 1141 (n=5000)
  corrections 0 (0.00/bot-minute), mean error 0.000 m, max 0.000 m
  snapshots 8934768 (entities per snapshot: near 9.4 mid 20.9 far 32.7), stale 0, unmatched acks 0, resyncs 0
  input -> applied on server (est. RTT/2 + server wait): p50 58.0 p99 77.0 max 91.0 mean 59.4 ms (n=8933269)
    of which server wait (arrival -> applied): p50 49.4 p99 66.5 max 76.6 mean 49.6 ms (n=8933269)
  input -> seen acked (round trip): p50 67.0 p99 100.0 max 133.0 mean 80.8 ms (n=8933269)
  near entity update interval (tracked bots): p50 33.0 p99 33.0 max 100.0 mean 33.0 ms (n=4012021)
  mid entity update interval (tracked bots): p50 100.0 p99 100.0 max 500.0 mean 100.2 ms (n=8973917)
  far entity update interval (tracked bots): p50 500.0 p99 500.0 max 58500.0 mean 509.3 ms (n=14481905)
  input clock: 7417 extra inputs, 3411 skipped ticks, 0 backlog skips | near decode errors (tracked bots) 0
  bytes down 6527.3 MB up 446.9 MB | swarm busy 35% of its threads' time, tick overruns 0
