preallocated connections for 10000 clients in 223.975481ms
listening on 127.0.0.1:40500 | spawn Uniform | tiers near 64@150 m, mid 500 m, far 1500 m, budget 6250 B/tick, squads of 4 | 8 rayon threads, 64 shards, 256 accepts/tick, egress SendMmsg | socket buffers rcv 8192 KiB snd 8192 KiB
WARNING: token key is the public dev key; anyone can mint tokens for this server (--token-key)
[    5s] clients 5000 | level 0 (0-0 in window: 30 Hz, dilation 1.0), pace 1.00, 0.0% clients bandwidth-degraded | tick p50 16.76 p99 19.62 max 19.93 ms, 0 overruns | out 131.5k pps 172 kbps/client, 741 Mbps | in 133.3k pps 14 kbps/client | stand-ins: repeated 0.00% frozen 0.00%, 0 late inputs | per client-tick: 677 B (near 58 B, 99% deltas), near 9.2 mid 20.3 far 31.8, far skipped 0 starved 0 | input wait p50 49.8 p99 66.6 ms | 12957 joins deferred | kernel drops rcv 0 snd 0
         p50/p99 ms: ingress 1.79/2.79  events 0.72/2.34  movement 0.41/0.95  grid 0.13/0.21  history 0.00/0.03  serialize 0.53/0.81  assembly 4.38/4.90  transport 3.03/3.90  egress 5.34/6.36
[   10s] clients 5000 | level 0 (0-0 in window: 30 Hz, dilation 1.0), pace 1.00, 0.0% clients bandwidth-degraded | tick p50 17.74 p99 33.54 max 35.68 ms, 2 overruns | out 149.9k pps 175 kbps/client, 877 Mbps | in 149.9k pps 12 kbps/client | stand-ins: repeated 0.00% frozen 0.00%, 0 late inputs | per client-tick: 695 B (near 58 B, 100% deltas), near 9.4 mid 20.9 far 32.7, far skipped 0 starved 0 | input wait p50 49.8 p99 67.4 ms | 0 joins deferred | kernel drops rcv 0 snd 0
         p50/p99 ms: ingress 2.11/3.10  events 0.81/1.28  movement 0.41/0.94  grid 0.15/0.25  history 0.00/0.00  serialize 0.56/0.93  assembly 4.77/6.60  transport 3.29/7.73  egress 5.64/14.14
[   15s] clients 5000 | level 0 (0-0 in window: 30 Hz, dilation 1.0), pace 1.00, 0.0% clients bandwidth-degraded | tick p50 17.24 p99 19.74 max 19.92 ms, 0 overruns | out 150.0k pps 176 kbps/client, 878 Mbps | in 149.9k pps 12 kbps/client | stand-ins: repeated 0.00% frozen 0.00%, 0 late inputs | per client-tick: 694 B (near 59 B, 100% deltas), near 9.4 mid 20.9 far 32.7, far skipped 0 starved 0 | input wait p50 49.3 p99 66.2 ms | 0 joins deferred | kernel drops rcv 0 snd 0
         p50/p99 ms: ingress 1.88/2.42  events 0.72/1.22  movement 0.42/0.95  grid 0.15/0.21  history 0.00/0.01  serialize 0.55/0.77  assembly 4.58/5.35  transport 3.18/4.12  egress 5.57/6.55
[   20s] clients 5000 | level 0 (0-0 in window: 30 Hz, dilation 1.0), pace 1.00, 0.0% clients bandwidth-degraded | tick p50 17.15 p99 20.30 max 20.32 ms, 0 overruns | out 150.0k pps 176 kbps/client, 878 Mbps | in 150.0k pps 12 kbps/client | stand-ins: repeated 0.00% frozen 0.00%, 0 late inputs | per client-tick: 694 B (near 59 B, 100% deltas), near 9.4 mid 20.9 far 32.7, far skipped 0 starved 0 | input wait p50 49.4 p99 66.2 ms | 0 joins deferred | kernel drops rcv 0 snd 0
         p50/p99 ms: ingress 1.87/2.84  events 0.73/1.25  movement 0.48/0.99  grid 0.14/0.20  history 0.00/0.00  serialize 0.54/0.75  assembly 4.50/5.44  transport 3.19/4.00  egress 5.62/6.67
[   25s] clients 5000 | level 0 (0-0 in window: 30 Hz, dilation 1.0), pace 1.00, 0.0% clients bandwidth-degraded | tick p50 16.74 p99 18.95 max 19.83 ms, 0 overruns | out 150.1k pps 176 kbps/client, 878 Mbps | in 150.0k pps 12 kbps/client | stand-ins: repeated 0.00% frozen 0.00%, 0 late inputs | per client-tick: 694 B (near 58 B, 100% deltas), near 9.4 mid 20.9 far 32.7, far skipped 0 starved 0 | input wait p50 49.4 p99 66.2 ms | 0 joins deferred | kernel drops rcv 0 snd 0
         p50/p99 ms: ingress 1.79/2.37  events 0.69/1.15  movement 0.43/0.90  grid 0.14/0.19  history 0.00/0.00  serialize 0.54/0.73  assembly 4.37/5.34  transport 3.14/3.86  egress 5.56/6.49
[   30s] clients 5000 | level 0 (0-0 in window: 30 Hz, dilation 1.0), pace 1.00, 0.0% clients bandwidth-degraded | tick p50 18.23 p99 24.92 max 25.30 ms, 0 overruns | out 149.9k pps 175 kbps/client, 877 Mbps | in 149.9k pps 12 kbps/client | stand-ins: repeated 0.00% frozen 0.00%, 0 late inputs | per client-tick: 694 B (near 59 B, 100% deltas), near 9.4 mid 20.9 far 32.7, far skipped 0 starved 0 | input wait p50 49.4 p99 66.4 ms | 0 joins deferred | kernel drops rcv 0 snd 0
         p50/p99 ms: ingress 2.18/2.81  events 0.88/1.37  movement 0.37/0.99  grid 0.15/0.21  history 0.00/0.00  serialize 0.56/0.73  assembly 4.88/9.29  transport 3.36/5.26  egress 5.79/10.59
[   35s] clients 5000 | level 0 (0-0 in window: 30 Hz, dilation 1.0), pace 1.00, 0.0% clients bandwidth-degraded | tick p50 17.09 p99 23.80 max 25.83 ms, 0 overruns | out 150.0k pps 176 kbps/client, 878 Mbps | in 150.0k pps 12 kbps/client | stand-ins: repeated 0.00% frozen 0.00%, 0 late inputs | per client-tick: 694 B (near 59 B, 100% deltas), near 9.4 mid 20.9 far 32.7, far skipped 0 starved 0 | input wait p50 49.3 p99 66.3 ms | 0 joins deferred | kernel drops rcv 0 snd 0
         p50/p99 ms: ingress 1.89/3.14  events 0.71/1.36  movement 0.40/0.96  grid 0.14/0.21  history 0.00/0.00  serialize 0.54/0.77  assembly 4.45/5.41  transport 3.14/4.23  egress 5.64/10.70
[   40s] clients 5000 | level 0 (0-0 in window: 30 Hz, dilation 1.0), pace 1.00, 0.0% clients bandwidth-degraded | tick p50 17.86 p99 24.97 max 25.36 ms, 0 overruns | out 150.0k pps 176 kbps/client, 878 Mbps | in 149.9k pps 12 kbps/client | stand-ins: repeated 0.00% frozen 0.00%, 0 late inputs | per client-tick: 694 B (near 58 B, 100% deltas), near 9.4 mid 20.9 far 32.7, far skipped 0 starved 0 | input wait p50 48.9 p99 66.3 ms | 0 joins deferred | kernel drops rcv 0 snd 0
         p50/p99 ms: ingress 2.01/2.72  events 0.81/1.51  movement 0.40/0.88  grid 0.14/0.22  history 0.00/0.00  serialize 0.55/0.75  assembly 4.70/5.43  transport 3.29/6.43  egress 5.88/9.76
[   45s] clients 5000 | level 0 (0-0 in window: 30 Hz, dilation 1.0), pace 1.00, 0.0% clients bandwidth-degraded | tick p50 17.55 p99 22.25 max 22.29 ms, 0 overruns | out 150.0k pps 176 kbps/client, 878 Mbps | in 150.0k pps 12 kbps/client | stand-ins: repeated 0.00% frozen 0.00%, 0 late inputs | per client-tick: 694 B (near 59 B, 100% deltas), near 9.4 mid 20.9 far 32.7, far skipped 0 starved 0 | input wait p50 49.1 p99 66.2 ms | 0 joins deferred | kernel drops rcv 0 snd 0
         p50/p99 ms: ingress 1.90/2.57  events 0.76/1.19  movement 0.40/0.97  grid 0.14/0.22  history 0.00/0.00  serialize 0.56/0.78  assembly 4.60/5.43  transport 3.22/4.75  egress 5.87/6.92
[   50s] clients 5000 | level 0 (0-0 in window: 30 Hz, dilation 1.0), pace 1.00, 0.0% clients bandwidth-degraded | tick p50 17.74 p99 21.63 max 31.77 ms, 0 overruns | out 150.0k pps 176 kbps/client, 878 Mbps | in 149.9k pps 12 kbps/client | stand-ins: repeated 0.00% frozen 0.00%, 0 late inputs | per client-tick: 695 B (near 59 B, 100% deltas), near 9.4 mid 20.9 far 32.7, far skipped 0 starved 0 | input wait p50 49.2 p99 66.2 ms | 0 joins deferred | kernel drops rcv 0 snd 0
         p50/p99 ms: ingress 1.97/2.76  events 0.79/1.19  movement 0.46/1.03  grid 0.14/0.21  history 0.00/0.00  serialize 0.57/0.79  assembly 4.65/5.58  transport 3.28/4.31  egress 5.74/6.80
[   55s] clients 5000 | level 0 (0-0 in window: 30 Hz, dilation 1.0), pace 1.00, 0.0% clients bandwidth-degraded | tick p50 17.46 p99 22.25 max 23.84 ms, 0 overruns | out 150.0k pps 176 kbps/client, 878 Mbps | in 150.0k pps 12 kbps/client | stand-ins: repeated 0.00% frozen 0.00%, 0 late inputs | per client-tick: 695 B (near 59 B, 100% deltas), near 9.4 mid 20.9 far 32.7, far skipped 0 starved 0 | input wait p50 49.2 p99 66.2 ms | 0 joins deferred | kernel drops rcv 0 snd 0
         p50/p99 ms: ingress 1.95/2.64  events 0.78/1.11  movement 0.41/1.03  grid 0.14/0.26  history 0.00/0.00  serialize 0.56/0.77  assembly 4.70/5.32  transport 3.23/4.17  egress 5.66/6.77
[   60s] clients 5000 | level 0 (0-0 in window: 30 Hz, dilation 1.0), pace 1.00, 0.0% clients bandwidth-degraded | tick p50 17.51 p99 23.46 max 36.22 ms, 1 overruns | out 150.0k pps 175 kbps/client, 877 Mbps | in 149.9k pps 12 kbps/client | stand-ins: repeated 0.00% frozen 0.00%, 0 late inputs | per client-tick: 694 B (near 59 B, 100% deltas), near 9.4 mid 20.9 far 32.7, far skipped 0 starved 0 | input wait p50 49.9 p99 68.8 ms | 0 joins deferred | kernel drops rcv 0 snd 0
         p50/p99 ms: ingress 1.94/2.73  events 0.78/1.42  movement 0.42/0.88  grid 0.14/0.21  history 0.00/0.00  serialize 0.54/0.80  assembly 4.64/6.00  transport 3.28/5.73  egress 5.76/7.19
[   60s] clients 0 | level 0 (0-0 in window: 30 Hz, dilation 1.0), pace 1.00, 0.0% clients bandwidth-degraded | tick p50 16.91 p99 17.46 max 17.46 ms, 0 overruns | out 108.4k pps 176 kbps/client, 596 Mbps | in 188.4k pps 15 kbps/client | stand-ins: repeated 0.00% frozen 0.00%, 0 late inputs | per client-tick: 650 B (near 56 B, 100% deltas), near 8.9 mid 19.4 far 30.4, far skipped 0 starved 0 | input wait p50 51.6 p99 66.2 ms | 0 joins deferred | kernel drops rcv 0 snd 0
         p50/p99 ms: ingress 1.73/1.99  events 0.77/4.36  movement 0.34/0.60  grid 0.13/0.20  history 0.00/0.00  serialize 0.61/0.69  assembly 4.39/4.51  transport 2.72/3.60  egress 5.16/5.97

== summary: 1709 steady-state ticks (after warmup, before clients drain), peak 5000 clients ==
  phase        p50 ms   p99 ms   max ms
  ingress        1.95     2.73     4.75
  events         0.77     1.26     1.93
  movement       0.42     0.95     1.46
  grid           0.14     0.21     0.34
  history        0.00     0.00     0.02
  serialize      0.55     0.77     0.93
  assembly       4.64     5.58     9.71
  transport      3.22     4.79    12.21
  egress         5.69     8.07    18.12
  tick          17.45    23.41    36.22
  overruns 3 | spawns 5000 despawns 5000 (12957 joins deferred) | stand-ins: repeated 0 frozen 0 | late inputs 0 discarded 0 | bad messages 0 | recv errors 0 send errors 0
  egress (whole run): 8956930 datagrams in 8956930 sends (1.00 per send), 115264 syscalls
  ticks per ladder level (whole run): L0: 1812
  input wait on the server (datagram arrival -> applied): p50 49.4 p99 66.5 max 76.6 mean 49.6 ms
  steady state: stand-ins repeated 0 frozen 0 | late inputs 0 discarded 0
