spawn=uniform
egress=sendmmsg
ladder=on
threads=8
shards=64
peak_clients=5000
steady_ticks=1709
steady_secs=57.0
ingress_p50_ms=1.95
ingress_p99_ms=2.73
ingress_max_ms=4.75
events_p50_ms=0.77
events_p99_ms=1.26
events_max_ms=1.93
movement_p50_ms=0.42
movement_p99_ms=0.95
movement_max_ms=1.46
grid_p50_ms=0.14
grid_p99_ms=0.21
grid_max_ms=0.34
history_p50_ms=0.00
history_p99_ms=0.00
history_max_ms=0.02
serialize_p50_ms=0.55
serialize_p99_ms=0.77
serialize_max_ms=0.93
assembly_p50_ms=4.64
assembly_p99_ms=5.58
assembly_max_ms=9.71
transport_p50_ms=3.22
transport_p99_ms=4.79
transport_max_ms=12.21
egress_p50_ms=5.69
egress_p99_ms=8.07
egress_max_ms=18.12
tick_p50_ms=17.45
tick_p99_ms=23.41
tick_max_ms=36.22
steady_overruns=3
level_mode=0
tick_hz=30
dilation=1
levels=L0:1709
clients_avg=5000
out_pps=150024
in_pps=150139
egress_mbps=877.8
packets_per_client_tick=1.00
wire_bytes_per_client_tick=731
down_kbps_per_client=175.6
up_kbps_per_client=12.0
kernel_rcvbuf_drops=0
kernel_sndbuf_drops=0
snapshot_bytes_per_client_tick=694
near_bytes_per_client_tick=59
near_per_client_tick=9.4
mid_per_client_tick=20.9
far_per_client_tick=32.7
far_skipped=0
far_starved=0
repeated=0
frozen=0
late_inputs=0
discarded_inputs=0
input_wait_p50_ms=49.4
input_wait_p99_ms=66.5
spawns=5000
despawns=5000
joins_deferred=12957
bad_messages=0
recv_errors=0
send_errors=0
datagrams=8956930
sends=8956930
send_syscalls=115264
